[2025-10-31T19:29:03.847+0530] {local_task_job_runner.py:120} INFO - ::group::Pre task execution logs
[2025-10-31T19:29:03.859+0530] {taskinstance.py:2076} INFO - Dependencies all met for dep_context=non-requeueable deps ti=<TaskInstance: esai_pipeline_dag.extract_data scheduled__2025-10-31T13:58:00+00:00 [queued]>
[2025-10-31T19:29:03.865+0530] {taskinstance.py:2076} INFO - Dependencies all met for dep_context=requeueable deps ti=<TaskInstance: esai_pipeline_dag.extract_data scheduled__2025-10-31T13:58:00+00:00 [queued]>
[2025-10-31T19:29:03.865+0530] {taskinstance.py:2306} INFO - Starting attempt 1 of 1
[2025-10-31T19:29:03.875+0530] {taskinstance.py:2330} INFO - Executing <Task(PythonOperator): extract_data> on 2025-10-31 13:58:00+00:00
[2025-10-31T19:29:03.881+0530] {standard_task_runner.py:64} INFO - Started process 7842 to run task
[2025-10-31T19:29:03.884+0530] {standard_task_runner.py:90} INFO - Running: ['airflow', 'tasks', 'run', 'esai_pipeline_dag', 'extract_data', 'scheduled__2025-10-31T13:58:00+00:00', '--job-id', '43', '--raw', '--subdir', 'DAGS_FOLDER/esai_dag.py', '--cfg-path', '/tmp/tmpmtdwh8v6']
[2025-10-31T19:29:03.885+0530] {standard_task_runner.py:91} INFO - Job 43: Subtask extract_data
[2025-10-31T19:29:03.979+0530] {task_command.py:426} INFO - Running <TaskInstance: esai_pipeline_dag.extract_data scheduled__2025-10-31T13:58:00+00:00 [running]> on host logi-Inspiron-15-3525
[2025-10-31T19:29:04.167+0530] {taskinstance.py:2648} INFO - Exporting env vars: AIRFLOW_CTX_DAG_OWNER='logi' AIRFLOW_CTX_DAG_ID='esai_pipeline_dag' AIRFLOW_CTX_TASK_ID='extract_data' AIRFLOW_CTX_EXECUTION_DATE='2025-10-31T13:58:00+00:00' AIRFLOW_CTX_TRY_NUMBER='1' AIRFLOW_CTX_DAG_RUN_ID='scheduled__2025-10-31T13:58:00+00:00'
[2025-10-31T19:29:04.167+0530] {taskinstance.py:430} INFO - ::endgroup::
[2025-10-31T19:29:04.168+0530] {database.py:30} INFO - Attempting to connect to PostgreSQL at: localhost:5432/paper_curator
[2025-10-31T19:29:04.192+0530] {logging_mixin.py:188} INFO - 2025-10-31 19:29:04,192 INFO sqlalchemy.engine.Engine select pg_catalog.version()
[2025-10-31T19:29:04.192+0530] {base.py:1863} INFO - select pg_catalog.version()
[2025-10-31T19:29:04.192+0530] {logging_mixin.py:188} INFO - 2025-10-31 19:29:04,192 INFO sqlalchemy.engine.Engine [raw sql] {}
[2025-10-31T19:29:04.192+0530] {base.py:1868} INFO - [raw sql] {}
[2025-10-31T19:29:04.194+0530] {logging_mixin.py:188} INFO - 2025-10-31 19:29:04,194 INFO sqlalchemy.engine.Engine select current_schema()
[2025-10-31T19:29:04.194+0530] {base.py:1863} INFO - select current_schema()
[2025-10-31T19:29:04.194+0530] {logging_mixin.py:188} INFO - 2025-10-31 19:29:04,194 INFO sqlalchemy.engine.Engine [raw sql] {}
[2025-10-31T19:29:04.194+0530] {base.py:1868} INFO - [raw sql] {}
[2025-10-31T19:29:04.195+0530] {logging_mixin.py:188} INFO - 2025-10-31 19:29:04,195 INFO sqlalchemy.engine.Engine show standard_conforming_strings
[2025-10-31T19:29:04.195+0530] {base.py:1863} INFO - show standard_conforming_strings
[2025-10-31T19:29:04.195+0530] {logging_mixin.py:188} INFO - 2025-10-31 19:29:04,195 INFO sqlalchemy.engine.Engine [raw sql] {}
[2025-10-31T19:29:04.195+0530] {base.py:1868} INFO - [raw sql] {}
[2025-10-31T19:29:04.196+0530] {logging_mixin.py:188} INFO - 2025-10-31 19:29:04,196 INFO sqlalchemy.engine.Engine SELECT 1
[2025-10-31T19:29:04.196+0530] {base.py:1863} INFO - SELECT 1
[2025-10-31T19:29:04.197+0530] {logging_mixin.py:188} INFO - 2025-10-31 19:29:04,197 INFO sqlalchemy.engine.Engine [generated in 0.00038s] {}
[2025-10-31T19:29:04.197+0530] {base.py:1868} INFO - [generated in 0.00038s] {}
[2025-10-31T19:29:04.197+0530] {database.py:48} INFO - Database connection test successful
[2025-10-31T19:29:04.199+0530] {logging_mixin.py:188} INFO - 2025-10-31 19:29:04,199 INFO sqlalchemy.engine.Engine SELECT c.relname FROM pg_class c JOIN pg_namespace n ON n.oid = c.relnamespace WHERE n.nspname = %(schema)s AND c.relkind in ('r', 'p')
[2025-10-31T19:29:04.199+0530] {base.py:1863} INFO - SELECT c.relname FROM pg_class c JOIN pg_namespace n ON n.oid = c.relnamespace WHERE n.nspname = %(schema)s AND c.relkind in ('r', 'p')
[2025-10-31T19:29:04.200+0530] {logging_mixin.py:188} INFO - 2025-10-31 19:29:04,199 INFO sqlalchemy.engine.Engine [generated in 0.00046s] {'schema': 'public'}
[2025-10-31T19:29:04.199+0530] {base.py:1868} INFO - [generated in 0.00046s] {'schema': 'public'}
[2025-10-31T19:29:04.202+0530] {logging_mixin.py:188} INFO - 2025-10-31 19:29:04,202 INFO sqlalchemy.engine.Engine BEGIN (implicit)
[2025-10-31T19:29:04.202+0530] {base.py:1032} INFO - BEGIN (implicit)
[2025-10-31T19:29:04.203+0530] {logging_mixin.py:188} INFO - 2025-10-31 19:29:04,203 INFO sqlalchemy.engine.Engine COMMIT
[2025-10-31T19:29:04.203+0530] {base.py:1092} INFO - COMMIT
[2025-10-31T19:29:04.203+0530] {database.py:64} INFO - All tables already exist - no new tables created
[2025-10-31T19:29:04.204+0530] {database.py:66} INFO - PostgreSQL database initialized successfully
[2025-10-31T19:29:04.204+0530] {database.py:68} INFO - Database: paper_curator
[2025-10-31T19:29:04.204+0530] {database.py:69} INFO - Total tables: students
[2025-10-31T19:29:04.204+0530] {database.py:70} INFO - Database connection established
[2025-10-31T19:29:04.204+0530] {logging_mixin.py:188} INFO - Database connection successful
[2025-10-31T19:29:04.204+0530] {dbextractor.py:13} INFO - DBExtractor initialized with a valid database connection.
[2025-10-31T19:29:04.205+0530] {logging_mixin.py:188} INFO - 2025-10-31 19:29:04,204 INFO sqlalchemy.engine.Engine BEGIN (implicit)
[2025-10-31T19:29:04.204+0530] {base.py:1032} INFO - BEGIN (implicit)
[2025-10-31T19:29:04.205+0530] {logging_mixin.py:188} INFO - 2025-10-31 19:29:04,205 INFO sqlalchemy.engine.Engine SELECT * FROM students
[2025-10-31T19:29:04.205+0530] {base.py:1863} INFO - SELECT * FROM students
[2025-10-31T19:29:04.205+0530] {logging_mixin.py:188} INFO - 2025-10-31 19:29:04,205 INFO sqlalchemy.engine.Engine [generated in 0.00020s] {}
[2025-10-31T19:29:04.205+0530] {base.py:1868} INFO - [generated in 0.00020s] {}
[2025-10-31T19:29:04.207+0530] {logging_mixin.py:188} INFO - 2025-10-31 19:29:04,207 INFO sqlalchemy.engine.Engine ROLLBACK
[2025-10-31T19:29:04.207+0530] {base.py:1060} INFO - ROLLBACK
[2025-10-31T19:29:04.208+0530] {dbextractor.py:30} INFO - Extracted 3 rows from 'students'.
[2025-10-31T19:29:04.210+0530] {dbextractor.py:35} INFO - Data exported to CSV: students_export.csv
[2025-10-31T19:29:04.218+0530] {python.py:237} INFO - Done. Returned value was: None
[2025-10-31T19:29:04.218+0530] {taskinstance.py:441} INFO - ::group::Post task execution logs
[2025-10-31T19:29:04.221+0530] {taskinstance.py:1206} INFO - Marking task as SUCCESS. dag_id=esai_pipeline_dag, task_id=extract_data, run_id=scheduled__2025-10-31T13:58:00+00:00, execution_date=20251031T135800, start_date=20251031T135903, end_date=20251031T135904
[2025-10-31T19:29:04.257+0530] {local_task_job_runner.py:243} INFO - Task exited with return code 0
[2025-10-31T19:29:04.291+0530] {taskinstance.py:3503} INFO - 1 downstream tasks scheduled from follow-on schedule check
[2025-10-31T19:29:04.295+0530] {local_task_job_runner.py:222} INFO - ::endgroup::
