[2025-11-01T12:49:44.495+0530] {processor.py:161} INFO - Started process (PID=6991) to work on /home/logi/txtai/venv/lib/python3.10/site-packages/airflow/example_dags/example_branch_operator.py
[2025-11-01T12:49:44.497+0530] {processor.py:830} INFO - Processing file /home/logi/txtai/venv/lib/python3.10/site-packages/airflow/example_dags/example_branch_operator.py for tasks to queue
[2025-11-01T12:49:44.498+0530] {logging_mixin.py:188} INFO - [2025-11-01T12:49:44.498+0530] {dagbag.py:545} INFO - Filling up the DagBag from /home/logi/txtai/venv/lib/python3.10/site-packages/airflow/example_dags/example_branch_operator.py
[2025-11-01T12:49:44.500+0530] {processor.py:842} WARNING - No viable dags retrieved from /home/logi/txtai/venv/lib/python3.10/site-packages/airflow/example_dags/example_branch_operator.py
[2025-11-01T12:49:44.510+0530] {processor.py:183} INFO - Processing /home/logi/txtai/venv/lib/python3.10/site-packages/airflow/example_dags/example_branch_operator.py took 0.023 seconds
[2025-11-01T12:51:01.374+0530] {processor.py:161} INFO - Started process (PID=7321) to work on /home/logi/txtai/venv/lib/python3.10/site-packages/airflow/example_dags/example_branch_operator.py
[2025-11-01T12:51:01.389+0530] {processor.py:830} INFO - Processing file /home/logi/txtai/venv/lib/python3.10/site-packages/airflow/example_dags/example_branch_operator.py for tasks to queue
[2025-11-01T12:51:01.392+0530] {logging_mixin.py:188} INFO - [2025-11-01T12:51:01.391+0530] {dagbag.py:545} INFO - Filling up the DagBag from /home/logi/txtai/venv/lib/python3.10/site-packages/airflow/example_dags/example_branch_operator.py
[2025-11-01T12:51:01.396+0530] {processor.py:842} WARNING - No viable dags retrieved from /home/logi/txtai/venv/lib/python3.10/site-packages/airflow/example_dags/example_branch_operator.py
[2025-11-01T12:51:01.413+0530] {processor.py:183} INFO - Processing /home/logi/txtai/venv/lib/python3.10/site-packages/airflow/example_dags/example_branch_operator.py took 0.049 seconds
[2025-11-01T12:52:05.614+0530] {processor.py:161} INFO - Started process (PID=7709) to work on /home/logi/txtai/venv/lib/python3.10/site-packages/airflow/example_dags/example_branch_operator.py
[2025-11-01T12:52:05.615+0530] {processor.py:830} INFO - Processing file /home/logi/txtai/venv/lib/python3.10/site-packages/airflow/example_dags/example_branch_operator.py for tasks to queue
[2025-11-01T12:52:05.617+0530] {logging_mixin.py:188} INFO - [2025-11-01T12:52:05.617+0530] {dagbag.py:545} INFO - Filling up the DagBag from /home/logi/txtai/venv/lib/python3.10/site-packages/airflow/example_dags/example_branch_operator.py
[2025-11-01T12:52:05.622+0530] {processor.py:842} WARNING - No viable dags retrieved from /home/logi/txtai/venv/lib/python3.10/site-packages/airflow/example_dags/example_branch_operator.py
[2025-11-01T12:52:05.640+0530] {processor.py:183} INFO - Processing /home/logi/txtai/venv/lib/python3.10/site-packages/airflow/example_dags/example_branch_operator.py took 0.037 seconds
[2025-11-01T12:53:06.074+0530] {processor.py:161} INFO - Started process (PID=7911) to work on /home/logi/txtai/venv/lib/python3.10/site-packages/airflow/example_dags/example_branch_operator.py
[2025-11-01T12:53:06.087+0530] {processor.py:830} INFO - Processing file /home/logi/txtai/venv/lib/python3.10/site-packages/airflow/example_dags/example_branch_operator.py for tasks to queue
[2025-11-01T12:53:06.090+0530] {logging_mixin.py:188} INFO - [2025-11-01T12:53:06.089+0530] {dagbag.py:545} INFO - Filling up the DagBag from /home/logi/txtai/venv/lib/python3.10/site-packages/airflow/example_dags/example_branch_operator.py
[2025-11-01T12:53:06.093+0530] {processor.py:842} WARNING - No viable dags retrieved from /home/logi/txtai/venv/lib/python3.10/site-packages/airflow/example_dags/example_branch_operator.py
[2025-11-01T12:53:06.109+0530] {processor.py:183} INFO - Processing /home/logi/txtai/venv/lib/python3.10/site-packages/airflow/example_dags/example_branch_operator.py took 0.044 seconds
[2025-11-01T12:54:01.212+0530] {processor.py:161} INFO - Started process (PID=8025) to work on /home/logi/txtai/venv/lib/python3.10/site-packages/airflow/example_dags/example_branch_operator.py
[2025-11-01T12:54:01.213+0530] {processor.py:830} INFO - Processing file /home/logi/txtai/venv/lib/python3.10/site-packages/airflow/example_dags/example_branch_operator.py for tasks to queue
[2025-11-01T12:54:01.216+0530] {logging_mixin.py:188} INFO - [2025-11-01T12:54:01.215+0530] {dagbag.py:545} INFO - Filling up the DagBag from /home/logi/txtai/venv/lib/python3.10/site-packages/airflow/example_dags/example_branch_operator.py
[2025-11-01T12:54:01.220+0530] {processor.py:842} WARNING - No viable dags retrieved from /home/logi/txtai/venv/lib/python3.10/site-packages/airflow/example_dags/example_branch_operator.py
[2025-11-01T12:54:01.231+0530] {processor.py:183} INFO - Processing /home/logi/txtai/venv/lib/python3.10/site-packages/airflow/example_dags/example_branch_operator.py took 0.031 seconds
[2025-11-01T12:55:00.032+0530] {processor.py:161} INFO - Started process (PID=8230) to work on /home/logi/txtai/venv/lib/python3.10/site-packages/airflow/example_dags/example_branch_operator.py
[2025-11-01T12:55:00.046+0530] {processor.py:830} INFO - Processing file /home/logi/txtai/venv/lib/python3.10/site-packages/airflow/example_dags/example_branch_operator.py for tasks to queue
[2025-11-01T12:55:00.048+0530] {logging_mixin.py:188} INFO - [2025-11-01T12:55:00.048+0530] {dagbag.py:545} INFO - Filling up the DagBag from /home/logi/txtai/venv/lib/python3.10/site-packages/airflow/example_dags/example_branch_operator.py
[2025-11-01T12:55:00.052+0530] {processor.py:842} WARNING - No viable dags retrieved from /home/logi/txtai/venv/lib/python3.10/site-packages/airflow/example_dags/example_branch_operator.py
[2025-11-01T12:55:00.061+0530] {processor.py:183} INFO - Processing /home/logi/txtai/venv/lib/python3.10/site-packages/airflow/example_dags/example_branch_operator.py took 0.037 seconds
[2025-11-01T12:56:15.254+0530] {processor.py:161} INFO - Started process (PID=8463) to work on /home/logi/txtai/venv/lib/python3.10/site-packages/airflow/example_dags/example_branch_operator.py
[2025-11-01T12:56:15.267+0530] {processor.py:830} INFO - Processing file /home/logi/txtai/venv/lib/python3.10/site-packages/airflow/example_dags/example_branch_operator.py for tasks to queue
[2025-11-01T12:56:15.269+0530] {logging_mixin.py:188} INFO - [2025-11-01T12:56:15.268+0530] {dagbag.py:545} INFO - Filling up the DagBag from /home/logi/txtai/venv/lib/python3.10/site-packages/airflow/example_dags/example_branch_operator.py
[2025-11-01T12:56:15.277+0530] {processor.py:842} WARNING - No viable dags retrieved from /home/logi/txtai/venv/lib/python3.10/site-packages/airflow/example_dags/example_branch_operator.py
[2025-11-01T12:56:15.291+0530] {processor.py:183} INFO - Processing /home/logi/txtai/venv/lib/python3.10/site-packages/airflow/example_dags/example_branch_operator.py took 0.044 seconds
[2025-11-01T12:57:09.697+0530] {processor.py:161} INFO - Started process (PID=8586) to work on /home/logi/txtai/venv/lib/python3.10/site-packages/airflow/example_dags/example_branch_operator.py
[2025-11-01T12:57:09.698+0530] {processor.py:830} INFO - Processing file /home/logi/txtai/venv/lib/python3.10/site-packages/airflow/example_dags/example_branch_operator.py for tasks to queue
[2025-11-01T12:57:09.700+0530] {logging_mixin.py:188} INFO - [2025-11-01T12:57:09.699+0530] {dagbag.py:545} INFO - Filling up the DagBag from /home/logi/txtai/venv/lib/python3.10/site-packages/airflow/example_dags/example_branch_operator.py
[2025-11-01T12:57:09.702+0530] {processor.py:842} WARNING - No viable dags retrieved from /home/logi/txtai/venv/lib/python3.10/site-packages/airflow/example_dags/example_branch_operator.py
[2025-11-01T12:57:09.713+0530] {processor.py:183} INFO - Processing /home/logi/txtai/venv/lib/python3.10/site-packages/airflow/example_dags/example_branch_operator.py took 0.021 seconds
[2025-11-01T12:58:32.589+0530] {processor.py:161} INFO - Started process (PID=8819) to work on /home/logi/txtai/venv/lib/python3.10/site-packages/airflow/example_dags/example_branch_operator.py
[2025-11-01T12:58:32.602+0530] {processor.py:830} INFO - Processing file /home/logi/txtai/venv/lib/python3.10/site-packages/airflow/example_dags/example_branch_operator.py for tasks to queue
[2025-11-01T12:58:32.606+0530] {logging_mixin.py:188} INFO - [2025-11-01T12:58:32.606+0530] {dagbag.py:545} INFO - Filling up the DagBag from /home/logi/txtai/venv/lib/python3.10/site-packages/airflow/example_dags/example_branch_operator.py
[2025-11-01T12:58:32.611+0530] {processor.py:842} WARNING - No viable dags retrieved from /home/logi/txtai/venv/lib/python3.10/site-packages/airflow/example_dags/example_branch_operator.py
[2025-11-01T12:58:32.628+0530] {processor.py:183} INFO - Processing /home/logi/txtai/venv/lib/python3.10/site-packages/airflow/example_dags/example_branch_operator.py took 0.050 seconds
[2025-11-01T12:59:25.447+0530] {processor.py:161} INFO - Started process (PID=8925) to work on /home/logi/txtai/venv/lib/python3.10/site-packages/airflow/example_dags/example_branch_operator.py
[2025-11-01T12:59:25.461+0530] {processor.py:830} INFO - Processing file /home/logi/txtai/venv/lib/python3.10/site-packages/airflow/example_dags/example_branch_operator.py for tasks to queue
[2025-11-01T12:59:25.464+0530] {logging_mixin.py:188} INFO - [2025-11-01T12:59:25.464+0530] {dagbag.py:545} INFO - Filling up the DagBag from /home/logi/txtai/venv/lib/python3.10/site-packages/airflow/example_dags/example_branch_operator.py
[2025-11-01T12:59:25.468+0530] {processor.py:842} WARNING - No viable dags retrieved from /home/logi/txtai/venv/lib/python3.10/site-packages/airflow/example_dags/example_branch_operator.py
[2025-11-01T12:59:25.488+0530] {processor.py:183} INFO - Processing /home/logi/txtai/venv/lib/python3.10/site-packages/airflow/example_dags/example_branch_operator.py took 0.051 seconds
[2025-11-01T13:00:51.339+0530] {processor.py:161} INFO - Started process (PID=9176) to work on /home/logi/txtai/venv/lib/python3.10/site-packages/airflow/example_dags/example_branch_operator.py
[2025-11-01T13:00:51.353+0530] {processor.py:830} INFO - Processing file /home/logi/txtai/venv/lib/python3.10/site-packages/airflow/example_dags/example_branch_operator.py for tasks to queue
[2025-11-01T13:00:51.355+0530] {logging_mixin.py:188} INFO - [2025-11-01T13:00:51.355+0530] {dagbag.py:545} INFO - Filling up the DagBag from /home/logi/txtai/venv/lib/python3.10/site-packages/airflow/example_dags/example_branch_operator.py
[2025-11-01T13:00:51.360+0530] {processor.py:842} WARNING - No viable dags retrieved from /home/logi/txtai/venv/lib/python3.10/site-packages/airflow/example_dags/example_branch_operator.py
[2025-11-01T13:00:51.384+0530] {processor.py:183} INFO - Processing /home/logi/txtai/venv/lib/python3.10/site-packages/airflow/example_dags/example_branch_operator.py took 0.056 seconds
[2025-11-01T13:02:18.261+0530] {processor.py:161} INFO - Started process (PID=9531) to work on /home/logi/txtai/venv/lib/python3.10/site-packages/airflow/example_dags/example_branch_operator.py
[2025-11-01T13:02:18.273+0530] {processor.py:830} INFO - Processing file /home/logi/txtai/venv/lib/python3.10/site-packages/airflow/example_dags/example_branch_operator.py for tasks to queue
[2025-11-01T13:02:18.276+0530] {logging_mixin.py:188} INFO - [2025-11-01T13:02:18.276+0530] {dagbag.py:545} INFO - Filling up the DagBag from /home/logi/txtai/venv/lib/python3.10/site-packages/airflow/example_dags/example_branch_operator.py
[2025-11-01T13:02:18.279+0530] {processor.py:842} WARNING - No viable dags retrieved from /home/logi/txtai/venv/lib/python3.10/site-packages/airflow/example_dags/example_branch_operator.py
[2025-11-01T13:02:18.291+0530] {processor.py:183} INFO - Processing /home/logi/txtai/venv/lib/python3.10/site-packages/airflow/example_dags/example_branch_operator.py took 0.036 seconds
[2025-11-01T13:03:17.390+0530] {processor.py:161} INFO - Started process (PID=9699) to work on /home/logi/txtai/venv/lib/python3.10/site-packages/airflow/example_dags/example_branch_operator.py
[2025-11-01T13:03:17.392+0530] {processor.py:830} INFO - Processing file /home/logi/txtai/venv/lib/python3.10/site-packages/airflow/example_dags/example_branch_operator.py for tasks to queue
[2025-11-01T13:03:17.396+0530] {logging_mixin.py:188} INFO - [2025-11-01T13:03:17.395+0530] {dagbag.py:545} INFO - Filling up the DagBag from /home/logi/txtai/venv/lib/python3.10/site-packages/airflow/example_dags/example_branch_operator.py
[2025-11-01T13:03:17.400+0530] {processor.py:842} WARNING - No viable dags retrieved from /home/logi/txtai/venv/lib/python3.10/site-packages/airflow/example_dags/example_branch_operator.py
[2025-11-01T13:03:17.417+0530] {processor.py:183} INFO - Processing /home/logi/txtai/venv/lib/python3.10/site-packages/airflow/example_dags/example_branch_operator.py took 0.037 seconds
[2025-11-01T13:04:47.496+0530] {processor.py:161} INFO - Started process (PID=10075) to work on /home/logi/txtai/venv/lib/python3.10/site-packages/airflow/example_dags/example_branch_operator.py
[2025-11-01T13:04:47.509+0530] {processor.py:830} INFO - Processing file /home/logi/txtai/venv/lib/python3.10/site-packages/airflow/example_dags/example_branch_operator.py for tasks to queue
[2025-11-01T13:04:47.512+0530] {logging_mixin.py:188} INFO - [2025-11-01T13:04:47.511+0530] {dagbag.py:545} INFO - Filling up the DagBag from /home/logi/txtai/venv/lib/python3.10/site-packages/airflow/example_dags/example_branch_operator.py
[2025-11-01T13:04:47.522+0530] {processor.py:842} WARNING - No viable dags retrieved from /home/logi/txtai/venv/lib/python3.10/site-packages/airflow/example_dags/example_branch_operator.py
[2025-11-01T13:04:47.543+0530] {processor.py:183} INFO - Processing /home/logi/txtai/venv/lib/python3.10/site-packages/airflow/example_dags/example_branch_operator.py took 0.058 seconds
[2025-11-01T13:06:06.873+0530] {processor.py:161} INFO - Started process (PID=10320) to work on /home/logi/txtai/venv/lib/python3.10/site-packages/airflow/example_dags/example_branch_operator.py
[2025-11-01T13:06:06.886+0530] {processor.py:830} INFO - Processing file /home/logi/txtai/venv/lib/python3.10/site-packages/airflow/example_dags/example_branch_operator.py for tasks to queue
[2025-11-01T13:06:06.889+0530] {logging_mixin.py:188} INFO - [2025-11-01T13:06:06.888+0530] {dagbag.py:545} INFO - Filling up the DagBag from /home/logi/txtai/venv/lib/python3.10/site-packages/airflow/example_dags/example_branch_operator.py
[2025-11-01T13:06:06.892+0530] {processor.py:842} WARNING - No viable dags retrieved from /home/logi/txtai/venv/lib/python3.10/site-packages/airflow/example_dags/example_branch_operator.py
[2025-11-01T13:06:06.901+0530] {processor.py:183} INFO - Processing /home/logi/txtai/venv/lib/python3.10/site-packages/airflow/example_dags/example_branch_operator.py took 0.034 seconds
[2025-11-01T13:07:03.836+0530] {processor.py:161} INFO - Started process (PID=10515) to work on /home/logi/txtai/venv/lib/python3.10/site-packages/airflow/example_dags/example_branch_operator.py
[2025-11-01T13:07:03.852+0530] {processor.py:830} INFO - Processing file /home/logi/txtai/venv/lib/python3.10/site-packages/airflow/example_dags/example_branch_operator.py for tasks to queue
[2025-11-01T13:07:03.860+0530] {logging_mixin.py:188} INFO - [2025-11-01T13:07:03.859+0530] {dagbag.py:545} INFO - Filling up the DagBag from /home/logi/txtai/venv/lib/python3.10/site-packages/airflow/example_dags/example_branch_operator.py
[2025-11-01T13:07:03.871+0530] {processor.py:842} WARNING - No viable dags retrieved from /home/logi/txtai/venv/lib/python3.10/site-packages/airflow/example_dags/example_branch_operator.py
[2025-11-01T13:07:03.921+0530] {processor.py:183} INFO - Processing /home/logi/txtai/venv/lib/python3.10/site-packages/airflow/example_dags/example_branch_operator.py took 0.143 seconds
[2025-11-01T13:08:24.378+0530] {processor.py:161} INFO - Started process (PID=10839) to work on /home/logi/txtai/venv/lib/python3.10/site-packages/airflow/example_dags/example_branch_operator.py
[2025-11-01T13:08:24.392+0530] {processor.py:830} INFO - Processing file /home/logi/txtai/venv/lib/python3.10/site-packages/airflow/example_dags/example_branch_operator.py for tasks to queue
[2025-11-01T13:08:24.396+0530] {logging_mixin.py:188} INFO - [2025-11-01T13:08:24.395+0530] {dagbag.py:545} INFO - Filling up the DagBag from /home/logi/txtai/venv/lib/python3.10/site-packages/airflow/example_dags/example_branch_operator.py
[2025-11-01T13:08:24.401+0530] {processor.py:842} WARNING - No viable dags retrieved from /home/logi/txtai/venv/lib/python3.10/site-packages/airflow/example_dags/example_branch_operator.py
[2025-11-01T13:08:24.423+0530] {processor.py:183} INFO - Processing /home/logi/txtai/venv/lib/python3.10/site-packages/airflow/example_dags/example_branch_operator.py took 0.057 seconds
[2025-11-01T13:09:17.220+0530] {processor.py:161} INFO - Started process (PID=11095) to work on /home/logi/txtai/venv/lib/python3.10/site-packages/airflow/example_dags/example_branch_operator.py
[2025-11-01T13:09:17.234+0530] {processor.py:830} INFO - Processing file /home/logi/txtai/venv/lib/python3.10/site-packages/airflow/example_dags/example_branch_operator.py for tasks to queue
[2025-11-01T13:09:17.236+0530] {logging_mixin.py:188} INFO - [2025-11-01T13:09:17.236+0530] {dagbag.py:545} INFO - Filling up the DagBag from /home/logi/txtai/venv/lib/python3.10/site-packages/airflow/example_dags/example_branch_operator.py
[2025-11-01T13:09:17.240+0530] {processor.py:842} WARNING - No viable dags retrieved from /home/logi/txtai/venv/lib/python3.10/site-packages/airflow/example_dags/example_branch_operator.py
[2025-11-01T13:09:17.257+0530] {processor.py:183} INFO - Processing /home/logi/txtai/venv/lib/python3.10/site-packages/airflow/example_dags/example_branch_operator.py took 0.047 seconds
[2025-11-01T13:10:41.293+0530] {processor.py:161} INFO - Started process (PID=11414) to work on /home/logi/txtai/venv/lib/python3.10/site-packages/airflow/example_dags/example_branch_operator.py
[2025-11-01T13:10:41.296+0530] {processor.py:830} INFO - Processing file /home/logi/txtai/venv/lib/python3.10/site-packages/airflow/example_dags/example_branch_operator.py for tasks to queue
[2025-11-01T13:10:41.300+0530] {logging_mixin.py:188} INFO - [2025-11-01T13:10:41.299+0530] {dagbag.py:545} INFO - Filling up the DagBag from /home/logi/txtai/venv/lib/python3.10/site-packages/airflow/example_dags/example_branch_operator.py
[2025-11-01T13:10:41.303+0530] {processor.py:842} WARNING - No viable dags retrieved from /home/logi/txtai/venv/lib/python3.10/site-packages/airflow/example_dags/example_branch_operator.py
[2025-11-01T13:10:41.344+0530] {processor.py:183} INFO - Processing /home/logi/txtai/venv/lib/python3.10/site-packages/airflow/example_dags/example_branch_operator.py took 0.076 seconds
[2025-11-01T13:11:54.029+0530] {processor.py:161} INFO - Started process (PID=11582) to work on /home/logi/txtai/venv/lib/python3.10/site-packages/airflow/example_dags/example_branch_operator.py
[2025-11-01T13:11:54.042+0530] {processor.py:830} INFO - Processing file /home/logi/txtai/venv/lib/python3.10/site-packages/airflow/example_dags/example_branch_operator.py for tasks to queue
[2025-11-01T13:11:54.045+0530] {logging_mixin.py:188} INFO - [2025-11-01T13:11:54.044+0530] {dagbag.py:545} INFO - Filling up the DagBag from /home/logi/txtai/venv/lib/python3.10/site-packages/airflow/example_dags/example_branch_operator.py
[2025-11-01T13:11:54.047+0530] {processor.py:842} WARNING - No viable dags retrieved from /home/logi/txtai/venv/lib/python3.10/site-packages/airflow/example_dags/example_branch_operator.py
[2025-11-01T13:11:54.058+0530] {processor.py:183} INFO - Processing /home/logi/txtai/venv/lib/python3.10/site-packages/airflow/example_dags/example_branch_operator.py took 0.036 seconds
[2025-11-01T13:12:52.404+0530] {processor.py:161} INFO - Started process (PID=11838) to work on /home/logi/txtai/venv/lib/python3.10/site-packages/airflow/example_dags/example_branch_operator.py
[2025-11-01T13:12:52.418+0530] {processor.py:830} INFO - Processing file /home/logi/txtai/venv/lib/python3.10/site-packages/airflow/example_dags/example_branch_operator.py for tasks to queue
[2025-11-01T13:12:52.420+0530] {logging_mixin.py:188} INFO - [2025-11-01T13:12:52.420+0530] {dagbag.py:545} INFO - Filling up the DagBag from /home/logi/txtai/venv/lib/python3.10/site-packages/airflow/example_dags/example_branch_operator.py
[2025-11-01T13:12:52.426+0530] {processor.py:842} WARNING - No viable dags retrieved from /home/logi/txtai/venv/lib/python3.10/site-packages/airflow/example_dags/example_branch_operator.py
[2025-11-01T13:12:52.441+0530] {processor.py:183} INFO - Processing /home/logi/txtai/venv/lib/python3.10/site-packages/airflow/example_dags/example_branch_operator.py took 0.044 seconds
[2025-11-01T13:14:11.450+0530] {processor.py:161} INFO - Started process (PID=12146) to work on /home/logi/txtai/venv/lib/python3.10/site-packages/airflow/example_dags/example_branch_operator.py
[2025-11-01T13:14:11.463+0530] {processor.py:830} INFO - Processing file /home/logi/txtai/venv/lib/python3.10/site-packages/airflow/example_dags/example_branch_operator.py for tasks to queue
[2025-11-01T13:14:11.466+0530] {logging_mixin.py:188} INFO - [2025-11-01T13:14:11.465+0530] {dagbag.py:545} INFO - Filling up the DagBag from /home/logi/txtai/venv/lib/python3.10/site-packages/airflow/example_dags/example_branch_operator.py
[2025-11-01T13:14:11.470+0530] {processor.py:842} WARNING - No viable dags retrieved from /home/logi/txtai/venv/lib/python3.10/site-packages/airflow/example_dags/example_branch_operator.py
[2025-11-01T13:14:11.487+0530] {processor.py:183} INFO - Processing /home/logi/txtai/venv/lib/python3.10/site-packages/airflow/example_dags/example_branch_operator.py took 0.047 seconds
