[2025-11-01T12:49:19.915+0530] {processor.py:161} INFO - Started process (PID=6963) to work on /home/logi/txtai/venv/lib/python3.10/site-packages/airflow/example_dags/example_task_group_decorator.py
[2025-11-01T12:49:19.916+0530] {processor.py:830} INFO - Processing file /home/logi/txtai/venv/lib/python3.10/site-packages/airflow/example_dags/example_task_group_decorator.py for tasks to queue
[2025-11-01T12:49:19.917+0530] {logging_mixin.py:188} INFO - [2025-11-01T12:49:19.917+0530] {dagbag.py:545} INFO - Filling up the DagBag from /home/logi/txtai/venv/lib/python3.10/site-packages/airflow/example_dags/example_task_group_decorator.py
[2025-11-01T12:49:19.934+0530] {processor.py:840} INFO - DAG(s) 'example_task_group_decorator' retrieved from /home/logi/txtai/venv/lib/python3.10/site-packages/airflow/example_dags/example_task_group_decorator.py
[2025-11-01T12:49:19.952+0530] {logging_mixin.py:188} INFO - [2025-11-01T12:49:19.952+0530] {dag.py:3089} INFO - Sync 1 DAGs
[2025-11-01T12:49:19.972+0530] {logging_mixin.py:188} INFO - [2025-11-01T12:49:19.972+0530] {dag.py:3947} INFO - Setting next_dagrun for example_task_group_decorator to 2025-10-31 00:00:00+00:00, run_after=2025-11-01 00:00:00+00:00
[2025-11-01T12:49:20.003+0530] {processor.py:183} INFO - Processing /home/logi/txtai/venv/lib/python3.10/site-packages/airflow/example_dags/example_task_group_decorator.py took 0.093 seconds
[2025-11-01T12:50:34.986+0530] {processor.py:161} INFO - Started process (PID=7266) to work on /home/logi/txtai/venv/lib/python3.10/site-packages/airflow/example_dags/example_task_group_decorator.py
[2025-11-01T12:50:34.999+0530] {processor.py:830} INFO - Processing file /home/logi/txtai/venv/lib/python3.10/site-packages/airflow/example_dags/example_task_group_decorator.py for tasks to queue
[2025-11-01T12:50:35.001+0530] {logging_mixin.py:188} INFO - [2025-11-01T12:50:35.001+0530] {dagbag.py:545} INFO - Filling up the DagBag from /home/logi/txtai/venv/lib/python3.10/site-packages/airflow/example_dags/example_task_group_decorator.py
[2025-11-01T12:50:35.018+0530] {processor.py:840} INFO - DAG(s) 'example_task_group_decorator' retrieved from /home/logi/txtai/venv/lib/python3.10/site-packages/airflow/example_dags/example_task_group_decorator.py
[2025-11-01T12:50:35.037+0530] {logging_mixin.py:188} INFO - [2025-11-01T12:50:35.037+0530] {dag.py:3089} INFO - Sync 1 DAGs
[2025-11-01T12:50:35.051+0530] {logging_mixin.py:188} INFO - [2025-11-01T12:50:35.051+0530] {dag.py:3947} INFO - Setting next_dagrun for example_task_group_decorator to 2025-10-31 00:00:00+00:00, run_after=2025-11-01 00:00:00+00:00
[2025-11-01T12:50:35.071+0530] {processor.py:183} INFO - Processing /home/logi/txtai/venv/lib/python3.10/site-packages/airflow/example_dags/example_task_group_decorator.py took 0.099 seconds
[2025-11-01T12:51:34.914+0530] {processor.py:161} INFO - Started process (PID=7526) to work on /home/logi/txtai/venv/lib/python3.10/site-packages/airflow/example_dags/example_task_group_decorator.py
[2025-11-01T12:51:34.927+0530] {processor.py:830} INFO - Processing file /home/logi/txtai/venv/lib/python3.10/site-packages/airflow/example_dags/example_task_group_decorator.py for tasks to queue
[2025-11-01T12:51:34.930+0530] {logging_mixin.py:188} INFO - [2025-11-01T12:51:34.929+0530] {dagbag.py:545} INFO - Filling up the DagBag from /home/logi/txtai/venv/lib/python3.10/site-packages/airflow/example_dags/example_task_group_decorator.py
[2025-11-01T12:51:34.951+0530] {processor.py:840} INFO - DAG(s) 'example_task_group_decorator' retrieved from /home/logi/txtai/venv/lib/python3.10/site-packages/airflow/example_dags/example_task_group_decorator.py
[2025-11-01T12:51:34.980+0530] {logging_mixin.py:188} INFO - [2025-11-01T12:51:34.980+0530] {dag.py:3089} INFO - Sync 1 DAGs
[2025-11-01T12:51:34.995+0530] {logging_mixin.py:188} INFO - [2025-11-01T12:51:34.994+0530] {dag.py:3947} INFO - Setting next_dagrun for example_task_group_decorator to 2025-10-31 00:00:00+00:00, run_after=2025-11-01 00:00:00+00:00
[2025-11-01T12:51:35.019+0530] {processor.py:183} INFO - Processing /home/logi/txtai/venv/lib/python3.10/site-packages/airflow/example_dags/example_task_group_decorator.py took 0.116 seconds
[2025-11-01T12:52:39.171+0530] {processor.py:161} INFO - Started process (PID=7872) to work on /home/logi/txtai/venv/lib/python3.10/site-packages/airflow/example_dags/example_task_group_decorator.py
[2025-11-01T12:52:39.184+0530] {processor.py:830} INFO - Processing file /home/logi/txtai/venv/lib/python3.10/site-packages/airflow/example_dags/example_task_group_decorator.py for tasks to queue
[2025-11-01T12:52:39.188+0530] {logging_mixin.py:188} INFO - [2025-11-01T12:52:39.187+0530] {dagbag.py:545} INFO - Filling up the DagBag from /home/logi/txtai/venv/lib/python3.10/site-packages/airflow/example_dags/example_task_group_decorator.py
[2025-11-01T12:52:39.201+0530] {processor.py:840} INFO - DAG(s) 'example_task_group_decorator' retrieved from /home/logi/txtai/venv/lib/python3.10/site-packages/airflow/example_dags/example_task_group_decorator.py
[2025-11-01T12:52:39.217+0530] {logging_mixin.py:188} INFO - [2025-11-01T12:52:39.217+0530] {dag.py:3089} INFO - Sync 1 DAGs
[2025-11-01T12:52:39.233+0530] {logging_mixin.py:188} INFO - [2025-11-01T12:52:39.232+0530] {dag.py:3947} INFO - Setting next_dagrun for example_task_group_decorator to 2025-10-31 00:00:00+00:00, run_after=2025-11-01 00:00:00+00:00
[2025-11-01T12:52:39.253+0530] {processor.py:183} INFO - Processing /home/logi/txtai/venv/lib/python3.10/site-packages/airflow/example_dags/example_task_group_decorator.py took 0.094 seconds
[2025-11-01T12:53:33.463+0530] {processor.py:161} INFO - Started process (PID=7953) to work on /home/logi/txtai/venv/lib/python3.10/site-packages/airflow/example_dags/example_task_group_decorator.py
[2025-11-01T12:53:33.478+0530] {processor.py:830} INFO - Processing file /home/logi/txtai/venv/lib/python3.10/site-packages/airflow/example_dags/example_task_group_decorator.py for tasks to queue
[2025-11-01T12:53:33.482+0530] {logging_mixin.py:188} INFO - [2025-11-01T12:53:33.481+0530] {dagbag.py:545} INFO - Filling up the DagBag from /home/logi/txtai/venv/lib/python3.10/site-packages/airflow/example_dags/example_task_group_decorator.py
[2025-11-01T12:53:33.507+0530] {processor.py:840} INFO - DAG(s) 'example_task_group_decorator' retrieved from /home/logi/txtai/venv/lib/python3.10/site-packages/airflow/example_dags/example_task_group_decorator.py
[2025-11-01T12:53:33.552+0530] {logging_mixin.py:188} INFO - [2025-11-01T12:53:33.552+0530] {dag.py:3089} INFO - Sync 1 DAGs
[2025-11-01T12:53:33.575+0530] {logging_mixin.py:188} INFO - [2025-11-01T12:53:33.575+0530] {dag.py:3947} INFO - Setting next_dagrun for example_task_group_decorator to 2025-10-31 00:00:00+00:00, run_after=2025-11-01 00:00:00+00:00
[2025-11-01T12:53:33.599+0530] {processor.py:183} INFO - Processing /home/logi/txtai/venv/lib/python3.10/site-packages/airflow/example_dags/example_task_group_decorator.py took 0.158 seconds
[2025-11-01T12:54:29.099+0530] {processor.py:161} INFO - Started process (PID=8186) to work on /home/logi/txtai/venv/lib/python3.10/site-packages/airflow/example_dags/example_task_group_decorator.py
[2025-11-01T12:54:29.114+0530] {processor.py:830} INFO - Processing file /home/logi/txtai/venv/lib/python3.10/site-packages/airflow/example_dags/example_task_group_decorator.py for tasks to queue
[2025-11-01T12:54:29.117+0530] {logging_mixin.py:188} INFO - [2025-11-01T12:54:29.117+0530] {dagbag.py:545} INFO - Filling up the DagBag from /home/logi/txtai/venv/lib/python3.10/site-packages/airflow/example_dags/example_task_group_decorator.py
[2025-11-01T12:54:29.141+0530] {processor.py:840} INFO - DAG(s) 'example_task_group_decorator' retrieved from /home/logi/txtai/venv/lib/python3.10/site-packages/airflow/example_dags/example_task_group_decorator.py
[2025-11-01T12:54:29.168+0530] {logging_mixin.py:188} INFO - [2025-11-01T12:54:29.167+0530] {dag.py:3089} INFO - Sync 1 DAGs
[2025-11-01T12:54:29.183+0530] {logging_mixin.py:188} INFO - [2025-11-01T12:54:29.183+0530] {dag.py:3947} INFO - Setting next_dagrun for example_task_group_decorator to 2025-10-31 00:00:00+00:00, run_after=2025-11-01 00:00:00+00:00
[2025-11-01T12:54:29.199+0530] {processor.py:183} INFO - Processing /home/logi/txtai/venv/lib/python3.10/site-packages/airflow/example_dags/example_task_group_decorator.py took 0.117 seconds
[2025-11-01T12:55:20.939+0530] {processor.py:161} INFO - Started process (PID=8266) to work on /home/logi/txtai/venv/lib/python3.10/site-packages/airflow/example_dags/example_task_group_decorator.py
[2025-11-01T12:55:20.954+0530] {processor.py:830} INFO - Processing file /home/logi/txtai/venv/lib/python3.10/site-packages/airflow/example_dags/example_task_group_decorator.py for tasks to queue
[2025-11-01T12:55:20.956+0530] {logging_mixin.py:188} INFO - [2025-11-01T12:55:20.956+0530] {dagbag.py:545} INFO - Filling up the DagBag from /home/logi/txtai/venv/lib/python3.10/site-packages/airflow/example_dags/example_task_group_decorator.py
[2025-11-01T12:55:20.980+0530] {processor.py:840} INFO - DAG(s) 'example_task_group_decorator' retrieved from /home/logi/txtai/venv/lib/python3.10/site-packages/airflow/example_dags/example_task_group_decorator.py
[2025-11-01T12:55:21.009+0530] {logging_mixin.py:188} INFO - [2025-11-01T12:55:21.009+0530] {dag.py:3089} INFO - Sync 1 DAGs
[2025-11-01T12:55:21.031+0530] {logging_mixin.py:188} INFO - [2025-11-01T12:55:21.031+0530] {dag.py:3947} INFO - Setting next_dagrun for example_task_group_decorator to 2025-10-31 00:00:00+00:00, run_after=2025-11-01 00:00:00+00:00
[2025-11-01T12:55:21.054+0530] {processor.py:183} INFO - Processing /home/logi/txtai/venv/lib/python3.10/site-packages/airflow/example_dags/example_task_group_decorator.py took 0.131 seconds
[2025-11-01T12:56:26.694+0530] {processor.py:161} INFO - Started process (PID=8524) to work on /home/logi/txtai/venv/lib/python3.10/site-packages/airflow/example_dags/example_task_group_decorator.py
[2025-11-01T12:56:26.707+0530] {processor.py:830} INFO - Processing file /home/logi/txtai/venv/lib/python3.10/site-packages/airflow/example_dags/example_task_group_decorator.py for tasks to queue
[2025-11-01T12:56:26.708+0530] {logging_mixin.py:188} INFO - [2025-11-01T12:56:26.708+0530] {dagbag.py:545} INFO - Filling up the DagBag from /home/logi/txtai/venv/lib/python3.10/site-packages/airflow/example_dags/example_task_group_decorator.py
[2025-11-01T12:56:26.721+0530] {processor.py:840} INFO - DAG(s) 'example_task_group_decorator' retrieved from /home/logi/txtai/venv/lib/python3.10/site-packages/airflow/example_dags/example_task_group_decorator.py
[2025-11-01T12:56:26.739+0530] {logging_mixin.py:188} INFO - [2025-11-01T12:56:26.739+0530] {dag.py:3089} INFO - Sync 1 DAGs
[2025-11-01T12:56:26.753+0530] {logging_mixin.py:188} INFO - [2025-11-01T12:56:26.752+0530] {dag.py:3947} INFO - Setting next_dagrun for example_task_group_decorator to 2025-10-31 00:00:00+00:00, run_after=2025-11-01 00:00:00+00:00
[2025-11-01T12:56:26.780+0530] {processor.py:183} INFO - Processing /home/logi/txtai/venv/lib/python3.10/site-packages/airflow/example_dags/example_task_group_decorator.py took 0.093 seconds
[2025-11-01T12:57:19.735+0530] {processor.py:161} INFO - Started process (PID=8607) to work on /home/logi/txtai/venv/lib/python3.10/site-packages/airflow/example_dags/example_task_group_decorator.py
[2025-11-01T12:57:19.748+0530] {processor.py:830} INFO - Processing file /home/logi/txtai/venv/lib/python3.10/site-packages/airflow/example_dags/example_task_group_decorator.py for tasks to queue
[2025-11-01T12:57:19.751+0530] {logging_mixin.py:188} INFO - [2025-11-01T12:57:19.750+0530] {dagbag.py:545} INFO - Filling up the DagBag from /home/logi/txtai/venv/lib/python3.10/site-packages/airflow/example_dags/example_task_group_decorator.py
[2025-11-01T12:57:19.780+0530] {processor.py:840} INFO - DAG(s) 'example_task_group_decorator' retrieved from /home/logi/txtai/venv/lib/python3.10/site-packages/airflow/example_dags/example_task_group_decorator.py
[2025-11-01T12:57:19.815+0530] {logging_mixin.py:188} INFO - [2025-11-01T12:57:19.814+0530] {dag.py:3089} INFO - Sync 1 DAGs
[2025-11-01T12:57:19.837+0530] {logging_mixin.py:188} INFO - [2025-11-01T12:57:19.836+0530] {dag.py:3947} INFO - Setting next_dagrun for example_task_group_decorator to 2025-10-31 00:00:00+00:00, run_after=2025-11-01 00:00:00+00:00
[2025-11-01T12:57:19.859+0530] {processor.py:183} INFO - Processing /home/logi/txtai/venv/lib/python3.10/site-packages/airflow/example_dags/example_task_group_decorator.py took 0.135 seconds
[2025-11-01T12:58:15.714+0530] {processor.py:161} INFO - Started process (PID=8802) to work on /home/logi/txtai/venv/lib/python3.10/site-packages/airflow/example_dags/example_task_group_decorator.py
[2025-11-01T12:58:15.715+0530] {processor.py:830} INFO - Processing file /home/logi/txtai/venv/lib/python3.10/site-packages/airflow/example_dags/example_task_group_decorator.py for tasks to queue
[2025-11-01T12:58:15.717+0530] {logging_mixin.py:188} INFO - [2025-11-01T12:58:15.717+0530] {dagbag.py:545} INFO - Filling up the DagBag from /home/logi/txtai/venv/lib/python3.10/site-packages/airflow/example_dags/example_task_group_decorator.py
[2025-11-01T12:58:15.737+0530] {processor.py:840} INFO - DAG(s) 'example_task_group_decorator' retrieved from /home/logi/txtai/venv/lib/python3.10/site-packages/airflow/example_dags/example_task_group_decorator.py
[2025-11-01T12:58:15.758+0530] {logging_mixin.py:188} INFO - [2025-11-01T12:58:15.757+0530] {dag.py:3089} INFO - Sync 1 DAGs
[2025-11-01T12:58:15.776+0530] {logging_mixin.py:188} INFO - [2025-11-01T12:58:15.775+0530] {dag.py:3947} INFO - Setting next_dagrun for example_task_group_decorator to 2025-10-31 00:00:00+00:00, run_after=2025-11-01 00:00:00+00:00
[2025-11-01T12:58:15.798+0530] {processor.py:183} INFO - Processing /home/logi/txtai/venv/lib/python3.10/site-packages/airflow/example_dags/example_task_group_decorator.py took 0.092 seconds
[2025-11-01T12:59:09.799+0530] {processor.py:161} INFO - Started process (PID=8906) to work on /home/logi/txtai/venv/lib/python3.10/site-packages/airflow/example_dags/example_task_group_decorator.py
[2025-11-01T12:59:09.801+0530] {processor.py:830} INFO - Processing file /home/logi/txtai/venv/lib/python3.10/site-packages/airflow/example_dags/example_task_group_decorator.py for tasks to queue
[2025-11-01T12:59:09.803+0530] {logging_mixin.py:188} INFO - [2025-11-01T12:59:09.803+0530] {dagbag.py:545} INFO - Filling up the DagBag from /home/logi/txtai/venv/lib/python3.10/site-packages/airflow/example_dags/example_task_group_decorator.py
[2025-11-01T12:59:09.836+0530] {processor.py:840} INFO - DAG(s) 'example_task_group_decorator' retrieved from /home/logi/txtai/venv/lib/python3.10/site-packages/airflow/example_dags/example_task_group_decorator.py
[2025-11-01T12:59:09.859+0530] {logging_mixin.py:188} INFO - [2025-11-01T12:59:09.859+0530] {dag.py:3089} INFO - Sync 1 DAGs
[2025-11-01T12:59:09.878+0530] {logging_mixin.py:188} INFO - [2025-11-01T12:59:09.878+0530] {dag.py:3947} INFO - Setting next_dagrun for example_task_group_decorator to 2025-10-31 00:00:00+00:00, run_after=2025-11-01 00:00:00+00:00
[2025-11-01T12:59:09.900+0530] {processor.py:183} INFO - Processing /home/logi/txtai/venv/lib/python3.10/site-packages/airflow/example_dags/example_task_group_decorator.py took 0.115 seconds
[2025-11-01T12:59:56.698+0530] {processor.py:161} INFO - Started process (PID=8978) to work on /home/logi/txtai/venv/lib/python3.10/site-packages/airflow/example_dags/example_task_group_decorator.py
[2025-11-01T12:59:56.710+0530] {processor.py:830} INFO - Processing file /home/logi/txtai/venv/lib/python3.10/site-packages/airflow/example_dags/example_task_group_decorator.py for tasks to queue
[2025-11-01T12:59:56.713+0530] {logging_mixin.py:188} INFO - [2025-11-01T12:59:56.713+0530] {dagbag.py:545} INFO - Filling up the DagBag from /home/logi/txtai/venv/lib/python3.10/site-packages/airflow/example_dags/example_task_group_decorator.py
[2025-11-01T12:59:56.725+0530] {processor.py:840} INFO - DAG(s) 'example_task_group_decorator' retrieved from /home/logi/txtai/venv/lib/python3.10/site-packages/airflow/example_dags/example_task_group_decorator.py
[2025-11-01T12:59:56.744+0530] {logging_mixin.py:188} INFO - [2025-11-01T12:59:56.742+0530] {dag.py:3089} INFO - Sync 1 DAGs
[2025-11-01T12:59:56.766+0530] {logging_mixin.py:188} INFO - [2025-11-01T12:59:56.766+0530] {dag.py:3947} INFO - Setting next_dagrun for example_task_group_decorator to 2025-10-31 00:00:00+00:00, run_after=2025-11-01 00:00:00+00:00
[2025-11-01T12:59:56.793+0530] {processor.py:183} INFO - Processing /home/logi/txtai/venv/lib/python3.10/site-packages/airflow/example_dags/example_task_group_decorator.py took 0.100 seconds
[2025-11-01T13:00:58.144+0530] {processor.py:161} INFO - Started process (PID=9194) to work on /home/logi/txtai/venv/lib/python3.10/site-packages/airflow/example_dags/example_task_group_decorator.py
[2025-11-01T13:00:58.157+0530] {processor.py:830} INFO - Processing file /home/logi/txtai/venv/lib/python3.10/site-packages/airflow/example_dags/example_task_group_decorator.py for tasks to queue
[2025-11-01T13:00:58.160+0530] {logging_mixin.py:188} INFO - [2025-11-01T13:00:58.160+0530] {dagbag.py:545} INFO - Filling up the DagBag from /home/logi/txtai/venv/lib/python3.10/site-packages/airflow/example_dags/example_task_group_decorator.py
[2025-11-01T13:00:58.174+0530] {processor.py:840} INFO - DAG(s) 'example_task_group_decorator' retrieved from /home/logi/txtai/venv/lib/python3.10/site-packages/airflow/example_dags/example_task_group_decorator.py
[2025-11-01T13:00:58.194+0530] {logging_mixin.py:188} INFO - [2025-11-01T13:00:58.193+0530] {dag.py:3089} INFO - Sync 1 DAGs
[2025-11-01T13:00:58.214+0530] {logging_mixin.py:188} INFO - [2025-11-01T13:00:58.213+0530] {dag.py:3947} INFO - Setting next_dagrun for example_task_group_decorator to 2025-10-31 00:00:00+00:00, run_after=2025-11-01 00:00:00+00:00
[2025-11-01T13:00:58.233+0530] {processor.py:183} INFO - Processing /home/logi/txtai/venv/lib/python3.10/site-packages/airflow/example_dags/example_task_group_decorator.py took 0.096 seconds
[2025-11-01T13:01:49.496+0530] {processor.py:161} INFO - Started process (PID=9348) to work on /home/logi/txtai/venv/lib/python3.10/site-packages/airflow/example_dags/example_task_group_decorator.py
[2025-11-01T13:01:49.497+0530] {processor.py:830} INFO - Processing file /home/logi/txtai/venv/lib/python3.10/site-packages/airflow/example_dags/example_task_group_decorator.py for tasks to queue
[2025-11-01T13:01:49.499+0530] {logging_mixin.py:188} INFO - [2025-11-01T13:01:49.499+0530] {dagbag.py:545} INFO - Filling up the DagBag from /home/logi/txtai/venv/lib/python3.10/site-packages/airflow/example_dags/example_task_group_decorator.py
[2025-11-01T13:01:49.510+0530] {processor.py:840} INFO - DAG(s) 'example_task_group_decorator' retrieved from /home/logi/txtai/venv/lib/python3.10/site-packages/airflow/example_dags/example_task_group_decorator.py
[2025-11-01T13:01:49.526+0530] {logging_mixin.py:188} INFO - [2025-11-01T13:01:49.526+0530] {dag.py:3089} INFO - Sync 1 DAGs
[2025-11-01T13:01:49.541+0530] {logging_mixin.py:188} INFO - [2025-11-01T13:01:49.541+0530] {dag.py:3947} INFO - Setting next_dagrun for example_task_group_decorator to 2025-10-31 00:00:00+00:00, run_after=2025-11-01 00:00:00+00:00
[2025-11-01T13:01:49.560+0530] {processor.py:183} INFO - Processing /home/logi/txtai/venv/lib/python3.10/site-packages/airflow/example_dags/example_task_group_decorator.py took 0.075 seconds
[2025-11-01T13:02:42.154+0530] {processor.py:161} INFO - Started process (PID=9613) to work on /home/logi/txtai/venv/lib/python3.10/site-packages/airflow/example_dags/example_task_group_decorator.py
[2025-11-01T13:02:42.155+0530] {processor.py:830} INFO - Processing file /home/logi/txtai/venv/lib/python3.10/site-packages/airflow/example_dags/example_task_group_decorator.py for tasks to queue
[2025-11-01T13:02:42.156+0530] {logging_mixin.py:188} INFO - [2025-11-01T13:02:42.156+0530] {dagbag.py:545} INFO - Filling up the DagBag from /home/logi/txtai/venv/lib/python3.10/site-packages/airflow/example_dags/example_task_group_decorator.py
[2025-11-01T13:02:42.167+0530] {processor.py:840} INFO - DAG(s) 'example_task_group_decorator' retrieved from /home/logi/txtai/venv/lib/python3.10/site-packages/airflow/example_dags/example_task_group_decorator.py
[2025-11-01T13:02:42.188+0530] {logging_mixin.py:188} INFO - [2025-11-01T13:02:42.188+0530] {dag.py:3089} INFO - Sync 1 DAGs
[2025-11-01T13:02:42.203+0530] {logging_mixin.py:188} INFO - [2025-11-01T13:02:42.202+0530] {dag.py:3947} INFO - Setting next_dagrun for example_task_group_decorator to 2025-10-31 00:00:00+00:00, run_after=2025-11-01 00:00:00+00:00
[2025-11-01T13:02:42.222+0530] {processor.py:183} INFO - Processing /home/logi/txtai/venv/lib/python3.10/site-packages/airflow/example_dags/example_task_group_decorator.py took 0.074 seconds
[2025-11-01T13:03:35.284+0530] {processor.py:161} INFO - Started process (PID=9730) to work on /home/logi/txtai/venv/lib/python3.10/site-packages/airflow/example_dags/example_task_group_decorator.py
[2025-11-01T13:03:35.298+0530] {processor.py:830} INFO - Processing file /home/logi/txtai/venv/lib/python3.10/site-packages/airflow/example_dags/example_task_group_decorator.py for tasks to queue
[2025-11-01T13:03:35.302+0530] {logging_mixin.py:188} INFO - [2025-11-01T13:03:35.301+0530] {dagbag.py:545} INFO - Filling up the DagBag from /home/logi/txtai/venv/lib/python3.10/site-packages/airflow/example_dags/example_task_group_decorator.py
[2025-11-01T13:03:35.323+0530] {processor.py:840} INFO - DAG(s) 'example_task_group_decorator' retrieved from /home/logi/txtai/venv/lib/python3.10/site-packages/airflow/example_dags/example_task_group_decorator.py
[2025-11-01T13:03:35.352+0530] {logging_mixin.py:188} INFO - [2025-11-01T13:03:35.352+0530] {dag.py:3089} INFO - Sync 1 DAGs
[2025-11-01T13:03:35.366+0530] {logging_mixin.py:188} INFO - [2025-11-01T13:03:35.366+0530] {dag.py:3947} INFO - Setting next_dagrun for example_task_group_decorator to 2025-10-31 00:00:00+00:00, run_after=2025-11-01 00:00:00+00:00
[2025-11-01T13:03:35.383+0530] {processor.py:183} INFO - Processing /home/logi/txtai/venv/lib/python3.10/site-packages/airflow/example_dags/example_task_group_decorator.py took 0.109 seconds
[2025-11-01T13:04:36.079+0530] {processor.py:161} INFO - Started process (PID=10054) to work on /home/logi/txtai/venv/lib/python3.10/site-packages/airflow/example_dags/example_task_group_decorator.py
[2025-11-01T13:04:36.098+0530] {processor.py:830} INFO - Processing file /home/logi/txtai/venv/lib/python3.10/site-packages/airflow/example_dags/example_task_group_decorator.py for tasks to queue
[2025-11-01T13:04:36.118+0530] {logging_mixin.py:188} INFO - [2025-11-01T13:04:36.115+0530] {dagbag.py:545} INFO - Filling up the DagBag from /home/logi/txtai/venv/lib/python3.10/site-packages/airflow/example_dags/example_task_group_decorator.py
[2025-11-01T13:04:36.168+0530] {processor.py:840} INFO - DAG(s) 'example_task_group_decorator' retrieved from /home/logi/txtai/venv/lib/python3.10/site-packages/airflow/example_dags/example_task_group_decorator.py
[2025-11-01T13:04:36.231+0530] {logging_mixin.py:188} INFO - [2025-11-01T13:04:36.230+0530] {dag.py:3089} INFO - Sync 1 DAGs
[2025-11-01T13:04:36.270+0530] {logging_mixin.py:188} INFO - [2025-11-01T13:04:36.270+0530] {dag.py:3947} INFO - Setting next_dagrun for example_task_group_decorator to 2025-10-31 00:00:00+00:00, run_after=2025-11-01 00:00:00+00:00
[2025-11-01T13:04:36.317+0530] {processor.py:183} INFO - Processing /home/logi/txtai/venv/lib/python3.10/site-packages/airflow/example_dags/example_task_group_decorator.py took 0.261 seconds
[2025-11-01T13:05:31.278+0530] {processor.py:161} INFO - Started process (PID=10179) to work on /home/logi/txtai/venv/lib/python3.10/site-packages/airflow/example_dags/example_task_group_decorator.py
[2025-11-01T13:05:31.291+0530] {processor.py:830} INFO - Processing file /home/logi/txtai/venv/lib/python3.10/site-packages/airflow/example_dags/example_task_group_decorator.py for tasks to queue
[2025-11-01T13:05:31.295+0530] {logging_mixin.py:188} INFO - [2025-11-01T13:05:31.295+0530] {dagbag.py:545} INFO - Filling up the DagBag from /home/logi/txtai/venv/lib/python3.10/site-packages/airflow/example_dags/example_task_group_decorator.py
[2025-11-01T13:05:31.307+0530] {processor.py:840} INFO - DAG(s) 'example_task_group_decorator' retrieved from /home/logi/txtai/venv/lib/python3.10/site-packages/airflow/example_dags/example_task_group_decorator.py
[2025-11-01T13:05:31.325+0530] {logging_mixin.py:188} INFO - [2025-11-01T13:05:31.325+0530] {dag.py:3089} INFO - Sync 1 DAGs
[2025-11-01T13:05:31.342+0530] {logging_mixin.py:188} INFO - [2025-11-01T13:05:31.342+0530] {dag.py:3947} INFO - Setting next_dagrun for example_task_group_decorator to 2025-10-31 00:00:00+00:00, run_after=2025-11-01 00:00:00+00:00
[2025-11-01T13:05:31.359+0530] {processor.py:183} INFO - Processing /home/logi/txtai/venv/lib/python3.10/site-packages/airflow/example_dags/example_task_group_decorator.py took 0.086 seconds
[2025-11-01T13:06:26.537+0530] {processor.py:161} INFO - Started process (PID=10425) to work on /home/logi/txtai/venv/lib/python3.10/site-packages/airflow/example_dags/example_task_group_decorator.py
[2025-11-01T13:06:26.551+0530] {processor.py:830} INFO - Processing file /home/logi/txtai/venv/lib/python3.10/site-packages/airflow/example_dags/example_task_group_decorator.py for tasks to queue
[2025-11-01T13:06:26.555+0530] {logging_mixin.py:188} INFO - [2025-11-01T13:06:26.555+0530] {dagbag.py:545} INFO - Filling up the DagBag from /home/logi/txtai/venv/lib/python3.10/site-packages/airflow/example_dags/example_task_group_decorator.py
[2025-11-01T13:06:26.578+0530] {processor.py:840} INFO - DAG(s) 'example_task_group_decorator' retrieved from /home/logi/txtai/venv/lib/python3.10/site-packages/airflow/example_dags/example_task_group_decorator.py
[2025-11-01T13:06:26.608+0530] {logging_mixin.py:188} INFO - [2025-11-01T13:06:26.608+0530] {dag.py:3089} INFO - Sync 1 DAGs
[2025-11-01T13:06:26.622+0530] {logging_mixin.py:188} INFO - [2025-11-01T13:06:26.622+0530] {dag.py:3947} INFO - Setting next_dagrun for example_task_group_decorator to 2025-10-31 00:00:00+00:00, run_after=2025-11-01 00:00:00+00:00
[2025-11-01T13:06:26.640+0530] {processor.py:183} INFO - Processing /home/logi/txtai/venv/lib/python3.10/site-packages/airflow/example_dags/example_task_group_decorator.py took 0.114 seconds
[2025-11-01T13:07:21.673+0530] {processor.py:161} INFO - Started process (PID=10551) to work on /home/logi/txtai/venv/lib/python3.10/site-packages/airflow/example_dags/example_task_group_decorator.py
[2025-11-01T13:07:21.686+0530] {processor.py:830} INFO - Processing file /home/logi/txtai/venv/lib/python3.10/site-packages/airflow/example_dags/example_task_group_decorator.py for tasks to queue
[2025-11-01T13:07:21.690+0530] {logging_mixin.py:188} INFO - [2025-11-01T13:07:21.690+0530] {dagbag.py:545} INFO - Filling up the DagBag from /home/logi/txtai/venv/lib/python3.10/site-packages/airflow/example_dags/example_task_group_decorator.py
[2025-11-01T13:07:21.712+0530] {processor.py:840} INFO - DAG(s) 'example_task_group_decorator' retrieved from /home/logi/txtai/venv/lib/python3.10/site-packages/airflow/example_dags/example_task_group_decorator.py
[2025-11-01T13:07:21.741+0530] {logging_mixin.py:188} INFO - [2025-11-01T13:07:21.741+0530] {dag.py:3089} INFO - Sync 1 DAGs
[2025-11-01T13:07:21.757+0530] {logging_mixin.py:188} INFO - [2025-11-01T13:07:21.757+0530] {dag.py:3947} INFO - Setting next_dagrun for example_task_group_decorator to 2025-10-31 00:00:00+00:00, run_after=2025-11-01 00:00:00+00:00
[2025-11-01T13:07:21.792+0530] {processor.py:183} INFO - Processing /home/logi/txtai/venv/lib/python3.10/site-packages/airflow/example_dags/example_task_group_decorator.py took 0.129 seconds
[2025-11-01T13:08:18.483+0530] {processor.py:161} INFO - Started process (PID=10803) to work on /home/logi/txtai/venv/lib/python3.10/site-packages/airflow/example_dags/example_task_group_decorator.py
[2025-11-01T13:08:18.495+0530] {processor.py:830} INFO - Processing file /home/logi/txtai/venv/lib/python3.10/site-packages/airflow/example_dags/example_task_group_decorator.py for tasks to queue
[2025-11-01T13:08:18.497+0530] {logging_mixin.py:188} INFO - [2025-11-01T13:08:18.497+0530] {dagbag.py:545} INFO - Filling up the DagBag from /home/logi/txtai/venv/lib/python3.10/site-packages/airflow/example_dags/example_task_group_decorator.py
[2025-11-01T13:08:18.508+0530] {processor.py:840} INFO - DAG(s) 'example_task_group_decorator' retrieved from /home/logi/txtai/venv/lib/python3.10/site-packages/airflow/example_dags/example_task_group_decorator.py
[2025-11-01T13:08:18.526+0530] {logging_mixin.py:188} INFO - [2025-11-01T13:08:18.526+0530] {dag.py:3089} INFO - Sync 1 DAGs
[2025-11-01T13:08:18.540+0530] {logging_mixin.py:188} INFO - [2025-11-01T13:08:18.540+0530] {dag.py:3947} INFO - Setting next_dagrun for example_task_group_decorator to 2025-10-31 00:00:00+00:00, run_after=2025-11-01 00:00:00+00:00
[2025-11-01T13:08:18.560+0530] {processor.py:183} INFO - Processing /home/logi/txtai/venv/lib/python3.10/site-packages/airflow/example_dags/example_task_group_decorator.py took 0.083 seconds
[2025-11-01T13:09:11.960+0530] {processor.py:161} INFO - Started process (PID=11088) to work on /home/logi/txtai/venv/lib/python3.10/site-packages/airflow/example_dags/example_task_group_decorator.py
[2025-11-01T13:09:11.973+0530] {processor.py:830} INFO - Processing file /home/logi/txtai/venv/lib/python3.10/site-packages/airflow/example_dags/example_task_group_decorator.py for tasks to queue
[2025-11-01T13:09:11.977+0530] {logging_mixin.py:188} INFO - [2025-11-01T13:09:11.976+0530] {dagbag.py:545} INFO - Filling up the DagBag from /home/logi/txtai/venv/lib/python3.10/site-packages/airflow/example_dags/example_task_group_decorator.py
[2025-11-01T13:09:11.999+0530] {processor.py:840} INFO - DAG(s) 'example_task_group_decorator' retrieved from /home/logi/txtai/venv/lib/python3.10/site-packages/airflow/example_dags/example_task_group_decorator.py
[2025-11-01T13:09:12.029+0530] {logging_mixin.py:188} INFO - [2025-11-01T13:09:12.029+0530] {dag.py:3089} INFO - Sync 1 DAGs
[2025-11-01T13:09:12.043+0530] {logging_mixin.py:188} INFO - [2025-11-01T13:09:12.043+0530] {dag.py:3947} INFO - Setting next_dagrun for example_task_group_decorator to 2025-10-31 00:00:00+00:00, run_after=2025-11-01 00:00:00+00:00
[2025-11-01T13:09:12.061+0530] {processor.py:183} INFO - Processing /home/logi/txtai/venv/lib/python3.10/site-packages/airflow/example_dags/example_task_group_decorator.py took 0.113 seconds
[2025-11-01T13:09:58.248+0530] {processor.py:161} INFO - Started process (PID=11221) to work on /home/logi/txtai/venv/lib/python3.10/site-packages/airflow/example_dags/example_task_group_decorator.py
[2025-11-01T13:09:58.261+0530] {processor.py:830} INFO - Processing file /home/logi/txtai/venv/lib/python3.10/site-packages/airflow/example_dags/example_task_group_decorator.py for tasks to queue
[2025-11-01T13:09:58.264+0530] {logging_mixin.py:188} INFO - [2025-11-01T13:09:58.264+0530] {dagbag.py:545} INFO - Filling up the DagBag from /home/logi/txtai/venv/lib/python3.10/site-packages/airflow/example_dags/example_task_group_decorator.py
[2025-11-01T13:09:58.282+0530] {processor.py:840} INFO - DAG(s) 'example_task_group_decorator' retrieved from /home/logi/txtai/venv/lib/python3.10/site-packages/airflow/example_dags/example_task_group_decorator.py
[2025-11-01T13:09:58.300+0530] {logging_mixin.py:188} INFO - [2025-11-01T13:09:58.300+0530] {dag.py:3089} INFO - Sync 1 DAGs
[2025-11-01T13:09:58.317+0530] {logging_mixin.py:188} INFO - [2025-11-01T13:09:58.316+0530] {dag.py:3947} INFO - Setting next_dagrun for example_task_group_decorator to 2025-10-31 00:00:00+00:00, run_after=2025-11-01 00:00:00+00:00
[2025-11-01T13:09:58.334+0530] {processor.py:183} INFO - Processing /home/logi/txtai/venv/lib/python3.10/site-packages/airflow/example_dags/example_task_group_decorator.py took 0.093 seconds
[2025-11-01T13:10:58.036+0530] {processor.py:161} INFO - Started process (PID=11445) to work on /home/logi/txtai/venv/lib/python3.10/site-packages/airflow/example_dags/example_task_group_decorator.py
[2025-11-01T13:10:58.049+0530] {processor.py:830} INFO - Processing file /home/logi/txtai/venv/lib/python3.10/site-packages/airflow/example_dags/example_task_group_decorator.py for tasks to queue
[2025-11-01T13:10:58.052+0530] {logging_mixin.py:188} INFO - [2025-11-01T13:10:58.051+0530] {dagbag.py:545} INFO - Filling up the DagBag from /home/logi/txtai/venv/lib/python3.10/site-packages/airflow/example_dags/example_task_group_decorator.py
[2025-11-01T13:10:58.073+0530] {processor.py:840} INFO - DAG(s) 'example_task_group_decorator' retrieved from /home/logi/txtai/venv/lib/python3.10/site-packages/airflow/example_dags/example_task_group_decorator.py
[2025-11-01T13:10:58.089+0530] {logging_mixin.py:188} INFO - [2025-11-01T13:10:58.089+0530] {dag.py:3089} INFO - Sync 1 DAGs
[2025-11-01T13:10:58.105+0530] {logging_mixin.py:188} INFO - [2025-11-01T13:10:58.105+0530] {dag.py:3947} INFO - Setting next_dagrun for example_task_group_decorator to 2025-10-31 00:00:00+00:00, run_after=2025-11-01 00:00:00+00:00
[2025-11-01T13:10:58.123+0530] {processor.py:183} INFO - Processing /home/logi/txtai/venv/lib/python3.10/site-packages/airflow/example_dags/example_task_group_decorator.py took 0.094 seconds
[2025-11-01T13:11:46.269+0530] {processor.py:161} INFO - Started process (PID=11571) to work on /home/logi/txtai/venv/lib/python3.10/site-packages/airflow/example_dags/example_task_group_decorator.py
[2025-11-01T13:11:46.283+0530] {processor.py:830} INFO - Processing file /home/logi/txtai/venv/lib/python3.10/site-packages/airflow/example_dags/example_task_group_decorator.py for tasks to queue
[2025-11-01T13:11:46.287+0530] {logging_mixin.py:188} INFO - [2025-11-01T13:11:46.286+0530] {dagbag.py:545} INFO - Filling up the DagBag from /home/logi/txtai/venv/lib/python3.10/site-packages/airflow/example_dags/example_task_group_decorator.py
[2025-11-01T13:11:46.309+0530] {processor.py:840} INFO - DAG(s) 'example_task_group_decorator' retrieved from /home/logi/txtai/venv/lib/python3.10/site-packages/airflow/example_dags/example_task_group_decorator.py
[2025-11-01T13:11:46.337+0530] {logging_mixin.py:188} INFO - [2025-11-01T13:11:46.337+0530] {dag.py:3089} INFO - Sync 1 DAGs
[2025-11-01T13:11:46.351+0530] {logging_mixin.py:188} INFO - [2025-11-01T13:11:46.351+0530] {dag.py:3947} INFO - Setting next_dagrun for example_task_group_decorator to 2025-10-31 00:00:00+00:00, run_after=2025-11-01 00:00:00+00:00
[2025-11-01T13:11:46.376+0530] {processor.py:183} INFO - Processing /home/logi/txtai/venv/lib/python3.10/site-packages/airflow/example_dags/example_task_group_decorator.py took 0.119 seconds
[2025-11-01T13:12:41.080+0530] {processor.py:161} INFO - Started process (PID=11817) to work on /home/logi/txtai/venv/lib/python3.10/site-packages/airflow/example_dags/example_task_group_decorator.py
[2025-11-01T13:12:41.093+0530] {processor.py:830} INFO - Processing file /home/logi/txtai/venv/lib/python3.10/site-packages/airflow/example_dags/example_task_group_decorator.py for tasks to queue
[2025-11-01T13:12:41.098+0530] {logging_mixin.py:188} INFO - [2025-11-01T13:12:41.097+0530] {dagbag.py:545} INFO - Filling up the DagBag from /home/logi/txtai/venv/lib/python3.10/site-packages/airflow/example_dags/example_task_group_decorator.py
[2025-11-01T13:12:41.119+0530] {processor.py:840} INFO - DAG(s) 'example_task_group_decorator' retrieved from /home/logi/txtai/venv/lib/python3.10/site-packages/airflow/example_dags/example_task_group_decorator.py
[2025-11-01T13:12:41.149+0530] {logging_mixin.py:188} INFO - [2025-11-01T13:12:41.148+0530] {dag.py:3089} INFO - Sync 1 DAGs
[2025-11-01T13:12:41.166+0530] {logging_mixin.py:188} INFO - [2025-11-01T13:12:41.166+0530] {dag.py:3947} INFO - Setting next_dagrun for example_task_group_decorator to 2025-10-31 00:00:00+00:00, run_after=2025-11-01 00:00:00+00:00
[2025-11-01T13:12:41.184+0530] {processor.py:183} INFO - Processing /home/logi/txtai/venv/lib/python3.10/site-packages/airflow/example_dags/example_task_group_decorator.py took 0.114 seconds
[2025-11-01T13:13:33.219+0530] {processor.py:161} INFO - Started process (PID=11935) to work on /home/logi/txtai/venv/lib/python3.10/site-packages/airflow/example_dags/example_task_group_decorator.py
[2025-11-01T13:13:33.221+0530] {processor.py:830} INFO - Processing file /home/logi/txtai/venv/lib/python3.10/site-packages/airflow/example_dags/example_task_group_decorator.py for tasks to queue
[2025-11-01T13:13:33.224+0530] {logging_mixin.py:188} INFO - [2025-11-01T13:13:33.224+0530] {dagbag.py:545} INFO - Filling up the DagBag from /home/logi/txtai/venv/lib/python3.10/site-packages/airflow/example_dags/example_task_group_decorator.py
[2025-11-01T13:13:33.246+0530] {processor.py:840} INFO - DAG(s) 'example_task_group_decorator' retrieved from /home/logi/txtai/venv/lib/python3.10/site-packages/airflow/example_dags/example_task_group_decorator.py
[2025-11-01T13:13:33.267+0530] {logging_mixin.py:188} INFO - [2025-11-01T13:13:33.267+0530] {dag.py:3089} INFO - Sync 1 DAGs
[2025-11-01T13:13:33.282+0530] {logging_mixin.py:188} INFO - [2025-11-01T13:13:33.282+0530] {dag.py:3947} INFO - Setting next_dagrun for example_task_group_decorator to 2025-10-31 00:00:00+00:00, run_after=2025-11-01 00:00:00+00:00
[2025-11-01T13:13:33.300+0530] {processor.py:183} INFO - Processing /home/logi/txtai/venv/lib/python3.10/site-packages/airflow/example_dags/example_task_group_decorator.py took 0.091 seconds
[2025-11-01T13:14:29.147+0530] {processor.py:161} INFO - Started process (PID=12207) to work on /home/logi/txtai/venv/lib/python3.10/site-packages/airflow/example_dags/example_task_group_decorator.py
[2025-11-01T13:14:29.160+0530] {processor.py:830} INFO - Processing file /home/logi/txtai/venv/lib/python3.10/site-packages/airflow/example_dags/example_task_group_decorator.py for tasks to queue
[2025-11-01T13:14:29.163+0530] {logging_mixin.py:188} INFO - [2025-11-01T13:14:29.162+0530] {dagbag.py:545} INFO - Filling up the DagBag from /home/logi/txtai/venv/lib/python3.10/site-packages/airflow/example_dags/example_task_group_decorator.py
[2025-11-01T13:14:29.189+0530] {processor.py:840} INFO - DAG(s) 'example_task_group_decorator' retrieved from /home/logi/txtai/venv/lib/python3.10/site-packages/airflow/example_dags/example_task_group_decorator.py
[2025-11-01T13:14:29.216+0530] {logging_mixin.py:188} INFO - [2025-11-01T13:14:29.216+0530] {dag.py:3089} INFO - Sync 1 DAGs
[2025-11-01T13:14:29.230+0530] {logging_mixin.py:188} INFO - [2025-11-01T13:14:29.230+0530] {dag.py:3947} INFO - Setting next_dagrun for example_task_group_decorator to 2025-10-31 00:00:00+00:00, run_after=2025-11-01 00:00:00+00:00
[2025-11-01T13:14:29.261+0530] {processor.py:183} INFO - Processing /home/logi/txtai/venv/lib/python3.10/site-packages/airflow/example_dags/example_task_group_decorator.py took 0.123 seconds
