[2025-11-01T12:49:07.291+0530] {processor.py:161} INFO - Started process (PID=6920) to work on /home/logi/txtai/venv/lib/python3.10/site-packages/airflow/example_dags/example_trigger_target_dag.py
[2025-11-01T12:49:07.291+0530] {processor.py:830} INFO - Processing file /home/logi/txtai/venv/lib/python3.10/site-packages/airflow/example_dags/example_trigger_target_dag.py for tasks to queue
[2025-11-01T12:49:07.293+0530] {logging_mixin.py:188} INFO - [2025-11-01T12:49:07.293+0530] {dagbag.py:545} INFO - Filling up the DagBag from /home/logi/txtai/venv/lib/python3.10/site-packages/airflow/example_dags/example_trigger_target_dag.py
[2025-11-01T12:49:07.300+0530] {processor.py:840} INFO - DAG(s) 'example_trigger_target_dag' retrieved from /home/logi/txtai/venv/lib/python3.10/site-packages/airflow/example_dags/example_trigger_target_dag.py
[2025-11-01T12:49:07.319+0530] {logging_mixin.py:188} INFO - [2025-11-01T12:49:07.319+0530] {dag.py:3089} INFO - Sync 1 DAGs
[2025-11-01T12:49:07.334+0530] {logging_mixin.py:188} INFO - [2025-11-01T12:49:07.334+0530] {dag.py:3947} INFO - Setting next_dagrun for example_trigger_target_dag to None, run_after=None
[2025-11-01T12:49:07.373+0530] {processor.py:183} INFO - Processing /home/logi/txtai/venv/lib/python3.10/site-packages/airflow/example_dags/example_trigger_target_dag.py took 0.091 seconds
[2025-11-01T12:50:00.630+0530] {processor.py:161} INFO - Started process (PID=7031) to work on /home/logi/txtai/venv/lib/python3.10/site-packages/airflow/example_dags/example_trigger_target_dag.py
[2025-11-01T12:50:00.632+0530] {processor.py:830} INFO - Processing file /home/logi/txtai/venv/lib/python3.10/site-packages/airflow/example_dags/example_trigger_target_dag.py for tasks to queue
[2025-11-01T12:50:00.635+0530] {logging_mixin.py:188} INFO - [2025-11-01T12:50:00.634+0530] {dagbag.py:545} INFO - Filling up the DagBag from /home/logi/txtai/venv/lib/python3.10/site-packages/airflow/example_dags/example_trigger_target_dag.py
[2025-11-01T12:50:00.644+0530] {processor.py:840} INFO - DAG(s) 'example_trigger_target_dag' retrieved from /home/logi/txtai/venv/lib/python3.10/site-packages/airflow/example_dags/example_trigger_target_dag.py
[2025-11-01T12:50:00.669+0530] {logging_mixin.py:188} INFO - [2025-11-01T12:50:00.669+0530] {dag.py:3089} INFO - Sync 1 DAGs
[2025-11-01T12:50:00.678+0530] {logging_mixin.py:188} INFO - [2025-11-01T12:50:00.678+0530] {dag.py:3947} INFO - Setting next_dagrun for example_trigger_target_dag to None, run_after=None
[2025-11-01T12:50:00.695+0530] {processor.py:183} INFO - Processing /home/logi/txtai/venv/lib/python3.10/site-packages/airflow/example_dags/example_trigger_target_dag.py took 0.076 seconds
[2025-11-01T12:51:19.696+0530] {processor.py:161} INFO - Started process (PID=7406) to work on /home/logi/txtai/venv/lib/python3.10/site-packages/airflow/example_dags/example_trigger_target_dag.py
[2025-11-01T12:51:19.698+0530] {processor.py:830} INFO - Processing file /home/logi/txtai/venv/lib/python3.10/site-packages/airflow/example_dags/example_trigger_target_dag.py for tasks to queue
[2025-11-01T12:51:19.699+0530] {logging_mixin.py:188} INFO - [2025-11-01T12:51:19.699+0530] {dagbag.py:545} INFO - Filling up the DagBag from /home/logi/txtai/venv/lib/python3.10/site-packages/airflow/example_dags/example_trigger_target_dag.py
[2025-11-01T12:51:19.704+0530] {processor.py:840} INFO - DAG(s) 'example_trigger_target_dag' retrieved from /home/logi/txtai/venv/lib/python3.10/site-packages/airflow/example_dags/example_trigger_target_dag.py
[2025-11-01T12:51:19.717+0530] {logging_mixin.py:188} INFO - [2025-11-01T12:51:19.717+0530] {dag.py:3089} INFO - Sync 1 DAGs
[2025-11-01T12:51:19.730+0530] {logging_mixin.py:188} INFO - [2025-11-01T12:51:19.729+0530] {dag.py:3947} INFO - Setting next_dagrun for example_trigger_target_dag to None, run_after=None
[2025-11-01T12:51:19.754+0530] {processor.py:183} INFO - Processing /home/logi/txtai/venv/lib/python3.10/site-packages/airflow/example_dags/example_trigger_target_dag.py took 0.063 seconds
[2025-11-01T12:52:27.146+0530] {processor.py:161} INFO - Started process (PID=7857) to work on /home/logi/txtai/venv/lib/python3.10/site-packages/airflow/example_dags/example_trigger_target_dag.py
[2025-11-01T12:52:27.148+0530] {processor.py:830} INFO - Processing file /home/logi/txtai/venv/lib/python3.10/site-packages/airflow/example_dags/example_trigger_target_dag.py for tasks to queue
[2025-11-01T12:52:27.150+0530] {logging_mixin.py:188} INFO - [2025-11-01T12:52:27.149+0530] {dagbag.py:545} INFO - Filling up the DagBag from /home/logi/txtai/venv/lib/python3.10/site-packages/airflow/example_dags/example_trigger_target_dag.py
[2025-11-01T12:52:27.158+0530] {processor.py:840} INFO - DAG(s) 'example_trigger_target_dag' retrieved from /home/logi/txtai/venv/lib/python3.10/site-packages/airflow/example_dags/example_trigger_target_dag.py
[2025-11-01T12:52:27.198+0530] {logging_mixin.py:188} INFO - [2025-11-01T12:52:27.198+0530] {dag.py:3089} INFO - Sync 1 DAGs
[2025-11-01T12:52:27.210+0530] {logging_mixin.py:188} INFO - [2025-11-01T12:52:27.209+0530] {dag.py:3947} INFO - Setting next_dagrun for example_trigger_target_dag to None, run_after=None
[2025-11-01T12:52:27.250+0530] {processor.py:183} INFO - Processing /home/logi/txtai/venv/lib/python3.10/site-packages/airflow/example_dags/example_trigger_target_dag.py took 0.121 seconds
[2025-11-01T12:53:19.584+0530] {processor.py:161} INFO - Started process (PID=7940) to work on /home/logi/txtai/venv/lib/python3.10/site-packages/airflow/example_dags/example_trigger_target_dag.py
[2025-11-01T12:53:19.597+0530] {processor.py:830} INFO - Processing file /home/logi/txtai/venv/lib/python3.10/site-packages/airflow/example_dags/example_trigger_target_dag.py for tasks to queue
[2025-11-01T12:53:19.600+0530] {logging_mixin.py:188} INFO - [2025-11-01T12:53:19.599+0530] {dagbag.py:545} INFO - Filling up the DagBag from /home/logi/txtai/venv/lib/python3.10/site-packages/airflow/example_dags/example_trigger_target_dag.py
[2025-11-01T12:53:19.610+0530] {processor.py:840} INFO - DAG(s) 'example_trigger_target_dag' retrieved from /home/logi/txtai/venv/lib/python3.10/site-packages/airflow/example_dags/example_trigger_target_dag.py
[2025-11-01T12:53:19.632+0530] {logging_mixin.py:188} INFO - [2025-11-01T12:53:19.632+0530] {dag.py:3089} INFO - Sync 1 DAGs
[2025-11-01T12:53:19.648+0530] {logging_mixin.py:188} INFO - [2025-11-01T12:53:19.648+0530] {dag.py:3947} INFO - Setting next_dagrun for example_trigger_target_dag to None, run_after=None
[2025-11-01T12:53:19.664+0530] {processor.py:183} INFO - Processing /home/logi/txtai/venv/lib/python3.10/site-packages/airflow/example_dags/example_trigger_target_dag.py took 0.090 seconds
[2025-11-01T12:54:16.337+0530] {processor.py:161} INFO - Started process (PID=8174) to work on /home/logi/txtai/venv/lib/python3.10/site-packages/airflow/example_dags/example_trigger_target_dag.py
[2025-11-01T12:54:16.338+0530] {processor.py:830} INFO - Processing file /home/logi/txtai/venv/lib/python3.10/site-packages/airflow/example_dags/example_trigger_target_dag.py for tasks to queue
[2025-11-01T12:54:16.340+0530] {logging_mixin.py:188} INFO - [2025-11-01T12:54:16.340+0530] {dagbag.py:545} INFO - Filling up the DagBag from /home/logi/txtai/venv/lib/python3.10/site-packages/airflow/example_dags/example_trigger_target_dag.py
[2025-11-01T12:54:16.347+0530] {processor.py:840} INFO - DAG(s) 'example_trigger_target_dag' retrieved from /home/logi/txtai/venv/lib/python3.10/site-packages/airflow/example_dags/example_trigger_target_dag.py
[2025-11-01T12:54:16.360+0530] {logging_mixin.py:188} INFO - [2025-11-01T12:54:16.360+0530] {dag.py:3089} INFO - Sync 1 DAGs
[2025-11-01T12:54:16.369+0530] {logging_mixin.py:188} INFO - [2025-11-01T12:54:16.369+0530] {dag.py:3947} INFO - Setting next_dagrun for example_trigger_target_dag to None, run_after=None
[2025-11-01T12:54:16.390+0530] {processor.py:183} INFO - Processing /home/logi/txtai/venv/lib/python3.10/site-packages/airflow/example_dags/example_trigger_target_dag.py took 0.058 seconds
[2025-11-01T12:55:07.749+0530] {processor.py:161} INFO - Started process (PID=8253) to work on /home/logi/txtai/venv/lib/python3.10/site-packages/airflow/example_dags/example_trigger_target_dag.py
[2025-11-01T12:55:07.763+0530] {processor.py:830} INFO - Processing file /home/logi/txtai/venv/lib/python3.10/site-packages/airflow/example_dags/example_trigger_target_dag.py for tasks to queue
[2025-11-01T12:55:07.765+0530] {logging_mixin.py:188} INFO - [2025-11-01T12:55:07.765+0530] {dagbag.py:545} INFO - Filling up the DagBag from /home/logi/txtai/venv/lib/python3.10/site-packages/airflow/example_dags/example_trigger_target_dag.py
[2025-11-01T12:55:07.775+0530] {processor.py:840} INFO - DAG(s) 'example_trigger_target_dag' retrieved from /home/logi/txtai/venv/lib/python3.10/site-packages/airflow/example_dags/example_trigger_target_dag.py
[2025-11-01T12:55:07.800+0530] {logging_mixin.py:188} INFO - [2025-11-01T12:55:07.799+0530] {dag.py:3089} INFO - Sync 1 DAGs
[2025-11-01T12:55:07.815+0530] {logging_mixin.py:188} INFO - [2025-11-01T12:55:07.815+0530] {dag.py:3947} INFO - Setting next_dagrun for example_trigger_target_dag to None, run_after=None
[2025-11-01T12:55:07.832+0530] {processor.py:183} INFO - Processing /home/logi/txtai/venv/lib/python3.10/site-packages/airflow/example_dags/example_trigger_target_dag.py took 0.093 seconds
[2025-11-01T12:55:53.486+0530] {processor.py:161} INFO - Started process (PID=8322) to work on /home/logi/txtai/venv/lib/python3.10/site-packages/airflow/example_dags/example_trigger_target_dag.py
[2025-11-01T12:55:53.499+0530] {processor.py:830} INFO - Processing file /home/logi/txtai/venv/lib/python3.10/site-packages/airflow/example_dags/example_trigger_target_dag.py for tasks to queue
[2025-11-01T12:55:53.502+0530] {logging_mixin.py:188} INFO - [2025-11-01T12:55:53.501+0530] {dagbag.py:545} INFO - Filling up the DagBag from /home/logi/txtai/venv/lib/python3.10/site-packages/airflow/example_dags/example_trigger_target_dag.py
[2025-11-01T12:55:53.509+0530] {processor.py:840} INFO - DAG(s) 'example_trigger_target_dag' retrieved from /home/logi/txtai/venv/lib/python3.10/site-packages/airflow/example_dags/example_trigger_target_dag.py
[2025-11-01T12:55:53.527+0530] {logging_mixin.py:188} INFO - [2025-11-01T12:55:53.526+0530] {dag.py:3089} INFO - Sync 1 DAGs
[2025-11-01T12:55:53.547+0530] {logging_mixin.py:188} INFO - [2025-11-01T12:55:53.547+0530] {dag.py:3947} INFO - Setting next_dagrun for example_trigger_target_dag to None, run_after=None
[2025-11-01T12:55:53.569+0530] {processor.py:183} INFO - Processing /home/logi/txtai/venv/lib/python3.10/site-packages/airflow/example_dags/example_trigger_target_dag.py took 0.093 seconds
[2025-11-01T12:56:56.211+0530] {processor.py:161} INFO - Started process (PID=8572) to work on /home/logi/txtai/venv/lib/python3.10/site-packages/airflow/example_dags/example_trigger_target_dag.py
[2025-11-01T12:56:56.212+0530] {processor.py:830} INFO - Processing file /home/logi/txtai/venv/lib/python3.10/site-packages/airflow/example_dags/example_trigger_target_dag.py for tasks to queue
[2025-11-01T12:56:56.214+0530] {logging_mixin.py:188} INFO - [2025-11-01T12:56:56.213+0530] {dagbag.py:545} INFO - Filling up the DagBag from /home/logi/txtai/venv/lib/python3.10/site-packages/airflow/example_dags/example_trigger_target_dag.py
[2025-11-01T12:56:56.219+0530] {processor.py:840} INFO - DAG(s) 'example_trigger_target_dag' retrieved from /home/logi/txtai/venv/lib/python3.10/site-packages/airflow/example_dags/example_trigger_target_dag.py
[2025-11-01T12:56:56.231+0530] {logging_mixin.py:188} INFO - [2025-11-01T12:56:56.231+0530] {dag.py:3089} INFO - Sync 1 DAGs
[2025-11-01T12:56:56.241+0530] {logging_mixin.py:188} INFO - [2025-11-01T12:56:56.241+0530] {dag.py:3947} INFO - Setting next_dagrun for example_trigger_target_dag to None, run_after=None
[2025-11-01T12:56:56.263+0530] {processor.py:183} INFO - Processing /home/logi/txtai/venv/lib/python3.10/site-packages/airflow/example_dags/example_trigger_target_dag.py took 0.062 seconds
[2025-11-01T12:57:42.705+0530] {processor.py:161} INFO - Started process (PID=8641) to work on /home/logi/txtai/venv/lib/python3.10/site-packages/airflow/example_dags/example_trigger_target_dag.py
[2025-11-01T12:57:42.718+0530] {processor.py:830} INFO - Processing file /home/logi/txtai/venv/lib/python3.10/site-packages/airflow/example_dags/example_trigger_target_dag.py for tasks to queue
[2025-11-01T12:57:42.721+0530] {logging_mixin.py:188} INFO - [2025-11-01T12:57:42.720+0530] {dagbag.py:545} INFO - Filling up the DagBag from /home/logi/txtai/venv/lib/python3.10/site-packages/airflow/example_dags/example_trigger_target_dag.py
[2025-11-01T12:57:42.733+0530] {processor.py:840} INFO - DAG(s) 'example_trigger_target_dag' retrieved from /home/logi/txtai/venv/lib/python3.10/site-packages/airflow/example_dags/example_trigger_target_dag.py
[2025-11-01T12:57:42.763+0530] {logging_mixin.py:188} INFO - [2025-11-01T12:57:42.762+0530] {dag.py:3089} INFO - Sync 1 DAGs
[2025-11-01T12:57:42.775+0530] {logging_mixin.py:188} INFO - [2025-11-01T12:57:42.775+0530] {dag.py:3947} INFO - Setting next_dagrun for example_trigger_target_dag to None, run_after=None
[2025-11-01T12:57:42.801+0530] {processor.py:183} INFO - Processing /home/logi/txtai/venv/lib/python3.10/site-packages/airflow/example_dags/example_trigger_target_dag.py took 0.106 seconds
[2025-11-01T12:58:42.926+0530] {processor.py:161} INFO - Started process (PID=8879) to work on /home/logi/txtai/venv/lib/python3.10/site-packages/airflow/example_dags/example_trigger_target_dag.py
[2025-11-01T12:58:42.928+0530] {processor.py:830} INFO - Processing file /home/logi/txtai/venv/lib/python3.10/site-packages/airflow/example_dags/example_trigger_target_dag.py for tasks to queue
[2025-11-01T12:58:42.930+0530] {logging_mixin.py:188} INFO - [2025-11-01T12:58:42.930+0530] {dagbag.py:545} INFO - Filling up the DagBag from /home/logi/txtai/venv/lib/python3.10/site-packages/airflow/example_dags/example_trigger_target_dag.py
[2025-11-01T12:58:42.940+0530] {processor.py:840} INFO - DAG(s) 'example_trigger_target_dag' retrieved from /home/logi/txtai/venv/lib/python3.10/site-packages/airflow/example_dags/example_trigger_target_dag.py
[2025-11-01T12:58:42.964+0530] {logging_mixin.py:188} INFO - [2025-11-01T12:58:42.964+0530] {dag.py:3089} INFO - Sync 1 DAGs
[2025-11-01T12:58:42.972+0530] {logging_mixin.py:188} INFO - [2025-11-01T12:58:42.972+0530] {dag.py:3947} INFO - Setting next_dagrun for example_trigger_target_dag to None, run_after=None
[2025-11-01T12:58:42.990+0530] {processor.py:183} INFO - Processing /home/logi/txtai/venv/lib/python3.10/site-packages/airflow/example_dags/example_trigger_target_dag.py took 0.075 seconds
[2025-11-01T12:59:37.109+0530] {processor.py:161} INFO - Started process (PID=8958) to work on /home/logi/txtai/venv/lib/python3.10/site-packages/airflow/example_dags/example_trigger_target_dag.py
[2025-11-01T12:59:37.122+0530] {processor.py:830} INFO - Processing file /home/logi/txtai/venv/lib/python3.10/site-packages/airflow/example_dags/example_trigger_target_dag.py for tasks to queue
[2025-11-01T12:59:37.125+0530] {logging_mixin.py:188} INFO - [2025-11-01T12:59:37.125+0530] {dagbag.py:545} INFO - Filling up the DagBag from /home/logi/txtai/venv/lib/python3.10/site-packages/airflow/example_dags/example_trigger_target_dag.py
[2025-11-01T12:59:37.135+0530] {processor.py:840} INFO - DAG(s) 'example_trigger_target_dag' retrieved from /home/logi/txtai/venv/lib/python3.10/site-packages/airflow/example_dags/example_trigger_target_dag.py
[2025-11-01T12:59:37.159+0530] {logging_mixin.py:188} INFO - [2025-11-01T12:59:37.158+0530] {dag.py:3089} INFO - Sync 1 DAGs
[2025-11-01T12:59:37.173+0530] {logging_mixin.py:188} INFO - [2025-11-01T12:59:37.173+0530] {dag.py:3947} INFO - Setting next_dagrun for example_trigger_target_dag to None, run_after=None
[2025-11-01T12:59:37.189+0530] {processor.py:183} INFO - Processing /home/logi/txtai/venv/lib/python3.10/site-packages/airflow/example_dags/example_trigger_target_dag.py took 0.086 seconds
[2025-11-01T13:00:32.524+0530] {processor.py:161} INFO - Started process (PID=9156) to work on /home/logi/txtai/venv/lib/python3.10/site-packages/airflow/example_dags/example_trigger_target_dag.py
[2025-11-01T13:00:32.537+0530] {processor.py:830} INFO - Processing file /home/logi/txtai/venv/lib/python3.10/site-packages/airflow/example_dags/example_trigger_target_dag.py for tasks to queue
[2025-11-01T13:00:32.540+0530] {logging_mixin.py:188} INFO - [2025-11-01T13:00:32.539+0530] {dagbag.py:545} INFO - Filling up the DagBag from /home/logi/txtai/venv/lib/python3.10/site-packages/airflow/example_dags/example_trigger_target_dag.py
[2025-11-01T13:00:32.545+0530] {processor.py:840} INFO - DAG(s) 'example_trigger_target_dag' retrieved from /home/logi/txtai/venv/lib/python3.10/site-packages/airflow/example_dags/example_trigger_target_dag.py
[2025-11-01T13:00:32.557+0530] {logging_mixin.py:188} INFO - [2025-11-01T13:00:32.557+0530] {dag.py:3089} INFO - Sync 1 DAGs
[2025-11-01T13:00:32.567+0530] {logging_mixin.py:188} INFO - [2025-11-01T13:00:32.566+0530] {dag.py:3947} INFO - Setting next_dagrun for example_trigger_target_dag to None, run_after=None
[2025-11-01T13:00:32.587+0530] {processor.py:183} INFO - Processing /home/logi/txtai/venv/lib/python3.10/site-packages/airflow/example_dags/example_trigger_target_dag.py took 0.069 seconds
[2025-11-01T13:01:26.507+0530] {processor.py:161} INFO - Started process (PID=9235) to work on /home/logi/txtai/venv/lib/python3.10/site-packages/airflow/example_dags/example_trigger_target_dag.py
[2025-11-01T13:01:26.520+0530] {processor.py:830} INFO - Processing file /home/logi/txtai/venv/lib/python3.10/site-packages/airflow/example_dags/example_trigger_target_dag.py for tasks to queue
[2025-11-01T13:01:26.523+0530] {logging_mixin.py:188} INFO - [2025-11-01T13:01:26.522+0530] {dagbag.py:545} INFO - Filling up the DagBag from /home/logi/txtai/venv/lib/python3.10/site-packages/airflow/example_dags/example_trigger_target_dag.py
[2025-11-01T13:01:26.533+0530] {processor.py:840} INFO - DAG(s) 'example_trigger_target_dag' retrieved from /home/logi/txtai/venv/lib/python3.10/site-packages/airflow/example_dags/example_trigger_target_dag.py
[2025-11-01T13:01:26.557+0530] {logging_mixin.py:188} INFO - [2025-11-01T13:01:26.556+0530] {dag.py:3089} INFO - Sync 1 DAGs
[2025-11-01T13:01:26.573+0530] {logging_mixin.py:188} INFO - [2025-11-01T13:01:26.573+0530] {dag.py:3947} INFO - Setting next_dagrun for example_trigger_target_dag to None, run_after=None
[2025-11-01T13:01:26.603+0530] {processor.py:183} INFO - Processing /home/logi/txtai/venv/lib/python3.10/site-packages/airflow/example_dags/example_trigger_target_dag.py took 0.107 seconds
[2025-11-01T13:02:30.735+0530] {processor.py:161} INFO - Started process (PID=9590) to work on /home/logi/txtai/venv/lib/python3.10/site-packages/airflow/example_dags/example_trigger_target_dag.py
[2025-11-01T13:02:30.748+0530] {processor.py:830} INFO - Processing file /home/logi/txtai/venv/lib/python3.10/site-packages/airflow/example_dags/example_trigger_target_dag.py for tasks to queue
[2025-11-01T13:02:30.749+0530] {logging_mixin.py:188} INFO - [2025-11-01T13:02:30.749+0530] {dagbag.py:545} INFO - Filling up the DagBag from /home/logi/txtai/venv/lib/python3.10/site-packages/airflow/example_dags/example_trigger_target_dag.py
[2025-11-01T13:02:30.755+0530] {processor.py:840} INFO - DAG(s) 'example_trigger_target_dag' retrieved from /home/logi/txtai/venv/lib/python3.10/site-packages/airflow/example_dags/example_trigger_target_dag.py
[2025-11-01T13:02:30.778+0530] {logging_mixin.py:188} INFO - [2025-11-01T13:02:30.778+0530] {dag.py:3089} INFO - Sync 1 DAGs
[2025-11-01T13:02:30.792+0530] {logging_mixin.py:188} INFO - [2025-11-01T13:02:30.792+0530] {dag.py:3947} INFO - Setting next_dagrun for example_trigger_target_dag to None, run_after=None
[2025-11-01T13:02:30.830+0530] {processor.py:183} INFO - Processing /home/logi/txtai/venv/lib/python3.10/site-packages/airflow/example_dags/example_trigger_target_dag.py took 0.100 seconds
[2025-11-01T13:03:22.775+0530] {processor.py:161} INFO - Started process (PID=9710) to work on /home/logi/txtai/venv/lib/python3.10/site-packages/airflow/example_dags/example_trigger_target_dag.py
[2025-11-01T13:03:22.788+0530] {processor.py:830} INFO - Processing file /home/logi/txtai/venv/lib/python3.10/site-packages/airflow/example_dags/example_trigger_target_dag.py for tasks to queue
[2025-11-01T13:03:22.790+0530] {logging_mixin.py:188} INFO - [2025-11-01T13:03:22.790+0530] {dagbag.py:545} INFO - Filling up the DagBag from /home/logi/txtai/venv/lib/python3.10/site-packages/airflow/example_dags/example_trigger_target_dag.py
[2025-11-01T13:03:22.795+0530] {processor.py:840} INFO - DAG(s) 'example_trigger_target_dag' retrieved from /home/logi/txtai/venv/lib/python3.10/site-packages/airflow/example_dags/example_trigger_target_dag.py
[2025-11-01T13:03:22.808+0530] {logging_mixin.py:188} INFO - [2025-11-01T13:03:22.808+0530] {dag.py:3089} INFO - Sync 1 DAGs
[2025-11-01T13:03:22.817+0530] {logging_mixin.py:188} INFO - [2025-11-01T13:03:22.817+0530] {dag.py:3947} INFO - Setting next_dagrun for example_trigger_target_dag to None, run_after=None
[2025-11-01T13:03:22.837+0530] {processor.py:183} INFO - Processing /home/logi/txtai/venv/lib/python3.10/site-packages/airflow/example_dags/example_trigger_target_dag.py took 0.068 seconds
[2025-11-01T13:04:23.200+0530] {processor.py:161} INFO - Started process (PID=10031) to work on /home/logi/txtai/venv/lib/python3.10/site-packages/airflow/example_dags/example_trigger_target_dag.py
[2025-11-01T13:04:23.201+0530] {processor.py:830} INFO - Processing file /home/logi/txtai/venv/lib/python3.10/site-packages/airflow/example_dags/example_trigger_target_dag.py for tasks to queue
[2025-11-01T13:04:23.202+0530] {logging_mixin.py:188} INFO - [2025-11-01T13:04:23.202+0530] {dagbag.py:545} INFO - Filling up the DagBag from /home/logi/txtai/venv/lib/python3.10/site-packages/airflow/example_dags/example_trigger_target_dag.py
[2025-11-01T13:04:23.209+0530] {processor.py:840} INFO - DAG(s) 'example_trigger_target_dag' retrieved from /home/logi/txtai/venv/lib/python3.10/site-packages/airflow/example_dags/example_trigger_target_dag.py
[2025-11-01T13:04:23.222+0530] {logging_mixin.py:188} INFO - [2025-11-01T13:04:23.222+0530] {dag.py:3089} INFO - Sync 1 DAGs
[2025-11-01T13:04:23.231+0530] {logging_mixin.py:188} INFO - [2025-11-01T13:04:23.231+0530] {dag.py:3947} INFO - Setting next_dagrun for example_trigger_target_dag to None, run_after=None
[2025-11-01T13:04:23.250+0530] {processor.py:183} INFO - Processing /home/logi/txtai/venv/lib/python3.10/site-packages/airflow/example_dags/example_trigger_target_dag.py took 0.056 seconds
[2025-11-01T13:05:19.112+0530] {processor.py:161} INFO - Started process (PID=10159) to work on /home/logi/txtai/venv/lib/python3.10/site-packages/airflow/example_dags/example_trigger_target_dag.py
[2025-11-01T13:05:19.125+0530] {processor.py:830} INFO - Processing file /home/logi/txtai/venv/lib/python3.10/site-packages/airflow/example_dags/example_trigger_target_dag.py for tasks to queue
[2025-11-01T13:05:19.127+0530] {logging_mixin.py:188} INFO - [2025-11-01T13:05:19.127+0530] {dagbag.py:545} INFO - Filling up the DagBag from /home/logi/txtai/venv/lib/python3.10/site-packages/airflow/example_dags/example_trigger_target_dag.py
[2025-11-01T13:05:19.134+0530] {processor.py:840} INFO - DAG(s) 'example_trigger_target_dag' retrieved from /home/logi/txtai/venv/lib/python3.10/site-packages/airflow/example_dags/example_trigger_target_dag.py
[2025-11-01T13:05:19.147+0530] {logging_mixin.py:188} INFO - [2025-11-01T13:05:19.147+0530] {dag.py:3089} INFO - Sync 1 DAGs
[2025-11-01T13:05:19.156+0530] {logging_mixin.py:188} INFO - [2025-11-01T13:05:19.155+0530] {dag.py:3947} INFO - Setting next_dagrun for example_trigger_target_dag to None, run_after=None
[2025-11-01T13:05:19.176+0530] {processor.py:183} INFO - Processing /home/logi/txtai/venv/lib/python3.10/site-packages/airflow/example_dags/example_trigger_target_dag.py took 0.069 seconds
[2025-11-01T13:06:14.821+0530] {processor.py:161} INFO - Started process (PID=10404) to work on /home/logi/txtai/venv/lib/python3.10/site-packages/airflow/example_dags/example_trigger_target_dag.py
[2025-11-01T13:06:14.834+0530] {processor.py:830} INFO - Processing file /home/logi/txtai/venv/lib/python3.10/site-packages/airflow/example_dags/example_trigger_target_dag.py for tasks to queue
[2025-11-01T13:06:14.837+0530] {logging_mixin.py:188} INFO - [2025-11-01T13:06:14.836+0530] {dagbag.py:545} INFO - Filling up the DagBag from /home/logi/txtai/venv/lib/python3.10/site-packages/airflow/example_dags/example_trigger_target_dag.py
[2025-11-01T13:06:14.846+0530] {processor.py:840} INFO - DAG(s) 'example_trigger_target_dag' retrieved from /home/logi/txtai/venv/lib/python3.10/site-packages/airflow/example_dags/example_trigger_target_dag.py
[2025-11-01T13:06:14.871+0530] {logging_mixin.py:188} INFO - [2025-11-01T13:06:14.871+0530] {dag.py:3089} INFO - Sync 1 DAGs
[2025-11-01T13:06:14.887+0530] {logging_mixin.py:188} INFO - [2025-11-01T13:06:14.887+0530] {dag.py:3947} INFO - Setting next_dagrun for example_trigger_target_dag to None, run_after=None
[2025-11-01T13:06:14.913+0530] {processor.py:183} INFO - Processing /home/logi/txtai/venv/lib/python3.10/site-packages/airflow/example_dags/example_trigger_target_dag.py took 0.101 seconds
[2025-11-01T13:07:10.161+0530] {processor.py:161} INFO - Started process (PID=10525) to work on /home/logi/txtai/venv/lib/python3.10/site-packages/airflow/example_dags/example_trigger_target_dag.py
[2025-11-01T13:07:10.174+0530] {processor.py:830} INFO - Processing file /home/logi/txtai/venv/lib/python3.10/site-packages/airflow/example_dags/example_trigger_target_dag.py for tasks to queue
[2025-11-01T13:07:10.177+0530] {logging_mixin.py:188} INFO - [2025-11-01T13:07:10.176+0530] {dagbag.py:545} INFO - Filling up the DagBag from /home/logi/txtai/venv/lib/python3.10/site-packages/airflow/example_dags/example_trigger_target_dag.py
[2025-11-01T13:07:10.184+0530] {processor.py:840} INFO - DAG(s) 'example_trigger_target_dag' retrieved from /home/logi/txtai/venv/lib/python3.10/site-packages/airflow/example_dags/example_trigger_target_dag.py
[2025-11-01T13:07:10.201+0530] {logging_mixin.py:188} INFO - [2025-11-01T13:07:10.201+0530] {dag.py:3089} INFO - Sync 1 DAGs
[2025-11-01T13:07:10.211+0530] {logging_mixin.py:188} INFO - [2025-11-01T13:07:10.211+0530] {dag.py:3947} INFO - Setting next_dagrun for example_trigger_target_dag to None, run_after=None
[2025-11-01T13:07:10.229+0530] {processor.py:183} INFO - Processing /home/logi/txtai/venv/lib/python3.10/site-packages/airflow/example_dags/example_trigger_target_dag.py took 0.073 seconds
[2025-11-01T13:08:00.097+0530] {processor.py:161} INFO - Started process (PID=10663) to work on /home/logi/txtai/venv/lib/python3.10/site-packages/airflow/example_dags/example_trigger_target_dag.py
[2025-11-01T13:08:00.110+0530] {processor.py:830} INFO - Processing file /home/logi/txtai/venv/lib/python3.10/site-packages/airflow/example_dags/example_trigger_target_dag.py for tasks to queue
[2025-11-01T13:08:00.113+0530] {logging_mixin.py:188} INFO - [2025-11-01T13:08:00.112+0530] {dagbag.py:545} INFO - Filling up the DagBag from /home/logi/txtai/venv/lib/python3.10/site-packages/airflow/example_dags/example_trigger_target_dag.py
[2025-11-01T13:08:00.119+0530] {processor.py:840} INFO - DAG(s) 'example_trigger_target_dag' retrieved from /home/logi/txtai/venv/lib/python3.10/site-packages/airflow/example_dags/example_trigger_target_dag.py
[2025-11-01T13:08:00.132+0530] {logging_mixin.py:188} INFO - [2025-11-01T13:08:00.132+0530] {dag.py:3089} INFO - Sync 1 DAGs
[2025-11-01T13:08:00.145+0530] {logging_mixin.py:188} INFO - [2025-11-01T13:08:00.144+0530] {dag.py:3947} INFO - Setting next_dagrun for example_trigger_target_dag to None, run_after=None
[2025-11-01T13:08:00.162+0530] {processor.py:183} INFO - Processing /home/logi/txtai/venv/lib/python3.10/site-packages/airflow/example_dags/example_trigger_target_dag.py took 0.070 seconds
[2025-11-01T13:08:59.905+0530] {processor.py:161} INFO - Started process (PID=11075) to work on /home/logi/txtai/venv/lib/python3.10/site-packages/airflow/example_dags/example_trigger_target_dag.py
[2025-11-01T13:08:59.918+0530] {processor.py:830} INFO - Processing file /home/logi/txtai/venv/lib/python3.10/site-packages/airflow/example_dags/example_trigger_target_dag.py for tasks to queue
[2025-11-01T13:08:59.921+0530] {logging_mixin.py:188} INFO - [2025-11-01T13:08:59.920+0530] {dagbag.py:545} INFO - Filling up the DagBag from /home/logi/txtai/venv/lib/python3.10/site-packages/airflow/example_dags/example_trigger_target_dag.py
[2025-11-01T13:08:59.935+0530] {processor.py:840} INFO - DAG(s) 'example_trigger_target_dag' retrieved from /home/logi/txtai/venv/lib/python3.10/site-packages/airflow/example_dags/example_trigger_target_dag.py
[2025-11-01T13:08:59.962+0530] {logging_mixin.py:188} INFO - [2025-11-01T13:08:59.961+0530] {dag.py:3089} INFO - Sync 1 DAGs
[2025-11-01T13:08:59.974+0530] {logging_mixin.py:188} INFO - [2025-11-01T13:08:59.973+0530] {dag.py:3947} INFO - Setting next_dagrun for example_trigger_target_dag to None, run_after=None
[2025-11-01T13:08:59.991+0530] {processor.py:183} INFO - Processing /home/logi/txtai/venv/lib/python3.10/site-packages/airflow/example_dags/example_trigger_target_dag.py took 0.096 seconds
[2025-11-01T13:09:46.073+0530] {processor.py:161} INFO - Started process (PID=11208) to work on /home/logi/txtai/venv/lib/python3.10/site-packages/airflow/example_dags/example_trigger_target_dag.py
[2025-11-01T13:09:46.086+0530] {processor.py:830} INFO - Processing file /home/logi/txtai/venv/lib/python3.10/site-packages/airflow/example_dags/example_trigger_target_dag.py for tasks to queue
[2025-11-01T13:09:46.088+0530] {logging_mixin.py:188} INFO - [2025-11-01T13:09:46.088+0530] {dagbag.py:545} INFO - Filling up the DagBag from /home/logi/txtai/venv/lib/python3.10/site-packages/airflow/example_dags/example_trigger_target_dag.py
[2025-11-01T13:09:46.093+0530] {processor.py:840} INFO - DAG(s) 'example_trigger_target_dag' retrieved from /home/logi/txtai/venv/lib/python3.10/site-packages/airflow/example_dags/example_trigger_target_dag.py
[2025-11-01T13:09:46.106+0530] {logging_mixin.py:188} INFO - [2025-11-01T13:09:46.106+0530] {dag.py:3089} INFO - Sync 1 DAGs
[2025-11-01T13:09:46.120+0530] {logging_mixin.py:188} INFO - [2025-11-01T13:09:46.120+0530] {dag.py:3947} INFO - Setting next_dagrun for example_trigger_target_dag to None, run_after=None
[2025-11-01T13:09:46.137+0530] {processor.py:183} INFO - Processing /home/logi/txtai/venv/lib/python3.10/site-packages/airflow/example_dags/example_trigger_target_dag.py took 0.073 seconds
[2025-11-01T13:10:46.003+0530] {processor.py:161} INFO - Started process (PID=11419) to work on /home/logi/txtai/venv/lib/python3.10/site-packages/airflow/example_dags/example_trigger_target_dag.py
[2025-11-01T13:10:46.016+0530] {processor.py:830} INFO - Processing file /home/logi/txtai/venv/lib/python3.10/site-packages/airflow/example_dags/example_trigger_target_dag.py for tasks to queue
[2025-11-01T13:10:46.019+0530] {logging_mixin.py:188} INFO - [2025-11-01T13:10:46.018+0530] {dagbag.py:545} INFO - Filling up the DagBag from /home/logi/txtai/venv/lib/python3.10/site-packages/airflow/example_dags/example_trigger_target_dag.py
[2025-11-01T13:10:46.026+0530] {processor.py:840} INFO - DAG(s) 'example_trigger_target_dag' retrieved from /home/logi/txtai/venv/lib/python3.10/site-packages/airflow/example_dags/example_trigger_target_dag.py
[2025-11-01T13:10:46.040+0530] {logging_mixin.py:188} INFO - [2025-11-01T13:10:46.040+0530] {dag.py:3089} INFO - Sync 1 DAGs
[2025-11-01T13:10:46.049+0530] {logging_mixin.py:188} INFO - [2025-11-01T13:10:46.048+0530] {dag.py:3947} INFO - Setting next_dagrun for example_trigger_target_dag to None, run_after=None
[2025-11-01T13:10:46.066+0530] {processor.py:183} INFO - Processing /home/logi/txtai/venv/lib/python3.10/site-packages/airflow/example_dags/example_trigger_target_dag.py took 0.071 seconds
[2025-11-01T13:11:33.585+0530] {processor.py:161} INFO - Started process (PID=11545) to work on /home/logi/txtai/venv/lib/python3.10/site-packages/airflow/example_dags/example_trigger_target_dag.py
[2025-11-01T13:11:33.599+0530] {processor.py:830} INFO - Processing file /home/logi/txtai/venv/lib/python3.10/site-packages/airflow/example_dags/example_trigger_target_dag.py for tasks to queue
[2025-11-01T13:11:33.602+0530] {logging_mixin.py:188} INFO - [2025-11-01T13:11:33.601+0530] {dagbag.py:545} INFO - Filling up the DagBag from /home/logi/txtai/venv/lib/python3.10/site-packages/airflow/example_dags/example_trigger_target_dag.py
[2025-11-01T13:11:33.616+0530] {processor.py:840} INFO - DAG(s) 'example_trigger_target_dag' retrieved from /home/logi/txtai/venv/lib/python3.10/site-packages/airflow/example_dags/example_trigger_target_dag.py
[2025-11-01T13:11:33.651+0530] {logging_mixin.py:188} INFO - [2025-11-01T13:11:33.650+0530] {dag.py:3089} INFO - Sync 1 DAGs
[2025-11-01T13:11:33.661+0530] {logging_mixin.py:188} INFO - [2025-11-01T13:11:33.661+0530] {dag.py:3947} INFO - Setting next_dagrun for example_trigger_target_dag to None, run_after=None
[2025-11-01T13:11:33.682+0530] {processor.py:183} INFO - Processing /home/logi/txtai/venv/lib/python3.10/site-packages/airflow/example_dags/example_trigger_target_dag.py took 0.107 seconds
[2025-11-01T13:12:28.129+0530] {processor.py:161} INFO - Started process (PID=11792) to work on /home/logi/txtai/venv/lib/python3.10/site-packages/airflow/example_dags/example_trigger_target_dag.py
[2025-11-01T13:12:28.142+0530] {processor.py:830} INFO - Processing file /home/logi/txtai/venv/lib/python3.10/site-packages/airflow/example_dags/example_trigger_target_dag.py for tasks to queue
[2025-11-01T13:12:28.149+0530] {logging_mixin.py:188} INFO - [2025-11-01T13:12:28.148+0530] {dagbag.py:545} INFO - Filling up the DagBag from /home/logi/txtai/venv/lib/python3.10/site-packages/airflow/example_dags/example_trigger_target_dag.py
[2025-11-01T13:12:28.160+0530] {processor.py:840} INFO - DAG(s) 'example_trigger_target_dag' retrieved from /home/logi/txtai/venv/lib/python3.10/site-packages/airflow/example_dags/example_trigger_target_dag.py
[2025-11-01T13:12:28.185+0530] {logging_mixin.py:188} INFO - [2025-11-01T13:12:28.185+0530] {dag.py:3089} INFO - Sync 1 DAGs
[2025-11-01T13:12:28.196+0530] {logging_mixin.py:188} INFO - [2025-11-01T13:12:28.196+0530] {dag.py:3947} INFO - Setting next_dagrun for example_trigger_target_dag to None, run_after=None
[2025-11-01T13:12:28.215+0530] {processor.py:183} INFO - Processing /home/logi/txtai/venv/lib/python3.10/site-packages/airflow/example_dags/example_trigger_target_dag.py took 0.096 seconds
[2025-11-01T13:13:21.562+0530] {processor.py:161} INFO - Started process (PID=11914) to work on /home/logi/txtai/venv/lib/python3.10/site-packages/airflow/example_dags/example_trigger_target_dag.py
[2025-11-01T13:13:21.576+0530] {processor.py:830} INFO - Processing file /home/logi/txtai/venv/lib/python3.10/site-packages/airflow/example_dags/example_trigger_target_dag.py for tasks to queue
[2025-11-01T13:13:21.579+0530] {logging_mixin.py:188} INFO - [2025-11-01T13:13:21.578+0530] {dagbag.py:545} INFO - Filling up the DagBag from /home/logi/txtai/venv/lib/python3.10/site-packages/airflow/example_dags/example_trigger_target_dag.py
[2025-11-01T13:13:21.586+0530] {processor.py:840} INFO - DAG(s) 'example_trigger_target_dag' retrieved from /home/logi/txtai/venv/lib/python3.10/site-packages/airflow/example_dags/example_trigger_target_dag.py
[2025-11-01T13:13:21.599+0530] {logging_mixin.py:188} INFO - [2025-11-01T13:13:21.599+0530] {dag.py:3089} INFO - Sync 1 DAGs
[2025-11-01T13:13:21.608+0530] {logging_mixin.py:188} INFO - [2025-11-01T13:13:21.608+0530] {dag.py:3947} INFO - Setting next_dagrun for example_trigger_target_dag to None, run_after=None
[2025-11-01T13:13:21.630+0530] {processor.py:183} INFO - Processing /home/logi/txtai/venv/lib/python3.10/site-packages/airflow/example_dags/example_trigger_target_dag.py took 0.073 seconds
[2025-11-01T13:14:16.523+0530] {processor.py:161} INFO - Started process (PID=12183) to work on /home/logi/txtai/venv/lib/python3.10/site-packages/airflow/example_dags/example_trigger_target_dag.py
[2025-11-01T13:14:16.537+0530] {processor.py:830} INFO - Processing file /home/logi/txtai/venv/lib/python3.10/site-packages/airflow/example_dags/example_trigger_target_dag.py for tasks to queue
[2025-11-01T13:14:16.539+0530] {logging_mixin.py:188} INFO - [2025-11-01T13:14:16.539+0530] {dagbag.py:545} INFO - Filling up the DagBag from /home/logi/txtai/venv/lib/python3.10/site-packages/airflow/example_dags/example_trigger_target_dag.py
[2025-11-01T13:14:16.544+0530] {processor.py:840} INFO - DAG(s) 'example_trigger_target_dag' retrieved from /home/logi/txtai/venv/lib/python3.10/site-packages/airflow/example_dags/example_trigger_target_dag.py
[2025-11-01T13:14:16.567+0530] {logging_mixin.py:188} INFO - [2025-11-01T13:14:16.567+0530] {dag.py:3089} INFO - Sync 1 DAGs
[2025-11-01T13:14:16.576+0530] {logging_mixin.py:188} INFO - [2025-11-01T13:14:16.576+0530] {dag.py:3947} INFO - Setting next_dagrun for example_trigger_target_dag to None, run_after=None
[2025-11-01T13:14:16.594+0530] {processor.py:183} INFO - Processing /home/logi/txtai/venv/lib/python3.10/site-packages/airflow/example_dags/example_trigger_target_dag.py took 0.078 seconds
