[2025-11-01T12:49:27.425+0530] {processor.py:161} INFO - Started process (PID=6971) to work on /home/logi/txtai/venv/lib/python3.10/site-packages/airflow/example_dags/example_sensors.py
[2025-11-01T12:49:27.427+0530] {processor.py:830} INFO - Processing file /home/logi/txtai/venv/lib/python3.10/site-packages/airflow/example_dags/example_sensors.py for tasks to queue
[2025-11-01T12:49:27.428+0530] {logging_mixin.py:188} INFO - [2025-11-01T12:49:27.428+0530] {dagbag.py:545} INFO - Filling up the DagBag from /home/logi/txtai/venv/lib/python3.10/site-packages/airflow/example_dags/example_sensors.py
[2025-11-01T12:49:27.436+0530] {processor.py:840} INFO - DAG(s) 'example_sensors' retrieved from /home/logi/txtai/venv/lib/python3.10/site-packages/airflow/example_dags/example_sensors.py
[2025-11-01T12:49:27.459+0530] {logging_mixin.py:188} INFO - [2025-11-01T12:49:27.458+0530] {dag.py:3089} INFO - Sync 1 DAGs
[2025-11-01T12:49:27.467+0530] {logging_mixin.py:188} INFO - [2025-11-01T12:49:27.467+0530] {dag.py:3947} INFO - Setting next_dagrun for example_sensors to None, run_after=None
[2025-11-01T12:49:27.501+0530] {processor.py:183} INFO - Processing /home/logi/txtai/venv/lib/python3.10/site-packages/airflow/example_dags/example_sensors.py took 0.082 seconds
[2025-11-01T12:50:40.843+0530] {processor.py:161} INFO - Started process (PID=7278) to work on /home/logi/txtai/venv/lib/python3.10/site-packages/airflow/example_dags/example_sensors.py
[2025-11-01T12:50:40.862+0530] {processor.py:830} INFO - Processing file /home/logi/txtai/venv/lib/python3.10/site-packages/airflow/example_dags/example_sensors.py for tasks to queue
[2025-11-01T12:50:40.871+0530] {logging_mixin.py:188} INFO - [2025-11-01T12:50:40.868+0530] {dagbag.py:545} INFO - Filling up the DagBag from /home/logi/txtai/venv/lib/python3.10/site-packages/airflow/example_dags/example_sensors.py
[2025-11-01T12:50:40.934+0530] {processor.py:840} INFO - DAG(s) 'example_sensors' retrieved from /home/logi/txtai/venv/lib/python3.10/site-packages/airflow/example_dags/example_sensors.py
[2025-11-01T12:50:40.999+0530] {logging_mixin.py:188} INFO - [2025-11-01T12:50:40.999+0530] {dag.py:3089} INFO - Sync 1 DAGs
[2025-11-01T12:50:41.035+0530] {logging_mixin.py:188} INFO - [2025-11-01T12:50:41.034+0530] {dag.py:3947} INFO - Setting next_dagrun for example_sensors to None, run_after=None
[2025-11-01T12:50:41.133+0530] {processor.py:183} INFO - Processing /home/logi/txtai/venv/lib/python3.10/site-packages/airflow/example_dags/example_sensors.py took 0.328 seconds
[2025-11-01T12:51:42.003+0530] {processor.py:161} INFO - Started process (PID=7569) to work on /home/logi/txtai/venv/lib/python3.10/site-packages/airflow/example_dags/example_sensors.py
[2025-11-01T12:51:42.020+0530] {processor.py:830} INFO - Processing file /home/logi/txtai/venv/lib/python3.10/site-packages/airflow/example_dags/example_sensors.py for tasks to queue
[2025-11-01T12:51:42.023+0530] {logging_mixin.py:188} INFO - [2025-11-01T12:51:42.023+0530] {dagbag.py:545} INFO - Filling up the DagBag from /home/logi/txtai/venv/lib/python3.10/site-packages/airflow/example_dags/example_sensors.py
[2025-11-01T12:51:42.038+0530] {processor.py:840} INFO - DAG(s) 'example_sensors' retrieved from /home/logi/txtai/venv/lib/python3.10/site-packages/airflow/example_dags/example_sensors.py
[2025-11-01T12:51:42.065+0530] {logging_mixin.py:188} INFO - [2025-11-01T12:51:42.065+0530] {dag.py:3089} INFO - Sync 1 DAGs
[2025-11-01T12:51:42.076+0530] {logging_mixin.py:188} INFO - [2025-11-01T12:51:42.075+0530] {dag.py:3947} INFO - Setting next_dagrun for example_sensors to None, run_after=None
[2025-11-01T12:51:42.134+0530] {processor.py:183} INFO - Processing /home/logi/txtai/venv/lib/python3.10/site-packages/airflow/example_dags/example_sensors.py took 0.139 seconds
[2025-11-01T12:52:44.330+0530] {processor.py:161} INFO - Started process (PID=7879) to work on /home/logi/txtai/venv/lib/python3.10/site-packages/airflow/example_dags/example_sensors.py
[2025-11-01T12:52:44.342+0530] {processor.py:830} INFO - Processing file /home/logi/txtai/venv/lib/python3.10/site-packages/airflow/example_dags/example_sensors.py for tasks to queue
[2025-11-01T12:52:44.344+0530] {logging_mixin.py:188} INFO - [2025-11-01T12:52:44.344+0530] {dagbag.py:545} INFO - Filling up the DagBag from /home/logi/txtai/venv/lib/python3.10/site-packages/airflow/example_dags/example_sensors.py
[2025-11-01T12:52:44.356+0530] {processor.py:840} INFO - DAG(s) 'example_sensors' retrieved from /home/logi/txtai/venv/lib/python3.10/site-packages/airflow/example_dags/example_sensors.py
[2025-11-01T12:52:44.381+0530] {logging_mixin.py:188} INFO - [2025-11-01T12:52:44.381+0530] {dag.py:3089} INFO - Sync 1 DAGs
[2025-11-01T12:52:44.390+0530] {logging_mixin.py:188} INFO - [2025-11-01T12:52:44.390+0530] {dag.py:3947} INFO - Setting next_dagrun for example_sensors to None, run_after=None
[2025-11-01T12:52:44.406+0530] {processor.py:183} INFO - Processing /home/logi/txtai/venv/lib/python3.10/site-packages/airflow/example_dags/example_sensors.py took 0.081 seconds
[2025-11-01T12:53:42.770+0530] {processor.py:161} INFO - Started process (PID=8004) to work on /home/logi/txtai/venv/lib/python3.10/site-packages/airflow/example_dags/example_sensors.py
[2025-11-01T12:53:42.772+0530] {processor.py:830} INFO - Processing file /home/logi/txtai/venv/lib/python3.10/site-packages/airflow/example_dags/example_sensors.py for tasks to queue
[2025-11-01T12:53:42.775+0530] {logging_mixin.py:188} INFO - [2025-11-01T12:53:42.774+0530] {dagbag.py:545} INFO - Filling up the DagBag from /home/logi/txtai/venv/lib/python3.10/site-packages/airflow/example_dags/example_sensors.py
[2025-11-01T12:53:42.789+0530] {processor.py:840} INFO - DAG(s) 'example_sensors' retrieved from /home/logi/txtai/venv/lib/python3.10/site-packages/airflow/example_dags/example_sensors.py
[2025-11-01T12:53:42.815+0530] {logging_mixin.py:188} INFO - [2025-11-01T12:53:42.815+0530] {dag.py:3089} INFO - Sync 1 DAGs
[2025-11-01T12:53:42.824+0530] {logging_mixin.py:188} INFO - [2025-11-01T12:53:42.823+0530] {dag.py:3947} INFO - Setting next_dagrun for example_sensors to None, run_after=None
[2025-11-01T12:53:42.842+0530] {processor.py:183} INFO - Processing /home/logi/txtai/venv/lib/python3.10/site-packages/airflow/example_dags/example_sensors.py took 0.083 seconds
[2025-11-01T12:54:42.239+0530] {processor.py:161} INFO - Started process (PID=8211) to work on /home/logi/txtai/venv/lib/python3.10/site-packages/airflow/example_dags/example_sensors.py
[2025-11-01T12:54:42.240+0530] {processor.py:830} INFO - Processing file /home/logi/txtai/venv/lib/python3.10/site-packages/airflow/example_dags/example_sensors.py for tasks to queue
[2025-11-01T12:54:42.242+0530] {logging_mixin.py:188} INFO - [2025-11-01T12:54:42.241+0530] {dagbag.py:545} INFO - Filling up the DagBag from /home/logi/txtai/venv/lib/python3.10/site-packages/airflow/example_dags/example_sensors.py
[2025-11-01T12:54:42.252+0530] {processor.py:840} INFO - DAG(s) 'example_sensors' retrieved from /home/logi/txtai/venv/lib/python3.10/site-packages/airflow/example_dags/example_sensors.py
[2025-11-01T12:54:42.271+0530] {logging_mixin.py:188} INFO - [2025-11-01T12:54:42.270+0530] {dag.py:3089} INFO - Sync 1 DAGs
[2025-11-01T12:54:42.279+0530] {logging_mixin.py:188} INFO - [2025-11-01T12:54:42.279+0530] {dag.py:3947} INFO - Setting next_dagrun for example_sensors to None, run_after=None
[2025-11-01T12:54:42.301+0530] {processor.py:183} INFO - Processing /home/logi/txtai/venv/lib/python3.10/site-packages/airflow/example_dags/example_sensors.py took 0.070 seconds
[2025-11-01T12:55:32.910+0530] {processor.py:161} INFO - Started process (PID=8289) to work on /home/logi/txtai/venv/lib/python3.10/site-packages/airflow/example_dags/example_sensors.py
[2025-11-01T12:55:32.913+0530] {processor.py:830} INFO - Processing file /home/logi/txtai/venv/lib/python3.10/site-packages/airflow/example_dags/example_sensors.py for tasks to queue
[2025-11-01T12:55:32.916+0530] {logging_mixin.py:188} INFO - [2025-11-01T12:55:32.915+0530] {dagbag.py:545} INFO - Filling up the DagBag from /home/logi/txtai/venv/lib/python3.10/site-packages/airflow/example_dags/example_sensors.py
[2025-11-01T12:55:32.931+0530] {processor.py:840} INFO - DAG(s) 'example_sensors' retrieved from /home/logi/txtai/venv/lib/python3.10/site-packages/airflow/example_dags/example_sensors.py
[2025-11-01T12:55:32.960+0530] {logging_mixin.py:188} INFO - [2025-11-01T12:55:32.959+0530] {dag.py:3089} INFO - Sync 1 DAGs
[2025-11-01T12:55:32.968+0530] {logging_mixin.py:188} INFO - [2025-11-01T12:55:32.968+0530] {dag.py:3947} INFO - Setting next_dagrun for example_sensors to None, run_after=None
[2025-11-01T12:55:32.990+0530] {processor.py:183} INFO - Processing /home/logi/txtai/venv/lib/python3.10/site-packages/airflow/example_dags/example_sensors.py took 0.090 seconds
[2025-11-01T12:56:33.667+0530] {processor.py:161} INFO - Started process (PID=8532) to work on /home/logi/txtai/venv/lib/python3.10/site-packages/airflow/example_dags/example_sensors.py
[2025-11-01T12:56:33.680+0530] {processor.py:830} INFO - Processing file /home/logi/txtai/venv/lib/python3.10/site-packages/airflow/example_dags/example_sensors.py for tasks to queue
[2025-11-01T12:56:33.683+0530] {logging_mixin.py:188} INFO - [2025-11-01T12:56:33.682+0530] {dagbag.py:545} INFO - Filling up the DagBag from /home/logi/txtai/venv/lib/python3.10/site-packages/airflow/example_dags/example_sensors.py
[2025-11-01T12:56:33.697+0530] {processor.py:840} INFO - DAG(s) 'example_sensors' retrieved from /home/logi/txtai/venv/lib/python3.10/site-packages/airflow/example_dags/example_sensors.py
[2025-11-01T12:56:33.730+0530] {logging_mixin.py:188} INFO - [2025-11-01T12:56:33.729+0530] {dag.py:3089} INFO - Sync 1 DAGs
[2025-11-01T12:56:33.738+0530] {logging_mixin.py:188} INFO - [2025-11-01T12:56:33.738+0530] {dag.py:3947} INFO - Setting next_dagrun for example_sensors to None, run_after=None
[2025-11-01T12:56:33.763+0530] {processor.py:183} INFO - Processing /home/logi/txtai/venv/lib/python3.10/site-packages/airflow/example_dags/example_sensors.py took 0.107 seconds
[2025-11-01T12:57:27.443+0530] {processor.py:161} INFO - Started process (PID=8614) to work on /home/logi/txtai/venv/lib/python3.10/site-packages/airflow/example_dags/example_sensors.py
[2025-11-01T12:57:27.456+0530] {processor.py:830} INFO - Processing file /home/logi/txtai/venv/lib/python3.10/site-packages/airflow/example_dags/example_sensors.py for tasks to queue
[2025-11-01T12:57:27.460+0530] {logging_mixin.py:188} INFO - [2025-11-01T12:57:27.459+0530] {dagbag.py:545} INFO - Filling up the DagBag from /home/logi/txtai/venv/lib/python3.10/site-packages/airflow/example_dags/example_sensors.py
[2025-11-01T12:57:27.475+0530] {processor.py:840} INFO - DAG(s) 'example_sensors' retrieved from /home/logi/txtai/venv/lib/python3.10/site-packages/airflow/example_dags/example_sensors.py
[2025-11-01T12:57:27.507+0530] {logging_mixin.py:188} INFO - [2025-11-01T12:57:27.507+0530] {dag.py:3089} INFO - Sync 1 DAGs
[2025-11-01T12:57:27.515+0530] {logging_mixin.py:188} INFO - [2025-11-01T12:57:27.515+0530] {dag.py:3947} INFO - Setting next_dagrun for example_sensors to None, run_after=None
[2025-11-01T12:57:27.532+0530] {processor.py:183} INFO - Processing /home/logi/txtai/venv/lib/python3.10/site-packages/airflow/example_dags/example_sensors.py took 0.099 seconds
[2025-11-01T12:58:23.200+0530] {processor.py:161} INFO - Started process (PID=8810) to work on /home/logi/txtai/venv/lib/python3.10/site-packages/airflow/example_dags/example_sensors.py
[2025-11-01T12:58:23.213+0530] {processor.py:830} INFO - Processing file /home/logi/txtai/venv/lib/python3.10/site-packages/airflow/example_dags/example_sensors.py for tasks to queue
[2025-11-01T12:58:23.216+0530] {logging_mixin.py:188} INFO - [2025-11-01T12:58:23.215+0530] {dagbag.py:545} INFO - Filling up the DagBag from /home/logi/txtai/venv/lib/python3.10/site-packages/airflow/example_dags/example_sensors.py
[2025-11-01T12:58:23.223+0530] {processor.py:840} INFO - DAG(s) 'example_sensors' retrieved from /home/logi/txtai/venv/lib/python3.10/site-packages/airflow/example_dags/example_sensors.py
[2025-11-01T12:58:23.242+0530] {logging_mixin.py:188} INFO - [2025-11-01T12:58:23.241+0530] {dag.py:3089} INFO - Sync 1 DAGs
[2025-11-01T12:58:23.252+0530] {logging_mixin.py:188} INFO - [2025-11-01T12:58:23.252+0530] {dag.py:3947} INFO - Setting next_dagrun for example_sensors to None, run_after=None
[2025-11-01T12:58:23.276+0530] {processor.py:183} INFO - Processing /home/logi/txtai/venv/lib/python3.10/site-packages/airflow/example_dags/example_sensors.py took 0.081 seconds
[2025-11-01T12:59:16.459+0530] {processor.py:161} INFO - Started process (PID=8915) to work on /home/logi/txtai/venv/lib/python3.10/site-packages/airflow/example_dags/example_sensors.py
[2025-11-01T12:59:16.472+0530] {processor.py:830} INFO - Processing file /home/logi/txtai/venv/lib/python3.10/site-packages/airflow/example_dags/example_sensors.py for tasks to queue
[2025-11-01T12:59:16.475+0530] {logging_mixin.py:188} INFO - [2025-11-01T12:59:16.474+0530] {dagbag.py:545} INFO - Filling up the DagBag from /home/logi/txtai/venv/lib/python3.10/site-packages/airflow/example_dags/example_sensors.py
[2025-11-01T12:59:16.493+0530] {processor.py:840} INFO - DAG(s) 'example_sensors' retrieved from /home/logi/txtai/venv/lib/python3.10/site-packages/airflow/example_dags/example_sensors.py
[2025-11-01T12:59:16.512+0530] {logging_mixin.py:188} INFO - [2025-11-01T12:59:16.511+0530] {dag.py:3089} INFO - Sync 1 DAGs
[2025-11-01T12:59:16.520+0530] {logging_mixin.py:188} INFO - [2025-11-01T12:59:16.520+0530] {dag.py:3947} INFO - Setting next_dagrun for example_sensors to None, run_after=None
[2025-11-01T12:59:16.537+0530] {processor.py:183} INFO - Processing /home/logi/txtai/venv/lib/python3.10/site-packages/airflow/example_dags/example_sensors.py took 0.088 seconds
[2025-11-01T13:00:08.467+0530] {processor.py:161} INFO - Started process (PID=9057) to work on /home/logi/txtai/venv/lib/python3.10/site-packages/airflow/example_dags/example_sensors.py
[2025-11-01T13:00:08.468+0530] {processor.py:830} INFO - Processing file /home/logi/txtai/venv/lib/python3.10/site-packages/airflow/example_dags/example_sensors.py for tasks to queue
[2025-11-01T13:00:08.471+0530] {logging_mixin.py:188} INFO - [2025-11-01T13:00:08.471+0530] {dagbag.py:545} INFO - Filling up the DagBag from /home/logi/txtai/venv/lib/python3.10/site-packages/airflow/example_dags/example_sensors.py
[2025-11-01T13:00:08.494+0530] {processor.py:840} INFO - DAG(s) 'example_sensors' retrieved from /home/logi/txtai/venv/lib/python3.10/site-packages/airflow/example_dags/example_sensors.py
[2025-11-01T13:00:08.516+0530] {logging_mixin.py:188} INFO - [2025-11-01T13:00:08.515+0530] {dag.py:3089} INFO - Sync 1 DAGs
[2025-11-01T13:00:08.524+0530] {logging_mixin.py:188} INFO - [2025-11-01T13:00:08.524+0530] {dag.py:3947} INFO - Setting next_dagrun for example_sensors to None, run_after=None
[2025-11-01T13:00:08.541+0530] {processor.py:183} INFO - Processing /home/logi/txtai/venv/lib/python3.10/site-packages/airflow/example_dags/example_sensors.py took 0.085 seconds
[2025-11-01T13:01:06.000+0530] {processor.py:161} INFO - Started process (PID=9201) to work on /home/logi/txtai/venv/lib/python3.10/site-packages/airflow/example_dags/example_sensors.py
[2025-11-01T13:01:06.014+0530] {processor.py:830} INFO - Processing file /home/logi/txtai/venv/lib/python3.10/site-packages/airflow/example_dags/example_sensors.py for tasks to queue
[2025-11-01T13:01:06.017+0530] {logging_mixin.py:188} INFO - [2025-11-01T13:01:06.016+0530] {dagbag.py:545} INFO - Filling up the DagBag from /home/logi/txtai/venv/lib/python3.10/site-packages/airflow/example_dags/example_sensors.py
[2025-11-01T13:01:06.032+0530] {processor.py:840} INFO - DAG(s) 'example_sensors' retrieved from /home/logi/txtai/venv/lib/python3.10/site-packages/airflow/example_dags/example_sensors.py
[2025-11-01T13:01:06.064+0530] {logging_mixin.py:188} INFO - [2025-11-01T13:01:06.064+0530] {dag.py:3089} INFO - Sync 1 DAGs
[2025-11-01T13:01:06.075+0530] {logging_mixin.py:188} INFO - [2025-11-01T13:01:06.075+0530] {dag.py:3947} INFO - Setting next_dagrun for example_sensors to None, run_after=None
[2025-11-01T13:01:06.091+0530] {processor.py:183} INFO - Processing /home/logi/txtai/venv/lib/python3.10/site-packages/airflow/example_dags/example_sensors.py took 0.104 seconds
[2025-11-01T13:01:57.081+0530] {processor.py:161} INFO - Started process (PID=9361) to work on /home/logi/txtai/venv/lib/python3.10/site-packages/airflow/example_dags/example_sensors.py
[2025-11-01T13:01:57.087+0530] {processor.py:830} INFO - Processing file /home/logi/txtai/venv/lib/python3.10/site-packages/airflow/example_dags/example_sensors.py for tasks to queue
[2025-11-01T13:01:57.095+0530] {logging_mixin.py:188} INFO - [2025-11-01T13:01:57.093+0530] {dagbag.py:545} INFO - Filling up the DagBag from /home/logi/txtai/venv/lib/python3.10/site-packages/airflow/example_dags/example_sensors.py
[2025-11-01T13:01:57.134+0530] {processor.py:840} INFO - DAG(s) 'example_sensors' retrieved from /home/logi/txtai/venv/lib/python3.10/site-packages/airflow/example_dags/example_sensors.py
[2025-11-01T13:01:57.232+0530] {logging_mixin.py:188} INFO - [2025-11-01T13:01:57.229+0530] {dag.py:3089} INFO - Sync 1 DAGs
[2025-11-01T13:01:57.351+0530] {logging_mixin.py:188} INFO - [2025-11-01T13:01:57.348+0530] {dag.py:3947} INFO - Setting next_dagrun for example_sensors to None, run_after=None
[2025-11-01T13:01:57.481+0530] {processor.py:183} INFO - Processing /home/logi/txtai/venv/lib/python3.10/site-packages/airflow/example_dags/example_sensors.py took 0.431 seconds
[2025-11-01T13:03:07.069+0530] {processor.py:161} INFO - Started process (PID=9679) to work on /home/logi/txtai/venv/lib/python3.10/site-packages/airflow/example_dags/example_sensors.py
[2025-11-01T13:03:07.072+0530] {processor.py:830} INFO - Processing file /home/logi/txtai/venv/lib/python3.10/site-packages/airflow/example_dags/example_sensors.py for tasks to queue
[2025-11-01T13:03:07.075+0530] {logging_mixin.py:188} INFO - [2025-11-01T13:03:07.075+0530] {dagbag.py:545} INFO - Filling up the DagBag from /home/logi/txtai/venv/lib/python3.10/site-packages/airflow/example_dags/example_sensors.py
[2025-11-01T13:03:07.091+0530] {processor.py:840} INFO - DAG(s) 'example_sensors' retrieved from /home/logi/txtai/venv/lib/python3.10/site-packages/airflow/example_dags/example_sensors.py
[2025-11-01T13:03:07.116+0530] {logging_mixin.py:188} INFO - [2025-11-01T13:03:07.116+0530] {dag.py:3089} INFO - Sync 1 DAGs
[2025-11-01T13:03:07.125+0530] {logging_mixin.py:188} INFO - [2025-11-01T13:03:07.124+0530] {dag.py:3947} INFO - Setting next_dagrun for example_sensors to None, run_after=None
[2025-11-01T13:03:07.142+0530] {processor.py:183} INFO - Processing /home/logi/txtai/venv/lib/python3.10/site-packages/airflow/example_dags/example_sensors.py took 0.083 seconds
[2025-11-01T13:03:54.480+0530] {processor.py:161} INFO - Started process (PID=9815) to work on /home/logi/txtai/venv/lib/python3.10/site-packages/airflow/example_dags/example_sensors.py
[2025-11-01T13:03:54.493+0530] {processor.py:830} INFO - Processing file /home/logi/txtai/venv/lib/python3.10/site-packages/airflow/example_dags/example_sensors.py for tasks to queue
[2025-11-01T13:03:54.495+0530] {logging_mixin.py:188} INFO - [2025-11-01T13:03:54.495+0530] {dagbag.py:545} INFO - Filling up the DagBag from /home/logi/txtai/venv/lib/python3.10/site-packages/airflow/example_dags/example_sensors.py
[2025-11-01T13:03:54.503+0530] {processor.py:840} INFO - DAG(s) 'example_sensors' retrieved from /home/logi/txtai/venv/lib/python3.10/site-packages/airflow/example_dags/example_sensors.py
[2025-11-01T13:03:54.520+0530] {logging_mixin.py:188} INFO - [2025-11-01T13:03:54.519+0530] {dag.py:3089} INFO - Sync 1 DAGs
[2025-11-01T13:03:54.529+0530] {logging_mixin.py:188} INFO - [2025-11-01T13:03:54.528+0530] {dag.py:3947} INFO - Setting next_dagrun for example_sensors to None, run_after=None
[2025-11-01T13:03:54.546+0530] {processor.py:183} INFO - Processing /home/logi/txtai/venv/lib/python3.10/site-packages/airflow/example_dags/example_sensors.py took 0.072 seconds
[2025-11-01T13:05:03.764+0530] {processor.py:161} INFO - Started process (PID=10131) to work on /home/logi/txtai/venv/lib/python3.10/site-packages/airflow/example_dags/example_sensors.py
[2025-11-01T13:05:03.777+0530] {processor.py:830} INFO - Processing file /home/logi/txtai/venv/lib/python3.10/site-packages/airflow/example_dags/example_sensors.py for tasks to queue
[2025-11-01T13:05:03.780+0530] {logging_mixin.py:188} INFO - [2025-11-01T13:05:03.780+0530] {dagbag.py:545} INFO - Filling up the DagBag from /home/logi/txtai/venv/lib/python3.10/site-packages/airflow/example_dags/example_sensors.py
[2025-11-01T13:05:03.794+0530] {processor.py:840} INFO - DAG(s) 'example_sensors' retrieved from /home/logi/txtai/venv/lib/python3.10/site-packages/airflow/example_dags/example_sensors.py
[2025-11-01T13:05:03.829+0530] {logging_mixin.py:188} INFO - [2025-11-01T13:05:03.829+0530] {dag.py:3089} INFO - Sync 1 DAGs
[2025-11-01T13:05:03.838+0530] {logging_mixin.py:188} INFO - [2025-11-01T13:05:03.837+0530] {dag.py:3947} INFO - Setting next_dagrun for example_sensors to None, run_after=None
[2025-11-01T13:05:03.855+0530] {processor.py:183} INFO - Processing /home/logi/txtai/venv/lib/python3.10/site-packages/airflow/example_dags/example_sensors.py took 0.101 seconds
[2025-11-01T13:05:53.427+0530] {processor.py:161} INFO - Started process (PID=10240) to work on /home/logi/txtai/venv/lib/python3.10/site-packages/airflow/example_dags/example_sensors.py
[2025-11-01T13:05:53.440+0530] {processor.py:830} INFO - Processing file /home/logi/txtai/venv/lib/python3.10/site-packages/airflow/example_dags/example_sensors.py for tasks to queue
[2025-11-01T13:05:53.443+0530] {logging_mixin.py:188} INFO - [2025-11-01T13:05:53.442+0530] {dagbag.py:545} INFO - Filling up the DagBag from /home/logi/txtai/venv/lib/python3.10/site-packages/airflow/example_dags/example_sensors.py
[2025-11-01T13:05:53.457+0530] {processor.py:840} INFO - DAG(s) 'example_sensors' retrieved from /home/logi/txtai/venv/lib/python3.10/site-packages/airflow/example_dags/example_sensors.py
[2025-11-01T13:05:53.490+0530] {logging_mixin.py:188} INFO - [2025-11-01T13:05:53.490+0530] {dag.py:3089} INFO - Sync 1 DAGs
[2025-11-01T13:05:53.499+0530] {logging_mixin.py:188} INFO - [2025-11-01T13:05:53.499+0530] {dag.py:3947} INFO - Setting next_dagrun for example_sensors to None, run_after=None
[2025-11-01T13:05:53.521+0530] {processor.py:183} INFO - Processing /home/logi/txtai/venv/lib/python3.10/site-packages/airflow/example_dags/example_sensors.py took 0.105 seconds
[2025-11-01T13:06:54.723+0530] {processor.py:161} INFO - Started process (PID=10497) to work on /home/logi/txtai/venv/lib/python3.10/site-packages/airflow/example_dags/example_sensors.py
[2025-11-01T13:06:54.736+0530] {processor.py:830} INFO - Processing file /home/logi/txtai/venv/lib/python3.10/site-packages/airflow/example_dags/example_sensors.py for tasks to queue
[2025-11-01T13:06:54.739+0530] {logging_mixin.py:188} INFO - [2025-11-01T13:06:54.738+0530] {dagbag.py:545} INFO - Filling up the DagBag from /home/logi/txtai/venv/lib/python3.10/site-packages/airflow/example_dags/example_sensors.py
[2025-11-01T13:06:54.750+0530] {processor.py:840} INFO - DAG(s) 'example_sensors' retrieved from /home/logi/txtai/venv/lib/python3.10/site-packages/airflow/example_dags/example_sensors.py
[2025-11-01T13:06:54.772+0530] {logging_mixin.py:188} INFO - [2025-11-01T13:06:54.772+0530] {dag.py:3089} INFO - Sync 1 DAGs
[2025-11-01T13:06:54.781+0530] {logging_mixin.py:188} INFO - [2025-11-01T13:06:54.781+0530] {dag.py:3947} INFO - Setting next_dagrun for example_sensors to None, run_after=None
[2025-11-01T13:06:54.798+0530] {processor.py:183} INFO - Processing /home/logi/txtai/venv/lib/python3.10/site-packages/airflow/example_dags/example_sensors.py took 0.081 seconds
[2025-11-01T13:07:43.912+0530] {processor.py:161} INFO - Started process (PID=10612) to work on /home/logi/txtai/venv/lib/python3.10/site-packages/airflow/example_dags/example_sensors.py
[2025-11-01T13:07:43.929+0530] {processor.py:830} INFO - Processing file /home/logi/txtai/venv/lib/python3.10/site-packages/airflow/example_dags/example_sensors.py for tasks to queue
[2025-11-01T13:07:43.939+0530] {logging_mixin.py:188} INFO - [2025-11-01T13:07:43.936+0530] {dagbag.py:545} INFO - Filling up the DagBag from /home/logi/txtai/venv/lib/python3.10/site-packages/airflow/example_dags/example_sensors.py
[2025-11-01T13:07:43.997+0530] {processor.py:840} INFO - DAG(s) 'example_sensors' retrieved from /home/logi/txtai/venv/lib/python3.10/site-packages/airflow/example_dags/example_sensors.py
[2025-11-01T13:07:44.063+0530] {logging_mixin.py:188} INFO - [2025-11-01T13:07:44.062+0530] {dag.py:3089} INFO - Sync 1 DAGs
[2025-11-01T13:07:44.073+0530] {logging_mixin.py:188} INFO - [2025-11-01T13:07:44.073+0530] {dag.py:3947} INFO - Setting next_dagrun for example_sensors to None, run_after=None
[2025-11-01T13:07:44.122+0530] {processor.py:183} INFO - Processing /home/logi/txtai/venv/lib/python3.10/site-packages/airflow/example_dags/example_sensors.py took 0.239 seconds
[2025-11-01T13:08:40.871+0530] {processor.py:161} INFO - Started process (PID=10982) to work on /home/logi/txtai/venv/lib/python3.10/site-packages/airflow/example_dags/example_sensors.py
[2025-11-01T13:08:40.873+0530] {processor.py:830} INFO - Processing file /home/logi/txtai/venv/lib/python3.10/site-packages/airflow/example_dags/example_sensors.py for tasks to queue
[2025-11-01T13:08:40.877+0530] {logging_mixin.py:188} INFO - [2025-11-01T13:08:40.876+0530] {dagbag.py:545} INFO - Filling up the DagBag from /home/logi/txtai/venv/lib/python3.10/site-packages/airflow/example_dags/example_sensors.py
[2025-11-01T13:08:40.896+0530] {processor.py:840} INFO - DAG(s) 'example_sensors' retrieved from /home/logi/txtai/venv/lib/python3.10/site-packages/airflow/example_dags/example_sensors.py
[2025-11-01T13:08:40.918+0530] {logging_mixin.py:188} INFO - [2025-11-01T13:08:40.917+0530] {dag.py:3089} INFO - Sync 1 DAGs
[2025-11-01T13:08:40.926+0530] {logging_mixin.py:188} INFO - [2025-11-01T13:08:40.925+0530] {dag.py:3947} INFO - Setting next_dagrun for example_sensors to None, run_after=None
[2025-11-01T13:08:40.943+0530] {processor.py:183} INFO - Processing /home/logi/txtai/venv/lib/python3.10/site-packages/airflow/example_dags/example_sensors.py took 0.081 seconds
[2025-11-01T13:09:34.288+0530] {processor.py:161} INFO - Started process (PID=11193) to work on /home/logi/txtai/venv/lib/python3.10/site-packages/airflow/example_dags/example_sensors.py
[2025-11-01T13:09:34.301+0530] {processor.py:830} INFO - Processing file /home/logi/txtai/venv/lib/python3.10/site-packages/airflow/example_dags/example_sensors.py for tasks to queue
[2025-11-01T13:09:34.304+0530] {logging_mixin.py:188} INFO - [2025-11-01T13:09:34.303+0530] {dagbag.py:545} INFO - Filling up the DagBag from /home/logi/txtai/venv/lib/python3.10/site-packages/airflow/example_dags/example_sensors.py
[2025-11-01T13:09:34.321+0530] {processor.py:840} INFO - DAG(s) 'example_sensors' retrieved from /home/logi/txtai/venv/lib/python3.10/site-packages/airflow/example_dags/example_sensors.py
[2025-11-01T13:09:34.353+0530] {logging_mixin.py:188} INFO - [2025-11-01T13:09:34.352+0530] {dag.py:3089} INFO - Sync 1 DAGs
[2025-11-01T13:09:34.361+0530] {logging_mixin.py:188} INFO - [2025-11-01T13:09:34.361+0530] {dag.py:3947} INFO - Setting next_dagrun for example_sensors to None, run_after=None
[2025-11-01T13:09:34.379+0530] {processor.py:183} INFO - Processing /home/logi/txtai/venv/lib/python3.10/site-packages/airflow/example_dags/example_sensors.py took 0.102 seconds
[2025-11-01T13:10:27.603+0530] {processor.py:161} INFO - Started process (PID=11393) to work on /home/logi/txtai/venv/lib/python3.10/site-packages/airflow/example_dags/example_sensors.py
[2025-11-01T13:10:27.616+0530] {processor.py:830} INFO - Processing file /home/logi/txtai/venv/lib/python3.10/site-packages/airflow/example_dags/example_sensors.py for tasks to queue
[2025-11-01T13:10:27.619+0530] {logging_mixin.py:188} INFO - [2025-11-01T13:10:27.618+0530] {dagbag.py:545} INFO - Filling up the DagBag from /home/logi/txtai/venv/lib/python3.10/site-packages/airflow/example_dags/example_sensors.py
[2025-11-01T13:10:27.637+0530] {processor.py:840} INFO - DAG(s) 'example_sensors' retrieved from /home/logi/txtai/venv/lib/python3.10/site-packages/airflow/example_dags/example_sensors.py
[2025-11-01T13:10:27.669+0530] {logging_mixin.py:188} INFO - [2025-11-01T13:10:27.669+0530] {dag.py:3089} INFO - Sync 1 DAGs
[2025-11-01T13:10:27.682+0530] {logging_mixin.py:188} INFO - [2025-11-01T13:10:27.682+0530] {dag.py:3947} INFO - Setting next_dagrun for example_sensors to None, run_after=None
[2025-11-01T13:10:27.706+0530] {processor.py:183} INFO - Processing /home/logi/txtai/venv/lib/python3.10/site-packages/airflow/example_dags/example_sensors.py took 0.114 seconds
[2025-11-01T13:11:21.161+0530] {processor.py:161} INFO - Started process (PID=11525) to work on /home/logi/txtai/venv/lib/python3.10/site-packages/airflow/example_dags/example_sensors.py
[2025-11-01T13:11:21.174+0530] {processor.py:830} INFO - Processing file /home/logi/txtai/venv/lib/python3.10/site-packages/airflow/example_dags/example_sensors.py for tasks to queue
[2025-11-01T13:11:21.176+0530] {logging_mixin.py:188} INFO - [2025-11-01T13:11:21.176+0530] {dagbag.py:545} INFO - Filling up the DagBag from /home/logi/txtai/venv/lib/python3.10/site-packages/airflow/example_dags/example_sensors.py
[2025-11-01T13:11:21.184+0530] {processor.py:840} INFO - DAG(s) 'example_sensors' retrieved from /home/logi/txtai/venv/lib/python3.10/site-packages/airflow/example_dags/example_sensors.py
[2025-11-01T13:11:21.204+0530] {logging_mixin.py:188} INFO - [2025-11-01T13:11:21.203+0530] {dag.py:3089} INFO - Sync 1 DAGs
[2025-11-01T13:11:21.216+0530] {logging_mixin.py:188} INFO - [2025-11-01T13:11:21.216+0530] {dag.py:3947} INFO - Setting next_dagrun for example_sensors to None, run_after=None
[2025-11-01T13:11:21.233+0530] {processor.py:183} INFO - Processing /home/logi/txtai/venv/lib/python3.10/site-packages/airflow/example_dags/example_sensors.py took 0.077 seconds
[2025-11-01T13:12:15.048+0530] {processor.py:161} INFO - Started process (PID=11770) to work on /home/logi/txtai/venv/lib/python3.10/site-packages/airflow/example_dags/example_sensors.py
[2025-11-01T13:12:15.061+0530] {processor.py:830} INFO - Processing file /home/logi/txtai/venv/lib/python3.10/site-packages/airflow/example_dags/example_sensors.py for tasks to queue
[2025-11-01T13:12:15.063+0530] {logging_mixin.py:188} INFO - [2025-11-01T13:12:15.062+0530] {dagbag.py:545} INFO - Filling up the DagBag from /home/logi/txtai/venv/lib/python3.10/site-packages/airflow/example_dags/example_sensors.py
[2025-11-01T13:12:15.071+0530] {processor.py:840} INFO - DAG(s) 'example_sensors' retrieved from /home/logi/txtai/venv/lib/python3.10/site-packages/airflow/example_dags/example_sensors.py
[2025-11-01T13:12:15.091+0530] {logging_mixin.py:188} INFO - [2025-11-01T13:12:15.091+0530] {dag.py:3089} INFO - Sync 1 DAGs
[2025-11-01T13:12:15.100+0530] {logging_mixin.py:188} INFO - [2025-11-01T13:12:15.100+0530] {dag.py:3947} INFO - Setting next_dagrun for example_sensors to None, run_after=None
[2025-11-01T13:12:15.122+0530] {processor.py:183} INFO - Processing /home/logi/txtai/venv/lib/python3.10/site-packages/airflow/example_dags/example_sensors.py took 0.079 seconds
[2025-11-01T13:13:08.752+0530] {processor.py:161} INFO - Started process (PID=11889) to work on /home/logi/txtai/venv/lib/python3.10/site-packages/airflow/example_dags/example_sensors.py
[2025-11-01T13:13:08.766+0530] {processor.py:830} INFO - Processing file /home/logi/txtai/venv/lib/python3.10/site-packages/airflow/example_dags/example_sensors.py for tasks to queue
[2025-11-01T13:13:08.770+0530] {logging_mixin.py:188} INFO - [2025-11-01T13:13:08.769+0530] {dagbag.py:545} INFO - Filling up the DagBag from /home/logi/txtai/venv/lib/python3.10/site-packages/airflow/example_dags/example_sensors.py
[2025-11-01T13:13:08.786+0530] {processor.py:840} INFO - DAG(s) 'example_sensors' retrieved from /home/logi/txtai/venv/lib/python3.10/site-packages/airflow/example_dags/example_sensors.py
[2025-11-01T13:13:08.830+0530] {logging_mixin.py:188} INFO - [2025-11-01T13:13:08.830+0530] {dag.py:3089} INFO - Sync 1 DAGs
[2025-11-01T13:13:08.839+0530] {logging_mixin.py:188} INFO - [2025-11-01T13:13:08.839+0530] {dag.py:3947} INFO - Setting next_dagrun for example_sensors to None, run_after=None
[2025-11-01T13:13:08.858+0530] {processor.py:183} INFO - Processing /home/logi/txtai/venv/lib/python3.10/site-packages/airflow/example_dags/example_sensors.py took 0.118 seconds
[2025-11-01T13:13:56.501+0530] {processor.py:161} INFO - Started process (PID=12026) to work on /home/logi/txtai/venv/lib/python3.10/site-packages/airflow/example_dags/example_sensors.py
[2025-11-01T13:13:56.514+0530] {processor.py:830} INFO - Processing file /home/logi/txtai/venv/lib/python3.10/site-packages/airflow/example_dags/example_sensors.py for tasks to queue
[2025-11-01T13:13:56.517+0530] {logging_mixin.py:188} INFO - [2025-11-01T13:13:56.516+0530] {dagbag.py:545} INFO - Filling up the DagBag from /home/logi/txtai/venv/lib/python3.10/site-packages/airflow/example_dags/example_sensors.py
[2025-11-01T13:13:56.532+0530] {processor.py:840} INFO - DAG(s) 'example_sensors' retrieved from /home/logi/txtai/venv/lib/python3.10/site-packages/airflow/example_dags/example_sensors.py
[2025-11-01T13:13:56.555+0530] {logging_mixin.py:188} INFO - [2025-11-01T13:13:56.555+0530] {dag.py:3089} INFO - Sync 1 DAGs
[2025-11-01T13:13:56.563+0530] {logging_mixin.py:188} INFO - [2025-11-01T13:13:56.563+0530] {dag.py:3947} INFO - Setting next_dagrun for example_sensors to None, run_after=None
[2025-11-01T13:13:56.583+0530] {processor.py:183} INFO - Processing /home/logi/txtai/venv/lib/python3.10/site-packages/airflow/example_dags/example_sensors.py took 0.089 seconds
