[2025-11-01T12:49:32.505+0530] {processor.py:161} INFO - Started process (PID=6977) to work on /home/logi/txtai/venv/lib/python3.10/site-packages/airflow/example_dags/example_latest_only_with_trigger.py
[2025-11-01T12:49:32.505+0530] {processor.py:830} INFO - Processing file /home/logi/txtai/venv/lib/python3.10/site-packages/airflow/example_dags/example_latest_only_with_trigger.py for tasks to queue
[2025-11-01T12:49:32.507+0530] {logging_mixin.py:188} INFO - [2025-11-01T12:49:32.507+0530] {dagbag.py:545} INFO - Filling up the DagBag from /home/logi/txtai/venv/lib/python3.10/site-packages/airflow/example_dags/example_latest_only_with_trigger.py
[2025-11-01T12:49:32.512+0530] {processor.py:840} INFO - DAG(s) 'latest_only_with_trigger' retrieved from /home/logi/txtai/venv/lib/python3.10/site-packages/airflow/example_dags/example_latest_only_with_trigger.py
[2025-11-01T12:49:32.530+0530] {logging_mixin.py:188} INFO - [2025-11-01T12:49:32.529+0530] {dag.py:3089} INFO - Sync 1 DAGs
[2025-11-01T12:49:32.547+0530] {logging_mixin.py:188} INFO - [2025-11-01T12:49:32.546+0530] {dag.py:3947} INFO - Setting next_dagrun for latest_only_with_trigger to 2025-11-01 00:00:00+00:00, run_after=2025-11-01 04:00:00+00:00
[2025-11-01T12:49:32.593+0530] {processor.py:183} INFO - Processing /home/logi/txtai/venv/lib/python3.10/site-packages/airflow/example_dags/example_latest_only_with_trigger.py took 0.094 seconds
[2025-11-01T12:50:47.612+0530] {processor.py:161} INFO - Started process (PID=7292) to work on /home/logi/txtai/venv/lib/python3.10/site-packages/airflow/example_dags/example_latest_only_with_trigger.py
[2025-11-01T12:50:47.626+0530] {processor.py:830} INFO - Processing file /home/logi/txtai/venv/lib/python3.10/site-packages/airflow/example_dags/example_latest_only_with_trigger.py for tasks to queue
[2025-11-01T12:50:47.628+0530] {logging_mixin.py:188} INFO - [2025-11-01T12:50:47.628+0530] {dagbag.py:545} INFO - Filling up the DagBag from /home/logi/txtai/venv/lib/python3.10/site-packages/airflow/example_dags/example_latest_only_with_trigger.py
[2025-11-01T12:50:47.647+0530] {processor.py:840} INFO - DAG(s) 'latest_only_with_trigger' retrieved from /home/logi/txtai/venv/lib/python3.10/site-packages/airflow/example_dags/example_latest_only_with_trigger.py
[2025-11-01T12:50:47.692+0530] {logging_mixin.py:188} INFO - [2025-11-01T12:50:47.689+0530] {dag.py:3089} INFO - Sync 1 DAGs
[2025-11-01T12:50:47.749+0530] {logging_mixin.py:188} INFO - [2025-11-01T12:50:47.748+0530] {dag.py:3947} INFO - Setting next_dagrun for latest_only_with_trigger to 2025-11-01 00:00:00+00:00, run_after=2025-11-01 04:00:00+00:00
[2025-11-01T12:50:47.800+0530] {processor.py:183} INFO - Processing /home/logi/txtai/venv/lib/python3.10/site-packages/airflow/example_dags/example_latest_only_with_trigger.py took 0.215 seconds
[2025-11-01T12:51:49.040+0530] {processor.py:161} INFO - Started process (PID=7626) to work on /home/logi/txtai/venv/lib/python3.10/site-packages/airflow/example_dags/example_latest_only_with_trigger.py
[2025-11-01T12:51:49.058+0530] {processor.py:830} INFO - Processing file /home/logi/txtai/venv/lib/python3.10/site-packages/airflow/example_dags/example_latest_only_with_trigger.py for tasks to queue
[2025-11-01T12:51:49.064+0530] {logging_mixin.py:188} INFO - [2025-11-01T12:51:49.062+0530] {dagbag.py:545} INFO - Filling up the DagBag from /home/logi/txtai/venv/lib/python3.10/site-packages/airflow/example_dags/example_latest_only_with_trigger.py
[2025-11-01T12:51:49.086+0530] {processor.py:840} INFO - DAG(s) 'latest_only_with_trigger' retrieved from /home/logi/txtai/venv/lib/python3.10/site-packages/airflow/example_dags/example_latest_only_with_trigger.py
[2025-11-01T12:51:49.138+0530] {logging_mixin.py:188} INFO - [2025-11-01T12:51:49.137+0530] {dag.py:3089} INFO - Sync 1 DAGs
[2025-11-01T12:51:49.235+0530] {logging_mixin.py:188} INFO - [2025-11-01T12:51:49.233+0530] {dag.py:3947} INFO - Setting next_dagrun for latest_only_with_trigger to 2025-11-01 00:00:00+00:00, run_after=2025-11-01 04:00:00+00:00
[2025-11-01T12:51:49.331+0530] {processor.py:183} INFO - Processing /home/logi/txtai/venv/lib/python3.10/site-packages/airflow/example_dags/example_latest_only_with_trigger.py took 0.332 seconds
[2025-11-01T12:52:53.661+0530] {processor.py:161} INFO - Started process (PID=7898) to work on /home/logi/txtai/venv/lib/python3.10/site-packages/airflow/example_dags/example_latest_only_with_trigger.py
[2025-11-01T12:52:53.662+0530] {processor.py:830} INFO - Processing file /home/logi/txtai/venv/lib/python3.10/site-packages/airflow/example_dags/example_latest_only_with_trigger.py for tasks to queue
[2025-11-01T12:52:53.665+0530] {logging_mixin.py:188} INFO - [2025-11-01T12:52:53.664+0530] {dagbag.py:545} INFO - Filling up the DagBag from /home/logi/txtai/venv/lib/python3.10/site-packages/airflow/example_dags/example_latest_only_with_trigger.py
[2025-11-01T12:52:53.672+0530] {processor.py:840} INFO - DAG(s) 'latest_only_with_trigger' retrieved from /home/logi/txtai/venv/lib/python3.10/site-packages/airflow/example_dags/example_latest_only_with_trigger.py
[2025-11-01T12:52:53.687+0530] {logging_mixin.py:188} INFO - [2025-11-01T12:52:53.687+0530] {dag.py:3089} INFO - Sync 1 DAGs
[2025-11-01T12:52:53.702+0530] {logging_mixin.py:188} INFO - [2025-11-01T12:52:53.702+0530] {dag.py:3947} INFO - Setting next_dagrun for latest_only_with_trigger to 2025-11-01 00:00:00+00:00, run_after=2025-11-01 04:00:00+00:00
[2025-11-01T12:52:53.720+0530] {processor.py:183} INFO - Processing /home/logi/txtai/venv/lib/python3.10/site-packages/airflow/example_dags/example_latest_only_with_trigger.py took 0.069 seconds
[2025-11-01T12:53:48.979+0530] {processor.py:161} INFO - Started process (PID=8012) to work on /home/logi/txtai/venv/lib/python3.10/site-packages/airflow/example_dags/example_latest_only_with_trigger.py
[2025-11-01T12:53:48.980+0530] {processor.py:830} INFO - Processing file /home/logi/txtai/venv/lib/python3.10/site-packages/airflow/example_dags/example_latest_only_with_trigger.py for tasks to queue
[2025-11-01T12:53:48.983+0530] {logging_mixin.py:188} INFO - [2025-11-01T12:53:48.982+0530] {dagbag.py:545} INFO - Filling up the DagBag from /home/logi/txtai/venv/lib/python3.10/site-packages/airflow/example_dags/example_latest_only_with_trigger.py
[2025-11-01T12:53:48.992+0530] {processor.py:840} INFO - DAG(s) 'latest_only_with_trigger' retrieved from /home/logi/txtai/venv/lib/python3.10/site-packages/airflow/example_dags/example_latest_only_with_trigger.py
[2025-11-01T12:53:49.018+0530] {logging_mixin.py:188} INFO - [2025-11-01T12:53:49.018+0530] {dag.py:3089} INFO - Sync 1 DAGs
[2025-11-01T12:53:49.032+0530] {logging_mixin.py:188} INFO - [2025-11-01T12:53:49.032+0530] {dag.py:3947} INFO - Setting next_dagrun for latest_only_with_trigger to 2025-11-01 00:00:00+00:00, run_after=2025-11-01 04:00:00+00:00
[2025-11-01T12:53:49.056+0530] {processor.py:183} INFO - Processing /home/logi/txtai/venv/lib/python3.10/site-packages/airflow/example_dags/example_latest_only_with_trigger.py took 0.087 seconds
[2025-11-01T12:54:48.577+0530] {processor.py:161} INFO - Started process (PID=8217) to work on /home/logi/txtai/venv/lib/python3.10/site-packages/airflow/example_dags/example_latest_only_with_trigger.py
[2025-11-01T12:54:48.579+0530] {processor.py:830} INFO - Processing file /home/logi/txtai/venv/lib/python3.10/site-packages/airflow/example_dags/example_latest_only_with_trigger.py for tasks to queue
[2025-11-01T12:54:48.580+0530] {logging_mixin.py:188} INFO - [2025-11-01T12:54:48.580+0530] {dagbag.py:545} INFO - Filling up the DagBag from /home/logi/txtai/venv/lib/python3.10/site-packages/airflow/example_dags/example_latest_only_with_trigger.py
[2025-11-01T12:54:48.585+0530] {processor.py:840} INFO - DAG(s) 'latest_only_with_trigger' retrieved from /home/logi/txtai/venv/lib/python3.10/site-packages/airflow/example_dags/example_latest_only_with_trigger.py
[2025-11-01T12:54:48.599+0530] {logging_mixin.py:188} INFO - [2025-11-01T12:54:48.599+0530] {dag.py:3089} INFO - Sync 1 DAGs
[2025-11-01T12:54:48.614+0530] {logging_mixin.py:188} INFO - [2025-11-01T12:54:48.614+0530] {dag.py:3947} INFO - Setting next_dagrun for latest_only_with_trigger to 2025-11-01 00:00:00+00:00, run_after=2025-11-01 04:00:00+00:00
[2025-11-01T12:54:48.632+0530] {processor.py:183} INFO - Processing /home/logi/txtai/venv/lib/python3.10/site-packages/airflow/example_dags/example_latest_only_with_trigger.py took 0.060 seconds
[2025-11-01T12:55:38.395+0530] {processor.py:161} INFO - Started process (PID=8296) to work on /home/logi/txtai/venv/lib/python3.10/site-packages/airflow/example_dags/example_latest_only_with_trigger.py
[2025-11-01T12:55:38.409+0530] {processor.py:830} INFO - Processing file /home/logi/txtai/venv/lib/python3.10/site-packages/airflow/example_dags/example_latest_only_with_trigger.py for tasks to queue
[2025-11-01T12:55:38.412+0530] {logging_mixin.py:188} INFO - [2025-11-01T12:55:38.411+0530] {dagbag.py:545} INFO - Filling up the DagBag from /home/logi/txtai/venv/lib/python3.10/site-packages/airflow/example_dags/example_latest_only_with_trigger.py
[2025-11-01T12:55:38.426+0530] {processor.py:840} INFO - DAG(s) 'latest_only_with_trigger' retrieved from /home/logi/txtai/venv/lib/python3.10/site-packages/airflow/example_dags/example_latest_only_with_trigger.py
[2025-11-01T12:55:38.464+0530] {logging_mixin.py:188} INFO - [2025-11-01T12:55:38.464+0530] {dag.py:3089} INFO - Sync 1 DAGs
[2025-11-01T12:55:38.481+0530] {logging_mixin.py:188} INFO - [2025-11-01T12:55:38.481+0530] {dag.py:3947} INFO - Setting next_dagrun for latest_only_with_trigger to 2025-11-01 00:00:00+00:00, run_after=2025-11-01 04:00:00+00:00
[2025-11-01T12:55:38.505+0530] {processor.py:183} INFO - Processing /home/logi/txtai/venv/lib/python3.10/site-packages/airflow/example_dags/example_latest_only_with_trigger.py took 0.120 seconds
[2025-11-01T12:56:39.036+0530] {processor.py:161} INFO - Started process (PID=8544) to work on /home/logi/txtai/venv/lib/python3.10/site-packages/airflow/example_dags/example_latest_only_with_trigger.py
[2025-11-01T12:56:39.049+0530] {processor.py:830} INFO - Processing file /home/logi/txtai/venv/lib/python3.10/site-packages/airflow/example_dags/example_latest_only_with_trigger.py for tasks to queue
[2025-11-01T12:56:39.052+0530] {logging_mixin.py:188} INFO - [2025-11-01T12:56:39.051+0530] {dagbag.py:545} INFO - Filling up the DagBag from /home/logi/txtai/venv/lib/python3.10/site-packages/airflow/example_dags/example_latest_only_with_trigger.py
[2025-11-01T12:56:39.062+0530] {processor.py:840} INFO - DAG(s) 'latest_only_with_trigger' retrieved from /home/logi/txtai/venv/lib/python3.10/site-packages/airflow/example_dags/example_latest_only_with_trigger.py
[2025-11-01T12:56:39.089+0530] {logging_mixin.py:188} INFO - [2025-11-01T12:56:39.088+0530] {dag.py:3089} INFO - Sync 1 DAGs
[2025-11-01T12:56:39.109+0530] {logging_mixin.py:188} INFO - [2025-11-01T12:56:39.109+0530] {dag.py:3947} INFO - Setting next_dagrun for latest_only_with_trigger to 2025-11-01 00:00:00+00:00, run_after=2025-11-01 04:00:00+00:00
[2025-11-01T12:56:39.134+0530] {processor.py:183} INFO - Processing /home/logi/txtai/venv/lib/python3.10/site-packages/airflow/example_dags/example_latest_only_with_trigger.py took 0.109 seconds
[2025-11-01T12:57:33.709+0530] {processor.py:161} INFO - Started process (PID=8620) to work on /home/logi/txtai/venv/lib/python3.10/site-packages/airflow/example_dags/example_latest_only_with_trigger.py
[2025-11-01T12:57:33.722+0530] {processor.py:830} INFO - Processing file /home/logi/txtai/venv/lib/python3.10/site-packages/airflow/example_dags/example_latest_only_with_trigger.py for tasks to queue
[2025-11-01T12:57:33.725+0530] {logging_mixin.py:188} INFO - [2025-11-01T12:57:33.724+0530] {dagbag.py:545} INFO - Filling up the DagBag from /home/logi/txtai/venv/lib/python3.10/site-packages/airflow/example_dags/example_latest_only_with_trigger.py
[2025-11-01T12:57:33.734+0530] {processor.py:840} INFO - DAG(s) 'latest_only_with_trigger' retrieved from /home/logi/txtai/venv/lib/python3.10/site-packages/airflow/example_dags/example_latest_only_with_trigger.py
[2025-11-01T12:57:33.763+0530] {logging_mixin.py:188} INFO - [2025-11-01T12:57:33.762+0530] {dag.py:3089} INFO - Sync 1 DAGs
[2025-11-01T12:57:33.790+0530] {logging_mixin.py:188} INFO - [2025-11-01T12:57:33.790+0530] {dag.py:3947} INFO - Setting next_dagrun for latest_only_with_trigger to 2025-11-01 00:00:00+00:00, run_after=2025-11-01 04:00:00+00:00
[2025-11-01T12:57:33.812+0530] {processor.py:183} INFO - Processing /home/logi/txtai/venv/lib/python3.10/site-packages/airflow/example_dags/example_latest_only_with_trigger.py took 0.114 seconds
[2025-11-01T12:58:52.027+0530] {processor.py:161} INFO - Started process (PID=8888) to work on /home/logi/txtai/venv/lib/python3.10/site-packages/airflow/example_dags/example_latest_only_with_trigger.py
[2025-11-01T12:58:52.040+0530] {processor.py:830} INFO - Processing file /home/logi/txtai/venv/lib/python3.10/site-packages/airflow/example_dags/example_latest_only_with_trigger.py for tasks to queue
[2025-11-01T12:58:52.043+0530] {logging_mixin.py:188} INFO - [2025-11-01T12:58:52.043+0530] {dagbag.py:545} INFO - Filling up the DagBag from /home/logi/txtai/venv/lib/python3.10/site-packages/airflow/example_dags/example_latest_only_with_trigger.py
[2025-11-01T12:58:52.048+0530] {processor.py:840} INFO - DAG(s) 'latest_only_with_trigger' retrieved from /home/logi/txtai/venv/lib/python3.10/site-packages/airflow/example_dags/example_latest_only_with_trigger.py
[2025-11-01T12:58:52.062+0530] {logging_mixin.py:188} INFO - [2025-11-01T12:58:52.061+0530] {dag.py:3089} INFO - Sync 1 DAGs
[2025-11-01T12:58:52.079+0530] {logging_mixin.py:188} INFO - [2025-11-01T12:58:52.079+0530] {dag.py:3947} INFO - Setting next_dagrun for latest_only_with_trigger to 2025-11-01 00:00:00+00:00, run_after=2025-11-01 04:00:00+00:00
[2025-11-01T12:58:52.096+0530] {processor.py:183} INFO - Processing /home/logi/txtai/venv/lib/python3.10/site-packages/airflow/example_dags/example_latest_only_with_trigger.py took 0.076 seconds
[2025-11-01T12:59:45.219+0530] {processor.py:161} INFO - Started process (PID=8967) to work on /home/logi/txtai/venv/lib/python3.10/site-packages/airflow/example_dags/example_latest_only_with_trigger.py
[2025-11-01T12:59:45.232+0530] {processor.py:830} INFO - Processing file /home/logi/txtai/venv/lib/python3.10/site-packages/airflow/example_dags/example_latest_only_with_trigger.py for tasks to queue
[2025-11-01T12:59:45.237+0530] {logging_mixin.py:188} INFO - [2025-11-01T12:59:45.236+0530] {dagbag.py:545} INFO - Filling up the DagBag from /home/logi/txtai/venv/lib/python3.10/site-packages/airflow/example_dags/example_latest_only_with_trigger.py
[2025-11-01T12:59:45.245+0530] {processor.py:840} INFO - DAG(s) 'latest_only_with_trigger' retrieved from /home/logi/txtai/venv/lib/python3.10/site-packages/airflow/example_dags/example_latest_only_with_trigger.py
[2025-11-01T12:59:45.278+0530] {logging_mixin.py:188} INFO - [2025-11-01T12:59:45.277+0530] {dag.py:3089} INFO - Sync 1 DAGs
[2025-11-01T12:59:45.296+0530] {logging_mixin.py:188} INFO - [2025-11-01T12:59:45.295+0530] {dag.py:3947} INFO - Setting next_dagrun for latest_only_with_trigger to 2025-11-01 00:00:00+00:00, run_after=2025-11-01 04:00:00+00:00
[2025-11-01T12:59:45.320+0530] {processor.py:183} INFO - Processing /home/logi/txtai/venv/lib/python3.10/site-packages/airflow/example_dags/example_latest_only_with_trigger.py took 0.112 seconds
[2025-11-01T13:00:41.899+0530] {processor.py:161} INFO - Started process (PID=9167) to work on /home/logi/txtai/venv/lib/python3.10/site-packages/airflow/example_dags/example_latest_only_with_trigger.py
[2025-11-01T13:00:41.912+0530] {processor.py:830} INFO - Processing file /home/logi/txtai/venv/lib/python3.10/site-packages/airflow/example_dags/example_latest_only_with_trigger.py for tasks to queue
[2025-11-01T13:00:41.916+0530] {logging_mixin.py:188} INFO - [2025-11-01T13:00:41.915+0530] {dagbag.py:545} INFO - Filling up the DagBag from /home/logi/txtai/venv/lib/python3.10/site-packages/airflow/example_dags/example_latest_only_with_trigger.py
[2025-11-01T13:00:41.924+0530] {processor.py:840} INFO - DAG(s) 'latest_only_with_trigger' retrieved from /home/logi/txtai/venv/lib/python3.10/site-packages/airflow/example_dags/example_latest_only_with_trigger.py
[2025-11-01T13:00:41.951+0530] {logging_mixin.py:188} INFO - [2025-11-01T13:00:41.950+0530] {dag.py:3089} INFO - Sync 1 DAGs
[2025-11-01T13:00:41.969+0530] {logging_mixin.py:188} INFO - [2025-11-01T13:00:41.969+0530] {dag.py:3947} INFO - Setting next_dagrun for latest_only_with_trigger to 2025-11-01 00:00:00+00:00, run_after=2025-11-01 04:00:00+00:00
[2025-11-01T13:00:41.994+0530] {processor.py:183} INFO - Processing /home/logi/txtai/venv/lib/python3.10/site-packages/airflow/example_dags/example_latest_only_with_trigger.py took 0.108 seconds
[2025-11-01T13:01:37.910+0530] {processor.py:161} INFO - Started process (PID=9256) to work on /home/logi/txtai/venv/lib/python3.10/site-packages/airflow/example_dags/example_latest_only_with_trigger.py
[2025-11-01T13:01:37.913+0530] {processor.py:830} INFO - Processing file /home/logi/txtai/venv/lib/python3.10/site-packages/airflow/example_dags/example_latest_only_with_trigger.py for tasks to queue
[2025-11-01T13:01:37.920+0530] {logging_mixin.py:188} INFO - [2025-11-01T13:01:37.919+0530] {dagbag.py:545} INFO - Filling up the DagBag from /home/logi/txtai/venv/lib/python3.10/site-packages/airflow/example_dags/example_latest_only_with_trigger.py
[2025-11-01T13:01:37.941+0530] {processor.py:840} INFO - DAG(s) 'latest_only_with_trigger' retrieved from /home/logi/txtai/venv/lib/python3.10/site-packages/airflow/example_dags/example_latest_only_with_trigger.py
[2025-11-01T13:01:38.002+0530] {logging_mixin.py:188} INFO - [2025-11-01T13:01:38.000+0530] {dag.py:3089} INFO - Sync 1 DAGs
[2025-11-01T13:01:38.060+0530] {logging_mixin.py:188} INFO - [2025-11-01T13:01:38.060+0530] {dag.py:3947} INFO - Setting next_dagrun for latest_only_with_trigger to 2025-11-01 00:00:00+00:00, run_after=2025-11-01 04:00:00+00:00
[2025-11-01T13:01:38.164+0530] {processor.py:183} INFO - Processing /home/logi/txtai/venv/lib/python3.10/site-packages/airflow/example_dags/example_latest_only_with_trigger.py took 0.280 seconds
[2025-11-01T13:02:44.334+0530] {processor.py:161} INFO - Started process (PID=9616) to work on /home/logi/txtai/venv/lib/python3.10/site-packages/airflow/example_dags/example_latest_only_with_trigger.py
[2025-11-01T13:02:44.347+0530] {processor.py:830} INFO - Processing file /home/logi/txtai/venv/lib/python3.10/site-packages/airflow/example_dags/example_latest_only_with_trigger.py for tasks to queue
[2025-11-01T13:02:44.350+0530] {logging_mixin.py:188} INFO - [2025-11-01T13:02:44.349+0530] {dagbag.py:545} INFO - Filling up the DagBag from /home/logi/txtai/venv/lib/python3.10/site-packages/airflow/example_dags/example_latest_only_with_trigger.py
[2025-11-01T13:02:44.358+0530] {processor.py:840} INFO - DAG(s) 'latest_only_with_trigger' retrieved from /home/logi/txtai/venv/lib/python3.10/site-packages/airflow/example_dags/example_latest_only_with_trigger.py
[2025-11-01T13:02:44.385+0530] {logging_mixin.py:188} INFO - [2025-11-01T13:02:44.384+0530] {dag.py:3089} INFO - Sync 1 DAGs
[2025-11-01T13:02:44.406+0530] {logging_mixin.py:188} INFO - [2025-11-01T13:02:44.406+0530] {dag.py:3947} INFO - Setting next_dagrun for latest_only_with_trigger to 2025-11-01 00:00:00+00:00, run_after=2025-11-01 04:00:00+00:00
[2025-11-01T13:02:44.430+0530] {processor.py:183} INFO - Processing /home/logi/txtai/venv/lib/python3.10/site-packages/airflow/example_dags/example_latest_only_with_trigger.py took 0.106 seconds
[2025-11-01T13:03:38.057+0530] {processor.py:161} INFO - Started process (PID=9738) to work on /home/logi/txtai/venv/lib/python3.10/site-packages/airflow/example_dags/example_latest_only_with_trigger.py
[2025-11-01T13:03:38.074+0530] {processor.py:830} INFO - Processing file /home/logi/txtai/venv/lib/python3.10/site-packages/airflow/example_dags/example_latest_only_with_trigger.py for tasks to queue
[2025-11-01T13:03:38.081+0530] {logging_mixin.py:188} INFO - [2025-11-01T13:03:38.079+0530] {dagbag.py:545} INFO - Filling up the DagBag from /home/logi/txtai/venv/lib/python3.10/site-packages/airflow/example_dags/example_latest_only_with_trigger.py
[2025-11-01T13:03:38.106+0530] {processor.py:840} INFO - DAG(s) 'latest_only_with_trigger' retrieved from /home/logi/txtai/venv/lib/python3.10/site-packages/airflow/example_dags/example_latest_only_with_trigger.py
[2025-11-01T13:03:38.167+0530] {logging_mixin.py:188} INFO - [2025-11-01T13:03:38.166+0530] {dag.py:3089} INFO - Sync 1 DAGs
[2025-11-01T13:03:38.212+0530] {logging_mixin.py:188} INFO - [2025-11-01T13:03:38.211+0530] {dag.py:3947} INFO - Setting next_dagrun for latest_only_with_trigger to 2025-11-01 00:00:00+00:00, run_after=2025-11-01 04:00:00+00:00
[2025-11-01T13:03:38.247+0530] {processor.py:183} INFO - Processing /home/logi/txtai/venv/lib/python3.10/site-packages/airflow/example_dags/example_latest_only_with_trigger.py took 0.213 seconds
[2025-11-01T13:04:38.859+0530] {processor.py:161} INFO - Started process (PID=10062) to work on /home/logi/txtai/venv/lib/python3.10/site-packages/airflow/example_dags/example_latest_only_with_trigger.py
[2025-11-01T13:04:38.861+0530] {processor.py:830} INFO - Processing file /home/logi/txtai/venv/lib/python3.10/site-packages/airflow/example_dags/example_latest_only_with_trigger.py for tasks to queue
[2025-11-01T13:04:38.864+0530] {logging_mixin.py:188} INFO - [2025-11-01T13:04:38.863+0530] {dagbag.py:545} INFO - Filling up the DagBag from /home/logi/txtai/venv/lib/python3.10/site-packages/airflow/example_dags/example_latest_only_with_trigger.py
[2025-11-01T13:04:38.873+0530] {processor.py:840} INFO - DAG(s) 'latest_only_with_trigger' retrieved from /home/logi/txtai/venv/lib/python3.10/site-packages/airflow/example_dags/example_latest_only_with_trigger.py
[2025-11-01T13:04:38.899+0530] {logging_mixin.py:188} INFO - [2025-11-01T13:04:38.899+0530] {dag.py:3089} INFO - Sync 1 DAGs
[2025-11-01T13:04:38.913+0530] {logging_mixin.py:188} INFO - [2025-11-01T13:04:38.913+0530] {dag.py:3947} INFO - Setting next_dagrun for latest_only_with_trigger to 2025-11-01 00:00:00+00:00, run_after=2025-11-01 04:00:00+00:00
[2025-11-01T13:04:38.932+0530] {processor.py:183} INFO - Processing /home/logi/txtai/venv/lib/python3.10/site-packages/airflow/example_dags/example_latest_only_with_trigger.py took 0.083 seconds
[2025-11-01T13:05:34.759+0530] {processor.py:161} INFO - Started process (PID=10186) to work on /home/logi/txtai/venv/lib/python3.10/site-packages/airflow/example_dags/example_latest_only_with_trigger.py
[2025-11-01T13:05:34.772+0530] {processor.py:830} INFO - Processing file /home/logi/txtai/venv/lib/python3.10/site-packages/airflow/example_dags/example_latest_only_with_trigger.py for tasks to queue
[2025-11-01T13:05:34.775+0530] {logging_mixin.py:188} INFO - [2025-11-01T13:05:34.774+0530] {dagbag.py:545} INFO - Filling up the DagBag from /home/logi/txtai/venv/lib/python3.10/site-packages/airflow/example_dags/example_latest_only_with_trigger.py
[2025-11-01T13:05:34.784+0530] {processor.py:840} INFO - DAG(s) 'latest_only_with_trigger' retrieved from /home/logi/txtai/venv/lib/python3.10/site-packages/airflow/example_dags/example_latest_only_with_trigger.py
[2025-11-01T13:05:34.813+0530] {logging_mixin.py:188} INFO - [2025-11-01T13:05:34.813+0530] {dag.py:3089} INFO - Sync 1 DAGs
[2025-11-01T13:05:34.838+0530] {logging_mixin.py:188} INFO - [2025-11-01T13:05:34.838+0530] {dag.py:3947} INFO - Setting next_dagrun for latest_only_with_trigger to 2025-11-01 00:00:00+00:00, run_after=2025-11-01 04:00:00+00:00
[2025-11-01T13:05:34.857+0530] {processor.py:183} INFO - Processing /home/logi/txtai/venv/lib/python3.10/site-packages/airflow/example_dags/example_latest_only_with_trigger.py took 0.107 seconds
[2025-11-01T13:06:29.997+0530] {processor.py:161} INFO - Started process (PID=10432) to work on /home/logi/txtai/venv/lib/python3.10/site-packages/airflow/example_dags/example_latest_only_with_trigger.py
[2025-11-01T13:06:29.999+0530] {processor.py:830} INFO - Processing file /home/logi/txtai/venv/lib/python3.10/site-packages/airflow/example_dags/example_latest_only_with_trigger.py for tasks to queue
[2025-11-01T13:06:30.001+0530] {logging_mixin.py:188} INFO - [2025-11-01T13:06:30.001+0530] {dagbag.py:545} INFO - Filling up the DagBag from /home/logi/txtai/venv/lib/python3.10/site-packages/airflow/example_dags/example_latest_only_with_trigger.py
[2025-11-01T13:06:30.010+0530] {processor.py:840} INFO - DAG(s) 'latest_only_with_trigger' retrieved from /home/logi/txtai/venv/lib/python3.10/site-packages/airflow/example_dags/example_latest_only_with_trigger.py
[2025-11-01T13:06:30.035+0530] {logging_mixin.py:188} INFO - [2025-11-01T13:06:30.034+0530] {dag.py:3089} INFO - Sync 1 DAGs
[2025-11-01T13:06:30.048+0530] {logging_mixin.py:188} INFO - [2025-11-01T13:06:30.048+0530] {dag.py:3947} INFO - Setting next_dagrun for latest_only_with_trigger to 2025-11-01 00:00:00+00:00, run_after=2025-11-01 04:00:00+00:00
[2025-11-01T13:06:30.074+0530] {processor.py:183} INFO - Processing /home/logi/txtai/venv/lib/python3.10/site-packages/airflow/example_dags/example_latest_only_with_trigger.py took 0.088 seconds
[2025-11-01T13:07:24.743+0530] {processor.py:161} INFO - Started process (PID=10554) to work on /home/logi/txtai/venv/lib/python3.10/site-packages/airflow/example_dags/example_latest_only_with_trigger.py
[2025-11-01T13:07:24.756+0530] {processor.py:830} INFO - Processing file /home/logi/txtai/venv/lib/python3.10/site-packages/airflow/example_dags/example_latest_only_with_trigger.py for tasks to queue
[2025-11-01T13:07:24.761+0530] {logging_mixin.py:188} INFO - [2025-11-01T13:07:24.761+0530] {dagbag.py:545} INFO - Filling up the DagBag from /home/logi/txtai/venv/lib/python3.10/site-packages/airflow/example_dags/example_latest_only_with_trigger.py
[2025-11-01T13:07:24.770+0530] {processor.py:840} INFO - DAG(s) 'latest_only_with_trigger' retrieved from /home/logi/txtai/venv/lib/python3.10/site-packages/airflow/example_dags/example_latest_only_with_trigger.py
[2025-11-01T13:07:24.791+0530] {logging_mixin.py:188} INFO - [2025-11-01T13:07:24.791+0530] {dag.py:3089} INFO - Sync 1 DAGs
[2025-11-01T13:07:24.805+0530] {logging_mixin.py:188} INFO - [2025-11-01T13:07:24.805+0530] {dag.py:3947} INFO - Setting next_dagrun for latest_only_with_trigger to 2025-11-01 00:00:00+00:00, run_after=2025-11-01 04:00:00+00:00
[2025-11-01T13:07:24.824+0530] {processor.py:183} INFO - Processing /home/logi/txtai/venv/lib/python3.10/site-packages/airflow/example_dags/example_latest_only_with_trigger.py took 0.089 seconds
[2025-11-01T13:08:21.344+0530] {processor.py:161} INFO - Started process (PID=10806) to work on /home/logi/txtai/venv/lib/python3.10/site-packages/airflow/example_dags/example_latest_only_with_trigger.py
[2025-11-01T13:08:21.356+0530] {processor.py:830} INFO - Processing file /home/logi/txtai/venv/lib/python3.10/site-packages/airflow/example_dags/example_latest_only_with_trigger.py for tasks to queue
[2025-11-01T13:08:21.359+0530] {logging_mixin.py:188} INFO - [2025-11-01T13:08:21.359+0530] {dagbag.py:545} INFO - Filling up the DagBag from /home/logi/txtai/venv/lib/python3.10/site-packages/airflow/example_dags/example_latest_only_with_trigger.py
[2025-11-01T13:08:21.366+0530] {processor.py:840} INFO - DAG(s) 'latest_only_with_trigger' retrieved from /home/logi/txtai/venv/lib/python3.10/site-packages/airflow/example_dags/example_latest_only_with_trigger.py
[2025-11-01T13:08:21.384+0530] {logging_mixin.py:188} INFO - [2025-11-01T13:08:21.384+0530] {dag.py:3089} INFO - Sync 1 DAGs
[2025-11-01T13:08:21.401+0530] {logging_mixin.py:188} INFO - [2025-11-01T13:08:21.401+0530] {dag.py:3947} INFO - Setting next_dagrun for latest_only_with_trigger to 2025-11-01 00:00:00+00:00, run_after=2025-11-01 04:00:00+00:00
[2025-11-01T13:08:21.419+0530] {processor.py:183} INFO - Processing /home/logi/txtai/venv/lib/python3.10/site-packages/airflow/example_dags/example_latest_only_with_trigger.py took 0.080 seconds
[2025-11-01T13:09:14.883+0530] {processor.py:161} INFO - Started process (PID=11091) to work on /home/logi/txtai/venv/lib/python3.10/site-packages/airflow/example_dags/example_latest_only_with_trigger.py
[2025-11-01T13:09:14.885+0530] {processor.py:830} INFO - Processing file /home/logi/txtai/venv/lib/python3.10/site-packages/airflow/example_dags/example_latest_only_with_trigger.py for tasks to queue
[2025-11-01T13:09:14.886+0530] {logging_mixin.py:188} INFO - [2025-11-01T13:09:14.886+0530] {dagbag.py:545} INFO - Filling up the DagBag from /home/logi/txtai/venv/lib/python3.10/site-packages/airflow/example_dags/example_latest_only_with_trigger.py
[2025-11-01T13:09:14.896+0530] {processor.py:840} INFO - DAG(s) 'latest_only_with_trigger' retrieved from /home/logi/txtai/venv/lib/python3.10/site-packages/airflow/example_dags/example_latest_only_with_trigger.py
[2025-11-01T13:09:14.912+0530] {logging_mixin.py:188} INFO - [2025-11-01T13:09:14.912+0530] {dag.py:3089} INFO - Sync 1 DAGs
[2025-11-01T13:09:14.927+0530] {logging_mixin.py:188} INFO - [2025-11-01T13:09:14.926+0530] {dag.py:3947} INFO - Setting next_dagrun for latest_only_with_trigger to 2025-11-01 00:00:00+00:00, run_after=2025-11-01 04:00:00+00:00
[2025-11-01T13:09:14.949+0530] {processor.py:183} INFO - Processing /home/logi/txtai/venv/lib/python3.10/site-packages/airflow/example_dags/example_latest_only_with_trigger.py took 0.073 seconds
[2025-11-01T13:10:32.169+0530] {processor.py:161} INFO - Started process (PID=11398) to work on /home/logi/txtai/venv/lib/python3.10/site-packages/airflow/example_dags/example_latest_only_with_trigger.py
[2025-11-01T13:10:32.182+0530] {processor.py:830} INFO - Processing file /home/logi/txtai/venv/lib/python3.10/site-packages/airflow/example_dags/example_latest_only_with_trigger.py for tasks to queue
[2025-11-01T13:10:32.185+0530] {logging_mixin.py:188} INFO - [2025-11-01T13:10:32.185+0530] {dagbag.py:545} INFO - Filling up the DagBag from /home/logi/txtai/venv/lib/python3.10/site-packages/airflow/example_dags/example_latest_only_with_trigger.py
[2025-11-01T13:10:32.195+0530] {processor.py:840} INFO - DAG(s) 'latest_only_with_trigger' retrieved from /home/logi/txtai/venv/lib/python3.10/site-packages/airflow/example_dags/example_latest_only_with_trigger.py
[2025-11-01T13:10:32.222+0530] {logging_mixin.py:188} INFO - [2025-11-01T13:10:32.221+0530] {dag.py:3089} INFO - Sync 1 DAGs
[2025-11-01T13:10:32.244+0530] {logging_mixin.py:188} INFO - [2025-11-01T13:10:32.244+0530] {dag.py:3947} INFO - Setting next_dagrun for latest_only_with_trigger to 2025-11-01 00:00:00+00:00, run_after=2025-11-01 04:00:00+00:00
[2025-11-01T13:10:32.269+0530] {processor.py:183} INFO - Processing /home/logi/txtai/venv/lib/python3.10/site-packages/airflow/example_dags/example_latest_only_with_trigger.py took 0.111 seconds
[2025-11-01T13:11:26.892+0530] {processor.py:161} INFO - Started process (PID=11534) to work on /home/logi/txtai/venv/lib/python3.10/site-packages/airflow/example_dags/example_latest_only_with_trigger.py
[2025-11-01T13:11:26.905+0530] {processor.py:830} INFO - Processing file /home/logi/txtai/venv/lib/python3.10/site-packages/airflow/example_dags/example_latest_only_with_trigger.py for tasks to queue
[2025-11-01T13:11:26.908+0530] {logging_mixin.py:188} INFO - [2025-11-01T13:11:26.908+0530] {dagbag.py:545} INFO - Filling up the DagBag from /home/logi/txtai/venv/lib/python3.10/site-packages/airflow/example_dags/example_latest_only_with_trigger.py
[2025-11-01T13:11:26.917+0530] {processor.py:840} INFO - DAG(s) 'latest_only_with_trigger' retrieved from /home/logi/txtai/venv/lib/python3.10/site-packages/airflow/example_dags/example_latest_only_with_trigger.py
[2025-11-01T13:11:26.943+0530] {logging_mixin.py:188} INFO - [2025-11-01T13:11:26.943+0530] {dag.py:3089} INFO - Sync 1 DAGs
[2025-11-01T13:11:26.964+0530] {logging_mixin.py:188} INFO - [2025-11-01T13:11:26.964+0530] {dag.py:3947} INFO - Setting next_dagrun for latest_only_with_trigger to 2025-11-01 00:00:00+00:00, run_after=2025-11-01 04:00:00+00:00
[2025-11-01T13:11:26.986+0530] {processor.py:183} INFO - Processing /home/logi/txtai/venv/lib/python3.10/site-packages/airflow/example_dags/example_latest_only_with_trigger.py took 0.104 seconds
[2025-11-01T13:12:43.487+0530] {processor.py:161} INFO - Started process (PID=11820) to work on /home/logi/txtai/venv/lib/python3.10/site-packages/airflow/example_dags/example_latest_only_with_trigger.py
[2025-11-01T13:12:43.500+0530] {processor.py:830} INFO - Processing file /home/logi/txtai/venv/lib/python3.10/site-packages/airflow/example_dags/example_latest_only_with_trigger.py for tasks to queue
[2025-11-01T13:12:43.503+0530] {logging_mixin.py:188} INFO - [2025-11-01T13:12:43.503+0530] {dagbag.py:545} INFO - Filling up the DagBag from /home/logi/txtai/venv/lib/python3.10/site-packages/airflow/example_dags/example_latest_only_with_trigger.py
[2025-11-01T13:12:43.514+0530] {processor.py:840} INFO - DAG(s) 'latest_only_with_trigger' retrieved from /home/logi/txtai/venv/lib/python3.10/site-packages/airflow/example_dags/example_latest_only_with_trigger.py
[2025-11-01T13:12:43.541+0530] {logging_mixin.py:188} INFO - [2025-11-01T13:12:43.540+0530] {dag.py:3089} INFO - Sync 1 DAGs
[2025-11-01T13:12:43.561+0530] {logging_mixin.py:188} INFO - [2025-11-01T13:12:43.561+0530] {dag.py:3947} INFO - Setting next_dagrun for latest_only_with_trigger to 2025-11-01 00:00:00+00:00, run_after=2025-11-01 04:00:00+00:00
[2025-11-01T13:12:43.594+0530] {processor.py:183} INFO - Processing /home/logi/txtai/venv/lib/python3.10/site-packages/airflow/example_dags/example_latest_only_with_trigger.py took 0.120 seconds
[2025-11-01T13:13:35.781+0530] {processor.py:161} INFO - Started process (PID=11938) to work on /home/logi/txtai/venv/lib/python3.10/site-packages/airflow/example_dags/example_latest_only_with_trigger.py
[2025-11-01T13:13:35.795+0530] {processor.py:830} INFO - Processing file /home/logi/txtai/venv/lib/python3.10/site-packages/airflow/example_dags/example_latest_only_with_trigger.py for tasks to queue
[2025-11-01T13:13:35.797+0530] {logging_mixin.py:188} INFO - [2025-11-01T13:13:35.797+0530] {dagbag.py:545} INFO - Filling up the DagBag from /home/logi/txtai/venv/lib/python3.10/site-packages/airflow/example_dags/example_latest_only_with_trigger.py
[2025-11-01T13:13:35.806+0530] {processor.py:840} INFO - DAG(s) 'latest_only_with_trigger' retrieved from /home/logi/txtai/venv/lib/python3.10/site-packages/airflow/example_dags/example_latest_only_with_trigger.py
[2025-11-01T13:13:35.831+0530] {logging_mixin.py:188} INFO - [2025-11-01T13:13:35.831+0530] {dag.py:3089} INFO - Sync 1 DAGs
[2025-11-01T13:13:35.852+0530] {logging_mixin.py:188} INFO - [2025-11-01T13:13:35.852+0530] {dag.py:3947} INFO - Setting next_dagrun for latest_only_with_trigger to 2025-11-01 00:00:00+00:00, run_after=2025-11-01 04:00:00+00:00
[2025-11-01T13:13:35.871+0530] {processor.py:183} INFO - Processing /home/logi/txtai/venv/lib/python3.10/site-packages/airflow/example_dags/example_latest_only_with_trigger.py took 0.099 seconds
[2025-11-01T13:14:31.902+0530] {processor.py:161} INFO - Started process (PID=12210) to work on /home/logi/txtai/venv/lib/python3.10/site-packages/airflow/example_dags/example_latest_only_with_trigger.py
[2025-11-01T13:14:31.915+0530] {processor.py:830} INFO - Processing file /home/logi/txtai/venv/lib/python3.10/site-packages/airflow/example_dags/example_latest_only_with_trigger.py for tasks to queue
[2025-11-01T13:14:31.918+0530] {logging_mixin.py:188} INFO - [2025-11-01T13:14:31.917+0530] {dagbag.py:545} INFO - Filling up the DagBag from /home/logi/txtai/venv/lib/python3.10/site-packages/airflow/example_dags/example_latest_only_with_trigger.py
[2025-11-01T13:14:31.924+0530] {processor.py:840} INFO - DAG(s) 'latest_only_with_trigger' retrieved from /home/logi/txtai/venv/lib/python3.10/site-packages/airflow/example_dags/example_latest_only_with_trigger.py
[2025-11-01T13:14:31.939+0530] {logging_mixin.py:188} INFO - [2025-11-01T13:14:31.939+0530] {dag.py:3089} INFO - Sync 1 DAGs
[2025-11-01T13:14:31.953+0530] {logging_mixin.py:188} INFO - [2025-11-01T13:14:31.953+0530] {dag.py:3947} INFO - Setting next_dagrun for latest_only_with_trigger to 2025-11-01 00:00:00+00:00, run_after=2025-11-01 04:00:00+00:00
[2025-11-01T13:14:31.974+0530] {processor.py:183} INFO - Processing /home/logi/txtai/venv/lib/python3.10/site-packages/airflow/example_dags/example_latest_only_with_trigger.py took 0.079 seconds
