[2025-11-01T12:49:30.192+0530] {processor.py:161} INFO - Started process (PID=6975) to work on /home/logi/txtai/venv/lib/python3.10/site-packages/airflow/example_dags/example_latest_only.py
[2025-11-01T12:49:30.193+0530] {processor.py:830} INFO - Processing file /home/logi/txtai/venv/lib/python3.10/site-packages/airflow/example_dags/example_latest_only.py for tasks to queue
[2025-11-01T12:49:30.195+0530] {logging_mixin.py:188} INFO - [2025-11-01T12:49:30.194+0530] {dagbag.py:545} INFO - Filling up the DagBag from /home/logi/txtai/venv/lib/python3.10/site-packages/airflow/example_dags/example_latest_only.py
[2025-11-01T12:49:30.202+0530] {processor.py:840} INFO - DAG(s) 'latest_only' retrieved from /home/logi/txtai/venv/lib/python3.10/site-packages/airflow/example_dags/example_latest_only.py
[2025-11-01T12:49:30.218+0530] {logging_mixin.py:188} INFO - [2025-11-01T12:49:30.218+0530] {dag.py:3089} INFO - Sync 1 DAGs
[2025-11-01T12:49:30.233+0530] {logging_mixin.py:188} INFO - [2025-11-01T12:49:30.233+0530] {dag.py:3947} INFO - Setting next_dagrun for latest_only to 2025-11-01 00:00:00+00:00, run_after=2025-11-01 04:00:00+00:00
[2025-11-01T12:49:30.265+0530] {processor.py:183} INFO - Processing /home/logi/txtai/venv/lib/python3.10/site-packages/airflow/example_dags/example_latest_only.py took 0.078 seconds
[2025-11-01T12:50:45.525+0530] {processor.py:161} INFO - Started process (PID=7286) to work on /home/logi/txtai/venv/lib/python3.10/site-packages/airflow/example_dags/example_latest_only.py
[2025-11-01T12:50:45.538+0530] {processor.py:830} INFO - Processing file /home/logi/txtai/venv/lib/python3.10/site-packages/airflow/example_dags/example_latest_only.py for tasks to queue
[2025-11-01T12:50:45.541+0530] {logging_mixin.py:188} INFO - [2025-11-01T12:50:45.541+0530] {dagbag.py:545} INFO - Filling up the DagBag from /home/logi/txtai/venv/lib/python3.10/site-packages/airflow/example_dags/example_latest_only.py
[2025-11-01T12:50:45.550+0530] {processor.py:840} INFO - DAG(s) 'latest_only' retrieved from /home/logi/txtai/venv/lib/python3.10/site-packages/airflow/example_dags/example_latest_only.py
[2025-11-01T12:50:45.589+0530] {logging_mixin.py:188} INFO - [2025-11-01T12:50:45.588+0530] {dag.py:3089} INFO - Sync 1 DAGs
[2025-11-01T12:50:45.648+0530] {logging_mixin.py:188} INFO - [2025-11-01T12:50:45.648+0530] {dag.py:3947} INFO - Setting next_dagrun for latest_only to 2025-11-01 00:00:00+00:00, run_after=2025-11-01 04:00:00+00:00
[2025-11-01T12:50:45.714+0530] {processor.py:183} INFO - Processing /home/logi/txtai/venv/lib/python3.10/site-packages/airflow/example_dags/example_latest_only.py took 0.199 seconds
[2025-11-01T12:51:47.455+0530] {processor.py:161} INFO - Started process (PID=7620) to work on /home/logi/txtai/venv/lib/python3.10/site-packages/airflow/example_dags/example_latest_only.py
[2025-11-01T12:51:47.457+0530] {processor.py:830} INFO - Processing file /home/logi/txtai/venv/lib/python3.10/site-packages/airflow/example_dags/example_latest_only.py for tasks to queue
[2025-11-01T12:51:47.459+0530] {logging_mixin.py:188} INFO - [2025-11-01T12:51:47.458+0530] {dagbag.py:545} INFO - Filling up the DagBag from /home/logi/txtai/venv/lib/python3.10/site-packages/airflow/example_dags/example_latest_only.py
[2025-11-01T12:51:47.467+0530] {processor.py:840} INFO - DAG(s) 'latest_only' retrieved from /home/logi/txtai/venv/lib/python3.10/site-packages/airflow/example_dags/example_latest_only.py
[2025-11-01T12:51:47.489+0530] {logging_mixin.py:188} INFO - [2025-11-01T12:51:47.489+0530] {dag.py:3089} INFO - Sync 1 DAGs
[2025-11-01T12:51:47.511+0530] {logging_mixin.py:188} INFO - [2025-11-01T12:51:47.511+0530] {dag.py:3947} INFO - Setting next_dagrun for latest_only to 2025-11-01 00:00:00+00:00, run_after=2025-11-01 04:00:00+00:00
[2025-11-01T12:51:47.560+0530] {processor.py:183} INFO - Processing /home/logi/txtai/venv/lib/python3.10/site-packages/airflow/example_dags/example_latest_only.py took 0.113 seconds
[2025-11-01T12:52:52.076+0530] {processor.py:161} INFO - Started process (PID=7896) to work on /home/logi/txtai/venv/lib/python3.10/site-packages/airflow/example_dags/example_latest_only.py
[2025-11-01T12:52:52.084+0530] {processor.py:830} INFO - Processing file /home/logi/txtai/venv/lib/python3.10/site-packages/airflow/example_dags/example_latest_only.py for tasks to queue
[2025-11-01T12:52:52.089+0530] {logging_mixin.py:188} INFO - [2025-11-01T12:52:52.088+0530] {dagbag.py:545} INFO - Filling up the DagBag from /home/logi/txtai/venv/lib/python3.10/site-packages/airflow/example_dags/example_latest_only.py
[2025-11-01T12:52:52.098+0530] {processor.py:840} INFO - DAG(s) 'latest_only' retrieved from /home/logi/txtai/venv/lib/python3.10/site-packages/airflow/example_dags/example_latest_only.py
[2025-11-01T12:52:52.126+0530] {logging_mixin.py:188} INFO - [2025-11-01T12:52:52.125+0530] {dag.py:3089} INFO - Sync 1 DAGs
[2025-11-01T12:52:52.147+0530] {logging_mixin.py:188} INFO - [2025-11-01T12:52:52.147+0530] {dag.py:3947} INFO - Setting next_dagrun for latest_only to 2025-11-01 00:00:00+00:00, run_after=2025-11-01 04:00:00+00:00
[2025-11-01T12:52:52.168+0530] {processor.py:183} INFO - Processing /home/logi/txtai/venv/lib/python3.10/site-packages/airflow/example_dags/example_latest_only.py took 0.103 seconds
[2025-11-01T12:53:46.673+0530] {processor.py:161} INFO - Started process (PID=8008) to work on /home/logi/txtai/venv/lib/python3.10/site-packages/airflow/example_dags/example_latest_only.py
[2025-11-01T12:53:46.686+0530] {processor.py:830} INFO - Processing file /home/logi/txtai/venv/lib/python3.10/site-packages/airflow/example_dags/example_latest_only.py for tasks to queue
[2025-11-01T12:53:46.689+0530] {logging_mixin.py:188} INFO - [2025-11-01T12:53:46.688+0530] {dagbag.py:545} INFO - Filling up the DagBag from /home/logi/txtai/venv/lib/python3.10/site-packages/airflow/example_dags/example_latest_only.py
[2025-11-01T12:53:46.694+0530] {processor.py:840} INFO - DAG(s) 'latest_only' retrieved from /home/logi/txtai/venv/lib/python3.10/site-packages/airflow/example_dags/example_latest_only.py
[2025-11-01T12:53:46.713+0530] {logging_mixin.py:188} INFO - [2025-11-01T12:53:46.713+0530] {dag.py:3089} INFO - Sync 1 DAGs
[2025-11-01T12:53:46.728+0530] {logging_mixin.py:188} INFO - [2025-11-01T12:53:46.727+0530] {dag.py:3947} INFO - Setting next_dagrun for latest_only to 2025-11-01 00:00:00+00:00, run_after=2025-11-01 04:00:00+00:00
[2025-11-01T12:53:46.746+0530] {processor.py:183} INFO - Processing /home/logi/txtai/venv/lib/python3.10/site-packages/airflow/example_dags/example_latest_only.py took 0.077 seconds
[2025-11-01T12:54:46.133+0530] {processor.py:161} INFO - Started process (PID=8215) to work on /home/logi/txtai/venv/lib/python3.10/site-packages/airflow/example_dags/example_latest_only.py
[2025-11-01T12:54:46.146+0530] {processor.py:830} INFO - Processing file /home/logi/txtai/venv/lib/python3.10/site-packages/airflow/example_dags/example_latest_only.py for tasks to queue
[2025-11-01T12:54:46.149+0530] {logging_mixin.py:188} INFO - [2025-11-01T12:54:46.149+0530] {dagbag.py:545} INFO - Filling up the DagBag from /home/logi/txtai/venv/lib/python3.10/site-packages/airflow/example_dags/example_latest_only.py
[2025-11-01T12:54:46.157+0530] {processor.py:840} INFO - DAG(s) 'latest_only' retrieved from /home/logi/txtai/venv/lib/python3.10/site-packages/airflow/example_dags/example_latest_only.py
[2025-11-01T12:54:46.180+0530] {logging_mixin.py:188} INFO - [2025-11-01T12:54:46.180+0530] {dag.py:3089} INFO - Sync 1 DAGs
[2025-11-01T12:54:46.203+0530] {logging_mixin.py:188} INFO - [2025-11-01T12:54:46.203+0530] {dag.py:3947} INFO - Setting next_dagrun for latest_only to 2025-11-01 00:00:00+00:00, run_after=2025-11-01 04:00:00+00:00
[2025-11-01T12:54:46.227+0530] {processor.py:183} INFO - Processing /home/logi/txtai/venv/lib/python3.10/site-packages/airflow/example_dags/example_latest_only.py took 0.105 seconds
[2025-11-01T12:55:36.073+0530] {processor.py:161} INFO - Started process (PID=8294) to work on /home/logi/txtai/venv/lib/python3.10/site-packages/airflow/example_dags/example_latest_only.py
[2025-11-01T12:55:36.086+0530] {processor.py:830} INFO - Processing file /home/logi/txtai/venv/lib/python3.10/site-packages/airflow/example_dags/example_latest_only.py for tasks to queue
[2025-11-01T12:55:36.088+0530] {logging_mixin.py:188} INFO - [2025-11-01T12:55:36.087+0530] {dagbag.py:545} INFO - Filling up the DagBag from /home/logi/txtai/venv/lib/python3.10/site-packages/airflow/example_dags/example_latest_only.py
[2025-11-01T12:55:36.096+0530] {processor.py:840} INFO - DAG(s) 'latest_only' retrieved from /home/logi/txtai/venv/lib/python3.10/site-packages/airflow/example_dags/example_latest_only.py
[2025-11-01T12:55:36.113+0530] {logging_mixin.py:188} INFO - [2025-11-01T12:55:36.113+0530] {dag.py:3089} INFO - Sync 1 DAGs
[2025-11-01T12:55:36.136+0530] {logging_mixin.py:188} INFO - [2025-11-01T12:55:36.136+0530] {dag.py:3947} INFO - Setting next_dagrun for latest_only to 2025-11-01 00:00:00+00:00, run_after=2025-11-01 04:00:00+00:00
[2025-11-01T12:55:36.165+0530] {processor.py:183} INFO - Processing /home/logi/txtai/venv/lib/python3.10/site-packages/airflow/example_dags/example_latest_only.py took 0.098 seconds
[2025-11-01T12:56:37.654+0530] {processor.py:161} INFO - Started process (PID=8542) to work on /home/logi/txtai/venv/lib/python3.10/site-packages/airflow/example_dags/example_latest_only.py
[2025-11-01T12:56:37.656+0530] {processor.py:830} INFO - Processing file /home/logi/txtai/venv/lib/python3.10/site-packages/airflow/example_dags/example_latest_only.py for tasks to queue
[2025-11-01T12:56:37.659+0530] {logging_mixin.py:188} INFO - [2025-11-01T12:56:37.658+0530] {dagbag.py:545} INFO - Filling up the DagBag from /home/logi/txtai/venv/lib/python3.10/site-packages/airflow/example_dags/example_latest_only.py
[2025-11-01T12:56:37.670+0530] {processor.py:840} INFO - DAG(s) 'latest_only' retrieved from /home/logi/txtai/venv/lib/python3.10/site-packages/airflow/example_dags/example_latest_only.py
[2025-11-01T12:56:37.683+0530] {logging_mixin.py:188} INFO - [2025-11-01T12:56:37.683+0530] {dag.py:3089} INFO - Sync 1 DAGs
[2025-11-01T12:56:37.698+0530] {logging_mixin.py:188} INFO - [2025-11-01T12:56:37.698+0530] {dag.py:3947} INFO - Setting next_dagrun for latest_only to 2025-11-01 00:00:00+00:00, run_after=2025-11-01 04:00:00+00:00
[2025-11-01T12:56:37.714+0530] {processor.py:183} INFO - Processing /home/logi/txtai/venv/lib/python3.10/site-packages/airflow/example_dags/example_latest_only.py took 0.067 seconds
[2025-11-01T12:57:31.420+0530] {processor.py:161} INFO - Started process (PID=8618) to work on /home/logi/txtai/venv/lib/python3.10/site-packages/airflow/example_dags/example_latest_only.py
[2025-11-01T12:57:31.425+0530] {processor.py:830} INFO - Processing file /home/logi/txtai/venv/lib/python3.10/site-packages/airflow/example_dags/example_latest_only.py for tasks to queue
[2025-11-01T12:57:31.429+0530] {logging_mixin.py:188} INFO - [2025-11-01T12:57:31.428+0530] {dagbag.py:545} INFO - Filling up the DagBag from /home/logi/txtai/venv/lib/python3.10/site-packages/airflow/example_dags/example_latest_only.py
[2025-11-01T12:57:31.437+0530] {processor.py:840} INFO - DAG(s) 'latest_only' retrieved from /home/logi/txtai/venv/lib/python3.10/site-packages/airflow/example_dags/example_latest_only.py
[2025-11-01T12:57:31.461+0530] {logging_mixin.py:188} INFO - [2025-11-01T12:57:31.461+0530] {dag.py:3089} INFO - Sync 1 DAGs
[2025-11-01T12:57:31.479+0530] {logging_mixin.py:188} INFO - [2025-11-01T12:57:31.479+0530] {dag.py:3947} INFO - Setting next_dagrun for latest_only to 2025-11-01 00:00:00+00:00, run_after=2025-11-01 04:00:00+00:00
[2025-11-01T12:57:31.498+0530] {processor.py:183} INFO - Processing /home/logi/txtai/venv/lib/python3.10/site-packages/airflow/example_dags/example_latest_only.py took 0.088 seconds
[2025-11-01T12:58:50.606+0530] {processor.py:161} INFO - Started process (PID=8886) to work on /home/logi/txtai/venv/lib/python3.10/site-packages/airflow/example_dags/example_latest_only.py
[2025-11-01T12:58:50.619+0530] {processor.py:830} INFO - Processing file /home/logi/txtai/venv/lib/python3.10/site-packages/airflow/example_dags/example_latest_only.py for tasks to queue
[2025-11-01T12:58:50.621+0530] {logging_mixin.py:188} INFO - [2025-11-01T12:58:50.621+0530] {dagbag.py:545} INFO - Filling up the DagBag from /home/logi/txtai/venv/lib/python3.10/site-packages/airflow/example_dags/example_latest_only.py
[2025-11-01T12:58:50.630+0530] {processor.py:840} INFO - DAG(s) 'latest_only' retrieved from /home/logi/txtai/venv/lib/python3.10/site-packages/airflow/example_dags/example_latest_only.py
[2025-11-01T12:58:50.655+0530] {logging_mixin.py:188} INFO - [2025-11-01T12:58:50.654+0530] {dag.py:3089} INFO - Sync 1 DAGs
[2025-11-01T12:58:50.676+0530] {logging_mixin.py:188} INFO - [2025-11-01T12:58:50.676+0530] {dag.py:3947} INFO - Setting next_dagrun for latest_only to 2025-11-01 00:00:00+00:00, run_after=2025-11-01 04:00:00+00:00
[2025-11-01T12:58:50.702+0530] {processor.py:183} INFO - Processing /home/logi/txtai/venv/lib/python3.10/site-packages/airflow/example_dags/example_latest_only.py took 0.106 seconds
[2025-11-01T12:59:44.030+0530] {processor.py:161} INFO - Started process (PID=8965) to work on /home/logi/txtai/venv/lib/python3.10/site-packages/airflow/example_dags/example_latest_only.py
[2025-11-01T12:59:44.044+0530] {processor.py:830} INFO - Processing file /home/logi/txtai/venv/lib/python3.10/site-packages/airflow/example_dags/example_latest_only.py for tasks to queue
[2025-11-01T12:59:44.046+0530] {logging_mixin.py:188} INFO - [2025-11-01T12:59:44.046+0530] {dagbag.py:545} INFO - Filling up the DagBag from /home/logi/txtai/venv/lib/python3.10/site-packages/airflow/example_dags/example_latest_only.py
[2025-11-01T12:59:44.055+0530] {processor.py:840} INFO - DAG(s) 'latest_only' retrieved from /home/logi/txtai/venv/lib/python3.10/site-packages/airflow/example_dags/example_latest_only.py
[2025-11-01T12:59:44.079+0530] {logging_mixin.py:188} INFO - [2025-11-01T12:59:44.079+0530] {dag.py:3089} INFO - Sync 1 DAGs
[2025-11-01T12:59:44.100+0530] {logging_mixin.py:188} INFO - [2025-11-01T12:59:44.099+0530] {dag.py:3947} INFO - Setting next_dagrun for latest_only to 2025-11-01 00:00:00+00:00, run_after=2025-11-01 04:00:00+00:00
[2025-11-01T12:59:44.126+0530] {processor.py:183} INFO - Processing /home/logi/txtai/venv/lib/python3.10/site-packages/airflow/example_dags/example_latest_only.py took 0.106 seconds
[2025-11-01T13:00:40.471+0530] {processor.py:161} INFO - Started process (PID=9165) to work on /home/logi/txtai/venv/lib/python3.10/site-packages/airflow/example_dags/example_latest_only.py
[2025-11-01T13:00:40.484+0530] {processor.py:830} INFO - Processing file /home/logi/txtai/venv/lib/python3.10/site-packages/airflow/example_dags/example_latest_only.py for tasks to queue
[2025-11-01T13:00:40.489+0530] {logging_mixin.py:188} INFO - [2025-11-01T13:00:40.488+0530] {dagbag.py:545} INFO - Filling up the DagBag from /home/logi/txtai/venv/lib/python3.10/site-packages/airflow/example_dags/example_latest_only.py
[2025-11-01T13:00:40.497+0530] {processor.py:840} INFO - DAG(s) 'latest_only' retrieved from /home/logi/txtai/venv/lib/python3.10/site-packages/airflow/example_dags/example_latest_only.py
[2025-11-01T13:00:40.515+0530] {logging_mixin.py:188} INFO - [2025-11-01T13:00:40.515+0530] {dag.py:3089} INFO - Sync 1 DAGs
[2025-11-01T13:00:40.531+0530] {logging_mixin.py:188} INFO - [2025-11-01T13:00:40.531+0530] {dag.py:3947} INFO - Setting next_dagrun for latest_only to 2025-11-01 00:00:00+00:00, run_after=2025-11-01 04:00:00+00:00
[2025-11-01T13:00:40.548+0530] {processor.py:183} INFO - Processing /home/logi/txtai/venv/lib/python3.10/site-packages/airflow/example_dags/example_latest_only.py took 0.087 seconds
[2025-11-01T13:01:35.402+0530] {processor.py:161} INFO - Started process (PID=9249) to work on /home/logi/txtai/venv/lib/python3.10/site-packages/airflow/example_dags/example_latest_only.py
[2025-11-01T13:01:35.417+0530] {processor.py:830} INFO - Processing file /home/logi/txtai/venv/lib/python3.10/site-packages/airflow/example_dags/example_latest_only.py for tasks to queue
[2025-11-01T13:01:35.422+0530] {logging_mixin.py:188} INFO - [2025-11-01T13:01:35.420+0530] {dagbag.py:545} INFO - Filling up the DagBag from /home/logi/txtai/venv/lib/python3.10/site-packages/airflow/example_dags/example_latest_only.py
[2025-11-01T13:01:35.444+0530] {processor.py:840} INFO - DAG(s) 'latest_only' retrieved from /home/logi/txtai/venv/lib/python3.10/site-packages/airflow/example_dags/example_latest_only.py
[2025-11-01T13:01:35.506+0530] {logging_mixin.py:188} INFO - [2025-11-01T13:01:35.505+0530] {dag.py:3089} INFO - Sync 1 DAGs
[2025-11-01T13:01:35.563+0530] {logging_mixin.py:188} INFO - [2025-11-01T13:01:35.562+0530] {dag.py:3947} INFO - Setting next_dagrun for latest_only to 2025-11-01 00:00:00+00:00, run_after=2025-11-01 04:00:00+00:00
[2025-11-01T13:01:35.630+0530] {processor.py:183} INFO - Processing /home/logi/txtai/venv/lib/python3.10/site-packages/airflow/example_dags/example_latest_only.py took 0.257 seconds
[2025-11-01T13:02:42.428+0530] {processor.py:161} INFO - Started process (PID=9614) to work on /home/logi/txtai/venv/lib/python3.10/site-packages/airflow/example_dags/example_latest_only.py
[2025-11-01T13:02:42.442+0530] {processor.py:830} INFO - Processing file /home/logi/txtai/venv/lib/python3.10/site-packages/airflow/example_dags/example_latest_only.py for tasks to queue
[2025-11-01T13:02:42.444+0530] {logging_mixin.py:188} INFO - [2025-11-01T13:02:42.444+0530] {dagbag.py:545} INFO - Filling up the DagBag from /home/logi/txtai/venv/lib/python3.10/site-packages/airflow/example_dags/example_latest_only.py
[2025-11-01T13:02:42.451+0530] {processor.py:840} INFO - DAG(s) 'latest_only' retrieved from /home/logi/txtai/venv/lib/python3.10/site-packages/airflow/example_dags/example_latest_only.py
[2025-11-01T13:02:42.476+0530] {logging_mixin.py:188} INFO - [2025-11-01T13:02:42.475+0530] {dag.py:3089} INFO - Sync 1 DAGs
[2025-11-01T13:02:42.501+0530] {logging_mixin.py:188} INFO - [2025-11-01T13:02:42.500+0530] {dag.py:3947} INFO - Setting next_dagrun for latest_only to 2025-11-01 00:00:00+00:00, run_after=2025-11-01 04:00:00+00:00
[2025-11-01T13:02:42.532+0530] {processor.py:183} INFO - Processing /home/logi/txtai/venv/lib/python3.10/site-packages/airflow/example_dags/example_latest_only.py took 0.116 seconds
[2025-11-01T13:03:36.221+0530] {processor.py:161} INFO - Started process (PID=9736) to work on /home/logi/txtai/venv/lib/python3.10/site-packages/airflow/example_dags/example_latest_only.py
[2025-11-01T13:03:36.222+0530] {processor.py:830} INFO - Processing file /home/logi/txtai/venv/lib/python3.10/site-packages/airflow/example_dags/example_latest_only.py for tasks to queue
[2025-11-01T13:03:36.226+0530] {logging_mixin.py:188} INFO - [2025-11-01T13:03:36.225+0530] {dagbag.py:545} INFO - Filling up the DagBag from /home/logi/txtai/venv/lib/python3.10/site-packages/airflow/example_dags/example_latest_only.py
[2025-11-01T13:03:36.230+0530] {processor.py:840} INFO - DAG(s) 'latest_only' retrieved from /home/logi/txtai/venv/lib/python3.10/site-packages/airflow/example_dags/example_latest_only.py
[2025-11-01T13:03:36.244+0530] {logging_mixin.py:188} INFO - [2025-11-01T13:03:36.244+0530] {dag.py:3089} INFO - Sync 1 DAGs
[2025-11-01T13:03:36.259+0530] {logging_mixin.py:188} INFO - [2025-11-01T13:03:36.259+0530] {dag.py:3947} INFO - Setting next_dagrun for latest_only to 2025-11-01 00:00:00+00:00, run_after=2025-11-01 04:00:00+00:00
[2025-11-01T13:03:36.279+0530] {processor.py:183} INFO - Processing /home/logi/txtai/venv/lib/python3.10/site-packages/airflow/example_dags/example_latest_only.py took 0.065 seconds
[2025-11-01T13:04:37.402+0530] {processor.py:161} INFO - Started process (PID=10056) to work on /home/logi/txtai/venv/lib/python3.10/site-packages/airflow/example_dags/example_latest_only.py
[2025-11-01T13:04:37.415+0530] {processor.py:830} INFO - Processing file /home/logi/txtai/venv/lib/python3.10/site-packages/airflow/example_dags/example_latest_only.py for tasks to queue
[2025-11-01T13:04:37.419+0530] {logging_mixin.py:188} INFO - [2025-11-01T13:04:37.419+0530] {dagbag.py:545} INFO - Filling up the DagBag from /home/logi/txtai/venv/lib/python3.10/site-packages/airflow/example_dags/example_latest_only.py
[2025-11-01T13:04:37.424+0530] {processor.py:840} INFO - DAG(s) 'latest_only' retrieved from /home/logi/txtai/venv/lib/python3.10/site-packages/airflow/example_dags/example_latest_only.py
[2025-11-01T13:04:37.438+0530] {logging_mixin.py:188} INFO - [2025-11-01T13:04:37.438+0530] {dag.py:3089} INFO - Sync 1 DAGs
[2025-11-01T13:04:37.454+0530] {logging_mixin.py:188} INFO - [2025-11-01T13:04:37.454+0530] {dag.py:3947} INFO - Setting next_dagrun for latest_only to 2025-11-01 00:00:00+00:00, run_after=2025-11-01 04:00:00+00:00
[2025-11-01T13:04:37.472+0530] {processor.py:183} INFO - Processing /home/logi/txtai/venv/lib/python3.10/site-packages/airflow/example_dags/example_latest_only.py took 0.077 seconds
[2025-11-01T13:05:32.445+0530] {processor.py:161} INFO - Started process (PID=10180) to work on /home/logi/txtai/venv/lib/python3.10/site-packages/airflow/example_dags/example_latest_only.py
[2025-11-01T13:05:32.458+0530] {processor.py:830} INFO - Processing file /home/logi/txtai/venv/lib/python3.10/site-packages/airflow/example_dags/example_latest_only.py for tasks to queue
[2025-11-01T13:05:32.462+0530] {logging_mixin.py:188} INFO - [2025-11-01T13:05:32.461+0530] {dagbag.py:545} INFO - Filling up the DagBag from /home/logi/txtai/venv/lib/python3.10/site-packages/airflow/example_dags/example_latest_only.py
[2025-11-01T13:05:32.466+0530] {processor.py:840} INFO - DAG(s) 'latest_only' retrieved from /home/logi/txtai/venv/lib/python3.10/site-packages/airflow/example_dags/example_latest_only.py
[2025-11-01T13:05:32.481+0530] {logging_mixin.py:188} INFO - [2025-11-01T13:05:32.481+0530] {dag.py:3089} INFO - Sync 1 DAGs
[2025-11-01T13:05:32.500+0530] {logging_mixin.py:188} INFO - [2025-11-01T13:05:32.500+0530] {dag.py:3947} INFO - Setting next_dagrun for latest_only to 2025-11-01 00:00:00+00:00, run_after=2025-11-01 04:00:00+00:00
[2025-11-01T13:05:32.518+0530] {processor.py:183} INFO - Processing /home/logi/txtai/venv/lib/python3.10/site-packages/airflow/example_dags/example_latest_only.py took 0.080 seconds
[2025-11-01T13:06:27.786+0530] {processor.py:161} INFO - Started process (PID=10426) to work on /home/logi/txtai/venv/lib/python3.10/site-packages/airflow/example_dags/example_latest_only.py
[2025-11-01T13:06:27.798+0530] {processor.py:830} INFO - Processing file /home/logi/txtai/venv/lib/python3.10/site-packages/airflow/example_dags/example_latest_only.py for tasks to queue
[2025-11-01T13:06:27.801+0530] {logging_mixin.py:188} INFO - [2025-11-01T13:06:27.800+0530] {dagbag.py:545} INFO - Filling up the DagBag from /home/logi/txtai/venv/lib/python3.10/site-packages/airflow/example_dags/example_latest_only.py
[2025-11-01T13:06:27.809+0530] {processor.py:840} INFO - DAG(s) 'latest_only' retrieved from /home/logi/txtai/venv/lib/python3.10/site-packages/airflow/example_dags/example_latest_only.py
[2025-11-01T13:06:27.834+0530] {logging_mixin.py:188} INFO - [2025-11-01T13:06:27.834+0530] {dag.py:3089} INFO - Sync 1 DAGs
[2025-11-01T13:06:27.856+0530] {logging_mixin.py:188} INFO - [2025-11-01T13:06:27.856+0530] {dag.py:3947} INFO - Setting next_dagrun for latest_only to 2025-11-01 00:00:00+00:00, run_after=2025-11-01 04:00:00+00:00
[2025-11-01T13:06:27.885+0530] {processor.py:183} INFO - Processing /home/logi/txtai/venv/lib/python3.10/site-packages/airflow/example_dags/example_latest_only.py took 0.110 seconds
[2025-11-01T13:07:22.344+0530] {processor.py:161} INFO - Started process (PID=10552) to work on /home/logi/txtai/venv/lib/python3.10/site-packages/airflow/example_dags/example_latest_only.py
[2025-11-01T13:07:22.357+0530] {processor.py:830} INFO - Processing file /home/logi/txtai/venv/lib/python3.10/site-packages/airflow/example_dags/example_latest_only.py for tasks to queue
[2025-11-01T13:07:22.360+0530] {logging_mixin.py:188} INFO - [2025-11-01T13:07:22.359+0530] {dagbag.py:545} INFO - Filling up the DagBag from /home/logi/txtai/venv/lib/python3.10/site-packages/airflow/example_dags/example_latest_only.py
[2025-11-01T13:07:22.367+0530] {processor.py:840} INFO - DAG(s) 'latest_only' retrieved from /home/logi/txtai/venv/lib/python3.10/site-packages/airflow/example_dags/example_latest_only.py
[2025-11-01T13:07:22.396+0530] {logging_mixin.py:188} INFO - [2025-11-01T13:07:22.395+0530] {dag.py:3089} INFO - Sync 1 DAGs
[2025-11-01T13:07:22.417+0530] {logging_mixin.py:188} INFO - [2025-11-01T13:07:22.417+0530] {dag.py:3947} INFO - Setting next_dagrun for latest_only to 2025-11-01 00:00:00+00:00, run_after=2025-11-01 04:00:00+00:00
[2025-11-01T13:07:22.440+0530] {processor.py:183} INFO - Processing /home/logi/txtai/venv/lib/python3.10/site-packages/airflow/example_dags/example_latest_only.py took 0.108 seconds
[2025-11-01T13:08:19.642+0530] {processor.py:161} INFO - Started process (PID=10804) to work on /home/logi/txtai/venv/lib/python3.10/site-packages/airflow/example_dags/example_latest_only.py
[2025-11-01T13:08:19.655+0530] {processor.py:830} INFO - Processing file /home/logi/txtai/venv/lib/python3.10/site-packages/airflow/example_dags/example_latest_only.py for tasks to queue
[2025-11-01T13:08:19.657+0530] {logging_mixin.py:188} INFO - [2025-11-01T13:08:19.657+0530] {dagbag.py:545} INFO - Filling up the DagBag from /home/logi/txtai/venv/lib/python3.10/site-packages/airflow/example_dags/example_latest_only.py
[2025-11-01T13:08:19.661+0530] {processor.py:840} INFO - DAG(s) 'latest_only' retrieved from /home/logi/txtai/venv/lib/python3.10/site-packages/airflow/example_dags/example_latest_only.py
[2025-11-01T13:08:19.675+0530] {logging_mixin.py:188} INFO - [2025-11-01T13:08:19.674+0530] {dag.py:3089} INFO - Sync 1 DAGs
[2025-11-01T13:08:19.695+0530] {logging_mixin.py:188} INFO - [2025-11-01T13:08:19.695+0530] {dag.py:3947} INFO - Setting next_dagrun for latest_only to 2025-11-01 00:00:00+00:00, run_after=2025-11-01 04:00:00+00:00
[2025-11-01T13:08:19.714+0530] {processor.py:183} INFO - Processing /home/logi/txtai/venv/lib/python3.10/site-packages/airflow/example_dags/example_latest_only.py took 0.078 seconds
[2025-11-01T13:09:12.608+0530] {processor.py:161} INFO - Started process (PID=11089) to work on /home/logi/txtai/venv/lib/python3.10/site-packages/airflow/example_dags/example_latest_only.py
[2025-11-01T13:09:12.609+0530] {processor.py:830} INFO - Processing file /home/logi/txtai/venv/lib/python3.10/site-packages/airflow/example_dags/example_latest_only.py for tasks to queue
[2025-11-01T13:09:12.611+0530] {logging_mixin.py:188} INFO - [2025-11-01T13:09:12.610+0530] {dagbag.py:545} INFO - Filling up the DagBag from /home/logi/txtai/venv/lib/python3.10/site-packages/airflow/example_dags/example_latest_only.py
[2025-11-01T13:09:12.615+0530] {processor.py:840} INFO - DAG(s) 'latest_only' retrieved from /home/logi/txtai/venv/lib/python3.10/site-packages/airflow/example_dags/example_latest_only.py
[2025-11-01T13:09:12.628+0530] {logging_mixin.py:188} INFO - [2025-11-01T13:09:12.628+0530] {dag.py:3089} INFO - Sync 1 DAGs
[2025-11-01T13:09:12.644+0530] {logging_mixin.py:188} INFO - [2025-11-01T13:09:12.643+0530] {dag.py:3947} INFO - Setting next_dagrun for latest_only to 2025-11-01 00:00:00+00:00, run_after=2025-11-01 04:00:00+00:00
[2025-11-01T13:09:12.660+0530] {processor.py:183} INFO - Processing /home/logi/txtai/venv/lib/python3.10/site-packages/airflow/example_dags/example_latest_only.py took 0.063 seconds
[2025-11-01T13:09:58.899+0530] {processor.py:161} INFO - Started process (PID=11222) to work on /home/logi/txtai/venv/lib/python3.10/site-packages/airflow/example_dags/example_latest_only.py
[2025-11-01T13:09:58.912+0530] {processor.py:830} INFO - Processing file /home/logi/txtai/venv/lib/python3.10/site-packages/airflow/example_dags/example_latest_only.py for tasks to queue
[2025-11-01T13:09:58.915+0530] {logging_mixin.py:188} INFO - [2025-11-01T13:09:58.914+0530] {dagbag.py:545} INFO - Filling up the DagBag from /home/logi/txtai/venv/lib/python3.10/site-packages/airflow/example_dags/example_latest_only.py
[2025-11-01T13:09:58.922+0530] {processor.py:840} INFO - DAG(s) 'latest_only' retrieved from /home/logi/txtai/venv/lib/python3.10/site-packages/airflow/example_dags/example_latest_only.py
[2025-11-01T13:09:58.945+0530] {logging_mixin.py:188} INFO - [2025-11-01T13:09:58.945+0530] {dag.py:3089} INFO - Sync 1 DAGs
[2025-11-01T13:09:58.960+0530] {logging_mixin.py:188} INFO - [2025-11-01T13:09:58.960+0530] {dag.py:3947} INFO - Setting next_dagrun for latest_only to 2025-11-01 00:00:00+00:00, run_after=2025-11-01 04:00:00+00:00
[2025-11-01T13:09:58.979+0530] {processor.py:183} INFO - Processing /home/logi/txtai/venv/lib/python3.10/site-packages/airflow/example_dags/example_latest_only.py took 0.086 seconds
[2025-11-01T13:10:58.186+0530] {processor.py:161} INFO - Started process (PID=11446) to work on /home/logi/txtai/venv/lib/python3.10/site-packages/airflow/example_dags/example_latest_only.py
[2025-11-01T13:10:58.187+0530] {processor.py:830} INFO - Processing file /home/logi/txtai/venv/lib/python3.10/site-packages/airflow/example_dags/example_latest_only.py for tasks to queue
[2025-11-01T13:10:58.190+0530] {logging_mixin.py:188} INFO - [2025-11-01T13:10:58.189+0530] {dagbag.py:545} INFO - Filling up the DagBag from /home/logi/txtai/venv/lib/python3.10/site-packages/airflow/example_dags/example_latest_only.py
[2025-11-01T13:10:58.196+0530] {processor.py:840} INFO - DAG(s) 'latest_only' retrieved from /home/logi/txtai/venv/lib/python3.10/site-packages/airflow/example_dags/example_latest_only.py
[2025-11-01T13:10:58.211+0530] {logging_mixin.py:188} INFO - [2025-11-01T13:10:58.210+0530] {dag.py:3089} INFO - Sync 1 DAGs
[2025-11-01T13:10:58.225+0530] {logging_mixin.py:188} INFO - [2025-11-01T13:10:58.225+0530] {dag.py:3947} INFO - Setting next_dagrun for latest_only to 2025-11-01 00:00:00+00:00, run_after=2025-11-01 04:00:00+00:00
[2025-11-01T13:10:58.245+0530] {processor.py:183} INFO - Processing /home/logi/txtai/venv/lib/python3.10/site-packages/airflow/example_dags/example_latest_only.py took 0.064 seconds
[2025-11-01T13:11:47.525+0530] {processor.py:161} INFO - Started process (PID=11572) to work on /home/logi/txtai/venv/lib/python3.10/site-packages/airflow/example_dags/example_latest_only.py
[2025-11-01T13:11:47.538+0530] {processor.py:830} INFO - Processing file /home/logi/txtai/venv/lib/python3.10/site-packages/airflow/example_dags/example_latest_only.py for tasks to queue
[2025-11-01T13:11:47.540+0530] {logging_mixin.py:188} INFO - [2025-11-01T13:11:47.540+0530] {dagbag.py:545} INFO - Filling up the DagBag from /home/logi/txtai/venv/lib/python3.10/site-packages/airflow/example_dags/example_latest_only.py
[2025-11-01T13:11:47.548+0530] {processor.py:840} INFO - DAG(s) 'latest_only' retrieved from /home/logi/txtai/venv/lib/python3.10/site-packages/airflow/example_dags/example_latest_only.py
[2025-11-01T13:11:47.573+0530] {logging_mixin.py:188} INFO - [2025-11-01T13:11:47.572+0530] {dag.py:3089} INFO - Sync 1 DAGs
[2025-11-01T13:11:47.595+0530] {logging_mixin.py:188} INFO - [2025-11-01T13:11:47.595+0530] {dag.py:3947} INFO - Setting next_dagrun for latest_only to 2025-11-01 00:00:00+00:00, run_after=2025-11-01 04:00:00+00:00
[2025-11-01T13:11:47.618+0530] {processor.py:183} INFO - Processing /home/logi/txtai/venv/lib/python3.10/site-packages/airflow/example_dags/example_latest_only.py took 0.104 seconds
[2025-11-01T13:12:41.492+0530] {processor.py:161} INFO - Started process (PID=11818) to work on /home/logi/txtai/venv/lib/python3.10/site-packages/airflow/example_dags/example_latest_only.py
[2025-11-01T13:12:41.504+0530] {processor.py:830} INFO - Processing file /home/logi/txtai/venv/lib/python3.10/site-packages/airflow/example_dags/example_latest_only.py for tasks to queue
[2025-11-01T13:12:41.507+0530] {logging_mixin.py:188} INFO - [2025-11-01T13:12:41.507+0530] {dagbag.py:545} INFO - Filling up the DagBag from /home/logi/txtai/venv/lib/python3.10/site-packages/airflow/example_dags/example_latest_only.py
[2025-11-01T13:12:41.515+0530] {processor.py:840} INFO - DAG(s) 'latest_only' retrieved from /home/logi/txtai/venv/lib/python3.10/site-packages/airflow/example_dags/example_latest_only.py
[2025-11-01T13:12:41.540+0530] {logging_mixin.py:188} INFO - [2025-11-01T13:12:41.540+0530] {dag.py:3089} INFO - Sync 1 DAGs
[2025-11-01T13:12:41.563+0530] {logging_mixin.py:188} INFO - [2025-11-01T13:12:41.563+0530] {dag.py:3947} INFO - Setting next_dagrun for latest_only to 2025-11-01 00:00:00+00:00, run_after=2025-11-01 04:00:00+00:00
[2025-11-01T13:12:41.590+0530] {processor.py:183} INFO - Processing /home/logi/txtai/venv/lib/python3.10/site-packages/airflow/example_dags/example_latest_only.py took 0.104 seconds
[2025-11-01T13:13:34.368+0530] {processor.py:161} INFO - Started process (PID=11936) to work on /home/logi/txtai/venv/lib/python3.10/site-packages/airflow/example_dags/example_latest_only.py
[2025-11-01T13:13:34.380+0530] {processor.py:830} INFO - Processing file /home/logi/txtai/venv/lib/python3.10/site-packages/airflow/example_dags/example_latest_only.py for tasks to queue
[2025-11-01T13:13:34.383+0530] {logging_mixin.py:188} INFO - [2025-11-01T13:13:34.383+0530] {dagbag.py:545} INFO - Filling up the DagBag from /home/logi/txtai/venv/lib/python3.10/site-packages/airflow/example_dags/example_latest_only.py
[2025-11-01T13:13:34.389+0530] {processor.py:840} INFO - DAG(s) 'latest_only' retrieved from /home/logi/txtai/venv/lib/python3.10/site-packages/airflow/example_dags/example_latest_only.py
[2025-11-01T13:13:34.403+0530] {logging_mixin.py:188} INFO - [2025-11-01T13:13:34.402+0530] {dag.py:3089} INFO - Sync 1 DAGs
[2025-11-01T13:13:34.418+0530] {logging_mixin.py:188} INFO - [2025-11-01T13:13:34.418+0530] {dag.py:3947} INFO - Setting next_dagrun for latest_only to 2025-11-01 00:00:00+00:00, run_after=2025-11-01 04:00:00+00:00
[2025-11-01T13:13:34.435+0530] {processor.py:183} INFO - Processing /home/logi/txtai/venv/lib/python3.10/site-packages/airflow/example_dags/example_latest_only.py took 0.075 seconds
[2025-11-01T13:14:30.399+0530] {processor.py:161} INFO - Started process (PID=12208) to work on /home/logi/txtai/venv/lib/python3.10/site-packages/airflow/example_dags/example_latest_only.py
[2025-11-01T13:14:30.412+0530] {processor.py:830} INFO - Processing file /home/logi/txtai/venv/lib/python3.10/site-packages/airflow/example_dags/example_latest_only.py for tasks to queue
[2025-11-01T13:14:30.415+0530] {logging_mixin.py:188} INFO - [2025-11-01T13:14:30.415+0530] {dagbag.py:545} INFO - Filling up the DagBag from /home/logi/txtai/venv/lib/python3.10/site-packages/airflow/example_dags/example_latest_only.py
[2025-11-01T13:14:30.423+0530] {processor.py:840} INFO - DAG(s) 'latest_only' retrieved from /home/logi/txtai/venv/lib/python3.10/site-packages/airflow/example_dags/example_latest_only.py
[2025-11-01T13:14:30.450+0530] {logging_mixin.py:188} INFO - [2025-11-01T13:14:30.450+0530] {dag.py:3089} INFO - Sync 1 DAGs
[2025-11-01T13:14:30.470+0530] {logging_mixin.py:188} INFO - [2025-11-01T13:14:30.470+0530] {dag.py:3947} INFO - Setting next_dagrun for latest_only to 2025-11-01 00:00:00+00:00, run_after=2025-11-01 04:00:00+00:00
[2025-11-01T13:14:30.496+0530] {processor.py:183} INFO - Processing /home/logi/txtai/venv/lib/python3.10/site-packages/airflow/example_dags/example_latest_only.py took 0.108 seconds
