[2025-11-01T12:49:39.212+0530] {processor.py:161} INFO - Started process (PID=6985) to work on /home/logi/txtai/venv/lib/python3.10/site-packages/airflow/example_dags/example_dag_decorator.py
[2025-11-01T12:49:39.213+0530] {processor.py:830} INFO - Processing file /home/logi/txtai/venv/lib/python3.10/site-packages/airflow/example_dags/example_dag_decorator.py for tasks to queue
[2025-11-01T12:49:39.215+0530] {logging_mixin.py:188} INFO - [2025-11-01T12:49:39.214+0530] {dagbag.py:545} INFO - Filling up the DagBag from /home/logi/txtai/venv/lib/python3.10/site-packages/airflow/example_dags/example_dag_decorator.py
[2025-11-01T12:49:39.280+0530] {processor.py:840} INFO - DAG(s) 'example_dag_decorator' retrieved from /home/logi/txtai/venv/lib/python3.10/site-packages/airflow/example_dags/example_dag_decorator.py
[2025-11-01T12:49:39.355+0530] {logging_mixin.py:188} INFO - [2025-11-01T12:49:39.355+0530] {dag.py:3089} INFO - Sync 1 DAGs
[2025-11-01T12:49:39.362+0530] {logging_mixin.py:188} INFO - [2025-11-01T12:49:39.362+0530] {dag.py:3947} INFO - Setting next_dagrun for example_dag_decorator to None, run_after=None
[2025-11-01T12:49:39.393+0530] {processor.py:183} INFO - Processing /home/logi/txtai/venv/lib/python3.10/site-packages/airflow/example_dags/example_dag_decorator.py took 0.186 seconds
[2025-11-01T12:50:56.102+0530] {processor.py:161} INFO - Started process (PID=7305) to work on /home/logi/txtai/venv/lib/python3.10/site-packages/airflow/example_dags/example_dag_decorator.py
[2025-11-01T12:50:56.115+0530] {processor.py:830} INFO - Processing file /home/logi/txtai/venv/lib/python3.10/site-packages/airflow/example_dags/example_dag_decorator.py for tasks to queue
[2025-11-01T12:50:56.118+0530] {logging_mixin.py:188} INFO - [2025-11-01T12:50:56.117+0530] {dagbag.py:545} INFO - Filling up the DagBag from /home/logi/txtai/venv/lib/python3.10/site-packages/airflow/example_dags/example_dag_decorator.py
[2025-11-01T12:50:56.249+0530] {processor.py:840} INFO - DAG(s) 'example_dag_decorator' retrieved from /home/logi/txtai/venv/lib/python3.10/site-packages/airflow/example_dags/example_dag_decorator.py
[2025-11-01T12:50:56.453+0530] {logging_mixin.py:188} INFO - [2025-11-01T12:50:56.452+0530] {dag.py:3089} INFO - Sync 1 DAGs
[2025-11-01T12:50:56.466+0530] {logging_mixin.py:188} INFO - [2025-11-01T12:50:56.465+0530] {dag.py:3947} INFO - Setting next_dagrun for example_dag_decorator to None, run_after=None
[2025-11-01T12:50:56.523+0530] {processor.py:183} INFO - Processing /home/logi/txtai/venv/lib/python3.10/site-packages/airflow/example_dags/example_dag_decorator.py took 0.428 seconds
[2025-11-01T12:51:56.819+0530] {processor.py:161} INFO - Started process (PID=7648) to work on /home/logi/txtai/venv/lib/python3.10/site-packages/airflow/example_dags/example_dag_decorator.py
[2025-11-01T12:51:56.833+0530] {processor.py:830} INFO - Processing file /home/logi/txtai/venv/lib/python3.10/site-packages/airflow/example_dags/example_dag_decorator.py for tasks to queue
[2025-11-01T12:51:56.836+0530] {logging_mixin.py:188} INFO - [2025-11-01T12:51:56.836+0530] {dagbag.py:545} INFO - Filling up the DagBag from /home/logi/txtai/venv/lib/python3.10/site-packages/airflow/example_dags/example_dag_decorator.py
[2025-11-01T12:51:56.936+0530] {processor.py:840} INFO - DAG(s) 'example_dag_decorator' retrieved from /home/logi/txtai/venv/lib/python3.10/site-packages/airflow/example_dags/example_dag_decorator.py
[2025-11-01T12:51:57.064+0530] {logging_mixin.py:188} INFO - [2025-11-01T12:51:57.064+0530] {dag.py:3089} INFO - Sync 1 DAGs
[2025-11-01T12:51:57.073+0530] {logging_mixin.py:188} INFO - [2025-11-01T12:51:57.073+0530] {dag.py:3947} INFO - Setting next_dagrun for example_dag_decorator to None, run_after=None
[2025-11-01T12:51:57.108+0530] {processor.py:183} INFO - Processing /home/logi/txtai/venv/lib/python3.10/site-packages/airflow/example_dags/example_dag_decorator.py took 0.303 seconds
[2025-11-01T12:53:01.125+0530] {processor.py:161} INFO - Started process (PID=7906) to work on /home/logi/txtai/venv/lib/python3.10/site-packages/airflow/example_dags/example_dag_decorator.py
[2025-11-01T12:53:01.138+0530] {processor.py:830} INFO - Processing file /home/logi/txtai/venv/lib/python3.10/site-packages/airflow/example_dags/example_dag_decorator.py for tasks to queue
[2025-11-01T12:53:01.141+0530] {logging_mixin.py:188} INFO - [2025-11-01T12:53:01.140+0530] {dagbag.py:545} INFO - Filling up the DagBag from /home/logi/txtai/venv/lib/python3.10/site-packages/airflow/example_dags/example_dag_decorator.py
[2025-11-01T12:53:01.226+0530] {processor.py:840} INFO - DAG(s) 'example_dag_decorator' retrieved from /home/logi/txtai/venv/lib/python3.10/site-packages/airflow/example_dags/example_dag_decorator.py
[2025-11-01T12:53:01.243+0530] {logging_mixin.py:188} INFO - [2025-11-01T12:53:01.243+0530] {dag.py:3089} INFO - Sync 1 DAGs
[2025-11-01T12:53:01.251+0530] {logging_mixin.py:188} INFO - [2025-11-01T12:53:01.251+0530] {dag.py:3947} INFO - Setting next_dagrun for example_dag_decorator to None, run_after=None
[2025-11-01T12:53:01.285+0530] {processor.py:183} INFO - Processing /home/logi/txtai/venv/lib/python3.10/site-packages/airflow/example_dags/example_dag_decorator.py took 0.171 seconds
[2025-11-01T12:53:55.840+0530] {processor.py:161} INFO - Started process (PID=8020) to work on /home/logi/txtai/venv/lib/python3.10/site-packages/airflow/example_dags/example_dag_decorator.py
[2025-11-01T12:53:55.853+0530] {processor.py:830} INFO - Processing file /home/logi/txtai/venv/lib/python3.10/site-packages/airflow/example_dags/example_dag_decorator.py for tasks to queue
[2025-11-01T12:53:55.856+0530] {logging_mixin.py:188} INFO - [2025-11-01T12:53:55.855+0530] {dagbag.py:545} INFO - Filling up the DagBag from /home/logi/txtai/venv/lib/python3.10/site-packages/airflow/example_dags/example_dag_decorator.py
[2025-11-01T12:53:55.940+0530] {processor.py:840} INFO - DAG(s) 'example_dag_decorator' retrieved from /home/logi/txtai/venv/lib/python3.10/site-packages/airflow/example_dags/example_dag_decorator.py
[2025-11-01T12:53:56.006+0530] {logging_mixin.py:188} INFO - [2025-11-01T12:53:56.006+0530] {dag.py:3089} INFO - Sync 1 DAGs
[2025-11-01T12:53:56.013+0530] {logging_mixin.py:188} INFO - [2025-11-01T12:53:56.013+0530] {dag.py:3947} INFO - Setting next_dagrun for example_dag_decorator to None, run_after=None
[2025-11-01T12:53:56.044+0530] {processor.py:183} INFO - Processing /home/logi/txtai/venv/lib/python3.10/site-packages/airflow/example_dags/example_dag_decorator.py took 0.215 seconds
[2025-11-01T12:54:55.127+0530] {processor.py:161} INFO - Started process (PID=8224) to work on /home/logi/txtai/venv/lib/python3.10/site-packages/airflow/example_dags/example_dag_decorator.py
[2025-11-01T12:54:55.140+0530] {processor.py:830} INFO - Processing file /home/logi/txtai/venv/lib/python3.10/site-packages/airflow/example_dags/example_dag_decorator.py for tasks to queue
[2025-11-01T12:54:55.144+0530] {logging_mixin.py:188} INFO - [2025-11-01T12:54:55.143+0530] {dagbag.py:545} INFO - Filling up the DagBag from /home/logi/txtai/venv/lib/python3.10/site-packages/airflow/example_dags/example_dag_decorator.py
[2025-11-01T12:54:55.204+0530] {processor.py:840} INFO - DAG(s) 'example_dag_decorator' retrieved from /home/logi/txtai/venv/lib/python3.10/site-packages/airflow/example_dags/example_dag_decorator.py
[2025-11-01T12:54:55.274+0530] {logging_mixin.py:188} INFO - [2025-11-01T12:54:55.274+0530] {dag.py:3089} INFO - Sync 1 DAGs
[2025-11-01T12:54:55.282+0530] {logging_mixin.py:188} INFO - [2025-11-01T12:54:55.282+0530] {dag.py:3947} INFO - Setting next_dagrun for example_dag_decorator to None, run_after=None
[2025-11-01T12:54:55.311+0530] {processor.py:183} INFO - Processing /home/logi/txtai/venv/lib/python3.10/site-packages/airflow/example_dags/example_dag_decorator.py took 0.188 seconds
[2025-11-01T12:56:04.839+0530] {processor.py:161} INFO - Started process (PID=8377) to work on /home/logi/txtai/venv/lib/python3.10/site-packages/airflow/example_dags/example_dag_decorator.py
[2025-11-01T12:56:04.840+0530] {processor.py:830} INFO - Processing file /home/logi/txtai/venv/lib/python3.10/site-packages/airflow/example_dags/example_dag_decorator.py for tasks to queue
[2025-11-01T12:56:04.842+0530] {logging_mixin.py:188} INFO - [2025-11-01T12:56:04.841+0530] {dagbag.py:545} INFO - Filling up the DagBag from /home/logi/txtai/venv/lib/python3.10/site-packages/airflow/example_dags/example_dag_decorator.py
[2025-11-01T12:56:04.914+0530] {processor.py:840} INFO - DAG(s) 'example_dag_decorator' retrieved from /home/logi/txtai/venv/lib/python3.10/site-packages/airflow/example_dags/example_dag_decorator.py
[2025-11-01T12:56:04.988+0530] {logging_mixin.py:188} INFO - [2025-11-01T12:56:04.988+0530] {dag.py:3089} INFO - Sync 1 DAGs
[2025-11-01T12:56:04.995+0530] {logging_mixin.py:188} INFO - [2025-11-01T12:56:04.995+0530] {dag.py:3947} INFO - Setting next_dagrun for example_dag_decorator to None, run_after=None
[2025-11-01T12:56:05.014+0530] {processor.py:183} INFO - Processing /home/logi/txtai/venv/lib/python3.10/site-packages/airflow/example_dags/example_dag_decorator.py took 0.182 seconds
[2025-11-01T12:57:05.504+0530] {processor.py:161} INFO - Started process (PID=8581) to work on /home/logi/txtai/venv/lib/python3.10/site-packages/airflow/example_dags/example_dag_decorator.py
[2025-11-01T12:57:05.517+0530] {processor.py:830} INFO - Processing file /home/logi/txtai/venv/lib/python3.10/site-packages/airflow/example_dags/example_dag_decorator.py for tasks to queue
[2025-11-01T12:57:05.520+0530] {logging_mixin.py:188} INFO - [2025-11-01T12:57:05.519+0530] {dagbag.py:545} INFO - Filling up the DagBag from /home/logi/txtai/venv/lib/python3.10/site-packages/airflow/example_dags/example_dag_decorator.py
[2025-11-01T12:57:05.580+0530] {processor.py:840} INFO - DAG(s) 'example_dag_decorator' retrieved from /home/logi/txtai/venv/lib/python3.10/site-packages/airflow/example_dags/example_dag_decorator.py
[2025-11-01T12:57:05.598+0530] {logging_mixin.py:188} INFO - [2025-11-01T12:57:05.598+0530] {dag.py:3089} INFO - Sync 1 DAGs
[2025-11-01T12:57:05.606+0530] {logging_mixin.py:188} INFO - [2025-11-01T12:57:05.606+0530] {dag.py:3947} INFO - Setting next_dagrun for example_dag_decorator to None, run_after=None
[2025-11-01T12:57:05.624+0530] {processor.py:183} INFO - Processing /home/logi/txtai/venv/lib/python3.10/site-packages/airflow/example_dags/example_dag_decorator.py took 0.126 seconds
[2025-11-01T12:58:27.213+0530] {processor.py:161} INFO - Started process (PID=8814) to work on /home/logi/txtai/venv/lib/python3.10/site-packages/airflow/example_dags/example_dag_decorator.py
[2025-11-01T12:58:27.222+0530] {processor.py:830} INFO - Processing file /home/logi/txtai/venv/lib/python3.10/site-packages/airflow/example_dags/example_dag_decorator.py for tasks to queue
[2025-11-01T12:58:27.225+0530] {logging_mixin.py:188} INFO - [2025-11-01T12:58:27.224+0530] {dagbag.py:545} INFO - Filling up the DagBag from /home/logi/txtai/venv/lib/python3.10/site-packages/airflow/example_dags/example_dag_decorator.py
[2025-11-01T12:58:27.316+0530] {processor.py:840} INFO - DAG(s) 'example_dag_decorator' retrieved from /home/logi/txtai/venv/lib/python3.10/site-packages/airflow/example_dags/example_dag_decorator.py
[2025-11-01T12:58:27.394+0530] {logging_mixin.py:188} INFO - [2025-11-01T12:58:27.394+0530] {dag.py:3089} INFO - Sync 1 DAGs
[2025-11-01T12:58:27.401+0530] {logging_mixin.py:188} INFO - [2025-11-01T12:58:27.401+0530] {dag.py:3947} INFO - Setting next_dagrun for example_dag_decorator to None, run_after=None
[2025-11-01T12:58:27.436+0530] {processor.py:183} INFO - Processing /home/logi/txtai/venv/lib/python3.10/site-packages/airflow/example_dags/example_dag_decorator.py took 0.238 seconds
[2025-11-01T12:59:20.248+0530] {processor.py:161} INFO - Started process (PID=8919) to work on /home/logi/txtai/venv/lib/python3.10/site-packages/airflow/example_dags/example_dag_decorator.py
[2025-11-01T12:59:20.261+0530] {processor.py:830} INFO - Processing file /home/logi/txtai/venv/lib/python3.10/site-packages/airflow/example_dags/example_dag_decorator.py for tasks to queue
[2025-11-01T12:59:20.264+0530] {logging_mixin.py:188} INFO - [2025-11-01T12:59:20.263+0530] {dagbag.py:545} INFO - Filling up the DagBag from /home/logi/txtai/venv/lib/python3.10/site-packages/airflow/example_dags/example_dag_decorator.py
[2025-11-01T12:59:20.357+0530] {processor.py:840} INFO - DAG(s) 'example_dag_decorator' retrieved from /home/logi/txtai/venv/lib/python3.10/site-packages/airflow/example_dags/example_dag_decorator.py
[2025-11-01T12:59:20.440+0530] {logging_mixin.py:188} INFO - [2025-11-01T12:59:20.439+0530] {dag.py:3089} INFO - Sync 1 DAGs
[2025-11-01T12:59:20.447+0530] {logging_mixin.py:188} INFO - [2025-11-01T12:59:20.447+0530] {dag.py:3947} INFO - Setting next_dagrun for example_dag_decorator to None, run_after=None
[2025-11-01T12:59:20.476+0530] {processor.py:183} INFO - Processing /home/logi/txtai/venv/lib/python3.10/site-packages/airflow/example_dags/example_dag_decorator.py took 0.238 seconds
[2025-11-01T13:00:45.396+0530] {processor.py:161} INFO - Started process (PID=9171) to work on /home/logi/txtai/venv/lib/python3.10/site-packages/airflow/example_dags/example_dag_decorator.py
[2025-11-01T13:00:45.411+0530] {processor.py:830} INFO - Processing file /home/logi/txtai/venv/lib/python3.10/site-packages/airflow/example_dags/example_dag_decorator.py for tasks to queue
[2025-11-01T13:00:45.414+0530] {logging_mixin.py:188} INFO - [2025-11-01T13:00:45.413+0530] {dagbag.py:545} INFO - Filling up the DagBag from /home/logi/txtai/venv/lib/python3.10/site-packages/airflow/example_dags/example_dag_decorator.py
[2025-11-01T13:00:45.502+0530] {processor.py:840} INFO - DAG(s) 'example_dag_decorator' retrieved from /home/logi/txtai/venv/lib/python3.10/site-packages/airflow/example_dags/example_dag_decorator.py
[2025-11-01T13:00:45.569+0530] {logging_mixin.py:188} INFO - [2025-11-01T13:00:45.568+0530] {dag.py:3089} INFO - Sync 1 DAGs
[2025-11-01T13:00:45.577+0530] {logging_mixin.py:188} INFO - [2025-11-01T13:00:45.576+0530] {dag.py:3947} INFO - Setting next_dagrun for example_dag_decorator to None, run_after=None
[2025-11-01T13:00:45.600+0530] {processor.py:183} INFO - Processing /home/logi/txtai/venv/lib/python3.10/site-packages/airflow/example_dags/example_dag_decorator.py took 0.219 seconds
[2025-11-01T13:01:42.157+0530] {processor.py:161} INFO - Started process (PID=9321) to work on /home/logi/txtai/venv/lib/python3.10/site-packages/airflow/example_dags/example_dag_decorator.py
[2025-11-01T13:01:42.170+0530] {processor.py:830} INFO - Processing file /home/logi/txtai/venv/lib/python3.10/site-packages/airflow/example_dags/example_dag_decorator.py for tasks to queue
[2025-11-01T13:01:42.173+0530] {logging_mixin.py:188} INFO - [2025-11-01T13:01:42.172+0530] {dagbag.py:545} INFO - Filling up the DagBag from /home/logi/txtai/venv/lib/python3.10/site-packages/airflow/example_dags/example_dag_decorator.py
[2025-11-01T13:01:42.230+0530] {processor.py:840} INFO - DAG(s) 'example_dag_decorator' retrieved from /home/logi/txtai/venv/lib/python3.10/site-packages/airflow/example_dags/example_dag_decorator.py
[2025-11-01T13:01:42.298+0530] {logging_mixin.py:188} INFO - [2025-11-01T13:01:42.298+0530] {dag.py:3089} INFO - Sync 1 DAGs
[2025-11-01T13:01:42.306+0530] {logging_mixin.py:188} INFO - [2025-11-01T13:01:42.306+0530] {dag.py:3947} INFO - Setting next_dagrun for example_dag_decorator to None, run_after=None
[2025-11-01T13:01:42.340+0530] {processor.py:183} INFO - Processing /home/logi/txtai/venv/lib/python3.10/site-packages/airflow/example_dags/example_dag_decorator.py took 0.188 seconds
[2025-11-01T13:02:49.282+0530] {processor.py:161} INFO - Started process (PID=9624) to work on /home/logi/txtai/venv/lib/python3.10/site-packages/airflow/example_dags/example_dag_decorator.py
[2025-11-01T13:02:49.294+0530] {processor.py:830} INFO - Processing file /home/logi/txtai/venv/lib/python3.10/site-packages/airflow/example_dags/example_dag_decorator.py for tasks to queue
[2025-11-01T13:02:49.298+0530] {logging_mixin.py:188} INFO - [2025-11-01T13:02:49.297+0530] {dagbag.py:545} INFO - Filling up the DagBag from /home/logi/txtai/venv/lib/python3.10/site-packages/airflow/example_dags/example_dag_decorator.py
[2025-11-01T13:02:49.401+0530] {processor.py:840} INFO - DAG(s) 'example_dag_decorator' retrieved from /home/logi/txtai/venv/lib/python3.10/site-packages/airflow/example_dags/example_dag_decorator.py
[2025-11-01T13:02:49.572+0530] {logging_mixin.py:188} INFO - [2025-11-01T13:02:49.572+0530] {dag.py:3089} INFO - Sync 1 DAGs
[2025-11-01T13:02:49.580+0530] {logging_mixin.py:188} INFO - [2025-11-01T13:02:49.580+0530] {dag.py:3947} INFO - Setting next_dagrun for example_dag_decorator to None, run_after=None
[2025-11-01T13:02:49.598+0530] {processor.py:183} INFO - Processing /home/logi/txtai/venv/lib/python3.10/site-packages/airflow/example_dags/example_dag_decorator.py took 0.326 seconds
[2025-11-01T13:04:01.688+0530] {processor.py:161} INFO - Started process (PID=9834) to work on /home/logi/txtai/venv/lib/python3.10/site-packages/airflow/example_dags/example_dag_decorator.py
[2025-11-01T13:04:01.701+0530] {processor.py:830} INFO - Processing file /home/logi/txtai/venv/lib/python3.10/site-packages/airflow/example_dags/example_dag_decorator.py for tasks to queue
[2025-11-01T13:04:01.704+0530] {logging_mixin.py:188} INFO - [2025-11-01T13:04:01.703+0530] {dagbag.py:545} INFO - Filling up the DagBag from /home/logi/txtai/venv/lib/python3.10/site-packages/airflow/example_dags/example_dag_decorator.py
[2025-11-01T13:04:01.772+0530] {processor.py:840} INFO - DAG(s) 'example_dag_decorator' retrieved from /home/logi/txtai/venv/lib/python3.10/site-packages/airflow/example_dags/example_dag_decorator.py
[2025-11-01T13:04:01.850+0530] {logging_mixin.py:188} INFO - [2025-11-01T13:04:01.849+0530] {dag.py:3089} INFO - Sync 1 DAGs
[2025-11-01T13:04:01.857+0530] {logging_mixin.py:188} INFO - [2025-11-01T13:04:01.856+0530] {dag.py:3947} INFO - Setting next_dagrun for example_dag_decorator to None, run_after=None
[2025-11-01T13:04:01.876+0530] {processor.py:183} INFO - Processing /home/logi/txtai/venv/lib/python3.10/site-packages/airflow/example_dags/example_dag_decorator.py took 0.194 seconds
[2025-11-01T13:05:09.806+0530] {processor.py:161} INFO - Started process (PID=10141) to work on /home/logi/txtai/venv/lib/python3.10/site-packages/airflow/example_dags/example_dag_decorator.py
[2025-11-01T13:05:09.808+0530] {processor.py:830} INFO - Processing file /home/logi/txtai/venv/lib/python3.10/site-packages/airflow/example_dags/example_dag_decorator.py for tasks to queue
[2025-11-01T13:05:09.810+0530] {logging_mixin.py:188} INFO - [2025-11-01T13:05:09.810+0530] {dagbag.py:545} INFO - Filling up the DagBag from /home/logi/txtai/venv/lib/python3.10/site-packages/airflow/example_dags/example_dag_decorator.py
[2025-11-01T13:05:09.872+0530] {processor.py:840} INFO - DAG(s) 'example_dag_decorator' retrieved from /home/logi/txtai/venv/lib/python3.10/site-packages/airflow/example_dags/example_dag_decorator.py
[2025-11-01T13:05:09.887+0530] {logging_mixin.py:188} INFO - [2025-11-01T13:05:09.887+0530] {dag.py:3089} INFO - Sync 1 DAGs
[2025-11-01T13:05:09.897+0530] {logging_mixin.py:188} INFO - [2025-11-01T13:05:09.896+0530] {dag.py:3947} INFO - Setting next_dagrun for example_dag_decorator to None, run_after=None
[2025-11-01T13:05:09.914+0530] {processor.py:183} INFO - Processing /home/logi/txtai/venv/lib/python3.10/site-packages/airflow/example_dags/example_dag_decorator.py took 0.113 seconds
[2025-11-01T13:05:59.773+0530] {processor.py:161} INFO - Started process (PID=10256) to work on /home/logi/txtai/venv/lib/python3.10/site-packages/airflow/example_dags/example_dag_decorator.py
[2025-11-01T13:05:59.786+0530] {processor.py:830} INFO - Processing file /home/logi/txtai/venv/lib/python3.10/site-packages/airflow/example_dags/example_dag_decorator.py for tasks to queue
[2025-11-01T13:05:59.788+0530] {logging_mixin.py:188} INFO - [2025-11-01T13:05:59.788+0530] {dagbag.py:545} INFO - Filling up the DagBag from /home/logi/txtai/venv/lib/python3.10/site-packages/airflow/example_dags/example_dag_decorator.py
[2025-11-01T13:05:59.849+0530] {processor.py:840} INFO - DAG(s) 'example_dag_decorator' retrieved from /home/logi/txtai/venv/lib/python3.10/site-packages/airflow/example_dags/example_dag_decorator.py
[2025-11-01T13:05:59.918+0530] {logging_mixin.py:188} INFO - [2025-11-01T13:05:59.918+0530] {dag.py:3089} INFO - Sync 1 DAGs
[2025-11-01T13:05:59.928+0530] {logging_mixin.py:188} INFO - [2025-11-01T13:05:59.927+0530] {dag.py:3947} INFO - Setting next_dagrun for example_dag_decorator to None, run_after=None
[2025-11-01T13:05:59.948+0530] {processor.py:183} INFO - Processing /home/logi/txtai/venv/lib/python3.10/site-packages/airflow/example_dags/example_dag_decorator.py took 0.180 seconds
[2025-11-01T13:07:01.155+0530] {processor.py:161} INFO - Started process (PID=10512) to work on /home/logi/txtai/venv/lib/python3.10/site-packages/airflow/example_dags/example_dag_decorator.py
[2025-11-01T13:07:01.167+0530] {processor.py:830} INFO - Processing file /home/logi/txtai/venv/lib/python3.10/site-packages/airflow/example_dags/example_dag_decorator.py for tasks to queue
[2025-11-01T13:07:01.170+0530] {logging_mixin.py:188} INFO - [2025-11-01T13:07:01.170+0530] {dagbag.py:545} INFO - Filling up the DagBag from /home/logi/txtai/venv/lib/python3.10/site-packages/airflow/example_dags/example_dag_decorator.py
[2025-11-01T13:07:01.231+0530] {processor.py:840} INFO - DAG(s) 'example_dag_decorator' retrieved from /home/logi/txtai/venv/lib/python3.10/site-packages/airflow/example_dags/example_dag_decorator.py
[2025-11-01T13:07:01.247+0530] {logging_mixin.py:188} INFO - [2025-11-01T13:07:01.247+0530] {dag.py:3089} INFO - Sync 1 DAGs
[2025-11-01T13:07:01.256+0530] {logging_mixin.py:188} INFO - [2025-11-01T13:07:01.256+0530] {dag.py:3947} INFO - Setting next_dagrun for example_dag_decorator to None, run_after=None
[2025-11-01T13:07:01.280+0530] {processor.py:183} INFO - Processing /home/logi/txtai/venv/lib/python3.10/site-packages/airflow/example_dags/example_dag_decorator.py took 0.137 seconds
[2025-11-01T13:07:50.802+0530] {processor.py:161} INFO - Started process (PID=10623) to work on /home/logi/txtai/venv/lib/python3.10/site-packages/airflow/example_dags/example_dag_decorator.py
[2025-11-01T13:07:50.804+0530] {processor.py:830} INFO - Processing file /home/logi/txtai/venv/lib/python3.10/site-packages/airflow/example_dags/example_dag_decorator.py for tasks to queue
[2025-11-01T13:07:50.806+0530] {logging_mixin.py:188} INFO - [2025-11-01T13:07:50.806+0530] {dagbag.py:545} INFO - Filling up the DagBag from /home/logi/txtai/venv/lib/python3.10/site-packages/airflow/example_dags/example_dag_decorator.py
[2025-11-01T13:07:50.911+0530] {processor.py:840} INFO - DAG(s) 'example_dag_decorator' retrieved from /home/logi/txtai/venv/lib/python3.10/site-packages/airflow/example_dags/example_dag_decorator.py
[2025-11-01T13:07:51.008+0530] {logging_mixin.py:188} INFO - [2025-11-01T13:07:51.007+0530] {dag.py:3089} INFO - Sync 1 DAGs
[2025-11-01T13:07:51.016+0530] {logging_mixin.py:188} INFO - [2025-11-01T13:07:51.015+0530] {dag.py:3947} INFO - Setting next_dagrun for example_dag_decorator to None, run_after=None
[2025-11-01T13:07:51.050+0530] {processor.py:183} INFO - Processing /home/logi/txtai/venv/lib/python3.10/site-packages/airflow/example_dags/example_dag_decorator.py took 0.260 seconds
[2025-11-01T13:08:49.512+0530] {processor.py:161} INFO - Started process (PID=11034) to work on /home/logi/txtai/venv/lib/python3.10/site-packages/airflow/example_dags/example_dag_decorator.py
[2025-11-01T13:08:49.515+0530] {processor.py:830} INFO - Processing file /home/logi/txtai/venv/lib/python3.10/site-packages/airflow/example_dags/example_dag_decorator.py for tasks to queue
[2025-11-01T13:08:49.519+0530] {logging_mixin.py:188} INFO - [2025-11-01T13:08:49.519+0530] {dagbag.py:545} INFO - Filling up the DagBag from /home/logi/txtai/venv/lib/python3.10/site-packages/airflow/example_dags/example_dag_decorator.py
[2025-11-01T13:08:49.676+0530] {processor.py:840} INFO - DAG(s) 'example_dag_decorator' retrieved from /home/logi/txtai/venv/lib/python3.10/site-packages/airflow/example_dags/example_dag_decorator.py
[2025-11-01T13:08:49.793+0530] {logging_mixin.py:188} INFO - [2025-11-01T13:08:49.792+0530] {dag.py:3089} INFO - Sync 1 DAGs
[2025-11-01T13:08:49.807+0530] {logging_mixin.py:188} INFO - [2025-11-01T13:08:49.806+0530] {dag.py:3947} INFO - Setting next_dagrun for example_dag_decorator to None, run_after=None
[2025-11-01T13:08:49.878+0530] {processor.py:183} INFO - Processing /home/logi/txtai/venv/lib/python3.10/site-packages/airflow/example_dags/example_dag_decorator.py took 0.378 seconds
[2025-11-01T13:10:00.051+0530] {processor.py:161} INFO - Started process (PID=11223) to work on /home/logi/txtai/venv/lib/python3.10/site-packages/airflow/example_dags/example_dag_decorator.py
[2025-11-01T13:10:00.064+0530] {processor.py:830} INFO - Processing file /home/logi/txtai/venv/lib/python3.10/site-packages/airflow/example_dags/example_dag_decorator.py for tasks to queue
[2025-11-01T13:10:00.066+0530] {logging_mixin.py:188} INFO - [2025-11-01T13:10:00.066+0530] {dagbag.py:545} INFO - Filling up the DagBag from /home/logi/txtai/venv/lib/python3.10/site-packages/airflow/example_dags/example_dag_decorator.py
[2025-11-01T13:10:00.124+0530] {processor.py:840} INFO - DAG(s) 'example_dag_decorator' retrieved from /home/logi/txtai/venv/lib/python3.10/site-packages/airflow/example_dags/example_dag_decorator.py
[2025-11-01T13:10:00.197+0530] {logging_mixin.py:188} INFO - [2025-11-01T13:10:00.197+0530] {dag.py:3089} INFO - Sync 1 DAGs
[2025-11-01T13:10:00.206+0530] {logging_mixin.py:188} INFO - [2025-11-01T13:10:00.205+0530] {dag.py:3947} INFO - Setting next_dagrun for example_dag_decorator to None, run_after=None
[2025-11-01T13:10:00.234+0530] {processor.py:183} INFO - Processing /home/logi/txtai/venv/lib/python3.10/site-packages/airflow/example_dags/example_dag_decorator.py took 0.188 seconds
[2025-11-01T13:10:59.333+0530] {processor.py:161} INFO - Started process (PID=11447) to work on /home/logi/txtai/venv/lib/python3.10/site-packages/airflow/example_dags/example_dag_decorator.py
[2025-11-01T13:10:59.346+0530] {processor.py:830} INFO - Processing file /home/logi/txtai/venv/lib/python3.10/site-packages/airflow/example_dags/example_dag_decorator.py for tasks to queue
[2025-11-01T13:10:59.349+0530] {logging_mixin.py:188} INFO - [2025-11-01T13:10:59.349+0530] {dagbag.py:545} INFO - Filling up the DagBag from /home/logi/txtai/venv/lib/python3.10/site-packages/airflow/example_dags/example_dag_decorator.py
[2025-11-01T13:10:59.430+0530] {processor.py:840} INFO - DAG(s) 'example_dag_decorator' retrieved from /home/logi/txtai/venv/lib/python3.10/site-packages/airflow/example_dags/example_dag_decorator.py
[2025-11-01T13:10:59.503+0530] {logging_mixin.py:188} INFO - [2025-11-01T13:10:59.503+0530] {dag.py:3089} INFO - Sync 1 DAGs
[2025-11-01T13:10:59.510+0530] {logging_mixin.py:188} INFO - [2025-11-01T13:10:59.509+0530] {dag.py:3947} INFO - Setting next_dagrun for example_dag_decorator to None, run_after=None
[2025-11-01T13:10:59.539+0530] {processor.py:183} INFO - Processing /home/logi/txtai/venv/lib/python3.10/site-packages/airflow/example_dags/example_dag_decorator.py took 0.216 seconds
[2025-11-01T13:11:51.544+0530] {processor.py:161} INFO - Started process (PID=11580) to work on /home/logi/txtai/venv/lib/python3.10/site-packages/airflow/example_dags/example_dag_decorator.py
[2025-11-01T13:11:51.557+0530] {processor.py:830} INFO - Processing file /home/logi/txtai/venv/lib/python3.10/site-packages/airflow/example_dags/example_dag_decorator.py for tasks to queue
[2025-11-01T13:11:51.560+0530] {logging_mixin.py:188} INFO - [2025-11-01T13:11:51.560+0530] {dagbag.py:545} INFO - Filling up the DagBag from /home/logi/txtai/venv/lib/python3.10/site-packages/airflow/example_dags/example_dag_decorator.py
[2025-11-01T13:11:51.622+0530] {processor.py:840} INFO - DAG(s) 'example_dag_decorator' retrieved from /home/logi/txtai/venv/lib/python3.10/site-packages/airflow/example_dags/example_dag_decorator.py
[2025-11-01T13:11:51.706+0530] {logging_mixin.py:188} INFO - [2025-11-01T13:11:51.706+0530] {dag.py:3089} INFO - Sync 1 DAGs
[2025-11-01T13:11:51.714+0530] {logging_mixin.py:188} INFO - [2025-11-01T13:11:51.714+0530] {dag.py:3947} INFO - Setting next_dagrun for example_dag_decorator to None, run_after=None
[2025-11-01T13:11:51.744+0530] {processor.py:183} INFO - Processing /home/logi/txtai/venv/lib/python3.10/site-packages/airflow/example_dags/example_dag_decorator.py took 0.206 seconds
[2025-11-01T13:12:49.912+0530] {processor.py:161} INFO - Started process (PID=11832) to work on /home/logi/txtai/venv/lib/python3.10/site-packages/airflow/example_dags/example_dag_decorator.py
[2025-11-01T13:12:49.925+0530] {processor.py:830} INFO - Processing file /home/logi/txtai/venv/lib/python3.10/site-packages/airflow/example_dags/example_dag_decorator.py for tasks to queue
[2025-11-01T13:12:49.928+0530] {logging_mixin.py:188} INFO - [2025-11-01T13:12:49.927+0530] {dagbag.py:545} INFO - Filling up the DagBag from /home/logi/txtai/venv/lib/python3.10/site-packages/airflow/example_dags/example_dag_decorator.py
[2025-11-01T13:12:50.021+0530] {processor.py:840} INFO - DAG(s) 'example_dag_decorator' retrieved from /home/logi/txtai/venv/lib/python3.10/site-packages/airflow/example_dags/example_dag_decorator.py
[2025-11-01T13:12:50.109+0530] {logging_mixin.py:188} INFO - [2025-11-01T13:12:50.109+0530] {dag.py:3089} INFO - Sync 1 DAGs
[2025-11-01T13:12:50.116+0530] {logging_mixin.py:188} INFO - [2025-11-01T13:12:50.116+0530] {dag.py:3947} INFO - Setting next_dagrun for example_dag_decorator to None, run_after=None
[2025-11-01T13:12:50.133+0530] {processor.py:183} INFO - Processing /home/logi/txtai/venv/lib/python3.10/site-packages/airflow/example_dags/example_dag_decorator.py took 0.232 seconds
[2025-11-01T13:14:04.260+0530] {processor.py:161} INFO - Started process (PID=12083) to work on /home/logi/txtai/venv/lib/python3.10/site-packages/airflow/example_dags/example_dag_decorator.py
[2025-11-01T13:14:04.262+0530] {processor.py:830} INFO - Processing file /home/logi/txtai/venv/lib/python3.10/site-packages/airflow/example_dags/example_dag_decorator.py for tasks to queue
[2025-11-01T13:14:04.263+0530] {logging_mixin.py:188} INFO - [2025-11-01T13:14:04.263+0530] {dagbag.py:545} INFO - Filling up the DagBag from /home/logi/txtai/venv/lib/python3.10/site-packages/airflow/example_dags/example_dag_decorator.py
[2025-11-01T13:14:04.327+0530] {processor.py:840} INFO - DAG(s) 'example_dag_decorator' retrieved from /home/logi/txtai/venv/lib/python3.10/site-packages/airflow/example_dags/example_dag_decorator.py
[2025-11-01T13:14:04.398+0530] {logging_mixin.py:188} INFO - [2025-11-01T13:14:04.398+0530] {dag.py:3089} INFO - Sync 1 DAGs
[2025-11-01T13:14:04.406+0530] {logging_mixin.py:188} INFO - [2025-11-01T13:14:04.405+0530] {dag.py:3947} INFO - Setting next_dagrun for example_dag_decorator to None, run_after=None
[2025-11-01T13:14:04.437+0530] {processor.py:183} INFO - Processing /home/logi/txtai/venv/lib/python3.10/site-packages/airflow/example_dags/example_dag_decorator.py took 0.182 seconds
