[2025-11-01T12:49:31.356+0530] {processor.py:161} INFO - Started process (PID=6976) to work on /home/logi/txtai/venv/lib/python3.10/site-packages/airflow/example_dags/example_local_kubernetes_executor.py
[2025-11-01T12:49:31.357+0530] {processor.py:830} INFO - Processing file /home/logi/txtai/venv/lib/python3.10/site-packages/airflow/example_dags/example_local_kubernetes_executor.py for tasks to queue
[2025-11-01T12:49:31.360+0530] {logging_mixin.py:188} INFO - [2025-11-01T12:49:31.359+0530] {dagbag.py:545} INFO - Filling up the DagBag from /home/logi/txtai/venv/lib/python3.10/site-packages/airflow/example_dags/example_local_kubernetes_executor.py
[2025-11-01T12:49:31.364+0530] {logging_mixin.py:188} INFO - [2025-11-01T12:49:31.364+0530] {example_local_kubernetes_executor.py:40} WARNING - Could not import DAGs in example_local_kubernetes_executor.py
Traceback (most recent call last):
  File "/home/logi/txtai/venv/lib/python3.10/site-packages/airflow/example_dags/example_local_kubernetes_executor.py", line 38, in <module>
    from kubernetes.client import models as k8s
ModuleNotFoundError: No module named 'kubernetes'
[2025-11-01T12:49:31.365+0530] {logging_mixin.py:188} INFO - [2025-11-01T12:49:31.365+0530] {example_local_kubernetes_executor.py:41} WARNING - Install Kubernetes dependencies with: pip install apache-airflow[cncf.kubernetes]
[2025-11-01T12:49:31.365+0530] {processor.py:842} WARNING - No viable dags retrieved from /home/logi/txtai/venv/lib/python3.10/site-packages/airflow/example_dags/example_local_kubernetes_executor.py
[2025-11-01T12:49:31.384+0530] {processor.py:183} INFO - Processing /home/logi/txtai/venv/lib/python3.10/site-packages/airflow/example_dags/example_local_kubernetes_executor.py took 0.039 seconds
[2025-11-01T12:50:46.924+0530] {processor.py:161} INFO - Started process (PID=7291) to work on /home/logi/txtai/venv/lib/python3.10/site-packages/airflow/example_dags/example_local_kubernetes_executor.py
[2025-11-01T12:50:46.942+0530] {processor.py:830} INFO - Processing file /home/logi/txtai/venv/lib/python3.10/site-packages/airflow/example_dags/example_local_kubernetes_executor.py for tasks to queue
[2025-11-01T12:50:46.949+0530] {logging_mixin.py:188} INFO - [2025-11-01T12:50:46.948+0530] {dagbag.py:545} INFO - Filling up the DagBag from /home/logi/txtai/venv/lib/python3.10/site-packages/airflow/example_dags/example_local_kubernetes_executor.py
[2025-11-01T12:50:46.963+0530] {logging_mixin.py:188} INFO - [2025-11-01T12:50:46.961+0530] {example_local_kubernetes_executor.py:40} WARNING - Could not import DAGs in example_local_kubernetes_executor.py
Traceback (most recent call last):
  File "/home/logi/txtai/venv/lib/python3.10/site-packages/airflow/example_dags/example_local_kubernetes_executor.py", line 38, in <module>
    from kubernetes.client import models as k8s
ModuleNotFoundError: No module named 'kubernetes'
[2025-11-01T12:50:46.964+0530] {logging_mixin.py:188} INFO - [2025-11-01T12:50:46.964+0530] {example_local_kubernetes_executor.py:41} WARNING - Install Kubernetes dependencies with: pip install apache-airflow[cncf.kubernetes]
[2025-11-01T12:50:46.964+0530] {processor.py:842} WARNING - No viable dags retrieved from /home/logi/txtai/venv/lib/python3.10/site-packages/airflow/example_dags/example_local_kubernetes_executor.py
[2025-11-01T12:50:47.001+0530] {processor.py:183} INFO - Processing /home/logi/txtai/venv/lib/python3.10/site-packages/airflow/example_dags/example_local_kubernetes_executor.py took 0.105 seconds
[2025-11-01T12:51:47.775+0530] {processor.py:161} INFO - Started process (PID=7621) to work on /home/logi/txtai/venv/lib/python3.10/site-packages/airflow/example_dags/example_local_kubernetes_executor.py
[2025-11-01T12:51:47.788+0530] {processor.py:830} INFO - Processing file /home/logi/txtai/venv/lib/python3.10/site-packages/airflow/example_dags/example_local_kubernetes_executor.py for tasks to queue
[2025-11-01T12:51:47.790+0530] {logging_mixin.py:188} INFO - [2025-11-01T12:51:47.790+0530] {dagbag.py:545} INFO - Filling up the DagBag from /home/logi/txtai/venv/lib/python3.10/site-packages/airflow/example_dags/example_local_kubernetes_executor.py
[2025-11-01T12:51:47.793+0530] {logging_mixin.py:188} INFO - [2025-11-01T12:51:47.793+0530] {example_local_kubernetes_executor.py:40} WARNING - Could not import DAGs in example_local_kubernetes_executor.py
Traceback (most recent call last):
  File "/home/logi/txtai/venv/lib/python3.10/site-packages/airflow/example_dags/example_local_kubernetes_executor.py", line 38, in <module>
    from kubernetes.client import models as k8s
ModuleNotFoundError: No module named 'kubernetes'
[2025-11-01T12:51:47.794+0530] {logging_mixin.py:188} INFO - [2025-11-01T12:51:47.794+0530] {example_local_kubernetes_executor.py:41} WARNING - Install Kubernetes dependencies with: pip install apache-airflow[cncf.kubernetes]
[2025-11-01T12:51:47.794+0530] {processor.py:842} WARNING - No viable dags retrieved from /home/logi/txtai/venv/lib/python3.10/site-packages/airflow/example_dags/example_local_kubernetes_executor.py
[2025-11-01T12:51:47.823+0530] {processor.py:183} INFO - Processing /home/logi/txtai/venv/lib/python3.10/site-packages/airflow/example_dags/example_local_kubernetes_executor.py took 0.056 seconds
[2025-11-01T12:52:52.888+0530] {processor.py:161} INFO - Started process (PID=7897) to work on /home/logi/txtai/venv/lib/python3.10/site-packages/airflow/example_dags/example_local_kubernetes_executor.py
[2025-11-01T12:52:52.891+0530] {processor.py:830} INFO - Processing file /home/logi/txtai/venv/lib/python3.10/site-packages/airflow/example_dags/example_local_kubernetes_executor.py for tasks to queue
[2025-11-01T12:52:52.895+0530] {logging_mixin.py:188} INFO - [2025-11-01T12:52:52.894+0530] {dagbag.py:545} INFO - Filling up the DagBag from /home/logi/txtai/venv/lib/python3.10/site-packages/airflow/example_dags/example_local_kubernetes_executor.py
[2025-11-01T12:52:52.897+0530] {logging_mixin.py:188} INFO - [2025-11-01T12:52:52.897+0530] {example_local_kubernetes_executor.py:40} WARNING - Could not import DAGs in example_local_kubernetes_executor.py
Traceback (most recent call last):
  File "/home/logi/txtai/venv/lib/python3.10/site-packages/airflow/example_dags/example_local_kubernetes_executor.py", line 38, in <module>
    from kubernetes.client import models as k8s
ModuleNotFoundError: No module named 'kubernetes'
[2025-11-01T12:52:52.898+0530] {logging_mixin.py:188} INFO - [2025-11-01T12:52:52.898+0530] {example_local_kubernetes_executor.py:41} WARNING - Install Kubernetes dependencies with: pip install apache-airflow[cncf.kubernetes]
[2025-11-01T12:52:52.898+0530] {processor.py:842} WARNING - No viable dags retrieved from /home/logi/txtai/venv/lib/python3.10/site-packages/airflow/example_dags/example_local_kubernetes_executor.py
[2025-11-01T12:52:52.908+0530] {processor.py:183} INFO - Processing /home/logi/txtai/venv/lib/python3.10/site-packages/airflow/example_dags/example_local_kubernetes_executor.py took 0.025 seconds
[2025-11-01T12:53:47.828+0530] {processor.py:161} INFO - Started process (PID=8011) to work on /home/logi/txtai/venv/lib/python3.10/site-packages/airflow/example_dags/example_local_kubernetes_executor.py
[2025-11-01T12:53:47.841+0530] {processor.py:830} INFO - Processing file /home/logi/txtai/venv/lib/python3.10/site-packages/airflow/example_dags/example_local_kubernetes_executor.py for tasks to queue
[2025-11-01T12:53:47.843+0530] {logging_mixin.py:188} INFO - [2025-11-01T12:53:47.843+0530] {dagbag.py:545} INFO - Filling up the DagBag from /home/logi/txtai/venv/lib/python3.10/site-packages/airflow/example_dags/example_local_kubernetes_executor.py
[2025-11-01T12:53:47.848+0530] {logging_mixin.py:188} INFO - [2025-11-01T12:53:47.847+0530] {example_local_kubernetes_executor.py:40} WARNING - Could not import DAGs in example_local_kubernetes_executor.py
Traceback (most recent call last):
  File "/home/logi/txtai/venv/lib/python3.10/site-packages/airflow/example_dags/example_local_kubernetes_executor.py", line 38, in <module>
    from kubernetes.client import models as k8s
ModuleNotFoundError: No module named 'kubernetes'
[2025-11-01T12:53:47.848+0530] {logging_mixin.py:188} INFO - [2025-11-01T12:53:47.848+0530] {example_local_kubernetes_executor.py:41} WARNING - Install Kubernetes dependencies with: pip install apache-airflow[cncf.kubernetes]
[2025-11-01T12:53:47.848+0530] {processor.py:842} WARNING - No viable dags retrieved from /home/logi/txtai/venv/lib/python3.10/site-packages/airflow/example_dags/example_local_kubernetes_executor.py
[2025-11-01T12:53:47.861+0530] {processor.py:183} INFO - Processing /home/logi/txtai/venv/lib/python3.10/site-packages/airflow/example_dags/example_local_kubernetes_executor.py took 0.040 seconds
[2025-11-01T12:54:47.407+0530] {processor.py:161} INFO - Started process (PID=8216) to work on /home/logi/txtai/venv/lib/python3.10/site-packages/airflow/example_dags/example_local_kubernetes_executor.py
[2025-11-01T12:54:47.421+0530] {processor.py:830} INFO - Processing file /home/logi/txtai/venv/lib/python3.10/site-packages/airflow/example_dags/example_local_kubernetes_executor.py for tasks to queue
[2025-11-01T12:54:47.424+0530] {logging_mixin.py:188} INFO - [2025-11-01T12:54:47.424+0530] {dagbag.py:545} INFO - Filling up the DagBag from /home/logi/txtai/venv/lib/python3.10/site-packages/airflow/example_dags/example_local_kubernetes_executor.py
[2025-11-01T12:54:47.427+0530] {logging_mixin.py:188} INFO - [2025-11-01T12:54:47.427+0530] {example_local_kubernetes_executor.py:40} WARNING - Could not import DAGs in example_local_kubernetes_executor.py
Traceback (most recent call last):
  File "/home/logi/txtai/venv/lib/python3.10/site-packages/airflow/example_dags/example_local_kubernetes_executor.py", line 38, in <module>
    from kubernetes.client import models as k8s
ModuleNotFoundError: No module named 'kubernetes'
[2025-11-01T12:54:47.427+0530] {logging_mixin.py:188} INFO - [2025-11-01T12:54:47.427+0530] {example_local_kubernetes_executor.py:41} WARNING - Install Kubernetes dependencies with: pip install apache-airflow[cncf.kubernetes]
[2025-11-01T12:54:47.428+0530] {processor.py:842} WARNING - No viable dags retrieved from /home/logi/txtai/venv/lib/python3.10/site-packages/airflow/example_dags/example_local_kubernetes_executor.py
[2025-11-01T12:54:47.439+0530] {processor.py:183} INFO - Processing /home/logi/txtai/venv/lib/python3.10/site-packages/airflow/example_dags/example_local_kubernetes_executor.py took 0.037 seconds
[2025-11-01T12:55:37.331+0530] {processor.py:161} INFO - Started process (PID=8295) to work on /home/logi/txtai/venv/lib/python3.10/site-packages/airflow/example_dags/example_local_kubernetes_executor.py
[2025-11-01T12:55:37.332+0530] {processor.py:830} INFO - Processing file /home/logi/txtai/venv/lib/python3.10/site-packages/airflow/example_dags/example_local_kubernetes_executor.py for tasks to queue
[2025-11-01T12:55:37.334+0530] {logging_mixin.py:188} INFO - [2025-11-01T12:55:37.334+0530] {dagbag.py:545} INFO - Filling up the DagBag from /home/logi/txtai/venv/lib/python3.10/site-packages/airflow/example_dags/example_local_kubernetes_executor.py
[2025-11-01T12:55:37.341+0530] {logging_mixin.py:188} INFO - [2025-11-01T12:55:37.341+0530] {example_local_kubernetes_executor.py:40} WARNING - Could not import DAGs in example_local_kubernetes_executor.py
Traceback (most recent call last):
  File "/home/logi/txtai/venv/lib/python3.10/site-packages/airflow/example_dags/example_local_kubernetes_executor.py", line 38, in <module>
    from kubernetes.client import models as k8s
ModuleNotFoundError: No module named 'kubernetes'
[2025-11-01T12:55:37.341+0530] {logging_mixin.py:188} INFO - [2025-11-01T12:55:37.341+0530] {example_local_kubernetes_executor.py:41} WARNING - Install Kubernetes dependencies with: pip install apache-airflow[cncf.kubernetes]
[2025-11-01T12:55:37.342+0530] {processor.py:842} WARNING - No viable dags retrieved from /home/logi/txtai/venv/lib/python3.10/site-packages/airflow/example_dags/example_local_kubernetes_executor.py
[2025-11-01T12:55:37.367+0530] {processor.py:183} INFO - Processing /home/logi/txtai/venv/lib/python3.10/site-packages/airflow/example_dags/example_local_kubernetes_executor.py took 0.043 seconds
[2025-11-01T12:56:38.829+0530] {processor.py:161} INFO - Started process (PID=8543) to work on /home/logi/txtai/venv/lib/python3.10/site-packages/airflow/example_dags/example_local_kubernetes_executor.py
[2025-11-01T12:56:38.831+0530] {processor.py:830} INFO - Processing file /home/logi/txtai/venv/lib/python3.10/site-packages/airflow/example_dags/example_local_kubernetes_executor.py for tasks to queue
[2025-11-01T12:56:38.836+0530] {logging_mixin.py:188} INFO - [2025-11-01T12:56:38.835+0530] {dagbag.py:545} INFO - Filling up the DagBag from /home/logi/txtai/venv/lib/python3.10/site-packages/airflow/example_dags/example_local_kubernetes_executor.py
[2025-11-01T12:56:38.842+0530] {logging_mixin.py:188} INFO - [2025-11-01T12:56:38.842+0530] {example_local_kubernetes_executor.py:40} WARNING - Could not import DAGs in example_local_kubernetes_executor.py
Traceback (most recent call last):
  File "/home/logi/txtai/venv/lib/python3.10/site-packages/airflow/example_dags/example_local_kubernetes_executor.py", line 38, in <module>
    from kubernetes.client import models as k8s
ModuleNotFoundError: No module named 'kubernetes'
[2025-11-01T12:56:38.843+0530] {logging_mixin.py:188} INFO - [2025-11-01T12:56:38.843+0530] {example_local_kubernetes_executor.py:41} WARNING - Install Kubernetes dependencies with: pip install apache-airflow[cncf.kubernetes]
[2025-11-01T12:56:38.843+0530] {processor.py:842} WARNING - No viable dags retrieved from /home/logi/txtai/venv/lib/python3.10/site-packages/airflow/example_dags/example_local_kubernetes_executor.py
[2025-11-01T12:56:38.867+0530] {processor.py:183} INFO - Processing /home/logi/txtai/venv/lib/python3.10/site-packages/airflow/example_dags/example_local_kubernetes_executor.py took 0.049 seconds
[2025-11-01T12:57:32.574+0530] {processor.py:161} INFO - Started process (PID=8619) to work on /home/logi/txtai/venv/lib/python3.10/site-packages/airflow/example_dags/example_local_kubernetes_executor.py
[2025-11-01T12:57:32.588+0530] {processor.py:830} INFO - Processing file /home/logi/txtai/venv/lib/python3.10/site-packages/airflow/example_dags/example_local_kubernetes_executor.py for tasks to queue
[2025-11-01T12:57:32.591+0530] {logging_mixin.py:188} INFO - [2025-11-01T12:57:32.590+0530] {dagbag.py:545} INFO - Filling up the DagBag from /home/logi/txtai/venv/lib/python3.10/site-packages/airflow/example_dags/example_local_kubernetes_executor.py
[2025-11-01T12:57:32.595+0530] {logging_mixin.py:188} INFO - [2025-11-01T12:57:32.595+0530] {example_local_kubernetes_executor.py:40} WARNING - Could not import DAGs in example_local_kubernetes_executor.py
Traceback (most recent call last):
  File "/home/logi/txtai/venv/lib/python3.10/site-packages/airflow/example_dags/example_local_kubernetes_executor.py", line 38, in <module>
    from kubernetes.client import models as k8s
ModuleNotFoundError: No module named 'kubernetes'
[2025-11-01T12:57:32.596+0530] {logging_mixin.py:188} INFO - [2025-11-01T12:57:32.596+0530] {example_local_kubernetes_executor.py:41} WARNING - Install Kubernetes dependencies with: pip install apache-airflow[cncf.kubernetes]
[2025-11-01T12:57:32.596+0530] {processor.py:842} WARNING - No viable dags retrieved from /home/logi/txtai/venv/lib/python3.10/site-packages/airflow/example_dags/example_local_kubernetes_executor.py
[2025-11-01T12:57:32.609+0530] {processor.py:183} INFO - Processing /home/logi/txtai/venv/lib/python3.10/site-packages/airflow/example_dags/example_local_kubernetes_executor.py took 0.045 seconds
[2025-11-01T12:58:51.866+0530] {processor.py:161} INFO - Started process (PID=8887) to work on /home/logi/txtai/venv/lib/python3.10/site-packages/airflow/example_dags/example_local_kubernetes_executor.py
[2025-11-01T12:58:51.879+0530] {processor.py:830} INFO - Processing file /home/logi/txtai/venv/lib/python3.10/site-packages/airflow/example_dags/example_local_kubernetes_executor.py for tasks to queue
[2025-11-01T12:58:51.884+0530] {logging_mixin.py:188} INFO - [2025-11-01T12:58:51.883+0530] {dagbag.py:545} INFO - Filling up the DagBag from /home/logi/txtai/venv/lib/python3.10/site-packages/airflow/example_dags/example_local_kubernetes_executor.py
[2025-11-01T12:58:51.888+0530] {logging_mixin.py:188} INFO - [2025-11-01T12:58:51.888+0530] {example_local_kubernetes_executor.py:40} WARNING - Could not import DAGs in example_local_kubernetes_executor.py
Traceback (most recent call last):
  File "/home/logi/txtai/venv/lib/python3.10/site-packages/airflow/example_dags/example_local_kubernetes_executor.py", line 38, in <module>
    from kubernetes.client import models as k8s
ModuleNotFoundError: No module named 'kubernetes'
[2025-11-01T12:58:51.889+0530] {logging_mixin.py:188} INFO - [2025-11-01T12:58:51.889+0530] {example_local_kubernetes_executor.py:41} WARNING - Install Kubernetes dependencies with: pip install apache-airflow[cncf.kubernetes]
[2025-11-01T12:58:51.889+0530] {processor.py:842} WARNING - No viable dags retrieved from /home/logi/txtai/venv/lib/python3.10/site-packages/airflow/example_dags/example_local_kubernetes_executor.py
[2025-11-01T12:58:51.908+0530] {processor.py:183} INFO - Processing /home/logi/txtai/venv/lib/python3.10/site-packages/airflow/example_dags/example_local_kubernetes_executor.py took 0.051 seconds
[2025-11-01T12:59:44.667+0530] {processor.py:161} INFO - Started process (PID=8966) to work on /home/logi/txtai/venv/lib/python3.10/site-packages/airflow/example_dags/example_local_kubernetes_executor.py
[2025-11-01T12:59:44.680+0530] {processor.py:830} INFO - Processing file /home/logi/txtai/venv/lib/python3.10/site-packages/airflow/example_dags/example_local_kubernetes_executor.py for tasks to queue
[2025-11-01T12:59:44.684+0530] {logging_mixin.py:188} INFO - [2025-11-01T12:59:44.683+0530] {dagbag.py:545} INFO - Filling up the DagBag from /home/logi/txtai/venv/lib/python3.10/site-packages/airflow/example_dags/example_local_kubernetes_executor.py
[2025-11-01T12:59:44.690+0530] {logging_mixin.py:188} INFO - [2025-11-01T12:59:44.689+0530] {example_local_kubernetes_executor.py:40} WARNING - Could not import DAGs in example_local_kubernetes_executor.py
Traceback (most recent call last):
  File "/home/logi/txtai/venv/lib/python3.10/site-packages/airflow/example_dags/example_local_kubernetes_executor.py", line 38, in <module>
    from kubernetes.client import models as k8s
ModuleNotFoundError: No module named 'kubernetes'
[2025-11-01T12:59:44.691+0530] {logging_mixin.py:188} INFO - [2025-11-01T12:59:44.690+0530] {example_local_kubernetes_executor.py:41} WARNING - Install Kubernetes dependencies with: pip install apache-airflow[cncf.kubernetes]
[2025-11-01T12:59:44.691+0530] {processor.py:842} WARNING - No viable dags retrieved from /home/logi/txtai/venv/lib/python3.10/site-packages/airflow/example_dags/example_local_kubernetes_executor.py
[2025-11-01T12:59:44.707+0530] {processor.py:183} INFO - Processing /home/logi/txtai/venv/lib/python3.10/site-packages/airflow/example_dags/example_local_kubernetes_executor.py took 0.050 seconds
[2025-11-01T13:00:41.615+0530] {processor.py:161} INFO - Started process (PID=9166) to work on /home/logi/txtai/venv/lib/python3.10/site-packages/airflow/example_dags/example_local_kubernetes_executor.py
[2025-11-01T13:00:41.617+0530] {processor.py:830} INFO - Processing file /home/logi/txtai/venv/lib/python3.10/site-packages/airflow/example_dags/example_local_kubernetes_executor.py for tasks to queue
[2025-11-01T13:00:41.621+0530] {logging_mixin.py:188} INFO - [2025-11-01T13:00:41.620+0530] {dagbag.py:545} INFO - Filling up the DagBag from /home/logi/txtai/venv/lib/python3.10/site-packages/airflow/example_dags/example_local_kubernetes_executor.py
[2025-11-01T13:00:41.626+0530] {logging_mixin.py:188} INFO - [2025-11-01T13:00:41.625+0530] {example_local_kubernetes_executor.py:40} WARNING - Could not import DAGs in example_local_kubernetes_executor.py
Traceback (most recent call last):
  File "/home/logi/txtai/venv/lib/python3.10/site-packages/airflow/example_dags/example_local_kubernetes_executor.py", line 38, in <module>
    from kubernetes.client import models as k8s
ModuleNotFoundError: No module named 'kubernetes'
[2025-11-01T13:00:41.626+0530] {logging_mixin.py:188} INFO - [2025-11-01T13:00:41.626+0530] {example_local_kubernetes_executor.py:41} WARNING - Install Kubernetes dependencies with: pip install apache-airflow[cncf.kubernetes]
[2025-11-01T13:00:41.626+0530] {processor.py:842} WARNING - No viable dags retrieved from /home/logi/txtai/venv/lib/python3.10/site-packages/airflow/example_dags/example_local_kubernetes_executor.py
[2025-11-01T13:00:41.643+0530] {processor.py:183} INFO - Processing /home/logi/txtai/venv/lib/python3.10/site-packages/airflow/example_dags/example_local_kubernetes_executor.py took 0.038 seconds
[2025-11-01T13:01:36.697+0530] {processor.py:161} INFO - Started process (PID=9253) to work on /home/logi/txtai/venv/lib/python3.10/site-packages/airflow/example_dags/example_local_kubernetes_executor.py
[2025-11-01T13:01:36.702+0530] {processor.py:830} INFO - Processing file /home/logi/txtai/venv/lib/python3.10/site-packages/airflow/example_dags/example_local_kubernetes_executor.py for tasks to queue
[2025-11-01T13:01:36.720+0530] {logging_mixin.py:188} INFO - [2025-11-01T13:01:36.719+0530] {dagbag.py:545} INFO - Filling up the DagBag from /home/logi/txtai/venv/lib/python3.10/site-packages/airflow/example_dags/example_local_kubernetes_executor.py
[2025-11-01T13:01:36.725+0530] {logging_mixin.py:188} INFO - [2025-11-01T13:01:36.724+0530] {example_local_kubernetes_executor.py:40} WARNING - Could not import DAGs in example_local_kubernetes_executor.py
Traceback (most recent call last):
  File "/home/logi/txtai/venv/lib/python3.10/site-packages/airflow/example_dags/example_local_kubernetes_executor.py", line 38, in <module>
    from kubernetes.client import models as k8s
ModuleNotFoundError: No module named 'kubernetes'
[2025-11-01T13:01:36.725+0530] {logging_mixin.py:188} INFO - [2025-11-01T13:01:36.725+0530] {example_local_kubernetes_executor.py:41} WARNING - Install Kubernetes dependencies with: pip install apache-airflow[cncf.kubernetes]
[2025-11-01T13:01:36.726+0530] {processor.py:842} WARNING - No viable dags retrieved from /home/logi/txtai/venv/lib/python3.10/site-packages/airflow/example_dags/example_local_kubernetes_executor.py
[2025-11-01T13:01:36.744+0530] {processor.py:183} INFO - Processing /home/logi/txtai/venv/lib/python3.10/site-packages/airflow/example_dags/example_local_kubernetes_executor.py took 0.062 seconds
[2025-11-01T13:02:43.695+0530] {processor.py:161} INFO - Started process (PID=9615) to work on /home/logi/txtai/venv/lib/python3.10/site-packages/airflow/example_dags/example_local_kubernetes_executor.py
[2025-11-01T13:02:43.708+0530] {processor.py:830} INFO - Processing file /home/logi/txtai/venv/lib/python3.10/site-packages/airflow/example_dags/example_local_kubernetes_executor.py for tasks to queue
[2025-11-01T13:02:43.711+0530] {logging_mixin.py:188} INFO - [2025-11-01T13:02:43.711+0530] {dagbag.py:545} INFO - Filling up the DagBag from /home/logi/txtai/venv/lib/python3.10/site-packages/airflow/example_dags/example_local_kubernetes_executor.py
[2025-11-01T13:02:43.716+0530] {logging_mixin.py:188} INFO - [2025-11-01T13:02:43.715+0530] {example_local_kubernetes_executor.py:40} WARNING - Could not import DAGs in example_local_kubernetes_executor.py
Traceback (most recent call last):
  File "/home/logi/txtai/venv/lib/python3.10/site-packages/airflow/example_dags/example_local_kubernetes_executor.py", line 38, in <module>
    from kubernetes.client import models as k8s
ModuleNotFoundError: No module named 'kubernetes'
[2025-11-01T13:02:43.717+0530] {logging_mixin.py:188} INFO - [2025-11-01T13:02:43.716+0530] {example_local_kubernetes_executor.py:41} WARNING - Install Kubernetes dependencies with: pip install apache-airflow[cncf.kubernetes]
[2025-11-01T13:02:43.717+0530] {processor.py:842} WARNING - No viable dags retrieved from /home/logi/txtai/venv/lib/python3.10/site-packages/airflow/example_dags/example_local_kubernetes_executor.py
[2025-11-01T13:02:43.733+0530] {processor.py:183} INFO - Processing /home/logi/txtai/venv/lib/python3.10/site-packages/airflow/example_dags/example_local_kubernetes_executor.py took 0.048 seconds
[2025-11-01T13:03:36.888+0530] {processor.py:161} INFO - Started process (PID=9737) to work on /home/logi/txtai/venv/lib/python3.10/site-packages/airflow/example_dags/example_local_kubernetes_executor.py
[2025-11-01T13:03:36.901+0530] {processor.py:830} INFO - Processing file /home/logi/txtai/venv/lib/python3.10/site-packages/airflow/example_dags/example_local_kubernetes_executor.py for tasks to queue
[2025-11-01T13:03:36.904+0530] {logging_mixin.py:188} INFO - [2025-11-01T13:03:36.903+0530] {dagbag.py:545} INFO - Filling up the DagBag from /home/logi/txtai/venv/lib/python3.10/site-packages/airflow/example_dags/example_local_kubernetes_executor.py
[2025-11-01T13:03:36.909+0530] {logging_mixin.py:188} INFO - [2025-11-01T13:03:36.908+0530] {example_local_kubernetes_executor.py:40} WARNING - Could not import DAGs in example_local_kubernetes_executor.py
Traceback (most recent call last):
  File "/home/logi/txtai/venv/lib/python3.10/site-packages/airflow/example_dags/example_local_kubernetes_executor.py", line 38, in <module>
    from kubernetes.client import models as k8s
ModuleNotFoundError: No module named 'kubernetes'
[2025-11-01T13:03:36.909+0530] {logging_mixin.py:188} INFO - [2025-11-01T13:03:36.909+0530] {example_local_kubernetes_executor.py:41} WARNING - Install Kubernetes dependencies with: pip install apache-airflow[cncf.kubernetes]
[2025-11-01T13:03:36.909+0530] {processor.py:842} WARNING - No viable dags retrieved from /home/logi/txtai/venv/lib/python3.10/site-packages/airflow/example_dags/example_local_kubernetes_executor.py
[2025-11-01T13:03:36.926+0530] {processor.py:183} INFO - Processing /home/logi/txtai/venv/lib/python3.10/site-packages/airflow/example_dags/example_local_kubernetes_executor.py took 0.050 seconds
[2025-11-01T13:04:38.452+0530] {processor.py:161} INFO - Started process (PID=10061) to work on /home/logi/txtai/venv/lib/python3.10/site-packages/airflow/example_dags/example_local_kubernetes_executor.py
[2025-11-01T13:04:38.465+0530] {processor.py:830} INFO - Processing file /home/logi/txtai/venv/lib/python3.10/site-packages/airflow/example_dags/example_local_kubernetes_executor.py for tasks to queue
[2025-11-01T13:04:38.467+0530] {logging_mixin.py:188} INFO - [2025-11-01T13:04:38.467+0530] {dagbag.py:545} INFO - Filling up the DagBag from /home/logi/txtai/venv/lib/python3.10/site-packages/airflow/example_dags/example_local_kubernetes_executor.py
[2025-11-01T13:04:38.472+0530] {logging_mixin.py:188} INFO - [2025-11-01T13:04:38.471+0530] {example_local_kubernetes_executor.py:40} WARNING - Could not import DAGs in example_local_kubernetes_executor.py
Traceback (most recent call last):
  File "/home/logi/txtai/venv/lib/python3.10/site-packages/airflow/example_dags/example_local_kubernetes_executor.py", line 38, in <module>
    from kubernetes.client import models as k8s
ModuleNotFoundError: No module named 'kubernetes'
[2025-11-01T13:04:38.473+0530] {logging_mixin.py:188} INFO - [2025-11-01T13:04:38.472+0530] {example_local_kubernetes_executor.py:41} WARNING - Install Kubernetes dependencies with: pip install apache-airflow[cncf.kubernetes]
[2025-11-01T13:04:38.473+0530] {processor.py:842} WARNING - No viable dags retrieved from /home/logi/txtai/venv/lib/python3.10/site-packages/airflow/example_dags/example_local_kubernetes_executor.py
[2025-11-01T13:04:38.493+0530] {processor.py:183} INFO - Processing /home/logi/txtai/venv/lib/python3.10/site-packages/airflow/example_dags/example_local_kubernetes_executor.py took 0.052 seconds
[2025-11-01T13:05:33.610+0530] {processor.py:161} INFO - Started process (PID=10181) to work on /home/logi/txtai/venv/lib/python3.10/site-packages/airflow/example_dags/example_local_kubernetes_executor.py
[2025-11-01T13:05:33.623+0530] {processor.py:830} INFO - Processing file /home/logi/txtai/venv/lib/python3.10/site-packages/airflow/example_dags/example_local_kubernetes_executor.py for tasks to queue
[2025-11-01T13:05:33.627+0530] {logging_mixin.py:188} INFO - [2025-11-01T13:05:33.626+0530] {dagbag.py:545} INFO - Filling up the DagBag from /home/logi/txtai/venv/lib/python3.10/site-packages/airflow/example_dags/example_local_kubernetes_executor.py
[2025-11-01T13:05:33.632+0530] {logging_mixin.py:188} INFO - [2025-11-01T13:05:33.631+0530] {example_local_kubernetes_executor.py:40} WARNING - Could not import DAGs in example_local_kubernetes_executor.py
Traceback (most recent call last):
  File "/home/logi/txtai/venv/lib/python3.10/site-packages/airflow/example_dags/example_local_kubernetes_executor.py", line 38, in <module>
    from kubernetes.client import models as k8s
ModuleNotFoundError: No module named 'kubernetes'
[2025-11-01T13:05:33.632+0530] {logging_mixin.py:188} INFO - [2025-11-01T13:05:33.632+0530] {example_local_kubernetes_executor.py:41} WARNING - Install Kubernetes dependencies with: pip install apache-airflow[cncf.kubernetes]
[2025-11-01T13:05:33.633+0530] {processor.py:842} WARNING - No viable dags retrieved from /home/logi/txtai/venv/lib/python3.10/site-packages/airflow/example_dags/example_local_kubernetes_executor.py
[2025-11-01T13:05:33.649+0530] {processor.py:183} INFO - Processing /home/logi/txtai/venv/lib/python3.10/site-packages/airflow/example_dags/example_local_kubernetes_executor.py took 0.049 seconds
[2025-11-01T13:06:29.033+0530] {processor.py:161} INFO - Started process (PID=10427) to work on /home/logi/txtai/venv/lib/python3.10/site-packages/airflow/example_dags/example_local_kubernetes_executor.py
[2025-11-01T13:06:29.046+0530] {processor.py:830} INFO - Processing file /home/logi/txtai/venv/lib/python3.10/site-packages/airflow/example_dags/example_local_kubernetes_executor.py for tasks to queue
[2025-11-01T13:06:29.049+0530] {logging_mixin.py:188} INFO - [2025-11-01T13:06:29.048+0530] {dagbag.py:545} INFO - Filling up the DagBag from /home/logi/txtai/venv/lib/python3.10/site-packages/airflow/example_dags/example_local_kubernetes_executor.py
[2025-11-01T13:06:29.052+0530] {logging_mixin.py:188} INFO - [2025-11-01T13:06:29.051+0530] {example_local_kubernetes_executor.py:40} WARNING - Could not import DAGs in example_local_kubernetes_executor.py
Traceback (most recent call last):
  File "/home/logi/txtai/venv/lib/python3.10/site-packages/airflow/example_dags/example_local_kubernetes_executor.py", line 38, in <module>
    from kubernetes.client import models as k8s
ModuleNotFoundError: No module named 'kubernetes'
[2025-11-01T13:06:29.052+0530] {logging_mixin.py:188} INFO - [2025-11-01T13:06:29.052+0530] {example_local_kubernetes_executor.py:41} WARNING - Install Kubernetes dependencies with: pip install apache-airflow[cncf.kubernetes]
[2025-11-01T13:06:29.052+0530] {processor.py:842} WARNING - No viable dags retrieved from /home/logi/txtai/venv/lib/python3.10/site-packages/airflow/example_dags/example_local_kubernetes_executor.py
[2025-11-01T13:06:29.061+0530] {processor.py:183} INFO - Processing /home/logi/txtai/venv/lib/python3.10/site-packages/airflow/example_dags/example_local_kubernetes_executor.py took 0.033 seconds
[2025-11-01T13:07:23.598+0530] {processor.py:161} INFO - Started process (PID=10553) to work on /home/logi/txtai/venv/lib/python3.10/site-packages/airflow/example_dags/example_local_kubernetes_executor.py
[2025-11-01T13:07:23.611+0530] {processor.py:830} INFO - Processing file /home/logi/txtai/venv/lib/python3.10/site-packages/airflow/example_dags/example_local_kubernetes_executor.py for tasks to queue
[2025-11-01T13:07:23.613+0530] {logging_mixin.py:188} INFO - [2025-11-01T13:07:23.613+0530] {dagbag.py:545} INFO - Filling up the DagBag from /home/logi/txtai/venv/lib/python3.10/site-packages/airflow/example_dags/example_local_kubernetes_executor.py
[2025-11-01T13:07:23.615+0530] {logging_mixin.py:188} INFO - [2025-11-01T13:07:23.615+0530] {example_local_kubernetes_executor.py:40} WARNING - Could not import DAGs in example_local_kubernetes_executor.py
Traceback (most recent call last):
  File "/home/logi/txtai/venv/lib/python3.10/site-packages/airflow/example_dags/example_local_kubernetes_executor.py", line 38, in <module>
    from kubernetes.client import models as k8s
ModuleNotFoundError: No module named 'kubernetes'
[2025-11-01T13:07:23.616+0530] {logging_mixin.py:188} INFO - [2025-11-01T13:07:23.616+0530] {example_local_kubernetes_executor.py:41} WARNING - Install Kubernetes dependencies with: pip install apache-airflow[cncf.kubernetes]
[2025-11-01T13:07:23.616+0530] {processor.py:842} WARNING - No viable dags retrieved from /home/logi/txtai/venv/lib/python3.10/site-packages/airflow/example_dags/example_local_kubernetes_executor.py
[2025-11-01T13:07:23.626+0530] {processor.py:183} INFO - Processing /home/logi/txtai/venv/lib/python3.10/site-packages/airflow/example_dags/example_local_kubernetes_executor.py took 0.034 seconds
[2025-11-01T13:08:20.161+0530] {processor.py:161} INFO - Started process (PID=10805) to work on /home/logi/txtai/venv/lib/python3.10/site-packages/airflow/example_dags/example_local_kubernetes_executor.py
[2025-11-01T13:08:20.174+0530] {processor.py:830} INFO - Processing file /home/logi/txtai/venv/lib/python3.10/site-packages/airflow/example_dags/example_local_kubernetes_executor.py for tasks to queue
[2025-11-01T13:08:20.176+0530] {logging_mixin.py:188} INFO - [2025-11-01T13:08:20.176+0530] {dagbag.py:545} INFO - Filling up the DagBag from /home/logi/txtai/venv/lib/python3.10/site-packages/airflow/example_dags/example_local_kubernetes_executor.py
[2025-11-01T13:08:20.179+0530] {logging_mixin.py:188} INFO - [2025-11-01T13:08:20.178+0530] {example_local_kubernetes_executor.py:40} WARNING - Could not import DAGs in example_local_kubernetes_executor.py
Traceback (most recent call last):
  File "/home/logi/txtai/venv/lib/python3.10/site-packages/airflow/example_dags/example_local_kubernetes_executor.py", line 38, in <module>
    from kubernetes.client import models as k8s
ModuleNotFoundError: No module named 'kubernetes'
[2025-11-01T13:08:20.179+0530] {logging_mixin.py:188} INFO - [2025-11-01T13:08:20.179+0530] {example_local_kubernetes_executor.py:41} WARNING - Install Kubernetes dependencies with: pip install apache-airflow[cncf.kubernetes]
[2025-11-01T13:08:20.179+0530] {processor.py:842} WARNING - No viable dags retrieved from /home/logi/txtai/venv/lib/python3.10/site-packages/airflow/example_dags/example_local_kubernetes_executor.py
[2025-11-01T13:08:20.189+0530] {processor.py:183} INFO - Processing /home/logi/txtai/venv/lib/python3.10/site-packages/airflow/example_dags/example_local_kubernetes_executor.py took 0.035 seconds
[2025-11-01T13:09:13.745+0530] {processor.py:161} INFO - Started process (PID=11090) to work on /home/logi/txtai/venv/lib/python3.10/site-packages/airflow/example_dags/example_local_kubernetes_executor.py
[2025-11-01T13:09:13.758+0530] {processor.py:830} INFO - Processing file /home/logi/txtai/venv/lib/python3.10/site-packages/airflow/example_dags/example_local_kubernetes_executor.py for tasks to queue
[2025-11-01T13:09:13.760+0530] {logging_mixin.py:188} INFO - [2025-11-01T13:09:13.760+0530] {dagbag.py:545} INFO - Filling up the DagBag from /home/logi/txtai/venv/lib/python3.10/site-packages/airflow/example_dags/example_local_kubernetes_executor.py
[2025-11-01T13:09:13.765+0530] {logging_mixin.py:188} INFO - [2025-11-01T13:09:13.764+0530] {example_local_kubernetes_executor.py:40} WARNING - Could not import DAGs in example_local_kubernetes_executor.py
Traceback (most recent call last):
  File "/home/logi/txtai/venv/lib/python3.10/site-packages/airflow/example_dags/example_local_kubernetes_executor.py", line 38, in <module>
    from kubernetes.client import models as k8s
ModuleNotFoundError: No module named 'kubernetes'
[2025-11-01T13:09:13.765+0530] {logging_mixin.py:188} INFO - [2025-11-01T13:09:13.765+0530] {example_local_kubernetes_executor.py:41} WARNING - Install Kubernetes dependencies with: pip install apache-airflow[cncf.kubernetes]
[2025-11-01T13:09:13.766+0530] {processor.py:842} WARNING - No viable dags retrieved from /home/logi/txtai/venv/lib/python3.10/site-packages/airflow/example_dags/example_local_kubernetes_executor.py
[2025-11-01T13:09:13.776+0530] {processor.py:183} INFO - Processing /home/logi/txtai/venv/lib/python3.10/site-packages/airflow/example_dags/example_local_kubernetes_executor.py took 0.038 seconds
[2025-11-01T13:10:31.006+0530] {processor.py:161} INFO - Started process (PID=11397) to work on /home/logi/txtai/venv/lib/python3.10/site-packages/airflow/example_dags/example_local_kubernetes_executor.py
[2025-11-01T13:10:31.018+0530] {processor.py:830} INFO - Processing file /home/logi/txtai/venv/lib/python3.10/site-packages/airflow/example_dags/example_local_kubernetes_executor.py for tasks to queue
[2025-11-01T13:10:31.020+0530] {logging_mixin.py:188} INFO - [2025-11-01T13:10:31.020+0530] {dagbag.py:545} INFO - Filling up the DagBag from /home/logi/txtai/venv/lib/python3.10/site-packages/airflow/example_dags/example_local_kubernetes_executor.py
[2025-11-01T13:10:31.024+0530] {logging_mixin.py:188} INFO - [2025-11-01T13:10:31.023+0530] {example_local_kubernetes_executor.py:40} WARNING - Could not import DAGs in example_local_kubernetes_executor.py
Traceback (most recent call last):
  File "/home/logi/txtai/venv/lib/python3.10/site-packages/airflow/example_dags/example_local_kubernetes_executor.py", line 38, in <module>
    from kubernetes.client import models as k8s
ModuleNotFoundError: No module named 'kubernetes'
[2025-11-01T13:10:31.024+0530] {logging_mixin.py:188} INFO - [2025-11-01T13:10:31.024+0530] {example_local_kubernetes_executor.py:41} WARNING - Install Kubernetes dependencies with: pip install apache-airflow[cncf.kubernetes]
[2025-11-01T13:10:31.024+0530] {processor.py:842} WARNING - No viable dags retrieved from /home/logi/txtai/venv/lib/python3.10/site-packages/airflow/example_dags/example_local_kubernetes_executor.py
[2025-11-01T13:10:31.033+0530] {processor.py:183} INFO - Processing /home/logi/txtai/venv/lib/python3.10/site-packages/airflow/example_dags/example_local_kubernetes_executor.py took 0.034 seconds
[2025-11-01T13:11:25.668+0530] {processor.py:161} INFO - Started process (PID=11533) to work on /home/logi/txtai/venv/lib/python3.10/site-packages/airflow/example_dags/example_local_kubernetes_executor.py
[2025-11-01T13:11:25.686+0530] {processor.py:830} INFO - Processing file /home/logi/txtai/venv/lib/python3.10/site-packages/airflow/example_dags/example_local_kubernetes_executor.py for tasks to queue
[2025-11-01T13:11:25.696+0530] {logging_mixin.py:188} INFO - [2025-11-01T13:11:25.693+0530] {dagbag.py:545} INFO - Filling up the DagBag from /home/logi/txtai/venv/lib/python3.10/site-packages/airflow/example_dags/example_local_kubernetes_executor.py
[2025-11-01T13:11:25.709+0530] {logging_mixin.py:188} INFO - [2025-11-01T13:11:25.707+0530] {example_local_kubernetes_executor.py:40} WARNING - Could not import DAGs in example_local_kubernetes_executor.py
Traceback (most recent call last):
  File "/home/logi/txtai/venv/lib/python3.10/site-packages/airflow/example_dags/example_local_kubernetes_executor.py", line 38, in <module>
    from kubernetes.client import models as k8s
ModuleNotFoundError: No module named 'kubernetes'
[2025-11-01T13:11:25.710+0530] {logging_mixin.py:188} INFO - [2025-11-01T13:11:25.710+0530] {example_local_kubernetes_executor.py:41} WARNING - Install Kubernetes dependencies with: pip install apache-airflow[cncf.kubernetes]
[2025-11-01T13:11:25.711+0530] {processor.py:842} WARNING - No viable dags retrieved from /home/logi/txtai/venv/lib/python3.10/site-packages/airflow/example_dags/example_local_kubernetes_executor.py
[2025-11-01T13:11:25.759+0530] {processor.py:183} INFO - Processing /home/logi/txtai/venv/lib/python3.10/site-packages/airflow/example_dags/example_local_kubernetes_executor.py took 0.135 seconds
[2025-11-01T13:12:42.743+0530] {processor.py:161} INFO - Started process (PID=11819) to work on /home/logi/txtai/venv/lib/python3.10/site-packages/airflow/example_dags/example_local_kubernetes_executor.py
[2025-11-01T13:12:42.755+0530] {processor.py:830} INFO - Processing file /home/logi/txtai/venv/lib/python3.10/site-packages/airflow/example_dags/example_local_kubernetes_executor.py for tasks to queue
[2025-11-01T13:12:42.758+0530] {logging_mixin.py:188} INFO - [2025-11-01T13:12:42.758+0530] {dagbag.py:545} INFO - Filling up the DagBag from /home/logi/txtai/venv/lib/python3.10/site-packages/airflow/example_dags/example_local_kubernetes_executor.py
[2025-11-01T13:12:42.761+0530] {logging_mixin.py:188} INFO - [2025-11-01T13:12:42.761+0530] {example_local_kubernetes_executor.py:40} WARNING - Could not import DAGs in example_local_kubernetes_executor.py
Traceback (most recent call last):
  File "/home/logi/txtai/venv/lib/python3.10/site-packages/airflow/example_dags/example_local_kubernetes_executor.py", line 38, in <module>
    from kubernetes.client import models as k8s
ModuleNotFoundError: No module named 'kubernetes'
[2025-11-01T13:12:42.761+0530] {logging_mixin.py:188} INFO - [2025-11-01T13:12:42.761+0530] {example_local_kubernetes_executor.py:41} WARNING - Install Kubernetes dependencies with: pip install apache-airflow[cncf.kubernetes]
[2025-11-01T13:12:42.761+0530] {processor.py:842} WARNING - No viable dags retrieved from /home/logi/txtai/venv/lib/python3.10/site-packages/airflow/example_dags/example_local_kubernetes_executor.py
[2025-11-01T13:12:42.771+0530] {processor.py:183} INFO - Processing /home/logi/txtai/venv/lib/python3.10/site-packages/airflow/example_dags/example_local_kubernetes_executor.py took 0.035 seconds
[2025-11-01T13:13:35.517+0530] {processor.py:161} INFO - Started process (PID=11937) to work on /home/logi/txtai/venv/lib/python3.10/site-packages/airflow/example_dags/example_local_kubernetes_executor.py
[2025-11-01T13:13:35.530+0530] {processor.py:830} INFO - Processing file /home/logi/txtai/venv/lib/python3.10/site-packages/airflow/example_dags/example_local_kubernetes_executor.py for tasks to queue
[2025-11-01T13:13:35.533+0530] {logging_mixin.py:188} INFO - [2025-11-01T13:13:35.532+0530] {dagbag.py:545} INFO - Filling up the DagBag from /home/logi/txtai/venv/lib/python3.10/site-packages/airflow/example_dags/example_local_kubernetes_executor.py
[2025-11-01T13:13:35.535+0530] {logging_mixin.py:188} INFO - [2025-11-01T13:13:35.535+0530] {example_local_kubernetes_executor.py:40} WARNING - Could not import DAGs in example_local_kubernetes_executor.py
Traceback (most recent call last):
  File "/home/logi/txtai/venv/lib/python3.10/site-packages/airflow/example_dags/example_local_kubernetes_executor.py", line 38, in <module>
    from kubernetes.client import models as k8s
ModuleNotFoundError: No module named 'kubernetes'
[2025-11-01T13:13:35.536+0530] {logging_mixin.py:188} INFO - [2025-11-01T13:13:35.535+0530] {example_local_kubernetes_executor.py:41} WARNING - Install Kubernetes dependencies with: pip install apache-airflow[cncf.kubernetes]
[2025-11-01T13:13:35.536+0530] {processor.py:842} WARNING - No viable dags retrieved from /home/logi/txtai/venv/lib/python3.10/site-packages/airflow/example_dags/example_local_kubernetes_executor.py
[2025-11-01T13:13:35.545+0530] {processor.py:183} INFO - Processing /home/logi/txtai/venv/lib/python3.10/site-packages/airflow/example_dags/example_local_kubernetes_executor.py took 0.034 seconds
[2025-11-01T13:14:30.736+0530] {processor.py:161} INFO - Started process (PID=12209) to work on /home/logi/txtai/venv/lib/python3.10/site-packages/airflow/example_dags/example_local_kubernetes_executor.py
[2025-11-01T13:14:30.749+0530] {processor.py:830} INFO - Processing file /home/logi/txtai/venv/lib/python3.10/site-packages/airflow/example_dags/example_local_kubernetes_executor.py for tasks to queue
[2025-11-01T13:14:30.752+0530] {logging_mixin.py:188} INFO - [2025-11-01T13:14:30.752+0530] {dagbag.py:545} INFO - Filling up the DagBag from /home/logi/txtai/venv/lib/python3.10/site-packages/airflow/example_dags/example_local_kubernetes_executor.py
[2025-11-01T13:14:30.755+0530] {logging_mixin.py:188} INFO - [2025-11-01T13:14:30.754+0530] {example_local_kubernetes_executor.py:40} WARNING - Could not import DAGs in example_local_kubernetes_executor.py
Traceback (most recent call last):
  File "/home/logi/txtai/venv/lib/python3.10/site-packages/airflow/example_dags/example_local_kubernetes_executor.py", line 38, in <module>
    from kubernetes.client import models as k8s
ModuleNotFoundError: No module named 'kubernetes'
[2025-11-01T13:14:30.755+0530] {logging_mixin.py:188} INFO - [2025-11-01T13:14:30.755+0530] {example_local_kubernetes_executor.py:41} WARNING - Install Kubernetes dependencies with: pip install apache-airflow[cncf.kubernetes]
[2025-11-01T13:14:30.755+0530] {processor.py:842} WARNING - No viable dags retrieved from /home/logi/txtai/venv/lib/python3.10/site-packages/airflow/example_dags/example_local_kubernetes_executor.py
[2025-11-01T13:14:30.768+0530] {processor.py:183} INFO - Processing /home/logi/txtai/venv/lib/python3.10/site-packages/airflow/example_dags/example_local_kubernetes_executor.py took 0.039 seconds
