[2025-11-01T12:49:41.660+0530] {processor.py:161} INFO - Started process (PID=6987) to work on /home/logi/txtai/venv/lib/python3.10/site-packages/airflow/example_dags/example_branch_python_dop_operator_3.py
[2025-11-01T12:49:41.661+0530] {processor.py:830} INFO - Processing file /home/logi/txtai/venv/lib/python3.10/site-packages/airflow/example_dags/example_branch_python_dop_operator_3.py for tasks to queue
[2025-11-01T12:49:41.666+0530] {logging_mixin.py:188} INFO - [2025-11-01T12:49:41.664+0530] {dagbag.py:545} INFO - Filling up the DagBag from /home/logi/txtai/venv/lib/python3.10/site-packages/airflow/example_dags/example_branch_python_dop_operator_3.py
[2025-11-01T12:49:41.680+0530] {processor.py:840} INFO - DAG(s) 'example_branch_dop_operator_v3' retrieved from /home/logi/txtai/venv/lib/python3.10/site-packages/airflow/example_dags/example_branch_python_dop_operator_3.py
[2025-11-01T12:49:41.693+0530] {logging_mixin.py:188} INFO - [2025-11-01T12:49:41.693+0530] {dag.py:3089} INFO - Sync 1 DAGs
[2025-11-01T12:49:41.713+0530] {logging_mixin.py:188} INFO - [2025-11-01T12:49:41.713+0530] {dag.py:3947} INFO - Setting next_dagrun for example_branch_dop_operator_v3 to 2025-11-01 07:18:00+00:00, run_after=2025-11-01 07:19:00+00:00
[2025-11-01T12:49:41.746+0530] {processor.py:183} INFO - Processing /home/logi/txtai/venv/lib/python3.10/site-packages/airflow/example_dags/example_branch_python_dop_operator_3.py took 0.095 seconds
[2025-11-01T12:50:57.962+0530] {processor.py:161} INFO - Started process (PID=7308) to work on /home/logi/txtai/venv/lib/python3.10/site-packages/airflow/example_dags/example_branch_python_dop_operator_3.py
[2025-11-01T12:50:57.964+0530] {processor.py:830} INFO - Processing file /home/logi/txtai/venv/lib/python3.10/site-packages/airflow/example_dags/example_branch_python_dop_operator_3.py for tasks to queue
[2025-11-01T12:50:57.967+0530] {logging_mixin.py:188} INFO - [2025-11-01T12:50:57.966+0530] {dagbag.py:545} INFO - Filling up the DagBag from /home/logi/txtai/venv/lib/python3.10/site-packages/airflow/example_dags/example_branch_python_dop_operator_3.py
[2025-11-01T12:50:57.982+0530] {processor.py:840} INFO - DAG(s) 'example_branch_dop_operator_v3' retrieved from /home/logi/txtai/venv/lib/python3.10/site-packages/airflow/example_dags/example_branch_python_dop_operator_3.py
[2025-11-01T12:50:58.004+0530] {logging_mixin.py:188} INFO - [2025-11-01T12:50:58.003+0530] {dag.py:3089} INFO - Sync 1 DAGs
[2025-11-01T12:50:58.022+0530] {logging_mixin.py:188} INFO - [2025-11-01T12:50:58.021+0530] {dag.py:3947} INFO - Setting next_dagrun for example_branch_dop_operator_v3 to 2025-11-01 07:19:00+00:00, run_after=2025-11-01 07:20:00+00:00
[2025-11-01T12:50:58.043+0530] {processor.py:183} INFO - Processing /home/logi/txtai/venv/lib/python3.10/site-packages/airflow/example_dags/example_branch_python_dop_operator_3.py took 0.091 seconds
[2025-11-01T12:51:59.449+0530] {processor.py:161} INFO - Started process (PID=7661) to work on /home/logi/txtai/venv/lib/python3.10/site-packages/airflow/example_dags/example_branch_python_dop_operator_3.py
[2025-11-01T12:51:59.451+0530] {processor.py:830} INFO - Processing file /home/logi/txtai/venv/lib/python3.10/site-packages/airflow/example_dags/example_branch_python_dop_operator_3.py for tasks to queue
[2025-11-01T12:51:59.454+0530] {logging_mixin.py:188} INFO - [2025-11-01T12:51:59.453+0530] {dagbag.py:545} INFO - Filling up the DagBag from /home/logi/txtai/venv/lib/python3.10/site-packages/airflow/example_dags/example_branch_python_dop_operator_3.py
[2025-11-01T12:51:59.474+0530] {processor.py:840} INFO - DAG(s) 'example_branch_dop_operator_v3' retrieved from /home/logi/txtai/venv/lib/python3.10/site-packages/airflow/example_dags/example_branch_python_dop_operator_3.py
[2025-11-01T12:51:59.498+0530] {logging_mixin.py:188} INFO - [2025-11-01T12:51:59.497+0530] {dag.py:3089} INFO - Sync 1 DAGs
[2025-11-01T12:51:59.528+0530] {logging_mixin.py:188} INFO - [2025-11-01T12:51:59.528+0530] {dag.py:3947} INFO - Setting next_dagrun for example_branch_dop_operator_v3 to 2025-11-01 07:20:00+00:00, run_after=2025-11-01 07:21:00+00:00
[2025-11-01T12:51:59.552+0530] {processor.py:183} INFO - Processing /home/logi/txtai/venv/lib/python3.10/site-packages/airflow/example_dags/example_branch_python_dop_operator_3.py took 0.126 seconds
[2025-11-01T12:53:03.047+0530] {processor.py:161} INFO - Started process (PID=7908) to work on /home/logi/txtai/venv/lib/python3.10/site-packages/airflow/example_dags/example_branch_python_dop_operator_3.py
[2025-11-01T12:53:03.060+0530] {processor.py:830} INFO - Processing file /home/logi/txtai/venv/lib/python3.10/site-packages/airflow/example_dags/example_branch_python_dop_operator_3.py for tasks to queue
[2025-11-01T12:53:03.063+0530] {logging_mixin.py:188} INFO - [2025-11-01T12:53:03.062+0530] {dagbag.py:545} INFO - Filling up the DagBag from /home/logi/txtai/venv/lib/python3.10/site-packages/airflow/example_dags/example_branch_python_dop_operator_3.py
[2025-11-01T12:53:03.078+0530] {processor.py:840} INFO - DAG(s) 'example_branch_dop_operator_v3' retrieved from /home/logi/txtai/venv/lib/python3.10/site-packages/airflow/example_dags/example_branch_python_dop_operator_3.py
[2025-11-01T12:53:03.103+0530] {logging_mixin.py:188} INFO - [2025-11-01T12:53:03.103+0530] {dag.py:3089} INFO - Sync 1 DAGs
[2025-11-01T12:53:03.124+0530] {logging_mixin.py:188} INFO - [2025-11-01T12:53:03.123+0530] {dag.py:3947} INFO - Setting next_dagrun for example_branch_dop_operator_v3 to 2025-11-01 07:22:00+00:00, run_after=2025-11-01 07:23:00+00:00
[2025-11-01T12:53:03.141+0530] {processor.py:183} INFO - Processing /home/logi/txtai/venv/lib/python3.10/site-packages/airflow/example_dags/example_branch_python_dop_operator_3.py took 0.106 seconds
[2025-11-01T12:53:58.377+0530] {processor.py:161} INFO - Started process (PID=8022) to work on /home/logi/txtai/venv/lib/python3.10/site-packages/airflow/example_dags/example_branch_python_dop_operator_3.py
[2025-11-01T12:53:58.390+0530] {processor.py:830} INFO - Processing file /home/logi/txtai/venv/lib/python3.10/site-packages/airflow/example_dags/example_branch_python_dop_operator_3.py for tasks to queue
[2025-11-01T12:53:58.393+0530] {logging_mixin.py:188} INFO - [2025-11-01T12:53:58.392+0530] {dagbag.py:545} INFO - Filling up the DagBag from /home/logi/txtai/venv/lib/python3.10/site-packages/airflow/example_dags/example_branch_python_dop_operator_3.py
[2025-11-01T12:53:58.411+0530] {processor.py:840} INFO - DAG(s) 'example_branch_dop_operator_v3' retrieved from /home/logi/txtai/venv/lib/python3.10/site-packages/airflow/example_dags/example_branch_python_dop_operator_3.py
[2025-11-01T12:53:58.435+0530] {logging_mixin.py:188} INFO - [2025-11-01T12:53:58.435+0530] {dag.py:3089} INFO - Sync 1 DAGs
[2025-11-01T12:53:58.455+0530] {logging_mixin.py:188} INFO - [2025-11-01T12:53:58.455+0530] {dag.py:3947} INFO - Setting next_dagrun for example_branch_dop_operator_v3 to 2025-11-01 07:22:00+00:00, run_after=2025-11-01 07:23:00+00:00
[2025-11-01T12:53:58.481+0530] {processor.py:183} INFO - Processing /home/logi/txtai/venv/lib/python3.10/site-packages/airflow/example_dags/example_branch_python_dop_operator_3.py took 0.114 seconds
[2025-11-01T12:54:56.573+0530] {processor.py:161} INFO - Started process (PID=8227) to work on /home/logi/txtai/venv/lib/python3.10/site-packages/airflow/example_dags/example_branch_python_dop_operator_3.py
[2025-11-01T12:54:56.575+0530] {processor.py:830} INFO - Processing file /home/logi/txtai/venv/lib/python3.10/site-packages/airflow/example_dags/example_branch_python_dop_operator_3.py for tasks to queue
[2025-11-01T12:54:56.576+0530] {logging_mixin.py:188} INFO - [2025-11-01T12:54:56.576+0530] {dagbag.py:545} INFO - Filling up the DagBag from /home/logi/txtai/venv/lib/python3.10/site-packages/airflow/example_dags/example_branch_python_dop_operator_3.py
[2025-11-01T12:54:56.584+0530] {processor.py:840} INFO - DAG(s) 'example_branch_dop_operator_v3' retrieved from /home/logi/txtai/venv/lib/python3.10/site-packages/airflow/example_dags/example_branch_python_dop_operator_3.py
[2025-11-01T12:54:56.597+0530] {logging_mixin.py:188} INFO - [2025-11-01T12:54:56.597+0530] {dag.py:3089} INFO - Sync 1 DAGs
[2025-11-01T12:54:56.615+0530] {logging_mixin.py:188} INFO - [2025-11-01T12:54:56.615+0530] {dag.py:3947} INFO - Setting next_dagrun for example_branch_dop_operator_v3 to 2025-11-01 07:23:00+00:00, run_after=2025-11-01 07:24:00+00:00
[2025-11-01T12:54:56.632+0530] {processor.py:183} INFO - Processing /home/logi/txtai/venv/lib/python3.10/site-packages/airflow/example_dags/example_branch_python_dop_operator_3.py took 0.064 seconds
[2025-11-01T12:56:11.694+0530] {processor.py:161} INFO - Started process (PID=8433) to work on /home/logi/txtai/venv/lib/python3.10/site-packages/airflow/example_dags/example_branch_python_dop_operator_3.py
[2025-11-01T12:56:11.696+0530] {processor.py:830} INFO - Processing file /home/logi/txtai/venv/lib/python3.10/site-packages/airflow/example_dags/example_branch_python_dop_operator_3.py for tasks to queue
[2025-11-01T12:56:11.700+0530] {logging_mixin.py:188} INFO - [2025-11-01T12:56:11.699+0530] {dagbag.py:545} INFO - Filling up the DagBag from /home/logi/txtai/venv/lib/python3.10/site-packages/airflow/example_dags/example_branch_python_dop_operator_3.py
[2025-11-01T12:56:11.714+0530] {processor.py:840} INFO - DAG(s) 'example_branch_dop_operator_v3' retrieved from /home/logi/txtai/venv/lib/python3.10/site-packages/airflow/example_dags/example_branch_python_dop_operator_3.py
[2025-11-01T12:56:11.734+0530] {logging_mixin.py:188} INFO - [2025-11-01T12:56:11.734+0530] {dag.py:3089} INFO - Sync 1 DAGs
[2025-11-01T12:56:11.751+0530] {logging_mixin.py:188} INFO - [2025-11-01T12:56:11.751+0530] {dag.py:3947} INFO - Setting next_dagrun for example_branch_dop_operator_v3 to 2025-11-01 07:25:00+00:00, run_after=2025-11-01 07:26:00+00:00
[2025-11-01T12:56:11.775+0530] {processor.py:183} INFO - Processing /home/logi/txtai/venv/lib/python3.10/site-packages/airflow/example_dags/example_branch_python_dop_operator_3.py took 0.091 seconds
[2025-11-01T12:57:08.014+0530] {processor.py:161} INFO - Started process (PID=8583) to work on /home/logi/txtai/venv/lib/python3.10/site-packages/airflow/example_dags/example_branch_python_dop_operator_3.py
[2025-11-01T12:57:08.027+0530] {processor.py:830} INFO - Processing file /home/logi/txtai/venv/lib/python3.10/site-packages/airflow/example_dags/example_branch_python_dop_operator_3.py for tasks to queue
[2025-11-01T12:57:08.030+0530] {logging_mixin.py:188} INFO - [2025-11-01T12:57:08.030+0530] {dagbag.py:545} INFO - Filling up the DagBag from /home/logi/txtai/venv/lib/python3.10/site-packages/airflow/example_dags/example_branch_python_dop_operator_3.py
[2025-11-01T12:57:08.038+0530] {processor.py:840} INFO - DAG(s) 'example_branch_dop_operator_v3' retrieved from /home/logi/txtai/venv/lib/python3.10/site-packages/airflow/example_dags/example_branch_python_dop_operator_3.py
[2025-11-01T12:57:08.051+0530] {logging_mixin.py:188} INFO - [2025-11-01T12:57:08.051+0530] {dag.py:3089} INFO - Sync 1 DAGs
[2025-11-01T12:57:08.070+0530] {logging_mixin.py:188} INFO - [2025-11-01T12:57:08.070+0530] {dag.py:3947} INFO - Setting next_dagrun for example_branch_dop_operator_v3 to 2025-11-01 07:26:00+00:00, run_after=2025-11-01 07:27:00+00:00
[2025-11-01T12:57:08.088+0530] {processor.py:183} INFO - Processing /home/logi/txtai/venv/lib/python3.10/site-packages/airflow/example_dags/example_branch_python_dop_operator_3.py took 0.079 seconds
[2025-11-01T12:58:29.614+0530] {processor.py:161} INFO - Started process (PID=8816) to work on /home/logi/txtai/venv/lib/python3.10/site-packages/airflow/example_dags/example_branch_python_dop_operator_3.py
[2025-11-01T12:58:29.628+0530] {processor.py:830} INFO - Processing file /home/logi/txtai/venv/lib/python3.10/site-packages/airflow/example_dags/example_branch_python_dop_operator_3.py for tasks to queue
[2025-11-01T12:58:29.631+0530] {logging_mixin.py:188} INFO - [2025-11-01T12:58:29.630+0530] {dagbag.py:545} INFO - Filling up the DagBag from /home/logi/txtai/venv/lib/python3.10/site-packages/airflow/example_dags/example_branch_python_dop_operator_3.py
[2025-11-01T12:58:29.646+0530] {processor.py:840} INFO - DAG(s) 'example_branch_dop_operator_v3' retrieved from /home/logi/txtai/venv/lib/python3.10/site-packages/airflow/example_dags/example_branch_python_dop_operator_3.py
[2025-11-01T12:58:29.661+0530] {logging_mixin.py:188} INFO - [2025-11-01T12:58:29.661+0530] {dag.py:3089} INFO - Sync 1 DAGs
[2025-11-01T12:58:29.679+0530] {logging_mixin.py:188} INFO - [2025-11-01T12:58:29.679+0530] {dag.py:3947} INFO - Setting next_dagrun for example_branch_dop_operator_v3 to 2025-11-01 07:27:00+00:00, run_after=2025-11-01 07:28:00+00:00
[2025-11-01T12:58:29.697+0530] {processor.py:183} INFO - Processing /home/logi/txtai/venv/lib/python3.10/site-packages/airflow/example_dags/example_branch_python_dop_operator_3.py took 0.087 seconds
[2025-11-01T12:59:22.457+0530] {processor.py:161} INFO - Started process (PID=8922) to work on /home/logi/txtai/venv/lib/python3.10/site-packages/airflow/example_dags/example_branch_python_dop_operator_3.py
[2025-11-01T12:59:22.470+0530] {processor.py:830} INFO - Processing file /home/logi/txtai/venv/lib/python3.10/site-packages/airflow/example_dags/example_branch_python_dop_operator_3.py for tasks to queue
[2025-11-01T12:59:22.473+0530] {logging_mixin.py:188} INFO - [2025-11-01T12:59:22.472+0530] {dagbag.py:545} INFO - Filling up the DagBag from /home/logi/txtai/venv/lib/python3.10/site-packages/airflow/example_dags/example_branch_python_dop_operator_3.py
[2025-11-01T12:59:22.482+0530] {processor.py:840} INFO - DAG(s) 'example_branch_dop_operator_v3' retrieved from /home/logi/txtai/venv/lib/python3.10/site-packages/airflow/example_dags/example_branch_python_dop_operator_3.py
[2025-11-01T12:59:22.496+0530] {logging_mixin.py:188} INFO - [2025-11-01T12:59:22.496+0530] {dag.py:3089} INFO - Sync 1 DAGs
[2025-11-01T12:59:22.515+0530] {logging_mixin.py:188} INFO - [2025-11-01T12:59:22.515+0530] {dag.py:3947} INFO - Setting next_dagrun for example_branch_dop_operator_v3 to 2025-11-01 07:28:00+00:00, run_after=2025-11-01 07:29:00+00:00
[2025-11-01T12:59:22.532+0530] {processor.py:183} INFO - Processing /home/logi/txtai/venv/lib/python3.10/site-packages/airflow/example_dags/example_branch_python_dop_operator_3.py took 0.081 seconds
[2025-11-01T13:00:47.987+0530] {processor.py:161} INFO - Started process (PID=9173) to work on /home/logi/txtai/venv/lib/python3.10/site-packages/airflow/example_dags/example_branch_python_dop_operator_3.py
[2025-11-01T13:00:48.001+0530] {processor.py:830} INFO - Processing file /home/logi/txtai/venv/lib/python3.10/site-packages/airflow/example_dags/example_branch_python_dop_operator_3.py for tasks to queue
[2025-11-01T13:00:48.004+0530] {logging_mixin.py:188} INFO - [2025-11-01T13:00:48.003+0530] {dagbag.py:545} INFO - Filling up the DagBag from /home/logi/txtai/venv/lib/python3.10/site-packages/airflow/example_dags/example_branch_python_dop_operator_3.py
[2025-11-01T13:00:48.018+0530] {processor.py:840} INFO - DAG(s) 'example_branch_dop_operator_v3' retrieved from /home/logi/txtai/venv/lib/python3.10/site-packages/airflow/example_dags/example_branch_python_dop_operator_3.py
[2025-11-01T13:00:48.040+0530] {logging_mixin.py:188} INFO - [2025-11-01T13:00:48.040+0530] {dag.py:3089} INFO - Sync 1 DAGs
[2025-11-01T13:00:48.057+0530] {logging_mixin.py:188} INFO - [2025-11-01T13:00:48.056+0530] {dag.py:3947} INFO - Setting next_dagrun for example_branch_dop_operator_v3 to 2025-11-01 07:29:00+00:00, run_after=2025-11-01 07:30:00+00:00
[2025-11-01T13:00:48.075+0530] {processor.py:183} INFO - Processing /home/logi/txtai/venv/lib/python3.10/site-packages/airflow/example_dags/example_branch_python_dop_operator_3.py took 0.093 seconds
[2025-11-01T13:02:14.463+0530] {processor.py:161} INFO - Started process (PID=9513) to work on /home/logi/txtai/venv/lib/python3.10/site-packages/airflow/example_dags/example_branch_python_dop_operator_3.py
[2025-11-01T13:02:14.473+0530] {processor.py:830} INFO - Processing file /home/logi/txtai/venv/lib/python3.10/site-packages/airflow/example_dags/example_branch_python_dop_operator_3.py for tasks to queue
[2025-11-01T13:02:14.494+0530] {logging_mixin.py:188} INFO - [2025-11-01T13:02:14.489+0530] {dagbag.py:545} INFO - Filling up the DagBag from /home/logi/txtai/venv/lib/python3.10/site-packages/airflow/example_dags/example_branch_python_dop_operator_3.py
[2025-11-01T13:02:14.545+0530] {processor.py:840} INFO - DAG(s) 'example_branch_dop_operator_v3' retrieved from /home/logi/txtai/venv/lib/python3.10/site-packages/airflow/example_dags/example_branch_python_dop_operator_3.py
[2025-11-01T13:02:14.603+0530] {logging_mixin.py:188} INFO - [2025-11-01T13:02:14.602+0530] {dag.py:3089} INFO - Sync 1 DAGs
[2025-11-01T13:02:14.653+0530] {logging_mixin.py:188} INFO - [2025-11-01T13:02:14.653+0530] {dag.py:3947} INFO - Setting next_dagrun for example_branch_dop_operator_v3 to 2025-11-01 07:31:00+00:00, run_after=2025-11-01 07:32:00+00:00
[2025-11-01T13:02:14.722+0530] {processor.py:183} INFO - Processing /home/logi/txtai/venv/lib/python3.10/site-packages/airflow/example_dags/example_branch_python_dop_operator_3.py took 0.283 seconds
[2025-11-01T13:03:13.781+0530] {processor.py:161} INFO - Started process (PID=9691) to work on /home/logi/txtai/venv/lib/python3.10/site-packages/airflow/example_dags/example_branch_python_dop_operator_3.py
[2025-11-01T13:03:13.794+0530] {processor.py:830} INFO - Processing file /home/logi/txtai/venv/lib/python3.10/site-packages/airflow/example_dags/example_branch_python_dop_operator_3.py for tasks to queue
[2025-11-01T13:03:13.799+0530] {logging_mixin.py:188} INFO - [2025-11-01T13:03:13.798+0530] {dagbag.py:545} INFO - Filling up the DagBag from /home/logi/txtai/venv/lib/python3.10/site-packages/airflow/example_dags/example_branch_python_dop_operator_3.py
[2025-11-01T13:03:13.811+0530] {processor.py:840} INFO - DAG(s) 'example_branch_dop_operator_v3' retrieved from /home/logi/txtai/venv/lib/python3.10/site-packages/airflow/example_dags/example_branch_python_dop_operator_3.py
[2025-11-01T13:03:13.832+0530] {logging_mixin.py:188} INFO - [2025-11-01T13:03:13.832+0530] {dag.py:3089} INFO - Sync 1 DAGs
[2025-11-01T13:03:13.857+0530] {logging_mixin.py:188} INFO - [2025-11-01T13:03:13.857+0530] {dag.py:3947} INFO - Setting next_dagrun for example_branch_dop_operator_v3 to 2025-11-01 07:32:00+00:00, run_after=2025-11-01 07:33:00+00:00
[2025-11-01T13:03:13.884+0530] {processor.py:183} INFO - Processing /home/logi/txtai/venv/lib/python3.10/site-packages/airflow/example_dags/example_branch_python_dop_operator_3.py took 0.116 seconds
[2025-11-01T13:04:44.027+0530] {processor.py:161} INFO - Started process (PID=10072) to work on /home/logi/txtai/venv/lib/python3.10/site-packages/airflow/example_dags/example_branch_python_dop_operator_3.py
[2025-11-01T13:04:44.040+0530] {processor.py:830} INFO - Processing file /home/logi/txtai/venv/lib/python3.10/site-packages/airflow/example_dags/example_branch_python_dop_operator_3.py for tasks to queue
[2025-11-01T13:04:44.042+0530] {logging_mixin.py:188} INFO - [2025-11-01T13:04:44.042+0530] {dagbag.py:545} INFO - Filling up the DagBag from /home/logi/txtai/venv/lib/python3.10/site-packages/airflow/example_dags/example_branch_python_dop_operator_3.py
[2025-11-01T13:04:44.053+0530] {processor.py:840} INFO - DAG(s) 'example_branch_dop_operator_v3' retrieved from /home/logi/txtai/venv/lib/python3.10/site-packages/airflow/example_dags/example_branch_python_dop_operator_3.py
[2025-11-01T13:04:44.068+0530] {logging_mixin.py:188} INFO - [2025-11-01T13:04:44.067+0530] {dag.py:3089} INFO - Sync 1 DAGs
[2025-11-01T13:04:44.084+0530] {logging_mixin.py:188} INFO - [2025-11-01T13:04:44.084+0530] {dag.py:3947} INFO - Setting next_dagrun for example_branch_dop_operator_v3 to 2025-11-01 07:33:00+00:00, run_after=2025-11-01 07:34:00+00:00
[2025-11-01T13:04:44.107+0530] {processor.py:183} INFO - Processing /home/logi/txtai/venv/lib/python3.10/site-packages/airflow/example_dags/example_branch_python_dop_operator_3.py took 0.085 seconds
[2025-11-01T13:05:39.074+0530] {processor.py:161} INFO - Started process (PID=10196) to work on /home/logi/txtai/venv/lib/python3.10/site-packages/airflow/example_dags/example_branch_python_dop_operator_3.py
[2025-11-01T13:05:39.075+0530] {processor.py:830} INFO - Processing file /home/logi/txtai/venv/lib/python3.10/site-packages/airflow/example_dags/example_branch_python_dop_operator_3.py for tasks to queue
[2025-11-01T13:05:39.076+0530] {logging_mixin.py:188} INFO - [2025-11-01T13:05:39.076+0530] {dagbag.py:545} INFO - Filling up the DagBag from /home/logi/txtai/venv/lib/python3.10/site-packages/airflow/example_dags/example_branch_python_dop_operator_3.py
[2025-11-01T13:05:39.084+0530] {processor.py:840} INFO - DAG(s) 'example_branch_dop_operator_v3' retrieved from /home/logi/txtai/venv/lib/python3.10/site-packages/airflow/example_dags/example_branch_python_dop_operator_3.py
[2025-11-01T13:05:39.097+0530] {logging_mixin.py:188} INFO - [2025-11-01T13:05:39.097+0530] {dag.py:3089} INFO - Sync 1 DAGs
[2025-11-01T13:05:39.115+0530] {logging_mixin.py:188} INFO - [2025-11-01T13:05:39.115+0530] {dag.py:3947} INFO - Setting next_dagrun for example_branch_dop_operator_v3 to 2025-11-01 07:34:00+00:00, run_after=2025-11-01 07:35:00+00:00
[2025-11-01T13:05:39.133+0530] {processor.py:183} INFO - Processing /home/logi/txtai/venv/lib/python3.10/site-packages/airflow/example_dags/example_branch_python_dop_operator_3.py took 0.065 seconds
[2025-11-01T13:06:35.356+0530] {processor.py:161} INFO - Started process (PID=10442) to work on /home/logi/txtai/venv/lib/python3.10/site-packages/airflow/example_dags/example_branch_python_dop_operator_3.py
[2025-11-01T13:06:35.369+0530] {processor.py:830} INFO - Processing file /home/logi/txtai/venv/lib/python3.10/site-packages/airflow/example_dags/example_branch_python_dop_operator_3.py for tasks to queue
[2025-11-01T13:06:35.372+0530] {logging_mixin.py:188} INFO - [2025-11-01T13:06:35.371+0530] {dagbag.py:545} INFO - Filling up the DagBag from /home/logi/txtai/venv/lib/python3.10/site-packages/airflow/example_dags/example_branch_python_dop_operator_3.py
[2025-11-01T13:06:35.386+0530] {processor.py:840} INFO - DAG(s) 'example_branch_dop_operator_v3' retrieved from /home/logi/txtai/venv/lib/python3.10/site-packages/airflow/example_dags/example_branch_python_dop_operator_3.py
[2025-11-01T13:06:35.411+0530] {logging_mixin.py:188} INFO - [2025-11-01T13:06:35.410+0530] {dag.py:3089} INFO - Sync 1 DAGs
[2025-11-01T13:06:35.429+0530] {logging_mixin.py:188} INFO - [2025-11-01T13:06:35.429+0530] {dag.py:3947} INFO - Setting next_dagrun for example_branch_dop_operator_v3 to 2025-11-01 07:35:00+00:00, run_after=2025-11-01 07:36:00+00:00
[2025-11-01T13:06:35.456+0530] {processor.py:183} INFO - Processing /home/logi/txtai/venv/lib/python3.10/site-packages/airflow/example_dags/example_branch_python_dop_operator_3.py took 0.108 seconds
[2025-11-01T13:07:29.884+0530] {processor.py:161} INFO - Started process (PID=10563) to work on /home/logi/txtai/venv/lib/python3.10/site-packages/airflow/example_dags/example_branch_python_dop_operator_3.py
[2025-11-01T13:07:29.897+0530] {processor.py:830} INFO - Processing file /home/logi/txtai/venv/lib/python3.10/site-packages/airflow/example_dags/example_branch_python_dop_operator_3.py for tasks to queue
[2025-11-01T13:07:29.898+0530] {logging_mixin.py:188} INFO - [2025-11-01T13:07:29.898+0530] {dagbag.py:545} INFO - Filling up the DagBag from /home/logi/txtai/venv/lib/python3.10/site-packages/airflow/example_dags/example_branch_python_dop_operator_3.py
[2025-11-01T13:07:29.906+0530] {processor.py:840} INFO - DAG(s) 'example_branch_dop_operator_v3' retrieved from /home/logi/txtai/venv/lib/python3.10/site-packages/airflow/example_dags/example_branch_python_dop_operator_3.py
[2025-11-01T13:07:29.919+0530] {logging_mixin.py:188} INFO - [2025-11-01T13:07:29.919+0530] {dag.py:3089} INFO - Sync 1 DAGs
[2025-11-01T13:07:29.940+0530] {logging_mixin.py:188} INFO - [2025-11-01T13:07:29.939+0530] {dag.py:3947} INFO - Setting next_dagrun for example_branch_dop_operator_v3 to 2025-11-01 07:36:00+00:00, run_after=2025-11-01 07:37:00+00:00
[2025-11-01T13:07:29.956+0530] {processor.py:183} INFO - Processing /home/logi/txtai/venv/lib/python3.10/site-packages/airflow/example_dags/example_branch_python_dop_operator_3.py took 0.078 seconds
[2025-11-01T13:08:51.170+0530] {processor.py:161} INFO - Started process (PID=11051) to work on /home/logi/txtai/venv/lib/python3.10/site-packages/airflow/example_dags/example_branch_python_dop_operator_3.py
[2025-11-01T13:08:51.183+0530] {processor.py:830} INFO - Processing file /home/logi/txtai/venv/lib/python3.10/site-packages/airflow/example_dags/example_branch_python_dop_operator_3.py for tasks to queue
[2025-11-01T13:08:51.186+0530] {logging_mixin.py:188} INFO - [2025-11-01T13:08:51.186+0530] {dagbag.py:545} INFO - Filling up the DagBag from /home/logi/txtai/venv/lib/python3.10/site-packages/airflow/example_dags/example_branch_python_dop_operator_3.py
[2025-11-01T13:08:51.203+0530] {processor.py:840} INFO - DAG(s) 'example_branch_dop_operator_v3' retrieved from /home/logi/txtai/venv/lib/python3.10/site-packages/airflow/example_dags/example_branch_python_dop_operator_3.py
[2025-11-01T13:08:51.239+0530] {logging_mixin.py:188} INFO - [2025-11-01T13:08:51.238+0530] {dag.py:3089} INFO - Sync 1 DAGs
[2025-11-01T13:08:51.256+0530] {logging_mixin.py:188} INFO - [2025-11-01T13:08:51.256+0530] {dag.py:3947} INFO - Setting next_dagrun for example_branch_dop_operator_v3 to 2025-11-01 07:37:00+00:00, run_after=2025-11-01 07:38:00+00:00
[2025-11-01T13:08:51.276+0530] {processor.py:183} INFO - Processing /home/logi/txtai/venv/lib/python3.10/site-packages/airflow/example_dags/example_branch_python_dop_operator_3.py took 0.118 seconds
[2025-11-01T13:10:04.327+0530] {processor.py:161} INFO - Started process (PID=11270) to work on /home/logi/txtai/venv/lib/python3.10/site-packages/airflow/example_dags/example_branch_python_dop_operator_3.py
[2025-11-01T13:10:04.329+0530] {processor.py:830} INFO - Processing file /home/logi/txtai/venv/lib/python3.10/site-packages/airflow/example_dags/example_branch_python_dop_operator_3.py for tasks to queue
[2025-11-01T13:10:04.330+0530] {logging_mixin.py:188} INFO - [2025-11-01T13:10:04.330+0530] {dagbag.py:545} INFO - Filling up the DagBag from /home/logi/txtai/venv/lib/python3.10/site-packages/airflow/example_dags/example_branch_python_dop_operator_3.py
[2025-11-01T13:10:04.343+0530] {processor.py:840} INFO - DAG(s) 'example_branch_dop_operator_v3' retrieved from /home/logi/txtai/venv/lib/python3.10/site-packages/airflow/example_dags/example_branch_python_dop_operator_3.py
[2025-11-01T13:10:04.358+0530] {logging_mixin.py:188} INFO - [2025-11-01T13:10:04.358+0530] {dag.py:3089} INFO - Sync 1 DAGs
[2025-11-01T13:10:04.376+0530] {logging_mixin.py:188} INFO - [2025-11-01T13:10:04.376+0530] {dag.py:3947} INFO - Setting next_dagrun for example_branch_dop_operator_v3 to 2025-11-01 07:39:00+00:00, run_after=2025-11-01 07:40:00+00:00
[2025-11-01T13:10:04.395+0530] {processor.py:183} INFO - Processing /home/logi/txtai/venv/lib/python3.10/site-packages/airflow/example_dags/example_branch_python_dop_operator_3.py took 0.074 seconds
[2025-11-01T13:11:01.811+0530] {processor.py:161} INFO - Started process (PID=11449) to work on /home/logi/txtai/venv/lib/python3.10/site-packages/airflow/example_dags/example_branch_python_dop_operator_3.py
[2025-11-01T13:11:01.825+0530] {processor.py:830} INFO - Processing file /home/logi/txtai/venv/lib/python3.10/site-packages/airflow/example_dags/example_branch_python_dop_operator_3.py for tasks to queue
[2025-11-01T13:11:01.827+0530] {logging_mixin.py:188} INFO - [2025-11-01T13:11:01.827+0530] {dagbag.py:545} INFO - Filling up the DagBag from /home/logi/txtai/venv/lib/python3.10/site-packages/airflow/example_dags/example_branch_python_dop_operator_3.py
[2025-11-01T13:11:01.836+0530] {processor.py:840} INFO - DAG(s) 'example_branch_dop_operator_v3' retrieved from /home/logi/txtai/venv/lib/python3.10/site-packages/airflow/example_dags/example_branch_python_dop_operator_3.py
[2025-11-01T13:11:01.859+0530] {logging_mixin.py:188} INFO - [2025-11-01T13:11:01.859+0530] {dag.py:3089} INFO - Sync 1 DAGs
[2025-11-01T13:11:01.880+0530] {logging_mixin.py:188} INFO - [2025-11-01T13:11:01.880+0530] {dag.py:3947} INFO - Setting next_dagrun for example_branch_dop_operator_v3 to 2025-11-01 07:40:00+00:00, run_after=2025-11-01 07:41:00+00:00
[2025-11-01T13:11:01.901+0530] {processor.py:183} INFO - Processing /home/logi/txtai/venv/lib/python3.10/site-packages/airflow/example_dags/example_branch_python_dop_operator_3.py took 0.101 seconds
[2025-11-01T13:12:20.215+0530] {processor.py:161} INFO - Started process (PID=11780) to work on /home/logi/txtai/venv/lib/python3.10/site-packages/airflow/example_dags/example_branch_python_dop_operator_3.py
[2025-11-01T13:12:20.228+0530] {processor.py:830} INFO - Processing file /home/logi/txtai/venv/lib/python3.10/site-packages/airflow/example_dags/example_branch_python_dop_operator_3.py for tasks to queue
[2025-11-01T13:12:20.231+0530] {logging_mixin.py:188} INFO - [2025-11-01T13:12:20.230+0530] {dagbag.py:545} INFO - Filling up the DagBag from /home/logi/txtai/venv/lib/python3.10/site-packages/airflow/example_dags/example_branch_python_dop_operator_3.py
[2025-11-01T13:12:20.239+0530] {processor.py:840} INFO - DAG(s) 'example_branch_dop_operator_v3' retrieved from /home/logi/txtai/venv/lib/python3.10/site-packages/airflow/example_dags/example_branch_python_dop_operator_3.py
[2025-11-01T13:12:20.262+0530] {logging_mixin.py:188} INFO - [2025-11-01T13:12:20.261+0530] {dag.py:3089} INFO - Sync 1 DAGs
[2025-11-01T13:12:20.282+0530] {logging_mixin.py:188} INFO - [2025-11-01T13:12:20.282+0530] {dag.py:3947} INFO - Setting next_dagrun for example_branch_dop_operator_v3 to 2025-11-01 07:41:00+00:00, run_after=2025-11-01 07:42:00+00:00
[2025-11-01T13:12:20.301+0530] {processor.py:183} INFO - Processing /home/logi/txtai/venv/lib/python3.10/site-packages/airflow/example_dags/example_branch_python_dop_operator_3.py took 0.094 seconds
[2025-11-01T13:13:14.062+0530] {processor.py:161} INFO - Started process (PID=11898) to work on /home/logi/txtai/venv/lib/python3.10/site-packages/airflow/example_dags/example_branch_python_dop_operator_3.py
[2025-11-01T13:13:14.075+0530] {processor.py:830} INFO - Processing file /home/logi/txtai/venv/lib/python3.10/site-packages/airflow/example_dags/example_branch_python_dop_operator_3.py for tasks to queue
[2025-11-01T13:13:14.078+0530] {logging_mixin.py:188} INFO - [2025-11-01T13:13:14.078+0530] {dagbag.py:545} INFO - Filling up the DagBag from /home/logi/txtai/venv/lib/python3.10/site-packages/airflow/example_dags/example_branch_python_dop_operator_3.py
[2025-11-01T13:13:14.093+0530] {processor.py:840} INFO - DAG(s) 'example_branch_dop_operator_v3' retrieved from /home/logi/txtai/venv/lib/python3.10/site-packages/airflow/example_dags/example_branch_python_dop_operator_3.py
[2025-11-01T13:13:14.118+0530] {logging_mixin.py:188} INFO - [2025-11-01T13:13:14.118+0530] {dag.py:3089} INFO - Sync 1 DAGs
[2025-11-01T13:13:14.138+0530] {logging_mixin.py:188} INFO - [2025-11-01T13:13:14.138+0530] {dag.py:3947} INFO - Setting next_dagrun for example_branch_dop_operator_v3 to 2025-11-01 07:42:00+00:00, run_after=2025-11-01 07:43:00+00:00
[2025-11-01T13:13:14.156+0530] {processor.py:183} INFO - Processing /home/logi/txtai/venv/lib/python3.10/site-packages/airflow/example_dags/example_branch_python_dop_operator_3.py took 0.104 seconds
[2025-11-01T13:14:38.275+0530] {processor.py:161} INFO - Started process (PID=12221) to work on /home/logi/txtai/venv/lib/python3.10/site-packages/airflow/example_dags/example_branch_python_dop_operator_3.py
[2025-11-01T13:14:38.276+0530] {processor.py:830} INFO - Processing file /home/logi/txtai/venv/lib/python3.10/site-packages/airflow/example_dags/example_branch_python_dop_operator_3.py for tasks to queue
[2025-11-01T13:14:38.277+0530] {logging_mixin.py:188} INFO - [2025-11-01T13:14:38.277+0530] {dagbag.py:545} INFO - Filling up the DagBag from /home/logi/txtai/venv/lib/python3.10/site-packages/airflow/example_dags/example_branch_python_dop_operator_3.py
[2025-11-01T13:14:38.285+0530] {processor.py:840} INFO - DAG(s) 'example_branch_dop_operator_v3' retrieved from /home/logi/txtai/venv/lib/python3.10/site-packages/airflow/example_dags/example_branch_python_dop_operator_3.py
[2025-11-01T13:14:38.299+0530] {logging_mixin.py:188} INFO - [2025-11-01T13:14:38.299+0530] {dag.py:3089} INFO - Sync 1 DAGs
[2025-11-01T13:14:38.316+0530] {logging_mixin.py:188} INFO - [2025-11-01T13:14:38.316+0530] {dag.py:3947} INFO - Setting next_dagrun for example_branch_dop_operator_v3 to 2025-11-01 07:43:00+00:00, run_after=2025-11-01 07:44:00+00:00
[2025-11-01T13:14:38.334+0530] {processor.py:183} INFO - Processing /home/logi/txtai/venv/lib/python3.10/site-packages/airflow/example_dags/example_branch_python_dop_operator_3.py took 0.065 seconds
