[2025-11-01T12:49:13.298+0530] {processor.py:161} INFO - Started process (PID=6951) to work on /home/logi/txtai/venv/lib/python3.10/site-packages/airflow/example_dags/example_sla_dag.py
[2025-11-01T12:49:13.299+0530] {processor.py:830} INFO - Processing file /home/logi/txtai/venv/lib/python3.10/site-packages/airflow/example_dags/example_sla_dag.py for tasks to queue
[2025-11-01T12:49:13.300+0530] {logging_mixin.py:188} INFO - [2025-11-01T12:49:13.300+0530] {dagbag.py:545} INFO - Filling up the DagBag from /home/logi/txtai/venv/lib/python3.10/site-packages/airflow/example_dags/example_sla_dag.py
[2025-11-01T12:49:13.310+0530] {processor.py:840} INFO - DAG(s) 'example_sla_dag' retrieved from /home/logi/txtai/venv/lib/python3.10/site-packages/airflow/example_dags/example_sla_dag.py
[2025-11-01T12:49:13.327+0530] {logging_mixin.py:188} INFO - [2025-11-01T12:49:13.327+0530] {dag.py:3089} INFO - Sync 1 DAGs
[2025-11-01T12:49:13.345+0530] {logging_mixin.py:188} INFO - [2025-11-01T12:49:13.345+0530] {dag.py:3947} INFO - Setting next_dagrun for example_sla_dag to 2025-11-01 07:16:00+00:00, run_after=2025-11-01 07:18:00+00:00
[2025-11-01T12:49:13.375+0530] {processor.py:183} INFO - Processing /home/logi/txtai/venv/lib/python3.10/site-packages/airflow/example_dags/example_sla_dag.py took 0.083 seconds
[2025-11-01T12:50:18.384+0530] {processor.py:161} INFO - Started process (PID=7186) to work on /home/logi/txtai/venv/lib/python3.10/site-packages/airflow/example_dags/example_sla_dag.py
[2025-11-01T12:50:18.402+0530] {processor.py:830} INFO - Processing file /home/logi/txtai/venv/lib/python3.10/site-packages/airflow/example_dags/example_sla_dag.py for tasks to queue
[2025-11-01T12:50:18.410+0530] {logging_mixin.py:188} INFO - [2025-11-01T12:50:18.409+0530] {dagbag.py:545} INFO - Filling up the DagBag from /home/logi/txtai/venv/lib/python3.10/site-packages/airflow/example_dags/example_sla_dag.py
[2025-11-01T12:50:18.444+0530] {processor.py:840} INFO - DAG(s) 'example_sla_dag' retrieved from /home/logi/txtai/venv/lib/python3.10/site-packages/airflow/example_dags/example_sla_dag.py
[2025-11-01T12:50:18.498+0530] {logging_mixin.py:188} INFO - [2025-11-01T12:50:18.497+0530] {dag.py:3089} INFO - Sync 1 DAGs
[2025-11-01T12:50:18.565+0530] {logging_mixin.py:188} INFO - [2025-11-01T12:50:18.565+0530] {dag.py:3947} INFO - Setting next_dagrun for example_sla_dag to 2025-11-01 07:18:00+00:00, run_after=2025-11-01 07:20:00+00:00
[2025-11-01T12:50:18.618+0530] {processor.py:183} INFO - Processing /home/logi/txtai/venv/lib/python3.10/site-packages/airflow/example_dags/example_sla_dag.py took 0.261 seconds
[2025-11-01T12:51:26.200+0530] {processor.py:161} INFO - Started process (PID=7459) to work on /home/logi/txtai/venv/lib/python3.10/site-packages/airflow/example_dags/example_sla_dag.py
[2025-11-01T12:51:26.216+0530] {processor.py:830} INFO - Processing file /home/logi/txtai/venv/lib/python3.10/site-packages/airflow/example_dags/example_sla_dag.py for tasks to queue
[2025-11-01T12:51:26.220+0530] {logging_mixin.py:188} INFO - [2025-11-01T12:51:26.219+0530] {dagbag.py:545} INFO - Filling up the DagBag from /home/logi/txtai/venv/lib/python3.10/site-packages/airflow/example_dags/example_sla_dag.py
[2025-11-01T12:51:26.249+0530] {processor.py:840} INFO - DAG(s) 'example_sla_dag' retrieved from /home/logi/txtai/venv/lib/python3.10/site-packages/airflow/example_dags/example_sla_dag.py
[2025-11-01T12:51:26.285+0530] {logging_mixin.py:188} INFO - [2025-11-01T12:51:26.284+0530] {dag.py:3089} INFO - Sync 1 DAGs
[2025-11-01T12:51:26.330+0530] {logging_mixin.py:188} INFO - [2025-11-01T12:51:26.329+0530] {dag.py:3947} INFO - Setting next_dagrun for example_sla_dag to 2025-11-01 07:18:00+00:00, run_after=2025-11-01 07:20:00+00:00
[2025-11-01T12:51:26.373+0530] {processor.py:183} INFO - Processing /home/logi/txtai/venv/lib/python3.10/site-packages/airflow/example_dags/example_sla_dag.py took 0.190 seconds
[2025-11-01T12:52:32.391+0530] {processor.py:161} INFO - Started process (PID=7862) to work on /home/logi/txtai/venv/lib/python3.10/site-packages/airflow/example_dags/example_sla_dag.py
[2025-11-01T12:52:32.404+0530] {processor.py:830} INFO - Processing file /home/logi/txtai/venv/lib/python3.10/site-packages/airflow/example_dags/example_sla_dag.py for tasks to queue
[2025-11-01T12:52:32.407+0530] {logging_mixin.py:188} INFO - [2025-11-01T12:52:32.407+0530] {dagbag.py:545} INFO - Filling up the DagBag from /home/logi/txtai/venv/lib/python3.10/site-packages/airflow/example_dags/example_sla_dag.py
[2025-11-01T12:52:32.421+0530] {processor.py:840} INFO - DAG(s) 'example_sla_dag' retrieved from /home/logi/txtai/venv/lib/python3.10/site-packages/airflow/example_dags/example_sla_dag.py
[2025-11-01T12:52:32.445+0530] {logging_mixin.py:188} INFO - [2025-11-01T12:52:32.445+0530] {dag.py:3089} INFO - Sync 1 DAGs
[2025-11-01T12:52:32.471+0530] {logging_mixin.py:188} INFO - [2025-11-01T12:52:32.471+0530] {dag.py:3947} INFO - Setting next_dagrun for example_sla_dag to 2025-11-01 07:20:00+00:00, run_after=2025-11-01 07:22:00+00:00
[2025-11-01T12:52:32.497+0530] {processor.py:183} INFO - Processing /home/logi/txtai/venv/lib/python3.10/site-packages/airflow/example_dags/example_sla_dag.py took 0.117 seconds
[2025-11-01T12:53:24.715+0530] {processor.py:161} INFO - Started process (PID=7946) to work on /home/logi/txtai/venv/lib/python3.10/site-packages/airflow/example_dags/example_sla_dag.py
[2025-11-01T12:53:24.730+0530] {processor.py:830} INFO - Processing file /home/logi/txtai/venv/lib/python3.10/site-packages/airflow/example_dags/example_sla_dag.py for tasks to queue
[2025-11-01T12:53:24.734+0530] {logging_mixin.py:188} INFO - [2025-11-01T12:53:24.733+0530] {dagbag.py:545} INFO - Filling up the DagBag from /home/logi/txtai/venv/lib/python3.10/site-packages/airflow/example_dags/example_sla_dag.py
[2025-11-01T12:53:24.755+0530] {processor.py:840} INFO - DAG(s) 'example_sla_dag' retrieved from /home/logi/txtai/venv/lib/python3.10/site-packages/airflow/example_dags/example_sla_dag.py
[2025-11-01T12:53:24.789+0530] {logging_mixin.py:188} INFO - [2025-11-01T12:53:24.789+0530] {dag.py:3089} INFO - Sync 1 DAGs
[2025-11-01T12:53:24.810+0530] {logging_mixin.py:188} INFO - [2025-11-01T12:53:24.810+0530] {dag.py:3947} INFO - Setting next_dagrun for example_sla_dag to 2025-11-01 07:20:00+00:00, run_after=2025-11-01 07:22:00+00:00
[2025-11-01T12:53:24.834+0530] {processor.py:183} INFO - Processing /home/logi/txtai/venv/lib/python3.10/site-packages/airflow/example_dags/example_sla_dag.py took 0.137 seconds
[2025-11-01T12:54:21.510+0530] {processor.py:161} INFO - Started process (PID=8179) to work on /home/logi/txtai/venv/lib/python3.10/site-packages/airflow/example_dags/example_sla_dag.py
[2025-11-01T12:54:21.523+0530] {processor.py:830} INFO - Processing file /home/logi/txtai/venv/lib/python3.10/site-packages/airflow/example_dags/example_sla_dag.py for tasks to queue
[2025-11-01T12:54:21.526+0530] {logging_mixin.py:188} INFO - [2025-11-01T12:54:21.525+0530] {dagbag.py:545} INFO - Filling up the DagBag from /home/logi/txtai/venv/lib/python3.10/site-packages/airflow/example_dags/example_sla_dag.py
[2025-11-01T12:54:21.542+0530] {processor.py:840} INFO - DAG(s) 'example_sla_dag' retrieved from /home/logi/txtai/venv/lib/python3.10/site-packages/airflow/example_dags/example_sla_dag.py
[2025-11-01T12:54:21.568+0530] {logging_mixin.py:188} INFO - [2025-11-01T12:54:21.568+0530] {dag.py:3089} INFO - Sync 1 DAGs
[2025-11-01T12:54:21.589+0530] {logging_mixin.py:188} INFO - [2025-11-01T12:54:21.589+0530] {dag.py:3947} INFO - Setting next_dagrun for example_sla_dag to 2025-11-01 07:22:00+00:00, run_after=2025-11-01 07:24:00+00:00
[2025-11-01T12:54:21.621+0530] {processor.py:183} INFO - Processing /home/logi/txtai/venv/lib/python3.10/site-packages/airflow/example_dags/example_sla_dag.py took 0.121 seconds
[2025-11-01T12:55:13.372+0530] {processor.py:161} INFO - Started process (PID=8258) to work on /home/logi/txtai/venv/lib/python3.10/site-packages/airflow/example_dags/example_sla_dag.py
[2025-11-01T12:55:13.385+0530] {processor.py:830} INFO - Processing file /home/logi/txtai/venv/lib/python3.10/site-packages/airflow/example_dags/example_sla_dag.py for tasks to queue
[2025-11-01T12:55:13.388+0530] {logging_mixin.py:188} INFO - [2025-11-01T12:55:13.387+0530] {dagbag.py:545} INFO - Filling up the DagBag from /home/logi/txtai/venv/lib/python3.10/site-packages/airflow/example_dags/example_sla_dag.py
[2025-11-01T12:55:13.396+0530] {processor.py:840} INFO - DAG(s) 'example_sla_dag' retrieved from /home/logi/txtai/venv/lib/python3.10/site-packages/airflow/example_dags/example_sla_dag.py
[2025-11-01T12:55:13.409+0530] {logging_mixin.py:188} INFO - [2025-11-01T12:55:13.409+0530] {dag.py:3089} INFO - Sync 1 DAGs
[2025-11-01T12:55:13.425+0530] {logging_mixin.py:188} INFO - [2025-11-01T12:55:13.425+0530] {dag.py:3947} INFO - Setting next_dagrun for example_sla_dag to 2025-11-01 07:22:00+00:00, run_after=2025-11-01 07:24:00+00:00
[2025-11-01T12:55:13.444+0530] {processor.py:183} INFO - Processing /home/logi/txtai/venv/lib/python3.10/site-packages/airflow/example_dags/example_sla_dag.py took 0.077 seconds
[2025-11-01T12:55:58.679+0530] {processor.py:161} INFO - Started process (PID=8329) to work on /home/logi/txtai/venv/lib/python3.10/site-packages/airflow/example_dags/example_sla_dag.py
[2025-11-01T12:55:58.693+0530] {processor.py:830} INFO - Processing file /home/logi/txtai/venv/lib/python3.10/site-packages/airflow/example_dags/example_sla_dag.py for tasks to queue
[2025-11-01T12:55:58.696+0530] {logging_mixin.py:188} INFO - [2025-11-01T12:55:58.695+0530] {dagbag.py:545} INFO - Filling up the DagBag from /home/logi/txtai/venv/lib/python3.10/site-packages/airflow/example_dags/example_sla_dag.py
[2025-11-01T12:55:58.714+0530] {processor.py:840} INFO - DAG(s) 'example_sla_dag' retrieved from /home/logi/txtai/venv/lib/python3.10/site-packages/airflow/example_dags/example_sla_dag.py
[2025-11-01T12:55:58.744+0530] {logging_mixin.py:188} INFO - [2025-11-01T12:55:58.743+0530] {dag.py:3089} INFO - Sync 1 DAGs
[2025-11-01T12:55:58.773+0530] {logging_mixin.py:188} INFO - [2025-11-01T12:55:58.773+0530] {dag.py:3947} INFO - Setting next_dagrun for example_sla_dag to 2025-11-01 07:22:00+00:00, run_after=2025-11-01 07:24:00+00:00
[2025-11-01T12:55:58.796+0530] {processor.py:183} INFO - Processing /home/logi/txtai/venv/lib/python3.10/site-packages/airflow/example_dags/example_sla_dag.py took 0.129 seconds
[2025-11-01T12:57:00.696+0530] {processor.py:161} INFO - Started process (PID=8577) to work on /home/logi/txtai/venv/lib/python3.10/site-packages/airflow/example_dags/example_sla_dag.py
[2025-11-01T12:57:00.709+0530] {processor.py:830} INFO - Processing file /home/logi/txtai/venv/lib/python3.10/site-packages/airflow/example_dags/example_sla_dag.py for tasks to queue
[2025-11-01T12:57:00.711+0530] {logging_mixin.py:188} INFO - [2025-11-01T12:57:00.711+0530] {dagbag.py:545} INFO - Filling up the DagBag from /home/logi/txtai/venv/lib/python3.10/site-packages/airflow/example_dags/example_sla_dag.py
[2025-11-01T12:57:00.719+0530] {processor.py:840} INFO - DAG(s) 'example_sla_dag' retrieved from /home/logi/txtai/venv/lib/python3.10/site-packages/airflow/example_dags/example_sla_dag.py
[2025-11-01T12:57:00.740+0530] {logging_mixin.py:188} INFO - [2025-11-01T12:57:00.739+0530] {dag.py:3089} INFO - Sync 1 DAGs
[2025-11-01T12:57:00.757+0530] {logging_mixin.py:188} INFO - [2025-11-01T12:57:00.757+0530] {dag.py:3947} INFO - Setting next_dagrun for example_sla_dag to 2025-11-01 07:24:00+00:00, run_after=2025-11-01 07:26:00+00:00
[2025-11-01T12:57:00.786+0530] {processor.py:183} INFO - Processing /home/logi/txtai/venv/lib/python3.10/site-packages/airflow/example_dags/example_sla_dag.py took 0.096 seconds
[2025-11-01T12:57:48.680+0530] {processor.py:161} INFO - Started process (PID=8647) to work on /home/logi/txtai/venv/lib/python3.10/site-packages/airflow/example_dags/example_sla_dag.py
[2025-11-01T12:57:48.692+0530] {processor.py:830} INFO - Processing file /home/logi/txtai/venv/lib/python3.10/site-packages/airflow/example_dags/example_sla_dag.py for tasks to queue
[2025-11-01T12:57:48.695+0530] {logging_mixin.py:188} INFO - [2025-11-01T12:57:48.694+0530] {dagbag.py:545} INFO - Filling up the DagBag from /home/logi/txtai/venv/lib/python3.10/site-packages/airflow/example_dags/example_sla_dag.py
[2025-11-01T12:57:48.705+0530] {processor.py:840} INFO - DAG(s) 'example_sla_dag' retrieved from /home/logi/txtai/venv/lib/python3.10/site-packages/airflow/example_dags/example_sla_dag.py
[2025-11-01T12:57:48.728+0530] {logging_mixin.py:188} INFO - [2025-11-01T12:57:48.728+0530] {dag.py:3089} INFO - Sync 1 DAGs
[2025-11-01T12:57:48.744+0530] {logging_mixin.py:188} INFO - [2025-11-01T12:57:48.744+0530] {dag.py:3947} INFO - Setting next_dagrun for example_sla_dag to 2025-11-01 07:24:00+00:00, run_after=2025-11-01 07:26:00+00:00
[2025-11-01T12:57:48.767+0530] {processor.py:183} INFO - Processing /home/logi/txtai/venv/lib/python3.10/site-packages/airflow/example_dags/example_sla_dag.py took 0.096 seconds
[2025-11-01T12:58:48.077+0530] {processor.py:161} INFO - Started process (PID=8884) to work on /home/logi/txtai/venv/lib/python3.10/site-packages/airflow/example_dags/example_sla_dag.py
[2025-11-01T12:58:48.090+0530] {processor.py:830} INFO - Processing file /home/logi/txtai/venv/lib/python3.10/site-packages/airflow/example_dags/example_sla_dag.py for tasks to queue
[2025-11-01T12:58:48.093+0530] {logging_mixin.py:188} INFO - [2025-11-01T12:58:48.092+0530] {dagbag.py:545} INFO - Filling up the DagBag from /home/logi/txtai/venv/lib/python3.10/site-packages/airflow/example_dags/example_sla_dag.py
[2025-11-01T12:58:48.108+0530] {processor.py:840} INFO - DAG(s) 'example_sla_dag' retrieved from /home/logi/txtai/venv/lib/python3.10/site-packages/airflow/example_dags/example_sla_dag.py
[2025-11-01T12:58:48.130+0530] {logging_mixin.py:188} INFO - [2025-11-01T12:58:48.130+0530] {dag.py:3089} INFO - Sync 1 DAGs
[2025-11-01T12:58:48.150+0530] {logging_mixin.py:188} INFO - [2025-11-01T12:58:48.150+0530] {dag.py:3947} INFO - Setting next_dagrun for example_sla_dag to 2025-11-01 07:26:00+00:00, run_after=2025-11-01 07:28:00+00:00
[2025-11-01T12:58:48.174+0530] {processor.py:183} INFO - Processing /home/logi/txtai/venv/lib/python3.10/site-packages/airflow/example_dags/example_sla_dag.py took 0.107 seconds
[2025-11-01T12:59:41.621+0530] {processor.py:161} INFO - Started process (PID=8963) to work on /home/logi/txtai/venv/lib/python3.10/site-packages/airflow/example_dags/example_sla_dag.py
[2025-11-01T12:59:41.634+0530] {processor.py:830} INFO - Processing file /home/logi/txtai/venv/lib/python3.10/site-packages/airflow/example_dags/example_sla_dag.py for tasks to queue
[2025-11-01T12:59:41.638+0530] {logging_mixin.py:188} INFO - [2025-11-01T12:59:41.637+0530] {dagbag.py:545} INFO - Filling up the DagBag from /home/logi/txtai/venv/lib/python3.10/site-packages/airflow/example_dags/example_sla_dag.py
[2025-11-01T12:59:41.655+0530] {processor.py:840} INFO - DAG(s) 'example_sla_dag' retrieved from /home/logi/txtai/venv/lib/python3.10/site-packages/airflow/example_dags/example_sla_dag.py
[2025-11-01T12:59:41.681+0530] {logging_mixin.py:188} INFO - [2025-11-01T12:59:41.681+0530] {dag.py:3089} INFO - Sync 1 DAGs
[2025-11-01T12:59:41.699+0530] {logging_mixin.py:188} INFO - [2025-11-01T12:59:41.699+0530] {dag.py:3947} INFO - Setting next_dagrun for example_sla_dag to 2025-11-01 07:26:00+00:00, run_after=2025-11-01 07:28:00+00:00
[2025-11-01T12:59:41.724+0530] {processor.py:183} INFO - Processing /home/logi/txtai/venv/lib/python3.10/site-packages/airflow/example_dags/example_sla_dag.py took 0.113 seconds
[2025-11-01T13:00:37.671+0530] {processor.py:161} INFO - Started process (PID=9162) to work on /home/logi/txtai/venv/lib/python3.10/site-packages/airflow/example_dags/example_sla_dag.py
[2025-11-01T13:00:37.685+0530] {processor.py:830} INFO - Processing file /home/logi/txtai/venv/lib/python3.10/site-packages/airflow/example_dags/example_sla_dag.py for tasks to queue
[2025-11-01T13:00:37.688+0530] {logging_mixin.py:188} INFO - [2025-11-01T13:00:37.687+0530] {dagbag.py:545} INFO - Filling up the DagBag from /home/logi/txtai/venv/lib/python3.10/site-packages/airflow/example_dags/example_sla_dag.py
[2025-11-01T13:00:37.701+0530] {processor.py:840} INFO - DAG(s) 'example_sla_dag' retrieved from /home/logi/txtai/venv/lib/python3.10/site-packages/airflow/example_dags/example_sla_dag.py
[2025-11-01T13:00:37.725+0530] {logging_mixin.py:188} INFO - [2025-11-01T13:00:37.725+0530] {dag.py:3089} INFO - Sync 1 DAGs
[2025-11-01T13:00:37.747+0530] {logging_mixin.py:188} INFO - [2025-11-01T13:00:37.747+0530] {dag.py:3947} INFO - Setting next_dagrun for example_sla_dag to 2025-11-01 07:28:00+00:00, run_after=2025-11-01 07:30:00+00:00
[2025-11-01T13:00:37.776+0530] {processor.py:183} INFO - Processing /home/logi/txtai/venv/lib/python3.10/site-packages/airflow/example_dags/example_sla_dag.py took 0.116 seconds
[2025-11-01T13:01:31.403+0530] {processor.py:161} INFO - Started process (PID=9241) to work on /home/logi/txtai/venv/lib/python3.10/site-packages/airflow/example_dags/example_sla_dag.py
[2025-11-01T13:01:31.418+0530] {processor.py:830} INFO - Processing file /home/logi/txtai/venv/lib/python3.10/site-packages/airflow/example_dags/example_sla_dag.py for tasks to queue
[2025-11-01T13:01:31.421+0530] {logging_mixin.py:188} INFO - [2025-11-01T13:01:31.420+0530] {dagbag.py:545} INFO - Filling up the DagBag from /home/logi/txtai/venv/lib/python3.10/site-packages/airflow/example_dags/example_sla_dag.py
[2025-11-01T13:01:31.437+0530] {processor.py:840} INFO - DAG(s) 'example_sla_dag' retrieved from /home/logi/txtai/venv/lib/python3.10/site-packages/airflow/example_dags/example_sla_dag.py
[2025-11-01T13:01:31.461+0530] {logging_mixin.py:188} INFO - [2025-11-01T13:01:31.461+0530] {dag.py:3089} INFO - Sync 1 DAGs
[2025-11-01T13:01:31.486+0530] {logging_mixin.py:188} INFO - [2025-11-01T13:01:31.486+0530] {dag.py:3947} INFO - Setting next_dagrun for example_sla_dag to 2025-11-01 07:28:00+00:00, run_after=2025-11-01 07:30:00+00:00
[2025-11-01T13:01:31.515+0530] {processor.py:183} INFO - Processing /home/logi/txtai/venv/lib/python3.10/site-packages/airflow/example_dags/example_sla_dag.py took 0.123 seconds
[2025-11-01T13:02:35.738+0530] {processor.py:161} INFO - Started process (PID=9600) to work on /home/logi/txtai/venv/lib/python3.10/site-packages/airflow/example_dags/example_sla_dag.py
[2025-11-01T13:02:35.750+0530] {processor.py:830} INFO - Processing file /home/logi/txtai/venv/lib/python3.10/site-packages/airflow/example_dags/example_sla_dag.py for tasks to queue
[2025-11-01T13:02:35.752+0530] {logging_mixin.py:188} INFO - [2025-11-01T13:02:35.752+0530] {dagbag.py:545} INFO - Filling up the DagBag from /home/logi/txtai/venv/lib/python3.10/site-packages/airflow/example_dags/example_sla_dag.py
[2025-11-01T13:02:35.761+0530] {processor.py:840} INFO - DAG(s) 'example_sla_dag' retrieved from /home/logi/txtai/venv/lib/python3.10/site-packages/airflow/example_dags/example_sla_dag.py
[2025-11-01T13:02:35.773+0530] {logging_mixin.py:188} INFO - [2025-11-01T13:02:35.773+0530] {dag.py:3089} INFO - Sync 1 DAGs
[2025-11-01T13:02:35.788+0530] {logging_mixin.py:188} INFO - [2025-11-01T13:02:35.788+0530] {dag.py:3947} INFO - Setting next_dagrun for example_sla_dag to 2025-11-01 07:30:00+00:00, run_after=2025-11-01 07:32:00+00:00
[2025-11-01T13:02:35.807+0530] {processor.py:183} INFO - Processing /home/logi/txtai/venv/lib/python3.10/site-packages/airflow/example_dags/example_sla_dag.py took 0.074 seconds
[2025-11-01T13:03:27.729+0530] {processor.py:161} INFO - Started process (PID=9719) to work on /home/logi/txtai/venv/lib/python3.10/site-packages/airflow/example_dags/example_sla_dag.py
[2025-11-01T13:03:27.742+0530] {processor.py:830} INFO - Processing file /home/logi/txtai/venv/lib/python3.10/site-packages/airflow/example_dags/example_sla_dag.py for tasks to queue
[2025-11-01T13:03:27.748+0530] {logging_mixin.py:188} INFO - [2025-11-01T13:03:27.747+0530] {dagbag.py:545} INFO - Filling up the DagBag from /home/logi/txtai/venv/lib/python3.10/site-packages/airflow/example_dags/example_sla_dag.py
[2025-11-01T13:03:27.761+0530] {processor.py:840} INFO - DAG(s) 'example_sla_dag' retrieved from /home/logi/txtai/venv/lib/python3.10/site-packages/airflow/example_dags/example_sla_dag.py
[2025-11-01T13:03:27.773+0530] {logging_mixin.py:188} INFO - [2025-11-01T13:03:27.773+0530] {dag.py:3089} INFO - Sync 1 DAGs
[2025-11-01T13:03:27.790+0530] {logging_mixin.py:188} INFO - [2025-11-01T13:03:27.790+0530] {dag.py:3947} INFO - Setting next_dagrun for example_sla_dag to 2025-11-01 07:30:00+00:00, run_after=2025-11-01 07:32:00+00:00
[2025-11-01T13:03:27.807+0530] {processor.py:183} INFO - Processing /home/logi/txtai/venv/lib/python3.10/site-packages/airflow/example_dags/example_sla_dag.py took 0.084 seconds
[2025-11-01T13:04:28.322+0530] {processor.py:161} INFO - Started process (PID=10040) to work on /home/logi/txtai/venv/lib/python3.10/site-packages/airflow/example_dags/example_sla_dag.py
[2025-11-01T13:04:28.323+0530] {processor.py:830} INFO - Processing file /home/logi/txtai/venv/lib/python3.10/site-packages/airflow/example_dags/example_sla_dag.py for tasks to queue
[2025-11-01T13:04:28.324+0530] {logging_mixin.py:188} INFO - [2025-11-01T13:04:28.324+0530] {dagbag.py:545} INFO - Filling up the DagBag from /home/logi/txtai/venv/lib/python3.10/site-packages/airflow/example_dags/example_sla_dag.py
[2025-11-01T13:04:28.332+0530] {processor.py:840} INFO - DAG(s) 'example_sla_dag' retrieved from /home/logi/txtai/venv/lib/python3.10/site-packages/airflow/example_dags/example_sla_dag.py
[2025-11-01T13:04:28.345+0530] {logging_mixin.py:188} INFO - [2025-11-01T13:04:28.344+0530] {dag.py:3089} INFO - Sync 1 DAGs
[2025-11-01T13:04:28.363+0530] {logging_mixin.py:188} INFO - [2025-11-01T13:04:28.363+0530] {dag.py:3947} INFO - Setting next_dagrun for example_sla_dag to 2025-11-01 07:32:00+00:00, run_after=2025-11-01 07:34:00+00:00
[2025-11-01T13:04:28.381+0530] {processor.py:183} INFO - Processing /home/logi/txtai/venv/lib/python3.10/site-packages/airflow/example_dags/example_sla_dag.py took 0.067 seconds
[2025-11-01T13:05:23.821+0530] {processor.py:161} INFO - Started process (PID=10168) to work on /home/logi/txtai/venv/lib/python3.10/site-packages/airflow/example_dags/example_sla_dag.py
[2025-11-01T13:05:23.834+0530] {processor.py:830} INFO - Processing file /home/logi/txtai/venv/lib/python3.10/site-packages/airflow/example_dags/example_sla_dag.py for tasks to queue
[2025-11-01T13:05:23.838+0530] {logging_mixin.py:188} INFO - [2025-11-01T13:05:23.837+0530] {dagbag.py:545} INFO - Filling up the DagBag from /home/logi/txtai/venv/lib/python3.10/site-packages/airflow/example_dags/example_sla_dag.py
[2025-11-01T13:05:23.851+0530] {processor.py:840} INFO - DAG(s) 'example_sla_dag' retrieved from /home/logi/txtai/venv/lib/python3.10/site-packages/airflow/example_dags/example_sla_dag.py
[2025-11-01T13:05:23.876+0530] {logging_mixin.py:188} INFO - [2025-11-01T13:05:23.876+0530] {dag.py:3089} INFO - Sync 1 DAGs
[2025-11-01T13:05:23.895+0530] {logging_mixin.py:188} INFO - [2025-11-01T13:05:23.895+0530] {dag.py:3947} INFO - Setting next_dagrun for example_sla_dag to 2025-11-01 07:32:00+00:00, run_after=2025-11-01 07:34:00+00:00
[2025-11-01T13:05:23.921+0530] {processor.py:183} INFO - Processing /home/logi/txtai/venv/lib/python3.10/site-packages/airflow/example_dags/example_sla_dag.py took 0.110 seconds
[2025-11-01T13:06:19.822+0530] {processor.py:161} INFO - Started process (PID=10414) to work on /home/logi/txtai/venv/lib/python3.10/site-packages/airflow/example_dags/example_sla_dag.py
[2025-11-01T13:06:19.835+0530] {processor.py:830} INFO - Processing file /home/logi/txtai/venv/lib/python3.10/site-packages/airflow/example_dags/example_sla_dag.py for tasks to queue
[2025-11-01T13:06:19.838+0530] {logging_mixin.py:188} INFO - [2025-11-01T13:06:19.837+0530] {dagbag.py:545} INFO - Filling up the DagBag from /home/logi/txtai/venv/lib/python3.10/site-packages/airflow/example_dags/example_sla_dag.py
[2025-11-01T13:06:19.845+0530] {processor.py:840} INFO - DAG(s) 'example_sla_dag' retrieved from /home/logi/txtai/venv/lib/python3.10/site-packages/airflow/example_dags/example_sla_dag.py
[2025-11-01T13:06:19.865+0530] {logging_mixin.py:188} INFO - [2025-11-01T13:06:19.864+0530] {dag.py:3089} INFO - Sync 1 DAGs
[2025-11-01T13:06:19.890+0530] {logging_mixin.py:188} INFO - [2025-11-01T13:06:19.890+0530] {dag.py:3947} INFO - Setting next_dagrun for example_sla_dag to 2025-11-01 07:34:00+00:00, run_after=2025-11-01 07:36:00+00:00
[2025-11-01T13:06:19.909+0530] {processor.py:183} INFO - Processing /home/logi/txtai/venv/lib/python3.10/site-packages/airflow/example_dags/example_sla_dag.py took 0.094 seconds
[2025-11-01T13:07:14.311+0530] {processor.py:161} INFO - Started process (PID=10534) to work on /home/logi/txtai/venv/lib/python3.10/site-packages/airflow/example_dags/example_sla_dag.py
[2025-11-01T13:07:14.325+0530] {processor.py:830} INFO - Processing file /home/logi/txtai/venv/lib/python3.10/site-packages/airflow/example_dags/example_sla_dag.py for tasks to queue
[2025-11-01T13:07:14.328+0530] {logging_mixin.py:188} INFO - [2025-11-01T13:07:14.328+0530] {dagbag.py:545} INFO - Filling up the DagBag from /home/logi/txtai/venv/lib/python3.10/site-packages/airflow/example_dags/example_sla_dag.py
[2025-11-01T13:07:14.342+0530] {processor.py:840} INFO - DAG(s) 'example_sla_dag' retrieved from /home/logi/txtai/venv/lib/python3.10/site-packages/airflow/example_dags/example_sla_dag.py
[2025-11-01T13:07:14.367+0530] {logging_mixin.py:188} INFO - [2025-11-01T13:07:14.366+0530] {dag.py:3089} INFO - Sync 1 DAGs
[2025-11-01T13:07:14.391+0530] {logging_mixin.py:188} INFO - [2025-11-01T13:07:14.391+0530] {dag.py:3947} INFO - Setting next_dagrun for example_sla_dag to 2025-11-01 07:34:00+00:00, run_after=2025-11-01 07:36:00+00:00
[2025-11-01T13:07:14.417+0530] {processor.py:183} INFO - Processing /home/logi/txtai/venv/lib/python3.10/site-packages/airflow/example_dags/example_sla_dag.py took 0.117 seconds
[2025-11-01T13:08:11.164+0530] {processor.py:161} INFO - Started process (PID=10768) to work on /home/logi/txtai/venv/lib/python3.10/site-packages/airflow/example_dags/example_sla_dag.py
[2025-11-01T13:08:11.176+0530] {processor.py:830} INFO - Processing file /home/logi/txtai/venv/lib/python3.10/site-packages/airflow/example_dags/example_sla_dag.py for tasks to queue
[2025-11-01T13:08:11.180+0530] {logging_mixin.py:188} INFO - [2025-11-01T13:08:11.179+0530] {dagbag.py:545} INFO - Filling up the DagBag from /home/logi/txtai/venv/lib/python3.10/site-packages/airflow/example_dags/example_sla_dag.py
[2025-11-01T13:08:11.188+0530] {processor.py:840} INFO - DAG(s) 'example_sla_dag' retrieved from /home/logi/txtai/venv/lib/python3.10/site-packages/airflow/example_dags/example_sla_dag.py
[2025-11-01T13:08:11.200+0530] {logging_mixin.py:188} INFO - [2025-11-01T13:08:11.200+0530] {dag.py:3089} INFO - Sync 1 DAGs
[2025-11-01T13:08:11.217+0530] {logging_mixin.py:188} INFO - [2025-11-01T13:08:11.217+0530] {dag.py:3947} INFO - Setting next_dagrun for example_sla_dag to 2025-11-01 07:36:00+00:00, run_after=2025-11-01 07:38:00+00:00
[2025-11-01T13:08:11.234+0530] {processor.py:183} INFO - Processing /home/logi/txtai/venv/lib/python3.10/site-packages/airflow/example_dags/example_sla_dag.py took 0.076 seconds
[2025-11-01T13:09:05.096+0530] {processor.py:161} INFO - Started process (PID=11080) to work on /home/logi/txtai/venv/lib/python3.10/site-packages/airflow/example_dags/example_sla_dag.py
[2025-11-01T13:09:05.109+0530] {processor.py:830} INFO - Processing file /home/logi/txtai/venv/lib/python3.10/site-packages/airflow/example_dags/example_sla_dag.py for tasks to queue
[2025-11-01T13:09:05.112+0530] {logging_mixin.py:188} INFO - [2025-11-01T13:09:05.111+0530] {dagbag.py:545} INFO - Filling up the DagBag from /home/logi/txtai/venv/lib/python3.10/site-packages/airflow/example_dags/example_sla_dag.py
[2025-11-01T13:09:05.125+0530] {processor.py:840} INFO - DAG(s) 'example_sla_dag' retrieved from /home/logi/txtai/venv/lib/python3.10/site-packages/airflow/example_dags/example_sla_dag.py
[2025-11-01T13:09:05.153+0530] {logging_mixin.py:188} INFO - [2025-11-01T13:09:05.153+0530] {dag.py:3089} INFO - Sync 1 DAGs
[2025-11-01T13:09:05.176+0530] {logging_mixin.py:188} INFO - [2025-11-01T13:09:05.176+0530] {dag.py:3947} INFO - Setting next_dagrun for example_sla_dag to 2025-11-01 07:36:00+00:00, run_after=2025-11-01 07:38:00+00:00
[2025-11-01T13:09:05.192+0530] {processor.py:183} INFO - Processing /home/logi/txtai/venv/lib/python3.10/site-packages/airflow/example_dags/example_sla_dag.py took 0.106 seconds
[2025-11-01T13:09:52.147+0530] {processor.py:161} INFO - Started process (PID=11213) to work on /home/logi/txtai/venv/lib/python3.10/site-packages/airflow/example_dags/example_sla_dag.py
[2025-11-01T13:09:52.159+0530] {processor.py:830} INFO - Processing file /home/logi/txtai/venv/lib/python3.10/site-packages/airflow/example_dags/example_sla_dag.py for tasks to queue
[2025-11-01T13:09:52.161+0530] {logging_mixin.py:188} INFO - [2025-11-01T13:09:52.161+0530] {dagbag.py:545} INFO - Filling up the DagBag from /home/logi/txtai/venv/lib/python3.10/site-packages/airflow/example_dags/example_sla_dag.py
[2025-11-01T13:09:52.170+0530] {processor.py:840} INFO - DAG(s) 'example_sla_dag' retrieved from /home/logi/txtai/venv/lib/python3.10/site-packages/airflow/example_dags/example_sla_dag.py
[2025-11-01T13:09:52.183+0530] {logging_mixin.py:188} INFO - [2025-11-01T13:09:52.183+0530] {dag.py:3089} INFO - Sync 1 DAGs
[2025-11-01T13:09:52.200+0530] {logging_mixin.py:188} INFO - [2025-11-01T13:09:52.200+0530] {dag.py:3947} INFO - Setting next_dagrun for example_sla_dag to 2025-11-01 07:36:00+00:00, run_after=2025-11-01 07:38:00+00:00
[2025-11-01T13:09:52.218+0530] {processor.py:183} INFO - Processing /home/logi/txtai/venv/lib/python3.10/site-packages/airflow/example_dags/example_sla_dag.py took 0.077 seconds
[2025-11-01T13:10:50.359+0530] {processor.py:161} INFO - Started process (PID=11437) to work on /home/logi/txtai/venv/lib/python3.10/site-packages/airflow/example_dags/example_sla_dag.py
[2025-11-01T13:10:50.360+0530] {processor.py:830} INFO - Processing file /home/logi/txtai/venv/lib/python3.10/site-packages/airflow/example_dags/example_sla_dag.py for tasks to queue
[2025-11-01T13:10:50.363+0530] {logging_mixin.py:188} INFO - [2025-11-01T13:10:50.363+0530] {dagbag.py:545} INFO - Filling up the DagBag from /home/logi/txtai/venv/lib/python3.10/site-packages/airflow/example_dags/example_sla_dag.py
[2025-11-01T13:10:50.371+0530] {processor.py:840} INFO - DAG(s) 'example_sla_dag' retrieved from /home/logi/txtai/venv/lib/python3.10/site-packages/airflow/example_dags/example_sla_dag.py
[2025-11-01T13:10:50.386+0530] {logging_mixin.py:188} INFO - [2025-11-01T13:10:50.386+0530] {dag.py:3089} INFO - Sync 1 DAGs
[2025-11-01T13:10:50.404+0530] {logging_mixin.py:188} INFO - [2025-11-01T13:10:50.403+0530] {dag.py:3947} INFO - Setting next_dagrun for example_sla_dag to 2025-11-01 07:38:00+00:00, run_after=2025-11-01 07:40:00+00:00
[2025-11-01T13:10:50.421+0530] {processor.py:183} INFO - Processing /home/logi/txtai/venv/lib/python3.10/site-packages/airflow/example_dags/example_sla_dag.py took 0.068 seconds
[2025-11-01T13:11:38.868+0530] {processor.py:161} INFO - Started process (PID=11556) to work on /home/logi/txtai/venv/lib/python3.10/site-packages/airflow/example_dags/example_sla_dag.py
[2025-11-01T13:11:38.881+0530] {processor.py:830} INFO - Processing file /home/logi/txtai/venv/lib/python3.10/site-packages/airflow/example_dags/example_sla_dag.py for tasks to queue
[2025-11-01T13:11:38.884+0530] {logging_mixin.py:188} INFO - [2025-11-01T13:11:38.883+0530] {dagbag.py:545} INFO - Filling up the DagBag from /home/logi/txtai/venv/lib/python3.10/site-packages/airflow/example_dags/example_sla_dag.py
[2025-11-01T13:11:38.898+0530] {processor.py:840} INFO - DAG(s) 'example_sla_dag' retrieved from /home/logi/txtai/venv/lib/python3.10/site-packages/airflow/example_dags/example_sla_dag.py
[2025-11-01T13:11:38.922+0530] {logging_mixin.py:188} INFO - [2025-11-01T13:11:38.921+0530] {dag.py:3089} INFO - Sync 1 DAGs
[2025-11-01T13:11:38.944+0530] {logging_mixin.py:188} INFO - [2025-11-01T13:11:38.944+0530] {dag.py:3947} INFO - Setting next_dagrun for example_sla_dag to 2025-11-01 07:38:00+00:00, run_after=2025-11-01 07:40:00+00:00
[2025-11-01T13:11:38.968+0530] {processor.py:183} INFO - Processing /home/logi/txtai/venv/lib/python3.10/site-packages/airflow/example_dags/example_sla_dag.py took 0.110 seconds
[2025-11-01T13:12:33.319+0530] {processor.py:161} INFO - Started process (PID=11801) to work on /home/logi/txtai/venv/lib/python3.10/site-packages/airflow/example_dags/example_sla_dag.py
[2025-11-01T13:12:33.321+0530] {processor.py:830} INFO - Processing file /home/logi/txtai/venv/lib/python3.10/site-packages/airflow/example_dags/example_sla_dag.py for tasks to queue
[2025-11-01T13:12:33.324+0530] {logging_mixin.py:188} INFO - [2025-11-01T13:12:33.324+0530] {dagbag.py:545} INFO - Filling up the DagBag from /home/logi/txtai/venv/lib/python3.10/site-packages/airflow/example_dags/example_sla_dag.py
[2025-11-01T13:12:33.338+0530] {processor.py:840} INFO - DAG(s) 'example_sla_dag' retrieved from /home/logi/txtai/venv/lib/python3.10/site-packages/airflow/example_dags/example_sla_dag.py
[2025-11-01T13:12:33.359+0530] {logging_mixin.py:188} INFO - [2025-11-01T13:12:33.359+0530] {dag.py:3089} INFO - Sync 1 DAGs
[2025-11-01T13:12:33.375+0530] {logging_mixin.py:188} INFO - [2025-11-01T13:12:33.375+0530] {dag.py:3947} INFO - Setting next_dagrun for example_sla_dag to 2025-11-01 07:40:00+00:00, run_after=2025-11-01 07:42:00+00:00
[2025-11-01T13:12:33.393+0530] {processor.py:183} INFO - Processing /home/logi/txtai/venv/lib/python3.10/site-packages/airflow/example_dags/example_sla_dag.py took 0.087 seconds
[2025-11-01T13:13:26.626+0530] {processor.py:161} INFO - Started process (PID=11923) to work on /home/logi/txtai/venv/lib/python3.10/site-packages/airflow/example_dags/example_sla_dag.py
[2025-11-01T13:13:26.641+0530] {processor.py:830} INFO - Processing file /home/logi/txtai/venv/lib/python3.10/site-packages/airflow/example_dags/example_sla_dag.py for tasks to queue
[2025-11-01T13:13:26.646+0530] {logging_mixin.py:188} INFO - [2025-11-01T13:13:26.645+0530] {dagbag.py:545} INFO - Filling up the DagBag from /home/logi/txtai/venv/lib/python3.10/site-packages/airflow/example_dags/example_sla_dag.py
[2025-11-01T13:13:26.659+0530] {processor.py:840} INFO - DAG(s) 'example_sla_dag' retrieved from /home/logi/txtai/venv/lib/python3.10/site-packages/airflow/example_dags/example_sla_dag.py
[2025-11-01T13:13:26.682+0530] {logging_mixin.py:188} INFO - [2025-11-01T13:13:26.682+0530] {dag.py:3089} INFO - Sync 1 DAGs
[2025-11-01T13:13:26.702+0530] {logging_mixin.py:188} INFO - [2025-11-01T13:13:26.702+0530] {dag.py:3947} INFO - Setting next_dagrun for example_sla_dag to 2025-11-01 07:40:00+00:00, run_after=2025-11-01 07:42:00+00:00
[2025-11-01T13:13:26.727+0530] {processor.py:183} INFO - Processing /home/logi/txtai/venv/lib/python3.10/site-packages/airflow/example_dags/example_sla_dag.py took 0.112 seconds
[2025-11-01T13:14:21.567+0530] {processor.py:161} INFO - Started process (PID=12192) to work on /home/logi/txtai/venv/lib/python3.10/site-packages/airflow/example_dags/example_sla_dag.py
[2025-11-01T13:14:21.579+0530] {processor.py:830} INFO - Processing file /home/logi/txtai/venv/lib/python3.10/site-packages/airflow/example_dags/example_sla_dag.py for tasks to queue
[2025-11-01T13:14:21.582+0530] {logging_mixin.py:188} INFO - [2025-11-01T13:14:21.581+0530] {dagbag.py:545} INFO - Filling up the DagBag from /home/logi/txtai/venv/lib/python3.10/site-packages/airflow/example_dags/example_sla_dag.py
[2025-11-01T13:14:21.592+0530] {processor.py:840} INFO - DAG(s) 'example_sla_dag' retrieved from /home/logi/txtai/venv/lib/python3.10/site-packages/airflow/example_dags/example_sla_dag.py
[2025-11-01T13:14:21.607+0530] {logging_mixin.py:188} INFO - [2025-11-01T13:14:21.606+0530] {dag.py:3089} INFO - Sync 1 DAGs
[2025-11-01T13:14:21.623+0530] {logging_mixin.py:188} INFO - [2025-11-01T13:14:21.623+0530] {dag.py:3947} INFO - Setting next_dagrun for example_sla_dag to 2025-11-01 07:42:00+00:00, run_after=2025-11-01 07:44:00+00:00
[2025-11-01T13:14:21.642+0530] {processor.py:183} INFO - Processing /home/logi/txtai/venv/lib/python3.10/site-packages/airflow/example_dags/example_sla_dag.py took 0.081 seconds
