[2025-11-01T12:49:38.819+0530] {processor.py:161} INFO - Started process (PID=6984) to work on /home/logi/txtai/venv/lib/python3.10/site-packages/airflow/example_dags/example_kubernetes_executor.py
[2025-11-01T12:49:38.820+0530] {processor.py:830} INFO - Processing file /home/logi/txtai/venv/lib/python3.10/site-packages/airflow/example_dags/example_kubernetes_executor.py for tasks to queue
[2025-11-01T12:49:38.821+0530] {logging_mixin.py:188} INFO - [2025-11-01T12:49:38.821+0530] {dagbag.py:545} INFO - Filling up the DagBag from /home/logi/txtai/venv/lib/python3.10/site-packages/airflow/example_dags/example_kubernetes_executor.py
[2025-11-01T12:49:38.824+0530] {logging_mixin.py:188} INFO - [2025-11-01T12:49:38.823+0530] {example_kubernetes_executor.py:39} WARNING - The example_kubernetes_executor example DAG requires the kubernetes provider. Please install it with: pip install apache-airflow[cncf.kubernetes]
[2025-11-01T12:49:38.824+0530] {processor.py:842} WARNING - No viable dags retrieved from /home/logi/txtai/venv/lib/python3.10/site-packages/airflow/example_dags/example_kubernetes_executor.py
[2025-11-01T12:49:38.834+0530] {processor.py:183} INFO - Processing /home/logi/txtai/venv/lib/python3.10/site-packages/airflow/example_dags/example_kubernetes_executor.py took 0.022 seconds
[2025-11-01T12:50:54.938+0530] {processor.py:161} INFO - Started process (PID=7302) to work on /home/logi/txtai/venv/lib/python3.10/site-packages/airflow/example_dags/example_kubernetes_executor.py
[2025-11-01T12:50:54.941+0530] {processor.py:830} INFO - Processing file /home/logi/txtai/venv/lib/python3.10/site-packages/airflow/example_dags/example_kubernetes_executor.py for tasks to queue
[2025-11-01T12:50:54.946+0530] {logging_mixin.py:188} INFO - [2025-11-01T12:50:54.944+0530] {dagbag.py:545} INFO - Filling up the DagBag from /home/logi/txtai/venv/lib/python3.10/site-packages/airflow/example_dags/example_kubernetes_executor.py
[2025-11-01T12:50:54.949+0530] {logging_mixin.py:188} INFO - [2025-11-01T12:50:54.949+0530] {example_kubernetes_executor.py:39} WARNING - The example_kubernetes_executor example DAG requires the kubernetes provider. Please install it with: pip install apache-airflow[cncf.kubernetes]
[2025-11-01T12:50:54.950+0530] {processor.py:842} WARNING - No viable dags retrieved from /home/logi/txtai/venv/lib/python3.10/site-packages/airflow/example_dags/example_kubernetes_executor.py
[2025-11-01T12:50:54.990+0530] {processor.py:183} INFO - Processing /home/logi/txtai/venv/lib/python3.10/site-packages/airflow/example_dags/example_kubernetes_executor.py took 0.090 seconds
[2025-11-01T12:51:56.376+0530] {processor.py:161} INFO - Started process (PID=7638) to work on /home/logi/txtai/venv/lib/python3.10/site-packages/airflow/example_dags/example_kubernetes_executor.py
[2025-11-01T12:51:56.379+0530] {processor.py:830} INFO - Processing file /home/logi/txtai/venv/lib/python3.10/site-packages/airflow/example_dags/example_kubernetes_executor.py for tasks to queue
[2025-11-01T12:51:56.382+0530] {logging_mixin.py:188} INFO - [2025-11-01T12:51:56.381+0530] {dagbag.py:545} INFO - Filling up the DagBag from /home/logi/txtai/venv/lib/python3.10/site-packages/airflow/example_dags/example_kubernetes_executor.py
[2025-11-01T12:51:56.389+0530] {logging_mixin.py:188} INFO - [2025-11-01T12:51:56.389+0530] {example_kubernetes_executor.py:39} WARNING - The example_kubernetes_executor example DAG requires the kubernetes provider. Please install it with: pip install apache-airflow[cncf.kubernetes]
[2025-11-01T12:51:56.390+0530] {processor.py:842} WARNING - No viable dags retrieved from /home/logi/txtai/venv/lib/python3.10/site-packages/airflow/example_dags/example_kubernetes_executor.py
[2025-11-01T12:51:56.418+0530] {processor.py:183} INFO - Processing /home/logi/txtai/venv/lib/python3.10/site-packages/airflow/example_dags/example_kubernetes_executor.py took 0.061 seconds
[2025-11-01T12:52:59.982+0530] {processor.py:161} INFO - Started process (PID=7905) to work on /home/logi/txtai/venv/lib/python3.10/site-packages/airflow/example_dags/example_kubernetes_executor.py
[2025-11-01T12:52:59.986+0530] {processor.py:830} INFO - Processing file /home/logi/txtai/venv/lib/python3.10/site-packages/airflow/example_dags/example_kubernetes_executor.py for tasks to queue
[2025-11-01T12:52:59.989+0530] {logging_mixin.py:188} INFO - [2025-11-01T12:52:59.989+0530] {dagbag.py:545} INFO - Filling up the DagBag from /home/logi/txtai/venv/lib/python3.10/site-packages/airflow/example_dags/example_kubernetes_executor.py
[2025-11-01T12:52:59.995+0530] {logging_mixin.py:188} INFO - [2025-11-01T12:52:59.994+0530] {example_kubernetes_executor.py:39} WARNING - The example_kubernetes_executor example DAG requires the kubernetes provider. Please install it with: pip install apache-airflow[cncf.kubernetes]
[2025-11-01T12:52:59.995+0530] {processor.py:842} WARNING - No viable dags retrieved from /home/logi/txtai/venv/lib/python3.10/site-packages/airflow/example_dags/example_kubernetes_executor.py
[2025-11-01T12:53:00.005+0530] {processor.py:183} INFO - Processing /home/logi/txtai/venv/lib/python3.10/site-packages/airflow/example_dags/example_kubernetes_executor.py took 0.036 seconds
[2025-11-01T12:53:55.030+0530] {processor.py:161} INFO - Started process (PID=8018) to work on /home/logi/txtai/venv/lib/python3.10/site-packages/airflow/example_dags/example_kubernetes_executor.py
[2025-11-01T12:53:55.043+0530] {processor.py:830} INFO - Processing file /home/logi/txtai/venv/lib/python3.10/site-packages/airflow/example_dags/example_kubernetes_executor.py for tasks to queue
[2025-11-01T12:53:55.046+0530] {logging_mixin.py:188} INFO - [2025-11-01T12:53:55.045+0530] {dagbag.py:545} INFO - Filling up the DagBag from /home/logi/txtai/venv/lib/python3.10/site-packages/airflow/example_dags/example_kubernetes_executor.py
[2025-11-01T12:53:55.050+0530] {logging_mixin.py:188} INFO - [2025-11-01T12:53:55.050+0530] {example_kubernetes_executor.py:39} WARNING - The example_kubernetes_executor example DAG requires the kubernetes provider. Please install it with: pip install apache-airflow[cncf.kubernetes]
[2025-11-01T12:53:55.051+0530] {processor.py:842} WARNING - No viable dags retrieved from /home/logi/txtai/venv/lib/python3.10/site-packages/airflow/example_dags/example_kubernetes_executor.py
[2025-11-01T12:53:55.068+0530] {processor.py:183} INFO - Processing /home/logi/txtai/venv/lib/python3.10/site-packages/airflow/example_dags/example_kubernetes_executor.py took 0.049 seconds
[2025-11-01T12:54:54.905+0530] {processor.py:161} INFO - Started process (PID=8223) to work on /home/logi/txtai/venv/lib/python3.10/site-packages/airflow/example_dags/example_kubernetes_executor.py
[2025-11-01T12:54:54.910+0530] {processor.py:830} INFO - Processing file /home/logi/txtai/venv/lib/python3.10/site-packages/airflow/example_dags/example_kubernetes_executor.py for tasks to queue
[2025-11-01T12:54:54.913+0530] {logging_mixin.py:188} INFO - [2025-11-01T12:54:54.913+0530] {dagbag.py:545} INFO - Filling up the DagBag from /home/logi/txtai/venv/lib/python3.10/site-packages/airflow/example_dags/example_kubernetes_executor.py
[2025-11-01T12:54:54.918+0530] {logging_mixin.py:188} INFO - [2025-11-01T12:54:54.917+0530] {example_kubernetes_executor.py:39} WARNING - The example_kubernetes_executor example DAG requires the kubernetes provider. Please install it with: pip install apache-airflow[cncf.kubernetes]
[2025-11-01T12:54:54.918+0530] {processor.py:842} WARNING - No viable dags retrieved from /home/logi/txtai/venv/lib/python3.10/site-packages/airflow/example_dags/example_kubernetes_executor.py
[2025-11-01T12:54:54.935+0530] {processor.py:183} INFO - Processing /home/logi/txtai/venv/lib/python3.10/site-packages/airflow/example_dags/example_kubernetes_executor.py took 0.044 seconds
[2025-11-01T12:56:01.532+0530] {processor.py:161} INFO - Started process (PID=8332) to work on /home/logi/txtai/venv/lib/python3.10/site-packages/airflow/example_dags/example_kubernetes_executor.py
[2025-11-01T12:56:01.546+0530] {processor.py:830} INFO - Processing file /home/logi/txtai/venv/lib/python3.10/site-packages/airflow/example_dags/example_kubernetes_executor.py for tasks to queue
[2025-11-01T12:56:01.551+0530] {logging_mixin.py:188} INFO - [2025-11-01T12:56:01.550+0530] {dagbag.py:545} INFO - Filling up the DagBag from /home/logi/txtai/venv/lib/python3.10/site-packages/airflow/example_dags/example_kubernetes_executor.py
[2025-11-01T12:56:01.556+0530] {logging_mixin.py:188} INFO - [2025-11-01T12:56:01.556+0530] {example_kubernetes_executor.py:39} WARNING - The example_kubernetes_executor example DAG requires the kubernetes provider. Please install it with: pip install apache-airflow[cncf.kubernetes]
[2025-11-01T12:56:01.557+0530] {processor.py:842} WARNING - No viable dags retrieved from /home/logi/txtai/venv/lib/python3.10/site-packages/airflow/example_dags/example_kubernetes_executor.py
[2025-11-01T12:56:01.578+0530] {processor.py:183} INFO - Processing /home/logi/txtai/venv/lib/python3.10/site-packages/airflow/example_dags/example_kubernetes_executor.py took 0.057 seconds
[2025-11-01T12:57:04.340+0530] {processor.py:161} INFO - Started process (PID=8580) to work on /home/logi/txtai/venv/lib/python3.10/site-packages/airflow/example_dags/example_kubernetes_executor.py
[2025-11-01T12:57:04.357+0530] {processor.py:830} INFO - Processing file /home/logi/txtai/venv/lib/python3.10/site-packages/airflow/example_dags/example_kubernetes_executor.py for tasks to queue
[2025-11-01T12:57:04.360+0530] {logging_mixin.py:188} INFO - [2025-11-01T12:57:04.360+0530] {dagbag.py:545} INFO - Filling up the DagBag from /home/logi/txtai/venv/lib/python3.10/site-packages/airflow/example_dags/example_kubernetes_executor.py
[2025-11-01T12:57:04.364+0530] {logging_mixin.py:188} INFO - [2025-11-01T12:57:04.364+0530] {example_kubernetes_executor.py:39} WARNING - The example_kubernetes_executor example DAG requires the kubernetes provider. Please install it with: pip install apache-airflow[cncf.kubernetes]
[2025-11-01T12:57:04.364+0530] {processor.py:842} WARNING - No viable dags retrieved from /home/logi/txtai/venv/lib/python3.10/site-packages/airflow/example_dags/example_kubernetes_executor.py
[2025-11-01T12:57:04.377+0530] {processor.py:183} INFO - Processing /home/logi/txtai/venv/lib/python3.10/site-packages/airflow/example_dags/example_kubernetes_executor.py took 0.046 seconds
[2025-11-01T12:57:55.083+0530] {processor.py:161} INFO - Started process (PID=8653) to work on /home/logi/txtai/venv/lib/python3.10/site-packages/airflow/example_dags/example_kubernetes_executor.py
[2025-11-01T12:57:55.096+0530] {processor.py:830} INFO - Processing file /home/logi/txtai/venv/lib/python3.10/site-packages/airflow/example_dags/example_kubernetes_executor.py for tasks to queue
[2025-11-01T12:57:55.099+0530] {logging_mixin.py:188} INFO - [2025-11-01T12:57:55.099+0530] {dagbag.py:545} INFO - Filling up the DagBag from /home/logi/txtai/venv/lib/python3.10/site-packages/airflow/example_dags/example_kubernetes_executor.py
[2025-11-01T12:57:55.104+0530] {logging_mixin.py:188} INFO - [2025-11-01T12:57:55.104+0530] {example_kubernetes_executor.py:39} WARNING - The example_kubernetes_executor example DAG requires the kubernetes provider. Please install it with: pip install apache-airflow[cncf.kubernetes]
[2025-11-01T12:57:55.104+0530] {processor.py:842} WARNING - No viable dags retrieved from /home/logi/txtai/venv/lib/python3.10/site-packages/airflow/example_dags/example_kubernetes_executor.py
[2025-11-01T12:57:55.123+0530] {processor.py:183} INFO - Processing /home/logi/txtai/venv/lib/python3.10/site-packages/airflow/example_dags/example_kubernetes_executor.py took 0.051 seconds
[2025-11-01T12:58:58.454+0530] {processor.py:161} INFO - Started process (PID=8895) to work on /home/logi/txtai/venv/lib/python3.10/site-packages/airflow/example_dags/example_kubernetes_executor.py
[2025-11-01T12:58:58.467+0530] {processor.py:830} INFO - Processing file /home/logi/txtai/venv/lib/python3.10/site-packages/airflow/example_dags/example_kubernetes_executor.py for tasks to queue
[2025-11-01T12:58:58.470+0530] {logging_mixin.py:188} INFO - [2025-11-01T12:58:58.469+0530] {dagbag.py:545} INFO - Filling up the DagBag from /home/logi/txtai/venv/lib/python3.10/site-packages/airflow/example_dags/example_kubernetes_executor.py
[2025-11-01T12:58:58.475+0530] {logging_mixin.py:188} INFO - [2025-11-01T12:58:58.474+0530] {example_kubernetes_executor.py:39} WARNING - The example_kubernetes_executor example DAG requires the kubernetes provider. Please install it with: pip install apache-airflow[cncf.kubernetes]
[2025-11-01T12:58:58.475+0530] {processor.py:842} WARNING - No viable dags retrieved from /home/logi/txtai/venv/lib/python3.10/site-packages/airflow/example_dags/example_kubernetes_executor.py
[2025-11-01T12:58:58.491+0530] {processor.py:183} INFO - Processing /home/logi/txtai/venv/lib/python3.10/site-packages/airflow/example_dags/example_kubernetes_executor.py took 0.047 seconds
[2025-11-01T13:00:16.229+0530] {processor.py:161} INFO - Started process (PID=9118) to work on /home/logi/txtai/venv/lib/python3.10/site-packages/airflow/example_dags/example_kubernetes_executor.py
[2025-11-01T13:00:16.242+0530] {processor.py:830} INFO - Processing file /home/logi/txtai/venv/lib/python3.10/site-packages/airflow/example_dags/example_kubernetes_executor.py for tasks to queue
[2025-11-01T13:00:16.244+0530] {logging_mixin.py:188} INFO - [2025-11-01T13:00:16.244+0530] {dagbag.py:545} INFO - Filling up the DagBag from /home/logi/txtai/venv/lib/python3.10/site-packages/airflow/example_dags/example_kubernetes_executor.py
[2025-11-01T13:00:16.247+0530] {logging_mixin.py:188} INFO - [2025-11-01T13:00:16.247+0530] {example_kubernetes_executor.py:39} WARNING - The example_kubernetes_executor example DAG requires the kubernetes provider. Please install it with: pip install apache-airflow[cncf.kubernetes]
[2025-11-01T13:00:16.247+0530] {processor.py:842} WARNING - No viable dags retrieved from /home/logi/txtai/venv/lib/python3.10/site-packages/airflow/example_dags/example_kubernetes_executor.py
[2025-11-01T13:00:16.264+0530] {processor.py:183} INFO - Processing /home/logi/txtai/venv/lib/python3.10/site-packages/airflow/example_dags/example_kubernetes_executor.py took 0.041 seconds
[2025-11-01T13:01:13.049+0530] {processor.py:161} INFO - Started process (PID=9208) to work on /home/logi/txtai/venv/lib/python3.10/site-packages/airflow/example_dags/example_kubernetes_executor.py
[2025-11-01T13:01:13.062+0530] {processor.py:830} INFO - Processing file /home/logi/txtai/venv/lib/python3.10/site-packages/airflow/example_dags/example_kubernetes_executor.py for tasks to queue
[2025-11-01T13:01:13.066+0530] {logging_mixin.py:188} INFO - [2025-11-01T13:01:13.065+0530] {dagbag.py:545} INFO - Filling up the DagBag from /home/logi/txtai/venv/lib/python3.10/site-packages/airflow/example_dags/example_kubernetes_executor.py
[2025-11-01T13:01:13.070+0530] {logging_mixin.py:188} INFO - [2025-11-01T13:01:13.070+0530] {example_kubernetes_executor.py:39} WARNING - The example_kubernetes_executor example DAG requires the kubernetes provider. Please install it with: pip install apache-airflow[cncf.kubernetes]
[2025-11-01T13:01:13.071+0530] {processor.py:842} WARNING - No viable dags retrieved from /home/logi/txtai/venv/lib/python3.10/site-packages/airflow/example_dags/example_kubernetes_executor.py
[2025-11-01T13:01:13.088+0530] {processor.py:183} INFO - Processing /home/logi/txtai/venv/lib/python3.10/site-packages/airflow/example_dags/example_kubernetes_executor.py took 0.049 seconds
[2025-11-01T13:02:13.265+0530] {processor.py:161} INFO - Started process (PID=9494) to work on /home/logi/txtai/venv/lib/python3.10/site-packages/airflow/example_dags/example_kubernetes_executor.py
[2025-11-01T13:02:13.267+0530] {processor.py:830} INFO - Processing file /home/logi/txtai/venv/lib/python3.10/site-packages/airflow/example_dags/example_kubernetes_executor.py for tasks to queue
[2025-11-01T13:02:13.269+0530] {logging_mixin.py:188} INFO - [2025-11-01T13:02:13.268+0530] {dagbag.py:545} INFO - Filling up the DagBag from /home/logi/txtai/venv/lib/python3.10/site-packages/airflow/example_dags/example_kubernetes_executor.py
[2025-11-01T13:02:13.274+0530] {logging_mixin.py:188} INFO - [2025-11-01T13:02:13.274+0530] {example_kubernetes_executor.py:39} WARNING - The example_kubernetes_executor example DAG requires the kubernetes provider. Please install it with: pip install apache-airflow[cncf.kubernetes]
[2025-11-01T13:02:13.275+0530] {processor.py:842} WARNING - No viable dags retrieved from /home/logi/txtai/venv/lib/python3.10/site-packages/airflow/example_dags/example_kubernetes_executor.py
[2025-11-01T13:02:13.287+0530] {processor.py:183} INFO - Processing /home/logi/txtai/venv/lib/python3.10/site-packages/airflow/example_dags/example_kubernetes_executor.py took 0.029 seconds
[2025-11-01T13:03:12.613+0530] {processor.py:161} INFO - Started process (PID=9690) to work on /home/logi/txtai/venv/lib/python3.10/site-packages/airflow/example_dags/example_kubernetes_executor.py
[2025-11-01T13:03:12.626+0530] {processor.py:830} INFO - Processing file /home/logi/txtai/venv/lib/python3.10/site-packages/airflow/example_dags/example_kubernetes_executor.py for tasks to queue
[2025-11-01T13:03:12.630+0530] {logging_mixin.py:188} INFO - [2025-11-01T13:03:12.629+0530] {dagbag.py:545} INFO - Filling up the DagBag from /home/logi/txtai/venv/lib/python3.10/site-packages/airflow/example_dags/example_kubernetes_executor.py
[2025-11-01T13:03:12.634+0530] {logging_mixin.py:188} INFO - [2025-11-01T13:03:12.634+0530] {example_kubernetes_executor.py:39} WARNING - The example_kubernetes_executor example DAG requires the kubernetes provider. Please install it with: pip install apache-airflow[cncf.kubernetes]
[2025-11-01T13:03:12.634+0530] {processor.py:842} WARNING - No viable dags retrieved from /home/logi/txtai/venv/lib/python3.10/site-packages/airflow/example_dags/example_kubernetes_executor.py
[2025-11-01T13:03:12.644+0530] {processor.py:183} INFO - Processing /home/logi/txtai/venv/lib/python3.10/site-packages/airflow/example_dags/example_kubernetes_executor.py took 0.039 seconds
[2025-11-01T13:04:43.275+0530] {processor.py:161} INFO - Started process (PID=10070) to work on /home/logi/txtai/venv/lib/python3.10/site-packages/airflow/example_dags/example_kubernetes_executor.py
[2025-11-01T13:04:43.289+0530] {processor.py:830} INFO - Processing file /home/logi/txtai/venv/lib/python3.10/site-packages/airflow/example_dags/example_kubernetes_executor.py for tasks to queue
[2025-11-01T13:04:43.292+0530] {logging_mixin.py:188} INFO - [2025-11-01T13:04:43.291+0530] {dagbag.py:545} INFO - Filling up the DagBag from /home/logi/txtai/venv/lib/python3.10/site-packages/airflow/example_dags/example_kubernetes_executor.py
[2025-11-01T13:04:43.296+0530] {logging_mixin.py:188} INFO - [2025-11-01T13:04:43.296+0530] {example_kubernetes_executor.py:39} WARNING - The example_kubernetes_executor example DAG requires the kubernetes provider. Please install it with: pip install apache-airflow[cncf.kubernetes]
[2025-11-01T13:04:43.296+0530] {processor.py:842} WARNING - No viable dags retrieved from /home/logi/txtai/venv/lib/python3.10/site-packages/airflow/example_dags/example_kubernetes_executor.py
[2025-11-01T13:04:43.313+0530] {processor.py:183} INFO - Processing /home/logi/txtai/venv/lib/python3.10/site-packages/airflow/example_dags/example_kubernetes_executor.py took 0.047 seconds
[2025-11-01T13:05:38.287+0530] {processor.py:161} INFO - Started process (PID=10191) to work on /home/logi/txtai/venv/lib/python3.10/site-packages/airflow/example_dags/example_kubernetes_executor.py
[2025-11-01T13:05:38.300+0530] {processor.py:830} INFO - Processing file /home/logi/txtai/venv/lib/python3.10/site-packages/airflow/example_dags/example_kubernetes_executor.py for tasks to queue
[2025-11-01T13:05:38.302+0530] {logging_mixin.py:188} INFO - [2025-11-01T13:05:38.302+0530] {dagbag.py:545} INFO - Filling up the DagBag from /home/logi/txtai/venv/lib/python3.10/site-packages/airflow/example_dags/example_kubernetes_executor.py
[2025-11-01T13:05:38.305+0530] {logging_mixin.py:188} INFO - [2025-11-01T13:05:38.305+0530] {example_kubernetes_executor.py:39} WARNING - The example_kubernetes_executor example DAG requires the kubernetes provider. Please install it with: pip install apache-airflow[cncf.kubernetes]
[2025-11-01T13:05:38.305+0530] {processor.py:842} WARNING - No viable dags retrieved from /home/logi/txtai/venv/lib/python3.10/site-packages/airflow/example_dags/example_kubernetes_executor.py
[2025-11-01T13:05:38.316+0530] {processor.py:183} INFO - Processing /home/logi/txtai/venv/lib/python3.10/site-packages/airflow/example_dags/example_kubernetes_executor.py took 0.036 seconds
[2025-11-01T13:06:34.203+0530] {processor.py:161} INFO - Started process (PID=10437) to work on /home/logi/txtai/venv/lib/python3.10/site-packages/airflow/example_dags/example_kubernetes_executor.py
[2025-11-01T13:06:34.215+0530] {processor.py:830} INFO - Processing file /home/logi/txtai/venv/lib/python3.10/site-packages/airflow/example_dags/example_kubernetes_executor.py for tasks to queue
[2025-11-01T13:06:34.217+0530] {logging_mixin.py:188} INFO - [2025-11-01T13:06:34.217+0530] {dagbag.py:545} INFO - Filling up the DagBag from /home/logi/txtai/venv/lib/python3.10/site-packages/airflow/example_dags/example_kubernetes_executor.py
[2025-11-01T13:06:34.221+0530] {logging_mixin.py:188} INFO - [2025-11-01T13:06:34.221+0530] {example_kubernetes_executor.py:39} WARNING - The example_kubernetes_executor example DAG requires the kubernetes provider. Please install it with: pip install apache-airflow[cncf.kubernetes]
[2025-11-01T13:06:34.221+0530] {processor.py:842} WARNING - No viable dags retrieved from /home/logi/txtai/venv/lib/python3.10/site-packages/airflow/example_dags/example_kubernetes_executor.py
[2025-11-01T13:06:34.234+0530] {processor.py:183} INFO - Processing /home/logi/txtai/venv/lib/python3.10/site-packages/airflow/example_dags/example_kubernetes_executor.py took 0.040 seconds
[2025-11-01T13:07:28.742+0530] {processor.py:161} INFO - Started process (PID=10562) to work on /home/logi/txtai/venv/lib/python3.10/site-packages/airflow/example_dags/example_kubernetes_executor.py
[2025-11-01T13:07:28.743+0530] {processor.py:830} INFO - Processing file /home/logi/txtai/venv/lib/python3.10/site-packages/airflow/example_dags/example_kubernetes_executor.py for tasks to queue
[2025-11-01T13:07:28.745+0530] {logging_mixin.py:188} INFO - [2025-11-01T13:07:28.745+0530] {dagbag.py:545} INFO - Filling up the DagBag from /home/logi/txtai/venv/lib/python3.10/site-packages/airflow/example_dags/example_kubernetes_executor.py
[2025-11-01T13:07:28.748+0530] {logging_mixin.py:188} INFO - [2025-11-01T13:07:28.747+0530] {example_kubernetes_executor.py:39} WARNING - The example_kubernetes_executor example DAG requires the kubernetes provider. Please install it with: pip install apache-airflow[cncf.kubernetes]
[2025-11-01T13:07:28.748+0530] {processor.py:842} WARNING - No viable dags retrieved from /home/logi/txtai/venv/lib/python3.10/site-packages/airflow/example_dags/example_kubernetes_executor.py
[2025-11-01T13:07:28.764+0530] {processor.py:183} INFO - Processing /home/logi/txtai/venv/lib/python3.10/site-packages/airflow/example_dags/example_kubernetes_executor.py took 0.030 seconds
[2025-11-01T13:08:48.338+0530] {processor.py:161} INFO - Started process (PID=11033) to work on /home/logi/txtai/venv/lib/python3.10/site-packages/airflow/example_dags/example_kubernetes_executor.py
[2025-11-01T13:08:48.351+0530] {processor.py:830} INFO - Processing file /home/logi/txtai/venv/lib/python3.10/site-packages/airflow/example_dags/example_kubernetes_executor.py for tasks to queue
[2025-11-01T13:08:48.354+0530] {logging_mixin.py:188} INFO - [2025-11-01T13:08:48.353+0530] {dagbag.py:545} INFO - Filling up the DagBag from /home/logi/txtai/venv/lib/python3.10/site-packages/airflow/example_dags/example_kubernetes_executor.py
[2025-11-01T13:08:48.359+0530] {logging_mixin.py:188} INFO - [2025-11-01T13:08:48.358+0530] {example_kubernetes_executor.py:39} WARNING - The example_kubernetes_executor example DAG requires the kubernetes provider. Please install it with: pip install apache-airflow[cncf.kubernetes]
[2025-11-01T13:08:48.359+0530] {processor.py:842} WARNING - No viable dags retrieved from /home/logi/txtai/venv/lib/python3.10/site-packages/airflow/example_dags/example_kubernetes_executor.py
[2025-11-01T13:08:48.377+0530] {processor.py:183} INFO - Processing /home/logi/txtai/venv/lib/python3.10/site-packages/airflow/example_dags/example_kubernetes_executor.py took 0.048 seconds
[2025-11-01T13:09:43.095+0530] {processor.py:161} INFO - Started process (PID=11204) to work on /home/logi/txtai/venv/lib/python3.10/site-packages/airflow/example_dags/example_kubernetes_executor.py
[2025-11-01T13:09:43.108+0530] {processor.py:830} INFO - Processing file /home/logi/txtai/venv/lib/python3.10/site-packages/airflow/example_dags/example_kubernetes_executor.py for tasks to queue
[2025-11-01T13:09:43.112+0530] {logging_mixin.py:188} INFO - [2025-11-01T13:09:43.110+0530] {dagbag.py:545} INFO - Filling up the DagBag from /home/logi/txtai/venv/lib/python3.10/site-packages/airflow/example_dags/example_kubernetes_executor.py
[2025-11-01T13:09:43.119+0530] {logging_mixin.py:188} INFO - [2025-11-01T13:09:43.119+0530] {example_kubernetes_executor.py:39} WARNING - The example_kubernetes_executor example DAG requires the kubernetes provider. Please install it with: pip install apache-airflow[cncf.kubernetes]
[2025-11-01T13:09:43.120+0530] {processor.py:842} WARNING - No viable dags retrieved from /home/logi/txtai/venv/lib/python3.10/site-packages/airflow/example_dags/example_kubernetes_executor.py
[2025-11-01T13:09:43.128+0530] {processor.py:183} INFO - Processing /home/logi/txtai/venv/lib/python3.10/site-packages/airflow/example_dags/example_kubernetes_executor.py took 0.038 seconds
[2025-11-01T13:10:39.026+0530] {processor.py:161} INFO - Started process (PID=11412) to work on /home/logi/txtai/venv/lib/python3.10/site-packages/airflow/example_dags/example_kubernetes_executor.py
[2025-11-01T13:10:39.039+0530] {processor.py:830} INFO - Processing file /home/logi/txtai/venv/lib/python3.10/site-packages/airflow/example_dags/example_kubernetes_executor.py for tasks to queue
[2025-11-01T13:10:39.042+0530] {logging_mixin.py:188} INFO - [2025-11-01T13:10:39.041+0530] {dagbag.py:545} INFO - Filling up the DagBag from /home/logi/txtai/venv/lib/python3.10/site-packages/airflow/example_dags/example_kubernetes_executor.py
[2025-11-01T13:10:39.046+0530] {logging_mixin.py:188} INFO - [2025-11-01T13:10:39.046+0530] {example_kubernetes_executor.py:39} WARNING - The example_kubernetes_executor example DAG requires the kubernetes provider. Please install it with: pip install apache-airflow[cncf.kubernetes]
[2025-11-01T13:10:39.047+0530] {processor.py:842} WARNING - No viable dags retrieved from /home/logi/txtai/venv/lib/python3.10/site-packages/airflow/example_dags/example_kubernetes_executor.py
[2025-11-01T13:10:39.056+0530] {processor.py:183} INFO - Processing /home/logi/txtai/venv/lib/python3.10/site-packages/airflow/example_dags/example_kubernetes_executor.py took 0.036 seconds
[2025-11-01T13:11:50.397+0530] {processor.py:161} INFO - Started process (PID=11579) to work on /home/logi/txtai/venv/lib/python3.10/site-packages/airflow/example_dags/example_kubernetes_executor.py
[2025-11-01T13:11:50.410+0530] {processor.py:830} INFO - Processing file /home/logi/txtai/venv/lib/python3.10/site-packages/airflow/example_dags/example_kubernetes_executor.py for tasks to queue
[2025-11-01T13:11:50.413+0530] {logging_mixin.py:188} INFO - [2025-11-01T13:11:50.412+0530] {dagbag.py:545} INFO - Filling up the DagBag from /home/logi/txtai/venv/lib/python3.10/site-packages/airflow/example_dags/example_kubernetes_executor.py
[2025-11-01T13:11:50.423+0530] {logging_mixin.py:188} INFO - [2025-11-01T13:11:50.422+0530] {example_kubernetes_executor.py:39} WARNING - The example_kubernetes_executor example DAG requires the kubernetes provider. Please install it with: pip install apache-airflow[cncf.kubernetes]
[2025-11-01T13:11:50.423+0530] {processor.py:842} WARNING - No viable dags retrieved from /home/logi/txtai/venv/lib/python3.10/site-packages/airflow/example_dags/example_kubernetes_executor.py
[2025-11-01T13:11:50.440+0530] {processor.py:183} INFO - Processing /home/logi/txtai/venv/lib/python3.10/site-packages/airflow/example_dags/example_kubernetes_executor.py took 0.053 seconds
[2025-11-01T13:12:48.752+0530] {processor.py:161} INFO - Started process (PID=11831) to work on /home/logi/txtai/venv/lib/python3.10/site-packages/airflow/example_dags/example_kubernetes_executor.py
[2025-11-01T13:12:48.765+0530] {processor.py:830} INFO - Processing file /home/logi/txtai/venv/lib/python3.10/site-packages/airflow/example_dags/example_kubernetes_executor.py for tasks to queue
[2025-11-01T13:12:48.768+0530] {logging_mixin.py:188} INFO - [2025-11-01T13:12:48.767+0530] {dagbag.py:545} INFO - Filling up the DagBag from /home/logi/txtai/venv/lib/python3.10/site-packages/airflow/example_dags/example_kubernetes_executor.py
[2025-11-01T13:12:48.772+0530] {logging_mixin.py:188} INFO - [2025-11-01T13:12:48.772+0530] {example_kubernetes_executor.py:39} WARNING - The example_kubernetes_executor example DAG requires the kubernetes provider. Please install it with: pip install apache-airflow[cncf.kubernetes]
[2025-11-01T13:12:48.773+0530] {processor.py:842} WARNING - No viable dags retrieved from /home/logi/txtai/venv/lib/python3.10/site-packages/airflow/example_dags/example_kubernetes_executor.py
[2025-11-01T13:12:48.790+0530] {processor.py:183} INFO - Processing /home/logi/txtai/venv/lib/python3.10/site-packages/airflow/example_dags/example_kubernetes_executor.py took 0.049 seconds
[2025-11-01T13:14:01.226+0530] {processor.py:161} INFO - Started process (PID=12034) to work on /home/logi/txtai/venv/lib/python3.10/site-packages/airflow/example_dags/example_kubernetes_executor.py
[2025-11-01T13:14:01.238+0530] {processor.py:830} INFO - Processing file /home/logi/txtai/venv/lib/python3.10/site-packages/airflow/example_dags/example_kubernetes_executor.py for tasks to queue
[2025-11-01T13:14:01.241+0530] {logging_mixin.py:188} INFO - [2025-11-01T13:14:01.240+0530] {dagbag.py:545} INFO - Filling up the DagBag from /home/logi/txtai/venv/lib/python3.10/site-packages/airflow/example_dags/example_kubernetes_executor.py
[2025-11-01T13:14:01.245+0530] {logging_mixin.py:188} INFO - [2025-11-01T13:14:01.244+0530] {example_kubernetes_executor.py:39} WARNING - The example_kubernetes_executor example DAG requires the kubernetes provider. Please install it with: pip install apache-airflow[cncf.kubernetes]
[2025-11-01T13:14:01.245+0530] {processor.py:842} WARNING - No viable dags retrieved from /home/logi/txtai/venv/lib/python3.10/site-packages/airflow/example_dags/example_kubernetes_executor.py
[2025-11-01T13:14:01.257+0530] {processor.py:183} INFO - Processing /home/logi/txtai/venv/lib/python3.10/site-packages/airflow/example_dags/example_kubernetes_executor.py took 0.037 seconds
