[2025-11-01T12:49:15.895+0530] {processor.py:161} INFO - Started process (PID=6959) to work on /home/logi/txtai/venv/lib/python3.10/site-packages/airflow/example_dags/example_setup_teardown_taskflow.py
[2025-11-01T12:49:15.897+0530] {processor.py:830} INFO - Processing file /home/logi/txtai/venv/lib/python3.10/site-packages/airflow/example_dags/example_setup_teardown_taskflow.py for tasks to queue
[2025-11-01T12:49:15.900+0530] {logging_mixin.py:188} INFO - [2025-11-01T12:49:15.899+0530] {dagbag.py:545} INFO - Filling up the DagBag from /home/logi/txtai/venv/lib/python3.10/site-packages/airflow/example_dags/example_setup_teardown_taskflow.py
[2025-11-01T12:49:15.914+0530] {processor.py:840} INFO - DAG(s) 'example_setup_teardown_taskflow' retrieved from /home/logi/txtai/venv/lib/python3.10/site-packages/airflow/example_dags/example_setup_teardown_taskflow.py
[2025-11-01T12:49:15.932+0530] {logging_mixin.py:188} INFO - [2025-11-01T12:49:15.932+0530] {dag.py:3089} INFO - Sync 1 DAGs
[2025-11-01T12:49:15.947+0530] {logging_mixin.py:188} INFO - [2025-11-01T12:49:15.947+0530] {dag.py:3947} INFO - Setting next_dagrun for example_setup_teardown_taskflow to 2025-10-31 00:00:00+00:00, run_after=2025-11-01 00:00:00+00:00
[2025-11-01T12:49:15.975+0530] {processor.py:183} INFO - Processing /home/logi/txtai/venv/lib/python3.10/site-packages/airflow/example_dags/example_setup_teardown_taskflow.py took 0.092 seconds
[2025-11-01T12:50:22.000+0530] {processor.py:161} INFO - Started process (PID=7202) to work on /home/logi/txtai/venv/lib/python3.10/site-packages/airflow/example_dags/example_setup_teardown_taskflow.py
[2025-11-01T12:50:22.013+0530] {processor.py:830} INFO - Processing file /home/logi/txtai/venv/lib/python3.10/site-packages/airflow/example_dags/example_setup_teardown_taskflow.py for tasks to queue
[2025-11-01T12:50:22.016+0530] {logging_mixin.py:188} INFO - [2025-11-01T12:50:22.016+0530] {dagbag.py:545} INFO - Filling up the DagBag from /home/logi/txtai/venv/lib/python3.10/site-packages/airflow/example_dags/example_setup_teardown_taskflow.py
[2025-11-01T12:50:22.031+0530] {processor.py:840} INFO - DAG(s) 'example_setup_teardown_taskflow' retrieved from /home/logi/txtai/venv/lib/python3.10/site-packages/airflow/example_dags/example_setup_teardown_taskflow.py
[2025-11-01T12:50:22.045+0530] {logging_mixin.py:188} INFO - [2025-11-01T12:50:22.045+0530] {dag.py:3089} INFO - Sync 1 DAGs
[2025-11-01T12:50:22.062+0530] {logging_mixin.py:188} INFO - [2025-11-01T12:50:22.062+0530] {dag.py:3947} INFO - Setting next_dagrun for example_setup_teardown_taskflow to 2025-10-31 00:00:00+00:00, run_after=2025-11-01 00:00:00+00:00
[2025-11-01T12:50:22.079+0530] {processor.py:183} INFO - Processing /home/logi/txtai/venv/lib/python3.10/site-packages/airflow/example_dags/example_setup_teardown_taskflow.py took 0.084 seconds
[2025-11-01T12:51:30.110+0530] {processor.py:161} INFO - Started process (PID=7492) to work on /home/logi/txtai/venv/lib/python3.10/site-packages/airflow/example_dags/example_setup_teardown_taskflow.py
[2025-11-01T12:51:30.126+0530] {processor.py:830} INFO - Processing file /home/logi/txtai/venv/lib/python3.10/site-packages/airflow/example_dags/example_setup_teardown_taskflow.py for tasks to queue
[2025-11-01T12:51:30.130+0530] {logging_mixin.py:188} INFO - [2025-11-01T12:51:30.129+0530] {dagbag.py:545} INFO - Filling up the DagBag from /home/logi/txtai/venv/lib/python3.10/site-packages/airflow/example_dags/example_setup_teardown_taskflow.py
[2025-11-01T12:51:30.148+0530] {processor.py:840} INFO - DAG(s) 'example_setup_teardown_taskflow' retrieved from /home/logi/txtai/venv/lib/python3.10/site-packages/airflow/example_dags/example_setup_teardown_taskflow.py
[2025-11-01T12:51:30.195+0530] {logging_mixin.py:188} INFO - [2025-11-01T12:51:30.194+0530] {dag.py:3089} INFO - Sync 1 DAGs
[2025-11-01T12:51:30.220+0530] {logging_mixin.py:188} INFO - [2025-11-01T12:51:30.220+0530] {dag.py:3947} INFO - Setting next_dagrun for example_setup_teardown_taskflow to 2025-10-31 00:00:00+00:00, run_after=2025-11-01 00:00:00+00:00
[2025-11-01T12:51:30.249+0530] {processor.py:183} INFO - Processing /home/logi/txtai/venv/lib/python3.10/site-packages/airflow/example_dags/example_setup_teardown_taskflow.py took 0.165 seconds
[2025-11-01T12:52:35.258+0530] {processor.py:161} INFO - Started process (PID=7866) to work on /home/logi/txtai/venv/lib/python3.10/site-packages/airflow/example_dags/example_setup_teardown_taskflow.py
[2025-11-01T12:52:35.261+0530] {processor.py:830} INFO - Processing file /home/logi/txtai/venv/lib/python3.10/site-packages/airflow/example_dags/example_setup_teardown_taskflow.py for tasks to queue
[2025-11-01T12:52:35.263+0530] {logging_mixin.py:188} INFO - [2025-11-01T12:52:35.263+0530] {dagbag.py:545} INFO - Filling up the DagBag from /home/logi/txtai/venv/lib/python3.10/site-packages/airflow/example_dags/example_setup_teardown_taskflow.py
[2025-11-01T12:52:35.278+0530] {processor.py:840} INFO - DAG(s) 'example_setup_teardown_taskflow' retrieved from /home/logi/txtai/venv/lib/python3.10/site-packages/airflow/example_dags/example_setup_teardown_taskflow.py
[2025-11-01T12:52:35.299+0530] {logging_mixin.py:188} INFO - [2025-11-01T12:52:35.299+0530] {dag.py:3089} INFO - Sync 1 DAGs
[2025-11-01T12:52:35.313+0530] {logging_mixin.py:188} INFO - [2025-11-01T12:52:35.313+0530] {dag.py:3947} INFO - Setting next_dagrun for example_setup_teardown_taskflow to 2025-10-31 00:00:00+00:00, run_after=2025-11-01 00:00:00+00:00
[2025-11-01T12:52:35.332+0530] {processor.py:183} INFO - Processing /home/logi/txtai/venv/lib/python3.10/site-packages/airflow/example_dags/example_setup_teardown_taskflow.py took 0.085 seconds
[2025-11-01T12:53:28.517+0530] {processor.py:161} INFO - Started process (PID=7949) to work on /home/logi/txtai/venv/lib/python3.10/site-packages/airflow/example_dags/example_setup_teardown_taskflow.py
[2025-11-01T12:53:28.532+0530] {processor.py:830} INFO - Processing file /home/logi/txtai/venv/lib/python3.10/site-packages/airflow/example_dags/example_setup_teardown_taskflow.py for tasks to queue
[2025-11-01T12:53:28.535+0530] {logging_mixin.py:188} INFO - [2025-11-01T12:53:28.534+0530] {dagbag.py:545} INFO - Filling up the DagBag from /home/logi/txtai/venv/lib/python3.10/site-packages/airflow/example_dags/example_setup_teardown_taskflow.py
[2025-11-01T12:53:28.560+0530] {processor.py:840} INFO - DAG(s) 'example_setup_teardown_taskflow' retrieved from /home/logi/txtai/venv/lib/python3.10/site-packages/airflow/example_dags/example_setup_teardown_taskflow.py
[2025-11-01T12:53:28.596+0530] {logging_mixin.py:188} INFO - [2025-11-01T12:53:28.596+0530] {dag.py:3089} INFO - Sync 1 DAGs
[2025-11-01T12:53:28.627+0530] {logging_mixin.py:188} INFO - [2025-11-01T12:53:28.627+0530] {dag.py:3947} INFO - Setting next_dagrun for example_setup_teardown_taskflow to 2025-10-31 00:00:00+00:00, run_after=2025-11-01 00:00:00+00:00
[2025-11-01T12:53:28.661+0530] {processor.py:183} INFO - Processing /home/logi/txtai/venv/lib/python3.10/site-packages/airflow/example_dags/example_setup_teardown_taskflow.py took 0.164 seconds
[2025-11-01T12:54:24.317+0530] {processor.py:161} INFO - Started process (PID=8182) to work on /home/logi/txtai/venv/lib/python3.10/site-packages/airflow/example_dags/example_setup_teardown_taskflow.py
[2025-11-01T12:54:24.330+0530] {processor.py:830} INFO - Processing file /home/logi/txtai/venv/lib/python3.10/site-packages/airflow/example_dags/example_setup_teardown_taskflow.py for tasks to queue
[2025-11-01T12:54:24.332+0530] {logging_mixin.py:188} INFO - [2025-11-01T12:54:24.332+0530] {dagbag.py:545} INFO - Filling up the DagBag from /home/logi/txtai/venv/lib/python3.10/site-packages/airflow/example_dags/example_setup_teardown_taskflow.py
[2025-11-01T12:54:24.341+0530] {processor.py:840} INFO - DAG(s) 'example_setup_teardown_taskflow' retrieved from /home/logi/txtai/venv/lib/python3.10/site-packages/airflow/example_dags/example_setup_teardown_taskflow.py
[2025-11-01T12:54:24.355+0530] {logging_mixin.py:188} INFO - [2025-11-01T12:54:24.354+0530] {dag.py:3089} INFO - Sync 1 DAGs
[2025-11-01T12:54:24.371+0530] {logging_mixin.py:188} INFO - [2025-11-01T12:54:24.371+0530] {dag.py:3947} INFO - Setting next_dagrun for example_setup_teardown_taskflow to 2025-10-31 00:00:00+00:00, run_after=2025-11-01 00:00:00+00:00
[2025-11-01T12:54:24.389+0530] {processor.py:183} INFO - Processing /home/logi/txtai/venv/lib/python3.10/site-packages/airflow/example_dags/example_setup_teardown_taskflow.py took 0.078 seconds
[2025-11-01T12:55:16.818+0530] {processor.py:161} INFO - Started process (PID=8262) to work on /home/logi/txtai/venv/lib/python3.10/site-packages/airflow/example_dags/example_setup_teardown_taskflow.py
[2025-11-01T12:55:16.831+0530] {processor.py:830} INFO - Processing file /home/logi/txtai/venv/lib/python3.10/site-packages/airflow/example_dags/example_setup_teardown_taskflow.py for tasks to queue
[2025-11-01T12:55:16.833+0530] {logging_mixin.py:188} INFO - [2025-11-01T12:55:16.833+0530] {dagbag.py:545} INFO - Filling up the DagBag from /home/logi/txtai/venv/lib/python3.10/site-packages/airflow/example_dags/example_setup_teardown_taskflow.py
[2025-11-01T12:55:16.848+0530] {processor.py:840} INFO - DAG(s) 'example_setup_teardown_taskflow' retrieved from /home/logi/txtai/venv/lib/python3.10/site-packages/airflow/example_dags/example_setup_teardown_taskflow.py
[2025-11-01T12:55:16.876+0530] {logging_mixin.py:188} INFO - [2025-11-01T12:55:16.875+0530] {dag.py:3089} INFO - Sync 1 DAGs
[2025-11-01T12:55:16.894+0530] {logging_mixin.py:188} INFO - [2025-11-01T12:55:16.893+0530] {dag.py:3947} INFO - Setting next_dagrun for example_setup_teardown_taskflow to 2025-10-31 00:00:00+00:00, run_after=2025-11-01 00:00:00+00:00
[2025-11-01T12:55:16.920+0530] {processor.py:183} INFO - Processing /home/logi/txtai/venv/lib/python3.10/site-packages/airflow/example_dags/example_setup_teardown_taskflow.py took 0.112 seconds
[2025-11-01T12:56:22.091+0530] {processor.py:161} INFO - Started process (PID=8520) to work on /home/logi/txtai/venv/lib/python3.10/site-packages/airflow/example_dags/example_setup_teardown_taskflow.py
[2025-11-01T12:56:22.094+0530] {processor.py:830} INFO - Processing file /home/logi/txtai/venv/lib/python3.10/site-packages/airflow/example_dags/example_setup_teardown_taskflow.py for tasks to queue
[2025-11-01T12:56:22.096+0530] {logging_mixin.py:188} INFO - [2025-11-01T12:56:22.096+0530] {dagbag.py:545} INFO - Filling up the DagBag from /home/logi/txtai/venv/lib/python3.10/site-packages/airflow/example_dags/example_setup_teardown_taskflow.py
[2025-11-01T12:56:22.112+0530] {processor.py:840} INFO - DAG(s) 'example_setup_teardown_taskflow' retrieved from /home/logi/txtai/venv/lib/python3.10/site-packages/airflow/example_dags/example_setup_teardown_taskflow.py
[2025-11-01T12:56:22.134+0530] {logging_mixin.py:188} INFO - [2025-11-01T12:56:22.134+0530] {dag.py:3089} INFO - Sync 1 DAGs
[2025-11-01T12:56:22.148+0530] {logging_mixin.py:188} INFO - [2025-11-01T12:56:22.148+0530] {dag.py:3947} INFO - Setting next_dagrun for example_setup_teardown_taskflow to 2025-10-31 00:00:00+00:00, run_after=2025-11-01 00:00:00+00:00
[2025-11-01T12:56:22.167+0530] {processor.py:183} INFO - Processing /home/logi/txtai/venv/lib/python3.10/site-packages/airflow/example_dags/example_setup_teardown_taskflow.py took 0.090 seconds
[2025-11-01T12:57:15.735+0530] {processor.py:161} INFO - Started process (PID=8602) to work on /home/logi/txtai/venv/lib/python3.10/site-packages/airflow/example_dags/example_setup_teardown_taskflow.py
[2025-11-01T12:57:15.749+0530] {processor.py:830} INFO - Processing file /home/logi/txtai/venv/lib/python3.10/site-packages/airflow/example_dags/example_setup_teardown_taskflow.py for tasks to queue
[2025-11-01T12:57:15.752+0530] {logging_mixin.py:188} INFO - [2025-11-01T12:57:15.751+0530] {dagbag.py:545} INFO - Filling up the DagBag from /home/logi/txtai/venv/lib/python3.10/site-packages/airflow/example_dags/example_setup_teardown_taskflow.py
[2025-11-01T12:57:15.772+0530] {processor.py:840} INFO - DAG(s) 'example_setup_teardown_taskflow' retrieved from /home/logi/txtai/venv/lib/python3.10/site-packages/airflow/example_dags/example_setup_teardown_taskflow.py
[2025-11-01T12:57:15.807+0530] {logging_mixin.py:188} INFO - [2025-11-01T12:57:15.806+0530] {dag.py:3089} INFO - Sync 1 DAGs
[2025-11-01T12:57:15.824+0530] {logging_mixin.py:188} INFO - [2025-11-01T12:57:15.824+0530] {dag.py:3947} INFO - Setting next_dagrun for example_setup_teardown_taskflow to 2025-10-31 00:00:00+00:00, run_after=2025-11-01 00:00:00+00:00
[2025-11-01T12:57:15.847+0530] {processor.py:183} INFO - Processing /home/logi/txtai/venv/lib/python3.10/site-packages/airflow/example_dags/example_setup_teardown_taskflow.py took 0.122 seconds
[2025-11-01T12:58:11.644+0530] {processor.py:161} INFO - Started process (PID=8771) to work on /home/logi/txtai/venv/lib/python3.10/site-packages/airflow/example_dags/example_setup_teardown_taskflow.py
[2025-11-01T12:58:11.645+0530] {processor.py:830} INFO - Processing file /home/logi/txtai/venv/lib/python3.10/site-packages/airflow/example_dags/example_setup_teardown_taskflow.py for tasks to queue
[2025-11-01T12:58:11.647+0530] {logging_mixin.py:188} INFO - [2025-11-01T12:58:11.647+0530] {dagbag.py:545} INFO - Filling up the DagBag from /home/logi/txtai/venv/lib/python3.10/site-packages/airflow/example_dags/example_setup_teardown_taskflow.py
[2025-11-01T12:58:11.655+0530] {processor.py:840} INFO - DAG(s) 'example_setup_teardown_taskflow' retrieved from /home/logi/txtai/venv/lib/python3.10/site-packages/airflow/example_dags/example_setup_teardown_taskflow.py
[2025-11-01T12:58:11.670+0530] {logging_mixin.py:188} INFO - [2025-11-01T12:58:11.670+0530] {dag.py:3089} INFO - Sync 1 DAGs
[2025-11-01T12:58:11.686+0530] {logging_mixin.py:188} INFO - [2025-11-01T12:58:11.685+0530] {dag.py:3947} INFO - Setting next_dagrun for example_setup_teardown_taskflow to 2025-10-31 00:00:00+00:00, run_after=2025-11-01 00:00:00+00:00
[2025-11-01T12:58:11.703+0530] {processor.py:183} INFO - Processing /home/logi/txtai/venv/lib/python3.10/site-packages/airflow/example_dags/example_setup_teardown_taskflow.py took 0.064 seconds
[2025-11-01T12:59:05.908+0530] {processor.py:161} INFO - Started process (PID=8902) to work on /home/logi/txtai/venv/lib/python3.10/site-packages/airflow/example_dags/example_setup_teardown_taskflow.py
[2025-11-01T12:59:05.910+0530] {processor.py:830} INFO - Processing file /home/logi/txtai/venv/lib/python3.10/site-packages/airflow/example_dags/example_setup_teardown_taskflow.py for tasks to queue
[2025-11-01T12:59:05.911+0530] {logging_mixin.py:188} INFO - [2025-11-01T12:59:05.911+0530] {dagbag.py:545} INFO - Filling up the DagBag from /home/logi/txtai/venv/lib/python3.10/site-packages/airflow/example_dags/example_setup_teardown_taskflow.py
[2025-11-01T12:59:05.921+0530] {processor.py:840} INFO - DAG(s) 'example_setup_teardown_taskflow' retrieved from /home/logi/txtai/venv/lib/python3.10/site-packages/airflow/example_dags/example_setup_teardown_taskflow.py
[2025-11-01T12:59:05.935+0530] {logging_mixin.py:188} INFO - [2025-11-01T12:59:05.935+0530] {dag.py:3089} INFO - Sync 1 DAGs
[2025-11-01T12:59:05.951+0530] {logging_mixin.py:188} INFO - [2025-11-01T12:59:05.951+0530] {dag.py:3947} INFO - Setting next_dagrun for example_setup_teardown_taskflow to 2025-10-31 00:00:00+00:00, run_after=2025-11-01 00:00:00+00:00
[2025-11-01T12:59:05.969+0530] {processor.py:183} INFO - Processing /home/logi/txtai/venv/lib/python3.10/site-packages/airflow/example_dags/example_setup_teardown_taskflow.py took 0.069 seconds
[2025-11-01T12:59:51.667+0530] {processor.py:161} INFO - Started process (PID=8973) to work on /home/logi/txtai/venv/lib/python3.10/site-packages/airflow/example_dags/example_setup_teardown_taskflow.py
[2025-11-01T12:59:51.680+0530] {processor.py:830} INFO - Processing file /home/logi/txtai/venv/lib/python3.10/site-packages/airflow/example_dags/example_setup_teardown_taskflow.py for tasks to queue
[2025-11-01T12:59:51.683+0530] {logging_mixin.py:188} INFO - [2025-11-01T12:59:51.682+0530] {dagbag.py:545} INFO - Filling up the DagBag from /home/logi/txtai/venv/lib/python3.10/site-packages/airflow/example_dags/example_setup_teardown_taskflow.py
[2025-11-01T12:59:51.699+0530] {processor.py:840} INFO - DAG(s) 'example_setup_teardown_taskflow' retrieved from /home/logi/txtai/venv/lib/python3.10/site-packages/airflow/example_dags/example_setup_teardown_taskflow.py
[2025-11-01T12:59:51.727+0530] {logging_mixin.py:188} INFO - [2025-11-01T12:59:51.726+0530] {dag.py:3089} INFO - Sync 1 DAGs
[2025-11-01T12:59:51.742+0530] {logging_mixin.py:188} INFO - [2025-11-01T12:59:51.742+0530] {dag.py:3947} INFO - Setting next_dagrun for example_setup_teardown_taskflow to 2025-10-31 00:00:00+00:00, run_after=2025-11-01 00:00:00+00:00
[2025-11-01T12:59:51.778+0530] {processor.py:183} INFO - Processing /home/logi/txtai/venv/lib/python3.10/site-packages/airflow/example_dags/example_setup_teardown_taskflow.py took 0.122 seconds
[2025-11-01T13:00:54.255+0530] {processor.py:161} INFO - Started process (PID=9189) to work on /home/logi/txtai/venv/lib/python3.10/site-packages/airflow/example_dags/example_setup_teardown_taskflow.py
[2025-11-01T13:00:54.271+0530] {processor.py:830} INFO - Processing file /home/logi/txtai/venv/lib/python3.10/site-packages/airflow/example_dags/example_setup_teardown_taskflow.py for tasks to queue
[2025-11-01T13:00:54.277+0530] {logging_mixin.py:188} INFO - [2025-11-01T13:00:54.276+0530] {dagbag.py:545} INFO - Filling up the DagBag from /home/logi/txtai/venv/lib/python3.10/site-packages/airflow/example_dags/example_setup_teardown_taskflow.py
[2025-11-01T13:00:54.289+0530] {processor.py:840} INFO - DAG(s) 'example_setup_teardown_taskflow' retrieved from /home/logi/txtai/venv/lib/python3.10/site-packages/airflow/example_dags/example_setup_teardown_taskflow.py
[2025-11-01T13:00:54.310+0530] {logging_mixin.py:188} INFO - [2025-11-01T13:00:54.310+0530] {dag.py:3089} INFO - Sync 1 DAGs
[2025-11-01T13:00:54.330+0530] {logging_mixin.py:188} INFO - [2025-11-01T13:00:54.330+0530] {dag.py:3947} INFO - Setting next_dagrun for example_setup_teardown_taskflow to 2025-10-31 00:00:00+00:00, run_after=2025-11-01 00:00:00+00:00
[2025-11-01T13:00:54.352+0530] {processor.py:183} INFO - Processing /home/logi/txtai/venv/lib/python3.10/site-packages/airflow/example_dags/example_setup_teardown_taskflow.py took 0.104 seconds
[2025-11-01T13:01:46.323+0530] {processor.py:161} INFO - Started process (PID=9339) to work on /home/logi/txtai/venv/lib/python3.10/site-packages/airflow/example_dags/example_setup_teardown_taskflow.py
[2025-11-01T13:01:46.336+0530] {processor.py:830} INFO - Processing file /home/logi/txtai/venv/lib/python3.10/site-packages/airflow/example_dags/example_setup_teardown_taskflow.py for tasks to queue
[2025-11-01T13:01:46.339+0530] {logging_mixin.py:188} INFO - [2025-11-01T13:01:46.338+0530] {dagbag.py:545} INFO - Filling up the DagBag from /home/logi/txtai/venv/lib/python3.10/site-packages/airflow/example_dags/example_setup_teardown_taskflow.py
[2025-11-01T13:01:46.355+0530] {processor.py:840} INFO - DAG(s) 'example_setup_teardown_taskflow' retrieved from /home/logi/txtai/venv/lib/python3.10/site-packages/airflow/example_dags/example_setup_teardown_taskflow.py
[2025-11-01T13:01:46.384+0530] {logging_mixin.py:188} INFO - [2025-11-01T13:01:46.384+0530] {dag.py:3089} INFO - Sync 1 DAGs
[2025-11-01T13:01:46.424+0530] {logging_mixin.py:188} INFO - [2025-11-01T13:01:46.423+0530] {dag.py:3947} INFO - Setting next_dagrun for example_setup_teardown_taskflow to 2025-10-31 00:00:00+00:00, run_after=2025-11-01 00:00:00+00:00
[2025-11-01T13:01:46.480+0530] {processor.py:183} INFO - Processing /home/logi/txtai/venv/lib/python3.10/site-packages/airflow/example_dags/example_setup_teardown_taskflow.py took 0.168 seconds
[2025-11-01T13:02:39.067+0530] {processor.py:161} INFO - Started process (PID=9605) to work on /home/logi/txtai/venv/lib/python3.10/site-packages/airflow/example_dags/example_setup_teardown_taskflow.py
[2025-11-01T13:02:39.080+0530] {processor.py:830} INFO - Processing file /home/logi/txtai/venv/lib/python3.10/site-packages/airflow/example_dags/example_setup_teardown_taskflow.py for tasks to queue
[2025-11-01T13:02:39.083+0530] {logging_mixin.py:188} INFO - [2025-11-01T13:02:39.082+0530] {dagbag.py:545} INFO - Filling up the DagBag from /home/logi/txtai/venv/lib/python3.10/site-packages/airflow/example_dags/example_setup_teardown_taskflow.py
[2025-11-01T13:02:39.099+0530] {processor.py:840} INFO - DAG(s) 'example_setup_teardown_taskflow' retrieved from /home/logi/txtai/venv/lib/python3.10/site-packages/airflow/example_dags/example_setup_teardown_taskflow.py
[2025-11-01T13:02:39.126+0530] {logging_mixin.py:188} INFO - [2025-11-01T13:02:39.126+0530] {dag.py:3089} INFO - Sync 1 DAGs
[2025-11-01T13:02:39.142+0530] {logging_mixin.py:188} INFO - [2025-11-01T13:02:39.142+0530] {dag.py:3947} INFO - Setting next_dagrun for example_setup_teardown_taskflow to 2025-10-31 00:00:00+00:00, run_after=2025-11-01 00:00:00+00:00
[2025-11-01T13:02:39.166+0530] {processor.py:183} INFO - Processing /home/logi/txtai/venv/lib/python3.10/site-packages/airflow/example_dags/example_setup_teardown_taskflow.py took 0.109 seconds
[2025-11-01T13:03:31.420+0530] {processor.py:161} INFO - Started process (PID=9726) to work on /home/logi/txtai/venv/lib/python3.10/site-packages/airflow/example_dags/example_setup_teardown_taskflow.py
[2025-11-01T13:03:31.434+0530] {processor.py:830} INFO - Processing file /home/logi/txtai/venv/lib/python3.10/site-packages/airflow/example_dags/example_setup_teardown_taskflow.py for tasks to queue
[2025-11-01T13:03:31.436+0530] {logging_mixin.py:188} INFO - [2025-11-01T13:03:31.436+0530] {dagbag.py:545} INFO - Filling up the DagBag from /home/logi/txtai/venv/lib/python3.10/site-packages/airflow/example_dags/example_setup_teardown_taskflow.py
[2025-11-01T13:03:31.451+0530] {processor.py:840} INFO - DAG(s) 'example_setup_teardown_taskflow' retrieved from /home/logi/txtai/venv/lib/python3.10/site-packages/airflow/example_dags/example_setup_teardown_taskflow.py
[2025-11-01T13:03:31.477+0530] {logging_mixin.py:188} INFO - [2025-11-01T13:03:31.476+0530] {dag.py:3089} INFO - Sync 1 DAGs
[2025-11-01T13:03:31.493+0530] {logging_mixin.py:188} INFO - [2025-11-01T13:03:31.493+0530] {dag.py:3947} INFO - Setting next_dagrun for example_setup_teardown_taskflow to 2025-10-31 00:00:00+00:00, run_after=2025-11-01 00:00:00+00:00
[2025-11-01T13:03:31.522+0530] {processor.py:183} INFO - Processing /home/logi/txtai/venv/lib/python3.10/site-packages/airflow/example_dags/example_setup_teardown_taskflow.py took 0.113 seconds
[2025-11-01T13:04:31.974+0530] {processor.py:161} INFO - Started process (PID=10043) to work on /home/logi/txtai/venv/lib/python3.10/site-packages/airflow/example_dags/example_setup_teardown_taskflow.py
[2025-11-01T13:04:31.987+0530] {processor.py:830} INFO - Processing file /home/logi/txtai/venv/lib/python3.10/site-packages/airflow/example_dags/example_setup_teardown_taskflow.py for tasks to queue
[2025-11-01T13:04:31.990+0530] {logging_mixin.py:188} INFO - [2025-11-01T13:04:31.990+0530] {dagbag.py:545} INFO - Filling up the DagBag from /home/logi/txtai/venv/lib/python3.10/site-packages/airflow/example_dags/example_setup_teardown_taskflow.py
[2025-11-01T13:04:32.005+0530] {processor.py:840} INFO - DAG(s) 'example_setup_teardown_taskflow' retrieved from /home/logi/txtai/venv/lib/python3.10/site-packages/airflow/example_dags/example_setup_teardown_taskflow.py
[2025-11-01T13:04:32.033+0530] {logging_mixin.py:188} INFO - [2025-11-01T13:04:32.032+0530] {dag.py:3089} INFO - Sync 1 DAGs
[2025-11-01T13:04:32.050+0530] {logging_mixin.py:188} INFO - [2025-11-01T13:04:32.050+0530] {dag.py:3947} INFO - Setting next_dagrun for example_setup_teardown_taskflow to 2025-10-31 00:00:00+00:00, run_after=2025-11-01 00:00:00+00:00
[2025-11-01T13:04:32.075+0530] {processor.py:183} INFO - Processing /home/logi/txtai/venv/lib/python3.10/site-packages/airflow/example_dags/example_setup_teardown_taskflow.py took 0.112 seconds
[2025-11-01T13:05:26.965+0530] {processor.py:161} INFO - Started process (PID=10171) to work on /home/logi/txtai/venv/lib/python3.10/site-packages/airflow/example_dags/example_setup_teardown_taskflow.py
[2025-11-01T13:05:26.977+0530] {processor.py:830} INFO - Processing file /home/logi/txtai/venv/lib/python3.10/site-packages/airflow/example_dags/example_setup_teardown_taskflow.py for tasks to queue
[2025-11-01T13:05:26.980+0530] {logging_mixin.py:188} INFO - [2025-11-01T13:05:26.979+0530] {dagbag.py:545} INFO - Filling up the DagBag from /home/logi/txtai/venv/lib/python3.10/site-packages/airflow/example_dags/example_setup_teardown_taskflow.py
[2025-11-01T13:05:26.988+0530] {processor.py:840} INFO - DAG(s) 'example_setup_teardown_taskflow' retrieved from /home/logi/txtai/venv/lib/python3.10/site-packages/airflow/example_dags/example_setup_teardown_taskflow.py
[2025-11-01T13:05:27.009+0530] {logging_mixin.py:188} INFO - [2025-11-01T13:05:27.008+0530] {dag.py:3089} INFO - Sync 1 DAGs
[2025-11-01T13:05:27.023+0530] {logging_mixin.py:188} INFO - [2025-11-01T13:05:27.023+0530] {dag.py:3947} INFO - Setting next_dagrun for example_setup_teardown_taskflow to 2025-10-31 00:00:00+00:00, run_after=2025-11-01 00:00:00+00:00
[2025-11-01T13:05:27.041+0530] {processor.py:183} INFO - Processing /home/logi/txtai/venv/lib/python3.10/site-packages/airflow/example_dags/example_setup_teardown_taskflow.py took 0.083 seconds
[2025-11-01T13:06:22.498+0530] {processor.py:161} INFO - Started process (PID=10417) to work on /home/logi/txtai/venv/lib/python3.10/site-packages/airflow/example_dags/example_setup_teardown_taskflow.py
[2025-11-01T13:06:22.511+0530] {processor.py:830} INFO - Processing file /home/logi/txtai/venv/lib/python3.10/site-packages/airflow/example_dags/example_setup_teardown_taskflow.py for tasks to queue
[2025-11-01T13:06:22.514+0530] {logging_mixin.py:188} INFO - [2025-11-01T13:06:22.514+0530] {dagbag.py:545} INFO - Filling up the DagBag from /home/logi/txtai/venv/lib/python3.10/site-packages/airflow/example_dags/example_setup_teardown_taskflow.py
[2025-11-01T13:06:22.523+0530] {processor.py:840} INFO - DAG(s) 'example_setup_teardown_taskflow' retrieved from /home/logi/txtai/venv/lib/python3.10/site-packages/airflow/example_dags/example_setup_teardown_taskflow.py
[2025-11-01T13:06:22.539+0530] {logging_mixin.py:188} INFO - [2025-11-01T13:06:22.538+0530] {dag.py:3089} INFO - Sync 1 DAGs
[2025-11-01T13:06:22.553+0530] {logging_mixin.py:188} INFO - [2025-11-01T13:06:22.553+0530] {dag.py:3947} INFO - Setting next_dagrun for example_setup_teardown_taskflow to 2025-10-31 00:00:00+00:00, run_after=2025-11-01 00:00:00+00:00
[2025-11-01T13:06:22.571+0530] {processor.py:183} INFO - Processing /home/logi/txtai/venv/lib/python3.10/site-packages/airflow/example_dags/example_setup_teardown_taskflow.py took 0.078 seconds
[2025-11-01T13:07:17.056+0530] {processor.py:161} INFO - Started process (PID=10543) to work on /home/logi/txtai/venv/lib/python3.10/site-packages/airflow/example_dags/example_setup_teardown_taskflow.py
[2025-11-01T13:07:17.069+0530] {processor.py:830} INFO - Processing file /home/logi/txtai/venv/lib/python3.10/site-packages/airflow/example_dags/example_setup_teardown_taskflow.py for tasks to queue
[2025-11-01T13:07:17.073+0530] {logging_mixin.py:188} INFO - [2025-11-01T13:07:17.072+0530] {dagbag.py:545} INFO - Filling up the DagBag from /home/logi/txtai/venv/lib/python3.10/site-packages/airflow/example_dags/example_setup_teardown_taskflow.py
[2025-11-01T13:07:17.088+0530] {processor.py:840} INFO - DAG(s) 'example_setup_teardown_taskflow' retrieved from /home/logi/txtai/venv/lib/python3.10/site-packages/airflow/example_dags/example_setup_teardown_taskflow.py
[2025-11-01T13:07:17.116+0530] {logging_mixin.py:188} INFO - [2025-11-01T13:07:17.115+0530] {dag.py:3089} INFO - Sync 1 DAGs
[2025-11-01T13:07:17.132+0530] {logging_mixin.py:188} INFO - [2025-11-01T13:07:17.132+0530] {dag.py:3947} INFO - Setting next_dagrun for example_setup_teardown_taskflow to 2025-10-31 00:00:00+00:00, run_after=2025-11-01 00:00:00+00:00
[2025-11-01T13:07:17.157+0530] {processor.py:183} INFO - Processing /home/logi/txtai/venv/lib/python3.10/site-packages/airflow/example_dags/example_setup_teardown_taskflow.py took 0.111 seconds
[2025-11-01T13:08:14.202+0530] {processor.py:161} INFO - Started process (PID=10798) to work on /home/logi/txtai/venv/lib/python3.10/site-packages/airflow/example_dags/example_setup_teardown_taskflow.py
[2025-11-01T13:08:14.215+0530] {processor.py:830} INFO - Processing file /home/logi/txtai/venv/lib/python3.10/site-packages/airflow/example_dags/example_setup_teardown_taskflow.py for tasks to queue
[2025-11-01T13:08:14.217+0530] {logging_mixin.py:188} INFO - [2025-11-01T13:08:14.217+0530] {dagbag.py:545} INFO - Filling up the DagBag from /home/logi/txtai/venv/lib/python3.10/site-packages/airflow/example_dags/example_setup_teardown_taskflow.py
[2025-11-01T13:08:14.225+0530] {processor.py:840} INFO - DAG(s) 'example_setup_teardown_taskflow' retrieved from /home/logi/txtai/venv/lib/python3.10/site-packages/airflow/example_dags/example_setup_teardown_taskflow.py
[2025-11-01T13:08:14.240+0530] {logging_mixin.py:188} INFO - [2025-11-01T13:08:14.240+0530] {dag.py:3089} INFO - Sync 1 DAGs
[2025-11-01T13:08:14.256+0530] {logging_mixin.py:188} INFO - [2025-11-01T13:08:14.256+0530] {dag.py:3947} INFO - Setting next_dagrun for example_setup_teardown_taskflow to 2025-10-31 00:00:00+00:00, run_after=2025-11-01 00:00:00+00:00
[2025-11-01T13:08:14.281+0530] {processor.py:183} INFO - Processing /home/logi/txtai/venv/lib/python3.10/site-packages/airflow/example_dags/example_setup_teardown_taskflow.py took 0.084 seconds
[2025-11-01T13:09:07.959+0530] {processor.py:161} INFO - Started process (PID=11084) to work on /home/logi/txtai/venv/lib/python3.10/site-packages/airflow/example_dags/example_setup_teardown_taskflow.py
[2025-11-01T13:09:07.960+0530] {processor.py:830} INFO - Processing file /home/logi/txtai/venv/lib/python3.10/site-packages/airflow/example_dags/example_setup_teardown_taskflow.py for tasks to queue
[2025-11-01T13:09:07.961+0530] {logging_mixin.py:188} INFO - [2025-11-01T13:09:07.961+0530] {dagbag.py:545} INFO - Filling up the DagBag from /home/logi/txtai/venv/lib/python3.10/site-packages/airflow/example_dags/example_setup_teardown_taskflow.py
[2025-11-01T13:09:07.969+0530] {processor.py:840} INFO - DAG(s) 'example_setup_teardown_taskflow' retrieved from /home/logi/txtai/venv/lib/python3.10/site-packages/airflow/example_dags/example_setup_teardown_taskflow.py
[2025-11-01T13:09:07.985+0530] {logging_mixin.py:188} INFO - [2025-11-01T13:09:07.985+0530] {dag.py:3089} INFO - Sync 1 DAGs
[2025-11-01T13:09:07.999+0530] {logging_mixin.py:188} INFO - [2025-11-01T13:09:07.999+0530] {dag.py:3947} INFO - Setting next_dagrun for example_setup_teardown_taskflow to 2025-10-31 00:00:00+00:00, run_after=2025-11-01 00:00:00+00:00
[2025-11-01T13:09:08.018+0530] {processor.py:183} INFO - Processing /home/logi/txtai/venv/lib/python3.10/site-packages/airflow/example_dags/example_setup_teardown_taskflow.py took 0.065 seconds
[2025-11-01T13:09:54.901+0530] {processor.py:161} INFO - Started process (PID=11216) to work on /home/logi/txtai/venv/lib/python3.10/site-packages/airflow/example_dags/example_setup_teardown_taskflow.py
[2025-11-01T13:09:54.915+0530] {processor.py:830} INFO - Processing file /home/logi/txtai/venv/lib/python3.10/site-packages/airflow/example_dags/example_setup_teardown_taskflow.py for tasks to queue
[2025-11-01T13:09:54.920+0530] {logging_mixin.py:188} INFO - [2025-11-01T13:09:54.917+0530] {dagbag.py:545} INFO - Filling up the DagBag from /home/logi/txtai/venv/lib/python3.10/site-packages/airflow/example_dags/example_setup_teardown_taskflow.py
[2025-11-01T13:09:54.937+0530] {processor.py:840} INFO - DAG(s) 'example_setup_teardown_taskflow' retrieved from /home/logi/txtai/venv/lib/python3.10/site-packages/airflow/example_dags/example_setup_teardown_taskflow.py
[2025-11-01T13:09:54.954+0530] {logging_mixin.py:188} INFO - [2025-11-01T13:09:54.953+0530] {dag.py:3089} INFO - Sync 1 DAGs
[2025-11-01T13:09:54.970+0530] {logging_mixin.py:188} INFO - [2025-11-01T13:09:54.970+0530] {dag.py:3947} INFO - Setting next_dagrun for example_setup_teardown_taskflow to 2025-10-31 00:00:00+00:00, run_after=2025-11-01 00:00:00+00:00
[2025-11-01T13:09:54.987+0530] {processor.py:183} INFO - Processing /home/logi/txtai/venv/lib/python3.10/site-packages/airflow/example_dags/example_setup_teardown_taskflow.py took 0.091 seconds
[2025-11-01T13:10:53.916+0530] {processor.py:161} INFO - Started process (PID=11440) to work on /home/logi/txtai/venv/lib/python3.10/site-packages/airflow/example_dags/example_setup_teardown_taskflow.py
[2025-11-01T13:10:53.930+0530] {processor.py:830} INFO - Processing file /home/logi/txtai/venv/lib/python3.10/site-packages/airflow/example_dags/example_setup_teardown_taskflow.py for tasks to queue
[2025-11-01T13:10:53.933+0530] {logging_mixin.py:188} INFO - [2025-11-01T13:10:53.933+0530] {dagbag.py:545} INFO - Filling up the DagBag from /home/logi/txtai/venv/lib/python3.10/site-packages/airflow/example_dags/example_setup_teardown_taskflow.py
[2025-11-01T13:10:53.941+0530] {processor.py:840} INFO - DAG(s) 'example_setup_teardown_taskflow' retrieved from /home/logi/txtai/venv/lib/python3.10/site-packages/airflow/example_dags/example_setup_teardown_taskflow.py
[2025-11-01T13:10:53.958+0530] {logging_mixin.py:188} INFO - [2025-11-01T13:10:53.958+0530] {dag.py:3089} INFO - Sync 1 DAGs
[2025-11-01T13:10:53.972+0530] {logging_mixin.py:188} INFO - [2025-11-01T13:10:53.972+0530] {dag.py:3947} INFO - Setting next_dagrun for example_setup_teardown_taskflow to 2025-10-31 00:00:00+00:00, run_after=2025-11-01 00:00:00+00:00
[2025-11-01T13:10:53.992+0530] {processor.py:183} INFO - Processing /home/logi/txtai/venv/lib/python3.10/site-packages/airflow/example_dags/example_setup_teardown_taskflow.py took 0.083 seconds
[2025-11-01T13:11:42.651+0530] {processor.py:161} INFO - Started process (PID=11563) to work on /home/logi/txtai/venv/lib/python3.10/site-packages/airflow/example_dags/example_setup_teardown_taskflow.py
[2025-11-01T13:11:42.655+0530] {processor.py:830} INFO - Processing file /home/logi/txtai/venv/lib/python3.10/site-packages/airflow/example_dags/example_setup_teardown_taskflow.py for tasks to queue
[2025-11-01T13:11:42.659+0530] {logging_mixin.py:188} INFO - [2025-11-01T13:11:42.658+0530] {dagbag.py:545} INFO - Filling up the DagBag from /home/logi/txtai/venv/lib/python3.10/site-packages/airflow/example_dags/example_setup_teardown_taskflow.py
[2025-11-01T13:11:42.681+0530] {processor.py:840} INFO - DAG(s) 'example_setup_teardown_taskflow' retrieved from /home/logi/txtai/venv/lib/python3.10/site-packages/airflow/example_dags/example_setup_teardown_taskflow.py
[2025-11-01T13:11:42.698+0530] {logging_mixin.py:188} INFO - [2025-11-01T13:11:42.698+0530] {dag.py:3089} INFO - Sync 1 DAGs
[2025-11-01T13:11:42.714+0530] {logging_mixin.py:188} INFO - [2025-11-01T13:11:42.714+0530] {dag.py:3947} INFO - Setting next_dagrun for example_setup_teardown_taskflow to 2025-10-31 00:00:00+00:00, run_after=2025-11-01 00:00:00+00:00
[2025-11-01T13:11:42.733+0530] {processor.py:183} INFO - Processing /home/logi/txtai/venv/lib/python3.10/site-packages/airflow/example_dags/example_setup_teardown_taskflow.py took 0.099 seconds
[2025-11-01T13:12:36.992+0530] {processor.py:161} INFO - Started process (PID=11809) to work on /home/logi/txtai/venv/lib/python3.10/site-packages/airflow/example_dags/example_setup_teardown_taskflow.py
[2025-11-01T13:12:37.008+0530] {processor.py:830} INFO - Processing file /home/logi/txtai/venv/lib/python3.10/site-packages/airflow/example_dags/example_setup_teardown_taskflow.py for tasks to queue
[2025-11-01T13:12:37.017+0530] {logging_mixin.py:188} INFO - [2025-11-01T13:12:37.015+0530] {dagbag.py:545} INFO - Filling up the DagBag from /home/logi/txtai/venv/lib/python3.10/site-packages/airflow/example_dags/example_setup_teardown_taskflow.py
[2025-11-01T13:12:37.052+0530] {processor.py:840} INFO - DAG(s) 'example_setup_teardown_taskflow' retrieved from /home/logi/txtai/venv/lib/python3.10/site-packages/airflow/example_dags/example_setup_teardown_taskflow.py
[2025-11-01T13:12:37.105+0530] {logging_mixin.py:188} INFO - [2025-11-01T13:12:37.105+0530] {dag.py:3089} INFO - Sync 1 DAGs
[2025-11-01T13:12:37.130+0530] {logging_mixin.py:188} INFO - [2025-11-01T13:12:37.130+0530] {dag.py:3947} INFO - Setting next_dagrun for example_setup_teardown_taskflow to 2025-10-31 00:00:00+00:00, run_after=2025-11-01 00:00:00+00:00
[2025-11-01T13:12:37.159+0530] {processor.py:183} INFO - Processing /home/logi/txtai/venv/lib/python3.10/site-packages/airflow/example_dags/example_setup_teardown_taskflow.py took 0.200 seconds
[2025-11-01T13:13:30.165+0530] {processor.py:161} INFO - Started process (PID=11927) to work on /home/logi/txtai/venv/lib/python3.10/site-packages/airflow/example_dags/example_setup_teardown_taskflow.py
[2025-11-01T13:13:30.178+0530] {processor.py:830} INFO - Processing file /home/logi/txtai/venv/lib/python3.10/site-packages/airflow/example_dags/example_setup_teardown_taskflow.py for tasks to queue
[2025-11-01T13:13:30.181+0530] {logging_mixin.py:188} INFO - [2025-11-01T13:13:30.181+0530] {dagbag.py:545} INFO - Filling up the DagBag from /home/logi/txtai/venv/lib/python3.10/site-packages/airflow/example_dags/example_setup_teardown_taskflow.py
[2025-11-01T13:13:30.196+0530] {processor.py:840} INFO - DAG(s) 'example_setup_teardown_taskflow' retrieved from /home/logi/txtai/venv/lib/python3.10/site-packages/airflow/example_dags/example_setup_teardown_taskflow.py
[2025-11-01T13:13:30.223+0530] {logging_mixin.py:188} INFO - [2025-11-01T13:13:30.223+0530] {dag.py:3089} INFO - Sync 1 DAGs
[2025-11-01T13:13:30.239+0530] {logging_mixin.py:188} INFO - [2025-11-01T13:13:30.239+0530] {dag.py:3947} INFO - Setting next_dagrun for example_setup_teardown_taskflow to 2025-10-31 00:00:00+00:00, run_after=2025-11-01 00:00:00+00:00
[2025-11-01T13:13:30.259+0530] {processor.py:183} INFO - Processing /home/logi/txtai/venv/lib/python3.10/site-packages/airflow/example_dags/example_setup_teardown_taskflow.py took 0.104 seconds
[2025-11-01T13:14:24.428+0530] {processor.py:161} INFO - Started process (PID=12199) to work on /home/logi/txtai/venv/lib/python3.10/site-packages/airflow/example_dags/example_setup_teardown_taskflow.py
[2025-11-01T13:14:24.441+0530] {processor.py:830} INFO - Processing file /home/logi/txtai/venv/lib/python3.10/site-packages/airflow/example_dags/example_setup_teardown_taskflow.py for tasks to queue
[2025-11-01T13:14:24.444+0530] {logging_mixin.py:188} INFO - [2025-11-01T13:14:24.444+0530] {dagbag.py:545} INFO - Filling up the DagBag from /home/logi/txtai/venv/lib/python3.10/site-packages/airflow/example_dags/example_setup_teardown_taskflow.py
[2025-11-01T13:14:24.469+0530] {processor.py:840} INFO - DAG(s) 'example_setup_teardown_taskflow' retrieved from /home/logi/txtai/venv/lib/python3.10/site-packages/airflow/example_dags/example_setup_teardown_taskflow.py
[2025-11-01T13:14:24.493+0530] {logging_mixin.py:188} INFO - [2025-11-01T13:14:24.492+0530] {dag.py:3089} INFO - Sync 1 DAGs
[2025-11-01T13:14:24.511+0530] {logging_mixin.py:188} INFO - [2025-11-01T13:14:24.510+0530] {dag.py:3947} INFO - Setting next_dagrun for example_setup_teardown_taskflow to 2025-10-31 00:00:00+00:00, run_after=2025-11-01 00:00:00+00:00
[2025-11-01T13:14:24.536+0530] {processor.py:183} INFO - Processing /home/logi/txtai/venv/lib/python3.10/site-packages/airflow/example_dags/example_setup_teardown_taskflow.py took 0.119 seconds
