[2025-11-01T12:49:34.187+0530] {processor.py:161} INFO - Started process (PID=6979) to work on /home/logi/txtai/venv/lib/python3.10/site-packages/airflow/example_dags/example_nested_branch_dag.py
[2025-11-01T12:49:34.187+0530] {processor.py:830} INFO - Processing file /home/logi/txtai/venv/lib/python3.10/site-packages/airflow/example_dags/example_nested_branch_dag.py for tasks to queue
[2025-11-01T12:49:34.189+0530] {logging_mixin.py:188} INFO - [2025-11-01T12:49:34.188+0530] {dagbag.py:545} INFO - Filling up the DagBag from /home/logi/txtai/venv/lib/python3.10/site-packages/airflow/example_dags/example_nested_branch_dag.py
[2025-11-01T12:49:34.197+0530] {processor.py:840} INFO - DAG(s) 'example_nested_branch_dag' retrieved from /home/logi/txtai/venv/lib/python3.10/site-packages/airflow/example_dags/example_nested_branch_dag.py
[2025-11-01T12:49:34.217+0530] {logging_mixin.py:188} INFO - [2025-11-01T12:49:34.217+0530] {dag.py:3089} INFO - Sync 1 DAGs
[2025-11-01T12:49:34.231+0530] {logging_mixin.py:188} INFO - [2025-11-01T12:49:34.231+0530] {dag.py:3947} INFO - Setting next_dagrun for example_nested_branch_dag to 2025-10-31 00:00:00+00:00, run_after=2025-11-01 00:00:00+00:00
[2025-11-01T12:49:34.263+0530] {processor.py:183} INFO - Processing /home/logi/txtai/venv/lib/python3.10/site-packages/airflow/example_dags/example_nested_branch_dag.py took 0.082 seconds
[2025-11-01T12:50:49.597+0530] {processor.py:161} INFO - Started process (PID=7295) to work on /home/logi/txtai/venv/lib/python3.10/site-packages/airflow/example_dags/example_nested_branch_dag.py
[2025-11-01T12:50:49.611+0530] {processor.py:830} INFO - Processing file /home/logi/txtai/venv/lib/python3.10/site-packages/airflow/example_dags/example_nested_branch_dag.py for tasks to queue
[2025-11-01T12:50:49.618+0530] {logging_mixin.py:188} INFO - [2025-11-01T12:50:49.616+0530] {dagbag.py:545} INFO - Filling up the DagBag from /home/logi/txtai/venv/lib/python3.10/site-packages/airflow/example_dags/example_nested_branch_dag.py
[2025-11-01T12:50:49.649+0530] {processor.py:840} INFO - DAG(s) 'example_nested_branch_dag' retrieved from /home/logi/txtai/venv/lib/python3.10/site-packages/airflow/example_dags/example_nested_branch_dag.py
[2025-11-01T12:50:49.684+0530] {logging_mixin.py:188} INFO - [2025-11-01T12:50:49.683+0530] {dag.py:3089} INFO - Sync 1 DAGs
[2025-11-01T12:50:49.727+0530] {logging_mixin.py:188} INFO - [2025-11-01T12:50:49.726+0530] {dag.py:3947} INFO - Setting next_dagrun for example_nested_branch_dag to 2025-10-31 00:00:00+00:00, run_after=2025-11-01 00:00:00+00:00
[2025-11-01T12:50:49.771+0530] {processor.py:183} INFO - Processing /home/logi/txtai/venv/lib/python3.10/site-packages/airflow/example_dags/example_nested_branch_dag.py took 0.194 seconds
[2025-11-01T12:51:51.458+0530] {processor.py:161} INFO - Started process (PID=7628) to work on /home/logi/txtai/venv/lib/python3.10/site-packages/airflow/example_dags/example_nested_branch_dag.py
[2025-11-01T12:51:51.472+0530] {processor.py:830} INFO - Processing file /home/logi/txtai/venv/lib/python3.10/site-packages/airflow/example_dags/example_nested_branch_dag.py for tasks to queue
[2025-11-01T12:51:51.474+0530] {logging_mixin.py:188} INFO - [2025-11-01T12:51:51.474+0530] {dagbag.py:545} INFO - Filling up the DagBag from /home/logi/txtai/venv/lib/python3.10/site-packages/airflow/example_dags/example_nested_branch_dag.py
[2025-11-01T12:51:51.487+0530] {processor.py:840} INFO - DAG(s) 'example_nested_branch_dag' retrieved from /home/logi/txtai/venv/lib/python3.10/site-packages/airflow/example_dags/example_nested_branch_dag.py
[2025-11-01T12:51:51.506+0530] {logging_mixin.py:188} INFO - [2025-11-01T12:51:51.506+0530] {dag.py:3089} INFO - Sync 1 DAGs
[2025-11-01T12:51:51.528+0530] {logging_mixin.py:188} INFO - [2025-11-01T12:51:51.528+0530] {dag.py:3947} INFO - Setting next_dagrun for example_nested_branch_dag to 2025-10-31 00:00:00+00:00, run_after=2025-11-01 00:00:00+00:00
[2025-11-01T12:51:51.553+0530] {processor.py:183} INFO - Processing /home/logi/txtai/venv/lib/python3.10/site-packages/airflow/example_dags/example_nested_branch_dag.py took 0.103 seconds
[2025-11-01T12:52:56.091+0530] {processor.py:161} INFO - Started process (PID=7901) to work on /home/logi/txtai/venv/lib/python3.10/site-packages/airflow/example_dags/example_nested_branch_dag.py
[2025-11-01T12:52:56.103+0530] {processor.py:830} INFO - Processing file /home/logi/txtai/venv/lib/python3.10/site-packages/airflow/example_dags/example_nested_branch_dag.py for tasks to queue
[2025-11-01T12:52:56.105+0530] {logging_mixin.py:188} INFO - [2025-11-01T12:52:56.105+0530] {dagbag.py:545} INFO - Filling up the DagBag from /home/logi/txtai/venv/lib/python3.10/site-packages/airflow/example_dags/example_nested_branch_dag.py
[2025-11-01T12:52:56.113+0530] {processor.py:840} INFO - DAG(s) 'example_nested_branch_dag' retrieved from /home/logi/txtai/venv/lib/python3.10/site-packages/airflow/example_dags/example_nested_branch_dag.py
[2025-11-01T12:52:56.127+0530] {logging_mixin.py:188} INFO - [2025-11-01T12:52:56.127+0530] {dag.py:3089} INFO - Sync 1 DAGs
[2025-11-01T12:52:56.142+0530] {logging_mixin.py:188} INFO - [2025-11-01T12:52:56.142+0530] {dag.py:3947} INFO - Setting next_dagrun for example_nested_branch_dag to 2025-10-31 00:00:00+00:00, run_after=2025-11-01 00:00:00+00:00
[2025-11-01T12:52:56.160+0530] {processor.py:183} INFO - Processing /home/logi/txtai/venv/lib/python3.10/site-packages/airflow/example_dags/example_nested_branch_dag.py took 0.079 seconds
[2025-11-01T12:53:50.671+0530] {processor.py:161} INFO - Started process (PID=8014) to work on /home/logi/txtai/venv/lib/python3.10/site-packages/airflow/example_dags/example_nested_branch_dag.py
[2025-11-01T12:53:50.685+0530] {processor.py:830} INFO - Processing file /home/logi/txtai/venv/lib/python3.10/site-packages/airflow/example_dags/example_nested_branch_dag.py for tasks to queue
[2025-11-01T12:53:50.687+0530] {logging_mixin.py:188} INFO - [2025-11-01T12:53:50.687+0530] {dagbag.py:545} INFO - Filling up the DagBag from /home/logi/txtai/venv/lib/python3.10/site-packages/airflow/example_dags/example_nested_branch_dag.py
[2025-11-01T12:53:50.703+0530] {processor.py:840} INFO - DAG(s) 'example_nested_branch_dag' retrieved from /home/logi/txtai/venv/lib/python3.10/site-packages/airflow/example_dags/example_nested_branch_dag.py
[2025-11-01T12:53:50.723+0530] {logging_mixin.py:188} INFO - [2025-11-01T12:53:50.723+0530] {dag.py:3089} INFO - Sync 1 DAGs
[2025-11-01T12:53:50.737+0530] {logging_mixin.py:188} INFO - [2025-11-01T12:53:50.737+0530] {dag.py:3947} INFO - Setting next_dagrun for example_nested_branch_dag to 2025-10-31 00:00:00+00:00, run_after=2025-11-01 00:00:00+00:00
[2025-11-01T12:53:50.757+0530] {processor.py:183} INFO - Processing /home/logi/txtai/venv/lib/python3.10/site-packages/airflow/example_dags/example_nested_branch_dag.py took 0.091 seconds
[2025-11-01T12:54:51.114+0530] {processor.py:161} INFO - Started process (PID=8219) to work on /home/logi/txtai/venv/lib/python3.10/site-packages/airflow/example_dags/example_nested_branch_dag.py
[2025-11-01T12:54:51.127+0530] {processor.py:830} INFO - Processing file /home/logi/txtai/venv/lib/python3.10/site-packages/airflow/example_dags/example_nested_branch_dag.py for tasks to queue
[2025-11-01T12:54:51.130+0530] {logging_mixin.py:188} INFO - [2025-11-01T12:54:51.129+0530] {dagbag.py:545} INFO - Filling up the DagBag from /home/logi/txtai/venv/lib/python3.10/site-packages/airflow/example_dags/example_nested_branch_dag.py
[2025-11-01T12:54:51.140+0530] {processor.py:840} INFO - DAG(s) 'example_nested_branch_dag' retrieved from /home/logi/txtai/venv/lib/python3.10/site-packages/airflow/example_dags/example_nested_branch_dag.py
[2025-11-01T12:54:51.156+0530] {logging_mixin.py:188} INFO - [2025-11-01T12:54:51.156+0530] {dag.py:3089} INFO - Sync 1 DAGs
[2025-11-01T12:54:51.171+0530] {logging_mixin.py:188} INFO - [2025-11-01T12:54:51.171+0530] {dag.py:3947} INFO - Setting next_dagrun for example_nested_branch_dag to 2025-10-31 00:00:00+00:00, run_after=2025-11-01 00:00:00+00:00
[2025-11-01T12:54:51.189+0530] {processor.py:183} INFO - Processing /home/logi/txtai/venv/lib/python3.10/site-packages/airflow/example_dags/example_nested_branch_dag.py took 0.080 seconds
[2025-11-01T12:55:39.940+0530] {processor.py:161} INFO - Started process (PID=8298) to work on /home/logi/txtai/venv/lib/python3.10/site-packages/airflow/example_dags/example_nested_branch_dag.py
[2025-11-01T12:55:39.954+0530] {processor.py:830} INFO - Processing file /home/logi/txtai/venv/lib/python3.10/site-packages/airflow/example_dags/example_nested_branch_dag.py for tasks to queue
[2025-11-01T12:55:39.957+0530] {logging_mixin.py:188} INFO - [2025-11-01T12:55:39.956+0530] {dagbag.py:545} INFO - Filling up the DagBag from /home/logi/txtai/venv/lib/python3.10/site-packages/airflow/example_dags/example_nested_branch_dag.py
[2025-11-01T12:55:39.973+0530] {processor.py:840} INFO - DAG(s) 'example_nested_branch_dag' retrieved from /home/logi/txtai/venv/lib/python3.10/site-packages/airflow/example_dags/example_nested_branch_dag.py
[2025-11-01T12:55:40.000+0530] {logging_mixin.py:188} INFO - [2025-11-01T12:55:40.000+0530] {dag.py:3089} INFO - Sync 1 DAGs
[2025-11-01T12:55:40.019+0530] {logging_mixin.py:188} INFO - [2025-11-01T12:55:40.019+0530] {dag.py:3947} INFO - Setting next_dagrun for example_nested_branch_dag to 2025-10-31 00:00:00+00:00, run_after=2025-11-01 00:00:00+00:00
[2025-11-01T12:55:40.044+0530] {processor.py:183} INFO - Processing /home/logi/txtai/venv/lib/python3.10/site-packages/airflow/example_dags/example_nested_branch_dag.py took 0.116 seconds
[2025-11-01T12:56:41.028+0530] {processor.py:161} INFO - Started process (PID=8546) to work on /home/logi/txtai/venv/lib/python3.10/site-packages/airflow/example_dags/example_nested_branch_dag.py
[2025-11-01T12:56:41.029+0530] {processor.py:830} INFO - Processing file /home/logi/txtai/venv/lib/python3.10/site-packages/airflow/example_dags/example_nested_branch_dag.py for tasks to queue
[2025-11-01T12:56:41.031+0530] {logging_mixin.py:188} INFO - [2025-11-01T12:56:41.030+0530] {dagbag.py:545} INFO - Filling up the DagBag from /home/logi/txtai/venv/lib/python3.10/site-packages/airflow/example_dags/example_nested_branch_dag.py
[2025-11-01T12:56:41.040+0530] {processor.py:840} INFO - DAG(s) 'example_nested_branch_dag' retrieved from /home/logi/txtai/venv/lib/python3.10/site-packages/airflow/example_dags/example_nested_branch_dag.py
[2025-11-01T12:56:41.056+0530] {logging_mixin.py:188} INFO - [2025-11-01T12:56:41.056+0530] {dag.py:3089} INFO - Sync 1 DAGs
[2025-11-01T12:56:41.071+0530] {logging_mixin.py:188} INFO - [2025-11-01T12:56:41.071+0530] {dag.py:3947} INFO - Setting next_dagrun for example_nested_branch_dag to 2025-10-31 00:00:00+00:00, run_after=2025-11-01 00:00:00+00:00
[2025-11-01T12:56:41.092+0530] {processor.py:183} INFO - Processing /home/logi/txtai/venv/lib/python3.10/site-packages/airflow/example_dags/example_nested_branch_dag.py took 0.069 seconds
[2025-11-01T12:57:50.268+0530] {processor.py:161} INFO - Started process (PID=8649) to work on /home/logi/txtai/venv/lib/python3.10/site-packages/airflow/example_dags/example_nested_branch_dag.py
[2025-11-01T12:57:50.281+0530] {processor.py:830} INFO - Processing file /home/logi/txtai/venv/lib/python3.10/site-packages/airflow/example_dags/example_nested_branch_dag.py for tasks to queue
[2025-11-01T12:57:50.284+0530] {logging_mixin.py:188} INFO - [2025-11-01T12:57:50.283+0530] {dagbag.py:545} INFO - Filling up the DagBag from /home/logi/txtai/venv/lib/python3.10/site-packages/airflow/example_dags/example_nested_branch_dag.py
[2025-11-01T12:57:50.303+0530] {processor.py:840} INFO - DAG(s) 'example_nested_branch_dag' retrieved from /home/logi/txtai/venv/lib/python3.10/site-packages/airflow/example_dags/example_nested_branch_dag.py
[2025-11-01T12:57:50.332+0530] {logging_mixin.py:188} INFO - [2025-11-01T12:57:50.332+0530] {dag.py:3089} INFO - Sync 1 DAGs
[2025-11-01T12:57:50.356+0530] {logging_mixin.py:188} INFO - [2025-11-01T12:57:50.355+0530] {dag.py:3947} INFO - Setting next_dagrun for example_nested_branch_dag to 2025-10-31 00:00:00+00:00, run_after=2025-11-01 00:00:00+00:00
[2025-11-01T12:57:50.379+0530] {processor.py:183} INFO - Processing /home/logi/txtai/venv/lib/python3.10/site-packages/airflow/example_dags/example_nested_branch_dag.py took 0.124 seconds
[2025-11-01T12:58:54.457+0530] {processor.py:161} INFO - Started process (PID=8890) to work on /home/logi/txtai/venv/lib/python3.10/site-packages/airflow/example_dags/example_nested_branch_dag.py
[2025-11-01T12:58:54.470+0530] {processor.py:830} INFO - Processing file /home/logi/txtai/venv/lib/python3.10/site-packages/airflow/example_dags/example_nested_branch_dag.py for tasks to queue
[2025-11-01T12:58:54.473+0530] {logging_mixin.py:188} INFO - [2025-11-01T12:58:54.472+0530] {dagbag.py:545} INFO - Filling up the DagBag from /home/logi/txtai/venv/lib/python3.10/site-packages/airflow/example_dags/example_nested_branch_dag.py
[2025-11-01T12:58:54.490+0530] {processor.py:840} INFO - DAG(s) 'example_nested_branch_dag' retrieved from /home/logi/txtai/venv/lib/python3.10/site-packages/airflow/example_dags/example_nested_branch_dag.py
[2025-11-01T12:58:54.517+0530] {logging_mixin.py:188} INFO - [2025-11-01T12:58:54.516+0530] {dag.py:3089} INFO - Sync 1 DAGs
[2025-11-01T12:58:54.533+0530] {logging_mixin.py:188} INFO - [2025-11-01T12:58:54.533+0530] {dag.py:3947} INFO - Setting next_dagrun for example_nested_branch_dag to 2025-10-31 00:00:00+00:00, run_after=2025-11-01 00:00:00+00:00
[2025-11-01T12:58:54.558+0530] {processor.py:183} INFO - Processing /home/logi/txtai/venv/lib/python3.10/site-packages/airflow/example_dags/example_nested_branch_dag.py took 0.112 seconds
[2025-11-01T12:59:47.759+0530] {processor.py:161} INFO - Started process (PID=8969) to work on /home/logi/txtai/venv/lib/python3.10/site-packages/airflow/example_dags/example_nested_branch_dag.py
[2025-11-01T12:59:47.762+0530] {processor.py:830} INFO - Processing file /home/logi/txtai/venv/lib/python3.10/site-packages/airflow/example_dags/example_nested_branch_dag.py for tasks to queue
[2025-11-01T12:59:47.767+0530] {logging_mixin.py:188} INFO - [2025-11-01T12:59:47.766+0530] {dagbag.py:545} INFO - Filling up the DagBag from /home/logi/txtai/venv/lib/python3.10/site-packages/airflow/example_dags/example_nested_branch_dag.py
[2025-11-01T12:59:47.785+0530] {processor.py:840} INFO - DAG(s) 'example_nested_branch_dag' retrieved from /home/logi/txtai/venv/lib/python3.10/site-packages/airflow/example_dags/example_nested_branch_dag.py
[2025-11-01T12:59:47.814+0530] {logging_mixin.py:188} INFO - [2025-11-01T12:59:47.813+0530] {dag.py:3089} INFO - Sync 1 DAGs
[2025-11-01T12:59:47.833+0530] {logging_mixin.py:188} INFO - [2025-11-01T12:59:47.833+0530] {dag.py:3947} INFO - Setting next_dagrun for example_nested_branch_dag to 2025-10-31 00:00:00+00:00, run_after=2025-11-01 00:00:00+00:00
[2025-11-01T12:59:47.862+0530] {processor.py:183} INFO - Processing /home/logi/txtai/venv/lib/python3.10/site-packages/airflow/example_dags/example_nested_branch_dag.py took 0.118 seconds
[2025-11-01T13:00:44.430+0530] {processor.py:161} INFO - Started process (PID=9169) to work on /home/logi/txtai/venv/lib/python3.10/site-packages/airflow/example_dags/example_nested_branch_dag.py
[2025-11-01T13:00:44.443+0530] {processor.py:830} INFO - Processing file /home/logi/txtai/venv/lib/python3.10/site-packages/airflow/example_dags/example_nested_branch_dag.py for tasks to queue
[2025-11-01T13:00:44.445+0530] {logging_mixin.py:188} INFO - [2025-11-01T13:00:44.445+0530] {dagbag.py:545} INFO - Filling up the DagBag from /home/logi/txtai/venv/lib/python3.10/site-packages/airflow/example_dags/example_nested_branch_dag.py
[2025-11-01T13:00:44.454+0530] {processor.py:840} INFO - DAG(s) 'example_nested_branch_dag' retrieved from /home/logi/txtai/venv/lib/python3.10/site-packages/airflow/example_dags/example_nested_branch_dag.py
[2025-11-01T13:00:44.474+0530] {logging_mixin.py:188} INFO - [2025-11-01T13:00:44.474+0530] {dag.py:3089} INFO - Sync 1 DAGs
[2025-11-01T13:00:44.489+0530] {logging_mixin.py:188} INFO - [2025-11-01T13:00:44.489+0530] {dag.py:3947} INFO - Setting next_dagrun for example_nested_branch_dag to 2025-10-31 00:00:00+00:00, run_after=2025-11-01 00:00:00+00:00
[2025-11-01T13:00:44.507+0530] {processor.py:183} INFO - Processing /home/logi/txtai/venv/lib/python3.10/site-packages/airflow/example_dags/example_nested_branch_dag.py took 0.085 seconds
[2025-11-01T13:01:40.672+0530] {processor.py:161} INFO - Started process (PID=9319) to work on /home/logi/txtai/venv/lib/python3.10/site-packages/airflow/example_dags/example_nested_branch_dag.py
[2025-11-01T13:01:40.685+0530] {processor.py:830} INFO - Processing file /home/logi/txtai/venv/lib/python3.10/site-packages/airflow/example_dags/example_nested_branch_dag.py for tasks to queue
[2025-11-01T13:01:40.687+0530] {logging_mixin.py:188} INFO - [2025-11-01T13:01:40.687+0530] {dagbag.py:545} INFO - Filling up the DagBag from /home/logi/txtai/venv/lib/python3.10/site-packages/airflow/example_dags/example_nested_branch_dag.py
[2025-11-01T13:01:40.698+0530] {processor.py:840} INFO - DAG(s) 'example_nested_branch_dag' retrieved from /home/logi/txtai/venv/lib/python3.10/site-packages/airflow/example_dags/example_nested_branch_dag.py
[2025-11-01T13:01:40.717+0530] {logging_mixin.py:188} INFO - [2025-11-01T13:01:40.716+0530] {dag.py:3089} INFO - Sync 1 DAGs
[2025-11-01T13:01:40.781+0530] {logging_mixin.py:188} INFO - [2025-11-01T13:01:40.781+0530] {dag.py:3947} INFO - Setting next_dagrun for example_nested_branch_dag to 2025-10-31 00:00:00+00:00, run_after=2025-11-01 00:00:00+00:00
[2025-11-01T13:01:40.860+0530] {processor.py:183} INFO - Processing /home/logi/txtai/venv/lib/python3.10/site-packages/airflow/example_dags/example_nested_branch_dag.py took 0.193 seconds
[2025-11-01T13:02:46.860+0530] {processor.py:161} INFO - Started process (PID=9622) to work on /home/logi/txtai/venv/lib/python3.10/site-packages/airflow/example_dags/example_nested_branch_dag.py
[2025-11-01T13:02:46.874+0530] {processor.py:830} INFO - Processing file /home/logi/txtai/venv/lib/python3.10/site-packages/airflow/example_dags/example_nested_branch_dag.py for tasks to queue
[2025-11-01T13:02:46.877+0530] {logging_mixin.py:188} INFO - [2025-11-01T13:02:46.876+0530] {dagbag.py:545} INFO - Filling up the DagBag from /home/logi/txtai/venv/lib/python3.10/site-packages/airflow/example_dags/example_nested_branch_dag.py
[2025-11-01T13:02:46.886+0530] {processor.py:840} INFO - DAG(s) 'example_nested_branch_dag' retrieved from /home/logi/txtai/venv/lib/python3.10/site-packages/airflow/example_dags/example_nested_branch_dag.py
[2025-11-01T13:02:46.900+0530] {logging_mixin.py:188} INFO - [2025-11-01T13:02:46.900+0530] {dag.py:3089} INFO - Sync 1 DAGs
[2025-11-01T13:02:46.916+0530] {logging_mixin.py:188} INFO - [2025-11-01T13:02:46.915+0530] {dag.py:3947} INFO - Setting next_dagrun for example_nested_branch_dag to 2025-10-31 00:00:00+00:00, run_after=2025-11-01 00:00:00+00:00
[2025-11-01T13:02:46.933+0530] {processor.py:183} INFO - Processing /home/logi/txtai/venv/lib/python3.10/site-packages/airflow/example_dags/example_nested_branch_dag.py took 0.078 seconds
[2025-11-01T13:03:40.708+0530] {processor.py:161} INFO - Started process (PID=9745) to work on /home/logi/txtai/venv/lib/python3.10/site-packages/airflow/example_dags/example_nested_branch_dag.py
[2025-11-01T13:03:40.713+0530] {processor.py:830} INFO - Processing file /home/logi/txtai/venv/lib/python3.10/site-packages/airflow/example_dags/example_nested_branch_dag.py for tasks to queue
[2025-11-01T13:03:40.722+0530] {logging_mixin.py:188} INFO - [2025-11-01T13:03:40.720+0530] {dagbag.py:545} INFO - Filling up the DagBag from /home/logi/txtai/venv/lib/python3.10/site-packages/airflow/example_dags/example_nested_branch_dag.py
[2025-11-01T13:03:40.743+0530] {processor.py:840} INFO - DAG(s) 'example_nested_branch_dag' retrieved from /home/logi/txtai/venv/lib/python3.10/site-packages/airflow/example_dags/example_nested_branch_dag.py
[2025-11-01T13:03:40.765+0530] {logging_mixin.py:188} INFO - [2025-11-01T13:03:40.764+0530] {dag.py:3089} INFO - Sync 1 DAGs
[2025-11-01T13:03:40.789+0530] {logging_mixin.py:188} INFO - [2025-11-01T13:03:40.786+0530] {dag.py:3947} INFO - Setting next_dagrun for example_nested_branch_dag to 2025-10-31 00:00:00+00:00, run_after=2025-11-01 00:00:00+00:00
[2025-11-01T13:03:40.819+0530] {processor.py:183} INFO - Processing /home/logi/txtai/venv/lib/python3.10/site-packages/airflow/example_dags/example_nested_branch_dag.py took 0.131 seconds
[2025-11-01T13:04:40.866+0530] {processor.py:161} INFO - Started process (PID=10064) to work on /home/logi/txtai/venv/lib/python3.10/site-packages/airflow/example_dags/example_nested_branch_dag.py
[2025-11-01T13:04:40.868+0530] {processor.py:830} INFO - Processing file /home/logi/txtai/venv/lib/python3.10/site-packages/airflow/example_dags/example_nested_branch_dag.py for tasks to queue
[2025-11-01T13:04:40.869+0530] {logging_mixin.py:188} INFO - [2025-11-01T13:04:40.869+0530] {dagbag.py:545} INFO - Filling up the DagBag from /home/logi/txtai/venv/lib/python3.10/site-packages/airflow/example_dags/example_nested_branch_dag.py
[2025-11-01T13:04:40.879+0530] {processor.py:840} INFO - DAG(s) 'example_nested_branch_dag' retrieved from /home/logi/txtai/venv/lib/python3.10/site-packages/airflow/example_dags/example_nested_branch_dag.py
[2025-11-01T13:04:40.893+0530] {logging_mixin.py:188} INFO - [2025-11-01T13:04:40.893+0530] {dag.py:3089} INFO - Sync 1 DAGs
[2025-11-01T13:04:40.908+0530] {logging_mixin.py:188} INFO - [2025-11-01T13:04:40.908+0530] {dag.py:3947} INFO - Setting next_dagrun for example_nested_branch_dag to 2025-10-31 00:00:00+00:00, run_after=2025-11-01 00:00:00+00:00
[2025-11-01T13:04:40.930+0530] {processor.py:183} INFO - Processing /home/logi/txtai/venv/lib/python3.10/site-packages/airflow/example_dags/example_nested_branch_dag.py took 0.069 seconds
[2025-11-01T13:05:36.447+0530] {processor.py:161} INFO - Started process (PID=10189) to work on /home/logi/txtai/venv/lib/python3.10/site-packages/airflow/example_dags/example_nested_branch_dag.py
[2025-11-01T13:05:36.459+0530] {processor.py:830} INFO - Processing file /home/logi/txtai/venv/lib/python3.10/site-packages/airflow/example_dags/example_nested_branch_dag.py for tasks to queue
[2025-11-01T13:05:36.461+0530] {logging_mixin.py:188} INFO - [2025-11-01T13:05:36.461+0530] {dagbag.py:545} INFO - Filling up the DagBag from /home/logi/txtai/venv/lib/python3.10/site-packages/airflow/example_dags/example_nested_branch_dag.py
[2025-11-01T13:05:36.471+0530] {processor.py:840} INFO - DAG(s) 'example_nested_branch_dag' retrieved from /home/logi/txtai/venv/lib/python3.10/site-packages/airflow/example_dags/example_nested_branch_dag.py
[2025-11-01T13:05:36.487+0530] {logging_mixin.py:188} INFO - [2025-11-01T13:05:36.487+0530] {dag.py:3089} INFO - Sync 1 DAGs
[2025-11-01T13:05:36.502+0530] {logging_mixin.py:188} INFO - [2025-11-01T13:05:36.502+0530] {dag.py:3947} INFO - Setting next_dagrun for example_nested_branch_dag to 2025-10-31 00:00:00+00:00, run_after=2025-11-01 00:00:00+00:00
[2025-11-01T13:05:36.529+0530] {processor.py:183} INFO - Processing /home/logi/txtai/venv/lib/python3.10/site-packages/airflow/example_dags/example_nested_branch_dag.py took 0.090 seconds
[2025-11-01T13:06:31.807+0530] {processor.py:161} INFO - Started process (PID=10434) to work on /home/logi/txtai/venv/lib/python3.10/site-packages/airflow/example_dags/example_nested_branch_dag.py
[2025-11-01T13:06:31.821+0530] {processor.py:830} INFO - Processing file /home/logi/txtai/venv/lib/python3.10/site-packages/airflow/example_dags/example_nested_branch_dag.py for tasks to queue
[2025-11-01T13:06:31.824+0530] {logging_mixin.py:188} INFO - [2025-11-01T13:06:31.823+0530] {dagbag.py:545} INFO - Filling up the DagBag from /home/logi/txtai/venv/lib/python3.10/site-packages/airflow/example_dags/example_nested_branch_dag.py
[2025-11-01T13:06:31.840+0530] {processor.py:840} INFO - DAG(s) 'example_nested_branch_dag' retrieved from /home/logi/txtai/venv/lib/python3.10/site-packages/airflow/example_dags/example_nested_branch_dag.py
[2025-11-01T13:06:31.871+0530] {logging_mixin.py:188} INFO - [2025-11-01T13:06:31.871+0530] {dag.py:3089} INFO - Sync 1 DAGs
[2025-11-01T13:06:31.888+0530] {logging_mixin.py:188} INFO - [2025-11-01T13:06:31.888+0530] {dag.py:3947} INFO - Setting next_dagrun for example_nested_branch_dag to 2025-10-31 00:00:00+00:00, run_after=2025-11-01 00:00:00+00:00
[2025-11-01T13:06:31.912+0530] {processor.py:183} INFO - Processing /home/logi/txtai/venv/lib/python3.10/site-packages/airflow/example_dags/example_nested_branch_dag.py took 0.116 seconds
[2025-11-01T13:07:26.147+0530] {processor.py:161} INFO - Started process (PID=10560) to work on /home/logi/txtai/venv/lib/python3.10/site-packages/airflow/example_dags/example_nested_branch_dag.py
[2025-11-01T13:07:26.149+0530] {processor.py:830} INFO - Processing file /home/logi/txtai/venv/lib/python3.10/site-packages/airflow/example_dags/example_nested_branch_dag.py for tasks to queue
[2025-11-01T13:07:26.153+0530] {logging_mixin.py:188} INFO - [2025-11-01T13:07:26.152+0530] {dagbag.py:545} INFO - Filling up the DagBag from /home/logi/txtai/venv/lib/python3.10/site-packages/airflow/example_dags/example_nested_branch_dag.py
[2025-11-01T13:07:26.168+0530] {processor.py:840} INFO - DAG(s) 'example_nested_branch_dag' retrieved from /home/logi/txtai/venv/lib/python3.10/site-packages/airflow/example_dags/example_nested_branch_dag.py
[2025-11-01T13:07:26.194+0530] {logging_mixin.py:188} INFO - [2025-11-01T13:07:26.194+0530] {dag.py:3089} INFO - Sync 1 DAGs
[2025-11-01T13:07:26.209+0530] {logging_mixin.py:188} INFO - [2025-11-01T13:07:26.209+0530] {dag.py:3947} INFO - Setting next_dagrun for example_nested_branch_dag to 2025-10-31 00:00:00+00:00, run_after=2025-11-01 00:00:00+00:00
[2025-11-01T13:07:26.238+0530] {processor.py:183} INFO - Processing /home/logi/txtai/venv/lib/python3.10/site-packages/airflow/example_dags/example_nested_branch_dag.py took 0.101 seconds
[2025-11-01T13:08:44.291+0530] {processor.py:161} INFO - Started process (PID=10999) to work on /home/logi/txtai/venv/lib/python3.10/site-packages/airflow/example_dags/example_nested_branch_dag.py
[2025-11-01T13:08:44.292+0530] {processor.py:830} INFO - Processing file /home/logi/txtai/venv/lib/python3.10/site-packages/airflow/example_dags/example_nested_branch_dag.py for tasks to queue
[2025-11-01T13:08:44.296+0530] {logging_mixin.py:188} INFO - [2025-11-01T13:08:44.295+0530] {dagbag.py:545} INFO - Filling up the DagBag from /home/logi/txtai/venv/lib/python3.10/site-packages/airflow/example_dags/example_nested_branch_dag.py
[2025-11-01T13:08:44.307+0530] {processor.py:840} INFO - DAG(s) 'example_nested_branch_dag' retrieved from /home/logi/txtai/venv/lib/python3.10/site-packages/airflow/example_dags/example_nested_branch_dag.py
[2025-11-01T13:08:44.321+0530] {logging_mixin.py:188} INFO - [2025-11-01T13:08:44.321+0530] {dag.py:3089} INFO - Sync 1 DAGs
[2025-11-01T13:08:44.337+0530] {logging_mixin.py:188} INFO - [2025-11-01T13:08:44.337+0530] {dag.py:3947} INFO - Setting next_dagrun for example_nested_branch_dag to 2025-10-31 00:00:00+00:00, run_after=2025-11-01 00:00:00+00:00
[2025-11-01T13:08:44.361+0530] {processor.py:183} INFO - Processing /home/logi/txtai/venv/lib/python3.10/site-packages/airflow/example_dags/example_nested_branch_dag.py took 0.075 seconds
[2025-11-01T13:09:38.288+0530] {processor.py:161} INFO - Started process (PID=11198) to work on /home/logi/txtai/venv/lib/python3.10/site-packages/airflow/example_dags/example_nested_branch_dag.py
[2025-11-01T13:09:38.301+0530] {processor.py:830} INFO - Processing file /home/logi/txtai/venv/lib/python3.10/site-packages/airflow/example_dags/example_nested_branch_dag.py for tasks to queue
[2025-11-01T13:09:38.304+0530] {logging_mixin.py:188} INFO - [2025-11-01T13:09:38.304+0530] {dagbag.py:545} INFO - Filling up the DagBag from /home/logi/txtai/venv/lib/python3.10/site-packages/airflow/example_dags/example_nested_branch_dag.py
[2025-11-01T13:09:38.322+0530] {processor.py:840} INFO - DAG(s) 'example_nested_branch_dag' retrieved from /home/logi/txtai/venv/lib/python3.10/site-packages/airflow/example_dags/example_nested_branch_dag.py
[2025-11-01T13:09:38.348+0530] {logging_mixin.py:188} INFO - [2025-11-01T13:09:38.348+0530] {dag.py:3089} INFO - Sync 1 DAGs
[2025-11-01T13:09:38.365+0530] {logging_mixin.py:188} INFO - [2025-11-01T13:09:38.365+0530] {dag.py:3947} INFO - Setting next_dagrun for example_nested_branch_dag to 2025-10-31 00:00:00+00:00, run_after=2025-11-01 00:00:00+00:00
[2025-11-01T13:09:38.382+0530] {processor.py:183} INFO - Processing /home/logi/txtai/venv/lib/python3.10/site-packages/airflow/example_dags/example_nested_branch_dag.py took 0.104 seconds
[2025-11-01T13:10:34.758+0530] {processor.py:161} INFO - Started process (PID=11407) to work on /home/logi/txtai/venv/lib/python3.10/site-packages/airflow/example_dags/example_nested_branch_dag.py
[2025-11-01T13:10:34.771+0530] {processor.py:830} INFO - Processing file /home/logi/txtai/venv/lib/python3.10/site-packages/airflow/example_dags/example_nested_branch_dag.py for tasks to queue
[2025-11-01T13:10:34.774+0530] {logging_mixin.py:188} INFO - [2025-11-01T13:10:34.773+0530] {dagbag.py:545} INFO - Filling up the DagBag from /home/logi/txtai/venv/lib/python3.10/site-packages/airflow/example_dags/example_nested_branch_dag.py
[2025-11-01T13:10:34.790+0530] {processor.py:840} INFO - DAG(s) 'example_nested_branch_dag' retrieved from /home/logi/txtai/venv/lib/python3.10/site-packages/airflow/example_dags/example_nested_branch_dag.py
[2025-11-01T13:10:34.818+0530] {logging_mixin.py:188} INFO - [2025-11-01T13:10:34.817+0530] {dag.py:3089} INFO - Sync 1 DAGs
[2025-11-01T13:10:34.837+0530] {logging_mixin.py:188} INFO - [2025-11-01T13:10:34.837+0530] {dag.py:3947} INFO - Setting next_dagrun for example_nested_branch_dag to 2025-10-31 00:00:00+00:00, run_after=2025-11-01 00:00:00+00:00
[2025-11-01T13:10:34.855+0530] {processor.py:183} INFO - Processing /home/logi/txtai/venv/lib/python3.10/site-packages/airflow/example_dags/example_nested_branch_dag.py took 0.107 seconds
[2025-11-01T13:11:28.446+0530] {processor.py:161} INFO - Started process (PID=11536) to work on /home/logi/txtai/venv/lib/python3.10/site-packages/airflow/example_dags/example_nested_branch_dag.py
[2025-11-01T13:11:28.459+0530] {processor.py:830} INFO - Processing file /home/logi/txtai/venv/lib/python3.10/site-packages/airflow/example_dags/example_nested_branch_dag.py for tasks to queue
[2025-11-01T13:11:28.463+0530] {logging_mixin.py:188} INFO - [2025-11-01T13:11:28.462+0530] {dagbag.py:545} INFO - Filling up the DagBag from /home/logi/txtai/venv/lib/python3.10/site-packages/airflow/example_dags/example_nested_branch_dag.py
[2025-11-01T13:11:28.474+0530] {processor.py:840} INFO - DAG(s) 'example_nested_branch_dag' retrieved from /home/logi/txtai/venv/lib/python3.10/site-packages/airflow/example_dags/example_nested_branch_dag.py
[2025-11-01T13:11:28.488+0530] {logging_mixin.py:188} INFO - [2025-11-01T13:11:28.488+0530] {dag.py:3089} INFO - Sync 1 DAGs
[2025-11-01T13:11:28.505+0530] {logging_mixin.py:188} INFO - [2025-11-01T13:11:28.505+0530] {dag.py:3947} INFO - Setting next_dagrun for example_nested_branch_dag to 2025-10-31 00:00:00+00:00, run_after=2025-11-01 00:00:00+00:00
[2025-11-01T13:11:28.522+0530] {processor.py:183} INFO - Processing /home/logi/txtai/venv/lib/python3.10/site-packages/airflow/example_dags/example_nested_branch_dag.py took 0.083 seconds
[2025-11-01T13:12:45.258+0530] {processor.py:161} INFO - Started process (PID=11822) to work on /home/logi/txtai/venv/lib/python3.10/site-packages/airflow/example_dags/example_nested_branch_dag.py
[2025-11-01T13:12:45.272+0530] {processor.py:830} INFO - Processing file /home/logi/txtai/venv/lib/python3.10/site-packages/airflow/example_dags/example_nested_branch_dag.py for tasks to queue
[2025-11-01T13:12:45.274+0530] {logging_mixin.py:188} INFO - [2025-11-01T13:12:45.274+0530] {dagbag.py:545} INFO - Filling up the DagBag from /home/logi/txtai/venv/lib/python3.10/site-packages/airflow/example_dags/example_nested_branch_dag.py
[2025-11-01T13:12:45.283+0530] {processor.py:840} INFO - DAG(s) 'example_nested_branch_dag' retrieved from /home/logi/txtai/venv/lib/python3.10/site-packages/airflow/example_dags/example_nested_branch_dag.py
[2025-11-01T13:12:45.301+0530] {logging_mixin.py:188} INFO - [2025-11-01T13:12:45.301+0530] {dag.py:3089} INFO - Sync 1 DAGs
[2025-11-01T13:12:45.318+0530] {logging_mixin.py:188} INFO - [2025-11-01T13:12:45.318+0530] {dag.py:3947} INFO - Setting next_dagrun for example_nested_branch_dag to 2025-10-31 00:00:00+00:00, run_after=2025-11-01 00:00:00+00:00
[2025-11-01T13:12:45.351+0530] {processor.py:183} INFO - Processing /home/logi/txtai/venv/lib/python3.10/site-packages/airflow/example_dags/example_nested_branch_dag.py took 0.103 seconds
[2025-11-01T13:13:38.299+0530] {processor.py:161} INFO - Started process (PID=11946) to work on /home/logi/txtai/venv/lib/python3.10/site-packages/airflow/example_dags/example_nested_branch_dag.py
[2025-11-01T13:13:38.300+0530] {processor.py:830} INFO - Processing file /home/logi/txtai/venv/lib/python3.10/site-packages/airflow/example_dags/example_nested_branch_dag.py for tasks to queue
[2025-11-01T13:13:38.301+0530] {logging_mixin.py:188} INFO - [2025-11-01T13:13:38.301+0530] {dagbag.py:545} INFO - Filling up the DagBag from /home/logi/txtai/venv/lib/python3.10/site-packages/airflow/example_dags/example_nested_branch_dag.py
[2025-11-01T13:13:38.311+0530] {processor.py:840} INFO - DAG(s) 'example_nested_branch_dag' retrieved from /home/logi/txtai/venv/lib/python3.10/site-packages/airflow/example_dags/example_nested_branch_dag.py
[2025-11-01T13:13:38.325+0530] {logging_mixin.py:188} INFO - [2025-11-01T13:13:38.325+0530] {dag.py:3089} INFO - Sync 1 DAGs
[2025-11-01T13:13:38.341+0530] {logging_mixin.py:188} INFO - [2025-11-01T13:13:38.341+0530] {dag.py:3947} INFO - Setting next_dagrun for example_nested_branch_dag to 2025-10-31 00:00:00+00:00, run_after=2025-11-01 00:00:00+00:00
[2025-11-01T13:13:38.364+0530] {processor.py:183} INFO - Processing /home/logi/txtai/venv/lib/python3.10/site-packages/airflow/example_dags/example_nested_branch_dag.py took 0.074 seconds
[2025-11-01T13:14:34.320+0530] {processor.py:161} INFO - Started process (PID=12216) to work on /home/logi/txtai/venv/lib/python3.10/site-packages/airflow/example_dags/example_nested_branch_dag.py
[2025-11-01T13:14:34.333+0530] {processor.py:830} INFO - Processing file /home/logi/txtai/venv/lib/python3.10/site-packages/airflow/example_dags/example_nested_branch_dag.py for tasks to queue
[2025-11-01T13:14:34.337+0530] {logging_mixin.py:188} INFO - [2025-11-01T13:14:34.336+0530] {dagbag.py:545} INFO - Filling up the DagBag from /home/logi/txtai/venv/lib/python3.10/site-packages/airflow/example_dags/example_nested_branch_dag.py
[2025-11-01T13:14:34.349+0530] {processor.py:840} INFO - DAG(s) 'example_nested_branch_dag' retrieved from /home/logi/txtai/venv/lib/python3.10/site-packages/airflow/example_dags/example_nested_branch_dag.py
[2025-11-01T13:14:34.368+0530] {logging_mixin.py:188} INFO - [2025-11-01T13:14:34.368+0530] {dag.py:3089} INFO - Sync 1 DAGs
[2025-11-01T13:14:34.396+0530] {logging_mixin.py:188} INFO - [2025-11-01T13:14:34.396+0530] {dag.py:3947} INFO - Setting next_dagrun for example_nested_branch_dag to 2025-10-31 00:00:00+00:00, run_after=2025-11-01 00:00:00+00:00
[2025-11-01T13:14:34.418+0530] {processor.py:183} INFO - Processing /home/logi/txtai/venv/lib/python3.10/site-packages/airflow/example_dags/example_nested_branch_dag.py took 0.108 seconds
