[2025-11-01T12:49:18.173+0530] {processor.py:161} INFO - Started process (PID=6961) to work on /home/logi/txtai/venv/lib/python3.10/site-packages/airflow/example_dags/example_skip_dag.py
[2025-11-01T12:49:18.174+0530] {processor.py:830} INFO - Processing file /home/logi/txtai/venv/lib/python3.10/site-packages/airflow/example_dags/example_skip_dag.py for tasks to queue
[2025-11-01T12:49:18.177+0530] {logging_mixin.py:188} INFO - [2025-11-01T12:49:18.176+0530] {dagbag.py:545} INFO - Filling up the DagBag from /home/logi/txtai/venv/lib/python3.10/site-packages/airflow/example_dags/example_skip_dag.py
[2025-11-01T12:49:18.194+0530] {processor.py:840} INFO - DAG(s) 'example_skip_dag' retrieved from /home/logi/txtai/venv/lib/python3.10/site-packages/airflow/example_dags/example_skip_dag.py
[2025-11-01T12:49:18.211+0530] {logging_mixin.py:188} INFO - [2025-11-01T12:49:18.210+0530] {dag.py:3089} INFO - Sync 1 DAGs
[2025-11-01T12:49:18.229+0530] {logging_mixin.py:188} INFO - [2025-11-01T12:49:18.229+0530] {dag.py:3947} INFO - Setting next_dagrun for example_skip_dag to 2025-10-31 00:00:00+00:00, run_after=2025-11-01 00:00:00+00:00
[2025-11-01T12:49:18.260+0530] {processor.py:183} INFO - Processing /home/logi/txtai/venv/lib/python3.10/site-packages/airflow/example_dags/example_skip_dag.py took 0.097 seconds
[2025-11-01T12:50:24.415+0530] {processor.py:161} INFO - Started process (PID=7231) to work on /home/logi/txtai/venv/lib/python3.10/site-packages/airflow/example_dags/example_skip_dag.py
[2025-11-01T12:50:24.428+0530] {processor.py:830} INFO - Processing file /home/logi/txtai/venv/lib/python3.10/site-packages/airflow/example_dags/example_skip_dag.py for tasks to queue
[2025-11-01T12:50:24.431+0530] {logging_mixin.py:188} INFO - [2025-11-01T12:50:24.431+0530] {dagbag.py:545} INFO - Filling up the DagBag from /home/logi/txtai/venv/lib/python3.10/site-packages/airflow/example_dags/example_skip_dag.py
[2025-11-01T12:50:24.437+0530] {processor.py:840} INFO - DAG(s) 'example_skip_dag' retrieved from /home/logi/txtai/venv/lib/python3.10/site-packages/airflow/example_dags/example_skip_dag.py
[2025-11-01T12:50:24.451+0530] {logging_mixin.py:188} INFO - [2025-11-01T12:50:24.451+0530] {dag.py:3089} INFO - Sync 1 DAGs
[2025-11-01T12:50:24.468+0530] {logging_mixin.py:188} INFO - [2025-11-01T12:50:24.468+0530] {dag.py:3947} INFO - Setting next_dagrun for example_skip_dag to 2025-10-31 00:00:00+00:00, run_after=2025-11-01 00:00:00+00:00
[2025-11-01T12:50:24.485+0530] {processor.py:183} INFO - Processing /home/logi/txtai/venv/lib/python3.10/site-packages/airflow/example_dags/example_skip_dag.py took 0.076 seconds
[2025-11-01T12:51:32.617+0530] {processor.py:161} INFO - Started process (PID=7509) to work on /home/logi/txtai/venv/lib/python3.10/site-packages/airflow/example_dags/example_skip_dag.py
[2025-11-01T12:51:32.619+0530] {processor.py:830} INFO - Processing file /home/logi/txtai/venv/lib/python3.10/site-packages/airflow/example_dags/example_skip_dag.py for tasks to queue
[2025-11-01T12:51:32.623+0530] {logging_mixin.py:188} INFO - [2025-11-01T12:51:32.622+0530] {dagbag.py:545} INFO - Filling up the DagBag from /home/logi/txtai/venv/lib/python3.10/site-packages/airflow/example_dags/example_skip_dag.py
[2025-11-01T12:51:32.634+0530] {processor.py:840} INFO - DAG(s) 'example_skip_dag' retrieved from /home/logi/txtai/venv/lib/python3.10/site-packages/airflow/example_dags/example_skip_dag.py
[2025-11-01T12:51:32.657+0530] {logging_mixin.py:188} INFO - [2025-11-01T12:51:32.657+0530] {dag.py:3089} INFO - Sync 1 DAGs
[2025-11-01T12:51:32.673+0530] {logging_mixin.py:188} INFO - [2025-11-01T12:51:32.672+0530] {dag.py:3947} INFO - Setting next_dagrun for example_skip_dag to 2025-10-31 00:00:00+00:00, run_after=2025-11-01 00:00:00+00:00
[2025-11-01T12:51:32.688+0530] {processor.py:183} INFO - Processing /home/logi/txtai/venv/lib/python3.10/site-packages/airflow/example_dags/example_skip_dag.py took 0.081 seconds
[2025-11-01T12:52:36.923+0530] {processor.py:161} INFO - Started process (PID=7869) to work on /home/logi/txtai/venv/lib/python3.10/site-packages/airflow/example_dags/example_skip_dag.py
[2025-11-01T12:52:36.937+0530] {processor.py:830} INFO - Processing file /home/logi/txtai/venv/lib/python3.10/site-packages/airflow/example_dags/example_skip_dag.py for tasks to queue
[2025-11-01T12:52:36.940+0530] {logging_mixin.py:188} INFO - [2025-11-01T12:52:36.940+0530] {dagbag.py:545} INFO - Filling up the DagBag from /home/logi/txtai/venv/lib/python3.10/site-packages/airflow/example_dags/example_skip_dag.py
[2025-11-01T12:52:36.951+0530] {processor.py:840} INFO - DAG(s) 'example_skip_dag' retrieved from /home/logi/txtai/venv/lib/python3.10/site-packages/airflow/example_dags/example_skip_dag.py
[2025-11-01T12:52:36.977+0530] {logging_mixin.py:188} INFO - [2025-11-01T12:52:36.977+0530] {dag.py:3089} INFO - Sync 1 DAGs
[2025-11-01T12:52:36.996+0530] {logging_mixin.py:188} INFO - [2025-11-01T12:52:36.996+0530] {dag.py:3947} INFO - Setting next_dagrun for example_skip_dag to 2025-10-31 00:00:00+00:00, run_after=2025-11-01 00:00:00+00:00
[2025-11-01T12:52:37.012+0530] {processor.py:183} INFO - Processing /home/logi/txtai/venv/lib/python3.10/site-packages/airflow/example_dags/example_skip_dag.py took 0.099 seconds
[2025-11-01T12:53:31.040+0530] {processor.py:161} INFO - Started process (PID=7951) to work on /home/logi/txtai/venv/lib/python3.10/site-packages/airflow/example_dags/example_skip_dag.py
[2025-11-01T12:53:31.042+0530] {processor.py:830} INFO - Processing file /home/logi/txtai/venv/lib/python3.10/site-packages/airflow/example_dags/example_skip_dag.py for tasks to queue
[2025-11-01T12:53:31.045+0530] {logging_mixin.py:188} INFO - [2025-11-01T12:53:31.045+0530] {dagbag.py:545} INFO - Filling up the DagBag from /home/logi/txtai/venv/lib/python3.10/site-packages/airflow/example_dags/example_skip_dag.py
[2025-11-01T12:53:31.053+0530] {processor.py:840} INFO - DAG(s) 'example_skip_dag' retrieved from /home/logi/txtai/venv/lib/python3.10/site-packages/airflow/example_dags/example_skip_dag.py
[2025-11-01T12:53:31.067+0530] {logging_mixin.py:188} INFO - [2025-11-01T12:53:31.067+0530] {dag.py:3089} INFO - Sync 1 DAGs
[2025-11-01T12:53:31.082+0530] {logging_mixin.py:188} INFO - [2025-11-01T12:53:31.082+0530] {dag.py:3947} INFO - Setting next_dagrun for example_skip_dag to 2025-10-31 00:00:00+00:00, run_after=2025-11-01 00:00:00+00:00
[2025-11-01T12:53:31.104+0530] {processor.py:183} INFO - Processing /home/logi/txtai/venv/lib/python3.10/site-packages/airflow/example_dags/example_skip_dag.py took 0.071 seconds
[2025-11-01T12:54:26.769+0530] {processor.py:161} INFO - Started process (PID=8184) to work on /home/logi/txtai/venv/lib/python3.10/site-packages/airflow/example_dags/example_skip_dag.py
[2025-11-01T12:54:26.781+0530] {processor.py:830} INFO - Processing file /home/logi/txtai/venv/lib/python3.10/site-packages/airflow/example_dags/example_skip_dag.py for tasks to queue
[2025-11-01T12:54:26.785+0530] {logging_mixin.py:188} INFO - [2025-11-01T12:54:26.784+0530] {dagbag.py:545} INFO - Filling up the DagBag from /home/logi/txtai/venv/lib/python3.10/site-packages/airflow/example_dags/example_skip_dag.py
[2025-11-01T12:54:26.792+0530] {processor.py:840} INFO - DAG(s) 'example_skip_dag' retrieved from /home/logi/txtai/venv/lib/python3.10/site-packages/airflow/example_dags/example_skip_dag.py
[2025-11-01T12:54:26.807+0530] {logging_mixin.py:188} INFO - [2025-11-01T12:54:26.807+0530] {dag.py:3089} INFO - Sync 1 DAGs
[2025-11-01T12:54:26.821+0530] {logging_mixin.py:188} INFO - [2025-11-01T12:54:26.821+0530] {dag.py:3947} INFO - Setting next_dagrun for example_skip_dag to 2025-10-31 00:00:00+00:00, run_after=2025-11-01 00:00:00+00:00
[2025-11-01T12:54:26.841+0530] {processor.py:183} INFO - Processing /home/logi/txtai/venv/lib/python3.10/site-packages/airflow/example_dags/example_skip_dag.py took 0.082 seconds
[2025-11-01T12:55:18.545+0530] {processor.py:161} INFO - Started process (PID=8264) to work on /home/logi/txtai/venv/lib/python3.10/site-packages/airflow/example_dags/example_skip_dag.py
[2025-11-01T12:55:18.547+0530] {processor.py:830} INFO - Processing file /home/logi/txtai/venv/lib/python3.10/site-packages/airflow/example_dags/example_skip_dag.py for tasks to queue
[2025-11-01T12:55:18.551+0530] {logging_mixin.py:188} INFO - [2025-11-01T12:55:18.551+0530] {dagbag.py:545} INFO - Filling up the DagBag from /home/logi/txtai/venv/lib/python3.10/site-packages/airflow/example_dags/example_skip_dag.py
[2025-11-01T12:55:18.563+0530] {processor.py:840} INFO - DAG(s) 'example_skip_dag' retrieved from /home/logi/txtai/venv/lib/python3.10/site-packages/airflow/example_dags/example_skip_dag.py
[2025-11-01T12:55:18.589+0530] {logging_mixin.py:188} INFO - [2025-11-01T12:55:18.588+0530] {dag.py:3089} INFO - Sync 1 DAGs
[2025-11-01T12:55:18.603+0530] {logging_mixin.py:188} INFO - [2025-11-01T12:55:18.603+0530] {dag.py:3947} INFO - Setting next_dagrun for example_skip_dag to 2025-10-31 00:00:00+00:00, run_after=2025-11-01 00:00:00+00:00
[2025-11-01T12:55:18.631+0530] {processor.py:183} INFO - Processing /home/logi/txtai/venv/lib/python3.10/site-packages/airflow/example_dags/example_skip_dag.py took 0.097 seconds
[2025-11-01T12:56:24.493+0530] {processor.py:161} INFO - Started process (PID=8522) to work on /home/logi/txtai/venv/lib/python3.10/site-packages/airflow/example_dags/example_skip_dag.py
[2025-11-01T12:56:24.507+0530] {processor.py:830} INFO - Processing file /home/logi/txtai/venv/lib/python3.10/site-packages/airflow/example_dags/example_skip_dag.py for tasks to queue
[2025-11-01T12:56:24.510+0530] {logging_mixin.py:188} INFO - [2025-11-01T12:56:24.509+0530] {dagbag.py:545} INFO - Filling up the DagBag from /home/logi/txtai/venv/lib/python3.10/site-packages/airflow/example_dags/example_skip_dag.py
[2025-11-01T12:56:24.521+0530] {processor.py:840} INFO - DAG(s) 'example_skip_dag' retrieved from /home/logi/txtai/venv/lib/python3.10/site-packages/airflow/example_dags/example_skip_dag.py
[2025-11-01T12:56:24.548+0530] {logging_mixin.py:188} INFO - [2025-11-01T12:56:24.547+0530] {dag.py:3089} INFO - Sync 1 DAGs
[2025-11-01T12:56:24.568+0530] {logging_mixin.py:188} INFO - [2025-11-01T12:56:24.568+0530] {dag.py:3947} INFO - Setting next_dagrun for example_skip_dag to 2025-10-31 00:00:00+00:00, run_after=2025-11-01 00:00:00+00:00
[2025-11-01T12:56:24.594+0530] {processor.py:183} INFO - Processing /home/logi/txtai/venv/lib/python3.10/site-packages/airflow/example_dags/example_skip_dag.py took 0.112 seconds
[2025-11-01T12:57:18.132+0530] {processor.py:161} INFO - Started process (PID=8605) to work on /home/logi/txtai/venv/lib/python3.10/site-packages/airflow/example_dags/example_skip_dag.py
[2025-11-01T12:57:18.145+0530] {processor.py:830} INFO - Processing file /home/logi/txtai/venv/lib/python3.10/site-packages/airflow/example_dags/example_skip_dag.py for tasks to queue
[2025-11-01T12:57:18.148+0530] {logging_mixin.py:188} INFO - [2025-11-01T12:57:18.147+0530] {dagbag.py:545} INFO - Filling up the DagBag from /home/logi/txtai/venv/lib/python3.10/site-packages/airflow/example_dags/example_skip_dag.py
[2025-11-01T12:57:18.159+0530] {processor.py:840} INFO - DAG(s) 'example_skip_dag' retrieved from /home/logi/txtai/venv/lib/python3.10/site-packages/airflow/example_dags/example_skip_dag.py
[2025-11-01T12:57:18.188+0530] {logging_mixin.py:188} INFO - [2025-11-01T12:57:18.188+0530] {dag.py:3089} INFO - Sync 1 DAGs
[2025-11-01T12:57:18.207+0530] {logging_mixin.py:188} INFO - [2025-11-01T12:57:18.207+0530] {dag.py:3947} INFO - Setting next_dagrun for example_skip_dag to 2025-10-31 00:00:00+00:00, run_after=2025-11-01 00:00:00+00:00
[2025-11-01T12:57:18.233+0530] {processor.py:183} INFO - Processing /home/logi/txtai/venv/lib/python3.10/site-packages/airflow/example_dags/example_skip_dag.py took 0.111 seconds
[2025-11-01T12:58:13.224+0530] {processor.py:161} INFO - Started process (PID=8787) to work on /home/logi/txtai/venv/lib/python3.10/site-packages/airflow/example_dags/example_skip_dag.py
[2025-11-01T12:58:13.232+0530] {processor.py:830} INFO - Processing file /home/logi/txtai/venv/lib/python3.10/site-packages/airflow/example_dags/example_skip_dag.py for tasks to queue
[2025-11-01T12:58:13.235+0530] {logging_mixin.py:188} INFO - [2025-11-01T12:58:13.234+0530] {dagbag.py:545} INFO - Filling up the DagBag from /home/logi/txtai/venv/lib/python3.10/site-packages/airflow/example_dags/example_skip_dag.py
[2025-11-01T12:58:13.246+0530] {processor.py:840} INFO - DAG(s) 'example_skip_dag' retrieved from /home/logi/txtai/venv/lib/python3.10/site-packages/airflow/example_dags/example_skip_dag.py
[2025-11-01T12:58:13.279+0530] {logging_mixin.py:188} INFO - [2025-11-01T12:58:13.278+0530] {dag.py:3089} INFO - Sync 1 DAGs
[2025-11-01T12:58:13.300+0530] {logging_mixin.py:188} INFO - [2025-11-01T12:58:13.300+0530] {dag.py:3947} INFO - Setting next_dagrun for example_skip_dag to 2025-10-31 00:00:00+00:00, run_after=2025-11-01 00:00:00+00:00
[2025-11-01T12:58:13.325+0530] {processor.py:183} INFO - Processing /home/logi/txtai/venv/lib/python3.10/site-packages/airflow/example_dags/example_skip_dag.py took 0.112 seconds
[2025-11-01T12:59:08.222+0530] {processor.py:161} INFO - Started process (PID=8904) to work on /home/logi/txtai/venv/lib/python3.10/site-packages/airflow/example_dags/example_skip_dag.py
[2025-11-01T12:59:08.234+0530] {processor.py:830} INFO - Processing file /home/logi/txtai/venv/lib/python3.10/site-packages/airflow/example_dags/example_skip_dag.py for tasks to queue
[2025-11-01T12:59:08.236+0530] {logging_mixin.py:188} INFO - [2025-11-01T12:59:08.236+0530] {dagbag.py:545} INFO - Filling up the DagBag from /home/logi/txtai/venv/lib/python3.10/site-packages/airflow/example_dags/example_skip_dag.py
[2025-11-01T12:59:08.242+0530] {processor.py:840} INFO - DAG(s) 'example_skip_dag' retrieved from /home/logi/txtai/venv/lib/python3.10/site-packages/airflow/example_dags/example_skip_dag.py
[2025-11-01T12:59:08.260+0530] {logging_mixin.py:188} INFO - [2025-11-01T12:59:08.260+0530] {dag.py:3089} INFO - Sync 1 DAGs
[2025-11-01T12:59:08.277+0530] {logging_mixin.py:188} INFO - [2025-11-01T12:59:08.276+0530] {dag.py:3947} INFO - Setting next_dagrun for example_skip_dag to 2025-10-31 00:00:00+00:00, run_after=2025-11-01 00:00:00+00:00
[2025-11-01T12:59:08.302+0530] {processor.py:183} INFO - Processing /home/logi/txtai/venv/lib/python3.10/site-packages/airflow/example_dags/example_skip_dag.py took 0.086 seconds
[2025-11-01T12:59:54.192+0530] {processor.py:161} INFO - Started process (PID=8975) to work on /home/logi/txtai/venv/lib/python3.10/site-packages/airflow/example_dags/example_skip_dag.py
[2025-11-01T12:59:54.205+0530] {processor.py:830} INFO - Processing file /home/logi/txtai/venv/lib/python3.10/site-packages/airflow/example_dags/example_skip_dag.py for tasks to queue
[2025-11-01T12:59:54.208+0530] {logging_mixin.py:188} INFO - [2025-11-01T12:59:54.207+0530] {dagbag.py:545} INFO - Filling up the DagBag from /home/logi/txtai/venv/lib/python3.10/site-packages/airflow/example_dags/example_skip_dag.py
[2025-11-01T12:59:54.219+0530] {processor.py:840} INFO - DAG(s) 'example_skip_dag' retrieved from /home/logi/txtai/venv/lib/python3.10/site-packages/airflow/example_dags/example_skip_dag.py
[2025-11-01T12:59:54.245+0530] {logging_mixin.py:188} INFO - [2025-11-01T12:59:54.245+0530] {dag.py:3089} INFO - Sync 1 DAGs
[2025-11-01T12:59:54.267+0530] {logging_mixin.py:188} INFO - [2025-11-01T12:59:54.266+0530] {dag.py:3947} INFO - Setting next_dagrun for example_skip_dag to 2025-10-31 00:00:00+00:00, run_after=2025-11-01 00:00:00+00:00
[2025-11-01T12:59:54.290+0530] {processor.py:183} INFO - Processing /home/logi/txtai/venv/lib/python3.10/site-packages/airflow/example_dags/example_skip_dag.py took 0.108 seconds
[2025-11-01T13:00:55.740+0530] {processor.py:161} INFO - Started process (PID=9191) to work on /home/logi/txtai/venv/lib/python3.10/site-packages/airflow/example_dags/example_skip_dag.py
[2025-11-01T13:00:55.754+0530] {processor.py:830} INFO - Processing file /home/logi/txtai/venv/lib/python3.10/site-packages/airflow/example_dags/example_skip_dag.py for tasks to queue
[2025-11-01T13:00:55.759+0530] {logging_mixin.py:188} INFO - [2025-11-01T13:00:55.758+0530] {dagbag.py:545} INFO - Filling up the DagBag from /home/logi/txtai/venv/lib/python3.10/site-packages/airflow/example_dags/example_skip_dag.py
[2025-11-01T13:00:55.765+0530] {processor.py:840} INFO - DAG(s) 'example_skip_dag' retrieved from /home/logi/txtai/venv/lib/python3.10/site-packages/airflow/example_dags/example_skip_dag.py
[2025-11-01T13:00:55.792+0530] {logging_mixin.py:188} INFO - [2025-11-01T13:00:55.791+0530] {dag.py:3089} INFO - Sync 1 DAGs
[2025-11-01T13:00:55.815+0530] {logging_mixin.py:188} INFO - [2025-11-01T13:00:55.815+0530] {dag.py:3947} INFO - Setting next_dagrun for example_skip_dag to 2025-10-31 00:00:00+00:00, run_after=2025-11-01 00:00:00+00:00
[2025-11-01T13:00:55.839+0530] {processor.py:183} INFO - Processing /home/logi/txtai/venv/lib/python3.10/site-packages/airflow/example_dags/example_skip_dag.py took 0.104 seconds
[2025-11-01T13:01:47.040+0530] {processor.py:161} INFO - Started process (PID=9341) to work on /home/logi/txtai/venv/lib/python3.10/site-packages/airflow/example_dags/example_skip_dag.py
[2025-11-01T13:01:47.053+0530] {processor.py:830} INFO - Processing file /home/logi/txtai/venv/lib/python3.10/site-packages/airflow/example_dags/example_skip_dag.py for tasks to queue
[2025-11-01T13:01:47.056+0530] {logging_mixin.py:188} INFO - [2025-11-01T13:01:47.055+0530] {dagbag.py:545} INFO - Filling up the DagBag from /home/logi/txtai/venv/lib/python3.10/site-packages/airflow/example_dags/example_skip_dag.py
[2025-11-01T13:01:47.067+0530] {processor.py:840} INFO - DAG(s) 'example_skip_dag' retrieved from /home/logi/txtai/venv/lib/python3.10/site-packages/airflow/example_dags/example_skip_dag.py
[2025-11-01T13:01:47.097+0530] {logging_mixin.py:188} INFO - [2025-11-01T13:01:47.096+0530] {dag.py:3089} INFO - Sync 1 DAGs
[2025-11-01T13:01:47.115+0530] {logging_mixin.py:188} INFO - [2025-11-01T13:01:47.115+0530] {dag.py:3947} INFO - Setting next_dagrun for example_skip_dag to 2025-10-31 00:00:00+00:00, run_after=2025-11-01 00:00:00+00:00
[2025-11-01T13:01:47.140+0530] {processor.py:183} INFO - Processing /home/logi/txtai/venv/lib/python3.10/site-packages/airflow/example_dags/example_skip_dag.py took 0.110 seconds
[2025-11-01T13:02:40.624+0530] {processor.py:161} INFO - Started process (PID=9611) to work on /home/logi/txtai/venv/lib/python3.10/site-packages/airflow/example_dags/example_skip_dag.py
[2025-11-01T13:02:40.638+0530] {processor.py:830} INFO - Processing file /home/logi/txtai/venv/lib/python3.10/site-packages/airflow/example_dags/example_skip_dag.py for tasks to queue
[2025-11-01T13:02:40.642+0530] {logging_mixin.py:188} INFO - [2025-11-01T13:02:40.641+0530] {dagbag.py:545} INFO - Filling up the DagBag from /home/logi/txtai/venv/lib/python3.10/site-packages/airflow/example_dags/example_skip_dag.py
[2025-11-01T13:02:40.652+0530] {processor.py:840} INFO - DAG(s) 'example_skip_dag' retrieved from /home/logi/txtai/venv/lib/python3.10/site-packages/airflow/example_dags/example_skip_dag.py
[2025-11-01T13:02:40.686+0530] {logging_mixin.py:188} INFO - [2025-11-01T13:02:40.686+0530] {dag.py:3089} INFO - Sync 1 DAGs
[2025-11-01T13:02:40.713+0530] {logging_mixin.py:188} INFO - [2025-11-01T13:02:40.713+0530] {dag.py:3947} INFO - Setting next_dagrun for example_skip_dag to 2025-10-31 00:00:00+00:00, run_after=2025-11-01 00:00:00+00:00
[2025-11-01T13:02:40.735+0530] {processor.py:183} INFO - Processing /home/logi/txtai/venv/lib/python3.10/site-packages/airflow/example_dags/example_skip_dag.py took 0.125 seconds
[2025-11-01T13:03:32.886+0530] {processor.py:161} INFO - Started process (PID=9728) to work on /home/logi/txtai/venv/lib/python3.10/site-packages/airflow/example_dags/example_skip_dag.py
[2025-11-01T13:03:32.899+0530] {processor.py:830} INFO - Processing file /home/logi/txtai/venv/lib/python3.10/site-packages/airflow/example_dags/example_skip_dag.py for tasks to queue
[2025-11-01T13:03:32.902+0530] {logging_mixin.py:188} INFO - [2025-11-01T13:03:32.902+0530] {dagbag.py:545} INFO - Filling up the DagBag from /home/logi/txtai/venv/lib/python3.10/site-packages/airflow/example_dags/example_skip_dag.py
[2025-11-01T13:03:32.908+0530] {processor.py:840} INFO - DAG(s) 'example_skip_dag' retrieved from /home/logi/txtai/venv/lib/python3.10/site-packages/airflow/example_dags/example_skip_dag.py
[2025-11-01T13:03:32.924+0530] {logging_mixin.py:188} INFO - [2025-11-01T13:03:32.924+0530] {dag.py:3089} INFO - Sync 1 DAGs
[2025-11-01T13:03:32.938+0530] {logging_mixin.py:188} INFO - [2025-11-01T13:03:32.938+0530] {dag.py:3947} INFO - Setting next_dagrun for example_skip_dag to 2025-10-31 00:00:00+00:00, run_after=2025-11-01 00:00:00+00:00
[2025-11-01T13:03:32.962+0530] {processor.py:183} INFO - Processing /home/logi/txtai/venv/lib/python3.10/site-packages/airflow/example_dags/example_skip_dag.py took 0.080 seconds
[2025-11-01T13:04:33.533+0530] {processor.py:161} INFO - Started process (PID=10050) to work on /home/logi/txtai/venv/lib/python3.10/site-packages/airflow/example_dags/example_skip_dag.py
[2025-11-01T13:04:33.535+0530] {processor.py:830} INFO - Processing file /home/logi/txtai/venv/lib/python3.10/site-packages/airflow/example_dags/example_skip_dag.py for tasks to queue
[2025-11-01T13:04:33.547+0530] {logging_mixin.py:188} INFO - [2025-11-01T13:04:33.546+0530] {dagbag.py:545} INFO - Filling up the DagBag from /home/logi/txtai/venv/lib/python3.10/site-packages/airflow/example_dags/example_skip_dag.py
[2025-11-01T13:04:33.578+0530] {processor.py:840} INFO - DAG(s) 'example_skip_dag' retrieved from /home/logi/txtai/venv/lib/python3.10/site-packages/airflow/example_dags/example_skip_dag.py
[2025-11-01T13:04:33.644+0530] {logging_mixin.py:188} INFO - [2025-11-01T13:04:33.643+0530] {dag.py:3089} INFO - Sync 1 DAGs
[2025-11-01T13:04:33.664+0530] {logging_mixin.py:188} INFO - [2025-11-01T13:04:33.664+0530] {dag.py:3947} INFO - Setting next_dagrun for example_skip_dag to 2025-10-31 00:00:00+00:00, run_after=2025-11-01 00:00:00+00:00
[2025-11-01T13:04:33.706+0530] {processor.py:183} INFO - Processing /home/logi/txtai/venv/lib/python3.10/site-packages/airflow/example_dags/example_skip_dag.py took 0.201 seconds
[2025-11-01T13:05:29.280+0530] {processor.py:161} INFO - Started process (PID=10177) to work on /home/logi/txtai/venv/lib/python3.10/site-packages/airflow/example_dags/example_skip_dag.py
[2025-11-01T13:05:29.293+0530] {processor.py:830} INFO - Processing file /home/logi/txtai/venv/lib/python3.10/site-packages/airflow/example_dags/example_skip_dag.py for tasks to queue
[2025-11-01T13:05:29.295+0530] {logging_mixin.py:188} INFO - [2025-11-01T13:05:29.295+0530] {dagbag.py:545} INFO - Filling up the DagBag from /home/logi/txtai/venv/lib/python3.10/site-packages/airflow/example_dags/example_skip_dag.py
[2025-11-01T13:05:29.300+0530] {processor.py:840} INFO - DAG(s) 'example_skip_dag' retrieved from /home/logi/txtai/venv/lib/python3.10/site-packages/airflow/example_dags/example_skip_dag.py
[2025-11-01T13:05:29.314+0530] {logging_mixin.py:188} INFO - [2025-11-01T13:05:29.314+0530] {dag.py:3089} INFO - Sync 1 DAGs
[2025-11-01T13:05:29.331+0530] {logging_mixin.py:188} INFO - [2025-11-01T13:05:29.331+0530] {dag.py:3947} INFO - Setting next_dagrun for example_skip_dag to 2025-10-31 00:00:00+00:00, run_after=2025-11-01 00:00:00+00:00
[2025-11-01T13:05:29.348+0530] {processor.py:183} INFO - Processing /home/logi/txtai/venv/lib/python3.10/site-packages/airflow/example_dags/example_skip_dag.py took 0.073 seconds
[2025-11-01T13:06:24.799+0530] {processor.py:161} INFO - Started process (PID=10423) to work on /home/logi/txtai/venv/lib/python3.10/site-packages/airflow/example_dags/example_skip_dag.py
[2025-11-01T13:06:24.812+0530] {processor.py:830} INFO - Processing file /home/logi/txtai/venv/lib/python3.10/site-packages/airflow/example_dags/example_skip_dag.py for tasks to queue
[2025-11-01T13:06:24.819+0530] {logging_mixin.py:188} INFO - [2025-11-01T13:06:24.818+0530] {dagbag.py:545} INFO - Filling up the DagBag from /home/logi/txtai/venv/lib/python3.10/site-packages/airflow/example_dags/example_skip_dag.py
[2025-11-01T13:06:24.829+0530] {processor.py:840} INFO - DAG(s) 'example_skip_dag' retrieved from /home/logi/txtai/venv/lib/python3.10/site-packages/airflow/example_dags/example_skip_dag.py
[2025-11-01T13:06:24.848+0530] {logging_mixin.py:188} INFO - [2025-11-01T13:06:24.848+0530] {dag.py:3089} INFO - Sync 1 DAGs
[2025-11-01T13:06:24.872+0530] {logging_mixin.py:188} INFO - [2025-11-01T13:06:24.872+0530] {dag.py:3947} INFO - Setting next_dagrun for example_skip_dag to 2025-10-31 00:00:00+00:00, run_after=2025-11-01 00:00:00+00:00
[2025-11-01T13:06:24.893+0530] {processor.py:183} INFO - Processing /home/logi/txtai/venv/lib/python3.10/site-packages/airflow/example_dags/example_skip_dag.py took 0.102 seconds
[2025-11-01T13:07:19.574+0530] {processor.py:161} INFO - Started process (PID=10545) to work on /home/logi/txtai/venv/lib/python3.10/site-packages/airflow/example_dags/example_skip_dag.py
[2025-11-01T13:07:19.587+0530] {processor.py:830} INFO - Processing file /home/logi/txtai/venv/lib/python3.10/site-packages/airflow/example_dags/example_skip_dag.py for tasks to queue
[2025-11-01T13:07:19.590+0530] {logging_mixin.py:188} INFO - [2025-11-01T13:07:19.590+0530] {dagbag.py:545} INFO - Filling up the DagBag from /home/logi/txtai/venv/lib/python3.10/site-packages/airflow/example_dags/example_skip_dag.py
[2025-11-01T13:07:19.601+0530] {processor.py:840} INFO - DAG(s) 'example_skip_dag' retrieved from /home/logi/txtai/venv/lib/python3.10/site-packages/airflow/example_dags/example_skip_dag.py
[2025-11-01T13:07:19.629+0530] {logging_mixin.py:188} INFO - [2025-11-01T13:07:19.629+0530] {dag.py:3089} INFO - Sync 1 DAGs
[2025-11-01T13:07:19.649+0530] {logging_mixin.py:188} INFO - [2025-11-01T13:07:19.649+0530] {dag.py:3947} INFO - Setting next_dagrun for example_skip_dag to 2025-10-31 00:00:00+00:00, run_after=2025-11-01 00:00:00+00:00
[2025-11-01T13:07:19.673+0530] {processor.py:183} INFO - Processing /home/logi/txtai/venv/lib/python3.10/site-packages/airflow/example_dags/example_skip_dag.py took 0.110 seconds
[2025-11-01T13:08:16.160+0530] {processor.py:161} INFO - Started process (PID=10801) to work on /home/logi/txtai/venv/lib/python3.10/site-packages/airflow/example_dags/example_skip_dag.py
[2025-11-01T13:08:16.161+0530] {processor.py:830} INFO - Processing file /home/logi/txtai/venv/lib/python3.10/site-packages/airflow/example_dags/example_skip_dag.py for tasks to queue
[2025-11-01T13:08:16.164+0530] {logging_mixin.py:188} INFO - [2025-11-01T13:08:16.163+0530] {dagbag.py:545} INFO - Filling up the DagBag from /home/logi/txtai/venv/lib/python3.10/site-packages/airflow/example_dags/example_skip_dag.py
[2025-11-01T13:08:16.169+0530] {processor.py:840} INFO - DAG(s) 'example_skip_dag' retrieved from /home/logi/txtai/venv/lib/python3.10/site-packages/airflow/example_dags/example_skip_dag.py
[2025-11-01T13:08:16.183+0530] {logging_mixin.py:188} INFO - [2025-11-01T13:08:16.183+0530] {dag.py:3089} INFO - Sync 1 DAGs
[2025-11-01T13:08:16.199+0530] {logging_mixin.py:188} INFO - [2025-11-01T13:08:16.198+0530] {dag.py:3947} INFO - Setting next_dagrun for example_skip_dag to 2025-10-31 00:00:00+00:00, run_after=2025-11-01 00:00:00+00:00
[2025-11-01T13:08:16.217+0530] {processor.py:183} INFO - Processing /home/logi/txtai/venv/lib/python3.10/site-packages/airflow/example_dags/example_skip_dag.py took 0.062 seconds
[2025-11-01T13:09:10.271+0530] {processor.py:161} INFO - Started process (PID=11086) to work on /home/logi/txtai/venv/lib/python3.10/site-packages/airflow/example_dags/example_skip_dag.py
[2025-11-01T13:09:10.285+0530] {processor.py:830} INFO - Processing file /home/logi/txtai/venv/lib/python3.10/site-packages/airflow/example_dags/example_skip_dag.py for tasks to queue
[2025-11-01T13:09:10.289+0530] {logging_mixin.py:188} INFO - [2025-11-01T13:09:10.288+0530] {dagbag.py:545} INFO - Filling up the DagBag from /home/logi/txtai/venv/lib/python3.10/site-packages/airflow/example_dags/example_skip_dag.py
[2025-11-01T13:09:10.298+0530] {processor.py:840} INFO - DAG(s) 'example_skip_dag' retrieved from /home/logi/txtai/venv/lib/python3.10/site-packages/airflow/example_dags/example_skip_dag.py
[2025-11-01T13:09:10.326+0530] {logging_mixin.py:188} INFO - [2025-11-01T13:09:10.325+0530] {dag.py:3089} INFO - Sync 1 DAGs
[2025-11-01T13:09:10.345+0530] {logging_mixin.py:188} INFO - [2025-11-01T13:09:10.345+0530] {dag.py:3947} INFO - Setting next_dagrun for example_skip_dag to 2025-10-31 00:00:00+00:00, run_after=2025-11-01 00:00:00+00:00
[2025-11-01T13:09:10.369+0530] {processor.py:183} INFO - Processing /home/logi/txtai/venv/lib/python3.10/site-packages/airflow/example_dags/example_skip_dag.py took 0.108 seconds
[2025-11-01T13:09:56.219+0530] {processor.py:161} INFO - Started process (PID=11219) to work on /home/logi/txtai/venv/lib/python3.10/site-packages/airflow/example_dags/example_skip_dag.py
[2025-11-01T13:09:56.234+0530] {processor.py:830} INFO - Processing file /home/logi/txtai/venv/lib/python3.10/site-packages/airflow/example_dags/example_skip_dag.py for tasks to queue
[2025-11-01T13:09:56.238+0530] {logging_mixin.py:188} INFO - [2025-11-01T13:09:56.238+0530] {dagbag.py:545} INFO - Filling up the DagBag from /home/logi/txtai/venv/lib/python3.10/site-packages/airflow/example_dags/example_skip_dag.py
[2025-11-01T13:09:56.246+0530] {processor.py:840} INFO - DAG(s) 'example_skip_dag' retrieved from /home/logi/txtai/venv/lib/python3.10/site-packages/airflow/example_dags/example_skip_dag.py
[2025-11-01T13:09:56.269+0530] {logging_mixin.py:188} INFO - [2025-11-01T13:09:56.268+0530] {dag.py:3089} INFO - Sync 1 DAGs
[2025-11-01T13:09:56.290+0530] {logging_mixin.py:188} INFO - [2025-11-01T13:09:56.290+0530] {dag.py:3947} INFO - Setting next_dagrun for example_skip_dag to 2025-10-31 00:00:00+00:00, run_after=2025-11-01 00:00:00+00:00
[2025-11-01T13:09:56.317+0530] {processor.py:183} INFO - Processing /home/logi/txtai/venv/lib/python3.10/site-packages/airflow/example_dags/example_skip_dag.py took 0.103 seconds
[2025-11-01T13:10:56.194+0530] {processor.py:161} INFO - Started process (PID=11443) to work on /home/logi/txtai/venv/lib/python3.10/site-packages/airflow/example_dags/example_skip_dag.py
[2025-11-01T13:10:56.206+0530] {processor.py:830} INFO - Processing file /home/logi/txtai/venv/lib/python3.10/site-packages/airflow/example_dags/example_skip_dag.py for tasks to queue
[2025-11-01T13:10:56.209+0530] {logging_mixin.py:188} INFO - [2025-11-01T13:10:56.209+0530] {dagbag.py:545} INFO - Filling up the DagBag from /home/logi/txtai/venv/lib/python3.10/site-packages/airflow/example_dags/example_skip_dag.py
[2025-11-01T13:10:56.216+0530] {processor.py:840} INFO - DAG(s) 'example_skip_dag' retrieved from /home/logi/txtai/venv/lib/python3.10/site-packages/airflow/example_dags/example_skip_dag.py
[2025-11-01T13:10:56.230+0530] {logging_mixin.py:188} INFO - [2025-11-01T13:10:56.230+0530] {dag.py:3089} INFO - Sync 1 DAGs
[2025-11-01T13:10:56.246+0530] {logging_mixin.py:188} INFO - [2025-11-01T13:10:56.246+0530] {dag.py:3947} INFO - Setting next_dagrun for example_skip_dag to 2025-10-31 00:00:00+00:00, run_after=2025-11-01 00:00:00+00:00
[2025-11-01T13:10:56.264+0530] {processor.py:183} INFO - Processing /home/logi/txtai/venv/lib/python3.10/site-packages/airflow/example_dags/example_skip_dag.py took 0.076 seconds
[2025-11-01T13:11:44.122+0530] {processor.py:161} INFO - Started process (PID=11565) to work on /home/logi/txtai/venv/lib/python3.10/site-packages/airflow/example_dags/example_skip_dag.py
[2025-11-01T13:11:44.135+0530] {processor.py:830} INFO - Processing file /home/logi/txtai/venv/lib/python3.10/site-packages/airflow/example_dags/example_skip_dag.py for tasks to queue
[2025-11-01T13:11:44.139+0530] {logging_mixin.py:188} INFO - [2025-11-01T13:11:44.139+0530] {dagbag.py:545} INFO - Filling up the DagBag from /home/logi/txtai/venv/lib/python3.10/site-packages/airflow/example_dags/example_skip_dag.py
[2025-11-01T13:11:44.151+0530] {processor.py:840} INFO - DAG(s) 'example_skip_dag' retrieved from /home/logi/txtai/venv/lib/python3.10/site-packages/airflow/example_dags/example_skip_dag.py
[2025-11-01T13:11:44.167+0530] {logging_mixin.py:188} INFO - [2025-11-01T13:11:44.166+0530] {dag.py:3089} INFO - Sync 1 DAGs
[2025-11-01T13:11:44.182+0530] {logging_mixin.py:188} INFO - [2025-11-01T13:11:44.182+0530] {dag.py:3947} INFO - Setting next_dagrun for example_skip_dag to 2025-10-31 00:00:00+00:00, run_after=2025-11-01 00:00:00+00:00
[2025-11-01T13:11:44.200+0530] {processor.py:183} INFO - Processing /home/logi/txtai/venv/lib/python3.10/site-packages/airflow/example_dags/example_skip_dag.py took 0.083 seconds
[2025-11-01T13:12:39.473+0530] {processor.py:161} INFO - Started process (PID=11811) to work on /home/logi/txtai/venv/lib/python3.10/site-packages/airflow/example_dags/example_skip_dag.py
[2025-11-01T13:12:39.485+0530] {processor.py:830} INFO - Processing file /home/logi/txtai/venv/lib/python3.10/site-packages/airflow/example_dags/example_skip_dag.py for tasks to queue
[2025-11-01T13:12:39.489+0530] {logging_mixin.py:188} INFO - [2025-11-01T13:12:39.489+0530] {dagbag.py:545} INFO - Filling up the DagBag from /home/logi/txtai/venv/lib/python3.10/site-packages/airflow/example_dags/example_skip_dag.py
[2025-11-01T13:12:39.496+0530] {processor.py:840} INFO - DAG(s) 'example_skip_dag' retrieved from /home/logi/txtai/venv/lib/python3.10/site-packages/airflow/example_dags/example_skip_dag.py
[2025-11-01T13:12:39.509+0530] {logging_mixin.py:188} INFO - [2025-11-01T13:12:39.509+0530] {dag.py:3089} INFO - Sync 1 DAGs
[2025-11-01T13:12:39.524+0530] {logging_mixin.py:188} INFO - [2025-11-01T13:12:39.524+0530] {dag.py:3947} INFO - Setting next_dagrun for example_skip_dag to 2025-10-31 00:00:00+00:00, run_after=2025-11-01 00:00:00+00:00
[2025-11-01T13:12:39.546+0530] {processor.py:183} INFO - Processing /home/logi/txtai/venv/lib/python3.10/site-packages/airflow/example_dags/example_skip_dag.py took 0.081 seconds
[2025-11-01T13:13:31.127+0530] {processor.py:161} INFO - Started process (PID=11929) to work on /home/logi/txtai/venv/lib/python3.10/site-packages/airflow/example_dags/example_skip_dag.py
[2025-11-01T13:13:31.129+0530] {processor.py:830} INFO - Processing file /home/logi/txtai/venv/lib/python3.10/site-packages/airflow/example_dags/example_skip_dag.py for tasks to queue
[2025-11-01T13:13:31.135+0530] {logging_mixin.py:188} INFO - [2025-11-01T13:13:31.134+0530] {dagbag.py:545} INFO - Filling up the DagBag from /home/logi/txtai/venv/lib/python3.10/site-packages/airflow/example_dags/example_skip_dag.py
[2025-11-01T13:13:31.143+0530] {processor.py:840} INFO - DAG(s) 'example_skip_dag' retrieved from /home/logi/txtai/venv/lib/python3.10/site-packages/airflow/example_dags/example_skip_dag.py
[2025-11-01T13:13:31.157+0530] {logging_mixin.py:188} INFO - [2025-11-01T13:13:31.157+0530] {dag.py:3089} INFO - Sync 1 DAGs
[2025-11-01T13:13:31.173+0530] {logging_mixin.py:188} INFO - [2025-11-01T13:13:31.173+0530] {dag.py:3947} INFO - Setting next_dagrun for example_skip_dag to 2025-10-31 00:00:00+00:00, run_after=2025-11-01 00:00:00+00:00
[2025-11-01T13:13:31.191+0530] {processor.py:183} INFO - Processing /home/logi/txtai/venv/lib/python3.10/site-packages/airflow/example_dags/example_skip_dag.py took 0.070 seconds
[2025-11-01T13:14:26.735+0530] {processor.py:161} INFO - Started process (PID=12201) to work on /home/logi/txtai/venv/lib/python3.10/site-packages/airflow/example_dags/example_skip_dag.py
[2025-11-01T13:14:26.748+0530] {processor.py:830} INFO - Processing file /home/logi/txtai/venv/lib/python3.10/site-packages/airflow/example_dags/example_skip_dag.py for tasks to queue
[2025-11-01T13:14:26.751+0530] {logging_mixin.py:188} INFO - [2025-11-01T13:14:26.750+0530] {dagbag.py:545} INFO - Filling up the DagBag from /home/logi/txtai/venv/lib/python3.10/site-packages/airflow/example_dags/example_skip_dag.py
[2025-11-01T13:14:26.757+0530] {processor.py:840} INFO - DAG(s) 'example_skip_dag' retrieved from /home/logi/txtai/venv/lib/python3.10/site-packages/airflow/example_dags/example_skip_dag.py
[2025-11-01T13:14:26.774+0530] {logging_mixin.py:188} INFO - [2025-11-01T13:14:26.773+0530] {dag.py:3089} INFO - Sync 1 DAGs
[2025-11-01T13:14:26.789+0530] {logging_mixin.py:188} INFO - [2025-11-01T13:14:26.788+0530] {dag.py:3947} INFO - Setting next_dagrun for example_skip_dag to 2025-10-31 00:00:00+00:00, run_after=2025-11-01 00:00:00+00:00
[2025-11-01T13:14:26.809+0530] {processor.py:183} INFO - Processing /home/logi/txtai/venv/lib/python3.10/site-packages/airflow/example_dags/example_skip_dag.py took 0.082 seconds
