[2025-11-01T12:49:49.325+0530] {processor.py:161} INFO - Started process (PID=6995) to work on /home/logi/txtai/venv/lib/python3.10/site-packages/airflow/example_dags/example_bash_operator.py
[2025-11-01T12:49:49.325+0530] {processor.py:830} INFO - Processing file /home/logi/txtai/venv/lib/python3.10/site-packages/airflow/example_dags/example_bash_operator.py for tasks to queue
[2025-11-01T12:49:49.327+0530] {logging_mixin.py:188} INFO - [2025-11-01T12:49:49.327+0530] {dagbag.py:545} INFO - Filling up the DagBag from /home/logi/txtai/venv/lib/python3.10/site-packages/airflow/example_dags/example_bash_operator.py
[2025-11-01T12:49:49.337+0530] {processor.py:840} INFO - DAG(s) 'example_bash_operator' retrieved from /home/logi/txtai/venv/lib/python3.10/site-packages/airflow/example_dags/example_bash_operator.py
[2025-11-01T12:49:49.359+0530] {logging_mixin.py:188} INFO - [2025-11-01T12:49:49.359+0530] {dag.py:3089} INFO - Sync 1 DAGs
[2025-11-01T12:49:49.374+0530] {logging_mixin.py:188} INFO - [2025-11-01T12:49:49.374+0530] {dag.py:3947} INFO - Setting next_dagrun for example_bash_operator to 2025-10-31 00:00:00+00:00, run_after=2025-11-01 00:00:00+00:00
[2025-11-01T12:49:49.406+0530] {processor.py:183} INFO - Processing /home/logi/txtai/venv/lib/python3.10/site-packages/airflow/example_dags/example_bash_operator.py took 0.087 seconds
[2025-11-01T12:51:05.488+0530] {processor.py:161} INFO - Started process (PID=7332) to work on /home/logi/txtai/venv/lib/python3.10/site-packages/airflow/example_dags/example_bash_operator.py
[2025-11-01T12:51:05.489+0530] {processor.py:830} INFO - Processing file /home/logi/txtai/venv/lib/python3.10/site-packages/airflow/example_dags/example_bash_operator.py for tasks to queue
[2025-11-01T12:51:05.490+0530] {logging_mixin.py:188} INFO - [2025-11-01T12:51:05.490+0530] {dagbag.py:545} INFO - Filling up the DagBag from /home/logi/txtai/venv/lib/python3.10/site-packages/airflow/example_dags/example_bash_operator.py
[2025-11-01T12:51:05.503+0530] {processor.py:840} INFO - DAG(s) 'example_bash_operator' retrieved from /home/logi/txtai/venv/lib/python3.10/site-packages/airflow/example_dags/example_bash_operator.py
[2025-11-01T12:51:05.525+0530] {logging_mixin.py:188} INFO - [2025-11-01T12:51:05.525+0530] {dag.py:3089} INFO - Sync 1 DAGs
[2025-11-01T12:51:05.539+0530] {logging_mixin.py:188} INFO - [2025-11-01T12:51:05.539+0530] {dag.py:3947} INFO - Setting next_dagrun for example_bash_operator to 2025-10-31 00:00:00+00:00, run_after=2025-11-01 00:00:00+00:00
[2025-11-01T12:51:05.556+0530] {processor.py:183} INFO - Processing /home/logi/txtai/venv/lib/python3.10/site-packages/airflow/example_dags/example_bash_operator.py took 0.073 seconds
[2025-11-01T12:52:14.805+0530] {processor.py:161} INFO - Started process (PID=7795) to work on /home/logi/txtai/venv/lib/python3.10/site-packages/airflow/example_dags/example_bash_operator.py
[2025-11-01T12:52:14.807+0530] {processor.py:830} INFO - Processing file /home/logi/txtai/venv/lib/python3.10/site-packages/airflow/example_dags/example_bash_operator.py for tasks to queue
[2025-11-01T12:52:14.810+0530] {logging_mixin.py:188} INFO - [2025-11-01T12:52:14.809+0530] {dagbag.py:545} INFO - Filling up the DagBag from /home/logi/txtai/venv/lib/python3.10/site-packages/airflow/example_dags/example_bash_operator.py
[2025-11-01T12:52:14.835+0530] {processor.py:840} INFO - DAG(s) 'example_bash_operator' retrieved from /home/logi/txtai/venv/lib/python3.10/site-packages/airflow/example_dags/example_bash_operator.py
[2025-11-01T12:52:14.857+0530] {logging_mixin.py:188} INFO - [2025-11-01T12:52:14.856+0530] {dag.py:3089} INFO - Sync 1 DAGs
[2025-11-01T12:52:14.871+0530] {logging_mixin.py:188} INFO - [2025-11-01T12:52:14.871+0530] {dag.py:3947} INFO - Setting next_dagrun for example_bash_operator to 2025-10-31 00:00:00+00:00, run_after=2025-11-01 00:00:00+00:00
[2025-11-01T12:52:14.890+0530] {processor.py:183} INFO - Processing /home/logi/txtai/venv/lib/python3.10/site-packages/airflow/example_dags/example_bash_operator.py took 0.094 seconds
[2025-11-01T12:53:10.424+0530] {processor.py:161} INFO - Started process (PID=7915) to work on /home/logi/txtai/venv/lib/python3.10/site-packages/airflow/example_dags/example_bash_operator.py
[2025-11-01T12:53:10.438+0530] {processor.py:830} INFO - Processing file /home/logi/txtai/venv/lib/python3.10/site-packages/airflow/example_dags/example_bash_operator.py for tasks to queue
[2025-11-01T12:53:10.447+0530] {logging_mixin.py:188} INFO - [2025-11-01T12:53:10.446+0530] {dagbag.py:545} INFO - Filling up the DagBag from /home/logi/txtai/venv/lib/python3.10/site-packages/airflow/example_dags/example_bash_operator.py
[2025-11-01T12:53:10.465+0530] {processor.py:840} INFO - DAG(s) 'example_bash_operator' retrieved from /home/logi/txtai/venv/lib/python3.10/site-packages/airflow/example_dags/example_bash_operator.py
[2025-11-01T12:53:10.500+0530] {logging_mixin.py:188} INFO - [2025-11-01T12:53:10.500+0530] {dag.py:3089} INFO - Sync 1 DAGs
[2025-11-01T12:53:10.533+0530] {logging_mixin.py:188} INFO - [2025-11-01T12:53:10.532+0530] {dag.py:3947} INFO - Setting next_dagrun for example_bash_operator to 2025-10-31 00:00:00+00:00, run_after=2025-11-01 00:00:00+00:00
[2025-11-01T12:53:10.590+0530] {processor.py:183} INFO - Processing /home/logi/txtai/venv/lib/python3.10/site-packages/airflow/example_dags/example_bash_operator.py took 0.173 seconds
[2025-11-01T12:54:33.072+0530] {processor.py:161} INFO - Started process (PID=8190) to work on /home/logi/txtai/venv/lib/python3.10/site-packages/airflow/example_dags/example_bash_operator.py
[2025-11-01T12:54:33.085+0530] {processor.py:830} INFO - Processing file /home/logi/txtai/venv/lib/python3.10/site-packages/airflow/example_dags/example_bash_operator.py for tasks to queue
[2025-11-01T12:54:33.087+0530] {logging_mixin.py:188} INFO - [2025-11-01T12:54:33.087+0530] {dagbag.py:545} INFO - Filling up the DagBag from /home/logi/txtai/venv/lib/python3.10/site-packages/airflow/example_dags/example_bash_operator.py
[2025-11-01T12:54:33.111+0530] {processor.py:840} INFO - DAG(s) 'example_bash_operator' retrieved from /home/logi/txtai/venv/lib/python3.10/site-packages/airflow/example_dags/example_bash_operator.py
[2025-11-01T12:54:33.142+0530] {logging_mixin.py:188} INFO - [2025-11-01T12:54:33.142+0530] {dag.py:3089} INFO - Sync 1 DAGs
[2025-11-01T12:54:33.157+0530] {logging_mixin.py:188} INFO - [2025-11-01T12:54:33.156+0530] {dag.py:3947} INFO - Setting next_dagrun for example_bash_operator to 2025-10-31 00:00:00+00:00, run_after=2025-11-01 00:00:00+00:00
[2025-11-01T12:54:33.182+0530] {processor.py:183} INFO - Processing /home/logi/txtai/venv/lib/python3.10/site-packages/airflow/example_dags/example_bash_operator.py took 0.121 seconds
[2025-11-01T12:55:43.666+0530] {processor.py:161} INFO - Started process (PID=8302) to work on /home/logi/txtai/venv/lib/python3.10/site-packages/airflow/example_dags/example_bash_operator.py
[2025-11-01T12:55:43.667+0530] {processor.py:830} INFO - Processing file /home/logi/txtai/venv/lib/python3.10/site-packages/airflow/example_dags/example_bash_operator.py for tasks to queue
[2025-11-01T12:55:43.668+0530] {logging_mixin.py:188} INFO - [2025-11-01T12:55:43.668+0530] {dagbag.py:545} INFO - Filling up the DagBag from /home/logi/txtai/venv/lib/python3.10/site-packages/airflow/example_dags/example_bash_operator.py
[2025-11-01T12:55:43.678+0530] {processor.py:840} INFO - DAG(s) 'example_bash_operator' retrieved from /home/logi/txtai/venv/lib/python3.10/site-packages/airflow/example_dags/example_bash_operator.py
[2025-11-01T12:55:43.697+0530] {logging_mixin.py:188} INFO - [2025-11-01T12:55:43.697+0530] {dag.py:3089} INFO - Sync 1 DAGs
[2025-11-01T12:55:43.713+0530] {logging_mixin.py:188} INFO - [2025-11-01T12:55:43.712+0530] {dag.py:3947} INFO - Setting next_dagrun for example_bash_operator to 2025-10-31 00:00:00+00:00, run_after=2025-11-01 00:00:00+00:00
[2025-11-01T12:55:43.733+0530] {processor.py:183} INFO - Processing /home/logi/txtai/venv/lib/python3.10/site-packages/airflow/example_dags/example_bash_operator.py took 0.072 seconds
[2025-11-01T12:56:47.674+0530] {processor.py:161} INFO - Started process (PID=8552) to work on /home/logi/txtai/venv/lib/python3.10/site-packages/airflow/example_dags/example_bash_operator.py
[2025-11-01T12:56:47.677+0530] {processor.py:830} INFO - Processing file /home/logi/txtai/venv/lib/python3.10/site-packages/airflow/example_dags/example_bash_operator.py for tasks to queue
[2025-11-01T12:56:47.680+0530] {logging_mixin.py:188} INFO - [2025-11-01T12:56:47.679+0530] {dagbag.py:545} INFO - Filling up the DagBag from /home/logi/txtai/venv/lib/python3.10/site-packages/airflow/example_dags/example_bash_operator.py
[2025-11-01T12:56:47.698+0530] {processor.py:840} INFO - DAG(s) 'example_bash_operator' retrieved from /home/logi/txtai/venv/lib/python3.10/site-packages/airflow/example_dags/example_bash_operator.py
[2025-11-01T12:56:47.724+0530] {logging_mixin.py:188} INFO - [2025-11-01T12:56:47.724+0530] {dag.py:3089} INFO - Sync 1 DAGs
[2025-11-01T12:56:47.739+0530] {logging_mixin.py:188} INFO - [2025-11-01T12:56:47.739+0530] {dag.py:3947} INFO - Setting next_dagrun for example_bash_operator to 2025-10-31 00:00:00+00:00, run_after=2025-11-01 00:00:00+00:00
[2025-11-01T12:56:47.762+0530] {processor.py:183} INFO - Processing /home/logi/txtai/venv/lib/python3.10/site-packages/airflow/example_dags/example_bash_operator.py took 0.099 seconds
[2025-11-01T12:57:59.229+0530] {processor.py:161} INFO - Started process (PID=8658) to work on /home/logi/txtai/venv/lib/python3.10/site-packages/airflow/example_dags/example_bash_operator.py
[2025-11-01T12:57:59.243+0530] {processor.py:830} INFO - Processing file /home/logi/txtai/venv/lib/python3.10/site-packages/airflow/example_dags/example_bash_operator.py for tasks to queue
[2025-11-01T12:57:59.246+0530] {logging_mixin.py:188} INFO - [2025-11-01T12:57:59.245+0530] {dagbag.py:545} INFO - Filling up the DagBag from /home/logi/txtai/venv/lib/python3.10/site-packages/airflow/example_dags/example_bash_operator.py
[2025-11-01T12:57:59.270+0530] {processor.py:840} INFO - DAG(s) 'example_bash_operator' retrieved from /home/logi/txtai/venv/lib/python3.10/site-packages/airflow/example_dags/example_bash_operator.py
[2025-11-01T12:57:59.303+0530] {logging_mixin.py:188} INFO - [2025-11-01T12:57:59.303+0530] {dag.py:3089} INFO - Sync 1 DAGs
[2025-11-01T12:57:59.321+0530] {logging_mixin.py:188} INFO - [2025-11-01T12:57:59.320+0530] {dag.py:3947} INFO - Setting next_dagrun for example_bash_operator to 2025-10-31 00:00:00+00:00, run_after=2025-11-01 00:00:00+00:00
[2025-11-01T12:57:59.353+0530] {processor.py:183} INFO - Processing /home/logi/txtai/venv/lib/python3.10/site-packages/airflow/example_dags/example_bash_operator.py took 0.134 seconds
[2025-11-01T12:59:02.189+0530] {processor.py:161} INFO - Started process (PID=8899) to work on /home/logi/txtai/venv/lib/python3.10/site-packages/airflow/example_dags/example_bash_operator.py
[2025-11-01T12:59:02.202+0530] {processor.py:830} INFO - Processing file /home/logi/txtai/venv/lib/python3.10/site-packages/airflow/example_dags/example_bash_operator.py for tasks to queue
[2025-11-01T12:59:02.205+0530] {logging_mixin.py:188} INFO - [2025-11-01T12:59:02.204+0530] {dagbag.py:545} INFO - Filling up the DagBag from /home/logi/txtai/venv/lib/python3.10/site-packages/airflow/example_dags/example_bash_operator.py
[2025-11-01T12:59:02.224+0530] {processor.py:840} INFO - DAG(s) 'example_bash_operator' retrieved from /home/logi/txtai/venv/lib/python3.10/site-packages/airflow/example_dags/example_bash_operator.py
[2025-11-01T12:59:02.262+0530] {logging_mixin.py:188} INFO - [2025-11-01T12:59:02.262+0530] {dag.py:3089} INFO - Sync 1 DAGs
[2025-11-01T12:59:02.283+0530] {logging_mixin.py:188} INFO - [2025-11-01T12:59:02.283+0530] {dag.py:3947} INFO - Setting next_dagrun for example_bash_operator to 2025-10-31 00:00:00+00:00, run_after=2025-11-01 00:00:00+00:00
[2025-11-01T12:59:02.310+0530] {processor.py:183} INFO - Processing /home/logi/txtai/venv/lib/python3.10/site-packages/airflow/example_dags/example_bash_operator.py took 0.132 seconds
[2025-11-01T13:00:19.995+0530] {processor.py:161} INFO - Started process (PID=9122) to work on /home/logi/txtai/venv/lib/python3.10/site-packages/airflow/example_dags/example_bash_operator.py
[2025-11-01T13:00:20.008+0530] {processor.py:830} INFO - Processing file /home/logi/txtai/venv/lib/python3.10/site-packages/airflow/example_dags/example_bash_operator.py for tasks to queue
[2025-11-01T13:00:20.011+0530] {logging_mixin.py:188} INFO - [2025-11-01T13:00:20.010+0530] {dagbag.py:545} INFO - Filling up the DagBag from /home/logi/txtai/venv/lib/python3.10/site-packages/airflow/example_dags/example_bash_operator.py
[2025-11-01T13:00:20.021+0530] {processor.py:840} INFO - DAG(s) 'example_bash_operator' retrieved from /home/logi/txtai/venv/lib/python3.10/site-packages/airflow/example_dags/example_bash_operator.py
[2025-11-01T13:00:20.040+0530] {logging_mixin.py:188} INFO - [2025-11-01T13:00:20.040+0530] {dag.py:3089} INFO - Sync 1 DAGs
[2025-11-01T13:00:20.056+0530] {logging_mixin.py:188} INFO - [2025-11-01T13:00:20.055+0530] {dag.py:3947} INFO - Setting next_dagrun for example_bash_operator to 2025-10-31 00:00:00+00:00, run_after=2025-11-01 00:00:00+00:00
[2025-11-01T13:00:20.072+0530] {processor.py:183} INFO - Processing /home/logi/txtai/venv/lib/python3.10/site-packages/airflow/example_dags/example_bash_operator.py took 0.082 seconds
[2025-11-01T13:01:16.248+0530] {processor.py:161} INFO - Started process (PID=9214) to work on /home/logi/txtai/venv/lib/python3.10/site-packages/airflow/example_dags/example_bash_operator.py
[2025-11-01T13:01:16.261+0530] {processor.py:830} INFO - Processing file /home/logi/txtai/venv/lib/python3.10/site-packages/airflow/example_dags/example_bash_operator.py for tasks to queue
[2025-11-01T13:01:16.264+0530] {logging_mixin.py:188} INFO - [2025-11-01T13:01:16.264+0530] {dagbag.py:545} INFO - Filling up the DagBag from /home/logi/txtai/venv/lib/python3.10/site-packages/airflow/example_dags/example_bash_operator.py
[2025-11-01T13:01:16.282+0530] {processor.py:840} INFO - DAG(s) 'example_bash_operator' retrieved from /home/logi/txtai/venv/lib/python3.10/site-packages/airflow/example_dags/example_bash_operator.py
[2025-11-01T13:01:16.305+0530] {logging_mixin.py:188} INFO - [2025-11-01T13:01:16.305+0530] {dag.py:3089} INFO - Sync 1 DAGs
[2025-11-01T13:01:16.322+0530] {logging_mixin.py:188} INFO - [2025-11-01T13:01:16.321+0530] {dag.py:3947} INFO - Setting next_dagrun for example_bash_operator to 2025-10-31 00:00:00+00:00, run_after=2025-11-01 00:00:00+00:00
[2025-11-01T13:01:16.347+0530] {processor.py:183} INFO - Processing /home/logi/txtai/venv/lib/python3.10/site-packages/airflow/example_dags/example_bash_operator.py took 0.104 seconds
[2025-11-01T13:02:53.464+0530] {processor.py:161} INFO - Started process (PID=9632) to work on /home/logi/txtai/venv/lib/python3.10/site-packages/airflow/example_dags/example_bash_operator.py
[2025-11-01T13:02:53.478+0530] {processor.py:830} INFO - Processing file /home/logi/txtai/venv/lib/python3.10/site-packages/airflow/example_dags/example_bash_operator.py for tasks to queue
[2025-11-01T13:02:53.480+0530] {logging_mixin.py:188} INFO - [2025-11-01T13:02:53.480+0530] {dagbag.py:545} INFO - Filling up the DagBag from /home/logi/txtai/venv/lib/python3.10/site-packages/airflow/example_dags/example_bash_operator.py
[2025-11-01T13:02:53.497+0530] {processor.py:840} INFO - DAG(s) 'example_bash_operator' retrieved from /home/logi/txtai/venv/lib/python3.10/site-packages/airflow/example_dags/example_bash_operator.py
[2025-11-01T13:02:53.516+0530] {logging_mixin.py:188} INFO - [2025-11-01T13:02:53.516+0530] {dag.py:3089} INFO - Sync 1 DAGs
[2025-11-01T13:02:53.532+0530] {logging_mixin.py:188} INFO - [2025-11-01T13:02:53.532+0530] {dag.py:3947} INFO - Setting next_dagrun for example_bash_operator to 2025-10-31 00:00:00+00:00, run_after=2025-11-01 00:00:00+00:00
[2025-11-01T13:02:53.551+0530] {processor.py:183} INFO - Processing /home/logi/txtai/venv/lib/python3.10/site-packages/airflow/example_dags/example_bash_operator.py took 0.094 seconds
[2025-11-01T13:04:14.115+0530] {processor.py:161} INFO - Started process (PID=9974) to work on /home/logi/txtai/venv/lib/python3.10/site-packages/airflow/example_dags/example_bash_operator.py
[2025-11-01T13:04:14.128+0530] {processor.py:830} INFO - Processing file /home/logi/txtai/venv/lib/python3.10/site-packages/airflow/example_dags/example_bash_operator.py for tasks to queue
[2025-11-01T13:04:14.132+0530] {logging_mixin.py:188} INFO - [2025-11-01T13:04:14.130+0530] {dagbag.py:545} INFO - Filling up the DagBag from /home/logi/txtai/venv/lib/python3.10/site-packages/airflow/example_dags/example_bash_operator.py
[2025-11-01T13:04:14.152+0530] {processor.py:840} INFO - DAG(s) 'example_bash_operator' retrieved from /home/logi/txtai/venv/lib/python3.10/site-packages/airflow/example_dags/example_bash_operator.py
[2025-11-01T13:04:14.190+0530] {logging_mixin.py:188} INFO - [2025-11-01T13:04:14.189+0530] {dag.py:3089} INFO - Sync 1 DAGs
[2025-11-01T13:04:14.208+0530] {logging_mixin.py:188} INFO - [2025-11-01T13:04:14.207+0530] {dag.py:3947} INFO - Setting next_dagrun for example_bash_operator to 2025-10-31 00:00:00+00:00, run_after=2025-11-01 00:00:00+00:00
[2025-11-01T13:04:14.227+0530] {processor.py:183} INFO - Processing /home/logi/txtai/venv/lib/python3.10/site-packages/airflow/example_dags/example_bash_operator.py took 0.127 seconds
[2025-11-01T13:05:14.092+0530] {processor.py:161} INFO - Started process (PID=10149) to work on /home/logi/txtai/venv/lib/python3.10/site-packages/airflow/example_dags/example_bash_operator.py
[2025-11-01T13:05:14.105+0530] {processor.py:830} INFO - Processing file /home/logi/txtai/venv/lib/python3.10/site-packages/airflow/example_dags/example_bash_operator.py for tasks to queue
[2025-11-01T13:05:14.108+0530] {logging_mixin.py:188} INFO - [2025-11-01T13:05:14.107+0530] {dagbag.py:545} INFO - Filling up the DagBag from /home/logi/txtai/venv/lib/python3.10/site-packages/airflow/example_dags/example_bash_operator.py
[2025-11-01T13:05:14.127+0530] {processor.py:840} INFO - DAG(s) 'example_bash_operator' retrieved from /home/logi/txtai/venv/lib/python3.10/site-packages/airflow/example_dags/example_bash_operator.py
[2025-11-01T13:05:14.159+0530] {logging_mixin.py:188} INFO - [2025-11-01T13:05:14.159+0530] {dag.py:3089} INFO - Sync 1 DAGs
[2025-11-01T13:05:14.173+0530] {logging_mixin.py:188} INFO - [2025-11-01T13:05:14.173+0530] {dag.py:3947} INFO - Setting next_dagrun for example_bash_operator to 2025-10-31 00:00:00+00:00, run_after=2025-11-01 00:00:00+00:00
[2025-11-01T13:05:14.194+0530] {processor.py:183} INFO - Processing /home/logi/txtai/venv/lib/python3.10/site-packages/airflow/example_dags/example_bash_operator.py took 0.112 seconds
[2025-11-01T13:06:39.602+0530] {processor.py:161} INFO - Started process (PID=10448) to work on /home/logi/txtai/venv/lib/python3.10/site-packages/airflow/example_dags/example_bash_operator.py
[2025-11-01T13:06:39.614+0530] {processor.py:830} INFO - Processing file /home/logi/txtai/venv/lib/python3.10/site-packages/airflow/example_dags/example_bash_operator.py for tasks to queue
[2025-11-01T13:06:39.617+0530] {logging_mixin.py:188} INFO - [2025-11-01T13:06:39.617+0530] {dagbag.py:545} INFO - Filling up the DagBag from /home/logi/txtai/venv/lib/python3.10/site-packages/airflow/example_dags/example_bash_operator.py
[2025-11-01T13:06:39.626+0530] {processor.py:840} INFO - DAG(s) 'example_bash_operator' retrieved from /home/logi/txtai/venv/lib/python3.10/site-packages/airflow/example_dags/example_bash_operator.py
[2025-11-01T13:06:39.646+0530] {logging_mixin.py:188} INFO - [2025-11-01T13:06:39.646+0530] {dag.py:3089} INFO - Sync 1 DAGs
[2025-11-01T13:06:39.660+0530] {logging_mixin.py:188} INFO - [2025-11-01T13:06:39.660+0530] {dag.py:3947} INFO - Setting next_dagrun for example_bash_operator to 2025-10-31 00:00:00+00:00, run_after=2025-11-01 00:00:00+00:00
[2025-11-01T13:06:39.682+0530] {processor.py:183} INFO - Processing /home/logi/txtai/venv/lib/python3.10/site-packages/airflow/example_dags/example_bash_operator.py took 0.085 seconds
[2025-11-01T13:07:54.938+0530] {processor.py:161} INFO - Started process (PID=10642) to work on /home/logi/txtai/venv/lib/python3.10/site-packages/airflow/example_dags/example_bash_operator.py
[2025-11-01T13:07:54.951+0530] {processor.py:830} INFO - Processing file /home/logi/txtai/venv/lib/python3.10/site-packages/airflow/example_dags/example_bash_operator.py for tasks to queue
[2025-11-01T13:07:54.954+0530] {logging_mixin.py:188} INFO - [2025-11-01T13:07:54.954+0530] {dagbag.py:545} INFO - Filling up the DagBag from /home/logi/txtai/venv/lib/python3.10/site-packages/airflow/example_dags/example_bash_operator.py
[2025-11-01T13:07:54.978+0530] {processor.py:840} INFO - DAG(s) 'example_bash_operator' retrieved from /home/logi/txtai/venv/lib/python3.10/site-packages/airflow/example_dags/example_bash_operator.py
[2025-11-01T13:07:55.008+0530] {logging_mixin.py:188} INFO - [2025-11-01T13:07:55.008+0530] {dag.py:3089} INFO - Sync 1 DAGs
[2025-11-01T13:07:55.022+0530] {logging_mixin.py:188} INFO - [2025-11-01T13:07:55.022+0530] {dag.py:3947} INFO - Setting next_dagrun for example_bash_operator to 2025-10-31 00:00:00+00:00, run_after=2025-11-01 00:00:00+00:00
[2025-11-01T13:07:55.046+0530] {processor.py:183} INFO - Processing /home/logi/txtai/venv/lib/python3.10/site-packages/airflow/example_dags/example_bash_operator.py took 0.120 seconds
[2025-11-01T13:08:56.094+0530] {processor.py:161} INFO - Started process (PID=11071) to work on /home/logi/txtai/venv/lib/python3.10/site-packages/airflow/example_dags/example_bash_operator.py
[2025-11-01T13:08:56.108+0530] {processor.py:830} INFO - Processing file /home/logi/txtai/venv/lib/python3.10/site-packages/airflow/example_dags/example_bash_operator.py for tasks to queue
[2025-11-01T13:08:56.111+0530] {logging_mixin.py:188} INFO - [2025-11-01T13:08:56.110+0530] {dagbag.py:545} INFO - Filling up the DagBag from /home/logi/txtai/venv/lib/python3.10/site-packages/airflow/example_dags/example_bash_operator.py
[2025-11-01T13:08:56.129+0530] {processor.py:840} INFO - DAG(s) 'example_bash_operator' retrieved from /home/logi/txtai/venv/lib/python3.10/site-packages/airflow/example_dags/example_bash_operator.py
[2025-11-01T13:08:56.162+0530] {logging_mixin.py:188} INFO - [2025-11-01T13:08:56.161+0530] {dag.py:3089} INFO - Sync 1 DAGs
[2025-11-01T13:08:56.177+0530] {logging_mixin.py:188} INFO - [2025-11-01T13:08:56.177+0530] {dag.py:3947} INFO - Setting next_dagrun for example_bash_operator to 2025-10-31 00:00:00+00:00, run_after=2025-11-01 00:00:00+00:00
[2025-11-01T13:08:56.193+0530] {processor.py:183} INFO - Processing /home/logi/txtai/venv/lib/python3.10/site-packages/airflow/example_dags/example_bash_operator.py took 0.109 seconds
[2025-11-01T13:10:12.862+0530] {processor.py:161} INFO - Started process (PID=11343) to work on /home/logi/txtai/venv/lib/python3.10/site-packages/airflow/example_dags/example_bash_operator.py
[2025-11-01T13:10:12.875+0530] {processor.py:830} INFO - Processing file /home/logi/txtai/venv/lib/python3.10/site-packages/airflow/example_dags/example_bash_operator.py for tasks to queue
[2025-11-01T13:10:12.878+0530] {logging_mixin.py:188} INFO - [2025-11-01T13:10:12.877+0530] {dagbag.py:545} INFO - Filling up the DagBag from /home/logi/txtai/venv/lib/python3.10/site-packages/airflow/example_dags/example_bash_operator.py
[2025-11-01T13:10:12.896+0530] {processor.py:840} INFO - DAG(s) 'example_bash_operator' retrieved from /home/logi/txtai/venv/lib/python3.10/site-packages/airflow/example_dags/example_bash_operator.py
[2025-11-01T13:10:12.933+0530] {logging_mixin.py:188} INFO - [2025-11-01T13:10:12.933+0530] {dag.py:3089} INFO - Sync 1 DAGs
[2025-11-01T13:10:12.955+0530] {logging_mixin.py:188} INFO - [2025-11-01T13:10:12.955+0530] {dag.py:3947} INFO - Setting next_dagrun for example_bash_operator to 2025-10-31 00:00:00+00:00, run_after=2025-11-01 00:00:00+00:00
[2025-11-01T13:10:12.980+0530] {processor.py:183} INFO - Processing /home/logi/txtai/venv/lib/python3.10/site-packages/airflow/example_dags/example_bash_operator.py took 0.128 seconds
[2025-11-01T13:11:06.621+0530] {processor.py:161} INFO - Started process (PID=11453) to work on /home/logi/txtai/venv/lib/python3.10/site-packages/airflow/example_dags/example_bash_operator.py
[2025-11-01T13:11:06.633+0530] {processor.py:830} INFO - Processing file /home/logi/txtai/venv/lib/python3.10/site-packages/airflow/example_dags/example_bash_operator.py for tasks to queue
[2025-11-01T13:11:06.636+0530] {logging_mixin.py:188} INFO - [2025-11-01T13:11:06.636+0530] {dagbag.py:545} INFO - Filling up the DagBag from /home/logi/txtai/venv/lib/python3.10/site-packages/airflow/example_dags/example_bash_operator.py
[2025-11-01T13:11:06.650+0530] {processor.py:840} INFO - DAG(s) 'example_bash_operator' retrieved from /home/logi/txtai/venv/lib/python3.10/site-packages/airflow/example_dags/example_bash_operator.py
[2025-11-01T13:11:06.671+0530] {logging_mixin.py:188} INFO - [2025-11-01T13:11:06.671+0530] {dag.py:3089} INFO - Sync 1 DAGs
[2025-11-01T13:11:06.699+0530] {logging_mixin.py:188} INFO - [2025-11-01T13:11:06.699+0530] {dag.py:3947} INFO - Setting next_dagrun for example_bash_operator to 2025-10-31 00:00:00+00:00, run_after=2025-11-01 00:00:00+00:00
[2025-11-01T13:11:06.726+0530] {processor.py:183} INFO - Processing /home/logi/txtai/venv/lib/python3.10/site-packages/airflow/example_dags/example_bash_operator.py took 0.111 seconds
[2025-11-01T13:12:24.129+0530] {processor.py:161} INFO - Started process (PID=11784) to work on /home/logi/txtai/venv/lib/python3.10/site-packages/airflow/example_dags/example_bash_operator.py
[2025-11-01T13:12:24.143+0530] {processor.py:830} INFO - Processing file /home/logi/txtai/venv/lib/python3.10/site-packages/airflow/example_dags/example_bash_operator.py for tasks to queue
[2025-11-01T13:12:24.148+0530] {logging_mixin.py:188} INFO - [2025-11-01T13:12:24.147+0530] {dagbag.py:545} INFO - Filling up the DagBag from /home/logi/txtai/venv/lib/python3.10/site-packages/airflow/example_dags/example_bash_operator.py
[2025-11-01T13:12:24.160+0530] {processor.py:840} INFO - DAG(s) 'example_bash_operator' retrieved from /home/logi/txtai/venv/lib/python3.10/site-packages/airflow/example_dags/example_bash_operator.py
[2025-11-01T13:12:24.181+0530] {logging_mixin.py:188} INFO - [2025-11-01T13:12:24.181+0530] {dag.py:3089} INFO - Sync 1 DAGs
[2025-11-01T13:12:24.196+0530] {logging_mixin.py:188} INFO - [2025-11-01T13:12:24.196+0530] {dag.py:3947} INFO - Setting next_dagrun for example_bash_operator to 2025-10-31 00:00:00+00:00, run_after=2025-11-01 00:00:00+00:00
[2025-11-01T13:12:24.216+0530] {processor.py:183} INFO - Processing /home/logi/txtai/venv/lib/python3.10/site-packages/airflow/example_dags/example_bash_operator.py took 0.095 seconds
[2025-11-01T13:13:42.181+0530] {processor.py:161} INFO - Started process (PID=11981) to work on /home/logi/txtai/venv/lib/python3.10/site-packages/airflow/example_dags/example_bash_operator.py
[2025-11-01T13:13:42.193+0530] {processor.py:830} INFO - Processing file /home/logi/txtai/venv/lib/python3.10/site-packages/airflow/example_dags/example_bash_operator.py for tasks to queue
[2025-11-01T13:13:42.196+0530] {logging_mixin.py:188} INFO - [2025-11-01T13:13:42.196+0530] {dagbag.py:545} INFO - Filling up the DagBag from /home/logi/txtai/venv/lib/python3.10/site-packages/airflow/example_dags/example_bash_operator.py
[2025-11-01T13:13:42.205+0530] {processor.py:840} INFO - DAG(s) 'example_bash_operator' retrieved from /home/logi/txtai/venv/lib/python3.10/site-packages/airflow/example_dags/example_bash_operator.py
[2025-11-01T13:13:42.226+0530] {logging_mixin.py:188} INFO - [2025-11-01T13:13:42.226+0530] {dag.py:3089} INFO - Sync 1 DAGs
[2025-11-01T13:13:42.251+0530] {logging_mixin.py:188} INFO - [2025-11-01T13:13:42.251+0530] {dag.py:3947} INFO - Setting next_dagrun for example_bash_operator to 2025-10-31 00:00:00+00:00, run_after=2025-11-01 00:00:00+00:00
[2025-11-01T13:13:42.273+0530] {processor.py:183} INFO - Processing /home/logi/txtai/venv/lib/python3.10/site-packages/airflow/example_dags/example_bash_operator.py took 0.098 seconds
[2025-11-01T13:14:41.740+0530] {processor.py:161} INFO - Started process (PID=12229) to work on /home/logi/txtai/venv/lib/python3.10/site-packages/airflow/example_dags/example_bash_operator.py
[2025-11-01T13:14:41.753+0530] {processor.py:830} INFO - Processing file /home/logi/txtai/venv/lib/python3.10/site-packages/airflow/example_dags/example_bash_operator.py for tasks to queue
[2025-11-01T13:14:41.756+0530] {logging_mixin.py:188} INFO - [2025-11-01T13:14:41.755+0530] {dagbag.py:545} INFO - Filling up the DagBag from /home/logi/txtai/venv/lib/python3.10/site-packages/airflow/example_dags/example_bash_operator.py
[2025-11-01T13:14:41.767+0530] {processor.py:840} INFO - DAG(s) 'example_bash_operator' retrieved from /home/logi/txtai/venv/lib/python3.10/site-packages/airflow/example_dags/example_bash_operator.py
[2025-11-01T13:14:41.787+0530] {logging_mixin.py:188} INFO - [2025-11-01T13:14:41.787+0530] {dag.py:3089} INFO - Sync 1 DAGs
[2025-11-01T13:14:41.803+0530] {logging_mixin.py:188} INFO - [2025-11-01T13:14:41.802+0530] {dag.py:3947} INFO - Setting next_dagrun for example_bash_operator to 2025-10-31 00:00:00+00:00, run_after=2025-11-01 00:00:00+00:00
[2025-11-01T13:14:41.820+0530] {processor.py:183} INFO - Processing /home/logi/txtai/venv/lib/python3.10/site-packages/airflow/example_dags/example_bash_operator.py took 0.085 seconds
