[2025-11-01T12:49:12.157+0530] {processor.py:161} INFO - Started process (PID=6949) to work on /home/logi/txtai/venv/lib/python3.10/site-packages/airflow/example_dags/example_trigger_controller_dag.py
[2025-11-01T12:49:12.158+0530] {processor.py:830} INFO - Processing file /home/logi/txtai/venv/lib/python3.10/site-packages/airflow/example_dags/example_trigger_controller_dag.py for tasks to queue
[2025-11-01T12:49:12.159+0530] {logging_mixin.py:188} INFO - [2025-11-01T12:49:12.159+0530] {dagbag.py:545} INFO - Filling up the DagBag from /home/logi/txtai/venv/lib/python3.10/site-packages/airflow/example_dags/example_trigger_controller_dag.py
[2025-11-01T12:49:12.165+0530] {processor.py:840} INFO - DAG(s) 'example_trigger_controller_dag' retrieved from /home/logi/txtai/venv/lib/python3.10/site-packages/airflow/example_dags/example_trigger_controller_dag.py
[2025-11-01T12:49:12.179+0530] {logging_mixin.py:188} INFO - [2025-11-01T12:49:12.178+0530] {dag.py:3089} INFO - Sync 1 DAGs
[2025-11-01T12:49:12.200+0530] {logging_mixin.py:188} INFO - [2025-11-01T12:49:12.200+0530] {dag.py:3947} INFO - Setting next_dagrun for example_trigger_controller_dag to 2021-01-01 00:00:00+00:00, run_after=2021-01-01 00:00:00+00:00
[2025-11-01T12:49:12.232+0530] {processor.py:183} INFO - Processing /home/logi/txtai/venv/lib/python3.10/site-packages/airflow/example_dags/example_trigger_controller_dag.py took 0.083 seconds
[2025-11-01T12:50:17.046+0530] {processor.py:161} INFO - Started process (PID=7171) to work on /home/logi/txtai/venv/lib/python3.10/site-packages/airflow/example_dags/example_trigger_controller_dag.py
[2025-11-01T12:50:17.048+0530] {processor.py:830} INFO - Processing file /home/logi/txtai/venv/lib/python3.10/site-packages/airflow/example_dags/example_trigger_controller_dag.py for tasks to queue
[2025-11-01T12:50:17.055+0530] {logging_mixin.py:188} INFO - [2025-11-01T12:50:17.054+0530] {dagbag.py:545} INFO - Filling up the DagBag from /home/logi/txtai/venv/lib/python3.10/site-packages/airflow/example_dags/example_trigger_controller_dag.py
[2025-11-01T12:50:17.082+0530] {processor.py:840} INFO - DAG(s) 'example_trigger_controller_dag' retrieved from /home/logi/txtai/venv/lib/python3.10/site-packages/airflow/example_dags/example_trigger_controller_dag.py
[2025-11-01T12:50:17.112+0530] {logging_mixin.py:188} INFO - [2025-11-01T12:50:17.111+0530] {dag.py:3089} INFO - Sync 1 DAGs
[2025-11-01T12:50:17.125+0530] {logging_mixin.py:188} INFO - [2025-11-01T12:50:17.125+0530] {dag.py:3947} INFO - Setting next_dagrun for example_trigger_controller_dag to 2021-01-01 00:00:00+00:00, run_after=2021-01-01 00:00:00+00:00
[2025-11-01T12:50:17.147+0530] {processor.py:183} INFO - Processing /home/logi/txtai/venv/lib/python3.10/site-packages/airflow/example_dags/example_trigger_controller_dag.py took 0.126 seconds
[2025-11-01T12:51:24.891+0530] {processor.py:161} INFO - Started process (PID=7453) to work on /home/logi/txtai/venv/lib/python3.10/site-packages/airflow/example_dags/example_trigger_controller_dag.py
[2025-11-01T12:51:24.907+0530] {processor.py:830} INFO - Processing file /home/logi/txtai/venv/lib/python3.10/site-packages/airflow/example_dags/example_trigger_controller_dag.py for tasks to queue
[2025-11-01T12:51:24.912+0530] {logging_mixin.py:188} INFO - [2025-11-01T12:51:24.911+0530] {dagbag.py:545} INFO - Filling up the DagBag from /home/logi/txtai/venv/lib/python3.10/site-packages/airflow/example_dags/example_trigger_controller_dag.py
[2025-11-01T12:51:24.919+0530] {processor.py:840} INFO - DAG(s) 'example_trigger_controller_dag' retrieved from /home/logi/txtai/venv/lib/python3.10/site-packages/airflow/example_dags/example_trigger_controller_dag.py
[2025-11-01T12:51:24.946+0530] {logging_mixin.py:188} INFO - [2025-11-01T12:51:24.946+0530] {dag.py:3089} INFO - Sync 1 DAGs
[2025-11-01T12:51:24.973+0530] {logging_mixin.py:188} INFO - [2025-11-01T12:51:24.973+0530] {dag.py:3947} INFO - Setting next_dagrun for example_trigger_controller_dag to 2021-01-01 00:00:00+00:00, run_after=2021-01-01 00:00:00+00:00
[2025-11-01T12:51:25.009+0530] {processor.py:183} INFO - Processing /home/logi/txtai/venv/lib/python3.10/site-packages/airflow/example_dags/example_trigger_controller_dag.py took 0.130 seconds
[2025-11-01T12:52:31.247+0530] {processor.py:161} INFO - Started process (PID=7861) to work on /home/logi/txtai/venv/lib/python3.10/site-packages/airflow/example_dags/example_trigger_controller_dag.py
[2025-11-01T12:52:31.259+0530] {processor.py:830} INFO - Processing file /home/logi/txtai/venv/lib/python3.10/site-packages/airflow/example_dags/example_trigger_controller_dag.py for tasks to queue
[2025-11-01T12:52:31.262+0530] {logging_mixin.py:188} INFO - [2025-11-01T12:52:31.262+0530] {dagbag.py:545} INFO - Filling up the DagBag from /home/logi/txtai/venv/lib/python3.10/site-packages/airflow/example_dags/example_trigger_controller_dag.py
[2025-11-01T12:52:31.269+0530] {processor.py:840} INFO - DAG(s) 'example_trigger_controller_dag' retrieved from /home/logi/txtai/venv/lib/python3.10/site-packages/airflow/example_dags/example_trigger_controller_dag.py
[2025-11-01T12:52:31.284+0530] {logging_mixin.py:188} INFO - [2025-11-01T12:52:31.284+0530] {dag.py:3089} INFO - Sync 1 DAGs
[2025-11-01T12:52:31.298+0530] {logging_mixin.py:188} INFO - [2025-11-01T12:52:31.297+0530] {dag.py:3947} INFO - Setting next_dagrun for example_trigger_controller_dag to 2021-01-01 00:00:00+00:00, run_after=2021-01-01 00:00:00+00:00
[2025-11-01T12:52:31.316+0530] {processor.py:183} INFO - Processing /home/logi/txtai/venv/lib/python3.10/site-packages/airflow/example_dags/example_trigger_controller_dag.py took 0.077 seconds
[2025-11-01T12:53:23.444+0530] {processor.py:161} INFO - Started process (PID=7945) to work on /home/logi/txtai/venv/lib/python3.10/site-packages/airflow/example_dags/example_trigger_controller_dag.py
[2025-11-01T12:53:23.459+0530] {processor.py:830} INFO - Processing file /home/logi/txtai/venv/lib/python3.10/site-packages/airflow/example_dags/example_trigger_controller_dag.py for tasks to queue
[2025-11-01T12:53:23.465+0530] {logging_mixin.py:188} INFO - [2025-11-01T12:53:23.464+0530] {dagbag.py:545} INFO - Filling up the DagBag from /home/logi/txtai/venv/lib/python3.10/site-packages/airflow/example_dags/example_trigger_controller_dag.py
[2025-11-01T12:53:23.474+0530] {processor.py:840} INFO - DAG(s) 'example_trigger_controller_dag' retrieved from /home/logi/txtai/venv/lib/python3.10/site-packages/airflow/example_dags/example_trigger_controller_dag.py
[2025-11-01T12:53:23.498+0530] {logging_mixin.py:188} INFO - [2025-11-01T12:53:23.497+0530] {dag.py:3089} INFO - Sync 1 DAGs
[2025-11-01T12:53:23.517+0530] {logging_mixin.py:188} INFO - [2025-11-01T12:53:23.517+0530] {dag.py:3947} INFO - Setting next_dagrun for example_trigger_controller_dag to 2021-01-01 00:00:00+00:00, run_after=2021-01-01 00:00:00+00:00
[2025-11-01T12:53:23.540+0530] {processor.py:183} INFO - Processing /home/logi/txtai/venv/lib/python3.10/site-packages/airflow/example_dags/example_trigger_controller_dag.py took 0.109 seconds
[2025-11-01T12:54:20.348+0530] {processor.py:161} INFO - Started process (PID=8178) to work on /home/logi/txtai/venv/lib/python3.10/site-packages/airflow/example_dags/example_trigger_controller_dag.py
[2025-11-01T12:54:20.350+0530] {processor.py:830} INFO - Processing file /home/logi/txtai/venv/lib/python3.10/site-packages/airflow/example_dags/example_trigger_controller_dag.py for tasks to queue
[2025-11-01T12:54:20.354+0530] {logging_mixin.py:188} INFO - [2025-11-01T12:54:20.353+0530] {dagbag.py:545} INFO - Filling up the DagBag from /home/logi/txtai/venv/lib/python3.10/site-packages/airflow/example_dags/example_trigger_controller_dag.py
[2025-11-01T12:54:20.362+0530] {processor.py:840} INFO - DAG(s) 'example_trigger_controller_dag' retrieved from /home/logi/txtai/venv/lib/python3.10/site-packages/airflow/example_dags/example_trigger_controller_dag.py
[2025-11-01T12:54:20.385+0530] {logging_mixin.py:188} INFO - [2025-11-01T12:54:20.385+0530] {dag.py:3089} INFO - Sync 1 DAGs
[2025-11-01T12:54:20.401+0530] {logging_mixin.py:188} INFO - [2025-11-01T12:54:20.401+0530] {dag.py:3947} INFO - Setting next_dagrun for example_trigger_controller_dag to 2021-01-01 00:00:00+00:00, run_after=2021-01-01 00:00:00+00:00
[2025-11-01T12:54:20.418+0530] {processor.py:183} INFO - Processing /home/logi/txtai/venv/lib/python3.10/site-packages/airflow/example_dags/example_trigger_controller_dag.py took 0.080 seconds
[2025-11-01T12:55:12.206+0530] {processor.py:161} INFO - Started process (PID=8257) to work on /home/logi/txtai/venv/lib/python3.10/site-packages/airflow/example_dags/example_trigger_controller_dag.py
[2025-11-01T12:55:12.219+0530] {processor.py:830} INFO - Processing file /home/logi/txtai/venv/lib/python3.10/site-packages/airflow/example_dags/example_trigger_controller_dag.py for tasks to queue
[2025-11-01T12:55:12.221+0530] {logging_mixin.py:188} INFO - [2025-11-01T12:55:12.221+0530] {dagbag.py:545} INFO - Filling up the DagBag from /home/logi/txtai/venv/lib/python3.10/site-packages/airflow/example_dags/example_trigger_controller_dag.py
[2025-11-01T12:55:12.228+0530] {processor.py:840} INFO - DAG(s) 'example_trigger_controller_dag' retrieved from /home/logi/txtai/venv/lib/python3.10/site-packages/airflow/example_dags/example_trigger_controller_dag.py
[2025-11-01T12:55:12.242+0530] {logging_mixin.py:188} INFO - [2025-11-01T12:55:12.242+0530] {dag.py:3089} INFO - Sync 1 DAGs
[2025-11-01T12:55:12.256+0530] {logging_mixin.py:188} INFO - [2025-11-01T12:55:12.256+0530] {dag.py:3947} INFO - Setting next_dagrun for example_trigger_controller_dag to 2021-01-01 00:00:00+00:00, run_after=2021-01-01 00:00:00+00:00
[2025-11-01T12:55:12.275+0530] {processor.py:183} INFO - Processing /home/logi/txtai/venv/lib/python3.10/site-packages/airflow/example_dags/example_trigger_controller_dag.py took 0.075 seconds
[2025-11-01T12:55:57.418+0530] {processor.py:161} INFO - Started process (PID=8328) to work on /home/logi/txtai/venv/lib/python3.10/site-packages/airflow/example_dags/example_trigger_controller_dag.py
[2025-11-01T12:55:57.428+0530] {processor.py:830} INFO - Processing file /home/logi/txtai/venv/lib/python3.10/site-packages/airflow/example_dags/example_trigger_controller_dag.py for tasks to queue
[2025-11-01T12:55:57.431+0530] {logging_mixin.py:188} INFO - [2025-11-01T12:55:57.431+0530] {dagbag.py:545} INFO - Filling up the DagBag from /home/logi/txtai/venv/lib/python3.10/site-packages/airflow/example_dags/example_trigger_controller_dag.py
[2025-11-01T12:55:57.439+0530] {processor.py:840} INFO - DAG(s) 'example_trigger_controller_dag' retrieved from /home/logi/txtai/venv/lib/python3.10/site-packages/airflow/example_dags/example_trigger_controller_dag.py
[2025-11-01T12:55:57.463+0530] {logging_mixin.py:188} INFO - [2025-11-01T12:55:57.462+0530] {dag.py:3089} INFO - Sync 1 DAGs
[2025-11-01T12:55:57.485+0530] {logging_mixin.py:188} INFO - [2025-11-01T12:55:57.485+0530] {dag.py:3947} INFO - Setting next_dagrun for example_trigger_controller_dag to 2021-01-01 00:00:00+00:00, run_after=2021-01-01 00:00:00+00:00
[2025-11-01T12:55:57.504+0530] {processor.py:183} INFO - Processing /home/logi/txtai/venv/lib/python3.10/site-packages/airflow/example_dags/example_trigger_controller_dag.py took 0.096 seconds
[2025-11-01T12:56:59.442+0530] {processor.py:161} INFO - Started process (PID=8576) to work on /home/logi/txtai/venv/lib/python3.10/site-packages/airflow/example_dags/example_trigger_controller_dag.py
[2025-11-01T12:56:59.455+0530] {processor.py:830} INFO - Processing file /home/logi/txtai/venv/lib/python3.10/site-packages/airflow/example_dags/example_trigger_controller_dag.py for tasks to queue
[2025-11-01T12:56:59.457+0530] {logging_mixin.py:188} INFO - [2025-11-01T12:56:59.457+0530] {dagbag.py:545} INFO - Filling up the DagBag from /home/logi/txtai/venv/lib/python3.10/site-packages/airflow/example_dags/example_trigger_controller_dag.py
[2025-11-01T12:56:59.466+0530] {processor.py:840} INFO - DAG(s) 'example_trigger_controller_dag' retrieved from /home/logi/txtai/venv/lib/python3.10/site-packages/airflow/example_dags/example_trigger_controller_dag.py
[2025-11-01T12:56:59.490+0530] {logging_mixin.py:188} INFO - [2025-11-01T12:56:59.489+0530] {dag.py:3089} INFO - Sync 1 DAGs
[2025-11-01T12:56:59.513+0530] {logging_mixin.py:188} INFO - [2025-11-01T12:56:59.512+0530] {dag.py:3947} INFO - Setting next_dagrun for example_trigger_controller_dag to 2021-01-01 00:00:00+00:00, run_after=2021-01-01 00:00:00+00:00
[2025-11-01T12:56:59.539+0530] {processor.py:183} INFO - Processing /home/logi/txtai/venv/lib/python3.10/site-packages/airflow/example_dags/example_trigger_controller_dag.py took 0.107 seconds
[2025-11-01T12:57:47.521+0530] {processor.py:161} INFO - Started process (PID=8646) to work on /home/logi/txtai/venv/lib/python3.10/site-packages/airflow/example_dags/example_trigger_controller_dag.py
[2025-11-01T12:57:47.524+0530] {processor.py:830} INFO - Processing file /home/logi/txtai/venv/lib/python3.10/site-packages/airflow/example_dags/example_trigger_controller_dag.py for tasks to queue
[2025-11-01T12:57:47.527+0530] {logging_mixin.py:188} INFO - [2025-11-01T12:57:47.526+0530] {dagbag.py:545} INFO - Filling up the DagBag from /home/logi/txtai/venv/lib/python3.10/site-packages/airflow/example_dags/example_trigger_controller_dag.py
[2025-11-01T12:57:47.535+0530] {processor.py:840} INFO - DAG(s) 'example_trigger_controller_dag' retrieved from /home/logi/txtai/venv/lib/python3.10/site-packages/airflow/example_dags/example_trigger_controller_dag.py
[2025-11-01T12:57:47.548+0530] {logging_mixin.py:188} INFO - [2025-11-01T12:57:47.548+0530] {dag.py:3089} INFO - Sync 1 DAGs
[2025-11-01T12:57:47.565+0530] {logging_mixin.py:188} INFO - [2025-11-01T12:57:47.565+0530] {dag.py:3947} INFO - Setting next_dagrun for example_trigger_controller_dag to 2021-01-01 00:00:00+00:00, run_after=2021-01-01 00:00:00+00:00
[2025-11-01T12:57:47.581+0530] {processor.py:183} INFO - Processing /home/logi/txtai/venv/lib/python3.10/site-packages/airflow/example_dags/example_trigger_controller_dag.py took 0.066 seconds
[2025-11-01T12:58:47.189+0530] {processor.py:161} INFO - Started process (PID=8883) to work on /home/logi/txtai/venv/lib/python3.10/site-packages/airflow/example_dags/example_trigger_controller_dag.py
[2025-11-01T12:58:47.202+0530] {processor.py:830} INFO - Processing file /home/logi/txtai/venv/lib/python3.10/site-packages/airflow/example_dags/example_trigger_controller_dag.py for tasks to queue
[2025-11-01T12:58:47.205+0530] {logging_mixin.py:188} INFO - [2025-11-01T12:58:47.204+0530] {dagbag.py:545} INFO - Filling up the DagBag from /home/logi/txtai/venv/lib/python3.10/site-packages/airflow/example_dags/example_trigger_controller_dag.py
[2025-11-01T12:58:47.214+0530] {processor.py:840} INFO - DAG(s) 'example_trigger_controller_dag' retrieved from /home/logi/txtai/venv/lib/python3.10/site-packages/airflow/example_dags/example_trigger_controller_dag.py
[2025-11-01T12:58:47.241+0530] {logging_mixin.py:188} INFO - [2025-11-01T12:58:47.241+0530] {dag.py:3089} INFO - Sync 1 DAGs
[2025-11-01T12:58:47.268+0530] {logging_mixin.py:188} INFO - [2025-11-01T12:58:47.268+0530] {dag.py:3947} INFO - Setting next_dagrun for example_trigger_controller_dag to 2021-01-01 00:00:00+00:00, run_after=2021-01-01 00:00:00+00:00
[2025-11-01T12:58:47.302+0530] {processor.py:183} INFO - Processing /home/logi/txtai/venv/lib/python3.10/site-packages/airflow/example_dags/example_trigger_controller_dag.py took 0.125 seconds
[2025-11-01T12:59:41.218+0530] {processor.py:161} INFO - Started process (PID=8962) to work on /home/logi/txtai/venv/lib/python3.10/site-packages/airflow/example_dags/example_trigger_controller_dag.py
[2025-11-01T12:59:41.219+0530] {processor.py:830} INFO - Processing file /home/logi/txtai/venv/lib/python3.10/site-packages/airflow/example_dags/example_trigger_controller_dag.py for tasks to queue
[2025-11-01T12:59:41.222+0530] {logging_mixin.py:188} INFO - [2025-11-01T12:59:41.221+0530] {dagbag.py:545} INFO - Filling up the DagBag from /home/logi/txtai/venv/lib/python3.10/site-packages/airflow/example_dags/example_trigger_controller_dag.py
[2025-11-01T12:59:41.231+0530] {processor.py:840} INFO - DAG(s) 'example_trigger_controller_dag' retrieved from /home/logi/txtai/venv/lib/python3.10/site-packages/airflow/example_dags/example_trigger_controller_dag.py
[2025-11-01T12:59:41.257+0530] {logging_mixin.py:188} INFO - [2025-11-01T12:59:41.256+0530] {dag.py:3089} INFO - Sync 1 DAGs
[2025-11-01T12:59:41.274+0530] {logging_mixin.py:188} INFO - [2025-11-01T12:59:41.274+0530] {dag.py:3947} INFO - Setting next_dagrun for example_trigger_controller_dag to 2021-01-01 00:00:00+00:00, run_after=2021-01-01 00:00:00+00:00
[2025-11-01T12:59:41.301+0530] {processor.py:183} INFO - Processing /home/logi/txtai/venv/lib/python3.10/site-packages/airflow/example_dags/example_trigger_controller_dag.py took 0.094 seconds
[2025-11-01T13:00:36.523+0530] {processor.py:161} INFO - Started process (PID=9161) to work on /home/logi/txtai/venv/lib/python3.10/site-packages/airflow/example_dags/example_trigger_controller_dag.py
[2025-11-01T13:00:36.525+0530] {processor.py:830} INFO - Processing file /home/logi/txtai/venv/lib/python3.10/site-packages/airflow/example_dags/example_trigger_controller_dag.py for tasks to queue
[2025-11-01T13:00:36.526+0530] {logging_mixin.py:188} INFO - [2025-11-01T13:00:36.526+0530] {dagbag.py:545} INFO - Filling up the DagBag from /home/logi/txtai/venv/lib/python3.10/site-packages/airflow/example_dags/example_trigger_controller_dag.py
[2025-11-01T13:00:36.530+0530] {processor.py:840} INFO - DAG(s) 'example_trigger_controller_dag' retrieved from /home/logi/txtai/venv/lib/python3.10/site-packages/airflow/example_dags/example_trigger_controller_dag.py
[2025-11-01T13:00:36.545+0530] {logging_mixin.py:188} INFO - [2025-11-01T13:00:36.545+0530] {dag.py:3089} INFO - Sync 1 DAGs
[2025-11-01T13:00:36.559+0530] {logging_mixin.py:188} INFO - [2025-11-01T13:00:36.559+0530] {dag.py:3947} INFO - Setting next_dagrun for example_trigger_controller_dag to 2021-01-01 00:00:00+00:00, run_after=2021-01-01 00:00:00+00:00
[2025-11-01T13:00:36.578+0530] {processor.py:183} INFO - Processing /home/logi/txtai/venv/lib/python3.10/site-packages/airflow/example_dags/example_trigger_controller_dag.py took 0.060 seconds
[2025-11-01T13:01:31.054+0530] {processor.py:161} INFO - Started process (PID=9240) to work on /home/logi/txtai/venv/lib/python3.10/site-packages/airflow/example_dags/example_trigger_controller_dag.py
[2025-11-01T13:01:31.066+0530] {processor.py:830} INFO - Processing file /home/logi/txtai/venv/lib/python3.10/site-packages/airflow/example_dags/example_trigger_controller_dag.py for tasks to queue
[2025-11-01T13:01:31.069+0530] {logging_mixin.py:188} INFO - [2025-11-01T13:01:31.068+0530] {dagbag.py:545} INFO - Filling up the DagBag from /home/logi/txtai/venv/lib/python3.10/site-packages/airflow/example_dags/example_trigger_controller_dag.py
[2025-11-01T13:01:31.081+0530] {processor.py:840} INFO - DAG(s) 'example_trigger_controller_dag' retrieved from /home/logi/txtai/venv/lib/python3.10/site-packages/airflow/example_dags/example_trigger_controller_dag.py
[2025-11-01T13:01:31.104+0530] {logging_mixin.py:188} INFO - [2025-11-01T13:01:31.104+0530] {dag.py:3089} INFO - Sync 1 DAGs
[2025-11-01T13:01:31.123+0530] {logging_mixin.py:188} INFO - [2025-11-01T13:01:31.123+0530] {dag.py:3947} INFO - Setting next_dagrun for example_trigger_controller_dag to 2021-01-01 00:00:00+00:00, run_after=2021-01-01 00:00:00+00:00
[2025-11-01T13:01:31.149+0530] {processor.py:183} INFO - Processing /home/logi/txtai/venv/lib/python3.10/site-packages/airflow/example_dags/example_trigger_controller_dag.py took 0.106 seconds
[2025-11-01T13:02:35.135+0530] {processor.py:161} INFO - Started process (PID=9599) to work on /home/logi/txtai/venv/lib/python3.10/site-packages/airflow/example_dags/example_trigger_controller_dag.py
[2025-11-01T13:02:35.141+0530] {processor.py:830} INFO - Processing file /home/logi/txtai/venv/lib/python3.10/site-packages/airflow/example_dags/example_trigger_controller_dag.py for tasks to queue
[2025-11-01T13:02:35.149+0530] {logging_mixin.py:188} INFO - [2025-11-01T13:02:35.147+0530] {dagbag.py:545} INFO - Filling up the DagBag from /home/logi/txtai/venv/lib/python3.10/site-packages/airflow/example_dags/example_trigger_controller_dag.py
[2025-11-01T13:02:35.176+0530] {processor.py:840} INFO - DAG(s) 'example_trigger_controller_dag' retrieved from /home/logi/txtai/venv/lib/python3.10/site-packages/airflow/example_dags/example_trigger_controller_dag.py
[2025-11-01T13:02:35.249+0530] {logging_mixin.py:188} INFO - [2025-11-01T13:02:35.248+0530] {dag.py:3089} INFO - Sync 1 DAGs
[2025-11-01T13:02:35.316+0530] {logging_mixin.py:188} INFO - [2025-11-01T13:02:35.313+0530] {dag.py:3947} INFO - Setting next_dagrun for example_trigger_controller_dag to 2021-01-01 00:00:00+00:00, run_after=2021-01-01 00:00:00+00:00
[2025-11-01T13:02:35.395+0530] {processor.py:183} INFO - Processing /home/logi/txtai/venv/lib/python3.10/site-packages/airflow/example_dags/example_trigger_controller_dag.py took 0.289 seconds
[2025-11-01T13:03:26.557+0530] {processor.py:161} INFO - Started process (PID=9718) to work on /home/logi/txtai/venv/lib/python3.10/site-packages/airflow/example_dags/example_trigger_controller_dag.py
[2025-11-01T13:03:26.569+0530] {processor.py:830} INFO - Processing file /home/logi/txtai/venv/lib/python3.10/site-packages/airflow/example_dags/example_trigger_controller_dag.py for tasks to queue
[2025-11-01T13:03:26.572+0530] {logging_mixin.py:188} INFO - [2025-11-01T13:03:26.572+0530] {dagbag.py:545} INFO - Filling up the DagBag from /home/logi/txtai/venv/lib/python3.10/site-packages/airflow/example_dags/example_trigger_controller_dag.py
[2025-11-01T13:03:26.577+0530] {processor.py:840} INFO - DAG(s) 'example_trigger_controller_dag' retrieved from /home/logi/txtai/venv/lib/python3.10/site-packages/airflow/example_dags/example_trigger_controller_dag.py
[2025-11-01T13:03:26.591+0530] {logging_mixin.py:188} INFO - [2025-11-01T13:03:26.591+0530] {dag.py:3089} INFO - Sync 1 DAGs
[2025-11-01T13:03:26.605+0530] {logging_mixin.py:188} INFO - [2025-11-01T13:03:26.605+0530] {dag.py:3947} INFO - Setting next_dagrun for example_trigger_controller_dag to 2021-01-01 00:00:00+00:00, run_after=2021-01-01 00:00:00+00:00
[2025-11-01T13:03:26.622+0530] {processor.py:183} INFO - Processing /home/logi/txtai/venv/lib/python3.10/site-packages/airflow/example_dags/example_trigger_controller_dag.py took 0.071 seconds
[2025-11-01T13:04:27.073+0530] {processor.py:161} INFO - Started process (PID=10035) to work on /home/logi/txtai/venv/lib/python3.10/site-packages/airflow/example_dags/example_trigger_controller_dag.py
[2025-11-01T13:04:27.086+0530] {processor.py:830} INFO - Processing file /home/logi/txtai/venv/lib/python3.10/site-packages/airflow/example_dags/example_trigger_controller_dag.py for tasks to queue
[2025-11-01T13:04:27.094+0530] {logging_mixin.py:188} INFO - [2025-11-01T13:04:27.092+0530] {dagbag.py:545} INFO - Filling up the DagBag from /home/logi/txtai/venv/lib/python3.10/site-packages/airflow/example_dags/example_trigger_controller_dag.py
[2025-11-01T13:04:27.110+0530] {processor.py:840} INFO - DAG(s) 'example_trigger_controller_dag' retrieved from /home/logi/txtai/venv/lib/python3.10/site-packages/airflow/example_dags/example_trigger_controller_dag.py
[2025-11-01T13:04:27.139+0530] {logging_mixin.py:188} INFO - [2025-11-01T13:04:27.139+0530] {dag.py:3089} INFO - Sync 1 DAGs
[2025-11-01T13:04:27.158+0530] {logging_mixin.py:188} INFO - [2025-11-01T13:04:27.158+0530] {dag.py:3947} INFO - Setting next_dagrun for example_trigger_controller_dag to 2021-01-01 00:00:00+00:00, run_after=2021-01-01 00:00:00+00:00
[2025-11-01T13:04:27.183+0530] {processor.py:183} INFO - Processing /home/logi/txtai/venv/lib/python3.10/site-packages/airflow/example_dags/example_trigger_controller_dag.py took 0.137 seconds
[2025-11-01T13:05:23.259+0530] {processor.py:161} INFO - Started process (PID=10163) to work on /home/logi/txtai/venv/lib/python3.10/site-packages/airflow/example_dags/example_trigger_controller_dag.py
[2025-11-01T13:05:23.261+0530] {processor.py:830} INFO - Processing file /home/logi/txtai/venv/lib/python3.10/site-packages/airflow/example_dags/example_trigger_controller_dag.py for tasks to queue
[2025-11-01T13:05:23.264+0530] {logging_mixin.py:188} INFO - [2025-11-01T13:05:23.263+0530] {dagbag.py:545} INFO - Filling up the DagBag from /home/logi/txtai/venv/lib/python3.10/site-packages/airflow/example_dags/example_trigger_controller_dag.py
[2025-11-01T13:05:23.272+0530] {processor.py:840} INFO - DAG(s) 'example_trigger_controller_dag' retrieved from /home/logi/txtai/venv/lib/python3.10/site-packages/airflow/example_dags/example_trigger_controller_dag.py
[2025-11-01T13:05:23.295+0530] {logging_mixin.py:188} INFO - [2025-11-01T13:05:23.295+0530] {dag.py:3089} INFO - Sync 1 DAGs
[2025-11-01T13:05:23.309+0530] {logging_mixin.py:188} INFO - [2025-11-01T13:05:23.309+0530] {dag.py:3947} INFO - Setting next_dagrun for example_trigger_controller_dag to 2021-01-01 00:00:00+00:00, run_after=2021-01-01 00:00:00+00:00
[2025-11-01T13:05:23.327+0530] {processor.py:183} INFO - Processing /home/logi/txtai/venv/lib/python3.10/site-packages/airflow/example_dags/example_trigger_controller_dag.py took 0.078 seconds
[2025-11-01T13:06:19.638+0530] {processor.py:161} INFO - Started process (PID=10413) to work on /home/logi/txtai/venv/lib/python3.10/site-packages/airflow/example_dags/example_trigger_controller_dag.py
[2025-11-01T13:06:19.649+0530] {processor.py:830} INFO - Processing file /home/logi/txtai/venv/lib/python3.10/site-packages/airflow/example_dags/example_trigger_controller_dag.py for tasks to queue
[2025-11-01T13:06:19.654+0530] {logging_mixin.py:188} INFO - [2025-11-01T13:06:19.653+0530] {dagbag.py:545} INFO - Filling up the DagBag from /home/logi/txtai/venv/lib/python3.10/site-packages/airflow/example_dags/example_trigger_controller_dag.py
[2025-11-01T13:06:19.666+0530] {processor.py:840} INFO - DAG(s) 'example_trigger_controller_dag' retrieved from /home/logi/txtai/venv/lib/python3.10/site-packages/airflow/example_dags/example_trigger_controller_dag.py
[2025-11-01T13:06:19.679+0530] {logging_mixin.py:188} INFO - [2025-11-01T13:06:19.679+0530] {dag.py:3089} INFO - Sync 1 DAGs
[2025-11-01T13:06:19.696+0530] {logging_mixin.py:188} INFO - [2025-11-01T13:06:19.695+0530] {dag.py:3947} INFO - Setting next_dagrun for example_trigger_controller_dag to 2021-01-01 00:00:00+00:00, run_after=2021-01-01 00:00:00+00:00
[2025-11-01T13:06:19.712+0530] {processor.py:183} INFO - Processing /home/logi/txtai/venv/lib/python3.10/site-packages/airflow/example_dags/example_trigger_controller_dag.py took 0.081 seconds
[2025-11-01T13:07:13.052+0530] {processor.py:161} INFO - Started process (PID=10533) to work on /home/logi/txtai/venv/lib/python3.10/site-packages/airflow/example_dags/example_trigger_controller_dag.py
[2025-11-01T13:07:13.065+0530] {processor.py:830} INFO - Processing file /home/logi/txtai/venv/lib/python3.10/site-packages/airflow/example_dags/example_trigger_controller_dag.py for tasks to queue
[2025-11-01T13:07:13.068+0530] {logging_mixin.py:188} INFO - [2025-11-01T13:07:13.067+0530] {dagbag.py:545} INFO - Filling up the DagBag from /home/logi/txtai/venv/lib/python3.10/site-packages/airflow/example_dags/example_trigger_controller_dag.py
[2025-11-01T13:07:13.076+0530] {processor.py:840} INFO - DAG(s) 'example_trigger_controller_dag' retrieved from /home/logi/txtai/venv/lib/python3.10/site-packages/airflow/example_dags/example_trigger_controller_dag.py
[2025-11-01T13:07:13.111+0530] {logging_mixin.py:188} INFO - [2025-11-01T13:07:13.110+0530] {dag.py:3089} INFO - Sync 1 DAGs
[2025-11-01T13:07:13.127+0530] {logging_mixin.py:188} INFO - [2025-11-01T13:07:13.127+0530] {dag.py:3947} INFO - Setting next_dagrun for example_trigger_controller_dag to 2021-01-01 00:00:00+00:00, run_after=2021-01-01 00:00:00+00:00
[2025-11-01T13:07:13.146+0530] {processor.py:183} INFO - Processing /home/logi/txtai/venv/lib/python3.10/site-packages/airflow/example_dags/example_trigger_controller_dag.py took 0.104 seconds
[2025-11-01T13:08:09.987+0530] {processor.py:161} INFO - Started process (PID=10767) to work on /home/logi/txtai/venv/lib/python3.10/site-packages/airflow/example_dags/example_trigger_controller_dag.py
[2025-11-01T13:08:09.988+0530] {processor.py:830} INFO - Processing file /home/logi/txtai/venv/lib/python3.10/site-packages/airflow/example_dags/example_trigger_controller_dag.py for tasks to queue
[2025-11-01T13:08:09.990+0530] {logging_mixin.py:188} INFO - [2025-11-01T13:08:09.990+0530] {dagbag.py:545} INFO - Filling up the DagBag from /home/logi/txtai/venv/lib/python3.10/site-packages/airflow/example_dags/example_trigger_controller_dag.py
[2025-11-01T13:08:09.997+0530] {processor.py:840} INFO - DAG(s) 'example_trigger_controller_dag' retrieved from /home/logi/txtai/venv/lib/python3.10/site-packages/airflow/example_dags/example_trigger_controller_dag.py
[2025-11-01T13:08:10.009+0530] {logging_mixin.py:188} INFO - [2025-11-01T13:08:10.009+0530] {dag.py:3089} INFO - Sync 1 DAGs
[2025-11-01T13:08:10.023+0530] {logging_mixin.py:188} INFO - [2025-11-01T13:08:10.023+0530] {dag.py:3947} INFO - Setting next_dagrun for example_trigger_controller_dag to 2021-01-01 00:00:00+00:00, run_after=2021-01-01 00:00:00+00:00
[2025-11-01T13:08:10.041+0530] {processor.py:183} INFO - Processing /home/logi/txtai/venv/lib/python3.10/site-packages/airflow/example_dags/example_trigger_controller_dag.py took 0.060 seconds
[2025-11-01T13:09:03.959+0530] {processor.py:161} INFO - Started process (PID=11079) to work on /home/logi/txtai/venv/lib/python3.10/site-packages/airflow/example_dags/example_trigger_controller_dag.py
[2025-11-01T13:09:04.033+0530] {processor.py:830} INFO - Processing file /home/logi/txtai/venv/lib/python3.10/site-packages/airflow/example_dags/example_trigger_controller_dag.py for tasks to queue
[2025-11-01T13:09:04.036+0530] {logging_mixin.py:188} INFO - [2025-11-01T13:09:04.036+0530] {dagbag.py:545} INFO - Filling up the DagBag from /home/logi/txtai/venv/lib/python3.10/site-packages/airflow/example_dags/example_trigger_controller_dag.py
[2025-11-01T13:09:04.042+0530] {processor.py:840} INFO - DAG(s) 'example_trigger_controller_dag' retrieved from /home/logi/txtai/venv/lib/python3.10/site-packages/airflow/example_dags/example_trigger_controller_dag.py
[2025-11-01T13:09:04.055+0530] {logging_mixin.py:188} INFO - [2025-11-01T13:09:04.054+0530] {dag.py:3089} INFO - Sync 1 DAGs
[2025-11-01T13:09:04.068+0530] {logging_mixin.py:188} INFO - [2025-11-01T13:09:04.068+0530] {dag.py:3947} INFO - Setting next_dagrun for example_trigger_controller_dag to 2021-01-01 00:00:00+00:00, run_after=2021-01-01 00:00:00+00:00
[2025-11-01T13:09:04.087+0530] {processor.py:183} INFO - Processing /home/logi/txtai/venv/lib/python3.10/site-packages/airflow/example_dags/example_trigger_controller_dag.py took 0.136 seconds
[2025-11-01T13:09:50.995+0530] {processor.py:161} INFO - Started process (PID=11212) to work on /home/logi/txtai/venv/lib/python3.10/site-packages/airflow/example_dags/example_trigger_controller_dag.py
[2025-11-01T13:09:51.008+0530] {processor.py:830} INFO - Processing file /home/logi/txtai/venv/lib/python3.10/site-packages/airflow/example_dags/example_trigger_controller_dag.py for tasks to queue
[2025-11-01T13:09:51.010+0530] {logging_mixin.py:188} INFO - [2025-11-01T13:09:51.010+0530] {dagbag.py:545} INFO - Filling up the DagBag from /home/logi/txtai/venv/lib/python3.10/site-packages/airflow/example_dags/example_trigger_controller_dag.py
[2025-11-01T13:09:51.015+0530] {processor.py:840} INFO - DAG(s) 'example_trigger_controller_dag' retrieved from /home/logi/txtai/venv/lib/python3.10/site-packages/airflow/example_dags/example_trigger_controller_dag.py
[2025-11-01T13:09:51.029+0530] {logging_mixin.py:188} INFO - [2025-11-01T13:09:51.029+0530] {dag.py:3089} INFO - Sync 1 DAGs
[2025-11-01T13:09:51.043+0530] {logging_mixin.py:188} INFO - [2025-11-01T13:09:51.043+0530] {dag.py:3947} INFO - Setting next_dagrun for example_trigger_controller_dag to 2021-01-01 00:00:00+00:00, run_after=2021-01-01 00:00:00+00:00
[2025-11-01T13:09:51.064+0530] {processor.py:183} INFO - Processing /home/logi/txtai/venv/lib/python3.10/site-packages/airflow/example_dags/example_trigger_controller_dag.py took 0.076 seconds
[2025-11-01T13:10:49.195+0530] {processor.py:161} INFO - Started process (PID=11434) to work on /home/logi/txtai/venv/lib/python3.10/site-packages/airflow/example_dags/example_trigger_controller_dag.py
[2025-11-01T13:10:49.202+0530] {processor.py:830} INFO - Processing file /home/logi/txtai/venv/lib/python3.10/site-packages/airflow/example_dags/example_trigger_controller_dag.py for tasks to queue
[2025-11-01T13:10:49.206+0530] {logging_mixin.py:188} INFO - [2025-11-01T13:10:49.205+0530] {dagbag.py:545} INFO - Filling up the DagBag from /home/logi/txtai/venv/lib/python3.10/site-packages/airflow/example_dags/example_trigger_controller_dag.py
[2025-11-01T13:10:49.216+0530] {processor.py:840} INFO - DAG(s) 'example_trigger_controller_dag' retrieved from /home/logi/txtai/venv/lib/python3.10/site-packages/airflow/example_dags/example_trigger_controller_dag.py
[2025-11-01T13:10:49.242+0530] {logging_mixin.py:188} INFO - [2025-11-01T13:10:49.241+0530] {dag.py:3089} INFO - Sync 1 DAGs
[2025-11-01T13:10:49.267+0530] {logging_mixin.py:188} INFO - [2025-11-01T13:10:49.267+0530] {dag.py:3947} INFO - Setting next_dagrun for example_trigger_controller_dag to 2021-01-01 00:00:00+00:00, run_after=2021-01-01 00:00:00+00:00
[2025-11-01T13:10:49.284+0530] {processor.py:183} INFO - Processing /home/logi/txtai/venv/lib/python3.10/site-packages/airflow/example_dags/example_trigger_controller_dag.py took 0.095 seconds
[2025-11-01T13:11:38.422+0530] {processor.py:161} INFO - Started process (PID=11555) to work on /home/logi/txtai/venv/lib/python3.10/site-packages/airflow/example_dags/example_trigger_controller_dag.py
[2025-11-01T13:11:38.435+0530] {processor.py:830} INFO - Processing file /home/logi/txtai/venv/lib/python3.10/site-packages/airflow/example_dags/example_trigger_controller_dag.py for tasks to queue
[2025-11-01T13:11:38.438+0530] {logging_mixin.py:188} INFO - [2025-11-01T13:11:38.437+0530] {dagbag.py:545} INFO - Filling up the DagBag from /home/logi/txtai/venv/lib/python3.10/site-packages/airflow/example_dags/example_trigger_controller_dag.py
[2025-11-01T13:11:38.446+0530] {processor.py:840} INFO - DAG(s) 'example_trigger_controller_dag' retrieved from /home/logi/txtai/venv/lib/python3.10/site-packages/airflow/example_dags/example_trigger_controller_dag.py
[2025-11-01T13:11:38.471+0530] {logging_mixin.py:188} INFO - [2025-11-01T13:11:38.470+0530] {dag.py:3089} INFO - Sync 1 DAGs
[2025-11-01T13:11:38.487+0530] {logging_mixin.py:188} INFO - [2025-11-01T13:11:38.487+0530] {dag.py:3947} INFO - Setting next_dagrun for example_trigger_controller_dag to 2021-01-01 00:00:00+00:00, run_after=2021-01-01 00:00:00+00:00
[2025-11-01T13:11:38.513+0530] {processor.py:183} INFO - Processing /home/logi/txtai/venv/lib/python3.10/site-packages/airflow/example_dags/example_trigger_controller_dag.py took 0.096 seconds
[2025-11-01T13:12:32.080+0530] {processor.py:161} INFO - Started process (PID=11800) to work on /home/logi/txtai/venv/lib/python3.10/site-packages/airflow/example_dags/example_trigger_controller_dag.py
[2025-11-01T13:12:32.093+0530] {processor.py:830} INFO - Processing file /home/logi/txtai/venv/lib/python3.10/site-packages/airflow/example_dags/example_trigger_controller_dag.py for tasks to queue
[2025-11-01T13:12:32.096+0530] {logging_mixin.py:188} INFO - [2025-11-01T13:12:32.095+0530] {dagbag.py:545} INFO - Filling up the DagBag from /home/logi/txtai/venv/lib/python3.10/site-packages/airflow/example_dags/example_trigger_controller_dag.py
[2025-11-01T13:12:32.104+0530] {processor.py:840} INFO - DAG(s) 'example_trigger_controller_dag' retrieved from /home/logi/txtai/venv/lib/python3.10/site-packages/airflow/example_dags/example_trigger_controller_dag.py
[2025-11-01T13:12:32.133+0530] {logging_mixin.py:188} INFO - [2025-11-01T13:12:32.132+0530] {dag.py:3089} INFO - Sync 1 DAGs
[2025-11-01T13:12:32.161+0530] {logging_mixin.py:188} INFO - [2025-11-01T13:12:32.161+0530] {dag.py:3947} INFO - Setting next_dagrun for example_trigger_controller_dag to 2021-01-01 00:00:00+00:00, run_after=2021-01-01 00:00:00+00:00
[2025-11-01T13:12:32.178+0530] {processor.py:183} INFO - Processing /home/logi/txtai/venv/lib/python3.10/site-packages/airflow/example_dags/example_trigger_controller_dag.py took 0.109 seconds
[2025-11-01T13:13:25.452+0530] {processor.py:161} INFO - Started process (PID=11918) to work on /home/logi/txtai/venv/lib/python3.10/site-packages/airflow/example_dags/example_trigger_controller_dag.py
[2025-11-01T13:13:25.465+0530] {processor.py:830} INFO - Processing file /home/logi/txtai/venv/lib/python3.10/site-packages/airflow/example_dags/example_trigger_controller_dag.py for tasks to queue
[2025-11-01T13:13:25.467+0530] {logging_mixin.py:188} INFO - [2025-11-01T13:13:25.467+0530] {dagbag.py:545} INFO - Filling up the DagBag from /home/logi/txtai/venv/lib/python3.10/site-packages/airflow/example_dags/example_trigger_controller_dag.py
[2025-11-01T13:13:25.477+0530] {processor.py:840} INFO - DAG(s) 'example_trigger_controller_dag' retrieved from /home/logi/txtai/venv/lib/python3.10/site-packages/airflow/example_dags/example_trigger_controller_dag.py
[2025-11-01T13:13:25.491+0530] {logging_mixin.py:188} INFO - [2025-11-01T13:13:25.491+0530] {dag.py:3089} INFO - Sync 1 DAGs
[2025-11-01T13:13:25.506+0530] {logging_mixin.py:188} INFO - [2025-11-01T13:13:25.505+0530] {dag.py:3947} INFO - Setting next_dagrun for example_trigger_controller_dag to 2021-01-01 00:00:00+00:00, run_after=2021-01-01 00:00:00+00:00
[2025-11-01T13:13:25.525+0530] {processor.py:183} INFO - Processing /home/logi/txtai/venv/lib/python3.10/site-packages/airflow/example_dags/example_trigger_controller_dag.py took 0.079 seconds
[2025-11-01T13:14:20.405+0530] {processor.py:161} INFO - Started process (PID=12191) to work on /home/logi/txtai/venv/lib/python3.10/site-packages/airflow/example_dags/example_trigger_controller_dag.py
[2025-11-01T13:14:20.418+0530] {processor.py:830} INFO - Processing file /home/logi/txtai/venv/lib/python3.10/site-packages/airflow/example_dags/example_trigger_controller_dag.py for tasks to queue
[2025-11-01T13:14:20.422+0530] {logging_mixin.py:188} INFO - [2025-11-01T13:14:20.421+0530] {dagbag.py:545} INFO - Filling up the DagBag from /home/logi/txtai/venv/lib/python3.10/site-packages/airflow/example_dags/example_trigger_controller_dag.py
[2025-11-01T13:14:20.428+0530] {processor.py:840} INFO - DAG(s) 'example_trigger_controller_dag' retrieved from /home/logi/txtai/venv/lib/python3.10/site-packages/airflow/example_dags/example_trigger_controller_dag.py
[2025-11-01T13:14:20.441+0530] {logging_mixin.py:188} INFO - [2025-11-01T13:14:20.440+0530] {dag.py:3089} INFO - Sync 1 DAGs
[2025-11-01T13:14:20.456+0530] {logging_mixin.py:188} INFO - [2025-11-01T13:14:20.456+0530] {dag.py:3947} INFO - Setting next_dagrun for example_trigger_controller_dag to 2021-01-01 00:00:00+00:00, run_after=2021-01-01 00:00:00+00:00
[2025-11-01T13:14:20.479+0530] {processor.py:183} INFO - Processing /home/logi/txtai/venv/lib/python3.10/site-packages/airflow/example_dags/example_trigger_controller_dag.py took 0.080 seconds
