[2025-11-01T12:49:22.320+0530] {processor.py:161} INFO - Started process (PID=6965) to work on /home/logi/txtai/venv/lib/python3.10/site-packages/airflow/example_dags/example_sensor_decorator.py
[2025-11-01T12:49:22.321+0530] {processor.py:830} INFO - Processing file /home/logi/txtai/venv/lib/python3.10/site-packages/airflow/example_dags/example_sensor_decorator.py for tasks to queue
[2025-11-01T12:49:22.323+0530] {logging_mixin.py:188} INFO - [2025-11-01T12:49:22.323+0530] {dagbag.py:545} INFO - Filling up the DagBag from /home/logi/txtai/venv/lib/python3.10/site-packages/airflow/example_dags/example_sensor_decorator.py
[2025-11-01T12:49:22.328+0530] {processor.py:840} INFO - DAG(s) 'example_sensor_decorator' retrieved from /home/logi/txtai/venv/lib/python3.10/site-packages/airflow/example_dags/example_sensor_decorator.py
[2025-11-01T12:49:22.342+0530] {logging_mixin.py:188} INFO - [2025-11-01T12:49:22.342+0530] {dag.py:3089} INFO - Sync 1 DAGs
[2025-11-01T12:49:22.353+0530] {logging_mixin.py:188} INFO - [2025-11-01T12:49:22.353+0530] {dag.py:3947} INFO - Setting next_dagrun for example_sensor_decorator to None, run_after=None
[2025-11-01T12:49:22.372+0530] {processor.py:183} INFO - Processing /home/logi/txtai/venv/lib/python3.10/site-packages/airflow/example_dags/example_sensor_decorator.py took 0.058 seconds
[2025-11-01T12:50:37.412+0530] {processor.py:161} INFO - Started process (PID=7273) to work on /home/logi/txtai/venv/lib/python3.10/site-packages/airflow/example_dags/example_sensor_decorator.py
[2025-11-01T12:50:37.426+0530] {processor.py:830} INFO - Processing file /home/logi/txtai/venv/lib/python3.10/site-packages/airflow/example_dags/example_sensor_decorator.py for tasks to queue
[2025-11-01T12:50:37.432+0530] {logging_mixin.py:188} INFO - [2025-11-01T12:50:37.430+0530] {dagbag.py:545} INFO - Filling up the DagBag from /home/logi/txtai/venv/lib/python3.10/site-packages/airflow/example_dags/example_sensor_decorator.py
[2025-11-01T12:50:37.441+0530] {processor.py:840} INFO - DAG(s) 'example_sensor_decorator' retrieved from /home/logi/txtai/venv/lib/python3.10/site-packages/airflow/example_dags/example_sensor_decorator.py
[2025-11-01T12:50:37.454+0530] {logging_mixin.py:188} INFO - [2025-11-01T12:50:37.454+0530] {dag.py:3089} INFO - Sync 1 DAGs
[2025-11-01T12:50:37.465+0530] {logging_mixin.py:188} INFO - [2025-11-01T12:50:37.465+0530] {dag.py:3947} INFO - Setting next_dagrun for example_sensor_decorator to None, run_after=None
[2025-11-01T12:50:37.483+0530] {processor.py:183} INFO - Processing /home/logi/txtai/venv/lib/python3.10/site-packages/airflow/example_dags/example_sensor_decorator.py took 0.081 seconds
[2025-11-01T12:51:36.604+0530] {processor.py:161} INFO - Started process (PID=7545) to work on /home/logi/txtai/venv/lib/python3.10/site-packages/airflow/example_dags/example_sensor_decorator.py
[2025-11-01T12:51:36.617+0530] {processor.py:830} INFO - Processing file /home/logi/txtai/venv/lib/python3.10/site-packages/airflow/example_dags/example_sensor_decorator.py for tasks to queue
[2025-11-01T12:51:36.620+0530] {logging_mixin.py:188} INFO - [2025-11-01T12:51:36.619+0530] {dagbag.py:545} INFO - Filling up the DagBag from /home/logi/txtai/venv/lib/python3.10/site-packages/airflow/example_dags/example_sensor_decorator.py
[2025-11-01T12:51:36.626+0530] {processor.py:840} INFO - DAG(s) 'example_sensor_decorator' retrieved from /home/logi/txtai/venv/lib/python3.10/site-packages/airflow/example_dags/example_sensor_decorator.py
[2025-11-01T12:51:36.639+0530] {logging_mixin.py:188} INFO - [2025-11-01T12:51:36.639+0530] {dag.py:3089} INFO - Sync 1 DAGs
[2025-11-01T12:51:36.647+0530] {logging_mixin.py:188} INFO - [2025-11-01T12:51:36.647+0530] {dag.py:3947} INFO - Setting next_dagrun for example_sensor_decorator to None, run_after=None
[2025-11-01T12:51:36.670+0530] {processor.py:183} INFO - Processing /home/logi/txtai/venv/lib/python3.10/site-packages/airflow/example_dags/example_sensor_decorator.py took 0.072 seconds
[2025-11-01T12:52:40.048+0530] {processor.py:161} INFO - Started process (PID=7874) to work on /home/logi/txtai/venv/lib/python3.10/site-packages/airflow/example_dags/example_sensor_decorator.py
[2025-11-01T12:52:40.061+0530] {processor.py:830} INFO - Processing file /home/logi/txtai/venv/lib/python3.10/site-packages/airflow/example_dags/example_sensor_decorator.py for tasks to queue
[2025-11-01T12:52:40.064+0530] {logging_mixin.py:188} INFO - [2025-11-01T12:52:40.063+0530] {dagbag.py:545} INFO - Filling up the DagBag from /home/logi/txtai/venv/lib/python3.10/site-packages/airflow/example_dags/example_sensor_decorator.py
[2025-11-01T12:52:40.075+0530] {processor.py:840} INFO - DAG(s) 'example_sensor_decorator' retrieved from /home/logi/txtai/venv/lib/python3.10/site-packages/airflow/example_dags/example_sensor_decorator.py
[2025-11-01T12:52:40.098+0530] {logging_mixin.py:188} INFO - [2025-11-01T12:52:40.098+0530] {dag.py:3089} INFO - Sync 1 DAGs
[2025-11-01T12:52:40.113+0530] {logging_mixin.py:188} INFO - [2025-11-01T12:52:40.113+0530] {dag.py:3947} INFO - Setting next_dagrun for example_sensor_decorator to None, run_after=None
[2025-11-01T12:52:40.131+0530] {processor.py:183} INFO - Processing /home/logi/txtai/venv/lib/python3.10/site-packages/airflow/example_dags/example_sensor_decorator.py took 0.096 seconds
[2025-11-01T12:53:35.040+0530] {processor.py:161} INFO - Started process (PID=7955) to work on /home/logi/txtai/venv/lib/python3.10/site-packages/airflow/example_dags/example_sensor_decorator.py
[2025-11-01T12:53:35.054+0530] {processor.py:830} INFO - Processing file /home/logi/txtai/venv/lib/python3.10/site-packages/airflow/example_dags/example_sensor_decorator.py for tasks to queue
[2025-11-01T12:53:35.056+0530] {logging_mixin.py:188} INFO - [2025-11-01T12:53:35.056+0530] {dagbag.py:545} INFO - Filling up the DagBag from /home/logi/txtai/venv/lib/python3.10/site-packages/airflow/example_dags/example_sensor_decorator.py
[2025-11-01T12:53:35.067+0530] {processor.py:840} INFO - DAG(s) 'example_sensor_decorator' retrieved from /home/logi/txtai/venv/lib/python3.10/site-packages/airflow/example_dags/example_sensor_decorator.py
[2025-11-01T12:53:35.092+0530] {logging_mixin.py:188} INFO - [2025-11-01T12:53:35.091+0530] {dag.py:3089} INFO - Sync 1 DAGs
[2025-11-01T12:53:35.106+0530] {logging_mixin.py:188} INFO - [2025-11-01T12:53:35.106+0530] {dag.py:3947} INFO - Setting next_dagrun for example_sensor_decorator to None, run_after=None
[2025-11-01T12:53:35.124+0530] {processor.py:183} INFO - Processing /home/logi/txtai/venv/lib/python3.10/site-packages/airflow/example_dags/example_sensor_decorator.py took 0.091 seconds
[2025-11-01T12:54:37.481+0530] {processor.py:161} INFO - Started process (PID=8206) to work on /home/logi/txtai/venv/lib/python3.10/site-packages/airflow/example_dags/example_sensor_decorator.py
[2025-11-01T12:54:37.482+0530] {processor.py:830} INFO - Processing file /home/logi/txtai/venv/lib/python3.10/site-packages/airflow/example_dags/example_sensor_decorator.py for tasks to queue
[2025-11-01T12:54:37.484+0530] {logging_mixin.py:188} INFO - [2025-11-01T12:54:37.484+0530] {dagbag.py:545} INFO - Filling up the DagBag from /home/logi/txtai/venv/lib/python3.10/site-packages/airflow/example_dags/example_sensor_decorator.py
[2025-11-01T12:54:37.490+0530] {processor.py:840} INFO - DAG(s) 'example_sensor_decorator' retrieved from /home/logi/txtai/venv/lib/python3.10/site-packages/airflow/example_dags/example_sensor_decorator.py
[2025-11-01T12:54:37.504+0530] {logging_mixin.py:188} INFO - [2025-11-01T12:54:37.503+0530] {dag.py:3089} INFO - Sync 1 DAGs
[2025-11-01T12:54:37.517+0530] {logging_mixin.py:188} INFO - [2025-11-01T12:54:37.516+0530] {dag.py:3947} INFO - Setting next_dagrun for example_sensor_decorator to None, run_after=None
[2025-11-01T12:54:37.535+0530] {processor.py:183} INFO - Processing /home/logi/txtai/venv/lib/python3.10/site-packages/airflow/example_dags/example_sensor_decorator.py took 0.059 seconds
[2025-11-01T12:55:27.079+0530] {processor.py:161} INFO - Started process (PID=8283) to work on /home/logi/txtai/venv/lib/python3.10/site-packages/airflow/example_dags/example_sensor_decorator.py
[2025-11-01T12:55:27.081+0530] {processor.py:830} INFO - Processing file /home/logi/txtai/venv/lib/python3.10/site-packages/airflow/example_dags/example_sensor_decorator.py for tasks to queue
[2025-11-01T12:55:27.083+0530] {logging_mixin.py:188} INFO - [2025-11-01T12:55:27.083+0530] {dagbag.py:545} INFO - Filling up the DagBag from /home/logi/txtai/venv/lib/python3.10/site-packages/airflow/example_dags/example_sensor_decorator.py
[2025-11-01T12:55:27.095+0530] {processor.py:840} INFO - DAG(s) 'example_sensor_decorator' retrieved from /home/logi/txtai/venv/lib/python3.10/site-packages/airflow/example_dags/example_sensor_decorator.py
[2025-11-01T12:55:27.112+0530] {logging_mixin.py:188} INFO - [2025-11-01T12:55:27.111+0530] {dag.py:3089} INFO - Sync 1 DAGs
[2025-11-01T12:55:27.126+0530] {logging_mixin.py:188} INFO - [2025-11-01T12:55:27.126+0530] {dag.py:3947} INFO - Setting next_dagrun for example_sensor_decorator to None, run_after=None
[2025-11-01T12:55:27.148+0530] {processor.py:183} INFO - Processing /home/logi/txtai/venv/lib/python3.10/site-packages/airflow/example_dags/example_sensor_decorator.py took 0.075 seconds
[2025-11-01T12:56:28.512+0530] {processor.py:161} INFO - Started process (PID=8527) to work on /home/logi/txtai/venv/lib/python3.10/site-packages/airflow/example_dags/example_sensor_decorator.py
[2025-11-01T12:56:28.525+0530] {processor.py:830} INFO - Processing file /home/logi/txtai/venv/lib/python3.10/site-packages/airflow/example_dags/example_sensor_decorator.py for tasks to queue
[2025-11-01T12:56:28.530+0530] {logging_mixin.py:188} INFO - [2025-11-01T12:56:28.529+0530] {dagbag.py:545} INFO - Filling up the DagBag from /home/logi/txtai/venv/lib/python3.10/site-packages/airflow/example_dags/example_sensor_decorator.py
[2025-11-01T12:56:28.539+0530] {processor.py:840} INFO - DAG(s) 'example_sensor_decorator' retrieved from /home/logi/txtai/venv/lib/python3.10/site-packages/airflow/example_dags/example_sensor_decorator.py
[2025-11-01T12:56:28.564+0530] {logging_mixin.py:188} INFO - [2025-11-01T12:56:28.563+0530] {dag.py:3089} INFO - Sync 1 DAGs
[2025-11-01T12:56:28.579+0530] {logging_mixin.py:188} INFO - [2025-11-01T12:56:28.579+0530] {dag.py:3947} INFO - Setting next_dagrun for example_sensor_decorator to None, run_after=None
[2025-11-01T12:56:28.597+0530] {processor.py:183} INFO - Processing /home/logi/txtai/venv/lib/python3.10/site-packages/airflow/example_dags/example_sensor_decorator.py took 0.094 seconds
[2025-11-01T12:57:22.233+0530] {processor.py:161} INFO - Started process (PID=8609) to work on /home/logi/txtai/venv/lib/python3.10/site-packages/airflow/example_dags/example_sensor_decorator.py
[2025-11-01T12:57:22.246+0530] {processor.py:830} INFO - Processing file /home/logi/txtai/venv/lib/python3.10/site-packages/airflow/example_dags/example_sensor_decorator.py for tasks to queue
[2025-11-01T12:57:22.250+0530] {logging_mixin.py:188} INFO - [2025-11-01T12:57:22.250+0530] {dagbag.py:545} INFO - Filling up the DagBag from /home/logi/txtai/venv/lib/python3.10/site-packages/airflow/example_dags/example_sensor_decorator.py
[2025-11-01T12:57:22.261+0530] {processor.py:840} INFO - DAG(s) 'example_sensor_decorator' retrieved from /home/logi/txtai/venv/lib/python3.10/site-packages/airflow/example_dags/example_sensor_decorator.py
[2025-11-01T12:57:22.285+0530] {logging_mixin.py:188} INFO - [2025-11-01T12:57:22.284+0530] {dag.py:3089} INFO - Sync 1 DAGs
[2025-11-01T12:57:22.294+0530] {logging_mixin.py:188} INFO - [2025-11-01T12:57:22.294+0530] {dag.py:3947} INFO - Setting next_dagrun for example_sensor_decorator to None, run_after=None
[2025-11-01T12:57:22.319+0530] {processor.py:183} INFO - Processing /home/logi/txtai/venv/lib/python3.10/site-packages/airflow/example_dags/example_sensor_decorator.py took 0.091 seconds
[2025-11-01T12:58:17.927+0530] {processor.py:161} INFO - Started process (PID=8805) to work on /home/logi/txtai/venv/lib/python3.10/site-packages/airflow/example_dags/example_sensor_decorator.py
[2025-11-01T12:58:17.940+0530] {processor.py:830} INFO - Processing file /home/logi/txtai/venv/lib/python3.10/site-packages/airflow/example_dags/example_sensor_decorator.py for tasks to queue
[2025-11-01T12:58:17.943+0530] {logging_mixin.py:188} INFO - [2025-11-01T12:58:17.943+0530] {dagbag.py:545} INFO - Filling up the DagBag from /home/logi/txtai/venv/lib/python3.10/site-packages/airflow/example_dags/example_sensor_decorator.py
[2025-11-01T12:58:17.949+0530] {processor.py:840} INFO - DAG(s) 'example_sensor_decorator' retrieved from /home/logi/txtai/venv/lib/python3.10/site-packages/airflow/example_dags/example_sensor_decorator.py
[2025-11-01T12:58:17.964+0530] {logging_mixin.py:188} INFO - [2025-11-01T12:58:17.964+0530] {dag.py:3089} INFO - Sync 1 DAGs
[2025-11-01T12:58:17.973+0530] {logging_mixin.py:188} INFO - [2025-11-01T12:58:17.972+0530] {dag.py:3947} INFO - Setting next_dagrun for example_sensor_decorator to None, run_after=None
[2025-11-01T12:58:17.990+0530] {processor.py:183} INFO - Processing /home/logi/txtai/venv/lib/python3.10/site-packages/airflow/example_dags/example_sensor_decorator.py took 0.068 seconds
[2025-11-01T12:59:12.214+0530] {processor.py:161} INFO - Started process (PID=8908) to work on /home/logi/txtai/venv/lib/python3.10/site-packages/airflow/example_dags/example_sensor_decorator.py
[2025-11-01T12:59:12.227+0530] {processor.py:830} INFO - Processing file /home/logi/txtai/venv/lib/python3.10/site-packages/airflow/example_dags/example_sensor_decorator.py for tasks to queue
[2025-11-01T12:59:12.231+0530] {logging_mixin.py:188} INFO - [2025-11-01T12:59:12.230+0530] {dagbag.py:545} INFO - Filling up the DagBag from /home/logi/txtai/venv/lib/python3.10/site-packages/airflow/example_dags/example_sensor_decorator.py
[2025-11-01T12:59:12.240+0530] {processor.py:840} INFO - DAG(s) 'example_sensor_decorator' retrieved from /home/logi/txtai/venv/lib/python3.10/site-packages/airflow/example_dags/example_sensor_decorator.py
[2025-11-01T12:59:12.268+0530] {logging_mixin.py:188} INFO - [2025-11-01T12:59:12.268+0530] {dag.py:3089} INFO - Sync 1 DAGs
[2025-11-01T12:59:12.283+0530] {logging_mixin.py:188} INFO - [2025-11-01T12:59:12.283+0530] {dag.py:3947} INFO - Setting next_dagrun for example_sensor_decorator to None, run_after=None
[2025-11-01T12:59:12.306+0530] {processor.py:183} INFO - Processing /home/logi/txtai/venv/lib/python3.10/site-packages/airflow/example_dags/example_sensor_decorator.py took 0.103 seconds
[2025-11-01T12:59:59.184+0530] {processor.py:161} INFO - Started process (PID=8980) to work on /home/logi/txtai/venv/lib/python3.10/site-packages/airflow/example_dags/example_sensor_decorator.py
[2025-11-01T12:59:59.197+0530] {processor.py:830} INFO - Processing file /home/logi/txtai/venv/lib/python3.10/site-packages/airflow/example_dags/example_sensor_decorator.py for tasks to queue
[2025-11-01T12:59:59.200+0530] {logging_mixin.py:188} INFO - [2025-11-01T12:59:59.199+0530] {dagbag.py:545} INFO - Filling up the DagBag from /home/logi/txtai/venv/lib/python3.10/site-packages/airflow/example_dags/example_sensor_decorator.py
[2025-11-01T12:59:59.210+0530] {processor.py:840} INFO - DAG(s) 'example_sensor_decorator' retrieved from /home/logi/txtai/venv/lib/python3.10/site-packages/airflow/example_dags/example_sensor_decorator.py
[2025-11-01T12:59:59.234+0530] {logging_mixin.py:188} INFO - [2025-11-01T12:59:59.234+0530] {dag.py:3089} INFO - Sync 1 DAGs
[2025-11-01T12:59:59.248+0530] {logging_mixin.py:188} INFO - [2025-11-01T12:59:59.248+0530] {dag.py:3947} INFO - Setting next_dagrun for example_sensor_decorator to None, run_after=None
[2025-11-01T12:59:59.279+0530] {processor.py:183} INFO - Processing /home/logi/txtai/venv/lib/python3.10/site-packages/airflow/example_dags/example_sensor_decorator.py took 0.106 seconds
[2025-11-01T13:01:00.493+0530] {processor.py:161} INFO - Started process (PID=9196) to work on /home/logi/txtai/venv/lib/python3.10/site-packages/airflow/example_dags/example_sensor_decorator.py
[2025-11-01T13:01:00.506+0530] {processor.py:830} INFO - Processing file /home/logi/txtai/venv/lib/python3.10/site-packages/airflow/example_dags/example_sensor_decorator.py for tasks to queue
[2025-11-01T13:01:00.509+0530] {logging_mixin.py:188} INFO - [2025-11-01T13:01:00.508+0530] {dagbag.py:545} INFO - Filling up the DagBag from /home/logi/txtai/venv/lib/python3.10/site-packages/airflow/example_dags/example_sensor_decorator.py
[2025-11-01T13:01:00.520+0530] {processor.py:840} INFO - DAG(s) 'example_sensor_decorator' retrieved from /home/logi/txtai/venv/lib/python3.10/site-packages/airflow/example_dags/example_sensor_decorator.py
[2025-11-01T13:01:00.547+0530] {logging_mixin.py:188} INFO - [2025-11-01T13:01:00.547+0530] {dag.py:3089} INFO - Sync 1 DAGs
[2025-11-01T13:01:00.565+0530] {logging_mixin.py:188} INFO - [2025-11-01T13:01:00.565+0530] {dag.py:3947} INFO - Setting next_dagrun for example_sensor_decorator to None, run_after=None
[2025-11-01T13:01:00.595+0530] {processor.py:183} INFO - Processing /home/logi/txtai/venv/lib/python3.10/site-packages/airflow/example_dags/example_sensor_decorator.py took 0.112 seconds
[2025-11-01T13:01:51.971+0530] {processor.py:161} INFO - Started process (PID=9350) to work on /home/logi/txtai/venv/lib/python3.10/site-packages/airflow/example_dags/example_sensor_decorator.py
[2025-11-01T13:01:51.984+0530] {processor.py:830} INFO - Processing file /home/logi/txtai/venv/lib/python3.10/site-packages/airflow/example_dags/example_sensor_decorator.py for tasks to queue
[2025-11-01T13:01:51.986+0530] {logging_mixin.py:188} INFO - [2025-11-01T13:01:51.985+0530] {dagbag.py:545} INFO - Filling up the DagBag from /home/logi/txtai/venv/lib/python3.10/site-packages/airflow/example_dags/example_sensor_decorator.py
[2025-11-01T13:01:51.992+0530] {processor.py:840} INFO - DAG(s) 'example_sensor_decorator' retrieved from /home/logi/txtai/venv/lib/python3.10/site-packages/airflow/example_dags/example_sensor_decorator.py
[2025-11-01T13:01:52.005+0530] {logging_mixin.py:188} INFO - [2025-11-01T13:01:52.005+0530] {dag.py:3089} INFO - Sync 1 DAGs
[2025-11-01T13:01:52.013+0530] {logging_mixin.py:188} INFO - [2025-11-01T13:01:52.013+0530] {dag.py:3947} INFO - Setting next_dagrun for example_sensor_decorator to None, run_after=None
[2025-11-01T13:01:52.033+0530] {processor.py:183} INFO - Processing /home/logi/txtai/venv/lib/python3.10/site-packages/airflow/example_dags/example_sensor_decorator.py took 0.086 seconds
[2025-11-01T13:03:01.300+0530] {processor.py:161} INFO - Started process (PID=9670) to work on /home/logi/txtai/venv/lib/python3.10/site-packages/airflow/example_dags/example_sensor_decorator.py
[2025-11-01T13:03:01.301+0530] {processor.py:830} INFO - Processing file /home/logi/txtai/venv/lib/python3.10/site-packages/airflow/example_dags/example_sensor_decorator.py for tasks to queue
[2025-11-01T13:03:01.304+0530] {logging_mixin.py:188} INFO - [2025-11-01T13:03:01.303+0530] {dagbag.py:545} INFO - Filling up the DagBag from /home/logi/txtai/venv/lib/python3.10/site-packages/airflow/example_dags/example_sensor_decorator.py
[2025-11-01T13:03:01.314+0530] {processor.py:840} INFO - DAG(s) 'example_sensor_decorator' retrieved from /home/logi/txtai/venv/lib/python3.10/site-packages/airflow/example_dags/example_sensor_decorator.py
[2025-11-01T13:03:01.338+0530] {logging_mixin.py:188} INFO - [2025-11-01T13:03:01.337+0530] {dag.py:3089} INFO - Sync 1 DAGs
[2025-11-01T13:03:01.346+0530] {logging_mixin.py:188} INFO - [2025-11-01T13:03:01.346+0530] {dag.py:3947} INFO - Setting next_dagrun for example_sensor_decorator to None, run_after=None
[2025-11-01T13:03:01.365+0530] {processor.py:183} INFO - Processing /home/logi/txtai/venv/lib/python3.10/site-packages/airflow/example_dags/example_sensor_decorator.py took 0.076 seconds
[2025-11-01T13:03:49.537+0530] {processor.py:161} INFO - Started process (PID=9806) to work on /home/logi/txtai/venv/lib/python3.10/site-packages/airflow/example_dags/example_sensor_decorator.py
[2025-11-01T13:03:49.550+0530] {processor.py:830} INFO - Processing file /home/logi/txtai/venv/lib/python3.10/site-packages/airflow/example_dags/example_sensor_decorator.py for tasks to queue
[2025-11-01T13:03:49.553+0530] {logging_mixin.py:188} INFO - [2025-11-01T13:03:49.552+0530] {dagbag.py:545} INFO - Filling up the DagBag from /home/logi/txtai/venv/lib/python3.10/site-packages/airflow/example_dags/example_sensor_decorator.py
[2025-11-01T13:03:49.564+0530] {processor.py:840} INFO - DAG(s) 'example_sensor_decorator' retrieved from /home/logi/txtai/venv/lib/python3.10/site-packages/airflow/example_dags/example_sensor_decorator.py
[2025-11-01T13:03:49.590+0530] {logging_mixin.py:188} INFO - [2025-11-01T13:03:49.590+0530] {dag.py:3089} INFO - Sync 1 DAGs
[2025-11-01T13:03:49.604+0530] {logging_mixin.py:188} INFO - [2025-11-01T13:03:49.604+0530] {dag.py:3947} INFO - Setting next_dagrun for example_sensor_decorator to None, run_after=None
[2025-11-01T13:03:49.629+0530] {processor.py:183} INFO - Processing /home/logi/txtai/venv/lib/python3.10/site-packages/airflow/example_dags/example_sensor_decorator.py took 0.102 seconds
[2025-11-01T13:04:57.572+0530] {processor.py:161} INFO - Started process (PID=10115) to work on /home/logi/txtai/venv/lib/python3.10/site-packages/airflow/example_dags/example_sensor_decorator.py
[2025-11-01T13:04:57.586+0530] {processor.py:830} INFO - Processing file /home/logi/txtai/venv/lib/python3.10/site-packages/airflow/example_dags/example_sensor_decorator.py for tasks to queue
[2025-11-01T13:04:57.588+0530] {logging_mixin.py:188} INFO - [2025-11-01T13:04:57.588+0530] {dagbag.py:545} INFO - Filling up the DagBag from /home/logi/txtai/venv/lib/python3.10/site-packages/airflow/example_dags/example_sensor_decorator.py
[2025-11-01T13:04:57.599+0530] {processor.py:840} INFO - DAG(s) 'example_sensor_decorator' retrieved from /home/logi/txtai/venv/lib/python3.10/site-packages/airflow/example_dags/example_sensor_decorator.py
[2025-11-01T13:04:57.627+0530] {logging_mixin.py:188} INFO - [2025-11-01T13:04:57.627+0530] {dag.py:3089} INFO - Sync 1 DAGs
[2025-11-01T13:04:57.640+0530] {logging_mixin.py:188} INFO - [2025-11-01T13:04:57.640+0530] {dag.py:3947} INFO - Setting next_dagrun for example_sensor_decorator to None, run_after=None
[2025-11-01T13:04:57.659+0530] {processor.py:183} INFO - Processing /home/logi/txtai/venv/lib/python3.10/site-packages/airflow/example_dags/example_sensor_decorator.py took 0.097 seconds
[2025-11-01T13:05:48.441+0530] {processor.py:161} INFO - Started process (PID=10231) to work on /home/logi/txtai/venv/lib/python3.10/site-packages/airflow/example_dags/example_sensor_decorator.py
[2025-11-01T13:05:48.453+0530] {processor.py:830} INFO - Processing file /home/logi/txtai/venv/lib/python3.10/site-packages/airflow/example_dags/example_sensor_decorator.py for tasks to queue
[2025-11-01T13:05:48.455+0530] {logging_mixin.py:188} INFO - [2025-11-01T13:05:48.455+0530] {dagbag.py:545} INFO - Filling up the DagBag from /home/logi/txtai/venv/lib/python3.10/site-packages/airflow/example_dags/example_sensor_decorator.py
[2025-11-01T13:05:48.462+0530] {processor.py:840} INFO - DAG(s) 'example_sensor_decorator' retrieved from /home/logi/txtai/venv/lib/python3.10/site-packages/airflow/example_dags/example_sensor_decorator.py
[2025-11-01T13:05:48.475+0530] {logging_mixin.py:188} INFO - [2025-11-01T13:05:48.474+0530] {dag.py:3089} INFO - Sync 1 DAGs
[2025-11-01T13:05:48.484+0530] {logging_mixin.py:188} INFO - [2025-11-01T13:05:48.484+0530] {dag.py:3947} INFO - Setting next_dagrun for example_sensor_decorator to None, run_after=None
[2025-11-01T13:05:48.504+0530] {processor.py:183} INFO - Processing /home/logi/txtai/venv/lib/python3.10/site-packages/airflow/example_dags/example_sensor_decorator.py took 0.068 seconds
[2025-11-01T13:06:48.546+0530] {processor.py:161} INFO - Started process (PID=10487) to work on /home/logi/txtai/venv/lib/python3.10/site-packages/airflow/example_dags/example_sensor_decorator.py
[2025-11-01T13:06:48.551+0530] {processor.py:830} INFO - Processing file /home/logi/txtai/venv/lib/python3.10/site-packages/airflow/example_dags/example_sensor_decorator.py for tasks to queue
[2025-11-01T13:06:48.555+0530] {logging_mixin.py:188} INFO - [2025-11-01T13:06:48.553+0530] {dagbag.py:545} INFO - Filling up the DagBag from /home/logi/txtai/venv/lib/python3.10/site-packages/airflow/example_dags/example_sensor_decorator.py
[2025-11-01T13:06:48.578+0530] {processor.py:840} INFO - DAG(s) 'example_sensor_decorator' retrieved from /home/logi/txtai/venv/lib/python3.10/site-packages/airflow/example_dags/example_sensor_decorator.py
[2025-11-01T13:06:48.640+0530] {logging_mixin.py:188} INFO - [2025-11-01T13:06:48.639+0530] {dag.py:3089} INFO - Sync 1 DAGs
[2025-11-01T13:06:48.674+0530] {logging_mixin.py:188} INFO - [2025-11-01T13:06:48.673+0530] {dag.py:3947} INFO - Setting next_dagrun for example_sensor_decorator to None, run_after=None
[2025-11-01T13:06:48.721+0530] {processor.py:183} INFO - Processing /home/logi/txtai/venv/lib/python3.10/site-packages/airflow/example_dags/example_sensor_decorator.py took 0.204 seconds
[2025-11-01T13:07:39.152+0530] {processor.py:161} INFO - Started process (PID=10603) to work on /home/logi/txtai/venv/lib/python3.10/site-packages/airflow/example_dags/example_sensor_decorator.py
[2025-11-01T13:07:39.165+0530] {processor.py:830} INFO - Processing file /home/logi/txtai/venv/lib/python3.10/site-packages/airflow/example_dags/example_sensor_decorator.py for tasks to queue
[2025-11-01T13:07:39.168+0530] {logging_mixin.py:188} INFO - [2025-11-01T13:07:39.167+0530] {dagbag.py:545} INFO - Filling up the DagBag from /home/logi/txtai/venv/lib/python3.10/site-packages/airflow/example_dags/example_sensor_decorator.py
[2025-11-01T13:07:39.173+0530] {processor.py:840} INFO - DAG(s) 'example_sensor_decorator' retrieved from /home/logi/txtai/venv/lib/python3.10/site-packages/airflow/example_dags/example_sensor_decorator.py
[2025-11-01T13:07:39.198+0530] {logging_mixin.py:188} INFO - [2025-11-01T13:07:39.198+0530] {dag.py:3089} INFO - Sync 1 DAGs
[2025-11-01T13:07:39.206+0530] {logging_mixin.py:188} INFO - [2025-11-01T13:07:39.206+0530] {dag.py:3947} INFO - Setting next_dagrun for example_sensor_decorator to None, run_after=None
[2025-11-01T13:07:39.225+0530] {processor.py:183} INFO - Processing /home/logi/txtai/venv/lib/python3.10/site-packages/airflow/example_dags/example_sensor_decorator.py took 0.078 seconds
[2025-11-01T13:08:35.760+0530] {processor.py:161} INFO - Started process (PID=10931) to work on /home/logi/txtai/venv/lib/python3.10/site-packages/airflow/example_dags/example_sensor_decorator.py
[2025-11-01T13:08:35.762+0530] {processor.py:830} INFO - Processing file /home/logi/txtai/venv/lib/python3.10/site-packages/airflow/example_dags/example_sensor_decorator.py for tasks to queue
[2025-11-01T13:08:35.765+0530] {logging_mixin.py:188} INFO - [2025-11-01T13:08:35.765+0530] {dagbag.py:545} INFO - Filling up the DagBag from /home/logi/txtai/venv/lib/python3.10/site-packages/airflow/example_dags/example_sensor_decorator.py
[2025-11-01T13:08:35.772+0530] {processor.py:840} INFO - DAG(s) 'example_sensor_decorator' retrieved from /home/logi/txtai/venv/lib/python3.10/site-packages/airflow/example_dags/example_sensor_decorator.py
[2025-11-01T13:08:35.789+0530] {logging_mixin.py:188} INFO - [2025-11-01T13:08:35.789+0530] {dag.py:3089} INFO - Sync 1 DAGs
[2025-11-01T13:08:35.798+0530] {logging_mixin.py:188} INFO - [2025-11-01T13:08:35.798+0530] {dag.py:3947} INFO - Setting next_dagrun for example_sensor_decorator to None, run_after=None
[2025-11-01T13:08:35.817+0530] {processor.py:183} INFO - Processing /home/logi/txtai/venv/lib/python3.10/site-packages/airflow/example_dags/example_sensor_decorator.py took 0.062 seconds
[2025-11-01T13:09:29.127+0530] {processor.py:161} INFO - Started process (PID=11172) to work on /home/logi/txtai/venv/lib/python3.10/site-packages/airflow/example_dags/example_sensor_decorator.py
[2025-11-01T13:09:29.139+0530] {processor.py:830} INFO - Processing file /home/logi/txtai/venv/lib/python3.10/site-packages/airflow/example_dags/example_sensor_decorator.py for tasks to queue
[2025-11-01T13:09:29.142+0530] {logging_mixin.py:188} INFO - [2025-11-01T13:09:29.142+0530] {dagbag.py:545} INFO - Filling up the DagBag from /home/logi/txtai/venv/lib/python3.10/site-packages/airflow/example_dags/example_sensor_decorator.py
[2025-11-01T13:09:29.148+0530] {processor.py:840} INFO - DAG(s) 'example_sensor_decorator' retrieved from /home/logi/txtai/venv/lib/python3.10/site-packages/airflow/example_dags/example_sensor_decorator.py
[2025-11-01T13:09:29.162+0530] {logging_mixin.py:188} INFO - [2025-11-01T13:09:29.162+0530] {dag.py:3089} INFO - Sync 1 DAGs
[2025-11-01T13:09:29.171+0530] {logging_mixin.py:188} INFO - [2025-11-01T13:09:29.171+0530] {dag.py:3947} INFO - Setting next_dagrun for example_sensor_decorator to None, run_after=None
[2025-11-01T13:09:29.191+0530] {processor.py:183} INFO - Processing /home/logi/txtai/venv/lib/python3.10/site-packages/airflow/example_dags/example_sensor_decorator.py took 0.070 seconds
[2025-11-01T13:10:21.983+0530] {processor.py:161} INFO - Started process (PID=11388) to work on /home/logi/txtai/venv/lib/python3.10/site-packages/airflow/example_dags/example_sensor_decorator.py
[2025-11-01T13:10:21.996+0530] {processor.py:830} INFO - Processing file /home/logi/txtai/venv/lib/python3.10/site-packages/airflow/example_dags/example_sensor_decorator.py for tasks to queue
[2025-11-01T13:10:21.999+0530] {logging_mixin.py:188} INFO - [2025-11-01T13:10:21.999+0530] {dagbag.py:545} INFO - Filling up the DagBag from /home/logi/txtai/venv/lib/python3.10/site-packages/airflow/example_dags/example_sensor_decorator.py
[2025-11-01T13:10:22.011+0530] {processor.py:840} INFO - DAG(s) 'example_sensor_decorator' retrieved from /home/logi/txtai/venv/lib/python3.10/site-packages/airflow/example_dags/example_sensor_decorator.py
[2025-11-01T13:10:22.035+0530] {logging_mixin.py:188} INFO - [2025-11-01T13:10:22.035+0530] {dag.py:3089} INFO - Sync 1 DAGs
[2025-11-01T13:10:22.051+0530] {logging_mixin.py:188} INFO - [2025-11-01T13:10:22.051+0530] {dag.py:3947} INFO - Setting next_dagrun for example_sensor_decorator to None, run_after=None
[2025-11-01T13:10:22.069+0530] {processor.py:183} INFO - Processing /home/logi/txtai/venv/lib/python3.10/site-packages/airflow/example_dags/example_sensor_decorator.py took 0.096 seconds
[2025-11-01T13:11:15.927+0530] {processor.py:161} INFO - Started process (PID=11515) to work on /home/logi/txtai/venv/lib/python3.10/site-packages/airflow/example_dags/example_sensor_decorator.py
[2025-11-01T13:11:15.939+0530] {processor.py:830} INFO - Processing file /home/logi/txtai/venv/lib/python3.10/site-packages/airflow/example_dags/example_sensor_decorator.py for tasks to queue
[2025-11-01T13:11:15.942+0530] {logging_mixin.py:188} INFO - [2025-11-01T13:11:15.941+0530] {dagbag.py:545} INFO - Filling up the DagBag from /home/logi/txtai/venv/lib/python3.10/site-packages/airflow/example_dags/example_sensor_decorator.py
[2025-11-01T13:11:15.952+0530] {processor.py:840} INFO - DAG(s) 'example_sensor_decorator' retrieved from /home/logi/txtai/venv/lib/python3.10/site-packages/airflow/example_dags/example_sensor_decorator.py
[2025-11-01T13:11:15.976+0530] {logging_mixin.py:188} INFO - [2025-11-01T13:11:15.976+0530] {dag.py:3089} INFO - Sync 1 DAGs
[2025-11-01T13:11:15.991+0530] {logging_mixin.py:188} INFO - [2025-11-01T13:11:15.991+0530] {dag.py:3947} INFO - Setting next_dagrun for example_sensor_decorator to None, run_after=None
[2025-11-01T13:11:16.020+0530] {processor.py:183} INFO - Processing /home/logi/txtai/venv/lib/python3.10/site-packages/airflow/example_dags/example_sensor_decorator.py took 0.104 seconds
[2025-11-01T13:12:07.525+0530] {processor.py:161} INFO - Started process (PID=11684) to work on /home/logi/txtai/venv/lib/python3.10/site-packages/airflow/example_dags/example_sensor_decorator.py
[2025-11-01T13:12:07.527+0530] {processor.py:830} INFO - Processing file /home/logi/txtai/venv/lib/python3.10/site-packages/airflow/example_dags/example_sensor_decorator.py for tasks to queue
[2025-11-01T13:12:07.529+0530] {logging_mixin.py:188} INFO - [2025-11-01T13:12:07.529+0530] {dagbag.py:545} INFO - Filling up the DagBag from /home/logi/txtai/venv/lib/python3.10/site-packages/airflow/example_dags/example_sensor_decorator.py
[2025-11-01T13:12:07.541+0530] {processor.py:840} INFO - DAG(s) 'example_sensor_decorator' retrieved from /home/logi/txtai/venv/lib/python3.10/site-packages/airflow/example_dags/example_sensor_decorator.py
[2025-11-01T13:12:07.566+0530] {logging_mixin.py:188} INFO - [2025-11-01T13:12:07.566+0530] {dag.py:3089} INFO - Sync 1 DAGs
[2025-11-01T13:12:07.577+0530] {logging_mixin.py:188} INFO - [2025-11-01T13:12:07.577+0530] {dag.py:3947} INFO - Setting next_dagrun for example_sensor_decorator to None, run_after=None
[2025-11-01T13:12:07.602+0530] {processor.py:183} INFO - Processing /home/logi/txtai/venv/lib/python3.10/site-packages/airflow/example_dags/example_sensor_decorator.py took 0.089 seconds
[2025-11-01T13:13:02.665+0530] {processor.py:161} INFO - Started process (PID=11880) to work on /home/logi/txtai/venv/lib/python3.10/site-packages/airflow/example_dags/example_sensor_decorator.py
[2025-11-01T13:13:02.667+0530] {processor.py:830} INFO - Processing file /home/logi/txtai/venv/lib/python3.10/site-packages/airflow/example_dags/example_sensor_decorator.py for tasks to queue
[2025-11-01T13:13:02.669+0530] {logging_mixin.py:188} INFO - [2025-11-01T13:13:02.668+0530] {dagbag.py:545} INFO - Filling up the DagBag from /home/logi/txtai/venv/lib/python3.10/site-packages/airflow/example_dags/example_sensor_decorator.py
[2025-11-01T13:13:02.676+0530] {processor.py:840} INFO - DAG(s) 'example_sensor_decorator' retrieved from /home/logi/txtai/venv/lib/python3.10/site-packages/airflow/example_dags/example_sensor_decorator.py
[2025-11-01T13:13:02.690+0530] {logging_mixin.py:188} INFO - [2025-11-01T13:13:02.690+0530] {dag.py:3089} INFO - Sync 1 DAGs
[2025-11-01T13:13:02.699+0530] {logging_mixin.py:188} INFO - [2025-11-01T13:13:02.699+0530] {dag.py:3947} INFO - Setting next_dagrun for example_sensor_decorator to None, run_after=None
[2025-11-01T13:13:02.717+0530] {processor.py:183} INFO - Processing /home/logi/txtai/venv/lib/python3.10/site-packages/airflow/example_dags/example_sensor_decorator.py took 0.057 seconds
[2025-11-01T13:13:51.347+0530] {processor.py:161} INFO - Started process (PID=12016) to work on /home/logi/txtai/venv/lib/python3.10/site-packages/airflow/example_dags/example_sensor_decorator.py
[2025-11-01T13:13:51.360+0530] {processor.py:830} INFO - Processing file /home/logi/txtai/venv/lib/python3.10/site-packages/airflow/example_dags/example_sensor_decorator.py for tasks to queue
[2025-11-01T13:13:51.363+0530] {logging_mixin.py:188} INFO - [2025-11-01T13:13:51.362+0530] {dagbag.py:545} INFO - Filling up the DagBag from /home/logi/txtai/venv/lib/python3.10/site-packages/airflow/example_dags/example_sensor_decorator.py
[2025-11-01T13:13:51.373+0530] {processor.py:840} INFO - DAG(s) 'example_sensor_decorator' retrieved from /home/logi/txtai/venv/lib/python3.10/site-packages/airflow/example_dags/example_sensor_decorator.py
[2025-11-01T13:13:51.398+0530] {logging_mixin.py:188} INFO - [2025-11-01T13:13:51.398+0530] {dag.py:3089} INFO - Sync 1 DAGs
[2025-11-01T13:13:51.411+0530] {logging_mixin.py:188} INFO - [2025-11-01T13:13:51.411+0530] {dag.py:3947} INFO - Setting next_dagrun for example_sensor_decorator to None, run_after=None
[2025-11-01T13:13:51.429+0530] {processor.py:183} INFO - Processing /home/logi/txtai/venv/lib/python3.10/site-packages/airflow/example_dags/example_sensor_decorator.py took 0.092 seconds
[2025-11-01T13:14:52.826+0530] {processor.py:161} INFO - Started process (PID=12271) to work on /home/logi/txtai/venv/lib/python3.10/site-packages/airflow/example_dags/example_sensor_decorator.py
[2025-11-01T13:14:52.843+0530] {processor.py:830} INFO - Processing file /home/logi/txtai/venv/lib/python3.10/site-packages/airflow/example_dags/example_sensor_decorator.py for tasks to queue
[2025-11-01T13:14:52.851+0530] {logging_mixin.py:188} INFO - [2025-11-01T13:14:52.849+0530] {dagbag.py:545} INFO - Filling up the DagBag from /home/logi/txtai/venv/lib/python3.10/site-packages/airflow/example_dags/example_sensor_decorator.py
[2025-11-01T13:14:52.872+0530] {processor.py:840} INFO - DAG(s) 'example_sensor_decorator' retrieved from /home/logi/txtai/venv/lib/python3.10/site-packages/airflow/example_dags/example_sensor_decorator.py
[2025-11-01T13:14:52.900+0530] {logging_mixin.py:188} INFO - [2025-11-01T13:14:52.900+0530] {dag.py:3089} INFO - Sync 1 DAGs
[2025-11-01T13:14:52.909+0530] {logging_mixin.py:188} INFO - [2025-11-01T13:14:52.909+0530] {dag.py:3947} INFO - Setting next_dagrun for example_sensor_decorator to None, run_after=None
[2025-11-01T13:14:52.926+0530] {processor.py:183} INFO - Processing /home/logi/txtai/venv/lib/python3.10/site-packages/airflow/example_dags/example_sensor_decorator.py took 0.127 seconds
