[2025-11-01T12:49:25.031+0530] {processor.py:161} INFO - Started process (PID=6968) to work on /home/logi/txtai/venv/lib/python3.10/site-packages/airflow/example_dags/example_params_trigger_ui.py
[2025-11-01T12:49:25.032+0530] {processor.py:830} INFO - Processing file /home/logi/txtai/venv/lib/python3.10/site-packages/airflow/example_dags/example_params_trigger_ui.py for tasks to queue
[2025-11-01T12:49:25.036+0530] {logging_mixin.py:188} INFO - [2025-11-01T12:49:25.035+0530] {dagbag.py:545} INFO - Filling up the DagBag from /home/logi/txtai/venv/lib/python3.10/site-packages/airflow/example_dags/example_params_trigger_ui.py
[2025-11-01T12:49:25.050+0530] {processor.py:840} INFO - DAG(s) 'example_params_trigger_ui' retrieved from /home/logi/txtai/venv/lib/python3.10/site-packages/airflow/example_dags/example_params_trigger_ui.py
[2025-11-01T12:49:25.088+0530] {logging_mixin.py:188} INFO - [2025-11-01T12:49:25.088+0530] {dag.py:3089} INFO - Sync 1 DAGs
[2025-11-01T12:49:25.096+0530] {logging_mixin.py:188} INFO - [2025-11-01T12:49:25.096+0530] {dag.py:3947} INFO - Setting next_dagrun for example_params_trigger_ui to None, run_after=None
[2025-11-01T12:49:25.125+0530] {processor.py:183} INFO - Processing /home/logi/txtai/venv/lib/python3.10/site-packages/airflow/example_dags/example_params_trigger_ui.py took 0.104 seconds
[2025-11-01T12:50:39.225+0530] {processor.py:161} INFO - Started process (PID=7276) to work on /home/logi/txtai/venv/lib/python3.10/site-packages/airflow/example_dags/example_params_trigger_ui.py
[2025-11-01T12:50:39.238+0530] {processor.py:830} INFO - Processing file /home/logi/txtai/venv/lib/python3.10/site-packages/airflow/example_dags/example_params_trigger_ui.py for tasks to queue
[2025-11-01T12:50:39.241+0530] {logging_mixin.py:188} INFO - [2025-11-01T12:50:39.241+0530] {dagbag.py:545} INFO - Filling up the DagBag from /home/logi/txtai/venv/lib/python3.10/site-packages/airflow/example_dags/example_params_trigger_ui.py
[2025-11-01T12:50:39.259+0530] {processor.py:840} INFO - DAG(s) 'example_params_trigger_ui' retrieved from /home/logi/txtai/venv/lib/python3.10/site-packages/airflow/example_dags/example_params_trigger_ui.py
[2025-11-01T12:50:39.314+0530] {logging_mixin.py:188} INFO - [2025-11-01T12:50:39.314+0530] {dag.py:3089} INFO - Sync 1 DAGs
[2025-11-01T12:50:39.341+0530] {logging_mixin.py:188} INFO - [2025-11-01T12:50:39.341+0530] {dag.py:3947} INFO - Setting next_dagrun for example_params_trigger_ui to None, run_after=None
[2025-11-01T12:50:39.371+0530] {processor.py:183} INFO - Processing /home/logi/txtai/venv/lib/python3.10/site-packages/airflow/example_dags/example_params_trigger_ui.py took 0.160 seconds
[2025-11-01T12:51:39.776+0530] {processor.py:161} INFO - Started process (PID=7567) to work on /home/logi/txtai/venv/lib/python3.10/site-packages/airflow/example_dags/example_params_trigger_ui.py
[2025-11-01T12:51:39.789+0530] {processor.py:830} INFO - Processing file /home/logi/txtai/venv/lib/python3.10/site-packages/airflow/example_dags/example_params_trigger_ui.py for tasks to queue
[2025-11-01T12:51:39.792+0530] {logging_mixin.py:188} INFO - [2025-11-01T12:51:39.791+0530] {dagbag.py:545} INFO - Filling up the DagBag from /home/logi/txtai/venv/lib/python3.10/site-packages/airflow/example_dags/example_params_trigger_ui.py
[2025-11-01T12:51:39.807+0530] {processor.py:840} INFO - DAG(s) 'example_params_trigger_ui' retrieved from /home/logi/txtai/venv/lib/python3.10/site-packages/airflow/example_dags/example_params_trigger_ui.py
[2025-11-01T12:51:39.854+0530] {logging_mixin.py:188} INFO - [2025-11-01T12:51:39.854+0530] {dag.py:3089} INFO - Sync 1 DAGs
[2025-11-01T12:51:39.870+0530] {logging_mixin.py:188} INFO - [2025-11-01T12:51:39.870+0530] {dag.py:3947} INFO - Setting next_dagrun for example_params_trigger_ui to None, run_after=None
[2025-11-01T12:51:39.888+0530] {processor.py:183} INFO - Processing /home/logi/txtai/venv/lib/python3.10/site-packages/airflow/example_dags/example_params_trigger_ui.py took 0.121 seconds
[2025-11-01T12:52:42.641+0530] {processor.py:161} INFO - Started process (PID=7877) to work on /home/logi/txtai/venv/lib/python3.10/site-packages/airflow/example_dags/example_params_trigger_ui.py
[2025-11-01T12:52:42.654+0530] {processor.py:830} INFO - Processing file /home/logi/txtai/venv/lib/python3.10/site-packages/airflow/example_dags/example_params_trigger_ui.py for tasks to queue
[2025-11-01T12:52:42.657+0530] {logging_mixin.py:188} INFO - [2025-11-01T12:52:42.656+0530] {dagbag.py:545} INFO - Filling up the DagBag from /home/logi/txtai/venv/lib/python3.10/site-packages/airflow/example_dags/example_params_trigger_ui.py
[2025-11-01T12:52:42.665+0530] {processor.py:840} INFO - DAG(s) 'example_params_trigger_ui' retrieved from /home/logi/txtai/venv/lib/python3.10/site-packages/airflow/example_dags/example_params_trigger_ui.py
[2025-11-01T12:52:42.700+0530] {logging_mixin.py:188} INFO - [2025-11-01T12:52:42.700+0530] {dag.py:3089} INFO - Sync 1 DAGs
[2025-11-01T12:52:42.711+0530] {logging_mixin.py:188} INFO - [2025-11-01T12:52:42.711+0530] {dag.py:3947} INFO - Setting next_dagrun for example_params_trigger_ui to None, run_after=None
[2025-11-01T12:52:42.729+0530] {processor.py:183} INFO - Processing /home/logi/txtai/venv/lib/python3.10/site-packages/airflow/example_dags/example_params_trigger_ui.py took 0.099 seconds
[2025-11-01T12:53:40.254+0530] {processor.py:161} INFO - Started process (PID=7974) to work on /home/logi/txtai/venv/lib/python3.10/site-packages/airflow/example_dags/example_params_trigger_ui.py
[2025-11-01T12:53:40.268+0530] {processor.py:830} INFO - Processing file /home/logi/txtai/venv/lib/python3.10/site-packages/airflow/example_dags/example_params_trigger_ui.py for tasks to queue
[2025-11-01T12:53:40.271+0530] {logging_mixin.py:188} INFO - [2025-11-01T12:53:40.270+0530] {dagbag.py:545} INFO - Filling up the DagBag from /home/logi/txtai/venv/lib/python3.10/site-packages/airflow/example_dags/example_params_trigger_ui.py
[2025-11-01T12:53:40.286+0530] {processor.py:840} INFO - DAG(s) 'example_params_trigger_ui' retrieved from /home/logi/txtai/venv/lib/python3.10/site-packages/airflow/example_dags/example_params_trigger_ui.py
[2025-11-01T12:53:40.332+0530] {logging_mixin.py:188} INFO - [2025-11-01T12:53:40.332+0530] {dag.py:3089} INFO - Sync 1 DAGs
[2025-11-01T12:53:40.342+0530] {logging_mixin.py:188} INFO - [2025-11-01T12:53:40.342+0530] {dag.py:3947} INFO - Setting next_dagrun for example_params_trigger_ui to None, run_after=None
[2025-11-01T12:53:40.359+0530] {processor.py:183} INFO - Processing /home/logi/txtai/venv/lib/python3.10/site-packages/airflow/example_dags/example_params_trigger_ui.py took 0.114 seconds
[2025-11-01T12:54:40.528+0530] {processor.py:161} INFO - Started process (PID=8209) to work on /home/logi/txtai/venv/lib/python3.10/site-packages/airflow/example_dags/example_params_trigger_ui.py
[2025-11-01T12:54:40.530+0530] {processor.py:830} INFO - Processing file /home/logi/txtai/venv/lib/python3.10/site-packages/airflow/example_dags/example_params_trigger_ui.py for tasks to queue
[2025-11-01T12:54:40.534+0530] {logging_mixin.py:188} INFO - [2025-11-01T12:54:40.533+0530] {dagbag.py:545} INFO - Filling up the DagBag from /home/logi/txtai/venv/lib/python3.10/site-packages/airflow/example_dags/example_params_trigger_ui.py
[2025-11-01T12:54:40.550+0530] {processor.py:840} INFO - DAG(s) 'example_params_trigger_ui' retrieved from /home/logi/txtai/venv/lib/python3.10/site-packages/airflow/example_dags/example_params_trigger_ui.py
[2025-11-01T12:54:40.595+0530] {logging_mixin.py:188} INFO - [2025-11-01T12:54:40.595+0530] {dag.py:3089} INFO - Sync 1 DAGs
[2025-11-01T12:54:40.605+0530] {logging_mixin.py:188} INFO - [2025-11-01T12:54:40.604+0530] {dag.py:3947} INFO - Setting next_dagrun for example_params_trigger_ui to None, run_after=None
[2025-11-01T12:54:40.624+0530] {processor.py:183} INFO - Processing /home/logi/txtai/venv/lib/python3.10/site-packages/airflow/example_dags/example_params_trigger_ui.py took 0.105 seconds
[2025-11-01T12:55:30.393+0530] {processor.py:161} INFO - Started process (PID=8286) to work on /home/logi/txtai/venv/lib/python3.10/site-packages/airflow/example_dags/example_params_trigger_ui.py
[2025-11-01T12:55:30.395+0530] {processor.py:830} INFO - Processing file /home/logi/txtai/venv/lib/python3.10/site-packages/airflow/example_dags/example_params_trigger_ui.py for tasks to queue
[2025-11-01T12:55:30.398+0530] {logging_mixin.py:188} INFO - [2025-11-01T12:55:30.397+0530] {dagbag.py:545} INFO - Filling up the DagBag from /home/logi/txtai/venv/lib/python3.10/site-packages/airflow/example_dags/example_params_trigger_ui.py
[2025-11-01T12:55:30.411+0530] {processor.py:840} INFO - DAG(s) 'example_params_trigger_ui' retrieved from /home/logi/txtai/venv/lib/python3.10/site-packages/airflow/example_dags/example_params_trigger_ui.py
[2025-11-01T12:55:30.452+0530] {logging_mixin.py:188} INFO - [2025-11-01T12:55:30.452+0530] {dag.py:3089} INFO - Sync 1 DAGs
[2025-11-01T12:55:30.461+0530] {logging_mixin.py:188} INFO - [2025-11-01T12:55:30.461+0530] {dag.py:3947} INFO - Setting next_dagrun for example_params_trigger_ui to None, run_after=None
[2025-11-01T12:55:30.483+0530] {processor.py:183} INFO - Processing /home/logi/txtai/venv/lib/python3.10/site-packages/airflow/example_dags/example_params_trigger_ui.py took 0.098 seconds
[2025-11-01T12:56:31.296+0530] {processor.py:161} INFO - Started process (PID=8530) to work on /home/logi/txtai/venv/lib/python3.10/site-packages/airflow/example_dags/example_params_trigger_ui.py
[2025-11-01T12:56:31.310+0530] {processor.py:830} INFO - Processing file /home/logi/txtai/venv/lib/python3.10/site-packages/airflow/example_dags/example_params_trigger_ui.py for tasks to queue
[2025-11-01T12:56:31.313+0530] {logging_mixin.py:188} INFO - [2025-11-01T12:56:31.312+0530] {dagbag.py:545} INFO - Filling up the DagBag from /home/logi/txtai/venv/lib/python3.10/site-packages/airflow/example_dags/example_params_trigger_ui.py
[2025-11-01T12:56:31.331+0530] {processor.py:840} INFO - DAG(s) 'example_params_trigger_ui' retrieved from /home/logi/txtai/venv/lib/python3.10/site-packages/airflow/example_dags/example_params_trigger_ui.py
[2025-11-01T12:56:31.383+0530] {logging_mixin.py:188} INFO - [2025-11-01T12:56:31.382+0530] {dag.py:3089} INFO - Sync 1 DAGs
[2025-11-01T12:56:31.393+0530] {logging_mixin.py:188} INFO - [2025-11-01T12:56:31.392+0530] {dag.py:3947} INFO - Setting next_dagrun for example_params_trigger_ui to None, run_after=None
[2025-11-01T12:56:31.413+0530] {processor.py:183} INFO - Processing /home/logi/txtai/venv/lib/python3.10/site-packages/airflow/example_dags/example_params_trigger_ui.py took 0.127 seconds
[2025-11-01T12:57:24.994+0530] {processor.py:161} INFO - Started process (PID=8612) to work on /home/logi/txtai/venv/lib/python3.10/site-packages/airflow/example_dags/example_params_trigger_ui.py
[2025-11-01T12:57:24.996+0530] {processor.py:830} INFO - Processing file /home/logi/txtai/venv/lib/python3.10/site-packages/airflow/example_dags/example_params_trigger_ui.py for tasks to queue
[2025-11-01T12:57:24.998+0530] {logging_mixin.py:188} INFO - [2025-11-01T12:57:24.998+0530] {dagbag.py:545} INFO - Filling up the DagBag from /home/logi/txtai/venv/lib/python3.10/site-packages/airflow/example_dags/example_params_trigger_ui.py
[2025-11-01T12:57:25.013+0530] {processor.py:840} INFO - DAG(s) 'example_params_trigger_ui' retrieved from /home/logi/txtai/venv/lib/python3.10/site-packages/airflow/example_dags/example_params_trigger_ui.py
[2025-11-01T12:57:25.053+0530] {logging_mixin.py:188} INFO - [2025-11-01T12:57:25.053+0530] {dag.py:3089} INFO - Sync 1 DAGs
[2025-11-01T12:57:25.064+0530] {logging_mixin.py:188} INFO - [2025-11-01T12:57:25.064+0530] {dag.py:3947} INFO - Setting next_dagrun for example_params_trigger_ui to None, run_after=None
[2025-11-01T12:57:25.081+0530] {processor.py:183} INFO - Processing /home/logi/txtai/venv/lib/python3.10/site-packages/airflow/example_dags/example_params_trigger_ui.py took 0.103 seconds
[2025-11-01T12:58:21.472+0530] {processor.py:161} INFO - Started process (PID=8808) to work on /home/logi/txtai/venv/lib/python3.10/site-packages/airflow/example_dags/example_params_trigger_ui.py
[2025-11-01T12:58:21.485+0530] {processor.py:830} INFO - Processing file /home/logi/txtai/venv/lib/python3.10/site-packages/airflow/example_dags/example_params_trigger_ui.py for tasks to queue
[2025-11-01T12:58:21.488+0530] {logging_mixin.py:188} INFO - [2025-11-01T12:58:21.488+0530] {dagbag.py:545} INFO - Filling up the DagBag from /home/logi/txtai/venv/lib/python3.10/site-packages/airflow/example_dags/example_params_trigger_ui.py
[2025-11-01T12:58:21.502+0530] {processor.py:840} INFO - DAG(s) 'example_params_trigger_ui' retrieved from /home/logi/txtai/venv/lib/python3.10/site-packages/airflow/example_dags/example_params_trigger_ui.py
[2025-11-01T12:58:21.541+0530] {logging_mixin.py:188} INFO - [2025-11-01T12:58:21.541+0530] {dag.py:3089} INFO - Sync 1 DAGs
[2025-11-01T12:58:21.549+0530] {logging_mixin.py:188} INFO - [2025-11-01T12:58:21.549+0530] {dag.py:3947} INFO - Setting next_dagrun for example_params_trigger_ui to None, run_after=None
[2025-11-01T12:58:21.567+0530] {processor.py:183} INFO - Processing /home/logi/txtai/venv/lib/python3.10/site-packages/airflow/example_dags/example_params_trigger_ui.py took 0.101 seconds
[2025-11-01T12:59:14.133+0530] {processor.py:161} INFO - Started process (PID=8911) to work on /home/logi/txtai/venv/lib/python3.10/site-packages/airflow/example_dags/example_params_trigger_ui.py
[2025-11-01T12:59:14.134+0530] {processor.py:830} INFO - Processing file /home/logi/txtai/venv/lib/python3.10/site-packages/airflow/example_dags/example_params_trigger_ui.py for tasks to queue
[2025-11-01T12:59:14.136+0530] {logging_mixin.py:188} INFO - [2025-11-01T12:59:14.136+0530] {dagbag.py:545} INFO - Filling up the DagBag from /home/logi/txtai/venv/lib/python3.10/site-packages/airflow/example_dags/example_params_trigger_ui.py
[2025-11-01T12:59:14.144+0530] {processor.py:840} INFO - DAG(s) 'example_params_trigger_ui' retrieved from /home/logi/txtai/venv/lib/python3.10/site-packages/airflow/example_dags/example_params_trigger_ui.py
[2025-11-01T12:59:14.182+0530] {logging_mixin.py:188} INFO - [2025-11-01T12:59:14.182+0530] {dag.py:3089} INFO - Sync 1 DAGs
[2025-11-01T12:59:14.192+0530] {logging_mixin.py:188} INFO - [2025-11-01T12:59:14.192+0530] {dag.py:3947} INFO - Setting next_dagrun for example_params_trigger_ui to None, run_after=None
[2025-11-01T12:59:14.210+0530] {processor.py:183} INFO - Processing /home/logi/txtai/venv/lib/python3.10/site-packages/airflow/example_dags/example_params_trigger_ui.py took 0.083 seconds
[2025-11-01T13:00:01.956+0530] {processor.py:161} INFO - Started process (PID=8984) to work on /home/logi/txtai/venv/lib/python3.10/site-packages/airflow/example_dags/example_params_trigger_ui.py
[2025-11-01T13:00:01.970+0530] {processor.py:830} INFO - Processing file /home/logi/txtai/venv/lib/python3.10/site-packages/airflow/example_dags/example_params_trigger_ui.py for tasks to queue
[2025-11-01T13:00:01.973+0530] {logging_mixin.py:188} INFO - [2025-11-01T13:00:01.972+0530] {dagbag.py:545} INFO - Filling up the DagBag from /home/logi/txtai/venv/lib/python3.10/site-packages/airflow/example_dags/example_params_trigger_ui.py
[2025-11-01T13:00:01.988+0530] {processor.py:840} INFO - DAG(s) 'example_params_trigger_ui' retrieved from /home/logi/txtai/venv/lib/python3.10/site-packages/airflow/example_dags/example_params_trigger_ui.py
[2025-11-01T13:00:02.036+0530] {logging_mixin.py:188} INFO - [2025-11-01T13:00:02.036+0530] {dag.py:3089} INFO - Sync 1 DAGs
[2025-11-01T13:00:02.046+0530] {logging_mixin.py:188} INFO - [2025-11-01T13:00:02.046+0530] {dag.py:3947} INFO - Setting next_dagrun for example_params_trigger_ui to None, run_after=None
[2025-11-01T13:00:02.064+0530] {processor.py:183} INFO - Processing /home/logi/txtai/venv/lib/python3.10/site-packages/airflow/example_dags/example_params_trigger_ui.py took 0.118 seconds
[2025-11-01T13:01:04.257+0530] {processor.py:161} INFO - Started process (PID=9199) to work on /home/logi/txtai/venv/lib/python3.10/site-packages/airflow/example_dags/example_params_trigger_ui.py
[2025-11-01T13:01:04.271+0530] {processor.py:830} INFO - Processing file /home/logi/txtai/venv/lib/python3.10/site-packages/airflow/example_dags/example_params_trigger_ui.py for tasks to queue
[2025-11-01T13:01:04.276+0530] {logging_mixin.py:188} INFO - [2025-11-01T13:01:04.275+0530] {dagbag.py:545} INFO - Filling up the DagBag from /home/logi/txtai/venv/lib/python3.10/site-packages/airflow/example_dags/example_params_trigger_ui.py
[2025-11-01T13:01:04.285+0530] {processor.py:840} INFO - DAG(s) 'example_params_trigger_ui' retrieved from /home/logi/txtai/venv/lib/python3.10/site-packages/airflow/example_dags/example_params_trigger_ui.py
[2025-11-01T13:01:04.329+0530] {logging_mixin.py:188} INFO - [2025-11-01T13:01:04.328+0530] {dag.py:3089} INFO - Sync 1 DAGs
[2025-11-01T13:01:04.338+0530] {logging_mixin.py:188} INFO - [2025-11-01T13:01:04.338+0530] {dag.py:3947} INFO - Setting next_dagrun for example_params_trigger_ui to None, run_after=None
[2025-11-01T13:01:04.361+0530] {processor.py:183} INFO - Processing /home/logi/txtai/venv/lib/python3.10/site-packages/airflow/example_dags/example_params_trigger_ui.py took 0.113 seconds
[2025-11-01T13:01:54.777+0530] {processor.py:161} INFO - Started process (PID=9357) to work on /home/logi/txtai/venv/lib/python3.10/site-packages/airflow/example_dags/example_params_trigger_ui.py
[2025-11-01T13:01:54.790+0530] {processor.py:830} INFO - Processing file /home/logi/txtai/venv/lib/python3.10/site-packages/airflow/example_dags/example_params_trigger_ui.py for tasks to queue
[2025-11-01T13:01:54.793+0530] {logging_mixin.py:188} INFO - [2025-11-01T13:01:54.792+0530] {dagbag.py:545} INFO - Filling up the DagBag from /home/logi/txtai/venv/lib/python3.10/site-packages/airflow/example_dags/example_params_trigger_ui.py
[2025-11-01T13:01:54.808+0530] {processor.py:840} INFO - DAG(s) 'example_params_trigger_ui' retrieved from /home/logi/txtai/venv/lib/python3.10/site-packages/airflow/example_dags/example_params_trigger_ui.py
[2025-11-01T13:01:54.853+0530] {logging_mixin.py:188} INFO - [2025-11-01T13:01:54.853+0530] {dag.py:3089} INFO - Sync 1 DAGs
[2025-11-01T13:01:54.862+0530] {logging_mixin.py:188} INFO - [2025-11-01T13:01:54.862+0530] {dag.py:3947} INFO - Setting next_dagrun for example_params_trigger_ui to None, run_after=None
[2025-11-01T13:01:54.884+0530] {processor.py:183} INFO - Processing /home/logi/txtai/venv/lib/python3.10/site-packages/airflow/example_dags/example_params_trigger_ui.py took 0.117 seconds
[2025-11-01T13:03:04.925+0530] {processor.py:161} INFO - Started process (PID=9673) to work on /home/logi/txtai/venv/lib/python3.10/site-packages/airflow/example_dags/example_params_trigger_ui.py
[2025-11-01T13:03:04.938+0530] {processor.py:830} INFO - Processing file /home/logi/txtai/venv/lib/python3.10/site-packages/airflow/example_dags/example_params_trigger_ui.py for tasks to queue
[2025-11-01T13:03:04.941+0530] {logging_mixin.py:188} INFO - [2025-11-01T13:03:04.941+0530] {dagbag.py:545} INFO - Filling up the DagBag from /home/logi/txtai/venv/lib/python3.10/site-packages/airflow/example_dags/example_params_trigger_ui.py
[2025-11-01T13:03:04.956+0530] {processor.py:840} INFO - DAG(s) 'example_params_trigger_ui' retrieved from /home/logi/txtai/venv/lib/python3.10/site-packages/airflow/example_dags/example_params_trigger_ui.py
[2025-11-01T13:03:05.004+0530] {logging_mixin.py:188} INFO - [2025-11-01T13:03:05.004+0530] {dag.py:3089} INFO - Sync 1 DAGs
[2025-11-01T13:03:05.013+0530] {logging_mixin.py:188} INFO - [2025-11-01T13:03:05.013+0530] {dag.py:3947} INFO - Setting next_dagrun for example_params_trigger_ui to None, run_after=None
[2025-11-01T13:03:05.030+0530] {processor.py:183} INFO - Processing /home/logi/txtai/venv/lib/python3.10/site-packages/airflow/example_dags/example_params_trigger_ui.py took 0.116 seconds
[2025-11-01T13:03:52.062+0530] {processor.py:161} INFO - Started process (PID=9813) to work on /home/logi/txtai/venv/lib/python3.10/site-packages/airflow/example_dags/example_params_trigger_ui.py
[2025-11-01T13:03:52.075+0530] {processor.py:830} INFO - Processing file /home/logi/txtai/venv/lib/python3.10/site-packages/airflow/example_dags/example_params_trigger_ui.py for tasks to queue
[2025-11-01T13:03:52.078+0530] {logging_mixin.py:188} INFO - [2025-11-01T13:03:52.078+0530] {dagbag.py:545} INFO - Filling up the DagBag from /home/logi/txtai/venv/lib/python3.10/site-packages/airflow/example_dags/example_params_trigger_ui.py
[2025-11-01T13:03:52.094+0530] {processor.py:840} INFO - DAG(s) 'example_params_trigger_ui' retrieved from /home/logi/txtai/venv/lib/python3.10/site-packages/airflow/example_dags/example_params_trigger_ui.py
[2025-11-01T13:03:52.141+0530] {logging_mixin.py:188} INFO - [2025-11-01T13:03:52.140+0530] {dag.py:3089} INFO - Sync 1 DAGs
[2025-11-01T13:03:52.149+0530] {logging_mixin.py:188} INFO - [2025-11-01T13:03:52.149+0530] {dag.py:3947} INFO - Setting next_dagrun for example_params_trigger_ui to None, run_after=None
[2025-11-01T13:03:52.172+0530] {processor.py:183} INFO - Processing /home/logi/txtai/venv/lib/python3.10/site-packages/airflow/example_dags/example_params_trigger_ui.py took 0.120 seconds
[2025-11-01T13:05:01.363+0530] {processor.py:161} INFO - Started process (PID=10122) to work on /home/logi/txtai/venv/lib/python3.10/site-packages/airflow/example_dags/example_params_trigger_ui.py
[2025-11-01T13:05:01.376+0530] {processor.py:830} INFO - Processing file /home/logi/txtai/venv/lib/python3.10/site-packages/airflow/example_dags/example_params_trigger_ui.py for tasks to queue
[2025-11-01T13:05:01.379+0530] {logging_mixin.py:188} INFO - [2025-11-01T13:05:01.378+0530] {dagbag.py:545} INFO - Filling up the DagBag from /home/logi/txtai/venv/lib/python3.10/site-packages/airflow/example_dags/example_params_trigger_ui.py
[2025-11-01T13:05:01.393+0530] {processor.py:840} INFO - DAG(s) 'example_params_trigger_ui' retrieved from /home/logi/txtai/venv/lib/python3.10/site-packages/airflow/example_dags/example_params_trigger_ui.py
[2025-11-01T13:05:01.444+0530] {logging_mixin.py:188} INFO - [2025-11-01T13:05:01.444+0530] {dag.py:3089} INFO - Sync 1 DAGs
[2025-11-01T13:05:01.452+0530] {logging_mixin.py:188} INFO - [2025-11-01T13:05:01.452+0530] {dag.py:3947} INFO - Setting next_dagrun for example_params_trigger_ui to None, run_after=None
[2025-11-01T13:05:01.471+0530] {processor.py:183} INFO - Processing /home/logi/txtai/venv/lib/python3.10/site-packages/airflow/example_dags/example_params_trigger_ui.py took 0.119 seconds
[2025-11-01T13:05:51.945+0530] {processor.py:161} INFO - Started process (PID=10238) to work on /home/logi/txtai/venv/lib/python3.10/site-packages/airflow/example_dags/example_params_trigger_ui.py
[2025-11-01T13:05:51.958+0530] {processor.py:830} INFO - Processing file /home/logi/txtai/venv/lib/python3.10/site-packages/airflow/example_dags/example_params_trigger_ui.py for tasks to queue
[2025-11-01T13:05:51.960+0530] {logging_mixin.py:188} INFO - [2025-11-01T13:05:51.960+0530] {dagbag.py:545} INFO - Filling up the DagBag from /home/logi/txtai/venv/lib/python3.10/site-packages/airflow/example_dags/example_params_trigger_ui.py
[2025-11-01T13:05:51.968+0530] {processor.py:840} INFO - DAG(s) 'example_params_trigger_ui' retrieved from /home/logi/txtai/venv/lib/python3.10/site-packages/airflow/example_dags/example_params_trigger_ui.py
[2025-11-01T13:05:52.000+0530] {logging_mixin.py:188} INFO - [2025-11-01T13:05:52.000+0530] {dag.py:3089} INFO - Sync 1 DAGs
[2025-11-01T13:05:52.009+0530] {logging_mixin.py:188} INFO - [2025-11-01T13:05:52.008+0530] {dag.py:3947} INFO - Setting next_dagrun for example_params_trigger_ui to None, run_after=None
[2025-11-01T13:05:52.028+0530] {processor.py:183} INFO - Processing /home/logi/txtai/venv/lib/python3.10/site-packages/airflow/example_dags/example_params_trigger_ui.py took 0.090 seconds
[2025-11-01T13:06:52.303+0530] {processor.py:161} INFO - Started process (PID=10495) to work on /home/logi/txtai/venv/lib/python3.10/site-packages/airflow/example_dags/example_params_trigger_ui.py
[2025-11-01T13:06:52.316+0530] {processor.py:830} INFO - Processing file /home/logi/txtai/venv/lib/python3.10/site-packages/airflow/example_dags/example_params_trigger_ui.py for tasks to queue
[2025-11-01T13:06:52.319+0530] {logging_mixin.py:188} INFO - [2025-11-01T13:06:52.318+0530] {dagbag.py:545} INFO - Filling up the DagBag from /home/logi/txtai/venv/lib/python3.10/site-packages/airflow/example_dags/example_params_trigger_ui.py
[2025-11-01T13:06:52.335+0530] {processor.py:840} INFO - DAG(s) 'example_params_trigger_ui' retrieved from /home/logi/txtai/venv/lib/python3.10/site-packages/airflow/example_dags/example_params_trigger_ui.py
[2025-11-01T13:06:52.384+0530] {logging_mixin.py:188} INFO - [2025-11-01T13:06:52.383+0530] {dag.py:3089} INFO - Sync 1 DAGs
[2025-11-01T13:06:52.393+0530] {logging_mixin.py:188} INFO - [2025-11-01T13:06:52.393+0530] {dag.py:3947} INFO - Setting next_dagrun for example_params_trigger_ui to None, run_after=None
[2025-11-01T13:06:52.414+0530] {processor.py:183} INFO - Processing /home/logi/txtai/venv/lib/python3.10/site-packages/airflow/example_dags/example_params_trigger_ui.py took 0.121 seconds
[2025-11-01T13:07:42.577+0530] {processor.py:161} INFO - Started process (PID=10610) to work on /home/logi/txtai/venv/lib/python3.10/site-packages/airflow/example_dags/example_params_trigger_ui.py
[2025-11-01T13:07:42.590+0530] {processor.py:830} INFO - Processing file /home/logi/txtai/venv/lib/python3.10/site-packages/airflow/example_dags/example_params_trigger_ui.py for tasks to queue
[2025-11-01T13:07:42.593+0530] {logging_mixin.py:188} INFO - [2025-11-01T13:07:42.593+0530] {dagbag.py:545} INFO - Filling up the DagBag from /home/logi/txtai/venv/lib/python3.10/site-packages/airflow/example_dags/example_params_trigger_ui.py
[2025-11-01T13:07:42.607+0530] {processor.py:840} INFO - DAG(s) 'example_params_trigger_ui' retrieved from /home/logi/txtai/venv/lib/python3.10/site-packages/airflow/example_dags/example_params_trigger_ui.py
[2025-11-01T13:07:42.643+0530] {logging_mixin.py:188} INFO - [2025-11-01T13:07:42.642+0530] {dag.py:3089} INFO - Sync 1 DAGs
[2025-11-01T13:07:42.651+0530] {logging_mixin.py:188} INFO - [2025-11-01T13:07:42.651+0530] {dag.py:3947} INFO - Setting next_dagrun for example_params_trigger_ui to None, run_after=None
[2025-11-01T13:07:42.669+0530] {processor.py:183} INFO - Processing /home/logi/txtai/venv/lib/python3.10/site-packages/airflow/example_dags/example_params_trigger_ui.py took 0.096 seconds
[2025-11-01T13:08:39.453+0530] {processor.py:161} INFO - Started process (PID=10951) to work on /home/logi/txtai/venv/lib/python3.10/site-packages/airflow/example_dags/example_params_trigger_ui.py
[2025-11-01T13:08:39.455+0530] {processor.py:830} INFO - Processing file /home/logi/txtai/venv/lib/python3.10/site-packages/airflow/example_dags/example_params_trigger_ui.py for tasks to queue
[2025-11-01T13:08:39.456+0530] {logging_mixin.py:188} INFO - [2025-11-01T13:08:39.456+0530] {dagbag.py:545} INFO - Filling up the DagBag from /home/logi/txtai/venv/lib/python3.10/site-packages/airflow/example_dags/example_params_trigger_ui.py
[2025-11-01T13:08:39.469+0530] {processor.py:840} INFO - DAG(s) 'example_params_trigger_ui' retrieved from /home/logi/txtai/venv/lib/python3.10/site-packages/airflow/example_dags/example_params_trigger_ui.py
[2025-11-01T13:08:39.506+0530] {logging_mixin.py:188} INFO - [2025-11-01T13:08:39.506+0530] {dag.py:3089} INFO - Sync 1 DAGs
[2025-11-01T13:08:39.514+0530] {logging_mixin.py:188} INFO - [2025-11-01T13:08:39.514+0530] {dag.py:3947} INFO - Setting next_dagrun for example_params_trigger_ui to None, run_after=None
[2025-11-01T13:08:39.531+0530] {processor.py:183} INFO - Processing /home/logi/txtai/venv/lib/python3.10/site-packages/airflow/example_dags/example_params_trigger_ui.py took 0.083 seconds
[2025-11-01T13:09:32.798+0530] {processor.py:161} INFO - Started process (PID=11191) to work on /home/logi/txtai/venv/lib/python3.10/site-packages/airflow/example_dags/example_params_trigger_ui.py
[2025-11-01T13:09:32.799+0530] {processor.py:830} INFO - Processing file /home/logi/txtai/venv/lib/python3.10/site-packages/airflow/example_dags/example_params_trigger_ui.py for tasks to queue
[2025-11-01T13:09:32.802+0530] {logging_mixin.py:188} INFO - [2025-11-01T13:09:32.802+0530] {dagbag.py:545} INFO - Filling up the DagBag from /home/logi/txtai/venv/lib/python3.10/site-packages/airflow/example_dags/example_params_trigger_ui.py
[2025-11-01T13:09:32.816+0530] {processor.py:840} INFO - DAG(s) 'example_params_trigger_ui' retrieved from /home/logi/txtai/venv/lib/python3.10/site-packages/airflow/example_dags/example_params_trigger_ui.py
[2025-11-01T13:09:32.860+0530] {logging_mixin.py:188} INFO - [2025-11-01T13:09:32.860+0530] {dag.py:3089} INFO - Sync 1 DAGs
[2025-11-01T13:09:32.869+0530] {logging_mixin.py:188} INFO - [2025-11-01T13:09:32.868+0530] {dag.py:3947} INFO - Setting next_dagrun for example_params_trigger_ui to None, run_after=None
[2025-11-01T13:09:32.887+0530] {processor.py:183} INFO - Processing /home/logi/txtai/venv/lib/python3.10/site-packages/airflow/example_dags/example_params_trigger_ui.py took 0.100 seconds
[2025-11-01T13:10:25.731+0530] {processor.py:161} INFO - Started process (PID=11391) to work on /home/logi/txtai/venv/lib/python3.10/site-packages/airflow/example_dags/example_params_trigger_ui.py
[2025-11-01T13:10:25.745+0530] {processor.py:830} INFO - Processing file /home/logi/txtai/venv/lib/python3.10/site-packages/airflow/example_dags/example_params_trigger_ui.py for tasks to queue
[2025-11-01T13:10:25.748+0530] {logging_mixin.py:188} INFO - [2025-11-01T13:10:25.747+0530] {dagbag.py:545} INFO - Filling up the DagBag from /home/logi/txtai/venv/lib/python3.10/site-packages/airflow/example_dags/example_params_trigger_ui.py
[2025-11-01T13:10:25.762+0530] {processor.py:840} INFO - DAG(s) 'example_params_trigger_ui' retrieved from /home/logi/txtai/venv/lib/python3.10/site-packages/airflow/example_dags/example_params_trigger_ui.py
[2025-11-01T13:10:25.810+0530] {logging_mixin.py:188} INFO - [2025-11-01T13:10:25.810+0530] {dag.py:3089} INFO - Sync 1 DAGs
[2025-11-01T13:10:25.819+0530] {logging_mixin.py:188} INFO - [2025-11-01T13:10:25.818+0530] {dag.py:3947} INFO - Setting next_dagrun for example_params_trigger_ui to None, run_after=None
[2025-11-01T13:10:25.841+0530] {processor.py:183} INFO - Processing /home/logi/txtai/venv/lib/python3.10/site-packages/airflow/example_dags/example_params_trigger_ui.py took 0.120 seconds
[2025-11-01T13:11:18.495+0530] {processor.py:161} INFO - Started process (PID=11519) to work on /home/logi/txtai/venv/lib/python3.10/site-packages/airflow/example_dags/example_params_trigger_ui.py
[2025-11-01T13:11:18.509+0530] {processor.py:830} INFO - Processing file /home/logi/txtai/venv/lib/python3.10/site-packages/airflow/example_dags/example_params_trigger_ui.py for tasks to queue
[2025-11-01T13:11:18.512+0530] {logging_mixin.py:188} INFO - [2025-11-01T13:11:18.512+0530] {dagbag.py:545} INFO - Filling up the DagBag from /home/logi/txtai/venv/lib/python3.10/site-packages/airflow/example_dags/example_params_trigger_ui.py
[2025-11-01T13:11:18.523+0530] {processor.py:840} INFO - DAG(s) 'example_params_trigger_ui' retrieved from /home/logi/txtai/venv/lib/python3.10/site-packages/airflow/example_dags/example_params_trigger_ui.py
[2025-11-01T13:11:18.561+0530] {logging_mixin.py:188} INFO - [2025-11-01T13:11:18.561+0530] {dag.py:3089} INFO - Sync 1 DAGs
[2025-11-01T13:11:18.571+0530] {logging_mixin.py:188} INFO - [2025-11-01T13:11:18.571+0530] {dag.py:3947} INFO - Setting next_dagrun for example_params_trigger_ui to None, run_after=None
[2025-11-01T13:11:18.590+0530] {processor.py:183} INFO - Processing /home/logi/txtai/venv/lib/python3.10/site-packages/airflow/example_dags/example_params_trigger_ui.py took 0.102 seconds
[2025-11-01T13:12:12.521+0530] {processor.py:161} INFO - Started process (PID=11735) to work on /home/logi/txtai/venv/lib/python3.10/site-packages/airflow/example_dags/example_params_trigger_ui.py
[2025-11-01T13:12:12.535+0530] {processor.py:830} INFO - Processing file /home/logi/txtai/venv/lib/python3.10/site-packages/airflow/example_dags/example_params_trigger_ui.py for tasks to queue
[2025-11-01T13:12:12.537+0530] {logging_mixin.py:188} INFO - [2025-11-01T13:12:12.536+0530] {dagbag.py:545} INFO - Filling up the DagBag from /home/logi/txtai/venv/lib/python3.10/site-packages/airflow/example_dags/example_params_trigger_ui.py
[2025-11-01T13:12:12.547+0530] {processor.py:840} INFO - DAG(s) 'example_params_trigger_ui' retrieved from /home/logi/txtai/venv/lib/python3.10/site-packages/airflow/example_dags/example_params_trigger_ui.py
[2025-11-01T13:12:12.581+0530] {logging_mixin.py:188} INFO - [2025-11-01T13:12:12.580+0530] {dag.py:3089} INFO - Sync 1 DAGs
[2025-11-01T13:12:12.590+0530] {logging_mixin.py:188} INFO - [2025-11-01T13:12:12.590+0530] {dag.py:3947} INFO - Setting next_dagrun for example_params_trigger_ui to None, run_after=None
[2025-11-01T13:12:12.609+0530] {processor.py:183} INFO - Processing /home/logi/txtai/venv/lib/python3.10/site-packages/airflow/example_dags/example_params_trigger_ui.py took 0.097 seconds
[2025-11-01T13:13:06.135+0530] {processor.py:161} INFO - Started process (PID=11887) to work on /home/logi/txtai/venv/lib/python3.10/site-packages/airflow/example_dags/example_params_trigger_ui.py
[2025-11-01T13:13:06.149+0530] {processor.py:830} INFO - Processing file /home/logi/txtai/venv/lib/python3.10/site-packages/airflow/example_dags/example_params_trigger_ui.py for tasks to queue
[2025-11-01T13:13:06.152+0530] {logging_mixin.py:188} INFO - [2025-11-01T13:13:06.152+0530] {dagbag.py:545} INFO - Filling up the DagBag from /home/logi/txtai/venv/lib/python3.10/site-packages/airflow/example_dags/example_params_trigger_ui.py
[2025-11-01T13:13:06.168+0530] {processor.py:840} INFO - DAG(s) 'example_params_trigger_ui' retrieved from /home/logi/txtai/venv/lib/python3.10/site-packages/airflow/example_dags/example_params_trigger_ui.py
[2025-11-01T13:13:06.270+0530] {logging_mixin.py:188} INFO - [2025-11-01T13:13:06.269+0530] {dag.py:3089} INFO - Sync 1 DAGs
[2025-11-01T13:13:06.300+0530] {logging_mixin.py:188} INFO - [2025-11-01T13:13:06.299+0530] {dag.py:3947} INFO - Setting next_dagrun for example_params_trigger_ui to None, run_after=None
[2025-11-01T13:13:06.350+0530] {processor.py:183} INFO - Processing /home/logi/txtai/venv/lib/python3.10/site-packages/airflow/example_dags/example_params_trigger_ui.py took 0.227 seconds
[2025-11-01T13:13:54.943+0530] {processor.py:161} INFO - Started process (PID=12023) to work on /home/logi/txtai/venv/lib/python3.10/site-packages/airflow/example_dags/example_params_trigger_ui.py
[2025-11-01T13:13:54.955+0530] {processor.py:830} INFO - Processing file /home/logi/txtai/venv/lib/python3.10/site-packages/airflow/example_dags/example_params_trigger_ui.py for tasks to queue
[2025-11-01T13:13:54.958+0530] {logging_mixin.py:188} INFO - [2025-11-01T13:13:54.957+0530] {dagbag.py:545} INFO - Filling up the DagBag from /home/logi/txtai/venv/lib/python3.10/site-packages/airflow/example_dags/example_params_trigger_ui.py
[2025-11-01T13:13:54.966+0530] {processor.py:840} INFO - DAG(s) 'example_params_trigger_ui' retrieved from /home/logi/txtai/venv/lib/python3.10/site-packages/airflow/example_dags/example_params_trigger_ui.py
[2025-11-01T13:13:55.000+0530] {logging_mixin.py:188} INFO - [2025-11-01T13:13:54.999+0530] {dag.py:3089} INFO - Sync 1 DAGs
[2025-11-01T13:13:55.010+0530] {logging_mixin.py:188} INFO - [2025-11-01T13:13:55.010+0530] {dag.py:3947} INFO - Setting next_dagrun for example_params_trigger_ui to None, run_after=None
[2025-11-01T13:13:55.027+0530] {processor.py:183} INFO - Processing /home/logi/txtai/venv/lib/python3.10/site-packages/airflow/example_dags/example_params_trigger_ui.py took 0.090 seconds
