[2025-11-01T12:49:42.809+0530] {processor.py:161} INFO - Started process (PID=6988) to work on /home/logi/txtai/venv/lib/python3.10/site-packages/airflow/example_dags/example_branch_labels.py
[2025-11-01T12:49:42.809+0530] {processor.py:830} INFO - Processing file /home/logi/txtai/venv/lib/python3.10/site-packages/airflow/example_dags/example_branch_labels.py for tasks to queue
[2025-11-01T12:49:42.811+0530] {logging_mixin.py:188} INFO - [2025-11-01T12:49:42.811+0530] {dagbag.py:545} INFO - Filling up the DagBag from /home/logi/txtai/venv/lib/python3.10/site-packages/airflow/example_dags/example_branch_labels.py
[2025-11-01T12:49:42.818+0530] {processor.py:840} INFO - DAG(s) 'example_branch_labels' retrieved from /home/logi/txtai/venv/lib/python3.10/site-packages/airflow/example_dags/example_branch_labels.py
[2025-11-01T12:49:42.834+0530] {logging_mixin.py:188} INFO - [2025-11-01T12:49:42.834+0530] {dag.py:3089} INFO - Sync 1 DAGs
[2025-11-01T12:49:42.849+0530] {logging_mixin.py:188} INFO - [2025-11-01T12:49:42.849+0530] {dag.py:3947} INFO - Setting next_dagrun for example_branch_labels to 2025-10-31 00:00:00+00:00, run_after=2025-11-01 00:00:00+00:00
[2025-11-01T12:49:42.878+0530] {processor.py:183} INFO - Processing /home/logi/txtai/venv/lib/python3.10/site-packages/airflow/example_dags/example_branch_labels.py took 0.075 seconds
[2025-11-01T12:50:58.905+0530] {processor.py:161} INFO - Started process (PID=7309) to work on /home/logi/txtai/venv/lib/python3.10/site-packages/airflow/example_dags/example_branch_labels.py
[2025-11-01T12:50:58.908+0530] {processor.py:830} INFO - Processing file /home/logi/txtai/venv/lib/python3.10/site-packages/airflow/example_dags/example_branch_labels.py for tasks to queue
[2025-11-01T12:50:58.914+0530] {logging_mixin.py:188} INFO - [2025-11-01T12:50:58.912+0530] {dagbag.py:545} INFO - Filling up the DagBag from /home/logi/txtai/venv/lib/python3.10/site-packages/airflow/example_dags/example_branch_labels.py
[2025-11-01T12:50:58.935+0530] {processor.py:840} INFO - DAG(s) 'example_branch_labels' retrieved from /home/logi/txtai/venv/lib/python3.10/site-packages/airflow/example_dags/example_branch_labels.py
[2025-11-01T12:50:58.967+0530] {logging_mixin.py:188} INFO - [2025-11-01T12:50:58.967+0530] {dag.py:3089} INFO - Sync 1 DAGs
[2025-11-01T12:50:59.000+0530] {logging_mixin.py:188} INFO - [2025-11-01T12:50:59.000+0530] {dag.py:3947} INFO - Setting next_dagrun for example_branch_labels to 2025-10-31 00:00:00+00:00, run_after=2025-11-01 00:00:00+00:00
[2025-11-01T12:50:59.036+0530] {processor.py:183} INFO - Processing /home/logi/txtai/venv/lib/python3.10/site-packages/airflow/example_dags/example_branch_labels.py took 0.149 seconds
[2025-11-01T12:52:00.684+0530] {processor.py:161} INFO - Started process (PID=7662) to work on /home/logi/txtai/venv/lib/python3.10/site-packages/airflow/example_dags/example_branch_labels.py
[2025-11-01T12:52:00.685+0530] {processor.py:830} INFO - Processing file /home/logi/txtai/venv/lib/python3.10/site-packages/airflow/example_dags/example_branch_labels.py for tasks to queue
[2025-11-01T12:52:00.689+0530] {logging_mixin.py:188} INFO - [2025-11-01T12:52:00.688+0530] {dagbag.py:545} INFO - Filling up the DagBag from /home/logi/txtai/venv/lib/python3.10/site-packages/airflow/example_dags/example_branch_labels.py
[2025-11-01T12:52:00.706+0530] {processor.py:840} INFO - DAG(s) 'example_branch_labels' retrieved from /home/logi/txtai/venv/lib/python3.10/site-packages/airflow/example_dags/example_branch_labels.py
[2025-11-01T12:52:00.732+0530] {logging_mixin.py:188} INFO - [2025-11-01T12:52:00.731+0530] {dag.py:3089} INFO - Sync 1 DAGs
[2025-11-01T12:52:00.767+0530] {logging_mixin.py:188} INFO - [2025-11-01T12:52:00.767+0530] {dag.py:3947} INFO - Setting next_dagrun for example_branch_labels to 2025-10-31 00:00:00+00:00, run_after=2025-11-01 00:00:00+00:00
[2025-11-01T12:52:00.786+0530] {processor.py:183} INFO - Processing /home/logi/txtai/venv/lib/python3.10/site-packages/airflow/example_dags/example_branch_labels.py took 0.114 seconds
[2025-11-01T12:53:03.986+0530] {processor.py:161} INFO - Started process (PID=7909) to work on /home/logi/txtai/venv/lib/python3.10/site-packages/airflow/example_dags/example_branch_labels.py
[2025-11-01T12:53:04.000+0530] {processor.py:830} INFO - Processing file /home/logi/txtai/venv/lib/python3.10/site-packages/airflow/example_dags/example_branch_labels.py for tasks to queue
[2025-11-01T12:53:04.007+0530] {logging_mixin.py:188} INFO - [2025-11-01T12:53:04.005+0530] {dagbag.py:545} INFO - Filling up the DagBag from /home/logi/txtai/venv/lib/python3.10/site-packages/airflow/example_dags/example_branch_labels.py
[2025-11-01T12:53:04.022+0530] {processor.py:840} INFO - DAG(s) 'example_branch_labels' retrieved from /home/logi/txtai/venv/lib/python3.10/site-packages/airflow/example_dags/example_branch_labels.py
[2025-11-01T12:53:04.053+0530] {logging_mixin.py:188} INFO - [2025-11-01T12:53:04.052+0530] {dag.py:3089} INFO - Sync 1 DAGs
[2025-11-01T12:53:04.077+0530] {logging_mixin.py:188} INFO - [2025-11-01T12:53:04.077+0530] {dag.py:3947} INFO - Setting next_dagrun for example_branch_labels to 2025-10-31 00:00:00+00:00, run_after=2025-11-01 00:00:00+00:00
[2025-11-01T12:53:04.099+0530] {processor.py:183} INFO - Processing /home/logi/txtai/venv/lib/python3.10/site-packages/airflow/example_dags/example_branch_labels.py took 0.127 seconds
[2025-11-01T12:53:59.638+0530] {processor.py:161} INFO - Started process (PID=8023) to work on /home/logi/txtai/venv/lib/python3.10/site-packages/airflow/example_dags/example_branch_labels.py
[2025-11-01T12:53:59.651+0530] {processor.py:830} INFO - Processing file /home/logi/txtai/venv/lib/python3.10/site-packages/airflow/example_dags/example_branch_labels.py for tasks to queue
[2025-11-01T12:53:59.654+0530] {logging_mixin.py:188} INFO - [2025-11-01T12:53:59.654+0530] {dagbag.py:545} INFO - Filling up the DagBag from /home/logi/txtai/venv/lib/python3.10/site-packages/airflow/example_dags/example_branch_labels.py
[2025-11-01T12:53:59.667+0530] {processor.py:840} INFO - DAG(s) 'example_branch_labels' retrieved from /home/logi/txtai/venv/lib/python3.10/site-packages/airflow/example_dags/example_branch_labels.py
[2025-11-01T12:53:59.694+0530] {logging_mixin.py:188} INFO - [2025-11-01T12:53:59.693+0530] {dag.py:3089} INFO - Sync 1 DAGs
[2025-11-01T12:53:59.714+0530] {logging_mixin.py:188} INFO - [2025-11-01T12:53:59.714+0530] {dag.py:3947} INFO - Setting next_dagrun for example_branch_labels to 2025-10-31 00:00:00+00:00, run_after=2025-11-01 00:00:00+00:00
[2025-11-01T12:53:59.740+0530] {processor.py:183} INFO - Processing /home/logi/txtai/venv/lib/python3.10/site-packages/airflow/example_dags/example_branch_labels.py took 0.112 seconds
[2025-11-01T12:54:57.747+0530] {processor.py:161} INFO - Started process (PID=8228) to work on /home/logi/txtai/venv/lib/python3.10/site-packages/airflow/example_dags/example_branch_labels.py
[2025-11-01T12:54:57.759+0530] {processor.py:830} INFO - Processing file /home/logi/txtai/venv/lib/python3.10/site-packages/airflow/example_dags/example_branch_labels.py for tasks to queue
[2025-11-01T12:54:57.762+0530] {logging_mixin.py:188} INFO - [2025-11-01T12:54:57.761+0530] {dagbag.py:545} INFO - Filling up the DagBag from /home/logi/txtai/venv/lib/python3.10/site-packages/airflow/example_dags/example_branch_labels.py
[2025-11-01T12:54:57.774+0530] {processor.py:840} INFO - DAG(s) 'example_branch_labels' retrieved from /home/logi/txtai/venv/lib/python3.10/site-packages/airflow/example_dags/example_branch_labels.py
[2025-11-01T12:54:57.793+0530] {logging_mixin.py:188} INFO - [2025-11-01T12:54:57.792+0530] {dag.py:3089} INFO - Sync 1 DAGs
[2025-11-01T12:54:57.808+0530] {logging_mixin.py:188} INFO - [2025-11-01T12:54:57.808+0530] {dag.py:3947} INFO - Setting next_dagrun for example_branch_labels to 2025-10-31 00:00:00+00:00, run_after=2025-11-01 00:00:00+00:00
[2025-11-01T12:54:57.826+0530] {processor.py:183} INFO - Processing /home/logi/txtai/venv/lib/python3.10/site-packages/airflow/example_dags/example_branch_labels.py took 0.085 seconds
[2025-11-01T12:56:12.872+0530] {processor.py:161} INFO - Started process (PID=8448) to work on /home/logi/txtai/venv/lib/python3.10/site-packages/airflow/example_dags/example_branch_labels.py
[2025-11-01T12:56:12.885+0530] {processor.py:830} INFO - Processing file /home/logi/txtai/venv/lib/python3.10/site-packages/airflow/example_dags/example_branch_labels.py for tasks to queue
[2025-11-01T12:56:12.888+0530] {logging_mixin.py:188} INFO - [2025-11-01T12:56:12.887+0530] {dagbag.py:545} INFO - Filling up the DagBag from /home/logi/txtai/venv/lib/python3.10/site-packages/airflow/example_dags/example_branch_labels.py
[2025-11-01T12:56:12.902+0530] {processor.py:840} INFO - DAG(s) 'example_branch_labels' retrieved from /home/logi/txtai/venv/lib/python3.10/site-packages/airflow/example_dags/example_branch_labels.py
[2025-11-01T12:56:12.931+0530] {logging_mixin.py:188} INFO - [2025-11-01T12:56:12.930+0530] {dag.py:3089} INFO - Sync 1 DAGs
[2025-11-01T12:56:12.948+0530] {logging_mixin.py:188} INFO - [2025-11-01T12:56:12.948+0530] {dag.py:3947} INFO - Setting next_dagrun for example_branch_labels to 2025-10-31 00:00:00+00:00, run_after=2025-11-01 00:00:00+00:00
[2025-11-01T12:56:12.973+0530] {processor.py:183} INFO - Processing /home/logi/txtai/venv/lib/python3.10/site-packages/airflow/example_dags/example_branch_labels.py took 0.116 seconds
[2025-11-01T12:57:09.166+0530] {processor.py:161} INFO - Started process (PID=8584) to work on /home/logi/txtai/venv/lib/python3.10/site-packages/airflow/example_dags/example_branch_labels.py
[2025-11-01T12:57:09.168+0530] {processor.py:830} INFO - Processing file /home/logi/txtai/venv/lib/python3.10/site-packages/airflow/example_dags/example_branch_labels.py for tasks to queue
[2025-11-01T12:57:09.170+0530] {logging_mixin.py:188} INFO - [2025-11-01T12:57:09.169+0530] {dagbag.py:545} INFO - Filling up the DagBag from /home/logi/txtai/venv/lib/python3.10/site-packages/airflow/example_dags/example_branch_labels.py
[2025-11-01T12:57:09.178+0530] {processor.py:840} INFO - DAG(s) 'example_branch_labels' retrieved from /home/logi/txtai/venv/lib/python3.10/site-packages/airflow/example_dags/example_branch_labels.py
[2025-11-01T12:57:09.194+0530] {logging_mixin.py:188} INFO - [2025-11-01T12:57:09.193+0530] {dag.py:3089} INFO - Sync 1 DAGs
[2025-11-01T12:57:09.212+0530] {logging_mixin.py:188} INFO - [2025-11-01T12:57:09.212+0530] {dag.py:3947} INFO - Setting next_dagrun for example_branch_labels to 2025-10-31 00:00:00+00:00, run_after=2025-11-01 00:00:00+00:00
[2025-11-01T12:57:09.231+0530] {processor.py:183} INFO - Processing /home/logi/txtai/venv/lib/python3.10/site-packages/airflow/example_dags/example_branch_labels.py took 0.070 seconds
[2025-11-01T12:58:30.763+0530] {processor.py:161} INFO - Started process (PID=8817) to work on /home/logi/txtai/venv/lib/python3.10/site-packages/airflow/example_dags/example_branch_labels.py
[2025-11-01T12:58:30.776+0530] {processor.py:830} INFO - Processing file /home/logi/txtai/venv/lib/python3.10/site-packages/airflow/example_dags/example_branch_labels.py for tasks to queue
[2025-11-01T12:58:30.781+0530] {logging_mixin.py:188} INFO - [2025-11-01T12:58:30.780+0530] {dagbag.py:545} INFO - Filling up the DagBag from /home/logi/txtai/venv/lib/python3.10/site-packages/airflow/example_dags/example_branch_labels.py
[2025-11-01T12:58:30.796+0530] {processor.py:840} INFO - DAG(s) 'example_branch_labels' retrieved from /home/logi/txtai/venv/lib/python3.10/site-packages/airflow/example_dags/example_branch_labels.py
[2025-11-01T12:58:30.830+0530] {logging_mixin.py:188} INFO - [2025-11-01T12:58:30.829+0530] {dag.py:3089} INFO - Sync 1 DAGs
[2025-11-01T12:58:30.850+0530] {logging_mixin.py:188} INFO - [2025-11-01T12:58:30.850+0530] {dag.py:3947} INFO - Setting next_dagrun for example_branch_labels to 2025-10-31 00:00:00+00:00, run_after=2025-11-01 00:00:00+00:00
[2025-11-01T12:58:30.875+0530] {processor.py:183} INFO - Processing /home/logi/txtai/venv/lib/python3.10/site-packages/airflow/example_dags/example_branch_labels.py took 0.125 seconds
[2025-11-01T12:59:23.622+0530] {processor.py:161} INFO - Started process (PID=8923) to work on /home/logi/txtai/venv/lib/python3.10/site-packages/airflow/example_dags/example_branch_labels.py
[2025-11-01T12:59:23.635+0530] {processor.py:830} INFO - Processing file /home/logi/txtai/venv/lib/python3.10/site-packages/airflow/example_dags/example_branch_labels.py for tasks to queue
[2025-11-01T12:59:23.638+0530] {logging_mixin.py:188} INFO - [2025-11-01T12:59:23.637+0530] {dagbag.py:545} INFO - Filling up the DagBag from /home/logi/txtai/venv/lib/python3.10/site-packages/airflow/example_dags/example_branch_labels.py
[2025-11-01T12:59:23.651+0530] {processor.py:840} INFO - DAG(s) 'example_branch_labels' retrieved from /home/logi/txtai/venv/lib/python3.10/site-packages/airflow/example_dags/example_branch_labels.py
[2025-11-01T12:59:23.678+0530] {logging_mixin.py:188} INFO - [2025-11-01T12:59:23.677+0530] {dag.py:3089} INFO - Sync 1 DAGs
[2025-11-01T12:59:23.697+0530] {logging_mixin.py:188} INFO - [2025-11-01T12:59:23.697+0530] {dag.py:3947} INFO - Setting next_dagrun for example_branch_labels to 2025-10-31 00:00:00+00:00, run_after=2025-11-01 00:00:00+00:00
[2025-11-01T12:59:23.721+0530] {processor.py:183} INFO - Processing /home/logi/txtai/venv/lib/python3.10/site-packages/airflow/example_dags/example_branch_labels.py took 0.111 seconds
[2025-11-01T13:00:49.146+0530] {processor.py:161} INFO - Started process (PID=9174) to work on /home/logi/txtai/venv/lib/python3.10/site-packages/airflow/example_dags/example_branch_labels.py
[2025-11-01T13:00:49.159+0530] {processor.py:830} INFO - Processing file /home/logi/txtai/venv/lib/python3.10/site-packages/airflow/example_dags/example_branch_labels.py for tasks to queue
[2025-11-01T13:00:49.162+0530] {logging_mixin.py:188} INFO - [2025-11-01T13:00:49.162+0530] {dagbag.py:545} INFO - Filling up the DagBag from /home/logi/txtai/venv/lib/python3.10/site-packages/airflow/example_dags/example_branch_labels.py
[2025-11-01T13:00:49.173+0530] {processor.py:840} INFO - DAG(s) 'example_branch_labels' retrieved from /home/logi/txtai/venv/lib/python3.10/site-packages/airflow/example_dags/example_branch_labels.py
[2025-11-01T13:00:49.188+0530] {logging_mixin.py:188} INFO - [2025-11-01T13:00:49.188+0530] {dag.py:3089} INFO - Sync 1 DAGs
[2025-11-01T13:00:49.203+0530] {logging_mixin.py:188} INFO - [2025-11-01T13:00:49.202+0530] {dag.py:3947} INFO - Setting next_dagrun for example_branch_labels to 2025-10-31 00:00:00+00:00, run_after=2025-11-01 00:00:00+00:00
[2025-11-01T13:00:49.221+0530] {processor.py:183} INFO - Processing /home/logi/txtai/venv/lib/python3.10/site-packages/airflow/example_dags/example_branch_labels.py took 0.080 seconds
[2025-11-01T13:02:15.797+0530] {processor.py:161} INFO - Started process (PID=9514) to work on /home/logi/txtai/venv/lib/python3.10/site-packages/airflow/example_dags/example_branch_labels.py
[2025-11-01T13:02:15.810+0530] {processor.py:830} INFO - Processing file /home/logi/txtai/venv/lib/python3.10/site-packages/airflow/example_dags/example_branch_labels.py for tasks to queue
[2025-11-01T13:02:15.813+0530] {logging_mixin.py:188} INFO - [2025-11-01T13:02:15.813+0530] {dagbag.py:545} INFO - Filling up the DagBag from /home/logi/txtai/venv/lib/python3.10/site-packages/airflow/example_dags/example_branch_labels.py
[2025-11-01T13:02:15.822+0530] {processor.py:840} INFO - DAG(s) 'example_branch_labels' retrieved from /home/logi/txtai/venv/lib/python3.10/site-packages/airflow/example_dags/example_branch_labels.py
[2025-11-01T13:02:15.837+0530] {logging_mixin.py:188} INFO - [2025-11-01T13:02:15.836+0530] {dag.py:3089} INFO - Sync 1 DAGs
[2025-11-01T13:02:15.852+0530] {logging_mixin.py:188} INFO - [2025-11-01T13:02:15.852+0530] {dag.py:3947} INFO - Setting next_dagrun for example_branch_labels to 2025-10-31 00:00:00+00:00, run_after=2025-11-01 00:00:00+00:00
[2025-11-01T13:02:15.868+0530] {processor.py:183} INFO - Processing /home/logi/txtai/venv/lib/python3.10/site-packages/airflow/example_dags/example_branch_labels.py took 0.076 seconds
[2025-11-01T13:03:15.052+0530] {processor.py:161} INFO - Started process (PID=9692) to work on /home/logi/txtai/venv/lib/python3.10/site-packages/airflow/example_dags/example_branch_labels.py
[2025-11-01T13:03:15.064+0530] {processor.py:830} INFO - Processing file /home/logi/txtai/venv/lib/python3.10/site-packages/airflow/example_dags/example_branch_labels.py for tasks to queue
[2025-11-01T13:03:15.067+0530] {logging_mixin.py:188} INFO - [2025-11-01T13:03:15.066+0530] {dagbag.py:545} INFO - Filling up the DagBag from /home/logi/txtai/venv/lib/python3.10/site-packages/airflow/example_dags/example_branch_labels.py
[2025-11-01T13:03:15.074+0530] {processor.py:840} INFO - DAG(s) 'example_branch_labels' retrieved from /home/logi/txtai/venv/lib/python3.10/site-packages/airflow/example_dags/example_branch_labels.py
[2025-11-01T13:03:15.097+0530] {logging_mixin.py:188} INFO - [2025-11-01T13:03:15.096+0530] {dag.py:3089} INFO - Sync 1 DAGs
[2025-11-01T13:03:15.113+0530] {logging_mixin.py:188} INFO - [2025-11-01T13:03:15.113+0530] {dag.py:3947} INFO - Setting next_dagrun for example_branch_labels to 2025-10-31 00:00:00+00:00, run_after=2025-11-01 00:00:00+00:00
[2025-11-01T13:03:15.130+0530] {processor.py:183} INFO - Processing /home/logi/txtai/venv/lib/python3.10/site-packages/airflow/example_dags/example_branch_labels.py took 0.084 seconds
[2025-11-01T13:04:45.187+0530] {processor.py:161} INFO - Started process (PID=10073) to work on /home/logi/txtai/venv/lib/python3.10/site-packages/airflow/example_dags/example_branch_labels.py
[2025-11-01T13:04:45.199+0530] {processor.py:830} INFO - Processing file /home/logi/txtai/venv/lib/python3.10/site-packages/airflow/example_dags/example_branch_labels.py for tasks to queue
[2025-11-01T13:04:45.202+0530] {logging_mixin.py:188} INFO - [2025-11-01T13:04:45.201+0530] {dagbag.py:545} INFO - Filling up the DagBag from /home/logi/txtai/venv/lib/python3.10/site-packages/airflow/example_dags/example_branch_labels.py
[2025-11-01T13:04:45.215+0530] {processor.py:840} INFO - DAG(s) 'example_branch_labels' retrieved from /home/logi/txtai/venv/lib/python3.10/site-packages/airflow/example_dags/example_branch_labels.py
[2025-11-01T13:04:45.231+0530] {logging_mixin.py:188} INFO - [2025-11-01T13:04:45.231+0530] {dag.py:3089} INFO - Sync 1 DAGs
[2025-11-01T13:04:45.248+0530] {logging_mixin.py:188} INFO - [2025-11-01T13:04:45.248+0530] {dag.py:3947} INFO - Setting next_dagrun for example_branch_labels to 2025-10-31 00:00:00+00:00, run_after=2025-11-01 00:00:00+00:00
[2025-11-01T13:04:45.265+0530] {processor.py:183} INFO - Processing /home/logi/txtai/venv/lib/python3.10/site-packages/airflow/example_dags/example_branch_labels.py took 0.084 seconds
[2025-11-01T13:05:40.237+0530] {processor.py:161} INFO - Started process (PID=10197) to work on /home/logi/txtai/venv/lib/python3.10/site-packages/airflow/example_dags/example_branch_labels.py
[2025-11-01T13:05:40.250+0530] {processor.py:830} INFO - Processing file /home/logi/txtai/venv/lib/python3.10/site-packages/airflow/example_dags/example_branch_labels.py for tasks to queue
[2025-11-01T13:05:40.253+0530] {logging_mixin.py:188} INFO - [2025-11-01T13:05:40.253+0530] {dagbag.py:545} INFO - Filling up the DagBag from /home/logi/txtai/venv/lib/python3.10/site-packages/airflow/example_dags/example_branch_labels.py
[2025-11-01T13:05:40.263+0530] {processor.py:840} INFO - DAG(s) 'example_branch_labels' retrieved from /home/logi/txtai/venv/lib/python3.10/site-packages/airflow/example_dags/example_branch_labels.py
[2025-11-01T13:05:40.286+0530] {logging_mixin.py:188} INFO - [2025-11-01T13:05:40.286+0530] {dag.py:3089} INFO - Sync 1 DAGs
[2025-11-01T13:05:40.301+0530] {logging_mixin.py:188} INFO - [2025-11-01T13:05:40.301+0530] {dag.py:3947} INFO - Setting next_dagrun for example_branch_labels to 2025-10-31 00:00:00+00:00, run_after=2025-11-01 00:00:00+00:00
[2025-11-01T13:05:40.322+0530] {processor.py:183} INFO - Processing /home/logi/txtai/venv/lib/python3.10/site-packages/airflow/example_dags/example_branch_labels.py took 0.095 seconds
[2025-11-01T13:06:35.806+0530] {processor.py:161} INFO - Started process (PID=10444) to work on /home/logi/txtai/venv/lib/python3.10/site-packages/airflow/example_dags/example_branch_labels.py
[2025-11-01T13:06:35.820+0530] {processor.py:830} INFO - Processing file /home/logi/txtai/venv/lib/python3.10/site-packages/airflow/example_dags/example_branch_labels.py for tasks to queue
[2025-11-01T13:06:35.823+0530] {logging_mixin.py:188} INFO - [2025-11-01T13:06:35.823+0530] {dagbag.py:545} INFO - Filling up the DagBag from /home/logi/txtai/venv/lib/python3.10/site-packages/airflow/example_dags/example_branch_labels.py
[2025-11-01T13:06:35.836+0530] {processor.py:840} INFO - DAG(s) 'example_branch_labels' retrieved from /home/logi/txtai/venv/lib/python3.10/site-packages/airflow/example_dags/example_branch_labels.py
[2025-11-01T13:06:35.865+0530] {logging_mixin.py:188} INFO - [2025-11-01T13:06:35.865+0530] {dag.py:3089} INFO - Sync 1 DAGs
[2025-11-01T13:06:35.883+0530] {logging_mixin.py:188} INFO - [2025-11-01T13:06:35.883+0530] {dag.py:3947} INFO - Setting next_dagrun for example_branch_labels to 2025-10-31 00:00:00+00:00, run_after=2025-11-01 00:00:00+00:00
[2025-11-01T13:06:35.900+0530] {processor.py:183} INFO - Processing /home/logi/txtai/venv/lib/python3.10/site-packages/airflow/example_dags/example_branch_labels.py took 0.104 seconds
[2025-11-01T13:07:31.035+0530] {processor.py:161} INFO - Started process (PID=10564) to work on /home/logi/txtai/venv/lib/python3.10/site-packages/airflow/example_dags/example_branch_labels.py
[2025-11-01T13:07:31.048+0530] {processor.py:830} INFO - Processing file /home/logi/txtai/venv/lib/python3.10/site-packages/airflow/example_dags/example_branch_labels.py for tasks to queue
[2025-11-01T13:07:31.051+0530] {logging_mixin.py:188} INFO - [2025-11-01T13:07:31.051+0530] {dagbag.py:545} INFO - Filling up the DagBag from /home/logi/txtai/venv/lib/python3.10/site-packages/airflow/example_dags/example_branch_labels.py
[2025-11-01T13:07:31.064+0530] {processor.py:840} INFO - DAG(s) 'example_branch_labels' retrieved from /home/logi/txtai/venv/lib/python3.10/site-packages/airflow/example_dags/example_branch_labels.py
[2025-11-01T13:07:31.090+0530] {logging_mixin.py:188} INFO - [2025-11-01T13:07:31.090+0530] {dag.py:3089} INFO - Sync 1 DAGs
[2025-11-01T13:07:31.110+0530] {logging_mixin.py:188} INFO - [2025-11-01T13:07:31.110+0530] {dag.py:3947} INFO - Setting next_dagrun for example_branch_labels to 2025-10-31 00:00:00+00:00, run_after=2025-11-01 00:00:00+00:00
[2025-11-01T13:07:31.138+0530] {processor.py:183} INFO - Processing /home/logi/txtai/venv/lib/python3.10/site-packages/airflow/example_dags/example_branch_labels.py took 0.113 seconds
[2025-11-01T13:08:52.444+0530] {processor.py:161} INFO - Started process (PID=11067) to work on /home/logi/txtai/venv/lib/python3.10/site-packages/airflow/example_dags/example_branch_labels.py
[2025-11-01T13:08:52.457+0530] {processor.py:830} INFO - Processing file /home/logi/txtai/venv/lib/python3.10/site-packages/airflow/example_dags/example_branch_labels.py for tasks to queue
[2025-11-01T13:08:52.460+0530] {logging_mixin.py:188} INFO - [2025-11-01T13:08:52.459+0530] {dagbag.py:545} INFO - Filling up the DagBag from /home/logi/txtai/venv/lib/python3.10/site-packages/airflow/example_dags/example_branch_labels.py
[2025-11-01T13:08:52.473+0530] {processor.py:840} INFO - DAG(s) 'example_branch_labels' retrieved from /home/logi/txtai/venv/lib/python3.10/site-packages/airflow/example_dags/example_branch_labels.py
[2025-11-01T13:08:52.499+0530] {logging_mixin.py:188} INFO - [2025-11-01T13:08:52.498+0530] {dag.py:3089} INFO - Sync 1 DAGs
[2025-11-01T13:08:52.518+0530] {logging_mixin.py:188} INFO - [2025-11-01T13:08:52.517+0530] {dag.py:3947} INFO - Setting next_dagrun for example_branch_labels to 2025-10-31 00:00:00+00:00, run_after=2025-11-01 00:00:00+00:00
[2025-11-01T13:08:52.535+0530] {processor.py:183} INFO - Processing /home/logi/txtai/venv/lib/python3.10/site-packages/airflow/example_dags/example_branch_labels.py took 0.101 seconds
[2025-11-01T13:10:07.431+0530] {processor.py:161} INFO - Started process (PID=11285) to work on /home/logi/txtai/venv/lib/python3.10/site-packages/airflow/example_dags/example_branch_labels.py
[2025-11-01T13:10:07.432+0530] {processor.py:830} INFO - Processing file /home/logi/txtai/venv/lib/python3.10/site-packages/airflow/example_dags/example_branch_labels.py for tasks to queue
[2025-11-01T13:10:07.435+0530] {logging_mixin.py:188} INFO - [2025-11-01T13:10:07.434+0530] {dagbag.py:545} INFO - Filling up the DagBag from /home/logi/txtai/venv/lib/python3.10/site-packages/airflow/example_dags/example_branch_labels.py
[2025-11-01T13:10:07.444+0530] {processor.py:840} INFO - DAG(s) 'example_branch_labels' retrieved from /home/logi/txtai/venv/lib/python3.10/site-packages/airflow/example_dags/example_branch_labels.py
[2025-11-01T13:10:07.458+0530] {logging_mixin.py:188} INFO - [2025-11-01T13:10:07.458+0530] {dag.py:3089} INFO - Sync 1 DAGs
[2025-11-01T13:10:07.474+0530] {logging_mixin.py:188} INFO - [2025-11-01T13:10:07.473+0530] {dag.py:3947} INFO - Setting next_dagrun for example_branch_labels to 2025-10-31 00:00:00+00:00, run_after=2025-11-01 00:00:00+00:00
[2025-11-01T13:10:07.494+0530] {processor.py:183} INFO - Processing /home/logi/txtai/venv/lib/python3.10/site-packages/airflow/example_dags/example_branch_labels.py took 0.074 seconds
[2025-11-01T13:11:03.065+0530] {processor.py:161} INFO - Started process (PID=11450) to work on /home/logi/txtai/venv/lib/python3.10/site-packages/airflow/example_dags/example_branch_labels.py
[2025-11-01T13:11:03.077+0530] {processor.py:830} INFO - Processing file /home/logi/txtai/venv/lib/python3.10/site-packages/airflow/example_dags/example_branch_labels.py for tasks to queue
[2025-11-01T13:11:03.081+0530] {logging_mixin.py:188} INFO - [2025-11-01T13:11:03.080+0530] {dagbag.py:545} INFO - Filling up the DagBag from /home/logi/txtai/venv/lib/python3.10/site-packages/airflow/example_dags/example_branch_labels.py
[2025-11-01T13:11:03.091+0530] {processor.py:840} INFO - DAG(s) 'example_branch_labels' retrieved from /home/logi/txtai/venv/lib/python3.10/site-packages/airflow/example_dags/example_branch_labels.py
[2025-11-01T13:11:03.111+0530] {logging_mixin.py:188} INFO - [2025-11-01T13:11:03.111+0530] {dag.py:3089} INFO - Sync 1 DAGs
[2025-11-01T13:11:03.127+0530] {logging_mixin.py:188} INFO - [2025-11-01T13:11:03.127+0530] {dag.py:3947} INFO - Setting next_dagrun for example_branch_labels to 2025-10-31 00:00:00+00:00, run_after=2025-11-01 00:00:00+00:00
[2025-11-01T13:11:03.144+0530] {processor.py:183} INFO - Processing /home/logi/txtai/venv/lib/python3.10/site-packages/airflow/example_dags/example_branch_labels.py took 0.086 seconds
[2025-11-01T13:12:20.590+0530] {processor.py:161} INFO - Started process (PID=11781) to work on /home/logi/txtai/venv/lib/python3.10/site-packages/airflow/example_dags/example_branch_labels.py
[2025-11-01T13:12:20.603+0530] {processor.py:830} INFO - Processing file /home/logi/txtai/venv/lib/python3.10/site-packages/airflow/example_dags/example_branch_labels.py for tasks to queue
[2025-11-01T13:12:20.607+0530] {logging_mixin.py:188} INFO - [2025-11-01T13:12:20.606+0530] {dagbag.py:545} INFO - Filling up the DagBag from /home/logi/txtai/venv/lib/python3.10/site-packages/airflow/example_dags/example_branch_labels.py
[2025-11-01T13:12:20.619+0530] {processor.py:840} INFO - DAG(s) 'example_branch_labels' retrieved from /home/logi/txtai/venv/lib/python3.10/site-packages/airflow/example_dags/example_branch_labels.py
[2025-11-01T13:12:20.653+0530] {logging_mixin.py:188} INFO - [2025-11-01T13:12:20.653+0530] {dag.py:3089} INFO - Sync 1 DAGs
[2025-11-01T13:12:20.668+0530] {logging_mixin.py:188} INFO - [2025-11-01T13:12:20.668+0530] {dag.py:3947} INFO - Setting next_dagrun for example_branch_labels to 2025-10-31 00:00:00+00:00, run_after=2025-11-01 00:00:00+00:00
[2025-11-01T13:12:20.694+0530] {processor.py:183} INFO - Processing /home/logi/txtai/venv/lib/python3.10/site-packages/airflow/example_dags/example_branch_labels.py took 0.115 seconds
[2025-11-01T13:13:15.149+0530] {processor.py:161} INFO - Started process (PID=11899) to work on /home/logi/txtai/venv/lib/python3.10/site-packages/airflow/example_dags/example_branch_labels.py
[2025-11-01T13:13:15.162+0530] {processor.py:830} INFO - Processing file /home/logi/txtai/venv/lib/python3.10/site-packages/airflow/example_dags/example_branch_labels.py for tasks to queue
[2025-11-01T13:13:15.164+0530] {logging_mixin.py:188} INFO - [2025-11-01T13:13:15.164+0530] {dagbag.py:545} INFO - Filling up the DagBag from /home/logi/txtai/venv/lib/python3.10/site-packages/airflow/example_dags/example_branch_labels.py
[2025-11-01T13:13:15.175+0530] {processor.py:840} INFO - DAG(s) 'example_branch_labels' retrieved from /home/logi/txtai/venv/lib/python3.10/site-packages/airflow/example_dags/example_branch_labels.py
[2025-11-01T13:13:15.192+0530] {logging_mixin.py:188} INFO - [2025-11-01T13:13:15.191+0530] {dag.py:3089} INFO - Sync 1 DAGs
[2025-11-01T13:13:15.208+0530] {logging_mixin.py:188} INFO - [2025-11-01T13:13:15.207+0530] {dag.py:3947} INFO - Setting next_dagrun for example_branch_labels to 2025-10-31 00:00:00+00:00, run_after=2025-11-01 00:00:00+00:00
[2025-11-01T13:13:15.224+0530] {processor.py:183} INFO - Processing /home/logi/txtai/venv/lib/python3.10/site-packages/airflow/example_dags/example_branch_labels.py took 0.082 seconds
[2025-11-01T13:14:39.431+0530] {processor.py:161} INFO - Started process (PID=12226) to work on /home/logi/txtai/venv/lib/python3.10/site-packages/airflow/example_dags/example_branch_labels.py
[2025-11-01T13:14:39.443+0530] {processor.py:830} INFO - Processing file /home/logi/txtai/venv/lib/python3.10/site-packages/airflow/example_dags/example_branch_labels.py for tasks to queue
[2025-11-01T13:14:39.446+0530] {logging_mixin.py:188} INFO - [2025-11-01T13:14:39.445+0530] {dagbag.py:545} INFO - Filling up the DagBag from /home/logi/txtai/venv/lib/python3.10/site-packages/airflow/example_dags/example_branch_labels.py
[2025-11-01T13:14:39.462+0530] {processor.py:840} INFO - DAG(s) 'example_branch_labels' retrieved from /home/logi/txtai/venv/lib/python3.10/site-packages/airflow/example_dags/example_branch_labels.py
[2025-11-01T13:14:39.482+0530] {logging_mixin.py:188} INFO - [2025-11-01T13:14:39.482+0530] {dag.py:3089} INFO - Sync 1 DAGs
[2025-11-01T13:14:39.508+0530] {logging_mixin.py:188} INFO - [2025-11-01T13:14:39.507+0530] {dag.py:3947} INFO - Setting next_dagrun for example_branch_labels to 2025-10-31 00:00:00+00:00, run_after=2025-11-01 00:00:00+00:00
[2025-11-01T13:14:39.534+0530] {processor.py:183} INFO - Processing /home/logi/txtai/venv/lib/python3.10/site-packages/airflow/example_dags/example_branch_labels.py took 0.109 seconds
