[2025-11-01T12:49:05.965+0530] {processor.py:161} INFO - Started process (PID=6910) to work on /home/logi/txtai/venv/lib/python3.10/site-packages/airflow/example_dags/tutorial.py
[2025-11-01T12:49:05.970+0530] {processor.py:830} INFO - Processing file /home/logi/txtai/venv/lib/python3.10/site-packages/airflow/example_dags/tutorial.py for tasks to queue
[2025-11-01T12:49:05.979+0530] {logging_mixin.py:188} INFO - [2025-11-01T12:49:05.977+0530] {dagbag.py:545} INFO - Filling up the DagBag from /home/logi/txtai/venv/lib/python3.10/site-packages/airflow/example_dags/tutorial.py
[2025-11-01T12:49:06.002+0530] {processor.py:840} INFO - DAG(s) 'tutorial' retrieved from /home/logi/txtai/venv/lib/python3.10/site-packages/airflow/example_dags/tutorial.py
[2025-11-01T12:49:06.080+0530] {logging_mixin.py:188} INFO - [2025-11-01T12:49:06.079+0530] {dag.py:3089} INFO - Sync 1 DAGs
[2025-11-01T12:49:06.137+0530] {logging_mixin.py:188} INFO - [2025-11-01T12:49:06.136+0530] {dag.py:3947} INFO - Setting next_dagrun for tutorial to 2025-10-31 00:00:00+00:00, run_after=2025-11-01 00:00:00+00:00
[2025-11-01T12:49:06.155+0530] {processor.py:183} INFO - Processing /home/logi/txtai/venv/lib/python3.10/site-packages/airflow/example_dags/tutorial.py took 0.216 seconds
[2025-11-01T12:50:00.163+0530] {processor.py:161} INFO - Started process (PID=7030) to work on /home/logi/txtai/venv/lib/python3.10/site-packages/airflow/example_dags/tutorial.py
[2025-11-01T12:50:00.176+0530] {processor.py:830} INFO - Processing file /home/logi/txtai/venv/lib/python3.10/site-packages/airflow/example_dags/tutorial.py for tasks to queue
[2025-11-01T12:50:00.179+0530] {logging_mixin.py:188} INFO - [2025-11-01T12:50:00.179+0530] {dagbag.py:545} INFO - Filling up the DagBag from /home/logi/txtai/venv/lib/python3.10/site-packages/airflow/example_dags/tutorial.py
[2025-11-01T12:50:00.184+0530] {processor.py:840} INFO - DAG(s) 'tutorial' retrieved from /home/logi/txtai/venv/lib/python3.10/site-packages/airflow/example_dags/tutorial.py
[2025-11-01T12:50:00.198+0530] {logging_mixin.py:188} INFO - [2025-11-01T12:50:00.197+0530] {dag.py:3089} INFO - Sync 1 DAGs
[2025-11-01T12:50:00.214+0530] {logging_mixin.py:188} INFO - [2025-11-01T12:50:00.213+0530] {dag.py:3947} INFO - Setting next_dagrun for tutorial to 2025-10-31 00:00:00+00:00, run_after=2025-11-01 00:00:00+00:00
[2025-11-01T12:50:00.232+0530] {processor.py:183} INFO - Processing /home/logi/txtai/venv/lib/python3.10/site-packages/airflow/example_dags/tutorial.py took 0.074 seconds
[2025-11-01T12:51:18.455+0530] {processor.py:161} INFO - Started process (PID=7405) to work on /home/logi/txtai/venv/lib/python3.10/site-packages/airflow/example_dags/tutorial.py
[2025-11-01T12:51:18.458+0530] {processor.py:830} INFO - Processing file /home/logi/txtai/venv/lib/python3.10/site-packages/airflow/example_dags/tutorial.py for tasks to queue
[2025-11-01T12:51:18.464+0530] {logging_mixin.py:188} INFO - [2025-11-01T12:51:18.462+0530] {dagbag.py:545} INFO - Filling up the DagBag from /home/logi/txtai/venv/lib/python3.10/site-packages/airflow/example_dags/tutorial.py
[2025-11-01T12:51:18.487+0530] {processor.py:840} INFO - DAG(s) 'tutorial' retrieved from /home/logi/txtai/venv/lib/python3.10/site-packages/airflow/example_dags/tutorial.py
[2025-11-01T12:51:18.548+0530] {logging_mixin.py:188} INFO - [2025-11-01T12:51:18.547+0530] {dag.py:3089} INFO - Sync 1 DAGs
[2025-11-01T12:51:18.604+0530] {logging_mixin.py:188} INFO - [2025-11-01T12:51:18.603+0530] {dag.py:3947} INFO - Setting next_dagrun for tutorial to 2025-10-31 00:00:00+00:00, run_after=2025-11-01 00:00:00+00:00
[2025-11-01T12:51:18.685+0530] {processor.py:183} INFO - Processing /home/logi/txtai/venv/lib/python3.10/site-packages/airflow/example_dags/tutorial.py took 0.241 seconds
[2025-11-01T12:52:25.874+0530] {processor.py:161} INFO - Started process (PID=7856) to work on /home/logi/txtai/venv/lib/python3.10/site-packages/airflow/example_dags/tutorial.py
[2025-11-01T12:52:25.889+0530] {processor.py:830} INFO - Processing file /home/logi/txtai/venv/lib/python3.10/site-packages/airflow/example_dags/tutorial.py for tasks to queue
[2025-11-01T12:52:25.892+0530] {logging_mixin.py:188} INFO - [2025-11-01T12:52:25.892+0530] {dagbag.py:545} INFO - Filling up the DagBag from /home/logi/txtai/venv/lib/python3.10/site-packages/airflow/example_dags/tutorial.py
[2025-11-01T12:52:25.902+0530] {processor.py:840} INFO - DAG(s) 'tutorial' retrieved from /home/logi/txtai/venv/lib/python3.10/site-packages/airflow/example_dags/tutorial.py
[2025-11-01T12:52:25.934+0530] {logging_mixin.py:188} INFO - [2025-11-01T12:52:25.933+0530] {dag.py:3089} INFO - Sync 1 DAGs
[2025-11-01T12:52:25.968+0530] {logging_mixin.py:188} INFO - [2025-11-01T12:52:25.967+0530] {dag.py:3947} INFO - Setting next_dagrun for tutorial to 2025-10-31 00:00:00+00:00, run_after=2025-11-01 00:00:00+00:00
[2025-11-01T12:52:26.002+0530] {processor.py:183} INFO - Processing /home/logi/txtai/venv/lib/python3.10/site-packages/airflow/example_dags/tutorial.py took 0.151 seconds
[2025-11-01T12:53:19.105+0530] {processor.py:161} INFO - Started process (PID=7938) to work on /home/logi/txtai/venv/lib/python3.10/site-packages/airflow/example_dags/tutorial.py
[2025-11-01T12:53:19.118+0530] {processor.py:830} INFO - Processing file /home/logi/txtai/venv/lib/python3.10/site-packages/airflow/example_dags/tutorial.py for tasks to queue
[2025-11-01T12:53:19.121+0530] {logging_mixin.py:188} INFO - [2025-11-01T12:53:19.120+0530] {dagbag.py:545} INFO - Filling up the DagBag from /home/logi/txtai/venv/lib/python3.10/site-packages/airflow/example_dags/tutorial.py
[2025-11-01T12:53:19.130+0530] {processor.py:840} INFO - DAG(s) 'tutorial' retrieved from /home/logi/txtai/venv/lib/python3.10/site-packages/airflow/example_dags/tutorial.py
[2025-11-01T12:53:19.156+0530] {logging_mixin.py:188} INFO - [2025-11-01T12:53:19.155+0530] {dag.py:3089} INFO - Sync 1 DAGs
[2025-11-01T12:53:19.176+0530] {logging_mixin.py:188} INFO - [2025-11-01T12:53:19.175+0530] {dag.py:3947} INFO - Setting next_dagrun for tutorial to 2025-10-31 00:00:00+00:00, run_after=2025-11-01 00:00:00+00:00
[2025-11-01T12:53:19.199+0530] {processor.py:183} INFO - Processing /home/logi/txtai/venv/lib/python3.10/site-packages/airflow/example_dags/tutorial.py took 0.104 seconds
[2025-11-01T12:54:15.167+0530] {processor.py:161} INFO - Started process (PID=8172) to work on /home/logi/txtai/venv/lib/python3.10/site-packages/airflow/example_dags/tutorial.py
[2025-11-01T12:54:15.179+0530] {processor.py:830} INFO - Processing file /home/logi/txtai/venv/lib/python3.10/site-packages/airflow/example_dags/tutorial.py for tasks to queue
[2025-11-01T12:54:15.182+0530] {logging_mixin.py:188} INFO - [2025-11-01T12:54:15.182+0530] {dagbag.py:545} INFO - Filling up the DagBag from /home/logi/txtai/venv/lib/python3.10/site-packages/airflow/example_dags/tutorial.py
[2025-11-01T12:54:15.187+0530] {processor.py:840} INFO - DAG(s) 'tutorial' retrieved from /home/logi/txtai/venv/lib/python3.10/site-packages/airflow/example_dags/tutorial.py
[2025-11-01T12:54:15.200+0530] {logging_mixin.py:188} INFO - [2025-11-01T12:54:15.200+0530] {dag.py:3089} INFO - Sync 1 DAGs
[2025-11-01T12:54:15.216+0530] {logging_mixin.py:188} INFO - [2025-11-01T12:54:15.216+0530] {dag.py:3947} INFO - Setting next_dagrun for tutorial to 2025-10-31 00:00:00+00:00, run_after=2025-11-01 00:00:00+00:00
[2025-11-01T12:54:15.232+0530] {processor.py:183} INFO - Processing /home/logi/txtai/venv/lib/python3.10/site-packages/airflow/example_dags/tutorial.py took 0.071 seconds
[2025-11-01T12:55:06.931+0530] {processor.py:161} INFO - Started process (PID=8252) to work on /home/logi/txtai/venv/lib/python3.10/site-packages/airflow/example_dags/tutorial.py
[2025-11-01T12:55:06.944+0530] {processor.py:830} INFO - Processing file /home/logi/txtai/venv/lib/python3.10/site-packages/airflow/example_dags/tutorial.py for tasks to queue
[2025-11-01T12:55:06.947+0530] {logging_mixin.py:188} INFO - [2025-11-01T12:55:06.946+0530] {dagbag.py:545} INFO - Filling up the DagBag from /home/logi/txtai/venv/lib/python3.10/site-packages/airflow/example_dags/tutorial.py
[2025-11-01T12:55:06.957+0530] {processor.py:840} INFO - DAG(s) 'tutorial' retrieved from /home/logi/txtai/venv/lib/python3.10/site-packages/airflow/example_dags/tutorial.py
[2025-11-01T12:55:06.983+0530] {logging_mixin.py:188} INFO - [2025-11-01T12:55:06.982+0530] {dag.py:3089} INFO - Sync 1 DAGs
[2025-11-01T12:55:06.998+0530] {logging_mixin.py:188} INFO - [2025-11-01T12:55:06.998+0530] {dag.py:3947} INFO - Setting next_dagrun for tutorial to 2025-10-31 00:00:00+00:00, run_after=2025-11-01 00:00:00+00:00
[2025-11-01T12:55:07.017+0530] {processor.py:183} INFO - Processing /home/logi/txtai/venv/lib/python3.10/site-packages/airflow/example_dags/tutorial.py took 0.097 seconds
[2025-11-01T12:55:52.327+0530] {processor.py:161} INFO - Started process (PID=8321) to work on /home/logi/txtai/venv/lib/python3.10/site-packages/airflow/example_dags/tutorial.py
[2025-11-01T12:55:52.340+0530] {processor.py:830} INFO - Processing file /home/logi/txtai/venv/lib/python3.10/site-packages/airflow/example_dags/tutorial.py for tasks to queue
[2025-11-01T12:55:52.341+0530] {logging_mixin.py:188} INFO - [2025-11-01T12:55:52.341+0530] {dagbag.py:545} INFO - Filling up the DagBag from /home/logi/txtai/venv/lib/python3.10/site-packages/airflow/example_dags/tutorial.py
[2025-11-01T12:55:52.347+0530] {processor.py:840} INFO - DAG(s) 'tutorial' retrieved from /home/logi/txtai/venv/lib/python3.10/site-packages/airflow/example_dags/tutorial.py
[2025-11-01T12:55:52.365+0530] {logging_mixin.py:188} INFO - [2025-11-01T12:55:52.364+0530] {dag.py:3089} INFO - Sync 1 DAGs
[2025-11-01T12:55:52.381+0530] {logging_mixin.py:188} INFO - [2025-11-01T12:55:52.381+0530] {dag.py:3947} INFO - Setting next_dagrun for tutorial to 2025-10-31 00:00:00+00:00, run_after=2025-11-01 00:00:00+00:00
[2025-11-01T12:55:52.398+0530] {processor.py:183} INFO - Processing /home/logi/txtai/venv/lib/python3.10/site-packages/airflow/example_dags/tutorial.py took 0.077 seconds
[2025-11-01T12:56:55.050+0530] {processor.py:161} INFO - Started process (PID=8570) to work on /home/logi/txtai/venv/lib/python3.10/site-packages/airflow/example_dags/tutorial.py
[2025-11-01T12:56:55.062+0530] {processor.py:830} INFO - Processing file /home/logi/txtai/venv/lib/python3.10/site-packages/airflow/example_dags/tutorial.py for tasks to queue
[2025-11-01T12:56:55.065+0530] {logging_mixin.py:188} INFO - [2025-11-01T12:56:55.065+0530] {dagbag.py:545} INFO - Filling up the DagBag from /home/logi/txtai/venv/lib/python3.10/site-packages/airflow/example_dags/tutorial.py
[2025-11-01T12:56:55.073+0530] {processor.py:840} INFO - DAG(s) 'tutorial' retrieved from /home/logi/txtai/venv/lib/python3.10/site-packages/airflow/example_dags/tutorial.py
[2025-11-01T12:56:55.091+0530] {logging_mixin.py:188} INFO - [2025-11-01T12:56:55.091+0530] {dag.py:3089} INFO - Sync 1 DAGs
[2025-11-01T12:56:55.106+0530] {logging_mixin.py:188} INFO - [2025-11-01T12:56:55.106+0530] {dag.py:3947} INFO - Setting next_dagrun for tutorial to 2025-10-31 00:00:00+00:00, run_after=2025-11-01 00:00:00+00:00
[2025-11-01T12:56:55.124+0530] {processor.py:183} INFO - Processing /home/logi/txtai/venv/lib/python3.10/site-packages/airflow/example_dags/tutorial.py took 0.079 seconds
[2025-11-01T12:57:42.467+0530] {processor.py:161} INFO - Started process (PID=8640) to work on /home/logi/txtai/venv/lib/python3.10/site-packages/airflow/example_dags/tutorial.py
[2025-11-01T12:57:42.468+0530] {processor.py:830} INFO - Processing file /home/logi/txtai/venv/lib/python3.10/site-packages/airflow/example_dags/tutorial.py for tasks to queue
[2025-11-01T12:57:42.469+0530] {logging_mixin.py:188} INFO - [2025-11-01T12:57:42.469+0530] {dagbag.py:545} INFO - Filling up the DagBag from /home/logi/txtai/venv/lib/python3.10/site-packages/airflow/example_dags/tutorial.py
[2025-11-01T12:57:42.476+0530] {processor.py:840} INFO - DAG(s) 'tutorial' retrieved from /home/logi/txtai/venv/lib/python3.10/site-packages/airflow/example_dags/tutorial.py
[2025-11-01T12:57:42.490+0530] {logging_mixin.py:188} INFO - [2025-11-01T12:57:42.490+0530] {dag.py:3089} INFO - Sync 1 DAGs
[2025-11-01T12:57:42.505+0530] {logging_mixin.py:188} INFO - [2025-11-01T12:57:42.505+0530] {dag.py:3947} INFO - Setting next_dagrun for tutorial to 2025-10-31 00:00:00+00:00, run_after=2025-11-01 00:00:00+00:00
[2025-11-01T12:57:42.523+0530] {processor.py:183} INFO - Processing /home/logi/txtai/venv/lib/python3.10/site-packages/airflow/example_dags/tutorial.py took 0.062 seconds
[2025-11-01T12:58:41.884+0530] {processor.py:161} INFO - Started process (PID=8878) to work on /home/logi/txtai/venv/lib/python3.10/site-packages/airflow/example_dags/tutorial.py
[2025-11-01T12:58:41.898+0530] {processor.py:830} INFO - Processing file /home/logi/txtai/venv/lib/python3.10/site-packages/airflow/example_dags/tutorial.py for tasks to queue
[2025-11-01T12:58:41.903+0530] {logging_mixin.py:188} INFO - [2025-11-01T12:58:41.902+0530] {dagbag.py:545} INFO - Filling up the DagBag from /home/logi/txtai/venv/lib/python3.10/site-packages/airflow/example_dags/tutorial.py
[2025-11-01T12:58:41.910+0530] {processor.py:840} INFO - DAG(s) 'tutorial' retrieved from /home/logi/txtai/venv/lib/python3.10/site-packages/airflow/example_dags/tutorial.py
[2025-11-01T12:58:41.926+0530] {logging_mixin.py:188} INFO - [2025-11-01T12:58:41.926+0530] {dag.py:3089} INFO - Sync 1 DAGs
[2025-11-01T12:58:41.944+0530] {logging_mixin.py:188} INFO - [2025-11-01T12:58:41.944+0530] {dag.py:3947} INFO - Setting next_dagrun for tutorial to 2025-10-31 00:00:00+00:00, run_after=2025-11-01 00:00:00+00:00
[2025-11-01T12:58:41.960+0530] {processor.py:183} INFO - Processing /home/logi/txtai/venv/lib/python3.10/site-packages/airflow/example_dags/tutorial.py took 0.085 seconds
[2025-11-01T12:59:35.950+0530] {processor.py:161} INFO - Started process (PID=8957) to work on /home/logi/txtai/venv/lib/python3.10/site-packages/airflow/example_dags/tutorial.py
[2025-11-01T12:59:35.963+0530] {processor.py:830} INFO - Processing file /home/logi/txtai/venv/lib/python3.10/site-packages/airflow/example_dags/tutorial.py for tasks to queue
[2025-11-01T12:59:35.968+0530] {logging_mixin.py:188} INFO - [2025-11-01T12:59:35.967+0530] {dagbag.py:545} INFO - Filling up the DagBag from /home/logi/txtai/venv/lib/python3.10/site-packages/airflow/example_dags/tutorial.py
[2025-11-01T12:59:35.976+0530] {processor.py:840} INFO - DAG(s) 'tutorial' retrieved from /home/logi/txtai/venv/lib/python3.10/site-packages/airflow/example_dags/tutorial.py
[2025-11-01T12:59:36.000+0530] {logging_mixin.py:188} INFO - [2025-11-01T12:59:36.000+0530] {dag.py:3089} INFO - Sync 1 DAGs
[2025-11-01T12:59:36.015+0530] {logging_mixin.py:188} INFO - [2025-11-01T12:59:36.015+0530] {dag.py:3947} INFO - Setting next_dagrun for tutorial to 2025-10-31 00:00:00+00:00, run_after=2025-11-01 00:00:00+00:00
[2025-11-01T12:59:36.035+0530] {processor.py:183} INFO - Processing /home/logi/txtai/venv/lib/python3.10/site-packages/airflow/example_dags/tutorial.py took 0.096 seconds
[2025-11-01T13:00:31.395+0530] {processor.py:161} INFO - Started process (PID=9155) to work on /home/logi/txtai/venv/lib/python3.10/site-packages/airflow/example_dags/tutorial.py
[2025-11-01T13:00:31.396+0530] {processor.py:830} INFO - Processing file /home/logi/txtai/venv/lib/python3.10/site-packages/airflow/example_dags/tutorial.py for tasks to queue
[2025-11-01T13:00:31.399+0530] {logging_mixin.py:188} INFO - [2025-11-01T13:00:31.398+0530] {dagbag.py:545} INFO - Filling up the DagBag from /home/logi/txtai/venv/lib/python3.10/site-packages/airflow/example_dags/tutorial.py
[2025-11-01T13:00:31.411+0530] {processor.py:840} INFO - DAG(s) 'tutorial' retrieved from /home/logi/txtai/venv/lib/python3.10/site-packages/airflow/example_dags/tutorial.py
[2025-11-01T13:00:31.435+0530] {logging_mixin.py:188} INFO - [2025-11-01T13:00:31.435+0530] {dag.py:3089} INFO - Sync 1 DAGs
[2025-11-01T13:00:31.450+0530] {logging_mixin.py:188} INFO - [2025-11-01T13:00:31.449+0530] {dag.py:3947} INFO - Setting next_dagrun for tutorial to 2025-10-31 00:00:00+00:00, run_after=2025-11-01 00:00:00+00:00
[2025-11-01T13:00:31.468+0530] {processor.py:183} INFO - Processing /home/logi/txtai/venv/lib/python3.10/site-packages/airflow/example_dags/tutorial.py took 0.086 seconds
[2025-11-01T13:01:26.231+0530] {processor.py:161} INFO - Started process (PID=9234) to work on /home/logi/txtai/venv/lib/python3.10/site-packages/airflow/example_dags/tutorial.py
[2025-11-01T13:01:26.233+0530] {processor.py:830} INFO - Processing file /home/logi/txtai/venv/lib/python3.10/site-packages/airflow/example_dags/tutorial.py for tasks to queue
[2025-11-01T13:01:26.236+0530] {logging_mixin.py:188} INFO - [2025-11-01T13:01:26.235+0530] {dagbag.py:545} INFO - Filling up the DagBag from /home/logi/txtai/venv/lib/python3.10/site-packages/airflow/example_dags/tutorial.py
[2025-11-01T13:01:26.246+0530] {processor.py:840} INFO - DAG(s) 'tutorial' retrieved from /home/logi/txtai/venv/lib/python3.10/site-packages/airflow/example_dags/tutorial.py
[2025-11-01T13:01:26.272+0530] {logging_mixin.py:188} INFO - [2025-11-01T13:01:26.272+0530] {dag.py:3089} INFO - Sync 1 DAGs
[2025-11-01T13:01:26.289+0530] {logging_mixin.py:188} INFO - [2025-11-01T13:01:26.289+0530] {dag.py:3947} INFO - Setting next_dagrun for tutorial to 2025-10-31 00:00:00+00:00, run_after=2025-11-01 00:00:00+00:00
[2025-11-01T13:01:26.314+0530] {processor.py:183} INFO - Processing /home/logi/txtai/venv/lib/python3.10/site-packages/airflow/example_dags/tutorial.py took 0.093 seconds
[2025-11-01T13:02:29.858+0530] {processor.py:161} INFO - Started process (PID=9589) to work on /home/logi/txtai/venv/lib/python3.10/site-packages/airflow/example_dags/tutorial.py
[2025-11-01T13:02:29.872+0530] {processor.py:830} INFO - Processing file /home/logi/txtai/venv/lib/python3.10/site-packages/airflow/example_dags/tutorial.py for tasks to queue
[2025-11-01T13:02:29.874+0530] {logging_mixin.py:188} INFO - [2025-11-01T13:02:29.874+0530] {dagbag.py:545} INFO - Filling up the DagBag from /home/logi/txtai/venv/lib/python3.10/site-packages/airflow/example_dags/tutorial.py
[2025-11-01T13:02:29.880+0530] {processor.py:840} INFO - DAG(s) 'tutorial' retrieved from /home/logi/txtai/venv/lib/python3.10/site-packages/airflow/example_dags/tutorial.py
[2025-11-01T13:02:29.895+0530] {logging_mixin.py:188} INFO - [2025-11-01T13:02:29.895+0530] {dag.py:3089} INFO - Sync 1 DAGs
[2025-11-01T13:02:29.909+0530] {logging_mixin.py:188} INFO - [2025-11-01T13:02:29.909+0530] {dag.py:3947} INFO - Setting next_dagrun for tutorial to 2025-10-31 00:00:00+00:00, run_after=2025-11-01 00:00:00+00:00
[2025-11-01T13:02:29.943+0530] {processor.py:183} INFO - Processing /home/logi/txtai/venv/lib/python3.10/site-packages/airflow/example_dags/tutorial.py took 0.098 seconds
[2025-11-01T13:03:21.604+0530] {processor.py:161} INFO - Started process (PID=9709) to work on /home/logi/txtai/venv/lib/python3.10/site-packages/airflow/example_dags/tutorial.py
[2025-11-01T13:03:21.605+0530] {processor.py:830} INFO - Processing file /home/logi/txtai/venv/lib/python3.10/site-packages/airflow/example_dags/tutorial.py for tasks to queue
[2025-11-01T13:03:21.606+0530] {logging_mixin.py:188} INFO - [2025-11-01T13:03:21.606+0530] {dagbag.py:545} INFO - Filling up the DagBag from /home/logi/txtai/venv/lib/python3.10/site-packages/airflow/example_dags/tutorial.py
[2025-11-01T13:03:21.612+0530] {processor.py:840} INFO - DAG(s) 'tutorial' retrieved from /home/logi/txtai/venv/lib/python3.10/site-packages/airflow/example_dags/tutorial.py
[2025-11-01T13:03:21.626+0530] {logging_mixin.py:188} INFO - [2025-11-01T13:03:21.626+0530] {dag.py:3089} INFO - Sync 1 DAGs
[2025-11-01T13:03:21.640+0530] {logging_mixin.py:188} INFO - [2025-11-01T13:03:21.640+0530] {dag.py:3947} INFO - Setting next_dagrun for tutorial to 2025-10-31 00:00:00+00:00, run_after=2025-11-01 00:00:00+00:00
[2025-11-01T13:03:21.661+0530] {processor.py:183} INFO - Processing /home/logi/txtai/venv/lib/python3.10/site-packages/airflow/example_dags/tutorial.py took 0.063 seconds
[2025-11-01T13:04:22.637+0530] {processor.py:161} INFO - Started process (PID=10030) to work on /home/logi/txtai/venv/lib/python3.10/site-packages/airflow/example_dags/tutorial.py
[2025-11-01T13:04:22.650+0530] {processor.py:830} INFO - Processing file /home/logi/txtai/venv/lib/python3.10/site-packages/airflow/example_dags/tutorial.py for tasks to queue
[2025-11-01T13:04:22.652+0530] {logging_mixin.py:188} INFO - [2025-11-01T13:04:22.651+0530] {dagbag.py:545} INFO - Filling up the DagBag from /home/logi/txtai/venv/lib/python3.10/site-packages/airflow/example_dags/tutorial.py
[2025-11-01T13:04:22.659+0530] {processor.py:840} INFO - DAG(s) 'tutorial' retrieved from /home/logi/txtai/venv/lib/python3.10/site-packages/airflow/example_dags/tutorial.py
[2025-11-01T13:04:22.673+0530] {logging_mixin.py:188} INFO - [2025-11-01T13:04:22.673+0530] {dag.py:3089} INFO - Sync 1 DAGs
[2025-11-01T13:04:22.688+0530] {logging_mixin.py:188} INFO - [2025-11-01T13:04:22.688+0530] {dag.py:3947} INFO - Setting next_dagrun for tutorial to 2025-10-31 00:00:00+00:00, run_after=2025-11-01 00:00:00+00:00
[2025-11-01T13:04:22.711+0530] {processor.py:183} INFO - Processing /home/logi/txtai/venv/lib/python3.10/site-packages/airflow/example_dags/tutorial.py took 0.082 seconds
[2025-11-01T13:05:17.970+0530] {processor.py:161} INFO - Started process (PID=10154) to work on /home/logi/txtai/venv/lib/python3.10/site-packages/airflow/example_dags/tutorial.py
[2025-11-01T13:05:17.975+0530] {processor.py:830} INFO - Processing file /home/logi/txtai/venv/lib/python3.10/site-packages/airflow/example_dags/tutorial.py for tasks to queue
[2025-11-01T13:05:17.978+0530] {logging_mixin.py:188} INFO - [2025-11-01T13:05:17.978+0530] {dagbag.py:545} INFO - Filling up the DagBag from /home/logi/txtai/venv/lib/python3.10/site-packages/airflow/example_dags/tutorial.py
[2025-11-01T13:05:17.987+0530] {processor.py:840} INFO - DAG(s) 'tutorial' retrieved from /home/logi/txtai/venv/lib/python3.10/site-packages/airflow/example_dags/tutorial.py
[2025-11-01T13:05:18.015+0530] {logging_mixin.py:188} INFO - [2025-11-01T13:05:18.015+0530] {dag.py:3089} INFO - Sync 1 DAGs
[2025-11-01T13:05:18.029+0530] {logging_mixin.py:188} INFO - [2025-11-01T13:05:18.029+0530] {dag.py:3947} INFO - Setting next_dagrun for tutorial to 2025-10-31 00:00:00+00:00, run_after=2025-11-01 00:00:00+00:00
[2025-11-01T13:05:18.048+0530] {processor.py:183} INFO - Processing /home/logi/txtai/venv/lib/python3.10/site-packages/airflow/example_dags/tutorial.py took 0.088 seconds
[2025-11-01T13:06:14.472+0530] {processor.py:161} INFO - Started process (PID=10400) to work on /home/logi/txtai/venv/lib/python3.10/site-packages/airflow/example_dags/tutorial.py
[2025-11-01T13:06:14.476+0530] {processor.py:830} INFO - Processing file /home/logi/txtai/venv/lib/python3.10/site-packages/airflow/example_dags/tutorial.py for tasks to queue
[2025-11-01T13:06:14.480+0530] {logging_mixin.py:188} INFO - [2025-11-01T13:06:14.479+0530] {dagbag.py:545} INFO - Filling up the DagBag from /home/logi/txtai/venv/lib/python3.10/site-packages/airflow/example_dags/tutorial.py
[2025-11-01T13:06:14.493+0530] {processor.py:840} INFO - DAG(s) 'tutorial' retrieved from /home/logi/txtai/venv/lib/python3.10/site-packages/airflow/example_dags/tutorial.py
[2025-11-01T13:06:14.515+0530] {logging_mixin.py:188} INFO - [2025-11-01T13:06:14.515+0530] {dag.py:3089} INFO - Sync 1 DAGs
[2025-11-01T13:06:14.534+0530] {logging_mixin.py:188} INFO - [2025-11-01T13:06:14.534+0530] {dag.py:3947} INFO - Setting next_dagrun for tutorial to 2025-10-31 00:00:00+00:00, run_after=2025-11-01 00:00:00+00:00
[2025-11-01T13:06:14.552+0530] {processor.py:183} INFO - Processing /home/logi/txtai/venv/lib/python3.10/site-packages/airflow/example_dags/tutorial.py took 0.092 seconds
[2025-11-01T13:07:09.024+0530] {processor.py:161} INFO - Started process (PID=10524) to work on /home/logi/txtai/venv/lib/python3.10/site-packages/airflow/example_dags/tutorial.py
[2025-11-01T13:07:09.037+0530] {processor.py:830} INFO - Processing file /home/logi/txtai/venv/lib/python3.10/site-packages/airflow/example_dags/tutorial.py for tasks to queue
[2025-11-01T13:07:09.040+0530] {logging_mixin.py:188} INFO - [2025-11-01T13:07:09.040+0530] {dagbag.py:545} INFO - Filling up the DagBag from /home/logi/txtai/venv/lib/python3.10/site-packages/airflow/example_dags/tutorial.py
[2025-11-01T13:07:09.047+0530] {processor.py:840} INFO - DAG(s) 'tutorial' retrieved from /home/logi/txtai/venv/lib/python3.10/site-packages/airflow/example_dags/tutorial.py
[2025-11-01T13:07:09.063+0530] {logging_mixin.py:188} INFO - [2025-11-01T13:07:09.062+0530] {dag.py:3089} INFO - Sync 1 DAGs
[2025-11-01T13:07:09.080+0530] {logging_mixin.py:188} INFO - [2025-11-01T13:07:09.080+0530] {dag.py:3947} INFO - Setting next_dagrun for tutorial to 2025-10-31 00:00:00+00:00, run_after=2025-11-01 00:00:00+00:00
[2025-11-01T13:07:09.097+0530] {processor.py:183} INFO - Processing /home/logi/txtai/venv/lib/python3.10/site-packages/airflow/example_dags/tutorial.py took 0.081 seconds
[2025-11-01T13:07:58.931+0530] {processor.py:161} INFO - Started process (PID=10662) to work on /home/logi/txtai/venv/lib/python3.10/site-packages/airflow/example_dags/tutorial.py
[2025-11-01T13:07:58.946+0530] {processor.py:830} INFO - Processing file /home/logi/txtai/venv/lib/python3.10/site-packages/airflow/example_dags/tutorial.py for tasks to queue
[2025-11-01T13:07:58.947+0530] {logging_mixin.py:188} INFO - [2025-11-01T13:07:58.947+0530] {dagbag.py:545} INFO - Filling up the DagBag from /home/logi/txtai/venv/lib/python3.10/site-packages/airflow/example_dags/tutorial.py
[2025-11-01T13:07:58.952+0530] {processor.py:840} INFO - DAG(s) 'tutorial' retrieved from /home/logi/txtai/venv/lib/python3.10/site-packages/airflow/example_dags/tutorial.py
[2025-11-01T13:07:58.965+0530] {logging_mixin.py:188} INFO - [2025-11-01T13:07:58.965+0530] {dag.py:3089} INFO - Sync 1 DAGs
[2025-11-01T13:07:58.980+0530] {logging_mixin.py:188} INFO - [2025-11-01T13:07:58.980+0530] {dag.py:3947} INFO - Setting next_dagrun for tutorial to 2025-10-31 00:00:00+00:00, run_after=2025-11-01 00:00:00+00:00
[2025-11-01T13:07:58.998+0530] {processor.py:183} INFO - Processing /home/logi/txtai/venv/lib/python3.10/site-packages/airflow/example_dags/tutorial.py took 0.078 seconds
[2025-11-01T13:08:58.630+0530] {processor.py:161} INFO - Started process (PID=11074) to work on /home/logi/txtai/venv/lib/python3.10/site-packages/airflow/example_dags/tutorial.py
[2025-11-01T13:08:58.643+0530] {processor.py:830} INFO - Processing file /home/logi/txtai/venv/lib/python3.10/site-packages/airflow/example_dags/tutorial.py for tasks to queue
[2025-11-01T13:08:58.647+0530] {logging_mixin.py:188} INFO - [2025-11-01T13:08:58.646+0530] {dagbag.py:545} INFO - Filling up the DagBag from /home/logi/txtai/venv/lib/python3.10/site-packages/airflow/example_dags/tutorial.py
[2025-11-01T13:08:58.660+0530] {processor.py:840} INFO - DAG(s) 'tutorial' retrieved from /home/logi/txtai/venv/lib/python3.10/site-packages/airflow/example_dags/tutorial.py
[2025-11-01T13:08:58.687+0530] {logging_mixin.py:188} INFO - [2025-11-01T13:08:58.686+0530] {dag.py:3089} INFO - Sync 1 DAGs
[2025-11-01T13:08:58.705+0530] {logging_mixin.py:188} INFO - [2025-11-01T13:08:58.705+0530] {dag.py:3947} INFO - Setting next_dagrun for tutorial to 2025-10-31 00:00:00+00:00, run_after=2025-11-01 00:00:00+00:00
[2025-11-01T13:08:58.724+0530] {processor.py:183} INFO - Processing /home/logi/txtai/venv/lib/python3.10/site-packages/airflow/example_dags/tutorial.py took 0.105 seconds
[2025-11-01T13:09:45.743+0530] {processor.py:161} INFO - Started process (PID=11207) to work on /home/logi/txtai/venv/lib/python3.10/site-packages/airflow/example_dags/tutorial.py
[2025-11-01T13:09:45.757+0530] {processor.py:830} INFO - Processing file /home/logi/txtai/venv/lib/python3.10/site-packages/airflow/example_dags/tutorial.py for tasks to queue
[2025-11-01T13:09:45.759+0530] {logging_mixin.py:188} INFO - [2025-11-01T13:09:45.759+0530] {dagbag.py:545} INFO - Filling up the DagBag from /home/logi/txtai/venv/lib/python3.10/site-packages/airflow/example_dags/tutorial.py
[2025-11-01T13:09:45.769+0530] {processor.py:840} INFO - DAG(s) 'tutorial' retrieved from /home/logi/txtai/venv/lib/python3.10/site-packages/airflow/example_dags/tutorial.py
[2025-11-01T13:09:45.794+0530] {logging_mixin.py:188} INFO - [2025-11-01T13:09:45.793+0530] {dag.py:3089} INFO - Sync 1 DAGs
[2025-11-01T13:09:45.816+0530] {logging_mixin.py:188} INFO - [2025-11-01T13:09:45.815+0530] {dag.py:3947} INFO - Setting next_dagrun for tutorial to 2025-10-31 00:00:00+00:00, run_after=2025-11-01 00:00:00+00:00
[2025-11-01T13:09:45.840+0530] {processor.py:183} INFO - Processing /home/logi/txtai/venv/lib/python3.10/site-packages/airflow/example_dags/tutorial.py took 0.108 seconds
[2025-11-01T13:10:44.737+0530] {processor.py:161} INFO - Started process (PID=11418) to work on /home/logi/txtai/venv/lib/python3.10/site-packages/airflow/example_dags/tutorial.py
[2025-11-01T13:10:44.749+0530] {processor.py:830} INFO - Processing file /home/logi/txtai/venv/lib/python3.10/site-packages/airflow/example_dags/tutorial.py for tasks to queue
[2025-11-01T13:10:44.752+0530] {logging_mixin.py:188} INFO - [2025-11-01T13:10:44.752+0530] {dagbag.py:545} INFO - Filling up the DagBag from /home/logi/txtai/venv/lib/python3.10/site-packages/airflow/example_dags/tutorial.py
[2025-11-01T13:10:44.761+0530] {processor.py:840} INFO - DAG(s) 'tutorial' retrieved from /home/logi/txtai/venv/lib/python3.10/site-packages/airflow/example_dags/tutorial.py
[2025-11-01T13:10:44.786+0530] {logging_mixin.py:188} INFO - [2025-11-01T13:10:44.786+0530] {dag.py:3089} INFO - Sync 1 DAGs
[2025-11-01T13:10:44.809+0530] {logging_mixin.py:188} INFO - [2025-11-01T13:10:44.809+0530] {dag.py:3947} INFO - Setting next_dagrun for tutorial to 2025-10-31 00:00:00+00:00, run_after=2025-11-01 00:00:00+00:00
[2025-11-01T13:10:44.825+0530] {processor.py:183} INFO - Processing /home/logi/txtai/venv/lib/python3.10/site-packages/airflow/example_dags/tutorial.py took 0.099 seconds
[2025-11-01T13:11:32.346+0530] {processor.py:161} INFO - Started process (PID=11544) to work on /home/logi/txtai/venv/lib/python3.10/site-packages/airflow/example_dags/tutorial.py
[2025-11-01T13:11:32.359+0530] {processor.py:830} INFO - Processing file /home/logi/txtai/venv/lib/python3.10/site-packages/airflow/example_dags/tutorial.py for tasks to queue
[2025-11-01T13:11:32.362+0530] {logging_mixin.py:188} INFO - [2025-11-01T13:11:32.361+0530] {dagbag.py:545} INFO - Filling up the DagBag from /home/logi/txtai/venv/lib/python3.10/site-packages/airflow/example_dags/tutorial.py
[2025-11-01T13:11:32.371+0530] {processor.py:840} INFO - DAG(s) 'tutorial' retrieved from /home/logi/txtai/venv/lib/python3.10/site-packages/airflow/example_dags/tutorial.py
[2025-11-01T13:11:32.397+0530] {logging_mixin.py:188} INFO - [2025-11-01T13:11:32.397+0530] {dag.py:3089} INFO - Sync 1 DAGs
[2025-11-01T13:11:32.421+0530] {logging_mixin.py:188} INFO - [2025-11-01T13:11:32.421+0530] {dag.py:3947} INFO - Setting next_dagrun for tutorial to 2025-10-31 00:00:00+00:00, run_after=2025-11-01 00:00:00+00:00
[2025-11-01T13:11:32.446+0530] {processor.py:183} INFO - Processing /home/logi/txtai/venv/lib/python3.10/site-packages/airflow/example_dags/tutorial.py took 0.112 seconds
[2025-11-01T13:12:27.660+0530] {processor.py:161} INFO - Started process (PID=11791) to work on /home/logi/txtai/venv/lib/python3.10/site-packages/airflow/example_dags/tutorial.py
[2025-11-01T13:12:27.673+0530] {processor.py:830} INFO - Processing file /home/logi/txtai/venv/lib/python3.10/site-packages/airflow/example_dags/tutorial.py for tasks to queue
[2025-11-01T13:12:27.675+0530] {logging_mixin.py:188} INFO - [2025-11-01T13:12:27.675+0530] {dagbag.py:545} INFO - Filling up the DagBag from /home/logi/txtai/venv/lib/python3.10/site-packages/airflow/example_dags/tutorial.py
[2025-11-01T13:12:27.682+0530] {processor.py:840} INFO - DAG(s) 'tutorial' retrieved from /home/logi/txtai/venv/lib/python3.10/site-packages/airflow/example_dags/tutorial.py
[2025-11-01T13:12:27.702+0530] {logging_mixin.py:188} INFO - [2025-11-01T13:12:27.702+0530] {dag.py:3089} INFO - Sync 1 DAGs
[2025-11-01T13:12:27.720+0530] {logging_mixin.py:188} INFO - [2025-11-01T13:12:27.719+0530] {dag.py:3947} INFO - Setting next_dagrun for tutorial to 2025-10-31 00:00:00+00:00, run_after=2025-11-01 00:00:00+00:00
[2025-11-01T13:12:27.739+0530] {processor.py:183} INFO - Processing /home/logi/txtai/venv/lib/python3.10/site-packages/airflow/example_dags/tutorial.py took 0.085 seconds
[2025-11-01T13:13:20.304+0530] {processor.py:161} INFO - Started process (PID=11909) to work on /home/logi/txtai/venv/lib/python3.10/site-packages/airflow/example_dags/tutorial.py
[2025-11-01T13:13:20.317+0530] {processor.py:830} INFO - Processing file /home/logi/txtai/venv/lib/python3.10/site-packages/airflow/example_dags/tutorial.py for tasks to queue
[2025-11-01T13:13:20.320+0530] {logging_mixin.py:188} INFO - [2025-11-01T13:13:20.320+0530] {dagbag.py:545} INFO - Filling up the DagBag from /home/logi/txtai/venv/lib/python3.10/site-packages/airflow/example_dags/tutorial.py
[2025-11-01T13:13:20.330+0530] {processor.py:840} INFO - DAG(s) 'tutorial' retrieved from /home/logi/txtai/venv/lib/python3.10/site-packages/airflow/example_dags/tutorial.py
[2025-11-01T13:13:20.355+0530] {logging_mixin.py:188} INFO - [2025-11-01T13:13:20.355+0530] {dag.py:3089} INFO - Sync 1 DAGs
[2025-11-01T13:13:20.375+0530] {logging_mixin.py:188} INFO - [2025-11-01T13:13:20.375+0530] {dag.py:3947} INFO - Setting next_dagrun for tutorial to 2025-10-31 00:00:00+00:00, run_after=2025-11-01 00:00:00+00:00
[2025-11-01T13:13:20.401+0530] {processor.py:183} INFO - Processing /home/logi/txtai/venv/lib/python3.10/site-packages/airflow/example_dags/tutorial.py took 0.107 seconds
[2025-11-01T13:14:15.257+0530] {processor.py:161} INFO - Started process (PID=12181) to work on /home/logi/txtai/venv/lib/python3.10/site-packages/airflow/example_dags/tutorial.py
[2025-11-01T13:14:15.270+0530] {processor.py:830} INFO - Processing file /home/logi/txtai/venv/lib/python3.10/site-packages/airflow/example_dags/tutorial.py for tasks to queue
[2025-11-01T13:14:15.273+0530] {logging_mixin.py:188} INFO - [2025-11-01T13:14:15.273+0530] {dagbag.py:545} INFO - Filling up the DagBag from /home/logi/txtai/venv/lib/python3.10/site-packages/airflow/example_dags/tutorial.py
[2025-11-01T13:14:15.283+0530] {processor.py:840} INFO - DAG(s) 'tutorial' retrieved from /home/logi/txtai/venv/lib/python3.10/site-packages/airflow/example_dags/tutorial.py
[2025-11-01T13:14:15.309+0530] {logging_mixin.py:188} INFO - [2025-11-01T13:14:15.309+0530] {dag.py:3089} INFO - Sync 1 DAGs
[2025-11-01T13:14:15.330+0530] {logging_mixin.py:188} INFO - [2025-11-01T13:14:15.330+0530] {dag.py:3947} INFO - Setting next_dagrun for tutorial to 2025-10-31 00:00:00+00:00, run_after=2025-11-01 00:00:00+00:00
[2025-11-01T13:14:15.356+0530] {processor.py:183} INFO - Processing /home/logi/txtai/venv/lib/python3.10/site-packages/airflow/example_dags/tutorial.py took 0.111 seconds
