[2025-11-01T12:49:09.725+0530] {processor.py:161} INFO - Started process (PID=6947) to work on /home/logi/txtai/venv/lib/python3.10/site-packages/airflow/example_dags/tutorial_dag.py
[2025-11-01T12:49:09.726+0530] {processor.py:830} INFO - Processing file /home/logi/txtai/venv/lib/python3.10/site-packages/airflow/example_dags/tutorial_dag.py for tasks to queue
[2025-11-01T12:49:09.728+0530] {logging_mixin.py:188} INFO - [2025-11-01T12:49:09.727+0530] {dagbag.py:545} INFO - Filling up the DagBag from /home/logi/txtai/venv/lib/python3.10/site-packages/airflow/example_dags/tutorial_dag.py
[2025-11-01T12:49:09.735+0530] {processor.py:840} INFO - DAG(s) 'tutorial_dag' retrieved from /home/logi/txtai/venv/lib/python3.10/site-packages/airflow/example_dags/tutorial_dag.py
[2025-11-01T12:49:09.754+0530] {logging_mixin.py:188} INFO - [2025-11-01T12:49:09.754+0530] {dag.py:3089} INFO - Sync 1 DAGs
[2025-11-01T12:49:09.763+0530] {logging_mixin.py:188} INFO - [2025-11-01T12:49:09.762+0530] {dag.py:3947} INFO - Setting next_dagrun for tutorial_dag to None, run_after=None
[2025-11-01T12:49:09.800+0530] {processor.py:183} INFO - Processing /home/logi/txtai/venv/lib/python3.10/site-packages/airflow/example_dags/tutorial_dag.py took 0.081 seconds
[2025-11-01T12:50:07.223+0530] {processor.py:161} INFO - Started process (PID=7078) to work on /home/logi/txtai/venv/lib/python3.10/site-packages/airflow/example_dags/tutorial_dag.py
[2025-11-01T12:50:07.243+0530] {processor.py:830} INFO - Processing file /home/logi/txtai/venv/lib/python3.10/site-packages/airflow/example_dags/tutorial_dag.py for tasks to queue
[2025-11-01T12:50:07.249+0530] {logging_mixin.py:188} INFO - [2025-11-01T12:50:07.248+0530] {dagbag.py:545} INFO - Filling up the DagBag from /home/logi/txtai/venv/lib/python3.10/site-packages/airflow/example_dags/tutorial_dag.py
[2025-11-01T12:50:07.261+0530] {processor.py:840} INFO - DAG(s) 'tutorial_dag' retrieved from /home/logi/txtai/venv/lib/python3.10/site-packages/airflow/example_dags/tutorial_dag.py
[2025-11-01T12:50:07.274+0530] {logging_mixin.py:188} INFO - [2025-11-01T12:50:07.274+0530] {dag.py:3089} INFO - Sync 1 DAGs
[2025-11-01T12:50:07.287+0530] {logging_mixin.py:188} INFO - [2025-11-01T12:50:07.287+0530] {dag.py:3947} INFO - Setting next_dagrun for tutorial_dag to None, run_after=None
[2025-11-01T12:50:07.303+0530] {processor.py:183} INFO - Processing /home/logi/txtai/venv/lib/python3.10/site-packages/airflow/example_dags/tutorial_dag.py took 0.100 seconds
[2025-11-01T12:51:22.578+0530] {processor.py:161} INFO - Started process (PID=7436) to work on /home/logi/txtai/venv/lib/python3.10/site-packages/airflow/example_dags/tutorial_dag.py
[2025-11-01T12:51:22.597+0530] {processor.py:830} INFO - Processing file /home/logi/txtai/venv/lib/python3.10/site-packages/airflow/example_dags/tutorial_dag.py for tasks to queue
[2025-11-01T12:51:22.609+0530] {logging_mixin.py:188} INFO - [2025-11-01T12:51:22.605+0530] {dagbag.py:545} INFO - Filling up the DagBag from /home/logi/txtai/venv/lib/python3.10/site-packages/airflow/example_dags/tutorial_dag.py
[2025-11-01T12:51:22.644+0530] {processor.py:840} INFO - DAG(s) 'tutorial_dag' retrieved from /home/logi/txtai/venv/lib/python3.10/site-packages/airflow/example_dags/tutorial_dag.py
[2025-11-01T12:51:22.708+0530] {logging_mixin.py:188} INFO - [2025-11-01T12:51:22.707+0530] {dag.py:3089} INFO - Sync 1 DAGs
[2025-11-01T12:51:22.731+0530] {logging_mixin.py:188} INFO - [2025-11-01T12:51:22.731+0530] {dag.py:3947} INFO - Setting next_dagrun for tutorial_dag to None, run_after=None
[2025-11-01T12:51:22.793+0530] {processor.py:183} INFO - Processing /home/logi/txtai/venv/lib/python3.10/site-packages/airflow/example_dags/tutorial_dag.py took 0.265 seconds
[2025-11-01T12:52:28.846+0530] {processor.py:161} INFO - Started process (PID=7859) to work on /home/logi/txtai/venv/lib/python3.10/site-packages/airflow/example_dags/tutorial_dag.py
[2025-11-01T12:52:28.859+0530] {processor.py:830} INFO - Processing file /home/logi/txtai/venv/lib/python3.10/site-packages/airflow/example_dags/tutorial_dag.py for tasks to queue
[2025-11-01T12:52:28.861+0530] {logging_mixin.py:188} INFO - [2025-11-01T12:52:28.861+0530] {dagbag.py:545} INFO - Filling up the DagBag from /home/logi/txtai/venv/lib/python3.10/site-packages/airflow/example_dags/tutorial_dag.py
[2025-11-01T12:52:28.867+0530] {processor.py:840} INFO - DAG(s) 'tutorial_dag' retrieved from /home/logi/txtai/venv/lib/python3.10/site-packages/airflow/example_dags/tutorial_dag.py
[2025-11-01T12:52:28.881+0530] {logging_mixin.py:188} INFO - [2025-11-01T12:52:28.881+0530] {dag.py:3089} INFO - Sync 1 DAGs
[2025-11-01T12:52:28.890+0530] {logging_mixin.py:188} INFO - [2025-11-01T12:52:28.889+0530] {dag.py:3947} INFO - Setting next_dagrun for tutorial_dag to None, run_after=None
[2025-11-01T12:52:28.910+0530] {processor.py:183} INFO - Processing /home/logi/txtai/venv/lib/python3.10/site-packages/airflow/example_dags/tutorial_dag.py took 0.070 seconds
[2025-11-01T12:53:21.228+0530] {processor.py:161} INFO - Started process (PID=7942) to work on /home/logi/txtai/venv/lib/python3.10/site-packages/airflow/example_dags/tutorial_dag.py
[2025-11-01T12:53:21.241+0530] {processor.py:830} INFO - Processing file /home/logi/txtai/venv/lib/python3.10/site-packages/airflow/example_dags/tutorial_dag.py for tasks to queue
[2025-11-01T12:53:21.244+0530] {logging_mixin.py:188} INFO - [2025-11-01T12:53:21.244+0530] {dagbag.py:545} INFO - Filling up the DagBag from /home/logi/txtai/venv/lib/python3.10/site-packages/airflow/example_dags/tutorial_dag.py
[2025-11-01T12:53:21.253+0530] {processor.py:840} INFO - DAG(s) 'tutorial_dag' retrieved from /home/logi/txtai/venv/lib/python3.10/site-packages/airflow/example_dags/tutorial_dag.py
[2025-11-01T12:53:21.278+0530] {logging_mixin.py:188} INFO - [2025-11-01T12:53:21.278+0530] {dag.py:3089} INFO - Sync 1 DAGs
[2025-11-01T12:53:21.294+0530] {logging_mixin.py:188} INFO - [2025-11-01T12:53:21.294+0530] {dag.py:3947} INFO - Setting next_dagrun for tutorial_dag to None, run_after=None
[2025-11-01T12:53:21.311+0530] {processor.py:183} INFO - Processing /home/logi/txtai/venv/lib/python3.10/site-packages/airflow/example_dags/tutorial_dag.py took 0.093 seconds
[2025-11-01T12:54:18.758+0530] {processor.py:161} INFO - Started process (PID=8176) to work on /home/logi/txtai/venv/lib/python3.10/site-packages/airflow/example_dags/tutorial_dag.py
[2025-11-01T12:54:18.771+0530] {processor.py:830} INFO - Processing file /home/logi/txtai/venv/lib/python3.10/site-packages/airflow/example_dags/tutorial_dag.py for tasks to queue
[2025-11-01T12:54:18.774+0530] {logging_mixin.py:188} INFO - [2025-11-01T12:54:18.773+0530] {dagbag.py:545} INFO - Filling up the DagBag from /home/logi/txtai/venv/lib/python3.10/site-packages/airflow/example_dags/tutorial_dag.py
[2025-11-01T12:54:18.784+0530] {processor.py:840} INFO - DAG(s) 'tutorial_dag' retrieved from /home/logi/txtai/venv/lib/python3.10/site-packages/airflow/example_dags/tutorial_dag.py
[2025-11-01T12:54:18.808+0530] {logging_mixin.py:188} INFO - [2025-11-01T12:54:18.808+0530] {dag.py:3089} INFO - Sync 1 DAGs
[2025-11-01T12:54:18.823+0530] {logging_mixin.py:188} INFO - [2025-11-01T12:54:18.823+0530] {dag.py:3947} INFO - Setting next_dagrun for tutorial_dag to None, run_after=None
[2025-11-01T12:54:18.840+0530] {processor.py:183} INFO - Processing /home/logi/txtai/venv/lib/python3.10/site-packages/airflow/example_dags/tutorial_dag.py took 0.093 seconds
[2025-11-01T12:55:10.069+0530] {processor.py:161} INFO - Started process (PID=8255) to work on /home/logi/txtai/venv/lib/python3.10/site-packages/airflow/example_dags/tutorial_dag.py
[2025-11-01T12:55:10.081+0530] {processor.py:830} INFO - Processing file /home/logi/txtai/venv/lib/python3.10/site-packages/airflow/example_dags/tutorial_dag.py for tasks to queue
[2025-11-01T12:55:10.084+0530] {logging_mixin.py:188} INFO - [2025-11-01T12:55:10.084+0530] {dagbag.py:545} INFO - Filling up the DagBag from /home/logi/txtai/venv/lib/python3.10/site-packages/airflow/example_dags/tutorial_dag.py
[2025-11-01T12:55:10.090+0530] {processor.py:840} INFO - DAG(s) 'tutorial_dag' retrieved from /home/logi/txtai/venv/lib/python3.10/site-packages/airflow/example_dags/tutorial_dag.py
[2025-11-01T12:55:10.110+0530] {logging_mixin.py:188} INFO - [2025-11-01T12:55:10.110+0530] {dag.py:3089} INFO - Sync 1 DAGs
[2025-11-01T12:55:10.119+0530] {logging_mixin.py:188} INFO - [2025-11-01T12:55:10.119+0530] {dag.py:3947} INFO - Setting next_dagrun for tutorial_dag to None, run_after=None
[2025-11-01T12:55:10.138+0530] {processor.py:183} INFO - Processing /home/logi/txtai/venv/lib/python3.10/site-packages/airflow/example_dags/tutorial_dag.py took 0.075 seconds
[2025-11-01T12:55:55.109+0530] {processor.py:161} INFO - Started process (PID=8324) to work on /home/logi/txtai/venv/lib/python3.10/site-packages/airflow/example_dags/tutorial_dag.py
[2025-11-01T12:55:55.123+0530] {processor.py:830} INFO - Processing file /home/logi/txtai/venv/lib/python3.10/site-packages/airflow/example_dags/tutorial_dag.py for tasks to queue
[2025-11-01T12:55:55.125+0530] {logging_mixin.py:188} INFO - [2025-11-01T12:55:55.125+0530] {dagbag.py:545} INFO - Filling up the DagBag from /home/logi/txtai/venv/lib/python3.10/site-packages/airflow/example_dags/tutorial_dag.py
[2025-11-01T12:55:55.139+0530] {processor.py:840} INFO - DAG(s) 'tutorial_dag' retrieved from /home/logi/txtai/venv/lib/python3.10/site-packages/airflow/example_dags/tutorial_dag.py
[2025-11-01T12:55:55.158+0530] {logging_mixin.py:188} INFO - [2025-11-01T12:55:55.158+0530] {dag.py:3089} INFO - Sync 1 DAGs
[2025-11-01T12:55:55.167+0530] {logging_mixin.py:188} INFO - [2025-11-01T12:55:55.167+0530] {dag.py:3947} INFO - Setting next_dagrun for tutorial_dag to None, run_after=None
[2025-11-01T12:55:55.187+0530] {processor.py:183} INFO - Processing /home/logi/txtai/venv/lib/python3.10/site-packages/airflow/example_dags/tutorial_dag.py took 0.091 seconds
[2025-11-01T12:56:58.377+0530] {processor.py:161} INFO - Started process (PID=8574) to work on /home/logi/txtai/venv/lib/python3.10/site-packages/airflow/example_dags/tutorial_dag.py
[2025-11-01T12:56:58.390+0530] {processor.py:830} INFO - Processing file /home/logi/txtai/venv/lib/python3.10/site-packages/airflow/example_dags/tutorial_dag.py for tasks to queue
[2025-11-01T12:56:58.395+0530] {logging_mixin.py:188} INFO - [2025-11-01T12:56:58.394+0530] {dagbag.py:545} INFO - Filling up the DagBag from /home/logi/txtai/venv/lib/python3.10/site-packages/airflow/example_dags/tutorial_dag.py
[2025-11-01T12:56:58.405+0530] {processor.py:840} INFO - DAG(s) 'tutorial_dag' retrieved from /home/logi/txtai/venv/lib/python3.10/site-packages/airflow/example_dags/tutorial_dag.py
[2025-11-01T12:56:58.418+0530] {logging_mixin.py:188} INFO - [2025-11-01T12:56:58.418+0530] {dag.py:3089} INFO - Sync 1 DAGs
[2025-11-01T12:56:58.429+0530] {logging_mixin.py:188} INFO - [2025-11-01T12:56:58.429+0530] {dag.py:3947} INFO - Setting next_dagrun for tutorial_dag to None, run_after=None
[2025-11-01T12:56:58.446+0530] {processor.py:183} INFO - Processing /home/logi/txtai/venv/lib/python3.10/site-packages/airflow/example_dags/tutorial_dag.py took 0.074 seconds
[2025-11-01T12:57:45.117+0530] {processor.py:161} INFO - Started process (PID=8643) to work on /home/logi/txtai/venv/lib/python3.10/site-packages/airflow/example_dags/tutorial_dag.py
[2025-11-01T12:57:45.130+0530] {processor.py:830} INFO - Processing file /home/logi/txtai/venv/lib/python3.10/site-packages/airflow/example_dags/tutorial_dag.py for tasks to queue
[2025-11-01T12:57:45.134+0530] {logging_mixin.py:188} INFO - [2025-11-01T12:57:45.133+0530] {dagbag.py:545} INFO - Filling up the DagBag from /home/logi/txtai/venv/lib/python3.10/site-packages/airflow/example_dags/tutorial_dag.py
[2025-11-01T12:57:45.140+0530] {processor.py:840} INFO - DAG(s) 'tutorial_dag' retrieved from /home/logi/txtai/venv/lib/python3.10/site-packages/airflow/example_dags/tutorial_dag.py
[2025-11-01T12:57:45.153+0530] {logging_mixin.py:188} INFO - [2025-11-01T12:57:45.153+0530] {dag.py:3089} INFO - Sync 1 DAGs
[2025-11-01T12:57:45.163+0530] {logging_mixin.py:188} INFO - [2025-11-01T12:57:45.163+0530] {dag.py:3947} INFO - Setting next_dagrun for tutorial_dag to None, run_after=None
[2025-11-01T12:57:45.180+0530] {processor.py:183} INFO - Processing /home/logi/txtai/venv/lib/python3.10/site-packages/airflow/example_dags/tutorial_dag.py took 0.074 seconds
[2025-11-01T12:58:44.884+0530] {processor.py:161} INFO - Started process (PID=8881) to work on /home/logi/txtai/venv/lib/python3.10/site-packages/airflow/example_dags/tutorial_dag.py
[2025-11-01T12:58:44.885+0530] {processor.py:830} INFO - Processing file /home/logi/txtai/venv/lib/python3.10/site-packages/airflow/example_dags/tutorial_dag.py for tasks to queue
[2025-11-01T12:58:44.886+0530] {logging_mixin.py:188} INFO - [2025-11-01T12:58:44.886+0530] {dagbag.py:545} INFO - Filling up the DagBag from /home/logi/txtai/venv/lib/python3.10/site-packages/airflow/example_dags/tutorial_dag.py
[2025-11-01T12:58:44.891+0530] {processor.py:840} INFO - DAG(s) 'tutorial_dag' retrieved from /home/logi/txtai/venv/lib/python3.10/site-packages/airflow/example_dags/tutorial_dag.py
[2025-11-01T12:58:44.907+0530] {logging_mixin.py:188} INFO - [2025-11-01T12:58:44.906+0530] {dag.py:3089} INFO - Sync 1 DAGs
[2025-11-01T12:58:44.919+0530] {logging_mixin.py:188} INFO - [2025-11-01T12:58:44.919+0530] {dag.py:3947} INFO - Setting next_dagrun for tutorial_dag to None, run_after=None
[2025-11-01T12:58:44.937+0530] {processor.py:183} INFO - Processing /home/logi/txtai/venv/lib/python3.10/site-packages/airflow/example_dags/tutorial_dag.py took 0.064 seconds
[2025-11-01T12:59:39.536+0530] {processor.py:161} INFO - Started process (PID=8960) to work on /home/logi/txtai/venv/lib/python3.10/site-packages/airflow/example_dags/tutorial_dag.py
[2025-11-01T12:59:39.548+0530] {processor.py:830} INFO - Processing file /home/logi/txtai/venv/lib/python3.10/site-packages/airflow/example_dags/tutorial_dag.py for tasks to queue
[2025-11-01T12:59:39.550+0530] {logging_mixin.py:188} INFO - [2025-11-01T12:59:39.550+0530] {dagbag.py:545} INFO - Filling up the DagBag from /home/logi/txtai/venv/lib/python3.10/site-packages/airflow/example_dags/tutorial_dag.py
[2025-11-01T12:59:39.556+0530] {processor.py:840} INFO - DAG(s) 'tutorial_dag' retrieved from /home/logi/txtai/venv/lib/python3.10/site-packages/airflow/example_dags/tutorial_dag.py
[2025-11-01T12:59:39.577+0530] {logging_mixin.py:188} INFO - [2025-11-01T12:59:39.577+0530] {dag.py:3089} INFO - Sync 1 DAGs
[2025-11-01T12:59:39.586+0530] {logging_mixin.py:188} INFO - [2025-11-01T12:59:39.586+0530] {dag.py:3947} INFO - Setting next_dagrun for tutorial_dag to None, run_after=None
[2025-11-01T12:59:39.608+0530] {processor.py:183} INFO - Processing /home/logi/txtai/venv/lib/python3.10/site-packages/airflow/example_dags/tutorial_dag.py took 0.079 seconds
[2025-11-01T13:00:34.517+0530] {processor.py:161} INFO - Started process (PID=9158) to work on /home/logi/txtai/venv/lib/python3.10/site-packages/airflow/example_dags/tutorial_dag.py
[2025-11-01T13:00:34.530+0530] {processor.py:830} INFO - Processing file /home/logi/txtai/venv/lib/python3.10/site-packages/airflow/example_dags/tutorial_dag.py for tasks to queue
[2025-11-01T13:00:34.533+0530] {logging_mixin.py:188} INFO - [2025-11-01T13:00:34.532+0530] {dagbag.py:545} INFO - Filling up the DagBag from /home/logi/txtai/venv/lib/python3.10/site-packages/airflow/example_dags/tutorial_dag.py
[2025-11-01T13:00:34.542+0530] {processor.py:840} INFO - DAG(s) 'tutorial_dag' retrieved from /home/logi/txtai/venv/lib/python3.10/site-packages/airflow/example_dags/tutorial_dag.py
[2025-11-01T13:00:34.567+0530] {logging_mixin.py:188} INFO - [2025-11-01T13:00:34.567+0530] {dag.py:3089} INFO - Sync 1 DAGs
[2025-11-01T13:00:34.582+0530] {logging_mixin.py:188} INFO - [2025-11-01T13:00:34.582+0530] {dag.py:3947} INFO - Setting next_dagrun for tutorial_dag to None, run_after=None
[2025-11-01T13:00:34.599+0530] {processor.py:183} INFO - Processing /home/logi/txtai/venv/lib/python3.10/site-packages/airflow/example_dags/tutorial_dag.py took 0.092 seconds
[2025-11-01T13:01:28.942+0530] {processor.py:161} INFO - Started process (PID=9237) to work on /home/logi/txtai/venv/lib/python3.10/site-packages/airflow/example_dags/tutorial_dag.py
[2025-11-01T13:01:28.955+0530] {processor.py:830} INFO - Processing file /home/logi/txtai/venv/lib/python3.10/site-packages/airflow/example_dags/tutorial_dag.py for tasks to queue
[2025-11-01T13:01:28.957+0530] {logging_mixin.py:188} INFO - [2025-11-01T13:01:28.957+0530] {dagbag.py:545} INFO - Filling up the DagBag from /home/logi/txtai/venv/lib/python3.10/site-packages/airflow/example_dags/tutorial_dag.py
[2025-11-01T13:01:28.962+0530] {processor.py:840} INFO - DAG(s) 'tutorial_dag' retrieved from /home/logi/txtai/venv/lib/python3.10/site-packages/airflow/example_dags/tutorial_dag.py
[2025-11-01T13:01:28.984+0530] {logging_mixin.py:188} INFO - [2025-11-01T13:01:28.983+0530] {dag.py:3089} INFO - Sync 1 DAGs
[2025-11-01T13:01:28.995+0530] {logging_mixin.py:188} INFO - [2025-11-01T13:01:28.995+0530] {dag.py:3947} INFO - Setting next_dagrun for tutorial_dag to None, run_after=None
[2025-11-01T13:01:29.020+0530] {processor.py:183} INFO - Processing /home/logi/txtai/venv/lib/python3.10/site-packages/airflow/example_dags/tutorial_dag.py took 0.087 seconds
[2025-11-01T13:02:33.172+0530] {processor.py:161} INFO - Started process (PID=9593) to work on /home/logi/txtai/venv/lib/python3.10/site-packages/airflow/example_dags/tutorial_dag.py
[2025-11-01T13:02:33.174+0530] {processor.py:830} INFO - Processing file /home/logi/txtai/venv/lib/python3.10/site-packages/airflow/example_dags/tutorial_dag.py for tasks to queue
[2025-11-01T13:02:33.176+0530] {logging_mixin.py:188} INFO - [2025-11-01T13:02:33.176+0530] {dagbag.py:545} INFO - Filling up the DagBag from /home/logi/txtai/venv/lib/python3.10/site-packages/airflow/example_dags/tutorial_dag.py
[2025-11-01T13:02:33.185+0530] {processor.py:840} INFO - DAG(s) 'tutorial_dag' retrieved from /home/logi/txtai/venv/lib/python3.10/site-packages/airflow/example_dags/tutorial_dag.py
[2025-11-01T13:02:33.209+0530] {logging_mixin.py:188} INFO - [2025-11-01T13:02:33.209+0530] {dag.py:3089} INFO - Sync 1 DAGs
[2025-11-01T13:02:33.218+0530] {logging_mixin.py:188} INFO - [2025-11-01T13:02:33.218+0530] {dag.py:3947} INFO - Setting next_dagrun for tutorial_dag to None, run_after=None
[2025-11-01T13:02:33.234+0530] {processor.py:183} INFO - Processing /home/logi/txtai/venv/lib/python3.10/site-packages/airflow/example_dags/tutorial_dag.py took 0.077 seconds
[2025-11-01T13:03:25.200+0530] {processor.py:161} INFO - Started process (PID=9712) to work on /home/logi/txtai/venv/lib/python3.10/site-packages/airflow/example_dags/tutorial_dag.py
[2025-11-01T13:03:25.202+0530] {processor.py:830} INFO - Processing file /home/logi/txtai/venv/lib/python3.10/site-packages/airflow/example_dags/tutorial_dag.py for tasks to queue
[2025-11-01T13:03:25.204+0530] {logging_mixin.py:188} INFO - [2025-11-01T13:03:25.204+0530] {dagbag.py:545} INFO - Filling up the DagBag from /home/logi/txtai/venv/lib/python3.10/site-packages/airflow/example_dags/tutorial_dag.py
[2025-11-01T13:03:25.213+0530] {processor.py:840} INFO - DAG(s) 'tutorial_dag' retrieved from /home/logi/txtai/venv/lib/python3.10/site-packages/airflow/example_dags/tutorial_dag.py
[2025-11-01T13:03:25.238+0530] {logging_mixin.py:188} INFO - [2025-11-01T13:03:25.238+0530] {dag.py:3089} INFO - Sync 1 DAGs
[2025-11-01T13:03:25.246+0530] {logging_mixin.py:188} INFO - [2025-11-01T13:03:25.246+0530] {dag.py:3947} INFO - Setting next_dagrun for tutorial_dag to None, run_after=None
[2025-11-01T13:03:25.269+0530] {processor.py:183} INFO - Processing /home/logi/txtai/venv/lib/python3.10/site-packages/airflow/example_dags/tutorial_dag.py took 0.080 seconds
[2025-11-01T13:04:25.694+0530] {processor.py:161} INFO - Started process (PID=10033) to work on /home/logi/txtai/venv/lib/python3.10/site-packages/airflow/example_dags/tutorial_dag.py
[2025-11-01T13:04:25.695+0530] {processor.py:830} INFO - Processing file /home/logi/txtai/venv/lib/python3.10/site-packages/airflow/example_dags/tutorial_dag.py for tasks to queue
[2025-11-01T13:04:25.696+0530] {logging_mixin.py:188} INFO - [2025-11-01T13:04:25.696+0530] {dagbag.py:545} INFO - Filling up the DagBag from /home/logi/txtai/venv/lib/python3.10/site-packages/airflow/example_dags/tutorial_dag.py
[2025-11-01T13:04:25.701+0530] {processor.py:840} INFO - DAG(s) 'tutorial_dag' retrieved from /home/logi/txtai/venv/lib/python3.10/site-packages/airflow/example_dags/tutorial_dag.py
[2025-11-01T13:04:25.715+0530] {logging_mixin.py:188} INFO - [2025-11-01T13:04:25.715+0530] {dag.py:3089} INFO - Sync 1 DAGs
[2025-11-01T13:04:25.723+0530] {logging_mixin.py:188} INFO - [2025-11-01T13:04:25.723+0530] {dag.py:3947} INFO - Setting next_dagrun for tutorial_dag to None, run_after=None
[2025-11-01T13:04:25.740+0530] {processor.py:183} INFO - Processing /home/logi/txtai/venv/lib/python3.10/site-packages/airflow/example_dags/tutorial_dag.py took 0.051 seconds
[2025-11-01T13:05:20.954+0530] {processor.py:161} INFO - Started process (PID=10161) to work on /home/logi/txtai/venv/lib/python3.10/site-packages/airflow/example_dags/tutorial_dag.py
[2025-11-01T13:05:20.956+0530] {processor.py:830} INFO - Processing file /home/logi/txtai/venv/lib/python3.10/site-packages/airflow/example_dags/tutorial_dag.py for tasks to queue
[2025-11-01T13:05:20.957+0530] {logging_mixin.py:188} INFO - [2025-11-01T13:05:20.957+0530] {dagbag.py:545} INFO - Filling up the DagBag from /home/logi/txtai/venv/lib/python3.10/site-packages/airflow/example_dags/tutorial_dag.py
[2025-11-01T13:05:20.965+0530] {processor.py:840} INFO - DAG(s) 'tutorial_dag' retrieved from /home/logi/txtai/venv/lib/python3.10/site-packages/airflow/example_dags/tutorial_dag.py
[2025-11-01T13:05:20.980+0530] {logging_mixin.py:188} INFO - [2025-11-01T13:05:20.980+0530] {dag.py:3089} INFO - Sync 1 DAGs
[2025-11-01T13:05:20.989+0530] {logging_mixin.py:188} INFO - [2025-11-01T13:05:20.989+0530] {dag.py:3947} INFO - Setting next_dagrun for tutorial_dag to None, run_after=None
[2025-11-01T13:05:21.010+0530] {processor.py:183} INFO - Processing /home/logi/txtai/venv/lib/python3.10/site-packages/airflow/example_dags/tutorial_dag.py took 0.065 seconds
[2025-11-01T13:06:17.333+0530] {processor.py:161} INFO - Started process (PID=10407) to work on /home/logi/txtai/venv/lib/python3.10/site-packages/airflow/example_dags/tutorial_dag.py
[2025-11-01T13:06:17.334+0530] {processor.py:830} INFO - Processing file /home/logi/txtai/venv/lib/python3.10/site-packages/airflow/example_dags/tutorial_dag.py for tasks to queue
[2025-11-01T13:06:17.335+0530] {logging_mixin.py:188} INFO - [2025-11-01T13:06:17.335+0530] {dagbag.py:545} INFO - Filling up the DagBag from /home/logi/txtai/venv/lib/python3.10/site-packages/airflow/example_dags/tutorial_dag.py
[2025-11-01T13:06:17.340+0530] {processor.py:840} INFO - DAG(s) 'tutorial_dag' retrieved from /home/logi/txtai/venv/lib/python3.10/site-packages/airflow/example_dags/tutorial_dag.py
[2025-11-01T13:06:17.360+0530] {logging_mixin.py:188} INFO - [2025-11-01T13:06:17.360+0530] {dag.py:3089} INFO - Sync 1 DAGs
[2025-11-01T13:06:17.369+0530] {logging_mixin.py:188} INFO - [2025-11-01T13:06:17.369+0530] {dag.py:3947} INFO - Setting next_dagrun for tutorial_dag to None, run_after=None
[2025-11-01T13:06:17.390+0530] {processor.py:183} INFO - Processing /home/logi/txtai/venv/lib/python3.10/site-packages/airflow/example_dags/tutorial_dag.py took 0.063 seconds
[2025-11-01T13:07:11.415+0530] {processor.py:161} INFO - Started process (PID=10531) to work on /home/logi/txtai/venv/lib/python3.10/site-packages/airflow/example_dags/tutorial_dag.py
[2025-11-01T13:07:11.429+0530] {processor.py:830} INFO - Processing file /home/logi/txtai/venv/lib/python3.10/site-packages/airflow/example_dags/tutorial_dag.py for tasks to queue
[2025-11-01T13:07:11.431+0530] {logging_mixin.py:188} INFO - [2025-11-01T13:07:11.431+0530] {dagbag.py:545} INFO - Filling up the DagBag from /home/logi/txtai/venv/lib/python3.10/site-packages/airflow/example_dags/tutorial_dag.py
[2025-11-01T13:07:11.440+0530] {processor.py:840} INFO - DAG(s) 'tutorial_dag' retrieved from /home/logi/txtai/venv/lib/python3.10/site-packages/airflow/example_dags/tutorial_dag.py
[2025-11-01T13:07:11.466+0530] {logging_mixin.py:188} INFO - [2025-11-01T13:07:11.465+0530] {dag.py:3089} INFO - Sync 1 DAGs
[2025-11-01T13:07:11.482+0530] {logging_mixin.py:188} INFO - [2025-11-01T13:07:11.482+0530] {dag.py:3947} INFO - Setting next_dagrun for tutorial_dag to None, run_after=None
[2025-11-01T13:07:11.509+0530] {processor.py:183} INFO - Processing /home/logi/txtai/venv/lib/python3.10/site-packages/airflow/example_dags/tutorial_dag.py took 0.106 seconds
[2025-11-01T13:08:04.211+0530] {processor.py:161} INFO - Started process (PID=10709) to work on /home/logi/txtai/venv/lib/python3.10/site-packages/airflow/example_dags/tutorial_dag.py
[2025-11-01T13:08:04.213+0530] {processor.py:830} INFO - Processing file /home/logi/txtai/venv/lib/python3.10/site-packages/airflow/example_dags/tutorial_dag.py for tasks to queue
[2025-11-01T13:08:04.215+0530] {logging_mixin.py:188} INFO - [2025-11-01T13:08:04.215+0530] {dagbag.py:545} INFO - Filling up the DagBag from /home/logi/txtai/venv/lib/python3.10/site-packages/airflow/example_dags/tutorial_dag.py
[2025-11-01T13:08:04.224+0530] {processor.py:840} INFO - DAG(s) 'tutorial_dag' retrieved from /home/logi/txtai/venv/lib/python3.10/site-packages/airflow/example_dags/tutorial_dag.py
[2025-11-01T13:08:04.247+0530] {logging_mixin.py:188} INFO - [2025-11-01T13:08:04.246+0530] {dag.py:3089} INFO - Sync 1 DAGs
[2025-11-01T13:08:04.257+0530] {logging_mixin.py:188} INFO - [2025-11-01T13:08:04.257+0530] {dag.py:3947} INFO - Setting next_dagrun for tutorial_dag to None, run_after=None
[2025-11-01T13:08:04.278+0530] {processor.py:183} INFO - Processing /home/logi/txtai/venv/lib/python3.10/site-packages/airflow/example_dags/tutorial_dag.py took 0.077 seconds
[2025-11-01T13:09:01.625+0530] {processor.py:161} INFO - Started process (PID=11077) to work on /home/logi/txtai/venv/lib/python3.10/site-packages/airflow/example_dags/tutorial_dag.py
[2025-11-01T13:09:01.637+0530] {processor.py:830} INFO - Processing file /home/logi/txtai/venv/lib/python3.10/site-packages/airflow/example_dags/tutorial_dag.py for tasks to queue
[2025-11-01T13:09:01.640+0530] {logging_mixin.py:188} INFO - [2025-11-01T13:09:01.639+0530] {dagbag.py:545} INFO - Filling up the DagBag from /home/logi/txtai/venv/lib/python3.10/site-packages/airflow/example_dags/tutorial_dag.py
[2025-11-01T13:09:01.645+0530] {processor.py:840} INFO - DAG(s) 'tutorial_dag' retrieved from /home/logi/txtai/venv/lib/python3.10/site-packages/airflow/example_dags/tutorial_dag.py
[2025-11-01T13:09:01.658+0530] {logging_mixin.py:188} INFO - [2025-11-01T13:09:01.658+0530] {dag.py:3089} INFO - Sync 1 DAGs
[2025-11-01T13:09:01.669+0530] {logging_mixin.py:188} INFO - [2025-11-01T13:09:01.669+0530] {dag.py:3947} INFO - Setting next_dagrun for tutorial_dag to None, run_after=None
[2025-11-01T13:09:01.687+0530] {processor.py:183} INFO - Processing /home/logi/txtai/venv/lib/python3.10/site-packages/airflow/example_dags/tutorial_dag.py took 0.068 seconds
[2025-11-01T13:09:48.476+0530] {processor.py:161} INFO - Started process (PID=11210) to work on /home/logi/txtai/venv/lib/python3.10/site-packages/airflow/example_dags/tutorial_dag.py
[2025-11-01T13:09:48.490+0530] {processor.py:830} INFO - Processing file /home/logi/txtai/venv/lib/python3.10/site-packages/airflow/example_dags/tutorial_dag.py for tasks to queue
[2025-11-01T13:09:48.493+0530] {logging_mixin.py:188} INFO - [2025-11-01T13:09:48.492+0530] {dagbag.py:545} INFO - Filling up the DagBag from /home/logi/txtai/venv/lib/python3.10/site-packages/airflow/example_dags/tutorial_dag.py
[2025-11-01T13:09:48.502+0530] {processor.py:840} INFO - DAG(s) 'tutorial_dag' retrieved from /home/logi/txtai/venv/lib/python3.10/site-packages/airflow/example_dags/tutorial_dag.py
[2025-11-01T13:09:48.529+0530] {logging_mixin.py:188} INFO - [2025-11-01T13:09:48.529+0530] {dag.py:3089} INFO - Sync 1 DAGs
[2025-11-01T13:09:48.544+0530] {logging_mixin.py:188} INFO - [2025-11-01T13:09:48.544+0530] {dag.py:3947} INFO - Setting next_dagrun for tutorial_dag to None, run_after=None
[2025-11-01T13:09:48.571+0530] {processor.py:183} INFO - Processing /home/logi/txtai/venv/lib/python3.10/site-packages/airflow/example_dags/tutorial_dag.py took 0.106 seconds
[2025-11-01T13:10:47.628+0530] {processor.py:161} INFO - Started process (PID=11421) to work on /home/logi/txtai/venv/lib/python3.10/site-packages/airflow/example_dags/tutorial_dag.py
[2025-11-01T13:10:47.641+0530] {processor.py:830} INFO - Processing file /home/logi/txtai/venv/lib/python3.10/site-packages/airflow/example_dags/tutorial_dag.py for tasks to queue
[2025-11-01T13:10:47.643+0530] {logging_mixin.py:188} INFO - [2025-11-01T13:10:47.642+0530] {dagbag.py:545} INFO - Filling up the DagBag from /home/logi/txtai/venv/lib/python3.10/site-packages/airflow/example_dags/tutorial_dag.py
[2025-11-01T13:10:47.651+0530] {processor.py:840} INFO - DAG(s) 'tutorial_dag' retrieved from /home/logi/txtai/venv/lib/python3.10/site-packages/airflow/example_dags/tutorial_dag.py
[2025-11-01T13:10:47.669+0530] {logging_mixin.py:188} INFO - [2025-11-01T13:10:47.669+0530] {dag.py:3089} INFO - Sync 1 DAGs
[2025-11-01T13:10:47.678+0530] {logging_mixin.py:188} INFO - [2025-11-01T13:10:47.677+0530] {dag.py:3947} INFO - Setting next_dagrun for tutorial_dag to None, run_after=None
[2025-11-01T13:10:47.696+0530] {processor.py:183} INFO - Processing /home/logi/txtai/venv/lib/python3.10/site-packages/airflow/example_dags/tutorial_dag.py took 0.074 seconds
[2025-11-01T13:11:36.115+0530] {processor.py:161} INFO - Started process (PID=11552) to work on /home/logi/txtai/venv/lib/python3.10/site-packages/airflow/example_dags/tutorial_dag.py
[2025-11-01T13:11:36.129+0530] {processor.py:830} INFO - Processing file /home/logi/txtai/venv/lib/python3.10/site-packages/airflow/example_dags/tutorial_dag.py for tasks to queue
[2025-11-01T13:11:36.133+0530] {logging_mixin.py:188} INFO - [2025-11-01T13:11:36.132+0530] {dagbag.py:545} INFO - Filling up the DagBag from /home/logi/txtai/venv/lib/python3.10/site-packages/airflow/example_dags/tutorial_dag.py
[2025-11-01T13:11:36.139+0530] {processor.py:840} INFO - DAG(s) 'tutorial_dag' retrieved from /home/logi/txtai/venv/lib/python3.10/site-packages/airflow/example_dags/tutorial_dag.py
[2025-11-01T13:11:36.161+0530] {logging_mixin.py:188} INFO - [2025-11-01T13:11:36.160+0530] {dag.py:3089} INFO - Sync 1 DAGs
[2025-11-01T13:11:36.171+0530] {logging_mixin.py:188} INFO - [2025-11-01T13:11:36.171+0530] {dag.py:3947} INFO - Setting next_dagrun for tutorial_dag to None, run_after=None
[2025-11-01T13:11:36.188+0530] {processor.py:183} INFO - Processing /home/logi/txtai/venv/lib/python3.10/site-packages/airflow/example_dags/tutorial_dag.py took 0.080 seconds
[2025-11-01T13:12:30.527+0530] {processor.py:161} INFO - Started process (PID=11798) to work on /home/logi/txtai/venv/lib/python3.10/site-packages/airflow/example_dags/tutorial_dag.py
[2025-11-01T13:12:30.540+0530] {processor.py:830} INFO - Processing file /home/logi/txtai/venv/lib/python3.10/site-packages/airflow/example_dags/tutorial_dag.py for tasks to queue
[2025-11-01T13:12:30.543+0530] {logging_mixin.py:188} INFO - [2025-11-01T13:12:30.542+0530] {dagbag.py:545} INFO - Filling up the DagBag from /home/logi/txtai/venv/lib/python3.10/site-packages/airflow/example_dags/tutorial_dag.py
[2025-11-01T13:12:30.552+0530] {processor.py:840} INFO - DAG(s) 'tutorial_dag' retrieved from /home/logi/txtai/venv/lib/python3.10/site-packages/airflow/example_dags/tutorial_dag.py
[2025-11-01T13:12:30.578+0530] {logging_mixin.py:188} INFO - [2025-11-01T13:12:30.577+0530] {dag.py:3089} INFO - Sync 1 DAGs
[2025-11-01T13:12:30.589+0530] {logging_mixin.py:188} INFO - [2025-11-01T13:12:30.589+0530] {dag.py:3947} INFO - Setting next_dagrun for tutorial_dag to None, run_after=None
[2025-11-01T13:12:30.608+0530] {processor.py:183} INFO - Processing /home/logi/txtai/venv/lib/python3.10/site-packages/airflow/example_dags/tutorial_dag.py took 0.091 seconds
[2025-11-01T13:13:22.960+0530] {processor.py:161} INFO - Started process (PID=11916) to work on /home/logi/txtai/venv/lib/python3.10/site-packages/airflow/example_dags/tutorial_dag.py
[2025-11-01T13:13:22.973+0530] {processor.py:830} INFO - Processing file /home/logi/txtai/venv/lib/python3.10/site-packages/airflow/example_dags/tutorial_dag.py for tasks to queue
[2025-11-01T13:13:22.976+0530] {logging_mixin.py:188} INFO - [2025-11-01T13:13:22.976+0530] {dagbag.py:545} INFO - Filling up the DagBag from /home/logi/txtai/venv/lib/python3.10/site-packages/airflow/example_dags/tutorial_dag.py
[2025-11-01T13:13:22.985+0530] {processor.py:840} INFO - DAG(s) 'tutorial_dag' retrieved from /home/logi/txtai/venv/lib/python3.10/site-packages/airflow/example_dags/tutorial_dag.py
[2025-11-01T13:13:23.013+0530] {logging_mixin.py:188} INFO - [2025-11-01T13:13:23.013+0530] {dag.py:3089} INFO - Sync 1 DAGs
[2025-11-01T13:13:23.027+0530] {logging_mixin.py:188} INFO - [2025-11-01T13:13:23.027+0530] {dag.py:3947} INFO - Setting next_dagrun for tutorial_dag to None, run_after=None
[2025-11-01T13:13:23.045+0530] {processor.py:183} INFO - Processing /home/logi/txtai/venv/lib/python3.10/site-packages/airflow/example_dags/tutorial_dag.py took 0.095 seconds
[2025-11-01T13:14:18.835+0530] {processor.py:161} INFO - Started process (PID=12189) to work on /home/logi/txtai/venv/lib/python3.10/site-packages/airflow/example_dags/tutorial_dag.py
[2025-11-01T13:14:18.836+0530] {processor.py:830} INFO - Processing file /home/logi/txtai/venv/lib/python3.10/site-packages/airflow/example_dags/tutorial_dag.py for tasks to queue
[2025-11-01T13:14:18.838+0530] {logging_mixin.py:188} INFO - [2025-11-01T13:14:18.838+0530] {dagbag.py:545} INFO - Filling up the DagBag from /home/logi/txtai/venv/lib/python3.10/site-packages/airflow/example_dags/tutorial_dag.py
[2025-11-01T13:14:18.845+0530] {processor.py:840} INFO - DAG(s) 'tutorial_dag' retrieved from /home/logi/txtai/venv/lib/python3.10/site-packages/airflow/example_dags/tutorial_dag.py
[2025-11-01T13:14:18.874+0530] {logging_mixin.py:188} INFO - [2025-11-01T13:14:18.874+0530] {dag.py:3089} INFO - Sync 1 DAGs
[2025-11-01T13:14:18.889+0530] {logging_mixin.py:188} INFO - [2025-11-01T13:14:18.889+0530] {dag.py:3947} INFO - Setting next_dagrun for tutorial_dag to None, run_after=None
[2025-11-01T13:14:18.916+0530] {processor.py:183} INFO - Processing /home/logi/txtai/venv/lib/python3.10/site-packages/airflow/example_dags/tutorial_dag.py took 0.087 seconds
