[2025-11-13T23:34:16.669+0530] {local_task_job_runner.py:120} INFO - ::group::Pre task execution logs
[2025-11-13T23:34:16.727+0530] {taskinstance.py:2076} INFO - Dependencies all met for dep_context=non-requeueable deps ti=<TaskInstance: structured_data_pipeline.extract_products scheduled__2025-11-13T18:03:00+00:00 [queued]>
[2025-11-13T23:34:16.743+0530] {taskinstance.py:2076} INFO - Dependencies all met for dep_context=requeueable deps ti=<TaskInstance: structured_data_pipeline.extract_products scheduled__2025-11-13T18:03:00+00:00 [queued]>
[2025-11-13T23:34:16.743+0530] {taskinstance.py:2306} INFO - Starting attempt 1 of 1
[2025-11-13T23:34:16.764+0530] {taskinstance.py:2330} INFO - Executing <Task(PythonOperator): extract_products> on 2025-11-13 18:03:00+00:00
[2025-11-13T23:34:16.776+0530] {standard_task_runner.py:64} INFO - Started process 14275 to run task
[2025-11-13T23:34:16.783+0530] {standard_task_runner.py:90} INFO - Running: ['airflow', 'tasks', 'run', 'structured_data_pipeline', 'extract_products', 'scheduled__2025-11-13T18:03:00+00:00', '--job-id', '386', '--raw', '--subdir', 'DAGS_FOLDER/dag.py', '--cfg-path', '/tmp/tmp0t0hcoc6']
[2025-11-13T23:34:16.784+0530] {standard_task_runner.py:91} INFO - Job 386: Subtask extract_products
[2025-11-13T23:34:16.908+0530] {task_command.py:426} INFO - Running <TaskInstance: structured_data_pipeline.extract_products scheduled__2025-11-13T18:03:00+00:00 [running]> on host logi-Inspiron-15-3525
[2025-11-13T23:34:17.100+0530] {taskinstance.py:2648} INFO - Exporting env vars: AIRFLOW_CTX_DAG_OWNER='data_engineering' AIRFLOW_CTX_DAG_ID='structured_data_pipeline' AIRFLOW_CTX_TASK_ID='extract_products' AIRFLOW_CTX_EXECUTION_DATE='2025-11-13T18:03:00+00:00' AIRFLOW_CTX_TRY_NUMBER='1' AIRFLOW_CTX_DAG_RUN_ID='scheduled__2025-11-13T18:03:00+00:00'
[2025-11-13T23:34:17.102+0530] {taskinstance.py:430} INFO - ::endgroup::
[2025-11-13T23:34:17.103+0530] {tasks.py:126} INFO - Extracting data from table: products
[2025-11-13T23:34:17.129+0530] {tasks.py:136} INFO - Using postgres connector: postgres_source, found: False
[2025-11-13T23:34:17.129+0530] {tasks.py:37} INFO - Creating postgresql connector
[2025-11-13T23:34:17.130+0530] {factory.py:68} INFO - Created postgres connector
[2025-11-13T23:34:17.148+0530] {postgres.py:61} INFO - New connection established
[2025-11-13T23:34:17.152+0530] {postgres.py:100} INFO - PostgreSQL connection established successfully
[2025-11-13T23:34:17.153+0530] {postgres.py:188} INFO - PostgreSQL connection test successful: PostgreSQL 14.19 (Ubuntu 14.19-0ubuntu0.22.04.1) on x86_64-pc-linux-gnu, compiled by gcc (Ubuntu 11.4.0-1ubuntu1~22.04.2) 11.4.0, 64-bit
[2025-11-13T23:34:17.154+0530] {tasks.py:61} INFO - postgresql connector created and registered: postgres_source
[2025-11-13T23:34:17.173+0530] {postgres.py:61} INFO - New connection established
[2025-11-13T23:34:17.187+0530] {factory.py:64} INFO - Created postgres extractor
[2025-11-13T23:34:17.188+0530] {state_manager.py:38} INFO - Loaded state from /home/logi/txtai/etl_pipeline/etl_state.json
[2025-11-13T23:34:17.188+0530] {state_manager.py:79} INFO - Last extracted value for products.updated_at: 2025-11-13T00:33:59.242802
[2025-11-13T23:34:17.188+0530] {tasks.py:170} INFO - Using last date: 2025-11-13T00:33:59.242802
[2025-11-13T23:34:17.189+0530] {postgres_extractor.py:145} INFO - Performing incremental date extraction from products using column updated_at
[2025-11-13T23:34:17.203+0530] {logging_mixin.py:188} WARNING - /home/logi/txtai/etl_pipeline/extractor/postgres_extractor.py:188 UserWarning: pandas only supports SQLAlchemy connectable (engine/connection) or database string URI or sqlite3 DBAPI2 connection. Other DBAPI2 objects are not tested. Please consider using SQLAlchemy.
[2025-11-13T23:34:17.215+0530] {postgres_extractor.py:191} INFO - Extracted 0 rows from products (date range: 2025-11-13T00:33:59.242802 to None)
[2025-11-13T23:34:17.217+0530] {tasks.py:207} INFO - Extracted 0 rows from products
[2025-11-13T23:34:17.217+0530] {python.py:237} INFO - Done. Returned value was: {'table_name': 'products', 'row_count': 0, 'data': [], 'columns': ['id', 'name', 'price', 'stock', 'created_at', 'updated_at']}
[2025-11-13T23:34:17.218+0530] {taskinstance.py:441} INFO - ::group::Post task execution logs
[2025-11-13T23:34:17.229+0530] {postgres.py:61} INFO - New connection established
[2025-11-13T23:34:17.250+0530] {postgres.py:61} INFO - New connection established
[2025-11-13T23:34:17.256+0530] {taskinstance.py:1206} INFO - Marking task as SUCCESS. dag_id=structured_data_pipeline, task_id=extract_products, run_id=scheduled__2025-11-13T18:03:00+00:00, execution_date=20251113T180300, start_date=20251113T180416, end_date=20251113T180417
[2025-11-13T23:34:17.317+0530] {local_task_job_runner.py:243} INFO - Task exited with return code 0
[2025-11-13T23:34:17.383+0530] {taskinstance.py:3503} INFO - 1 downstream tasks scheduled from follow-on schedule check
[2025-11-13T23:34:17.396+0530] {local_task_job_runner.py:222} INFO - ::endgroup::
