[2025-11-12T23:47:25.232+0530] {local_task_job_runner.py:120} INFO - ::group::Pre task execution logs
[2025-11-12T23:47:25.256+0530] {taskinstance.py:2076} INFO - Dependencies all met for dep_context=non-requeueable deps ti=<TaskInstance: structured_data_pipeline.transform_orders manual__2025-11-12T18:16:23.398742+00:00 [queued]>
[2025-11-12T23:47:25.267+0530] {taskinstance.py:2076} INFO - Dependencies all met for dep_context=requeueable deps ti=<TaskInstance: structured_data_pipeline.transform_orders manual__2025-11-12T18:16:23.398742+00:00 [queued]>
[2025-11-12T23:47:25.268+0530] {taskinstance.py:2306} INFO - Starting attempt 1 of 1
[2025-11-12T23:47:25.291+0530] {taskinstance.py:2330} INFO - Executing <Task(PythonOperator): transform_orders> on 2025-11-12 18:16:23.398742+00:00
[2025-11-12T23:47:25.305+0530] {standard_task_runner.py:64} INFO - Started process 40319 to run task
[2025-11-12T23:47:25.314+0530] {standard_task_runner.py:90} INFO - Running: ['airflow', 'tasks', 'run', 'structured_data_pipeline', 'transform_orders', 'manual__2025-11-12T18:16:23.398742+00:00', '--job-id', '254', '--raw', '--subdir', 'DAGS_FOLDER/dag.py', '--cfg-path', '/tmp/tmp4cw0_p96']
[2025-11-12T23:47:25.316+0530] {standard_task_runner.py:91} INFO - Job 254: Subtask transform_orders
[2025-11-12T23:47:25.379+0530] {task_command.py:426} INFO - Running <TaskInstance: structured_data_pipeline.transform_orders manual__2025-11-12T18:16:23.398742+00:00 [running]> on host logi-Inspiron-15-3525
[2025-11-12T23:47:25.458+0530] {taskinstance.py:2648} INFO - Exporting env vars: AIRFLOW_CTX_DAG_OWNER='data_engineering' AIRFLOW_CTX_DAG_ID='structured_data_pipeline' AIRFLOW_CTX_TASK_ID='transform_orders' AIRFLOW_CTX_EXECUTION_DATE='2025-11-12T18:16:23.398742+00:00' AIRFLOW_CTX_TRY_NUMBER='1' AIRFLOW_CTX_DAG_RUN_ID='manual__2025-11-12T18:16:23.398742+00:00'
[2025-11-12T23:47:25.459+0530] {taskinstance.py:430} INFO - ::endgroup::
[2025-11-12T23:47:25.463+0530] {tasks.py:220} INFO - Transforming data for table: orders
[2025-11-12T23:47:25.465+0530] {factory.py:60} INFO - Created json transformer
[2025-11-12T23:47:25.470+0530] {json_transformer.py:101} INFO - Transformed 3 rows to JSON format
[2025-11-12T23:47:25.470+0530] {tasks.py:245} INFO - Transformed 3 rows for orders
[2025-11-12T23:47:25.470+0530] {python.py:237} INFO - Done. Returned value was: {'table_name': 'orders', 'row_count': 3, 'data': [{'order_id': 1, 'user_id': 1, 'order_date': '2025-11-11T23:37:14.168459', 'total_amount': 100.5, 'status': 'pending'}, {'order_id': 2, 'user_id': 2, 'order_date': '2025-11-11T23:37:14.168459', 'total_amount': 200.0, 'status': 'completed'}, {'order_id': 3, 'user_id': 3, 'order_date': '2025-11-11T23:37:14.168459', 'total_amount': 150.0, 'status': 'shipped'}]}
[2025-11-12T23:47:25.470+0530] {taskinstance.py:441} INFO - ::group::Post task execution logs
[2025-11-12T23:47:25.487+0530] {taskinstance.py:1206} INFO - Marking task as SUCCESS. dag_id=structured_data_pipeline, task_id=transform_orders, run_id=manual__2025-11-12T18:16:23.398742+00:00, execution_date=20251112T181623, start_date=20251112T181725, end_date=20251112T181725
[2025-11-12T23:47:25.526+0530] {local_task_job_runner.py:243} INFO - Task exited with return code 0
[2025-11-12T23:47:25.555+0530] {taskinstance.py:3503} INFO - 1 downstream tasks scheduled from follow-on schedule check
[2025-11-12T23:47:25.565+0530] {local_task_job_runner.py:222} INFO - ::endgroup::
