[2025-11-13T05:50:42.335+0530] {processor.py:161} INFO - Started process (PID=6770) to work on /home/logi/txtai/etl_pipeline/dags/dag.py
[2025-11-13T05:50:42.337+0530] {processor.py:830} INFO - Processing file /home/logi/txtai/etl_pipeline/dags/dag.py for tasks to queue
[2025-11-13T05:50:42.340+0530] {logging_mixin.py:188} INFO - [2025-11-13T05:50:42.339+0530] {dagbag.py:545} INFO - Filling up the DagBag from /home/logi/txtai/etl_pipeline/dags/dag.py
[2025-11-13T05:50:42.930+0530] {processor.py:840} INFO - DAG(s) 'structured_data_pipeline' retrieved from /home/logi/txtai/etl_pipeline/dags/dag.py
[2025-11-13T05:50:42.935+0530] {logging_mixin.py:188} INFO - [2025-11-13T05:50:42.935+0530] {dag.py:3089} INFO - Sync 1 DAGs
[2025-11-13T05:50:42.951+0530] {logging_mixin.py:188} INFO - [2025-11-13T05:50:42.950+0530] {dag.py:3947} INFO - Setting next_dagrun for structured_data_pipeline to 2025-11-13 00:19:00+00:00, run_after=2025-11-13 00:20:00+00:00
[2025-11-13T05:50:42.983+0530] {processor.py:183} INFO - Processing /home/logi/txtai/etl_pipeline/dags/dag.py took 0.658 seconds
[2025-11-13T05:52:03.637+0530] {processor.py:161} INFO - Started process (PID=7457) to work on /home/logi/txtai/etl_pipeline/dags/dag.py
[2025-11-13T05:52:03.639+0530] {processor.py:830} INFO - Processing file /home/logi/txtai/etl_pipeline/dags/dag.py for tasks to queue
[2025-11-13T05:52:03.642+0530] {logging_mixin.py:188} INFO - [2025-11-13T05:52:03.642+0530] {dagbag.py:545} INFO - Filling up the DagBag from /home/logi/txtai/etl_pipeline/dags/dag.py
[2025-11-13T05:52:04.184+0530] {processor.py:840} INFO - DAG(s) 'structured_data_pipeline' retrieved from /home/logi/txtai/etl_pipeline/dags/dag.py
[2025-11-13T05:52:04.244+0530] {logging_mixin.py:188} INFO - [2025-11-13T05:52:04.243+0530] {dag.py:3089} INFO - Sync 1 DAGs
[2025-11-13T05:52:04.287+0530] {processor.py:183} INFO - Processing /home/logi/txtai/etl_pipeline/dags/dag.py took 0.662 seconds
[2025-11-13T05:53:23.766+0530] {processor.py:161} INFO - Started process (PID=8243) to work on /home/logi/txtai/etl_pipeline/dags/dag.py
[2025-11-13T05:53:23.770+0530] {processor.py:830} INFO - Processing file /home/logi/txtai/etl_pipeline/dags/dag.py for tasks to queue
[2025-11-13T05:53:23.776+0530] {logging_mixin.py:188} INFO - [2025-11-13T05:53:23.775+0530] {dagbag.py:545} INFO - Filling up the DagBag from /home/logi/txtai/etl_pipeline/dags/dag.py
[2025-11-13T05:53:24.327+0530] {processor.py:840} INFO - DAG(s) 'structured_data_pipeline' retrieved from /home/logi/txtai/etl_pipeline/dags/dag.py
[2025-11-13T05:53:24.336+0530] {logging_mixin.py:188} INFO - [2025-11-13T05:53:24.335+0530] {dag.py:3089} INFO - Sync 1 DAGs
[2025-11-13T05:53:24.401+0530] {processor.py:183} INFO - Processing /home/logi/txtai/etl_pipeline/dags/dag.py took 0.651 seconds
[2025-11-13T05:55:44.785+0530] {processor.py:161} INFO - Started process (PID=9850) to work on /home/logi/txtai/etl_pipeline/dags/dag.py
[2025-11-13T05:55:44.791+0530] {processor.py:830} INFO - Processing file /home/logi/txtai/etl_pipeline/dags/dag.py for tasks to queue
[2025-11-13T05:55:44.794+0530] {logging_mixin.py:188} INFO - [2025-11-13T05:55:44.794+0530] {dagbag.py:545} INFO - Filling up the DagBag from /home/logi/txtai/etl_pipeline/dags/dag.py
[2025-11-13T05:55:45.283+0530] {processor.py:840} INFO - DAG(s) 'structured_data_pipeline' retrieved from /home/logi/txtai/etl_pipeline/dags/dag.py
[2025-11-13T05:55:45.340+0530] {logging_mixin.py:188} INFO - [2025-11-13T05:55:45.339+0530] {dag.py:3089} INFO - Sync 1 DAGs
[2025-11-13T05:55:45.377+0530] {processor.py:183} INFO - Processing /home/logi/txtai/etl_pipeline/dags/dag.py took 0.602 seconds
[2025-11-13T05:57:53.981+0530] {processor.py:161} INFO - Started process (PID=11075) to work on /home/logi/txtai/etl_pipeline/dags/dag.py
[2025-11-13T05:57:53.995+0530] {processor.py:830} INFO - Processing file /home/logi/txtai/etl_pipeline/dags/dag.py for tasks to queue
[2025-11-13T05:57:53.999+0530] {logging_mixin.py:188} INFO - [2025-11-13T05:57:53.998+0530] {dagbag.py:545} INFO - Filling up the DagBag from /home/logi/txtai/etl_pipeline/dags/dag.py
[2025-11-13T05:57:54.623+0530] {processor.py:840} INFO - DAG(s) 'structured_data_pipeline' retrieved from /home/logi/txtai/etl_pipeline/dags/dag.py
[2025-11-13T05:57:54.627+0530] {logging_mixin.py:188} INFO - [2025-11-13T05:57:54.627+0530] {dag.py:3089} INFO - Sync 1 DAGs
[2025-11-13T05:57:54.644+0530] {logging_mixin.py:188} INFO - [2025-11-13T05:57:54.643+0530] {dag.py:3947} INFO - Setting next_dagrun for structured_data_pipeline to 2025-11-13 00:27:00+00:00, run_after=2025-11-13 00:28:00+00:00
[2025-11-13T05:57:54.671+0530] {processor.py:183} INFO - Processing /home/logi/txtai/etl_pipeline/dags/dag.py took 0.701 seconds
[2025-11-13T06:00:01.346+0530] {processor.py:161} INFO - Started process (PID=12452) to work on /home/logi/txtai/etl_pipeline/dags/dag.py
[2025-11-13T06:00:01.361+0530] {processor.py:830} INFO - Processing file /home/logi/txtai/etl_pipeline/dags/dag.py for tasks to queue
[2025-11-13T06:00:01.364+0530] {logging_mixin.py:188} INFO - [2025-11-13T06:00:01.363+0530] {dagbag.py:545} INFO - Filling up the DagBag from /home/logi/txtai/etl_pipeline/dags/dag.py
[2025-11-13T06:00:01.991+0530] {processor.py:840} INFO - DAG(s) 'structured_data_pipeline' retrieved from /home/logi/txtai/etl_pipeline/dags/dag.py
[2025-11-13T06:00:02.055+0530] {logging_mixin.py:188} INFO - [2025-11-13T06:00:02.055+0530] {dag.py:3089} INFO - Sync 1 DAGs
[2025-11-13T06:00:02.070+0530] {logging_mixin.py:188} INFO - [2025-11-13T06:00:02.069+0530] {dag.py:3947} INFO - Setting next_dagrun for structured_data_pipeline to 2025-11-13 00:29:00+00:00, run_after=2025-11-13 00:30:00+00:00
[2025-11-13T06:00:02.102+0530] {processor.py:183} INFO - Processing /home/logi/txtai/etl_pipeline/dags/dag.py took 0.767 seconds
[2025-11-13T06:02:20.126+0530] {processor.py:161} INFO - Started process (PID=14032) to work on /home/logi/txtai/etl_pipeline/dags/dag.py
[2025-11-13T06:02:20.128+0530] {processor.py:830} INFO - Processing file /home/logi/txtai/etl_pipeline/dags/dag.py for tasks to queue
[2025-11-13T06:02:20.131+0530] {logging_mixin.py:188} INFO - [2025-11-13T06:02:20.130+0530] {dagbag.py:545} INFO - Filling up the DagBag from /home/logi/txtai/etl_pipeline/dags/dag.py
[2025-11-13T06:02:20.613+0530] {processor.py:840} INFO - DAG(s) 'structured_data_pipeline' retrieved from /home/logi/txtai/etl_pipeline/dags/dag.py
[2025-11-13T06:02:20.618+0530] {logging_mixin.py:188} INFO - [2025-11-13T06:02:20.617+0530] {dag.py:3089} INFO - Sync 1 DAGs
[2025-11-13T06:02:20.657+0530] {processor.py:183} INFO - Processing /home/logi/txtai/etl_pipeline/dags/dag.py took 0.541 seconds
[2025-11-13T06:04:08.452+0530] {processor.py:161} INFO - Started process (PID=15147) to work on /home/logi/txtai/etl_pipeline/dags/dag.py
[2025-11-13T06:04:08.454+0530] {processor.py:830} INFO - Processing file /home/logi/txtai/etl_pipeline/dags/dag.py for tasks to queue
[2025-11-13T06:04:08.457+0530] {logging_mixin.py:188} INFO - [2025-11-13T06:04:08.456+0530] {dagbag.py:545} INFO - Filling up the DagBag from /home/logi/txtai/etl_pipeline/dags/dag.py
[2025-11-13T06:04:08.959+0530] {processor.py:840} INFO - DAG(s) 'structured_data_pipeline' retrieved from /home/logi/txtai/etl_pipeline/dags/dag.py
[2025-11-13T06:04:09.018+0530] {logging_mixin.py:188} INFO - [2025-11-13T06:04:09.017+0530] {dag.py:3089} INFO - Sync 1 DAGs
[2025-11-13T06:04:09.058+0530] {processor.py:183} INFO - Processing /home/logi/txtai/etl_pipeline/dags/dag.py took 0.616 seconds
[2025-11-13T10:40:36.597+0530] {processor.py:161} INFO - Started process (PID=16946) to work on /home/logi/txtai/etl_pipeline/dags/dag.py
[2025-11-13T10:40:36.599+0530] {processor.py:830} INFO - Processing file /home/logi/txtai/etl_pipeline/dags/dag.py for tasks to queue
[2025-11-13T10:40:36.602+0530] {logging_mixin.py:188} INFO - [2025-11-13T10:40:36.601+0530] {dagbag.py:545} INFO - Filling up the DagBag from /home/logi/txtai/etl_pipeline/dags/dag.py
[2025-11-13T10:40:37.778+0530] {processor.py:840} INFO - DAG(s) 'structured_data_pipeline' retrieved from /home/logi/txtai/etl_pipeline/dags/dag.py
[2025-11-13T10:40:37.885+0530] {logging_mixin.py:188} INFO - [2025-11-13T10:40:37.884+0530] {override.py:1861} ERROR - Creation of Permission View Error: (psycopg2.errors.UniqueViolation) duplicate key value violates unique constraint "serialized_dag_pkey"
DETAIL:  Key (dag_id)=(structured_data_pipeline) already exists.

[SQL: INSERT INTO serialized_dag (dag_id, fileloc, fileloc_hash, data, data_compressed, last_updated, dag_hash, processor_subdir) VALUES (%(dag_id)s, %(fileloc)s, %(fileloc_hash)s, %(data)s, %(data_compressed)s, %(last_updated)s, %(dag_hash)s, %(processor_subdir)s)]
[parameters: {'dag_id': 'structured_data_pipeline', 'fileloc': '/home/logi/txtai/etl_pipeline/dags/dag.py', 'fileloc_hash': 14839678067932170, 'data': '{"__version": 1, "dag": {"fileloc": "/home/logi/txtai/etl_pipeline/dags/dag.py", "_dag_id": "structured_data_pipeline", "timetable": {"__type": "airf ... (10504 characters truncated) ... le": "airflow.operators.python", "_is_empty": false, "op_args": [], "op_kwargs": {"table_name": "products"}}], "dag_dependencies": [], "params": []}}', 'data_compressed': None, 'last_updated': datetime.datetime(2025, 11, 13, 5, 10, 37, 816997, tzinfo=Timezone('UTC')), 'dag_hash': 'ca5c74a2e394ecb3e19323c403d476d1', 'processor_subdir': '/home/logi/txtai/etl_pipeline/dags'}]
(Background on this error at: https://sqlalche.me/e/14/gkpj)
[2025-11-13T10:40:37.897+0530] {logging_mixin.py:188} INFO - [2025-11-13T10:40:37.897+0530] {override.py:1861} ERROR - Creation of Permission View Error: (psycopg2.errors.UniqueViolation) duplicate key value violates unique constraint "ab_permission_view_permission_id_view_menu_id_uq"
DETAIL:  Key (permission_id, view_menu_id)=(2, 54) already exists.

[SQL: INSERT INTO ab_permission_view (permission_id, view_menu_id) VALUES (%(permission_id)s, %(view_menu_id)s) RETURNING ab_permission_view.id]
[parameters: {'permission_id': 2, 'view_menu_id': 54}]
(Background on this error at: https://sqlalche.me/e/14/gkpj)
[2025-11-13T10:40:37.906+0530] {logging_mixin.py:188} INFO - [2025-11-13T10:40:37.906+0530] {override.py:1858} INFO - Created Permission View: can delete on DAG:structured_data_pipeline
[2025-11-13T10:40:37.907+0530] {logging_mixin.py:188} INFO - [2025-11-13T10:40:37.906+0530] {dag.py:3089} INFO - Sync 1 DAGs
[2025-11-13T10:40:37.918+0530] {logging_mixin.py:188} INFO - [2025-11-13T10:40:37.918+0530] {dag.py:3111} INFO - Creating ORM DAG for structured_data_pipeline
[2025-11-13T10:40:37.927+0530] {logging_mixin.py:188} INFO - [2025-11-13T10:40:37.927+0530] {dag.py:3947} INFO - Setting next_dagrun for structured_data_pipeline to 2025-11-13 04:58:00+00:00, run_after=2025-11-13 04:59:00+00:00
[2025-11-13T10:40:38.128+0530] {logging_mixin.py:188} INFO - [2025-11-13T10:40:38.119+0530] {dagbag.py:654} ERROR - Failed to write serialized DAG: /home/logi/txtai/etl_pipeline/dags/dag.py
Traceback (most recent call last):
  File "/home/logi/txtai/venv/lib/python3.10/site-packages/airflow/models/dagbag.py", line 642, in _serialize_dag_capturing_errors
    dag_was_updated = SerializedDagModel.write_dag(
  File "/home/logi/txtai/venv/lib/python3.10/site-packages/airflow/utils/session.py", line 76, in wrapper
    return func(*args, **kwargs)
  File "/home/logi/txtai/venv/lib/python3.10/site-packages/airflow/models/serialized_dag.py", line 158, in write_dag
    if session.scalar(
  File "/home/logi/txtai/venv/lib/python3.10/site-packages/sqlalchemy/orm/session.py", line 1747, in scalar
    return self.execute(
  File "/home/logi/txtai/venv/lib/python3.10/site-packages/sqlalchemy/orm/session.py", line 1716, in execute
    conn = self._connection_for_bind(bind)
  File "/home/logi/txtai/venv/lib/python3.10/site-packages/sqlalchemy/orm/session.py", line 1555, in _connection_for_bind
    return self._transaction._connection_for_bind(
  File "/home/logi/txtai/venv/lib/python3.10/site-packages/sqlalchemy/orm/session.py", line 724, in _connection_for_bind
    self._assert_active()
  File "/home/logi/txtai/venv/lib/python3.10/site-packages/sqlalchemy/orm/session.py", line 604, in _assert_active
    raise sa_exc.PendingRollbackError(
sqlalchemy.exc.PendingRollbackError: This Session's transaction has been rolled back due to a previous exception during flush. To begin a new transaction with this Session, first issue Session.rollback(). Original exception was: (psycopg2.errors.UniqueViolation) duplicate key value violates unique constraint "dag_pkey"
DETAIL:  Key (dag_id)=(structured_data_pipeline) already exists.

[SQL: INSERT INTO dag (dag_id, root_dag_id, is_paused, is_subdag, is_active, last_parsed_time, last_pickled, last_expired, scheduler_lock, pickle_id, fileloc, processor_subdir, owners, dag_display_name, description, default_view, schedule_interval, timetable_description, dataset_expression, max_active_tasks, max_active_runs, max_consecutive_failed_dag_runs, has_task_concurrency_limits, has_import_errors, next_dagrun, next_dagrun_data_interval_start, next_dagrun_data_interval_end, next_dagrun_create_after) VALUES (%(dag_id)s, %(root_dag_id)s, %(is_paused)s, %(is_subdag)s, %(is_active)s, %(last_parsed_time)s, %(last_pickled)s, %(last_expired)s, %(scheduler_lock)s, %(pickle_id)s, %(fileloc)s, %(processor_subdir)s, %(owners)s, %(dag_display_name)s, %(description)s, %(default_view)s, %(schedule_interval)s, %(timetable_description)s, %(dataset_expression)s, %(max_active_tasks)s, %(max_active_runs)s, %(max_consecutive_failed_dag_runs)s, %(has_task_concurrency_limits)s, %(has_import_errors)s, %(next_dagrun)s, %(next_dagrun_data_interval_start)s, %(next_dagrun_data_interval_end)s, %(next_dagrun_create_after)s)]
[parameters: {'dag_id': 'structured_data_pipeline', 'root_dag_id': None, 'is_paused': True, 'is_subdag': False, 'is_active': True, 'last_parsed_time': datetime.datetime(2025, 11, 13, 5, 10, 37, 926071, tzinfo=Timezone('UTC')), 'last_pickled': None, 'last_expired': None, 'scheduler_lock': None, 'pickle_id': None, 'fileloc': '/home/logi/txtai/etl_pipeline/dags/dag.py', 'processor_subdir': '/home/logi/txtai/etl_pipeline/dags', 'owners': 'data_engineering', 'dag_display_name': None, 'description': 'ETL pipeline from postgresql to elasticsearch', 'default_view': 'grid', 'schedule_interval': '"* */2 * * *"', 'timetable_description': 'Every minute, every 2 hours', 'dataset_expression': 'null', 'max_active_tasks': 16, 'max_active_runs': 1, 'max_consecutive_failed_dag_runs': 0, 'has_task_concurrency_limits': False, 'has_import_errors': False, 'next_dagrun': DateTime(2025, 11, 13, 4, 58, 0, tzinfo=Timezone('UTC')), 'next_dagrun_data_interval_start': DateTime(2025, 11, 13, 4, 58, 0, tzinfo=Timezone('UTC')), 'next_dagrun_data_interval_end': DateTime(2025, 11, 13, 4, 59, 0, tzinfo=Timezone('UTC')), 'next_dagrun_create_after': DateTime(2025, 11, 13, 4, 59, 0, tzinfo=Timezone('UTC'))}]
(Background on this error at: https://sqlalche.me/e/14/gkpj) (Background on this error at: https://sqlalche.me/e/14/7s2a)
[2025-11-13T10:40:38.129+0530] {logging_mixin.py:188} INFO - [2025-11-13T10:40:38.128+0530] {dag.py:3089} INFO - Sync 1 DAGs
[2025-11-13T10:40:38.131+0530] {processor.py:186} ERROR - Got an exception! Propagating...
Traceback (most recent call last):
  File "/home/logi/txtai/venv/lib/python3.10/site-packages/airflow/dag_processing/processor.py", line 182, in _run_file_processor
    _handle_dag_file_processing()
  File "/home/logi/txtai/venv/lib/python3.10/site-packages/airflow/dag_processing/processor.py", line 163, in _handle_dag_file_processing
    result: tuple[int, int] = dag_file_processor.process_file(
  File "/home/logi/txtai/venv/lib/python3.10/site-packages/airflow/utils/session.py", line 79, in wrapper
    return func(*args, session=session, **kwargs)
  File "/home/logi/txtai/venv/lib/python3.10/site-packages/airflow/dag_processing/processor.py", line 859, in process_file
    serialize_errors = DagFileProcessor.save_dag_to_db(
  File "/home/logi/txtai/venv/lib/python3.10/site-packages/airflow/api_internal/internal_api_call.py", line 115, in wrapper
    return func(*args, **kwargs)
  File "/home/logi/txtai/venv/lib/python3.10/site-packages/airflow/utils/session.py", line 79, in wrapper
    return func(*args, session=session, **kwargs)
  File "/home/logi/txtai/venv/lib/python3.10/site-packages/airflow/dag_processing/processor.py", line 895, in save_dag_to_db
    import_errors = DagBag._sync_to_db(dags=dags, processor_subdir=dag_directory, session=session)
  File "/home/logi/txtai/venv/lib/python3.10/site-packages/airflow/utils/session.py", line 76, in wrapper
    return func(*args, **kwargs)
  File "/home/logi/txtai/venv/lib/python3.10/site-packages/airflow/models/dagbag.py", line 664, in _sync_to_db
    for attempt in run_with_db_retries(logger=log):
  File "/home/logi/txtai/venv/lib/python3.10/site-packages/tenacity/__init__.py", line 443, in __iter__
    do = self.iter(retry_state=retry_state)
  File "/home/logi/txtai/venv/lib/python3.10/site-packages/tenacity/__init__.py", line 376, in iter
    result = action(retry_state)
  File "/home/logi/txtai/venv/lib/python3.10/site-packages/tenacity/__init__.py", line 398, in <lambda>
    self._add_action_func(lambda rs: rs.outcome.result())
  File "/usr/lib/python3.10/concurrent/futures/_base.py", line 451, in result
    return self.__get_result()
  File "/usr/lib/python3.10/concurrent/futures/_base.py", line 403, in __get_result
    raise self._exception
  File "/home/logi/txtai/venv/lib/python3.10/site-packages/airflow/models/dagbag.py", line 680, in _sync_to_db
    DAG.bulk_write_to_db(dags.values(), processor_subdir=processor_subdir, session=session)
  File "/home/logi/txtai/venv/lib/python3.10/site-packages/airflow/utils/session.py", line 76, in wrapper
    return func(*args, **kwargs)
  File "/home/logi/txtai/venv/lib/python3.10/site-packages/airflow/models/dag.py", line 3101, in bulk_write_to_db
    orm_dags: list[DagModel] = session.scalars(query).unique().all()
  File "/home/logi/txtai/venv/lib/python3.10/site-packages/sqlalchemy/orm/session.py", line 1778, in scalars
    return self.execute(
  File "/home/logi/txtai/venv/lib/python3.10/site-packages/sqlalchemy/orm/session.py", line 1716, in execute
    conn = self._connection_for_bind(bind)
  File "/home/logi/txtai/venv/lib/python3.10/site-packages/sqlalchemy/orm/session.py", line 1555, in _connection_for_bind
    return self._transaction._connection_for_bind(
  File "/home/logi/txtai/venv/lib/python3.10/site-packages/sqlalchemy/orm/session.py", line 724, in _connection_for_bind
    self._assert_active()
  File "/home/logi/txtai/venv/lib/python3.10/site-packages/sqlalchemy/orm/session.py", line 604, in _assert_active
    raise sa_exc.PendingRollbackError(
sqlalchemy.exc.PendingRollbackError: This Session's transaction has been rolled back due to a previous exception during flush. To begin a new transaction with this Session, first issue Session.rollback(). Original exception was: (psycopg2.errors.UniqueViolation) duplicate key value violates unique constraint "dag_pkey"
DETAIL:  Key (dag_id)=(structured_data_pipeline) already exists.

[SQL: INSERT INTO dag (dag_id, root_dag_id, is_paused, is_subdag, is_active, last_parsed_time, last_pickled, last_expired, scheduler_lock, pickle_id, fileloc, processor_subdir, owners, dag_display_name, description, default_view, schedule_interval, timetable_description, dataset_expression, max_active_tasks, max_active_runs, max_consecutive_failed_dag_runs, has_task_concurrency_limits, has_import_errors, next_dagrun, next_dagrun_data_interval_start, next_dagrun_data_interval_end, next_dagrun_create_after) VALUES (%(dag_id)s, %(root_dag_id)s, %(is_paused)s, %(is_subdag)s, %(is_active)s, %(last_parsed_time)s, %(last_pickled)s, %(last_expired)s, %(scheduler_lock)s, %(pickle_id)s, %(fileloc)s, %(processor_subdir)s, %(owners)s, %(dag_display_name)s, %(description)s, %(default_view)s, %(schedule_interval)s, %(timetable_description)s, %(dataset_expression)s, %(max_active_tasks)s, %(max_active_runs)s, %(max_consecutive_failed_dag_runs)s, %(has_task_concurrency_limits)s, %(has_import_errors)s, %(next_dagrun)s, %(next_dagrun_data_interval_start)s, %(next_dagrun_data_interval_end)s, %(next_dagrun_create_after)s)]
[parameters: {'dag_id': 'structured_data_pipeline', 'root_dag_id': None, 'is_paused': True, 'is_subdag': False, 'is_active': True, 'last_parsed_time': datetime.datetime(2025, 11, 13, 5, 10, 37, 926071, tzinfo=Timezone('UTC')), 'last_pickled': None, 'last_expired': None, 'scheduler_lock': None, 'pickle_id': None, 'fileloc': '/home/logi/txtai/etl_pipeline/dags/dag.py', 'processor_subdir': '/home/logi/txtai/etl_pipeline/dags', 'owners': 'data_engineering', 'dag_display_name': None, 'description': 'ETL pipeline from postgresql to elasticsearch', 'default_view': 'grid', 'schedule_interval': '"* */2 * * *"', 'timetable_description': 'Every minute, every 2 hours', 'dataset_expression': 'null', 'max_active_tasks': 16, 'max_active_runs': 1, 'max_consecutive_failed_dag_runs': 0, 'has_task_concurrency_limits': False, 'has_import_errors': False, 'next_dagrun': DateTime(2025, 11, 13, 4, 58, 0, tzinfo=Timezone('UTC')), 'next_dagrun_data_interval_start': DateTime(2025, 11, 13, 4, 58, 0, tzinfo=Timezone('UTC')), 'next_dagrun_data_interval_end': DateTime(2025, 11, 13, 4, 59, 0, tzinfo=Timezone('UTC')), 'next_dagrun_create_after': DateTime(2025, 11, 13, 4, 59, 0, tzinfo=Timezone('UTC'))}]
(Background on this error at: https://sqlalche.me/e/14/gkpj) (Background on this error at: https://sqlalche.me/e/14/7s2a)
[2025-11-13T10:41:08.582+0530] {processor.py:161} INFO - Started process (PID=17302) to work on /home/logi/txtai/etl_pipeline/dags/dag.py
[2025-11-13T10:41:08.584+0530] {processor.py:830} INFO - Processing file /home/logi/txtai/etl_pipeline/dags/dag.py for tasks to queue
[2025-11-13T10:41:08.586+0530] {logging_mixin.py:188} INFO - [2025-11-13T10:41:08.586+0530] {dagbag.py:545} INFO - Filling up the DagBag from /home/logi/txtai/etl_pipeline/dags/dag.py
[2025-11-13T10:41:09.353+0530] {processor.py:840} INFO - DAG(s) 'structured_data_pipeline' retrieved from /home/logi/txtai/etl_pipeline/dags/dag.py
[2025-11-13T10:41:09.444+0530] {logging_mixin.py:188} INFO - [2025-11-13T10:41:09.443+0530] {dag.py:3089} INFO - Sync 1 DAGs
[2025-11-13T10:41:09.493+0530] {processor.py:183} INFO - Processing /home/logi/txtai/etl_pipeline/dags/dag.py took 0.921 seconds
[2025-11-13T10:41:40.045+0530] {processor.py:161} INFO - Started process (PID=18002) to work on /home/logi/txtai/etl_pipeline/dags/dag.py
[2025-11-13T10:41:40.050+0530] {processor.py:830} INFO - Processing file /home/logi/txtai/etl_pipeline/dags/dag.py for tasks to queue
[2025-11-13T10:41:40.053+0530] {logging_mixin.py:188} INFO - [2025-11-13T10:41:40.052+0530] {dagbag.py:545} INFO - Filling up the DagBag from /home/logi/txtai/etl_pipeline/dags/dag.py
[2025-11-13T10:41:40.716+0530] {processor.py:840} INFO - DAG(s) 'structured_data_pipeline' retrieved from /home/logi/txtai/etl_pipeline/dags/dag.py
[2025-11-13T10:41:40.753+0530] {logging_mixin.py:188} INFO - [2025-11-13T10:41:40.752+0530] {dag.py:3089} INFO - Sync 1 DAGs
[2025-11-13T10:41:40.810+0530] {processor.py:183} INFO - Processing /home/logi/txtai/etl_pipeline/dags/dag.py took 0.772 seconds
[2025-11-13T10:42:11.196+0530] {processor.py:161} INFO - Started process (PID=18563) to work on /home/logi/txtai/etl_pipeline/dags/dag.py
[2025-11-13T10:42:11.198+0530] {processor.py:830} INFO - Processing file /home/logi/txtai/etl_pipeline/dags/dag.py for tasks to queue
[2025-11-13T10:42:11.202+0530] {logging_mixin.py:188} INFO - [2025-11-13T10:42:11.202+0530] {dagbag.py:545} INFO - Filling up the DagBag from /home/logi/txtai/etl_pipeline/dags/dag.py
[2025-11-13T10:42:11.933+0530] {processor.py:840} INFO - DAG(s) 'structured_data_pipeline' retrieved from /home/logi/txtai/etl_pipeline/dags/dag.py
[2025-11-13T10:42:12.111+0530] {logging_mixin.py:188} INFO - [2025-11-13T10:42:12.110+0530] {dag.py:3089} INFO - Sync 1 DAGs
[2025-11-13T10:42:12.210+0530] {processor.py:183} INFO - Processing /home/logi/txtai/etl_pipeline/dags/dag.py took 1.030 seconds
[2025-11-13T10:42:43.084+0530] {processor.py:161} INFO - Started process (PID=18909) to work on /home/logi/txtai/etl_pipeline/dags/dag.py
[2025-11-13T10:42:43.085+0530] {processor.py:830} INFO - Processing file /home/logi/txtai/etl_pipeline/dags/dag.py for tasks to queue
[2025-11-13T10:42:43.087+0530] {logging_mixin.py:188} INFO - [2025-11-13T10:42:43.087+0530] {dagbag.py:545} INFO - Filling up the DagBag from /home/logi/txtai/etl_pipeline/dags/dag.py
[2025-11-13T10:42:43.792+0530] {processor.py:840} INFO - DAG(s) 'structured_data_pipeline' retrieved from /home/logi/txtai/etl_pipeline/dags/dag.py
[2025-11-13T10:42:43.825+0530] {logging_mixin.py:188} INFO - [2025-11-13T10:42:43.824+0530] {dag.py:3089} INFO - Sync 1 DAGs
[2025-11-13T10:42:43.852+0530] {logging_mixin.py:188} INFO - [2025-11-13T10:42:43.851+0530] {dag.py:3947} INFO - Setting next_dagrun for structured_data_pipeline to 2025-11-13 04:59:00+00:00, run_after=2025-11-13 06:00:00+00:00
[2025-11-13T10:42:43.876+0530] {processor.py:183} INFO - Processing /home/logi/txtai/etl_pipeline/dags/dag.py took 0.803 seconds
[2025-11-13T10:43:14.383+0530] {processor.py:161} INFO - Started process (PID=19065) to work on /home/logi/txtai/etl_pipeline/dags/dag.py
[2025-11-13T10:43:14.395+0530] {processor.py:830} INFO - Processing file /home/logi/txtai/etl_pipeline/dags/dag.py for tasks to queue
[2025-11-13T10:43:14.398+0530] {logging_mixin.py:188} INFO - [2025-11-13T10:43:14.397+0530] {dagbag.py:545} INFO - Filling up the DagBag from /home/logi/txtai/etl_pipeline/dags/dag.py
[2025-11-13T10:43:15.124+0530] {processor.py:840} INFO - DAG(s) 'structured_data_pipeline' retrieved from /home/logi/txtai/etl_pipeline/dags/dag.py
[2025-11-13T10:43:15.219+0530] {logging_mixin.py:188} INFO - [2025-11-13T10:43:15.218+0530] {dag.py:3089} INFO - Sync 1 DAGs
[2025-11-13T10:43:15.238+0530] {logging_mixin.py:188} INFO - [2025-11-13T10:43:15.238+0530] {dag.py:3947} INFO - Setting next_dagrun for structured_data_pipeline to 2025-11-13 04:59:00+00:00, run_after=2025-11-13 06:00:00+00:00
[2025-11-13T10:43:15.265+0530] {processor.py:183} INFO - Processing /home/logi/txtai/etl_pipeline/dags/dag.py took 0.894 seconds
[2025-11-13T10:43:46.065+0530] {processor.py:161} INFO - Started process (PID=19214) to work on /home/logi/txtai/etl_pipeline/dags/dag.py
[2025-11-13T10:43:46.067+0530] {processor.py:830} INFO - Processing file /home/logi/txtai/etl_pipeline/dags/dag.py for tasks to queue
[2025-11-13T10:43:46.070+0530] {logging_mixin.py:188} INFO - [2025-11-13T10:43:46.070+0530] {dagbag.py:545} INFO - Filling up the DagBag from /home/logi/txtai/etl_pipeline/dags/dag.py
[2025-11-13T10:43:46.830+0530] {processor.py:840} INFO - DAG(s) 'structured_data_pipeline' retrieved from /home/logi/txtai/etl_pipeline/dags/dag.py
[2025-11-13T10:43:46.866+0530] {logging_mixin.py:188} INFO - [2025-11-13T10:43:46.865+0530] {dag.py:3089} INFO - Sync 1 DAGs
[2025-11-13T10:43:46.897+0530] {logging_mixin.py:188} INFO - [2025-11-13T10:43:46.896+0530] {dag.py:3947} INFO - Setting next_dagrun for structured_data_pipeline to 2025-11-13 04:59:00+00:00, run_after=2025-11-13 06:00:00+00:00
[2025-11-13T10:43:46.928+0530] {processor.py:183} INFO - Processing /home/logi/txtai/etl_pipeline/dags/dag.py took 0.878 seconds
[2025-11-13T10:44:17.646+0530] {processor.py:161} INFO - Started process (PID=19361) to work on /home/logi/txtai/etl_pipeline/dags/dag.py
[2025-11-13T10:44:17.648+0530] {processor.py:830} INFO - Processing file /home/logi/txtai/etl_pipeline/dags/dag.py for tasks to queue
[2025-11-13T10:44:17.651+0530] {logging_mixin.py:188} INFO - [2025-11-13T10:44:17.650+0530] {dagbag.py:545} INFO - Filling up the DagBag from /home/logi/txtai/etl_pipeline/dags/dag.py
[2025-11-13T10:44:18.317+0530] {processor.py:840} INFO - DAG(s) 'structured_data_pipeline' retrieved from /home/logi/txtai/etl_pipeline/dags/dag.py
[2025-11-13T10:44:18.426+0530] {logging_mixin.py:188} INFO - [2025-11-13T10:44:18.425+0530] {dag.py:3089} INFO - Sync 1 DAGs
[2025-11-13T10:44:18.447+0530] {logging_mixin.py:188} INFO - [2025-11-13T10:44:18.447+0530] {dag.py:3947} INFO - Setting next_dagrun for structured_data_pipeline to 2025-11-13 04:59:00+00:00, run_after=2025-11-13 06:00:00+00:00
[2025-11-13T10:44:18.473+0530] {processor.py:183} INFO - Processing /home/logi/txtai/etl_pipeline/dags/dag.py took 0.840 seconds
[2025-11-13T10:44:49.266+0530] {processor.py:161} INFO - Started process (PID=19505) to work on /home/logi/txtai/etl_pipeline/dags/dag.py
[2025-11-13T10:44:49.268+0530] {processor.py:830} INFO - Processing file /home/logi/txtai/etl_pipeline/dags/dag.py for tasks to queue
[2025-11-13T10:44:49.270+0530] {logging_mixin.py:188} INFO - [2025-11-13T10:44:49.270+0530] {dagbag.py:545} INFO - Filling up the DagBag from /home/logi/txtai/etl_pipeline/dags/dag.py
[2025-11-13T10:44:49.891+0530] {processor.py:840} INFO - DAG(s) 'structured_data_pipeline' retrieved from /home/logi/txtai/etl_pipeline/dags/dag.py
[2025-11-13T10:44:49.918+0530] {logging_mixin.py:188} INFO - [2025-11-13T10:44:49.917+0530] {dag.py:3089} INFO - Sync 1 DAGs
[2025-11-13T10:44:49.940+0530] {logging_mixin.py:188} INFO - [2025-11-13T10:44:49.940+0530] {dag.py:3947} INFO - Setting next_dagrun for structured_data_pipeline to 2025-11-13 04:59:00+00:00, run_after=2025-11-13 06:00:00+00:00
[2025-11-13T10:44:49.963+0530] {processor.py:183} INFO - Processing /home/logi/txtai/etl_pipeline/dags/dag.py took 0.710 seconds
[2025-11-13T10:45:20.004+0530] {processor.py:161} INFO - Started process (PID=19650) to work on /home/logi/txtai/etl_pipeline/dags/dag.py
[2025-11-13T10:45:20.006+0530] {processor.py:830} INFO - Processing file /home/logi/txtai/etl_pipeline/dags/dag.py for tasks to queue
[2025-11-13T10:45:20.007+0530] {logging_mixin.py:188} INFO - [2025-11-13T10:45:20.007+0530] {dagbag.py:545} INFO - Filling up the DagBag from /home/logi/txtai/etl_pipeline/dags/dag.py
[2025-11-13T10:45:20.573+0530] {processor.py:840} INFO - DAG(s) 'structured_data_pipeline' retrieved from /home/logi/txtai/etl_pipeline/dags/dag.py
[2025-11-13T10:45:20.671+0530] {logging_mixin.py:188} INFO - [2025-11-13T10:45:20.670+0530] {dag.py:3089} INFO - Sync 1 DAGs
[2025-11-13T10:45:20.691+0530] {logging_mixin.py:188} INFO - [2025-11-13T10:45:20.691+0530] {dag.py:3947} INFO - Setting next_dagrun for structured_data_pipeline to 2025-11-13 04:59:00+00:00, run_after=2025-11-13 06:00:00+00:00
[2025-11-13T10:45:20.733+0530] {processor.py:183} INFO - Processing /home/logi/txtai/etl_pipeline/dags/dag.py took 0.736 seconds
[2025-11-13T10:45:50.971+0530] {processor.py:161} INFO - Started process (PID=19819) to work on /home/logi/txtai/etl_pipeline/dags/dag.py
[2025-11-13T10:45:50.973+0530] {processor.py:830} INFO - Processing file /home/logi/txtai/etl_pipeline/dags/dag.py for tasks to queue
[2025-11-13T10:45:50.976+0530] {logging_mixin.py:188} INFO - [2025-11-13T10:45:50.975+0530] {dagbag.py:545} INFO - Filling up the DagBag from /home/logi/txtai/etl_pipeline/dags/dag.py
[2025-11-13T10:45:51.634+0530] {processor.py:840} INFO - DAG(s) 'structured_data_pipeline' retrieved from /home/logi/txtai/etl_pipeline/dags/dag.py
[2025-11-13T10:45:51.657+0530] {logging_mixin.py:188} INFO - [2025-11-13T10:45:51.657+0530] {dag.py:3089} INFO - Sync 1 DAGs
[2025-11-13T10:45:51.681+0530] {logging_mixin.py:188} INFO - [2025-11-13T10:45:51.681+0530] {dag.py:3947} INFO - Setting next_dagrun for structured_data_pipeline to 2025-11-13 04:59:00+00:00, run_after=2025-11-13 06:00:00+00:00
[2025-11-13T10:45:51.703+0530] {processor.py:183} INFO - Processing /home/logi/txtai/etl_pipeline/dags/dag.py took 0.744 seconds
[2025-11-13T10:46:21.809+0530] {processor.py:161} INFO - Started process (PID=19947) to work on /home/logi/txtai/etl_pipeline/dags/dag.py
[2025-11-13T10:46:21.811+0530] {processor.py:830} INFO - Processing file /home/logi/txtai/etl_pipeline/dags/dag.py for tasks to queue
[2025-11-13T10:46:21.814+0530] {logging_mixin.py:188} INFO - [2025-11-13T10:46:21.814+0530] {dagbag.py:545} INFO - Filling up the DagBag from /home/logi/txtai/etl_pipeline/dags/dag.py
[2025-11-13T10:46:22.509+0530] {processor.py:840} INFO - DAG(s) 'structured_data_pipeline' retrieved from /home/logi/txtai/etl_pipeline/dags/dag.py
[2025-11-13T10:46:22.607+0530] {logging_mixin.py:188} INFO - [2025-11-13T10:46:22.606+0530] {dag.py:3089} INFO - Sync 1 DAGs
[2025-11-13T10:46:22.630+0530] {logging_mixin.py:188} INFO - [2025-11-13T10:46:22.630+0530] {dag.py:3947} INFO - Setting next_dagrun for structured_data_pipeline to 2025-11-13 04:59:00+00:00, run_after=2025-11-13 06:00:00+00:00
[2025-11-13T10:46:22.659+0530] {processor.py:183} INFO - Processing /home/logi/txtai/etl_pipeline/dags/dag.py took 0.862 seconds
[2025-11-13T10:46:53.332+0530] {processor.py:161} INFO - Started process (PID=20102) to work on /home/logi/txtai/etl_pipeline/dags/dag.py
[2025-11-13T10:46:53.345+0530] {processor.py:830} INFO - Processing file /home/logi/txtai/etl_pipeline/dags/dag.py for tasks to queue
[2025-11-13T10:46:53.348+0530] {logging_mixin.py:188} INFO - [2025-11-13T10:46:53.348+0530] {dagbag.py:545} INFO - Filling up the DagBag from /home/logi/txtai/etl_pipeline/dags/dag.py
[2025-11-13T10:46:54.032+0530] {processor.py:840} INFO - DAG(s) 'structured_data_pipeline' retrieved from /home/logi/txtai/etl_pipeline/dags/dag.py
[2025-11-13T10:46:54.059+0530] {logging_mixin.py:188} INFO - [2025-11-13T10:46:54.058+0530] {dag.py:3089} INFO - Sync 1 DAGs
[2025-11-13T10:46:54.083+0530] {logging_mixin.py:188} INFO - [2025-11-13T10:46:54.082+0530] {dag.py:3947} INFO - Setting next_dagrun for structured_data_pipeline to 2025-11-13 04:59:00+00:00, run_after=2025-11-13 06:00:00+00:00
[2025-11-13T10:46:54.106+0530] {processor.py:183} INFO - Processing /home/logi/txtai/etl_pipeline/dags/dag.py took 0.786 seconds
[2025-11-13T10:47:24.193+0530] {processor.py:161} INFO - Started process (PID=20239) to work on /home/logi/txtai/etl_pipeline/dags/dag.py
[2025-11-13T10:47:24.206+0530] {processor.py:830} INFO - Processing file /home/logi/txtai/etl_pipeline/dags/dag.py for tasks to queue
[2025-11-13T10:47:24.210+0530] {logging_mixin.py:188} INFO - [2025-11-13T10:47:24.210+0530] {dagbag.py:545} INFO - Filling up the DagBag from /home/logi/txtai/etl_pipeline/dags/dag.py
[2025-11-13T10:47:24.890+0530] {processor.py:840} INFO - DAG(s) 'structured_data_pipeline' retrieved from /home/logi/txtai/etl_pipeline/dags/dag.py
[2025-11-13T10:47:24.997+0530] {logging_mixin.py:188} INFO - [2025-11-13T10:47:24.996+0530] {dag.py:3089} INFO - Sync 1 DAGs
[2025-11-13T10:47:25.025+0530] {logging_mixin.py:188} INFO - [2025-11-13T10:47:25.025+0530] {dag.py:3947} INFO - Setting next_dagrun for structured_data_pipeline to 2025-11-13 04:59:00+00:00, run_after=2025-11-13 06:00:00+00:00
[2025-11-13T10:47:25.047+0530] {processor.py:183} INFO - Processing /home/logi/txtai/etl_pipeline/dags/dag.py took 0.879 seconds
[2025-11-13T10:47:55.510+0530] {processor.py:161} INFO - Started process (PID=20380) to work on /home/logi/txtai/etl_pipeline/dags/dag.py
[2025-11-13T10:47:55.511+0530] {processor.py:830} INFO - Processing file /home/logi/txtai/etl_pipeline/dags/dag.py for tasks to queue
[2025-11-13T10:47:55.515+0530] {logging_mixin.py:188} INFO - [2025-11-13T10:47:55.514+0530] {dagbag.py:545} INFO - Filling up the DagBag from /home/logi/txtai/etl_pipeline/dags/dag.py
[2025-11-13T10:47:56.144+0530] {processor.py:840} INFO - DAG(s) 'structured_data_pipeline' retrieved from /home/logi/txtai/etl_pipeline/dags/dag.py
[2025-11-13T10:47:56.180+0530] {logging_mixin.py:188} INFO - [2025-11-13T10:47:56.179+0530] {dag.py:3089} INFO - Sync 1 DAGs
[2025-11-13T10:47:56.203+0530] {logging_mixin.py:188} INFO - [2025-11-13T10:47:56.202+0530] {dag.py:3947} INFO - Setting next_dagrun for structured_data_pipeline to 2025-11-13 04:59:00+00:00, run_after=2025-11-13 06:00:00+00:00
[2025-11-13T10:47:56.240+0530] {processor.py:183} INFO - Processing /home/logi/txtai/etl_pipeline/dags/dag.py took 0.743 seconds
[2025-11-13T10:48:26.670+0530] {processor.py:161} INFO - Started process (PID=20522) to work on /home/logi/txtai/etl_pipeline/dags/dag.py
[2025-11-13T10:48:26.677+0530] {processor.py:830} INFO - Processing file /home/logi/txtai/etl_pipeline/dags/dag.py for tasks to queue
[2025-11-13T10:48:26.681+0530] {logging_mixin.py:188} INFO - [2025-11-13T10:48:26.680+0530] {dagbag.py:545} INFO - Filling up the DagBag from /home/logi/txtai/etl_pipeline/dags/dag.py
[2025-11-13T10:48:27.356+0530] {processor.py:840} INFO - DAG(s) 'structured_data_pipeline' retrieved from /home/logi/txtai/etl_pipeline/dags/dag.py
[2025-11-13T10:48:27.460+0530] {logging_mixin.py:188} INFO - [2025-11-13T10:48:27.459+0530] {dag.py:3089} INFO - Sync 1 DAGs
[2025-11-13T10:48:27.492+0530] {logging_mixin.py:188} INFO - [2025-11-13T10:48:27.492+0530] {dag.py:3947} INFO - Setting next_dagrun for structured_data_pipeline to 2025-11-13 04:59:00+00:00, run_after=2025-11-13 06:00:00+00:00
[2025-11-13T10:48:27.517+0530] {processor.py:183} INFO - Processing /home/logi/txtai/etl_pipeline/dags/dag.py took 0.861 seconds
[2025-11-13T10:48:57.617+0530] {processor.py:161} INFO - Started process (PID=20666) to work on /home/logi/txtai/etl_pipeline/dags/dag.py
[2025-11-13T10:48:57.619+0530] {processor.py:830} INFO - Processing file /home/logi/txtai/etl_pipeline/dags/dag.py for tasks to queue
[2025-11-13T10:48:57.622+0530] {logging_mixin.py:188} INFO - [2025-11-13T10:48:57.621+0530] {dagbag.py:545} INFO - Filling up the DagBag from /home/logi/txtai/etl_pipeline/dags/dag.py
[2025-11-13T10:48:58.199+0530] {processor.py:840} INFO - DAG(s) 'structured_data_pipeline' retrieved from /home/logi/txtai/etl_pipeline/dags/dag.py
[2025-11-13T10:48:58.227+0530] {logging_mixin.py:188} INFO - [2025-11-13T10:48:58.227+0530] {dag.py:3089} INFO - Sync 1 DAGs
[2025-11-13T10:48:58.252+0530] {logging_mixin.py:188} INFO - [2025-11-13T10:48:58.252+0530] {dag.py:3947} INFO - Setting next_dagrun for structured_data_pipeline to 2025-11-13 04:59:00+00:00, run_after=2025-11-13 06:00:00+00:00
[2025-11-13T10:48:58.286+0530] {processor.py:183} INFO - Processing /home/logi/txtai/etl_pipeline/dags/dag.py took 0.682 seconds
[2025-11-13T10:49:28.489+0530] {processor.py:161} INFO - Started process (PID=20811) to work on /home/logi/txtai/etl_pipeline/dags/dag.py
[2025-11-13T10:49:28.491+0530] {processor.py:830} INFO - Processing file /home/logi/txtai/etl_pipeline/dags/dag.py for tasks to queue
[2025-11-13T10:49:28.493+0530] {logging_mixin.py:188} INFO - [2025-11-13T10:49:28.493+0530] {dagbag.py:545} INFO - Filling up the DagBag from /home/logi/txtai/etl_pipeline/dags/dag.py
[2025-11-13T10:49:29.105+0530] {processor.py:840} INFO - DAG(s) 'structured_data_pipeline' retrieved from /home/logi/txtai/etl_pipeline/dags/dag.py
[2025-11-13T10:49:29.208+0530] {logging_mixin.py:188} INFO - [2025-11-13T10:49:29.207+0530] {dag.py:3089} INFO - Sync 1 DAGs
[2025-11-13T10:49:29.232+0530] {logging_mixin.py:188} INFO - [2025-11-13T10:49:29.232+0530] {dag.py:3947} INFO - Setting next_dagrun for structured_data_pipeline to 2025-11-13 04:59:00+00:00, run_after=2025-11-13 06:00:00+00:00
[2025-11-13T10:49:29.258+0530] {processor.py:183} INFO - Processing /home/logi/txtai/etl_pipeline/dags/dag.py took 0.782 seconds
[2025-11-13T10:49:59.549+0530] {processor.py:161} INFO - Started process (PID=20953) to work on /home/logi/txtai/etl_pipeline/dags/dag.py
[2025-11-13T10:49:59.551+0530] {processor.py:830} INFO - Processing file /home/logi/txtai/etl_pipeline/dags/dag.py for tasks to queue
[2025-11-13T10:49:59.554+0530] {logging_mixin.py:188} INFO - [2025-11-13T10:49:59.553+0530] {dagbag.py:545} INFO - Filling up the DagBag from /home/logi/txtai/etl_pipeline/dags/dag.py
[2025-11-13T10:50:00.274+0530] {processor.py:840} INFO - DAG(s) 'structured_data_pipeline' retrieved from /home/logi/txtai/etl_pipeline/dags/dag.py
[2025-11-13T10:50:00.316+0530] {logging_mixin.py:188} INFO - [2025-11-13T10:50:00.316+0530] {dag.py:3089} INFO - Sync 1 DAGs
[2025-11-13T10:50:00.340+0530] {logging_mixin.py:188} INFO - [2025-11-13T10:50:00.339+0530] {dag.py:3947} INFO - Setting next_dagrun for structured_data_pipeline to 2025-11-13 04:59:00+00:00, run_after=2025-11-13 06:00:00+00:00
[2025-11-13T10:50:00.378+0530] {processor.py:183} INFO - Processing /home/logi/txtai/etl_pipeline/dags/dag.py took 0.842 seconds
[2025-11-13T10:50:30.684+0530] {processor.py:161} INFO - Started process (PID=21095) to work on /home/logi/txtai/etl_pipeline/dags/dag.py
[2025-11-13T10:50:30.687+0530] {processor.py:830} INFO - Processing file /home/logi/txtai/etl_pipeline/dags/dag.py for tasks to queue
[2025-11-13T10:50:30.690+0530] {logging_mixin.py:188} INFO - [2025-11-13T10:50:30.689+0530] {dagbag.py:545} INFO - Filling up the DagBag from /home/logi/txtai/etl_pipeline/dags/dag.py
[2025-11-13T10:50:31.295+0530] {processor.py:840} INFO - DAG(s) 'structured_data_pipeline' retrieved from /home/logi/txtai/etl_pipeline/dags/dag.py
[2025-11-13T10:50:31.399+0530] {logging_mixin.py:188} INFO - [2025-11-13T10:50:31.398+0530] {dag.py:3089} INFO - Sync 1 DAGs
[2025-11-13T10:50:31.423+0530] {logging_mixin.py:188} INFO - [2025-11-13T10:50:31.422+0530] {dag.py:3947} INFO - Setting next_dagrun for structured_data_pipeline to 2025-11-13 04:59:00+00:00, run_after=2025-11-13 06:00:00+00:00
[2025-11-13T10:50:31.448+0530] {processor.py:183} INFO - Processing /home/logi/txtai/etl_pipeline/dags/dag.py took 0.776 seconds
[2025-11-13T10:51:01.956+0530] {processor.py:161} INFO - Started process (PID=21274) to work on /home/logi/txtai/etl_pipeline/dags/dag.py
[2025-11-13T10:51:01.959+0530] {processor.py:830} INFO - Processing file /home/logi/txtai/etl_pipeline/dags/dag.py for tasks to queue
[2025-11-13T10:51:01.962+0530] {logging_mixin.py:188} INFO - [2025-11-13T10:51:01.962+0530] {dagbag.py:545} INFO - Filling up the DagBag from /home/logi/txtai/etl_pipeline/dags/dag.py
[2025-11-13T10:51:02.597+0530] {processor.py:840} INFO - DAG(s) 'structured_data_pipeline' retrieved from /home/logi/txtai/etl_pipeline/dags/dag.py
[2025-11-13T10:51:02.671+0530] {logging_mixin.py:188} INFO - [2025-11-13T10:51:02.670+0530] {dag.py:3089} INFO - Sync 1 DAGs
[2025-11-13T10:51:02.701+0530] {logging_mixin.py:188} INFO - [2025-11-13T10:51:02.701+0530] {dag.py:3947} INFO - Setting next_dagrun for structured_data_pipeline to 2025-11-13 04:59:00+00:00, run_after=2025-11-13 06:00:00+00:00
[2025-11-13T10:51:02.741+0530] {processor.py:183} INFO - Processing /home/logi/txtai/etl_pipeline/dags/dag.py took 0.795 seconds
[2025-11-13T10:51:33.169+0530] {processor.py:161} INFO - Started process (PID=21419) to work on /home/logi/txtai/etl_pipeline/dags/dag.py
[2025-11-13T10:51:33.171+0530] {processor.py:830} INFO - Processing file /home/logi/txtai/etl_pipeline/dags/dag.py for tasks to queue
[2025-11-13T10:51:33.174+0530] {logging_mixin.py:188} INFO - [2025-11-13T10:51:33.174+0530] {dagbag.py:545} INFO - Filling up the DagBag from /home/logi/txtai/etl_pipeline/dags/dag.py
[2025-11-13T10:51:33.825+0530] {processor.py:840} INFO - DAG(s) 'structured_data_pipeline' retrieved from /home/logi/txtai/etl_pipeline/dags/dag.py
[2025-11-13T10:51:33.954+0530] {logging_mixin.py:188} INFO - [2025-11-13T10:51:33.953+0530] {dag.py:3089} INFO - Sync 1 DAGs
[2025-11-13T10:51:33.978+0530] {logging_mixin.py:188} INFO - [2025-11-13T10:51:33.978+0530] {dag.py:3947} INFO - Setting next_dagrun for structured_data_pipeline to 2025-11-13 04:59:00+00:00, run_after=2025-11-13 06:00:00+00:00
[2025-11-13T10:51:34.005+0530] {processor.py:183} INFO - Processing /home/logi/txtai/etl_pipeline/dags/dag.py took 0.849 seconds
[2025-11-13T10:52:04.415+0530] {processor.py:161} INFO - Started process (PID=21561) to work on /home/logi/txtai/etl_pipeline/dags/dag.py
[2025-11-13T10:52:04.417+0530] {processor.py:830} INFO - Processing file /home/logi/txtai/etl_pipeline/dags/dag.py for tasks to queue
[2025-11-13T10:52:04.420+0530] {logging_mixin.py:188} INFO - [2025-11-13T10:52:04.420+0530] {dagbag.py:545} INFO - Filling up the DagBag from /home/logi/txtai/etl_pipeline/dags/dag.py
[2025-11-13T10:52:05.076+0530] {processor.py:840} INFO - DAG(s) 'structured_data_pipeline' retrieved from /home/logi/txtai/etl_pipeline/dags/dag.py
[2025-11-13T10:52:05.115+0530] {logging_mixin.py:188} INFO - [2025-11-13T10:52:05.115+0530] {dag.py:3089} INFO - Sync 1 DAGs
[2025-11-13T10:52:05.143+0530] {logging_mixin.py:188} INFO - [2025-11-13T10:52:05.143+0530] {dag.py:3947} INFO - Setting next_dagrun for structured_data_pipeline to 2025-11-13 04:59:00+00:00, run_after=2025-11-13 06:00:00+00:00
[2025-11-13T10:52:05.186+0530] {processor.py:183} INFO - Processing /home/logi/txtai/etl_pipeline/dags/dag.py took 0.783 seconds
[2025-11-13T10:52:35.245+0530] {processor.py:161} INFO - Started process (PID=21763) to work on /home/logi/txtai/etl_pipeline/dags/dag.py
[2025-11-13T10:52:35.259+0530] {processor.py:830} INFO - Processing file /home/logi/txtai/etl_pipeline/dags/dag.py for tasks to queue
[2025-11-13T10:52:35.262+0530] {logging_mixin.py:188} INFO - [2025-11-13T10:52:35.262+0530] {dagbag.py:545} INFO - Filling up the DagBag from /home/logi/txtai/etl_pipeline/dags/dag.py
[2025-11-13T10:52:35.855+0530] {processor.py:840} INFO - DAG(s) 'structured_data_pipeline' retrieved from /home/logi/txtai/etl_pipeline/dags/dag.py
[2025-11-13T10:52:35.960+0530] {logging_mixin.py:188} INFO - [2025-11-13T10:52:35.960+0530] {dag.py:3089} INFO - Sync 1 DAGs
[2025-11-13T10:52:35.987+0530] {logging_mixin.py:188} INFO - [2025-11-13T10:52:35.987+0530] {dag.py:3947} INFO - Setting next_dagrun for structured_data_pipeline to 2025-11-13 04:59:00+00:00, run_after=2025-11-13 06:00:00+00:00
[2025-11-13T10:52:36.027+0530] {processor.py:183} INFO - Processing /home/logi/txtai/etl_pipeline/dags/dag.py took 0.794 seconds
[2025-11-13T10:53:06.670+0530] {processor.py:161} INFO - Started process (PID=21971) to work on /home/logi/txtai/etl_pipeline/dags/dag.py
[2025-11-13T10:53:06.672+0530] {processor.py:830} INFO - Processing file /home/logi/txtai/etl_pipeline/dags/dag.py for tasks to queue
[2025-11-13T10:53:06.676+0530] {logging_mixin.py:188} INFO - [2025-11-13T10:53:06.676+0530] {dagbag.py:545} INFO - Filling up the DagBag from /home/logi/txtai/etl_pipeline/dags/dag.py
[2025-11-13T10:53:07.186+0530] {processor.py:840} INFO - DAG(s) 'structured_data_pipeline' retrieved from /home/logi/txtai/etl_pipeline/dags/dag.py
[2025-11-13T10:53:07.213+0530] {logging_mixin.py:188} INFO - [2025-11-13T10:53:07.212+0530] {dag.py:3089} INFO - Sync 1 DAGs
[2025-11-13T10:53:07.232+0530] {logging_mixin.py:188} INFO - [2025-11-13T10:53:07.231+0530] {dag.py:3947} INFO - Setting next_dagrun for structured_data_pipeline to 2025-11-13 04:59:00+00:00, run_after=2025-11-13 06:00:00+00:00
[2025-11-13T10:53:07.264+0530] {processor.py:183} INFO - Processing /home/logi/txtai/etl_pipeline/dags/dag.py took 0.608 seconds
[2025-11-13T10:53:37.449+0530] {processor.py:161} INFO - Started process (PID=22203) to work on /home/logi/txtai/etl_pipeline/dags/dag.py
[2025-11-13T10:53:37.452+0530] {processor.py:830} INFO - Processing file /home/logi/txtai/etl_pipeline/dags/dag.py for tasks to queue
[2025-11-13T10:53:37.455+0530] {logging_mixin.py:188} INFO - [2025-11-13T10:53:37.455+0530] {dagbag.py:545} INFO - Filling up the DagBag from /home/logi/txtai/etl_pipeline/dags/dag.py
[2025-11-13T10:53:38.079+0530] {processor.py:840} INFO - DAG(s) 'structured_data_pipeline' retrieved from /home/logi/txtai/etl_pipeline/dags/dag.py
[2025-11-13T10:53:38.385+0530] {logging_mixin.py:188} INFO - [2025-11-13T10:53:38.384+0530] {dag.py:3089} INFO - Sync 1 DAGs
[2025-11-13T10:53:38.409+0530] {logging_mixin.py:188} INFO - [2025-11-13T10:53:38.409+0530] {dag.py:3947} INFO - Setting next_dagrun for structured_data_pipeline to 2025-11-13 04:59:00+00:00, run_after=2025-11-13 06:00:00+00:00
[2025-11-13T10:53:38.452+0530] {processor.py:183} INFO - Processing /home/logi/txtai/etl_pipeline/dags/dag.py took 1.016 seconds
[2025-11-13T10:54:08.635+0530] {processor.py:161} INFO - Started process (PID=22345) to work on /home/logi/txtai/etl_pipeline/dags/dag.py
[2025-11-13T10:54:08.648+0530] {processor.py:830} INFO - Processing file /home/logi/txtai/etl_pipeline/dags/dag.py for tasks to queue
[2025-11-13T10:54:08.651+0530] {logging_mixin.py:188} INFO - [2025-11-13T10:54:08.651+0530] {dagbag.py:545} INFO - Filling up the DagBag from /home/logi/txtai/etl_pipeline/dags/dag.py
[2025-11-13T10:54:09.270+0530] {processor.py:840} INFO - DAG(s) 'structured_data_pipeline' retrieved from /home/logi/txtai/etl_pipeline/dags/dag.py
[2025-11-13T10:54:09.310+0530] {logging_mixin.py:188} INFO - [2025-11-13T10:54:09.309+0530] {dag.py:3089} INFO - Sync 1 DAGs
[2025-11-13T10:54:09.334+0530] {logging_mixin.py:188} INFO - [2025-11-13T10:54:09.334+0530] {dag.py:3947} INFO - Setting next_dagrun for structured_data_pipeline to 2025-11-13 04:59:00+00:00, run_after=2025-11-13 06:00:00+00:00
[2025-11-13T10:54:09.356+0530] {processor.py:183} INFO - Processing /home/logi/txtai/etl_pipeline/dags/dag.py took 0.734 seconds
[2025-11-13T10:54:39.878+0530] {processor.py:161} INFO - Started process (PID=22547) to work on /home/logi/txtai/etl_pipeline/dags/dag.py
[2025-11-13T10:54:39.891+0530] {processor.py:830} INFO - Processing file /home/logi/txtai/etl_pipeline/dags/dag.py for tasks to queue
[2025-11-13T10:54:39.894+0530] {logging_mixin.py:188} INFO - [2025-11-13T10:54:39.894+0530] {dagbag.py:545} INFO - Filling up the DagBag from /home/logi/txtai/etl_pipeline/dags/dag.py
[2025-11-13T10:54:40.512+0530] {processor.py:840} INFO - DAG(s) 'structured_data_pipeline' retrieved from /home/logi/txtai/etl_pipeline/dags/dag.py
[2025-11-13T10:54:40.797+0530] {logging_mixin.py:188} INFO - [2025-11-13T10:54:40.796+0530] {dag.py:3089} INFO - Sync 1 DAGs
[2025-11-13T10:54:40.820+0530] {logging_mixin.py:188} INFO - [2025-11-13T10:54:40.819+0530] {dag.py:3947} INFO - Setting next_dagrun for structured_data_pipeline to 2025-11-13 04:59:00+00:00, run_after=2025-11-13 06:00:00+00:00
[2025-11-13T10:54:40.844+0530] {processor.py:183} INFO - Processing /home/logi/txtai/etl_pipeline/dags/dag.py took 0.978 seconds
[2025-11-13T10:55:11.568+0530] {processor.py:161} INFO - Started process (PID=22842) to work on /home/logi/txtai/etl_pipeline/dags/dag.py
[2025-11-13T10:55:11.570+0530] {processor.py:830} INFO - Processing file /home/logi/txtai/etl_pipeline/dags/dag.py for tasks to queue
[2025-11-13T10:55:11.573+0530] {logging_mixin.py:188} INFO - [2025-11-13T10:55:11.573+0530] {dagbag.py:545} INFO - Filling up the DagBag from /home/logi/txtai/etl_pipeline/dags/dag.py
[2025-11-13T10:55:12.249+0530] {processor.py:840} INFO - DAG(s) 'structured_data_pipeline' retrieved from /home/logi/txtai/etl_pipeline/dags/dag.py
[2025-11-13T10:55:12.282+0530] {logging_mixin.py:188} INFO - [2025-11-13T10:55:12.281+0530] {dag.py:3089} INFO - Sync 1 DAGs
[2025-11-13T10:55:12.307+0530] {logging_mixin.py:188} INFO - [2025-11-13T10:55:12.307+0530] {dag.py:3947} INFO - Setting next_dagrun for structured_data_pipeline to 2025-11-13 04:59:00+00:00, run_after=2025-11-13 06:00:00+00:00
[2025-11-13T10:55:12.347+0530] {processor.py:183} INFO - Processing /home/logi/txtai/etl_pipeline/dags/dag.py took 0.792 seconds
[2025-11-13T10:55:43.017+0530] {processor.py:161} INFO - Started process (PID=23214) to work on /home/logi/txtai/etl_pipeline/dags/dag.py
[2025-11-13T10:55:43.024+0530] {processor.py:830} INFO - Processing file /home/logi/txtai/etl_pipeline/dags/dag.py for tasks to queue
[2025-11-13T10:55:43.029+0530] {logging_mixin.py:188} INFO - [2025-11-13T10:55:43.029+0530] {dagbag.py:545} INFO - Filling up the DagBag from /home/logi/txtai/etl_pipeline/dags/dag.py
[2025-11-13T10:55:43.973+0530] {processor.py:840} INFO - DAG(s) 'structured_data_pipeline' retrieved from /home/logi/txtai/etl_pipeline/dags/dag.py
[2025-11-13T10:55:44.466+0530] {logging_mixin.py:188} INFO - [2025-11-13T10:55:44.465+0530] {dag.py:3089} INFO - Sync 1 DAGs
[2025-11-13T10:55:44.495+0530] {logging_mixin.py:188} INFO - [2025-11-13T10:55:44.495+0530] {dag.py:3947} INFO - Setting next_dagrun for structured_data_pipeline to 2025-11-13 04:59:00+00:00, run_after=2025-11-13 06:00:00+00:00
[2025-11-13T10:55:44.534+0530] {processor.py:183} INFO - Processing /home/logi/txtai/etl_pipeline/dags/dag.py took 1.525 seconds
[2025-11-13T10:56:15.254+0530] {processor.py:161} INFO - Started process (PID=23578) to work on /home/logi/txtai/etl_pipeline/dags/dag.py
[2025-11-13T10:56:15.256+0530] {processor.py:830} INFO - Processing file /home/logi/txtai/etl_pipeline/dags/dag.py for tasks to queue
[2025-11-13T10:56:15.258+0530] {logging_mixin.py:188} INFO - [2025-11-13T10:56:15.258+0530] {dagbag.py:545} INFO - Filling up the DagBag from /home/logi/txtai/etl_pipeline/dags/dag.py
[2025-11-13T10:56:15.855+0530] {processor.py:840} INFO - DAG(s) 'structured_data_pipeline' retrieved from /home/logi/txtai/etl_pipeline/dags/dag.py
[2025-11-13T10:56:15.878+0530] {logging_mixin.py:188} INFO - [2025-11-13T10:56:15.877+0530] {dag.py:3089} INFO - Sync 1 DAGs
[2025-11-13T10:56:15.901+0530] {logging_mixin.py:188} INFO - [2025-11-13T10:56:15.901+0530] {dag.py:3947} INFO - Setting next_dagrun for structured_data_pipeline to 2025-11-13 04:59:00+00:00, run_after=2025-11-13 06:00:00+00:00
[2025-11-13T10:56:15.926+0530] {processor.py:183} INFO - Processing /home/logi/txtai/etl_pipeline/dags/dag.py took 0.680 seconds
[2025-11-13T10:56:46.898+0530] {processor.py:161} INFO - Started process (PID=23734) to work on /home/logi/txtai/etl_pipeline/dags/dag.py
[2025-11-13T10:56:46.899+0530] {processor.py:830} INFO - Processing file /home/logi/txtai/etl_pipeline/dags/dag.py for tasks to queue
[2025-11-13T10:56:46.901+0530] {logging_mixin.py:188} INFO - [2025-11-13T10:56:46.900+0530] {dagbag.py:545} INFO - Filling up the DagBag from /home/logi/txtai/etl_pipeline/dags/dag.py
[2025-11-13T10:56:47.387+0530] {processor.py:840} INFO - DAG(s) 'structured_data_pipeline' retrieved from /home/logi/txtai/etl_pipeline/dags/dag.py
[2025-11-13T10:56:47.579+0530] {logging_mixin.py:188} INFO - [2025-11-13T10:56:47.578+0530] {dag.py:3089} INFO - Sync 1 DAGs
[2025-11-13T10:56:47.598+0530] {logging_mixin.py:188} INFO - [2025-11-13T10:56:47.598+0530] {dag.py:3947} INFO - Setting next_dagrun for structured_data_pipeline to 2025-11-13 04:59:00+00:00, run_after=2025-11-13 06:00:00+00:00
[2025-11-13T10:56:47.617+0530] {processor.py:183} INFO - Processing /home/logi/txtai/etl_pipeline/dags/dag.py took 0.726 seconds
[2025-11-13T10:57:17.999+0530] {processor.py:161} INFO - Started process (PID=23884) to work on /home/logi/txtai/etl_pipeline/dags/dag.py
[2025-11-13T10:57:18.001+0530] {processor.py:830} INFO - Processing file /home/logi/txtai/etl_pipeline/dags/dag.py for tasks to queue
[2025-11-13T10:57:18.004+0530] {logging_mixin.py:188} INFO - [2025-11-13T10:57:18.003+0530] {dagbag.py:545} INFO - Filling up the DagBag from /home/logi/txtai/etl_pipeline/dags/dag.py
[2025-11-13T10:57:18.717+0530] {processor.py:840} INFO - DAG(s) 'structured_data_pipeline' retrieved from /home/logi/txtai/etl_pipeline/dags/dag.py
[2025-11-13T10:57:18.741+0530] {logging_mixin.py:188} INFO - [2025-11-13T10:57:18.740+0530] {dag.py:3089} INFO - Sync 1 DAGs
[2025-11-13T10:57:18.760+0530] {logging_mixin.py:188} INFO - [2025-11-13T10:57:18.760+0530] {dag.py:3947} INFO - Setting next_dagrun for structured_data_pipeline to 2025-11-13 04:59:00+00:00, run_after=2025-11-13 06:00:00+00:00
[2025-11-13T10:57:18.778+0530] {processor.py:183} INFO - Processing /home/logi/txtai/etl_pipeline/dags/dag.py took 0.792 seconds
[2025-11-13T10:57:49.175+0530] {processor.py:161} INFO - Started process (PID=24028) to work on /home/logi/txtai/etl_pipeline/dags/dag.py
[2025-11-13T10:57:49.177+0530] {processor.py:830} INFO - Processing file /home/logi/txtai/etl_pipeline/dags/dag.py for tasks to queue
[2025-11-13T10:57:49.179+0530] {logging_mixin.py:188} INFO - [2025-11-13T10:57:49.179+0530] {dagbag.py:545} INFO - Filling up the DagBag from /home/logi/txtai/etl_pipeline/dags/dag.py
[2025-11-13T10:57:49.667+0530] {processor.py:840} INFO - DAG(s) 'structured_data_pipeline' retrieved from /home/logi/txtai/etl_pipeline/dags/dag.py
[2025-11-13T10:57:49.854+0530] {logging_mixin.py:188} INFO - [2025-11-13T10:57:49.853+0530] {dag.py:3089} INFO - Sync 1 DAGs
[2025-11-13T10:57:49.874+0530] {logging_mixin.py:188} INFO - [2025-11-13T10:57:49.874+0530] {dag.py:3947} INFO - Setting next_dagrun for structured_data_pipeline to 2025-11-13 04:59:00+00:00, run_after=2025-11-13 06:00:00+00:00
[2025-11-13T10:57:49.907+0530] {processor.py:183} INFO - Processing /home/logi/txtai/etl_pipeline/dags/dag.py took 0.744 seconds
[2025-11-13T10:58:20.067+0530] {processor.py:161} INFO - Started process (PID=24174) to work on /home/logi/txtai/etl_pipeline/dags/dag.py
[2025-11-13T10:58:20.069+0530] {processor.py:830} INFO - Processing file /home/logi/txtai/etl_pipeline/dags/dag.py for tasks to queue
[2025-11-13T10:58:20.071+0530] {logging_mixin.py:188} INFO - [2025-11-13T10:58:20.071+0530] {dagbag.py:545} INFO - Filling up the DagBag from /home/logi/txtai/etl_pipeline/dags/dag.py
[2025-11-13T10:58:20.720+0530] {processor.py:840} INFO - DAG(s) 'structured_data_pipeline' retrieved from /home/logi/txtai/etl_pipeline/dags/dag.py
[2025-11-13T10:58:20.744+0530] {logging_mixin.py:188} INFO - [2025-11-13T10:58:20.744+0530] {dag.py:3089} INFO - Sync 1 DAGs
[2025-11-13T10:58:20.769+0530] {logging_mixin.py:188} INFO - [2025-11-13T10:58:20.769+0530] {dag.py:3947} INFO - Setting next_dagrun for structured_data_pipeline to 2025-11-13 04:59:00+00:00, run_after=2025-11-13 06:00:00+00:00
[2025-11-13T10:58:21.000+0530] {processor.py:183} INFO - Processing /home/logi/txtai/etl_pipeline/dags/dag.py took 0.943 seconds
[2025-11-13T10:58:51.360+0530] {processor.py:161} INFO - Started process (PID=24304) to work on /home/logi/txtai/etl_pipeline/dags/dag.py
[2025-11-13T10:58:51.362+0530] {processor.py:830} INFO - Processing file /home/logi/txtai/etl_pipeline/dags/dag.py for tasks to queue
[2025-11-13T10:58:51.366+0530] {logging_mixin.py:188} INFO - [2025-11-13T10:58:51.365+0530] {dagbag.py:545} INFO - Filling up the DagBag from /home/logi/txtai/etl_pipeline/dags/dag.py
[2025-11-13T10:58:52.220+0530] {processor.py:840} INFO - DAG(s) 'structured_data_pipeline' retrieved from /home/logi/txtai/etl_pipeline/dags/dag.py
[2025-11-13T10:58:52.511+0530] {logging_mixin.py:188} INFO - [2025-11-13T10:58:52.510+0530] {dag.py:3089} INFO - Sync 1 DAGs
[2025-11-13T10:58:52.533+0530] {logging_mixin.py:188} INFO - [2025-11-13T10:58:52.533+0530] {dag.py:3947} INFO - Setting next_dagrun for structured_data_pipeline to 2025-11-13 04:59:00+00:00, run_after=2025-11-13 06:00:00+00:00
[2025-11-13T10:58:52.558+0530] {processor.py:183} INFO - Processing /home/logi/txtai/etl_pipeline/dags/dag.py took 1.212 seconds
[2025-11-13T10:59:22.710+0530] {processor.py:161} INFO - Started process (PID=24507) to work on /home/logi/txtai/etl_pipeline/dags/dag.py
[2025-11-13T10:59:22.711+0530] {processor.py:830} INFO - Processing file /home/logi/txtai/etl_pipeline/dags/dag.py for tasks to queue
[2025-11-13T10:59:22.714+0530] {logging_mixin.py:188} INFO - [2025-11-13T10:59:22.713+0530] {dagbag.py:545} INFO - Filling up the DagBag from /home/logi/txtai/etl_pipeline/dags/dag.py
[2025-11-13T10:59:23.327+0530] {processor.py:840} INFO - DAG(s) 'structured_data_pipeline' retrieved from /home/logi/txtai/etl_pipeline/dags/dag.py
[2025-11-13T10:59:23.359+0530] {logging_mixin.py:188} INFO - [2025-11-13T10:59:23.358+0530] {dag.py:3089} INFO - Sync 1 DAGs
[2025-11-13T10:59:23.568+0530] {logging_mixin.py:188} INFO - [2025-11-13T10:59:23.568+0530] {dag.py:3947} INFO - Setting next_dagrun for structured_data_pipeline to 2025-11-13 04:59:00+00:00, run_after=2025-11-13 06:00:00+00:00
[2025-11-13T10:59:23.600+0530] {processor.py:183} INFO - Processing /home/logi/txtai/etl_pipeline/dags/dag.py took 0.901 seconds
[2025-11-13T10:59:53.673+0530] {processor.py:161} INFO - Started process (PID=24647) to work on /home/logi/txtai/etl_pipeline/dags/dag.py
[2025-11-13T10:59:53.687+0530] {processor.py:830} INFO - Processing file /home/logi/txtai/etl_pipeline/dags/dag.py for tasks to queue
[2025-11-13T10:59:53.696+0530] {logging_mixin.py:188} INFO - [2025-11-13T10:59:53.694+0530] {dagbag.py:545} INFO - Filling up the DagBag from /home/logi/txtai/etl_pipeline/dags/dag.py
[2025-11-13T10:59:54.304+0530] {processor.py:840} INFO - DAG(s) 'structured_data_pipeline' retrieved from /home/logi/txtai/etl_pipeline/dags/dag.py
[2025-11-13T10:59:54.593+0530] {logging_mixin.py:188} INFO - [2025-11-13T10:59:54.592+0530] {dag.py:3089} INFO - Sync 1 DAGs
[2025-11-13T10:59:54.616+0530] {logging_mixin.py:188} INFO - [2025-11-13T10:59:54.615+0530] {dag.py:3947} INFO - Setting next_dagrun for structured_data_pipeline to 2025-11-13 04:59:00+00:00, run_after=2025-11-13 06:00:00+00:00
[2025-11-13T10:59:54.637+0530] {processor.py:183} INFO - Processing /home/logi/txtai/etl_pipeline/dags/dag.py took 0.977 seconds
[2025-11-13T11:00:24.823+0530] {processor.py:161} INFO - Started process (PID=25104) to work on /home/logi/txtai/etl_pipeline/dags/dag.py
[2025-11-13T11:00:24.825+0530] {processor.py:830} INFO - Processing file /home/logi/txtai/etl_pipeline/dags/dag.py for tasks to queue
[2025-11-13T11:00:24.827+0530] {logging_mixin.py:188} INFO - [2025-11-13T11:00:24.827+0530] {dagbag.py:545} INFO - Filling up the DagBag from /home/logi/txtai/etl_pipeline/dags/dag.py
[2025-11-13T11:00:25.309+0530] {processor.py:840} INFO - DAG(s) 'structured_data_pipeline' retrieved from /home/logi/txtai/etl_pipeline/dags/dag.py
[2025-11-13T11:00:25.340+0530] {logging_mixin.py:188} INFO - [2025-11-13T11:00:25.340+0530] {dag.py:3089} INFO - Sync 1 DAGs
[2025-11-13T11:00:25.483+0530] {processor.py:183} INFO - Processing /home/logi/txtai/etl_pipeline/dags/dag.py took 0.671 seconds
[2025-11-13T11:00:55.676+0530] {processor.py:161} INFO - Started process (PID=25551) to work on /home/logi/txtai/etl_pipeline/dags/dag.py
[2025-11-13T11:00:55.690+0530] {processor.py:830} INFO - Processing file /home/logi/txtai/etl_pipeline/dags/dag.py for tasks to queue
[2025-11-13T11:00:55.693+0530] {logging_mixin.py:188} INFO - [2025-11-13T11:00:55.692+0530] {dagbag.py:545} INFO - Filling up the DagBag from /home/logi/txtai/etl_pipeline/dags/dag.py
[2025-11-13T11:00:56.507+0530] {processor.py:840} INFO - DAG(s) 'structured_data_pipeline' retrieved from /home/logi/txtai/etl_pipeline/dags/dag.py
[2025-11-13T11:00:56.611+0530] {logging_mixin.py:188} INFO - [2025-11-13T11:00:56.610+0530] {dag.py:3089} INFO - Sync 1 DAGs
[2025-11-13T11:00:56.643+0530] {logging_mixin.py:188} INFO - [2025-11-13T11:00:56.643+0530] {dag.py:3947} INFO - Setting next_dagrun for structured_data_pipeline to 2025-11-13 04:59:00+00:00, run_after=2025-11-13 06:00:00+00:00
[2025-11-13T11:00:56.686+0530] {processor.py:183} INFO - Processing /home/logi/txtai/etl_pipeline/dags/dag.py took 1.022 seconds
[2025-11-13T11:01:27.004+0530] {processor.py:161} INFO - Started process (PID=25694) to work on /home/logi/txtai/etl_pipeline/dags/dag.py
[2025-11-13T11:01:27.018+0530] {processor.py:830} INFO - Processing file /home/logi/txtai/etl_pipeline/dags/dag.py for tasks to queue
[2025-11-13T11:01:27.021+0530] {logging_mixin.py:188} INFO - [2025-11-13T11:01:27.020+0530] {dagbag.py:545} INFO - Filling up the DagBag from /home/logi/txtai/etl_pipeline/dags/dag.py
[2025-11-13T11:01:27.712+0530] {processor.py:840} INFO - DAG(s) 'structured_data_pipeline' retrieved from /home/logi/txtai/etl_pipeline/dags/dag.py
[2025-11-13T11:01:27.748+0530] {logging_mixin.py:188} INFO - [2025-11-13T11:01:27.748+0530] {dag.py:3089} INFO - Sync 1 DAGs
[2025-11-13T11:01:27.771+0530] {logging_mixin.py:188} INFO - [2025-11-13T11:01:27.771+0530] {dag.py:3947} INFO - Setting next_dagrun for structured_data_pipeline to 2025-11-13 04:59:00+00:00, run_after=2025-11-13 06:00:00+00:00
[2025-11-13T11:01:27.794+0530] {processor.py:183} INFO - Processing /home/logi/txtai/etl_pipeline/dags/dag.py took 0.803 seconds
[2025-11-13T11:01:57.974+0530] {processor.py:161} INFO - Started process (PID=25851) to work on /home/logi/txtai/etl_pipeline/dags/dag.py
[2025-11-13T11:01:57.977+0530] {processor.py:830} INFO - Processing file /home/logi/txtai/etl_pipeline/dags/dag.py for tasks to queue
[2025-11-13T11:01:57.979+0530] {logging_mixin.py:188} INFO - [2025-11-13T11:01:57.979+0530] {dagbag.py:545} INFO - Filling up the DagBag from /home/logi/txtai/etl_pipeline/dags/dag.py
[2025-11-13T11:01:58.629+0530] {processor.py:840} INFO - DAG(s) 'structured_data_pipeline' retrieved from /home/logi/txtai/etl_pipeline/dags/dag.py
[2025-11-13T11:01:58.659+0530] {logging_mixin.py:188} INFO - [2025-11-13T11:01:58.659+0530] {dag.py:3089} INFO - Sync 1 DAGs
[2025-11-13T11:01:58.682+0530] {logging_mixin.py:188} INFO - [2025-11-13T11:01:58.682+0530] {dag.py:3947} INFO - Setting next_dagrun for structured_data_pipeline to 2025-11-13 04:59:00+00:00, run_after=2025-11-13 06:00:00+00:00
[2025-11-13T11:01:58.720+0530] {processor.py:183} INFO - Processing /home/logi/txtai/etl_pipeline/dags/dag.py took 0.760 seconds
[2025-11-13T11:02:29.340+0530] {processor.py:161} INFO - Started process (PID=26010) to work on /home/logi/txtai/etl_pipeline/dags/dag.py
[2025-11-13T11:02:29.341+0530] {processor.py:830} INFO - Processing file /home/logi/txtai/etl_pipeline/dags/dag.py for tasks to queue
[2025-11-13T11:02:29.344+0530] {logging_mixin.py:188} INFO - [2025-11-13T11:02:29.344+0530] {dagbag.py:545} INFO - Filling up the DagBag from /home/logi/txtai/etl_pipeline/dags/dag.py
[2025-11-13T11:02:30.007+0530] {processor.py:840} INFO - DAG(s) 'structured_data_pipeline' retrieved from /home/logi/txtai/etl_pipeline/dags/dag.py
[2025-11-13T11:02:30.129+0530] {logging_mixin.py:188} INFO - [2025-11-13T11:02:30.129+0530] {dag.py:3089} INFO - Sync 1 DAGs
[2025-11-13T11:02:30.155+0530] {logging_mixin.py:188} INFO - [2025-11-13T11:02:30.155+0530] {dag.py:3947} INFO - Setting next_dagrun for structured_data_pipeline to 2025-11-13 04:59:00+00:00, run_after=2025-11-13 06:00:00+00:00
[2025-11-13T11:02:30.196+0530] {processor.py:183} INFO - Processing /home/logi/txtai/etl_pipeline/dags/dag.py took 0.866 seconds
[2025-11-13T11:03:00.874+0530] {processor.py:161} INFO - Started process (PID=26188) to work on /home/logi/txtai/etl_pipeline/dags/dag.py
[2025-11-13T11:03:00.888+0530] {processor.py:830} INFO - Processing file /home/logi/txtai/etl_pipeline/dags/dag.py for tasks to queue
[2025-11-13T11:03:00.891+0530] {logging_mixin.py:188} INFO - [2025-11-13T11:03:00.891+0530] {dagbag.py:545} INFO - Filling up the DagBag from /home/logi/txtai/etl_pipeline/dags/dag.py
[2025-11-13T11:03:01.545+0530] {processor.py:840} INFO - DAG(s) 'structured_data_pipeline' retrieved from /home/logi/txtai/etl_pipeline/dags/dag.py
[2025-11-13T11:03:01.584+0530] {logging_mixin.py:188} INFO - [2025-11-13T11:03:01.583+0530] {dag.py:3089} INFO - Sync 1 DAGs
[2025-11-13T11:03:01.608+0530] {logging_mixin.py:188} INFO - [2025-11-13T11:03:01.608+0530] {dag.py:3947} INFO - Setting next_dagrun for structured_data_pipeline to 2025-11-13 04:59:00+00:00, run_after=2025-11-13 06:00:00+00:00
[2025-11-13T11:03:01.639+0530] {processor.py:183} INFO - Processing /home/logi/txtai/etl_pipeline/dags/dag.py took 0.776 seconds
[2025-11-13T11:03:31.710+0530] {processor.py:161} INFO - Started process (PID=26337) to work on /home/logi/txtai/etl_pipeline/dags/dag.py
[2025-11-13T11:03:31.713+0530] {processor.py:830} INFO - Processing file /home/logi/txtai/etl_pipeline/dags/dag.py for tasks to queue
[2025-11-13T11:03:31.716+0530] {logging_mixin.py:188} INFO - [2025-11-13T11:03:31.715+0530] {dagbag.py:545} INFO - Filling up the DagBag from /home/logi/txtai/etl_pipeline/dags/dag.py
[2025-11-13T11:03:32.360+0530] {processor.py:840} INFO - DAG(s) 'structured_data_pipeline' retrieved from /home/logi/txtai/etl_pipeline/dags/dag.py
[2025-11-13T11:03:32.470+0530] {logging_mixin.py:188} INFO - [2025-11-13T11:03:32.469+0530] {dag.py:3089} INFO - Sync 1 DAGs
[2025-11-13T11:03:32.496+0530] {logging_mixin.py:188} INFO - [2025-11-13T11:03:32.496+0530] {dag.py:3947} INFO - Setting next_dagrun for structured_data_pipeline to 2025-11-13 04:59:00+00:00, run_after=2025-11-13 06:00:00+00:00
[2025-11-13T11:03:32.521+0530] {processor.py:183} INFO - Processing /home/logi/txtai/etl_pipeline/dags/dag.py took 0.824 seconds
[2025-11-13T11:04:02.717+0530] {processor.py:161} INFO - Started process (PID=26485) to work on /home/logi/txtai/etl_pipeline/dags/dag.py
[2025-11-13T11:04:02.719+0530] {processor.py:830} INFO - Processing file /home/logi/txtai/etl_pipeline/dags/dag.py for tasks to queue
[2025-11-13T11:04:02.721+0530] {logging_mixin.py:188} INFO - [2025-11-13T11:04:02.721+0530] {dagbag.py:545} INFO - Filling up the DagBag from /home/logi/txtai/etl_pipeline/dags/dag.py
[2025-11-13T11:04:03.382+0530] {processor.py:840} INFO - DAG(s) 'structured_data_pipeline' retrieved from /home/logi/txtai/etl_pipeline/dags/dag.py
[2025-11-13T11:04:03.419+0530] {logging_mixin.py:188} INFO - [2025-11-13T11:04:03.418+0530] {dag.py:3089} INFO - Sync 1 DAGs
[2025-11-13T11:04:03.441+0530] {logging_mixin.py:188} INFO - [2025-11-13T11:04:03.441+0530] {dag.py:3947} INFO - Setting next_dagrun for structured_data_pipeline to 2025-11-13 04:59:00+00:00, run_after=2025-11-13 06:00:00+00:00
[2025-11-13T11:04:03.479+0530] {processor.py:183} INFO - Processing /home/logi/txtai/etl_pipeline/dags/dag.py took 0.775 seconds
[2025-11-13T11:04:33.572+0530] {processor.py:161} INFO - Started process (PID=26636) to work on /home/logi/txtai/etl_pipeline/dags/dag.py
[2025-11-13T11:04:33.575+0530] {processor.py:830} INFO - Processing file /home/logi/txtai/etl_pipeline/dags/dag.py for tasks to queue
[2025-11-13T11:04:33.578+0530] {logging_mixin.py:188} INFO - [2025-11-13T11:04:33.578+0530] {dagbag.py:545} INFO - Filling up the DagBag from /home/logi/txtai/etl_pipeline/dags/dag.py
[2025-11-13T11:04:34.195+0530] {processor.py:840} INFO - DAG(s) 'structured_data_pipeline' retrieved from /home/logi/txtai/etl_pipeline/dags/dag.py
[2025-11-13T11:04:34.297+0530] {logging_mixin.py:188} INFO - [2025-11-13T11:04:34.296+0530] {dag.py:3089} INFO - Sync 1 DAGs
[2025-11-13T11:04:34.318+0530] {logging_mixin.py:188} INFO - [2025-11-13T11:04:34.318+0530] {dag.py:3947} INFO - Setting next_dagrun for structured_data_pipeline to 2025-11-13 04:59:00+00:00, run_after=2025-11-13 06:00:00+00:00
[2025-11-13T11:04:34.341+0530] {processor.py:183} INFO - Processing /home/logi/txtai/etl_pipeline/dags/dag.py took 0.782 seconds
[2025-11-13T11:05:05.045+0530] {processor.py:161} INFO - Started process (PID=26783) to work on /home/logi/txtai/etl_pipeline/dags/dag.py
[2025-11-13T11:05:05.051+0530] {processor.py:830} INFO - Processing file /home/logi/txtai/etl_pipeline/dags/dag.py for tasks to queue
[2025-11-13T11:05:05.054+0530] {logging_mixin.py:188} INFO - [2025-11-13T11:05:05.053+0530] {dagbag.py:545} INFO - Filling up the DagBag from /home/logi/txtai/etl_pipeline/dags/dag.py
[2025-11-13T11:05:05.711+0530] {processor.py:840} INFO - DAG(s) 'structured_data_pipeline' retrieved from /home/logi/txtai/etl_pipeline/dags/dag.py
[2025-11-13T11:05:05.750+0530] {logging_mixin.py:188} INFO - [2025-11-13T11:05:05.750+0530] {dag.py:3089} INFO - Sync 1 DAGs
[2025-11-13T11:05:05.774+0530] {logging_mixin.py:188} INFO - [2025-11-13T11:05:05.774+0530] {dag.py:3947} INFO - Setting next_dagrun for structured_data_pipeline to 2025-11-13 04:59:00+00:00, run_after=2025-11-13 06:00:00+00:00
[2025-11-13T11:05:05.810+0530] {processor.py:183} INFO - Processing /home/logi/txtai/etl_pipeline/dags/dag.py took 0.778 seconds
