[2025-11-12T09:00:01.863+0530] {local_task_job_runner.py:120} INFO - ::group::Pre task execution logs
[2025-11-12T09:00:01.876+0530] {taskinstance.py:2076} INFO - Dependencies all met for dep_context=non-requeueable deps ti=<TaskInstance: structured_data_pipeline.extract_products scheduled__2025-11-12T03:22:00+00:00 [queued]>
[2025-11-12T09:00:01.881+0530] {taskinstance.py:2076} INFO - Dependencies all met for dep_context=requeueable deps ti=<TaskInstance: structured_data_pipeline.extract_products scheduled__2025-11-12T03:22:00+00:00 [queued]>
[2025-11-12T09:00:01.881+0530] {taskinstance.py:2306} INFO - Starting attempt 2 of 3
[2025-11-12T09:00:01.891+0530] {taskinstance.py:2330} INFO - Executing <Task(PythonOperator): extract_products> on 2025-11-12 03:22:00+00:00
[2025-11-12T09:00:01.897+0530] {standard_task_runner.py:64} INFO - Started process 23935 to run task
[2025-11-12T09:00:01.902+0530] {standard_task_runner.py:90} INFO - Running: ['airflow', 'tasks', 'run', 'structured_data_pipeline', 'extract_products', 'scheduled__2025-11-12T03:22:00+00:00', '--job-id', '100', '--raw', '--subdir', 'DAGS_FOLDER/dag.py', '--cfg-path', '/tmp/tmplq_cqpf_']
[2025-11-12T09:00:01.902+0530] {standard_task_runner.py:91} INFO - Job 100: Subtask extract_products
[2025-11-12T09:00:01.941+0530] {task_command.py:426} INFO - Running <TaskInstance: structured_data_pipeline.extract_products scheduled__2025-11-12T03:22:00+00:00 [running]> on host logi-Inspiron-15-3525
[2025-11-12T09:00:01.990+0530] {taskinstance.py:2648} INFO - Exporting env vars: AIRFLOW_CTX_DAG_OWNER='data_engineering' AIRFLOW_CTX_DAG_ID='structured_data_pipeline' AIRFLOW_CTX_TASK_ID='extract_products' AIRFLOW_CTX_EXECUTION_DATE='2025-11-12T03:22:00+00:00' AIRFLOW_CTX_TRY_NUMBER='2' AIRFLOW_CTX_DAG_RUN_ID='scheduled__2025-11-12T03:22:00+00:00'
[2025-11-12T09:00:01.991+0530] {taskinstance.py:430} INFO - ::endgroup::
[2025-11-12T09:00:01.991+0530] {tasks.py:126} INFO - Extracting data from table: products
[2025-11-12T09:00:01.995+0530] {tasks.py:136} INFO - Using postgres connector: postgres_source, found: False
[2025-11-12T09:00:01.996+0530] {tasks.py:37} INFO - Creating postgresql connector
[2025-11-12T09:00:01.996+0530] {factory.py:68} INFO - Created postgres connector
[2025-11-12T09:00:02.012+0530] {postgres.py:61} INFO - New connection established
[2025-11-12T09:00:02.016+0530] {postgres.py:100} INFO - PostgreSQL connection established successfully
[2025-11-12T09:00:02.016+0530] {postgres.py:188} INFO - PostgreSQL connection test successful: PostgreSQL 14.19 (Ubuntu 14.19-0ubuntu0.22.04.1) on x86_64-pc-linux-gnu, compiled by gcc (Ubuntu 11.4.0-1ubuntu1~22.04.2) 11.4.0, 64-bit
[2025-11-12T09:00:02.016+0530] {tasks.py:61} INFO - postgresql connector created and registered: postgres_source
[2025-11-12T09:00:02.017+0530] {postgres.py:61} INFO - New connection established
[2025-11-12T09:00:02.023+0530] {factory.py:64} INFO - Created postgres extractor
[2025-11-12T09:00:02.024+0530] {state_manager.py:38} INFO - Loaded state from /tmp/etl_state.json
[2025-11-12T09:00:02.024+0530] {postgres_extractor.py:93} INFO - Performing full extraction from products
[2025-11-12T09:00:02.024+0530] {postgres_extractor.py:121} ERROR - Error extracting from products: 'str' object has no attribute 'get_connection'
[2025-11-12T09:00:02.024+0530] {tasks.py:193} ERROR - Error extracting data: 'str' object has no attribute 'get_connection'
[2025-11-12T09:00:02.024+0530] {taskinstance.py:441} INFO - ::group::Post task execution logs
[2025-11-12T09:00:02.024+0530] {taskinstance.py:2905} ERROR - Task failed with exception
Traceback (most recent call last):
  File "/home/logi/txtai/venv/lib/python3.10/site-packages/airflow/models/taskinstance.py", line 465, in _execute_task
    result = _execute_callable(context=context, **execute_callable_kwargs)
  File "/home/logi/txtai/venv/lib/python3.10/site-packages/airflow/models/taskinstance.py", line 432, in _execute_callable
    return execute_callable(context=context, **execute_callable_kwargs)
  File "/home/logi/txtai/venv/lib/python3.10/site-packages/airflow/models/baseoperator.py", line 401, in wrapper
    return func(self, *args, **kwargs)
  File "/home/logi/txtai/venv/lib/python3.10/site-packages/airflow/operators/python.py", line 235, in execute
    return_value = self.execute_callable()
  File "/home/logi/txtai/venv/lib/python3.10/site-packages/airflow/operators/python.py", line 252, in execute_callable
    return self.python_callable(*self.op_args, **self.op_kwargs)
  File "/home/logi/txtai/etl_pipeline/dags/tasks.py", line 165, in extract_table_data
    df = extractor.extract_with_config(table_config)
  File "/home/logi/txtai/etl_pipeline/extractor/postgres_extractor.py", line 75, in extract_with_config
    return self._extract_full(config)
  File "/home/logi/txtai/etl_pipeline/extractor/postgres_extractor.py", line 109, in _extract_full
    engine = self.connector.get_connection()
AttributeError: 'str' object has no attribute 'get_connection'
[2025-11-12T09:00:02.027+0530] {postgres.py:61} INFO - New connection established
[2025-11-12T09:00:02.029+0530] {taskinstance.py:1206} INFO - Marking task as UP_FOR_RETRY. dag_id=structured_data_pipeline, task_id=extract_products, run_id=scheduled__2025-11-12T03:22:00+00:00, execution_date=20251112T032200, start_date=20251112T033001, end_date=20251112T033002
[2025-11-12T09:00:02.038+0530] {standard_task_runner.py:110} ERROR - Failed to execute job 100 for task extract_products ('str' object has no attribute 'get_connection'; 23935)
[2025-11-12T09:00:02.073+0530] {local_task_job_runner.py:243} INFO - Task exited with return code 1
[2025-11-12T09:00:02.107+0530] {taskinstance.py:3503} INFO - 0 downstream tasks scheduled from follow-on schedule check
[2025-11-12T09:00:02.108+0530] {local_task_job_runner.py:222} INFO - ::endgroup::
