[2025-10-31T20:08:09.770+0530] {local_task_job_runner.py:120} INFO - ::group::Pre task execution logs
[2025-10-31T20:08:09.847+0530] {taskinstance.py:2076} INFO - Dependencies all met for dep_context=non-requeueable deps ti=<TaskInstance: esai_pipeline_dag.transmit_data scheduled__2025-10-31T14:36:00+00:00 [queued]>
[2025-10-31T20:08:09.878+0530] {taskinstance.py:2076} INFO - Dependencies all met for dep_context=requeueable deps ti=<TaskInstance: esai_pipeline_dag.transmit_data scheduled__2025-10-31T14:36:00+00:00 [queued]>
[2025-10-31T20:08:09.878+0530] {taskinstance.py:2306} INFO - Starting attempt 1 of 1
[2025-10-31T20:08:09.918+0530] {taskinstance.py:2330} INFO - Executing <Task(PythonOperator): transmit_data> on 2025-10-31 14:36:00+00:00
[2025-10-31T20:08:09.930+0530] {standard_task_runner.py:64} INFO - Started process 15621 to run task
[2025-10-31T20:08:09.950+0530] {standard_task_runner.py:90} INFO - Running: ['airflow', 'tasks', 'run', 'esai_pipeline_dag', 'transmit_data', 'scheduled__2025-10-31T14:36:00+00:00', '--job-id', '104', '--raw', '--subdir', 'DAGS_FOLDER/esai_dag.py', '--cfg-path', '/tmp/tmpeqa_xd3a']
[2025-10-31T20:08:09.955+0530] {standard_task_runner.py:91} INFO - Job 104: Subtask transmit_data
[2025-10-31T20:08:10.129+0530] {task_command.py:426} INFO - Running <TaskInstance: esai_pipeline_dag.transmit_data scheduled__2025-10-31T14:36:00+00:00 [running]> on host logi-Inspiron-15-3525
[2025-10-31T20:08:11.220+0530] {taskinstance.py:2648} INFO - Exporting env vars: AIRFLOW_CTX_DAG_OWNER='logi' AIRFLOW_CTX_DAG_ID='esai_pipeline_dag' AIRFLOW_CTX_TASK_ID='transmit_data' AIRFLOW_CTX_EXECUTION_DATE='2025-10-31T14:36:00+00:00' AIRFLOW_CTX_TRY_NUMBER='1' AIRFLOW_CTX_DAG_RUN_ID='scheduled__2025-10-31T14:36:00+00:00'
[2025-10-31T20:08:11.223+0530] {taskinstance.py:430} INFO - ::endgroup::
[2025-10-31T20:08:11.294+0530] {transmitter.py:30} INFO - Using provided DataFrame with shape:    id        name department  marks
0   1  Logidhasan         AI     95
1   2    nallavan      maths     99
2   3       jikku    zoology     89
3   4     balaram      tamil    100
4   5        deva      tamil    100
[2025-10-31T20:08:11.296+0530] {transmitter.py:65} INFO - Converted data to JSON string with 5 records
[2025-10-31T20:08:11.298+0530] {transmitter.py:56} INFO - JSON data saved to file: students_export_airflow.json
[2025-10-31T20:08:11.334+0530] {python.py:237} INFO - Done. Returned value was: None
[2025-10-31T20:08:11.336+0530] {taskinstance.py:441} INFO - ::group::Post task execution logs
[2025-10-31T20:08:11.357+0530] {taskinstance.py:1206} INFO - Marking task as SUCCESS. dag_id=esai_pipeline_dag, task_id=transmit_data, run_id=scheduled__2025-10-31T14:36:00+00:00, execution_date=20251031T143600, start_date=20251031T143809, end_date=20251031T143811
[2025-10-31T20:08:11.472+0530] {local_task_job_runner.py:243} INFO - Task exited with return code 0
[2025-10-31T20:08:11.520+0530] {taskinstance.py:3503} INFO - 1 downstream tasks scheduled from follow-on schedule check
[2025-10-31T20:08:11.534+0530] {local_task_job_runner.py:222} INFO - ::endgroup::
