[2025-11-13T10:41:57.721+0530] {local_task_job_runner.py:120} INFO - ::group::Pre task execution logs
[2025-11-13T10:41:57.750+0530] {taskinstance.py:2076} INFO - Dependencies all met for dep_context=non-requeueable deps ti=<TaskInstance: structured_data_pipeline.create_postgres_connector manual__2025-11-13T05:11:06.484708+00:00 [queued]>
[2025-11-13T10:41:57.758+0530] {taskinstance.py:2076} INFO - Dependencies all met for dep_context=requeueable deps ti=<TaskInstance: structured_data_pipeline.create_postgres_connector manual__2025-11-13T05:11:06.484708+00:00 [queued]>
[2025-11-13T10:41:57.758+0530] {taskinstance.py:2306} INFO - Starting attempt 1 of 1
[2025-11-13T10:41:57.769+0530] {taskinstance.py:2330} INFO - Executing <Task(PythonOperator): create_postgres_connector> on 2025-11-13 05:11:06.484708+00:00
[2025-11-13T10:41:57.777+0530] {standard_task_runner.py:64} INFO - Started process 18372 to run task
[2025-11-13T10:41:57.781+0530] {standard_task_runner.py:90} INFO - Running: ['airflow', 'tasks', 'run', 'structured_data_pipeline', 'create_postgres_connector', 'manual__2025-11-13T05:11:06.484708+00:00', '--job-id', '14', '--raw', '--subdir', 'DAGS_FOLDER/postgres_to_elasticsearch_dag.py', '--cfg-path', '/tmp/tmp14r_ao6d']
[2025-11-13T10:41:57.782+0530] {standard_task_runner.py:91} INFO - Job 14: Subtask create_postgres_connector
[2025-11-13T10:41:57.868+0530] {task_command.py:426} INFO - Running <TaskInstance: structured_data_pipeline.create_postgres_connector manual__2025-11-13T05:11:06.484708+00:00 [running]> on host logi-Inspiron-15-3525
[2025-11-13T10:41:58.054+0530] {taskinstance.py:2648} INFO - Exporting env vars: AIRFLOW_CTX_DAG_OWNER='data_engineering' AIRFLOW_CTX_DAG_ID='structured_data_pipeline' AIRFLOW_CTX_TASK_ID='create_postgres_connector' AIRFLOW_CTX_EXECUTION_DATE='2025-11-13T05:11:06.484708+00:00' AIRFLOW_CTX_TRY_NUMBER='1' AIRFLOW_CTX_DAG_RUN_ID='manual__2025-11-13T05:11:06.484708+00:00'
[2025-11-13T10:41:58.058+0530] {taskinstance.py:430} INFO - ::endgroup::
[2025-11-13T10:41:58.060+0530] {postgres_to_elasticsearch_dag.py:53} INFO - Creating PostgreSQL connector
[2025-11-13T10:41:58.062+0530] {factory.py:68} INFO - Created postgres connector
[2025-11-13T10:41:58.086+0530] {postgres.py:61} INFO - New connection established
[2025-11-13T10:41:58.093+0530] {postgres.py:100} INFO - PostgreSQL connection established successfully
[2025-11-13T10:41:58.095+0530] {postgres.py:188} INFO - PostgreSQL connection test successful: PostgreSQL 14.19 (Ubuntu 14.19-0ubuntu0.22.04.1) on x86_64-pc-linux-gnu, compiled by gcc (Ubuntu 11.4.0-1ubuntu1~22.04.2) 11.4.0, 64-bit
[2025-11-13T10:41:58.097+0530] {postgres_to_elasticsearch_dag.py:77} INFO - PostgreSQL connector created and registered: postgres_source
[2025-11-13T10:41:58.117+0530] {postgres.py:61} INFO - New connection established
[2025-11-13T10:41:58.144+0530] {python.py:237} INFO - Done. Returned value was: postgres_source
[2025-11-13T10:41:58.144+0530] {taskinstance.py:441} INFO - ::group::Post task execution logs
[2025-11-13T10:41:58.172+0530] {postgres.py:61} INFO - New connection established
[2025-11-13T10:41:58.209+0530] {postgres.py:61} INFO - New connection established
[2025-11-13T10:41:58.218+0530] {taskinstance.py:1206} INFO - Marking task as SUCCESS. dag_id=structured_data_pipeline, task_id=create_postgres_connector, run_id=manual__2025-11-13T05:11:06.484708+00:00, execution_date=20251113T051106, start_date=20251113T051157, end_date=20251113T051158
[2025-11-13T10:41:58.274+0530] {local_task_job_runner.py:243} INFO - Task exited with return code 0
[2025-11-13T10:41:58.363+0530] {taskinstance.py:3503} INFO - 3 downstream tasks scheduled from follow-on schedule check
[2025-11-13T10:41:58.367+0530] {local_task_job_runner.py:222} INFO - ::endgroup::
