[2025-11-12T06:03:17.611+0530] {processor.py:161} INFO - Started process (PID=5766) to work on /home/logi/txtai/venv/lib/python3.10/site-packages/airflow/example_dags/subdags/subdag.py
[2025-11-12T06:03:17.612+0530] {processor.py:830} INFO - Processing file /home/logi/txtai/venv/lib/python3.10/site-packages/airflow/example_dags/subdags/subdag.py for tasks to queue
[2025-11-12T06:03:17.615+0530] {logging_mixin.py:188} INFO - [2025-11-12T06:03:17.615+0530] {dagbag.py:545} INFO - Filling up the DagBag from /home/logi/txtai/venv/lib/python3.10/site-packages/airflow/example_dags/subdags/subdag.py
[2025-11-12T06:03:17.619+0530] {processor.py:842} WARNING - No viable dags retrieved from /home/logi/txtai/venv/lib/python3.10/site-packages/airflow/example_dags/subdags/subdag.py
[2025-11-12T06:03:17.632+0530] {processor.py:183} INFO - Processing /home/logi/txtai/venv/lib/python3.10/site-packages/airflow/example_dags/subdags/subdag.py took 0.032 seconds
[2025-11-12T06:04:27.143+0530] {processor.py:161} INFO - Started process (PID=6139) to work on /home/logi/txtai/venv/lib/python3.10/site-packages/airflow/example_dags/subdags/subdag.py
[2025-11-12T06:04:27.145+0530] {processor.py:830} INFO - Processing file /home/logi/txtai/venv/lib/python3.10/site-packages/airflow/example_dags/subdags/subdag.py for tasks to queue
[2025-11-12T06:04:27.148+0530] {logging_mixin.py:188} INFO - [2025-11-12T06:04:27.148+0530] {dagbag.py:545} INFO - Filling up the DagBag from /home/logi/txtai/venv/lib/python3.10/site-packages/airflow/example_dags/subdags/subdag.py
[2025-11-12T06:04:27.151+0530] {processor.py:842} WARNING - No viable dags retrieved from /home/logi/txtai/venv/lib/python3.10/site-packages/airflow/example_dags/subdags/subdag.py
[2025-11-12T06:04:27.169+0530] {processor.py:183} INFO - Processing /home/logi/txtai/venv/lib/python3.10/site-packages/airflow/example_dags/subdags/subdag.py took 0.036 seconds
[2025-11-12T06:05:30.505+0530] {processor.py:161} INFO - Started process (PID=6326) to work on /home/logi/txtai/venv/lib/python3.10/site-packages/airflow/example_dags/subdags/subdag.py
[2025-11-12T06:05:30.518+0530] {processor.py:830} INFO - Processing file /home/logi/txtai/venv/lib/python3.10/site-packages/airflow/example_dags/subdags/subdag.py for tasks to queue
[2025-11-12T06:05:30.520+0530] {logging_mixin.py:188} INFO - [2025-11-12T06:05:30.520+0530] {dagbag.py:545} INFO - Filling up the DagBag from /home/logi/txtai/venv/lib/python3.10/site-packages/airflow/example_dags/subdags/subdag.py
[2025-11-12T06:05:30.522+0530] {processor.py:842} WARNING - No viable dags retrieved from /home/logi/txtai/venv/lib/python3.10/site-packages/airflow/example_dags/subdags/subdag.py
[2025-11-12T06:05:30.531+0530] {processor.py:183} INFO - Processing /home/logi/txtai/venv/lib/python3.10/site-packages/airflow/example_dags/subdags/subdag.py took 0.033 seconds
[2025-11-12T06:06:30.094+0530] {processor.py:161} INFO - Started process (PID=6733) to work on /home/logi/txtai/venv/lib/python3.10/site-packages/airflow/example_dags/subdags/subdag.py
[2025-11-12T06:06:30.108+0530] {processor.py:830} INFO - Processing file /home/logi/txtai/venv/lib/python3.10/site-packages/airflow/example_dags/subdags/subdag.py for tasks to queue
[2025-11-12T06:06:30.111+0530] {logging_mixin.py:188} INFO - [2025-11-12T06:06:30.110+0530] {dagbag.py:545} INFO - Filling up the DagBag from /home/logi/txtai/venv/lib/python3.10/site-packages/airflow/example_dags/subdags/subdag.py
[2025-11-12T06:06:30.114+0530] {processor.py:842} WARNING - No viable dags retrieved from /home/logi/txtai/venv/lib/python3.10/site-packages/airflow/example_dags/subdags/subdag.py
[2025-11-12T06:06:30.134+0530] {processor.py:183} INFO - Processing /home/logi/txtai/venv/lib/python3.10/site-packages/airflow/example_dags/subdags/subdag.py took 0.051 seconds
[2025-11-12T06:07:26.786+0530] {processor.py:161} INFO - Started process (PID=6813) to work on /home/logi/txtai/venv/lib/python3.10/site-packages/airflow/example_dags/subdags/subdag.py
[2025-11-12T06:07:26.799+0530] {processor.py:830} INFO - Processing file /home/logi/txtai/venv/lib/python3.10/site-packages/airflow/example_dags/subdags/subdag.py for tasks to queue
[2025-11-12T06:07:26.803+0530] {logging_mixin.py:188} INFO - [2025-11-12T06:07:26.802+0530] {dagbag.py:545} INFO - Filling up the DagBag from /home/logi/txtai/venv/lib/python3.10/site-packages/airflow/example_dags/subdags/subdag.py
[2025-11-12T06:07:26.806+0530] {processor.py:842} WARNING - No viable dags retrieved from /home/logi/txtai/venv/lib/python3.10/site-packages/airflow/example_dags/subdags/subdag.py
[2025-11-12T06:07:26.825+0530] {processor.py:183} INFO - Processing /home/logi/txtai/venv/lib/python3.10/site-packages/airflow/example_dags/subdags/subdag.py took 0.050 seconds
[2025-11-12T06:08:29.166+0530] {processor.py:161} INFO - Started process (PID=7389) to work on /home/logi/txtai/venv/lib/python3.10/site-packages/airflow/example_dags/subdags/subdag.py
[2025-11-12T06:08:29.179+0530] {processor.py:830} INFO - Processing file /home/logi/txtai/venv/lib/python3.10/site-packages/airflow/example_dags/subdags/subdag.py for tasks to queue
[2025-11-12T06:08:29.183+0530] {logging_mixin.py:188} INFO - [2025-11-12T06:08:29.182+0530] {dagbag.py:545} INFO - Filling up the DagBag from /home/logi/txtai/venv/lib/python3.10/site-packages/airflow/example_dags/subdags/subdag.py
[2025-11-12T06:08:29.186+0530] {processor.py:842} WARNING - No viable dags retrieved from /home/logi/txtai/venv/lib/python3.10/site-packages/airflow/example_dags/subdags/subdag.py
[2025-11-12T06:08:29.204+0530] {processor.py:183} INFO - Processing /home/logi/txtai/venv/lib/python3.10/site-packages/airflow/example_dags/subdags/subdag.py took 0.048 seconds
[2025-11-12T08:07:48.939+0530] {processor.py:161} INFO - Started process (PID=9921) to work on /home/logi/txtai/venv/lib/python3.10/site-packages/airflow/example_dags/subdags/subdag.py
[2025-11-12T08:07:48.940+0530] {processor.py:830} INFO - Processing file /home/logi/txtai/venv/lib/python3.10/site-packages/airflow/example_dags/subdags/subdag.py for tasks to queue
[2025-11-12T08:07:48.942+0530] {logging_mixin.py:188} INFO - [2025-11-12T08:07:48.942+0530] {dagbag.py:545} INFO - Filling up the DagBag from /home/logi/txtai/venv/lib/python3.10/site-packages/airflow/example_dags/subdags/subdag.py
[2025-11-12T08:07:48.944+0530] {processor.py:842} WARNING - No viable dags retrieved from /home/logi/txtai/venv/lib/python3.10/site-packages/airflow/example_dags/subdags/subdag.py
[2025-11-12T08:07:48.955+0530] {processor.py:183} INFO - Processing /home/logi/txtai/venv/lib/python3.10/site-packages/airflow/example_dags/subdags/subdag.py took 0.023 seconds
[2025-11-12T08:08:49.528+0530] {processor.py:161} INFO - Started process (PID=10396) to work on /home/logi/txtai/venv/lib/python3.10/site-packages/airflow/example_dags/subdags/subdag.py
[2025-11-12T08:08:49.542+0530] {processor.py:830} INFO - Processing file /home/logi/txtai/venv/lib/python3.10/site-packages/airflow/example_dags/subdags/subdag.py for tasks to queue
[2025-11-12T08:08:49.545+0530] {logging_mixin.py:188} INFO - [2025-11-12T08:08:49.545+0530] {dagbag.py:545} INFO - Filling up the DagBag from /home/logi/txtai/venv/lib/python3.10/site-packages/airflow/example_dags/subdags/subdag.py
[2025-11-12T08:08:49.548+0530] {processor.py:842} WARNING - No viable dags retrieved from /home/logi/txtai/venv/lib/python3.10/site-packages/airflow/example_dags/subdags/subdag.py
[2025-11-12T08:08:49.564+0530] {processor.py:183} INFO - Processing /home/logi/txtai/venv/lib/python3.10/site-packages/airflow/example_dags/subdags/subdag.py took 0.046 seconds
[2025-11-12T08:09:47.347+0530] {processor.py:161} INFO - Started process (PID=10810) to work on /home/logi/txtai/venv/lib/python3.10/site-packages/airflow/example_dags/subdags/subdag.py
[2025-11-12T08:09:47.364+0530] {processor.py:830} INFO - Processing file /home/logi/txtai/venv/lib/python3.10/site-packages/airflow/example_dags/subdags/subdag.py for tasks to queue
[2025-11-12T08:09:47.368+0530] {logging_mixin.py:188} INFO - [2025-11-12T08:09:47.367+0530] {dagbag.py:545} INFO - Filling up the DagBag from /home/logi/txtai/venv/lib/python3.10/site-packages/airflow/example_dags/subdags/subdag.py
[2025-11-12T08:09:47.374+0530] {processor.py:842} WARNING - No viable dags retrieved from /home/logi/txtai/venv/lib/python3.10/site-packages/airflow/example_dags/subdags/subdag.py
[2025-11-12T08:09:47.399+0530] {processor.py:183} INFO - Processing /home/logi/txtai/venv/lib/python3.10/site-packages/airflow/example_dags/subdags/subdag.py took 0.066 seconds
[2025-11-12T08:10:47.684+0530] {processor.py:161} INFO - Started process (PID=11128) to work on /home/logi/txtai/venv/lib/python3.10/site-packages/airflow/example_dags/subdags/subdag.py
[2025-11-12T08:10:47.698+0530] {processor.py:830} INFO - Processing file /home/logi/txtai/venv/lib/python3.10/site-packages/airflow/example_dags/subdags/subdag.py for tasks to queue
[2025-11-12T08:10:47.701+0530] {logging_mixin.py:188} INFO - [2025-11-12T08:10:47.701+0530] {dagbag.py:545} INFO - Filling up the DagBag from /home/logi/txtai/venv/lib/python3.10/site-packages/airflow/example_dags/subdags/subdag.py
[2025-11-12T08:10:47.704+0530] {processor.py:842} WARNING - No viable dags retrieved from /home/logi/txtai/venv/lib/python3.10/site-packages/airflow/example_dags/subdags/subdag.py
[2025-11-12T08:10:47.718+0530] {processor.py:183} INFO - Processing /home/logi/txtai/venv/lib/python3.10/site-packages/airflow/example_dags/subdags/subdag.py took 0.044 seconds
[2025-11-12T08:11:50.149+0530] {processor.py:161} INFO - Started process (PID=11395) to work on /home/logi/txtai/venv/lib/python3.10/site-packages/airflow/example_dags/subdags/subdag.py
[2025-11-12T08:11:50.162+0530] {processor.py:830} INFO - Processing file /home/logi/txtai/venv/lib/python3.10/site-packages/airflow/example_dags/subdags/subdag.py for tasks to queue
[2025-11-12T08:11:50.165+0530] {logging_mixin.py:188} INFO - [2025-11-12T08:11:50.165+0530] {dagbag.py:545} INFO - Filling up the DagBag from /home/logi/txtai/venv/lib/python3.10/site-packages/airflow/example_dags/subdags/subdag.py
[2025-11-12T08:11:50.169+0530] {processor.py:842} WARNING - No viable dags retrieved from /home/logi/txtai/venv/lib/python3.10/site-packages/airflow/example_dags/subdags/subdag.py
[2025-11-12T08:11:50.188+0530] {processor.py:183} INFO - Processing /home/logi/txtai/venv/lib/python3.10/site-packages/airflow/example_dags/subdags/subdag.py took 0.050 seconds
[2025-11-12T08:13:16.190+0530] {processor.py:161} INFO - Started process (PID=12408) to work on /home/logi/txtai/venv/lib/python3.10/site-packages/airflow/example_dags/subdags/subdag.py
[2025-11-12T08:13:16.203+0530] {processor.py:830} INFO - Processing file /home/logi/txtai/venv/lib/python3.10/site-packages/airflow/example_dags/subdags/subdag.py for tasks to queue
[2025-11-12T08:13:16.206+0530] {logging_mixin.py:188} INFO - [2025-11-12T08:13:16.206+0530] {dagbag.py:545} INFO - Filling up the DagBag from /home/logi/txtai/venv/lib/python3.10/site-packages/airflow/example_dags/subdags/subdag.py
[2025-11-12T08:13:16.210+0530] {processor.py:842} WARNING - No viable dags retrieved from /home/logi/txtai/venv/lib/python3.10/site-packages/airflow/example_dags/subdags/subdag.py
[2025-11-12T08:13:16.228+0530] {processor.py:183} INFO - Processing /home/logi/txtai/venv/lib/python3.10/site-packages/airflow/example_dags/subdags/subdag.py took 0.049 seconds
[2025-11-12T08:14:07.495+0530] {processor.py:161} INFO - Started process (PID=12820) to work on /home/logi/txtai/venv/lib/python3.10/site-packages/airflow/example_dags/subdags/subdag.py
[2025-11-12T08:14:07.509+0530] {processor.py:830} INFO - Processing file /home/logi/txtai/venv/lib/python3.10/site-packages/airflow/example_dags/subdags/subdag.py for tasks to queue
[2025-11-12T08:14:07.512+0530] {logging_mixin.py:188} INFO - [2025-11-12T08:14:07.511+0530] {dagbag.py:545} INFO - Filling up the DagBag from /home/logi/txtai/venv/lib/python3.10/site-packages/airflow/example_dags/subdags/subdag.py
[2025-11-12T08:14:07.515+0530] {processor.py:842} WARNING - No viable dags retrieved from /home/logi/txtai/venv/lib/python3.10/site-packages/airflow/example_dags/subdags/subdag.py
[2025-11-12T08:14:07.534+0530] {processor.py:183} INFO - Processing /home/logi/txtai/venv/lib/python3.10/site-packages/airflow/example_dags/subdags/subdag.py took 0.050 seconds
[2025-11-12T08:15:06.327+0530] {processor.py:161} INFO - Started process (PID=13313) to work on /home/logi/txtai/venv/lib/python3.10/site-packages/airflow/example_dags/subdags/subdag.py
[2025-11-12T08:15:06.341+0530] {processor.py:830} INFO - Processing file /home/logi/txtai/venv/lib/python3.10/site-packages/airflow/example_dags/subdags/subdag.py for tasks to queue
[2025-11-12T08:15:06.344+0530] {logging_mixin.py:188} INFO - [2025-11-12T08:15:06.343+0530] {dagbag.py:545} INFO - Filling up the DagBag from /home/logi/txtai/venv/lib/python3.10/site-packages/airflow/example_dags/subdags/subdag.py
[2025-11-12T08:15:06.348+0530] {processor.py:842} WARNING - No viable dags retrieved from /home/logi/txtai/venv/lib/python3.10/site-packages/airflow/example_dags/subdags/subdag.py
[2025-11-12T08:15:06.367+0530] {processor.py:183} INFO - Processing /home/logi/txtai/venv/lib/python3.10/site-packages/airflow/example_dags/subdags/subdag.py took 0.051 seconds
[2025-11-12T08:16:03.937+0530] {processor.py:161} INFO - Started process (PID=13780) to work on /home/logi/txtai/venv/lib/python3.10/site-packages/airflow/example_dags/subdags/subdag.py
[2025-11-12T08:16:03.949+0530] {processor.py:830} INFO - Processing file /home/logi/txtai/venv/lib/python3.10/site-packages/airflow/example_dags/subdags/subdag.py for tasks to queue
[2025-11-12T08:16:03.952+0530] {logging_mixin.py:188} INFO - [2025-11-12T08:16:03.952+0530] {dagbag.py:545} INFO - Filling up the DagBag from /home/logi/txtai/venv/lib/python3.10/site-packages/airflow/example_dags/subdags/subdag.py
[2025-11-12T08:16:03.954+0530] {processor.py:842} WARNING - No viable dags retrieved from /home/logi/txtai/venv/lib/python3.10/site-packages/airflow/example_dags/subdags/subdag.py
[2025-11-12T08:16:03.965+0530] {processor.py:183} INFO - Processing /home/logi/txtai/venv/lib/python3.10/site-packages/airflow/example_dags/subdags/subdag.py took 0.038 seconds
[2025-11-12T08:17:03.885+0530] {processor.py:161} INFO - Started process (PID=14271) to work on /home/logi/txtai/venv/lib/python3.10/site-packages/airflow/example_dags/subdags/subdag.py
[2025-11-12T08:17:03.901+0530] {processor.py:830} INFO - Processing file /home/logi/txtai/venv/lib/python3.10/site-packages/airflow/example_dags/subdags/subdag.py for tasks to queue
[2025-11-12T08:17:03.904+0530] {logging_mixin.py:188} INFO - [2025-11-12T08:17:03.904+0530] {dagbag.py:545} INFO - Filling up the DagBag from /home/logi/txtai/venv/lib/python3.10/site-packages/airflow/example_dags/subdags/subdag.py
[2025-11-12T08:17:03.908+0530] {processor.py:842} WARNING - No viable dags retrieved from /home/logi/txtai/venv/lib/python3.10/site-packages/airflow/example_dags/subdags/subdag.py
[2025-11-12T08:17:03.927+0530] {processor.py:183} INFO - Processing /home/logi/txtai/venv/lib/python3.10/site-packages/airflow/example_dags/subdags/subdag.py took 0.053 seconds
[2025-11-12T08:18:04.896+0530] {processor.py:161} INFO - Started process (PID=14844) to work on /home/logi/txtai/venv/lib/python3.10/site-packages/airflow/example_dags/subdags/subdag.py
[2025-11-12T08:18:04.898+0530] {processor.py:830} INFO - Processing file /home/logi/txtai/venv/lib/python3.10/site-packages/airflow/example_dags/subdags/subdag.py for tasks to queue
[2025-11-12T08:18:04.900+0530] {logging_mixin.py:188} INFO - [2025-11-12T08:18:04.900+0530] {dagbag.py:545} INFO - Filling up the DagBag from /home/logi/txtai/venv/lib/python3.10/site-packages/airflow/example_dags/subdags/subdag.py
[2025-11-12T08:18:04.904+0530] {processor.py:842} WARNING - No viable dags retrieved from /home/logi/txtai/venv/lib/python3.10/site-packages/airflow/example_dags/subdags/subdag.py
[2025-11-12T08:18:04.920+0530] {processor.py:183} INFO - Processing /home/logi/txtai/venv/lib/python3.10/site-packages/airflow/example_dags/subdags/subdag.py took 0.034 seconds
[2025-11-12T08:19:15.276+0530] {processor.py:161} INFO - Started process (PID=15525) to work on /home/logi/txtai/venv/lib/python3.10/site-packages/airflow/example_dags/subdags/subdag.py
[2025-11-12T08:19:15.290+0530] {processor.py:830} INFO - Processing file /home/logi/txtai/venv/lib/python3.10/site-packages/airflow/example_dags/subdags/subdag.py for tasks to queue
[2025-11-12T08:19:15.293+0530] {logging_mixin.py:188} INFO - [2025-11-12T08:19:15.292+0530] {dagbag.py:545} INFO - Filling up the DagBag from /home/logi/txtai/venv/lib/python3.10/site-packages/airflow/example_dags/subdags/subdag.py
[2025-11-12T08:19:15.297+0530] {processor.py:842} WARNING - No viable dags retrieved from /home/logi/txtai/venv/lib/python3.10/site-packages/airflow/example_dags/subdags/subdag.py
[2025-11-12T08:19:15.316+0530] {processor.py:183} INFO - Processing /home/logi/txtai/venv/lib/python3.10/site-packages/airflow/example_dags/subdags/subdag.py took 0.051 seconds
[2025-11-12T08:20:13.524+0530] {processor.py:161} INFO - Started process (PID=15992) to work on /home/logi/txtai/venv/lib/python3.10/site-packages/airflow/example_dags/subdags/subdag.py
[2025-11-12T08:20:13.537+0530] {processor.py:830} INFO - Processing file /home/logi/txtai/venv/lib/python3.10/site-packages/airflow/example_dags/subdags/subdag.py for tasks to queue
[2025-11-12T08:20:13.540+0530] {logging_mixin.py:188} INFO - [2025-11-12T08:20:13.540+0530] {dagbag.py:545} INFO - Filling up the DagBag from /home/logi/txtai/venv/lib/python3.10/site-packages/airflow/example_dags/subdags/subdag.py
[2025-11-12T08:20:13.544+0530] {processor.py:842} WARNING - No viable dags retrieved from /home/logi/txtai/venv/lib/python3.10/site-packages/airflow/example_dags/subdags/subdag.py
[2025-11-12T08:20:13.562+0530] {processor.py:183} INFO - Processing /home/logi/txtai/venv/lib/python3.10/site-packages/airflow/example_dags/subdags/subdag.py took 0.049 seconds
[2025-11-12T08:21:19.183+0530] {processor.py:161} INFO - Started process (PID=16531) to work on /home/logi/txtai/venv/lib/python3.10/site-packages/airflow/example_dags/subdags/subdag.py
[2025-11-12T08:21:19.196+0530] {processor.py:830} INFO - Processing file /home/logi/txtai/venv/lib/python3.10/site-packages/airflow/example_dags/subdags/subdag.py for tasks to queue
[2025-11-12T08:21:19.199+0530] {logging_mixin.py:188} INFO - [2025-11-12T08:21:19.199+0530] {dagbag.py:545} INFO - Filling up the DagBag from /home/logi/txtai/venv/lib/python3.10/site-packages/airflow/example_dags/subdags/subdag.py
[2025-11-12T08:21:19.203+0530] {processor.py:842} WARNING - No viable dags retrieved from /home/logi/txtai/venv/lib/python3.10/site-packages/airflow/example_dags/subdags/subdag.py
[2025-11-12T08:21:19.221+0530] {processor.py:183} INFO - Processing /home/logi/txtai/venv/lib/python3.10/site-packages/airflow/example_dags/subdags/subdag.py took 0.052 seconds
[2025-11-12T08:22:20.759+0530] {processor.py:161} INFO - Started process (PID=17022) to work on /home/logi/txtai/venv/lib/python3.10/site-packages/airflow/example_dags/subdags/subdag.py
[2025-11-12T08:22:20.772+0530] {processor.py:830} INFO - Processing file /home/logi/txtai/venv/lib/python3.10/site-packages/airflow/example_dags/subdags/subdag.py for tasks to queue
[2025-11-12T08:22:20.775+0530] {logging_mixin.py:188} INFO - [2025-11-12T08:22:20.775+0530] {dagbag.py:545} INFO - Filling up the DagBag from /home/logi/txtai/venv/lib/python3.10/site-packages/airflow/example_dags/subdags/subdag.py
[2025-11-12T08:22:20.779+0530] {processor.py:842} WARNING - No viable dags retrieved from /home/logi/txtai/venv/lib/python3.10/site-packages/airflow/example_dags/subdags/subdag.py
[2025-11-12T08:22:20.798+0530] {processor.py:183} INFO - Processing /home/logi/txtai/venv/lib/python3.10/site-packages/airflow/example_dags/subdags/subdag.py took 0.050 seconds
[2025-11-12T08:23:42.878+0530] {processor.py:161} INFO - Started process (PID=17929) to work on /home/logi/txtai/venv/lib/python3.10/site-packages/airflow/example_dags/subdags/subdag.py
[2025-11-12T08:23:42.892+0530] {processor.py:830} INFO - Processing file /home/logi/txtai/venv/lib/python3.10/site-packages/airflow/example_dags/subdags/subdag.py for tasks to queue
[2025-11-12T08:23:42.895+0530] {logging_mixin.py:188} INFO - [2025-11-12T08:23:42.894+0530] {dagbag.py:545} INFO - Filling up the DagBag from /home/logi/txtai/venv/lib/python3.10/site-packages/airflow/example_dags/subdags/subdag.py
[2025-11-12T08:23:42.899+0530] {processor.py:842} WARNING - No viable dags retrieved from /home/logi/txtai/venv/lib/python3.10/site-packages/airflow/example_dags/subdags/subdag.py
[2025-11-12T08:23:42.918+0530] {processor.py:183} INFO - Processing /home/logi/txtai/venv/lib/python3.10/site-packages/airflow/example_dags/subdags/subdag.py took 0.051 seconds
[2025-11-12T08:24:22.352+0530] {processor.py:161} INFO - Started process (PID=18088) to work on /home/logi/txtai/venv/lib/python3.10/site-packages/airflow/example_dags/subdags/subdag.py
[2025-11-12T08:24:22.366+0530] {processor.py:830} INFO - Processing file /home/logi/txtai/venv/lib/python3.10/site-packages/airflow/example_dags/subdags/subdag.py for tasks to queue
[2025-11-12T08:24:22.369+0530] {logging_mixin.py:188} INFO - [2025-11-12T08:24:22.368+0530] {dagbag.py:545} INFO - Filling up the DagBag from /home/logi/txtai/venv/lib/python3.10/site-packages/airflow/example_dags/subdags/subdag.py
[2025-11-12T08:24:22.372+0530] {processor.py:842} WARNING - No viable dags retrieved from /home/logi/txtai/venv/lib/python3.10/site-packages/airflow/example_dags/subdags/subdag.py
[2025-11-12T08:24:22.391+0530] {processor.py:183} INFO - Processing /home/logi/txtai/venv/lib/python3.10/site-packages/airflow/example_dags/subdags/subdag.py took 0.051 seconds
[2025-11-12T08:25:24.954+0530] {processor.py:161} INFO - Started process (PID=18189) to work on /home/logi/txtai/venv/lib/python3.10/site-packages/airflow/example_dags/subdags/subdag.py
[2025-11-12T08:25:24.967+0530] {processor.py:830} INFO - Processing file /home/logi/txtai/venv/lib/python3.10/site-packages/airflow/example_dags/subdags/subdag.py for tasks to queue
[2025-11-12T08:25:24.971+0530] {logging_mixin.py:188} INFO - [2025-11-12T08:25:24.970+0530] {dagbag.py:545} INFO - Filling up the DagBag from /home/logi/txtai/venv/lib/python3.10/site-packages/airflow/example_dags/subdags/subdag.py
[2025-11-12T08:25:24.975+0530] {processor.py:842} WARNING - No viable dags retrieved from /home/logi/txtai/venv/lib/python3.10/site-packages/airflow/example_dags/subdags/subdag.py
[2025-11-12T08:25:24.994+0530] {processor.py:183} INFO - Processing /home/logi/txtai/venv/lib/python3.10/site-packages/airflow/example_dags/subdags/subdag.py took 0.051 seconds
[2025-11-12T08:26:23.721+0530] {processor.py:161} INFO - Started process (PID=18315) to work on /home/logi/txtai/venv/lib/python3.10/site-packages/airflow/example_dags/subdags/subdag.py
[2025-11-12T08:26:23.734+0530] {processor.py:830} INFO - Processing file /home/logi/txtai/venv/lib/python3.10/site-packages/airflow/example_dags/subdags/subdag.py for tasks to queue
[2025-11-12T08:26:23.737+0530] {logging_mixin.py:188} INFO - [2025-11-12T08:26:23.737+0530] {dagbag.py:545} INFO - Filling up the DagBag from /home/logi/txtai/venv/lib/python3.10/site-packages/airflow/example_dags/subdags/subdag.py
[2025-11-12T08:26:23.741+0530] {processor.py:842} WARNING - No viable dags retrieved from /home/logi/txtai/venv/lib/python3.10/site-packages/airflow/example_dags/subdags/subdag.py
[2025-11-12T08:26:23.760+0530] {processor.py:183} INFO - Processing /home/logi/txtai/venv/lib/python3.10/site-packages/airflow/example_dags/subdags/subdag.py took 0.050 seconds
[2025-11-12T08:27:28.733+0530] {processor.py:161} INFO - Started process (PID=18452) to work on /home/logi/txtai/venv/lib/python3.10/site-packages/airflow/example_dags/subdags/subdag.py
[2025-11-12T08:27:28.747+0530] {processor.py:830} INFO - Processing file /home/logi/txtai/venv/lib/python3.10/site-packages/airflow/example_dags/subdags/subdag.py for tasks to queue
[2025-11-12T08:27:28.750+0530] {logging_mixin.py:188} INFO - [2025-11-12T08:27:28.750+0530] {dagbag.py:545} INFO - Filling up the DagBag from /home/logi/txtai/venv/lib/python3.10/site-packages/airflow/example_dags/subdags/subdag.py
[2025-11-12T08:27:28.754+0530] {processor.py:842} WARNING - No viable dags retrieved from /home/logi/txtai/venv/lib/python3.10/site-packages/airflow/example_dags/subdags/subdag.py
[2025-11-12T08:27:28.775+0530] {processor.py:183} INFO - Processing /home/logi/txtai/venv/lib/python3.10/site-packages/airflow/example_dags/subdags/subdag.py took 0.055 seconds
[2025-11-12T08:28:30.083+0530] {processor.py:161} INFO - Started process (PID=18668) to work on /home/logi/txtai/venv/lib/python3.10/site-packages/airflow/example_dags/subdags/subdag.py
[2025-11-12T08:28:30.097+0530] {processor.py:830} INFO - Processing file /home/logi/txtai/venv/lib/python3.10/site-packages/airflow/example_dags/subdags/subdag.py for tasks to queue
[2025-11-12T08:28:30.100+0530] {logging_mixin.py:188} INFO - [2025-11-12T08:28:30.099+0530] {dagbag.py:545} INFO - Filling up the DagBag from /home/logi/txtai/venv/lib/python3.10/site-packages/airflow/example_dags/subdags/subdag.py
[2025-11-12T08:28:30.103+0530] {processor.py:842} WARNING - No viable dags retrieved from /home/logi/txtai/venv/lib/python3.10/site-packages/airflow/example_dags/subdags/subdag.py
[2025-11-12T08:28:30.121+0530] {processor.py:183} INFO - Processing /home/logi/txtai/venv/lib/python3.10/site-packages/airflow/example_dags/subdags/subdag.py took 0.049 seconds
[2025-11-12T08:29:07.054+0530] {processor.py:161} INFO - Started process (PID=18845) to work on /home/logi/txtai/venv/lib/python3.10/site-packages/airflow/example_dags/subdags/subdag.py
[2025-11-12T08:29:07.068+0530] {processor.py:830} INFO - Processing file /home/logi/txtai/venv/lib/python3.10/site-packages/airflow/example_dags/subdags/subdag.py for tasks to queue
[2025-11-12T08:29:07.072+0530] {logging_mixin.py:188} INFO - [2025-11-12T08:29:07.071+0530] {dagbag.py:545} INFO - Filling up the DagBag from /home/logi/txtai/venv/lib/python3.10/site-packages/airflow/example_dags/subdags/subdag.py
[2025-11-12T08:29:07.076+0530] {processor.py:842} WARNING - No viable dags retrieved from /home/logi/txtai/venv/lib/python3.10/site-packages/airflow/example_dags/subdags/subdag.py
[2025-11-12T08:29:07.101+0530] {processor.py:183} INFO - Processing /home/logi/txtai/venv/lib/python3.10/site-packages/airflow/example_dags/subdags/subdag.py took 0.063 seconds
[2025-11-12T08:30:07.580+0530] {processor.py:161} INFO - Started process (PID=19052) to work on /home/logi/txtai/venv/lib/python3.10/site-packages/airflow/example_dags/subdags/subdag.py
[2025-11-12T08:30:07.593+0530] {processor.py:830} INFO - Processing file /home/logi/txtai/venv/lib/python3.10/site-packages/airflow/example_dags/subdags/subdag.py for tasks to queue
[2025-11-12T08:30:07.596+0530] {logging_mixin.py:188} INFO - [2025-11-12T08:30:07.595+0530] {dagbag.py:545} INFO - Filling up the DagBag from /home/logi/txtai/venv/lib/python3.10/site-packages/airflow/example_dags/subdags/subdag.py
[2025-11-12T08:30:07.599+0530] {processor.py:842} WARNING - No viable dags retrieved from /home/logi/txtai/venv/lib/python3.10/site-packages/airflow/example_dags/subdags/subdag.py
[2025-11-12T08:30:07.612+0530] {processor.py:183} INFO - Processing /home/logi/txtai/venv/lib/python3.10/site-packages/airflow/example_dags/subdags/subdag.py took 0.038 seconds
[2025-11-12T08:31:07.283+0530] {processor.py:161} INFO - Started process (PID=19341) to work on /home/logi/txtai/venv/lib/python3.10/site-packages/airflow/example_dags/subdags/subdag.py
[2025-11-12T08:31:07.296+0530] {processor.py:830} INFO - Processing file /home/logi/txtai/venv/lib/python3.10/site-packages/airflow/example_dags/subdags/subdag.py for tasks to queue
[2025-11-12T08:31:07.299+0530] {logging_mixin.py:188} INFO - [2025-11-12T08:31:07.299+0530] {dagbag.py:545} INFO - Filling up the DagBag from /home/logi/txtai/venv/lib/python3.10/site-packages/airflow/example_dags/subdags/subdag.py
[2025-11-12T08:31:07.303+0530] {processor.py:842} WARNING - No viable dags retrieved from /home/logi/txtai/venv/lib/python3.10/site-packages/airflow/example_dags/subdags/subdag.py
[2025-11-12T08:31:07.321+0530] {processor.py:183} INFO - Processing /home/logi/txtai/venv/lib/python3.10/site-packages/airflow/example_dags/subdags/subdag.py took 0.050 seconds
[2025-11-12T08:32:06.214+0530] {processor.py:161} INFO - Started process (PID=19482) to work on /home/logi/txtai/venv/lib/python3.10/site-packages/airflow/example_dags/subdags/subdag.py
[2025-11-12T08:32:06.227+0530] {processor.py:830} INFO - Processing file /home/logi/txtai/venv/lib/python3.10/site-packages/airflow/example_dags/subdags/subdag.py for tasks to queue
[2025-11-12T08:32:06.230+0530] {logging_mixin.py:188} INFO - [2025-11-12T08:32:06.230+0530] {dagbag.py:545} INFO - Filling up the DagBag from /home/logi/txtai/venv/lib/python3.10/site-packages/airflow/example_dags/subdags/subdag.py
[2025-11-12T08:32:06.234+0530] {processor.py:842} WARNING - No viable dags retrieved from /home/logi/txtai/venv/lib/python3.10/site-packages/airflow/example_dags/subdags/subdag.py
[2025-11-12T08:32:06.254+0530] {processor.py:183} INFO - Processing /home/logi/txtai/venv/lib/python3.10/site-packages/airflow/example_dags/subdags/subdag.py took 0.053 seconds
[2025-11-12T08:33:10.839+0530] {processor.py:161} INFO - Started process (PID=19623) to work on /home/logi/txtai/venv/lib/python3.10/site-packages/airflow/example_dags/subdags/subdag.py
[2025-11-12T08:33:10.852+0530] {processor.py:830} INFO - Processing file /home/logi/txtai/venv/lib/python3.10/site-packages/airflow/example_dags/subdags/subdag.py for tasks to queue
[2025-11-12T08:33:10.855+0530] {logging_mixin.py:188} INFO - [2025-11-12T08:33:10.854+0530] {dagbag.py:545} INFO - Filling up the DagBag from /home/logi/txtai/venv/lib/python3.10/site-packages/airflow/example_dags/subdags/subdag.py
[2025-11-12T08:33:10.858+0530] {processor.py:842} WARNING - No viable dags retrieved from /home/logi/txtai/venv/lib/python3.10/site-packages/airflow/example_dags/subdags/subdag.py
[2025-11-12T08:33:10.876+0530] {processor.py:183} INFO - Processing /home/logi/txtai/venv/lib/python3.10/site-packages/airflow/example_dags/subdags/subdag.py took 0.047 seconds
[2025-11-12T08:34:05.691+0530] {processor.py:161} INFO - Started process (PID=19976) to work on /home/logi/txtai/venv/lib/python3.10/site-packages/airflow/example_dags/subdags/subdag.py
[2025-11-12T08:34:05.693+0530] {processor.py:830} INFO - Processing file /home/logi/txtai/venv/lib/python3.10/site-packages/airflow/example_dags/subdags/subdag.py for tasks to queue
[2025-11-12T08:34:05.696+0530] {logging_mixin.py:188} INFO - [2025-11-12T08:34:05.696+0530] {dagbag.py:545} INFO - Filling up the DagBag from /home/logi/txtai/venv/lib/python3.10/site-packages/airflow/example_dags/subdags/subdag.py
[2025-11-12T08:34:05.700+0530] {processor.py:842} WARNING - No viable dags retrieved from /home/logi/txtai/venv/lib/python3.10/site-packages/airflow/example_dags/subdags/subdag.py
[2025-11-12T08:34:05.718+0530] {processor.py:183} INFO - Processing /home/logi/txtai/venv/lib/python3.10/site-packages/airflow/example_dags/subdags/subdag.py took 0.038 seconds
[2025-11-12T08:35:07.181+0530] {processor.py:161} INFO - Started process (PID=20087) to work on /home/logi/txtai/venv/lib/python3.10/site-packages/airflow/example_dags/subdags/subdag.py
[2025-11-12T08:35:07.195+0530] {processor.py:830} INFO - Processing file /home/logi/txtai/venv/lib/python3.10/site-packages/airflow/example_dags/subdags/subdag.py for tasks to queue
[2025-11-12T08:35:07.199+0530] {logging_mixin.py:188} INFO - [2025-11-12T08:35:07.198+0530] {dagbag.py:545} INFO - Filling up the DagBag from /home/logi/txtai/venv/lib/python3.10/site-packages/airflow/example_dags/subdags/subdag.py
[2025-11-12T08:35:07.202+0530] {processor.py:842} WARNING - No viable dags retrieved from /home/logi/txtai/venv/lib/python3.10/site-packages/airflow/example_dags/subdags/subdag.py
[2025-11-12T08:35:07.222+0530] {processor.py:183} INFO - Processing /home/logi/txtai/venv/lib/python3.10/site-packages/airflow/example_dags/subdags/subdag.py took 0.052 seconds
[2025-11-12T08:36:05.172+0530] {processor.py:161} INFO - Started process (PID=20168) to work on /home/logi/txtai/venv/lib/python3.10/site-packages/airflow/example_dags/subdags/subdag.py
[2025-11-12T08:36:05.187+0530] {processor.py:830} INFO - Processing file /home/logi/txtai/venv/lib/python3.10/site-packages/airflow/example_dags/subdags/subdag.py for tasks to queue
[2025-11-12T08:36:05.190+0530] {logging_mixin.py:188} INFO - [2025-11-12T08:36:05.189+0530] {dagbag.py:545} INFO - Filling up the DagBag from /home/logi/txtai/venv/lib/python3.10/site-packages/airflow/example_dags/subdags/subdag.py
[2025-11-12T08:36:05.194+0530] {processor.py:842} WARNING - No viable dags retrieved from /home/logi/txtai/venv/lib/python3.10/site-packages/airflow/example_dags/subdags/subdag.py
[2025-11-12T08:36:05.213+0530] {processor.py:183} INFO - Processing /home/logi/txtai/venv/lib/python3.10/site-packages/airflow/example_dags/subdags/subdag.py took 0.051 seconds
[2025-11-12T08:37:03.942+0530] {processor.py:161} INFO - Started process (PID=20248) to work on /home/logi/txtai/venv/lib/python3.10/site-packages/airflow/example_dags/subdags/subdag.py
[2025-11-12T08:37:03.956+0530] {processor.py:830} INFO - Processing file /home/logi/txtai/venv/lib/python3.10/site-packages/airflow/example_dags/subdags/subdag.py for tasks to queue
[2025-11-12T08:37:03.960+0530] {logging_mixin.py:188} INFO - [2025-11-12T08:37:03.959+0530] {dagbag.py:545} INFO - Filling up the DagBag from /home/logi/txtai/venv/lib/python3.10/site-packages/airflow/example_dags/subdags/subdag.py
[2025-11-12T08:37:03.963+0530] {processor.py:842} WARNING - No viable dags retrieved from /home/logi/txtai/venv/lib/python3.10/site-packages/airflow/example_dags/subdags/subdag.py
[2025-11-12T08:37:03.983+0530] {processor.py:183} INFO - Processing /home/logi/txtai/venv/lib/python3.10/site-packages/airflow/example_dags/subdags/subdag.py took 0.052 seconds
[2025-11-12T08:37:40.615+0530] {processor.py:161} INFO - Started process (PID=20362) to work on /home/logi/txtai/venv/lib/python3.10/site-packages/airflow/example_dags/subdags/subdag.py
[2025-11-12T08:37:40.628+0530] {processor.py:830} INFO - Processing file /home/logi/txtai/venv/lib/python3.10/site-packages/airflow/example_dags/subdags/subdag.py for tasks to queue
[2025-11-12T08:37:40.631+0530] {logging_mixin.py:188} INFO - [2025-11-12T08:37:40.631+0530] {dagbag.py:545} INFO - Filling up the DagBag from /home/logi/txtai/venv/lib/python3.10/site-packages/airflow/example_dags/subdags/subdag.py
[2025-11-12T08:37:40.635+0530] {processor.py:842} WARNING - No viable dags retrieved from /home/logi/txtai/venv/lib/python3.10/site-packages/airflow/example_dags/subdags/subdag.py
[2025-11-12T08:37:40.654+0530] {processor.py:183} INFO - Processing /home/logi/txtai/venv/lib/python3.10/site-packages/airflow/example_dags/subdags/subdag.py took 0.050 seconds
[2025-11-12T08:38:41.918+0530] {processor.py:161} INFO - Started process (PID=20512) to work on /home/logi/txtai/venv/lib/python3.10/site-packages/airflow/example_dags/subdags/subdag.py
[2025-11-12T08:38:41.931+0530] {processor.py:830} INFO - Processing file /home/logi/txtai/venv/lib/python3.10/site-packages/airflow/example_dags/subdags/subdag.py for tasks to queue
[2025-11-12T08:38:41.935+0530] {logging_mixin.py:188} INFO - [2025-11-12T08:38:41.934+0530] {dagbag.py:545} INFO - Filling up the DagBag from /home/logi/txtai/venv/lib/python3.10/site-packages/airflow/example_dags/subdags/subdag.py
[2025-11-12T08:38:41.938+0530] {processor.py:842} WARNING - No viable dags retrieved from /home/logi/txtai/venv/lib/python3.10/site-packages/airflow/example_dags/subdags/subdag.py
[2025-11-12T08:38:41.958+0530] {processor.py:183} INFO - Processing /home/logi/txtai/venv/lib/python3.10/site-packages/airflow/example_dags/subdags/subdag.py took 0.051 seconds
[2025-11-12T08:39:21.344+0530] {processor.py:161} INFO - Started process (PID=20685) to work on /home/logi/txtai/venv/lib/python3.10/site-packages/airflow/example_dags/subdags/subdag.py
[2025-11-12T08:39:21.357+0530] {processor.py:830} INFO - Processing file /home/logi/txtai/venv/lib/python3.10/site-packages/airflow/example_dags/subdags/subdag.py for tasks to queue
[2025-11-12T08:39:21.361+0530] {logging_mixin.py:188} INFO - [2025-11-12T08:39:21.360+0530] {dagbag.py:545} INFO - Filling up the DagBag from /home/logi/txtai/venv/lib/python3.10/site-packages/airflow/example_dags/subdags/subdag.py
[2025-11-12T08:39:21.365+0530] {processor.py:842} WARNING - No viable dags retrieved from /home/logi/txtai/venv/lib/python3.10/site-packages/airflow/example_dags/subdags/subdag.py
[2025-11-12T08:39:21.384+0530] {processor.py:183} INFO - Processing /home/logi/txtai/venv/lib/python3.10/site-packages/airflow/example_dags/subdags/subdag.py took 0.051 seconds
[2025-11-12T08:40:23.861+0530] {processor.py:161} INFO - Started process (PID=20768) to work on /home/logi/txtai/venv/lib/python3.10/site-packages/airflow/example_dags/subdags/subdag.py
[2025-11-12T08:40:23.865+0530] {processor.py:830} INFO - Processing file /home/logi/txtai/venv/lib/python3.10/site-packages/airflow/example_dags/subdags/subdag.py for tasks to queue
[2025-11-12T08:40:23.869+0530] {logging_mixin.py:188} INFO - [2025-11-12T08:40:23.868+0530] {dagbag.py:545} INFO - Filling up the DagBag from /home/logi/txtai/venv/lib/python3.10/site-packages/airflow/example_dags/subdags/subdag.py
[2025-11-12T08:40:23.875+0530] {processor.py:842} WARNING - No viable dags retrieved from /home/logi/txtai/venv/lib/python3.10/site-packages/airflow/example_dags/subdags/subdag.py
[2025-11-12T08:40:23.899+0530] {processor.py:183} INFO - Processing /home/logi/txtai/venv/lib/python3.10/site-packages/airflow/example_dags/subdags/subdag.py took 0.055 seconds
[2025-11-12T08:41:03.212+0530] {processor.py:161} INFO - Started process (PID=20841) to work on /home/logi/txtai/venv/lib/python3.10/site-packages/airflow/example_dags/subdags/subdag.py
[2025-11-12T08:41:03.225+0530] {processor.py:830} INFO - Processing file /home/logi/txtai/venv/lib/python3.10/site-packages/airflow/example_dags/subdags/subdag.py for tasks to queue
[2025-11-12T08:41:03.228+0530] {logging_mixin.py:188} INFO - [2025-11-12T08:41:03.228+0530] {dagbag.py:545} INFO - Filling up the DagBag from /home/logi/txtai/venv/lib/python3.10/site-packages/airflow/example_dags/subdags/subdag.py
[2025-11-12T08:41:03.232+0530] {processor.py:842} WARNING - No viable dags retrieved from /home/logi/txtai/venv/lib/python3.10/site-packages/airflow/example_dags/subdags/subdag.py
[2025-11-12T08:41:03.251+0530] {processor.py:183} INFO - Processing /home/logi/txtai/venv/lib/python3.10/site-packages/airflow/example_dags/subdags/subdag.py took 0.051 seconds
[2025-11-12T08:42:06.020+0530] {processor.py:161} INFO - Started process (PID=20949) to work on /home/logi/txtai/venv/lib/python3.10/site-packages/airflow/example_dags/subdags/subdag.py
[2025-11-12T08:42:06.022+0530] {processor.py:830} INFO - Processing file /home/logi/txtai/venv/lib/python3.10/site-packages/airflow/example_dags/subdags/subdag.py for tasks to queue
[2025-11-12T08:42:06.025+0530] {logging_mixin.py:188} INFO - [2025-11-12T08:42:06.024+0530] {dagbag.py:545} INFO - Filling up the DagBag from /home/logi/txtai/venv/lib/python3.10/site-packages/airflow/example_dags/subdags/subdag.py
[2025-11-12T08:42:06.029+0530] {processor.py:842} WARNING - No viable dags retrieved from /home/logi/txtai/venv/lib/python3.10/site-packages/airflow/example_dags/subdags/subdag.py
[2025-11-12T08:42:06.048+0530] {processor.py:183} INFO - Processing /home/logi/txtai/venv/lib/python3.10/site-packages/airflow/example_dags/subdags/subdag.py took 0.040 seconds
[2025-11-12T08:43:11.210+0530] {processor.py:161} INFO - Started process (PID=21107) to work on /home/logi/txtai/venv/lib/python3.10/site-packages/airflow/example_dags/subdags/subdag.py
[2025-11-12T08:43:11.213+0530] {processor.py:830} INFO - Processing file /home/logi/txtai/venv/lib/python3.10/site-packages/airflow/example_dags/subdags/subdag.py for tasks to queue
[2025-11-12T08:43:11.219+0530] {logging_mixin.py:188} INFO - [2025-11-12T08:43:11.218+0530] {dagbag.py:545} INFO - Filling up the DagBag from /home/logi/txtai/venv/lib/python3.10/site-packages/airflow/example_dags/subdags/subdag.py
[2025-11-12T08:43:11.223+0530] {processor.py:842} WARNING - No viable dags retrieved from /home/logi/txtai/venv/lib/python3.10/site-packages/airflow/example_dags/subdags/subdag.py
[2025-11-12T08:43:11.244+0530] {processor.py:183} INFO - Processing /home/logi/txtai/venv/lib/python3.10/site-packages/airflow/example_dags/subdags/subdag.py took 0.049 seconds
[2025-11-12T08:44:43.116+0530] {processor.py:161} INFO - Started process (PID=21589) to work on /home/logi/txtai/venv/lib/python3.10/site-packages/airflow/example_dags/subdags/subdag.py
[2025-11-12T08:44:43.122+0530] {processor.py:830} INFO - Processing file /home/logi/txtai/venv/lib/python3.10/site-packages/airflow/example_dags/subdags/subdag.py for tasks to queue
[2025-11-12T08:44:43.125+0530] {logging_mixin.py:188} INFO - [2025-11-12T08:44:43.124+0530] {dagbag.py:545} INFO - Filling up the DagBag from /home/logi/txtai/venv/lib/python3.10/site-packages/airflow/example_dags/subdags/subdag.py
[2025-11-12T08:44:43.128+0530] {processor.py:842} WARNING - No viable dags retrieved from /home/logi/txtai/venv/lib/python3.10/site-packages/airflow/example_dags/subdags/subdag.py
[2025-11-12T08:44:43.197+0530] {processor.py:183} INFO - Processing /home/logi/txtai/venv/lib/python3.10/site-packages/airflow/example_dags/subdags/subdag.py took 0.089 seconds
[2025-11-12T08:45:33.456+0530] {processor.py:161} INFO - Started process (PID=21662) to work on /home/logi/txtai/venv/lib/python3.10/site-packages/airflow/example_dags/subdags/subdag.py
[2025-11-12T08:45:33.469+0530] {processor.py:830} INFO - Processing file /home/logi/txtai/venv/lib/python3.10/site-packages/airflow/example_dags/subdags/subdag.py for tasks to queue
[2025-11-12T08:45:33.472+0530] {logging_mixin.py:188} INFO - [2025-11-12T08:45:33.471+0530] {dagbag.py:545} INFO - Filling up the DagBag from /home/logi/txtai/venv/lib/python3.10/site-packages/airflow/example_dags/subdags/subdag.py
[2025-11-12T08:45:33.476+0530] {processor.py:842} WARNING - No viable dags retrieved from /home/logi/txtai/venv/lib/python3.10/site-packages/airflow/example_dags/subdags/subdag.py
[2025-11-12T08:45:33.495+0530] {processor.py:183} INFO - Processing /home/logi/txtai/venv/lib/python3.10/site-packages/airflow/example_dags/subdags/subdag.py took 0.051 seconds
[2025-11-12T08:46:36.159+0530] {processor.py:161} INFO - Started process (PID=21742) to work on /home/logi/txtai/venv/lib/python3.10/site-packages/airflow/example_dags/subdags/subdag.py
[2025-11-12T08:46:36.172+0530] {processor.py:830} INFO - Processing file /home/logi/txtai/venv/lib/python3.10/site-packages/airflow/example_dags/subdags/subdag.py for tasks to queue
[2025-11-12T08:46:36.175+0530] {logging_mixin.py:188} INFO - [2025-11-12T08:46:36.175+0530] {dagbag.py:545} INFO - Filling up the DagBag from /home/logi/txtai/venv/lib/python3.10/site-packages/airflow/example_dags/subdags/subdag.py
[2025-11-12T08:46:36.179+0530] {processor.py:842} WARNING - No viable dags retrieved from /home/logi/txtai/venv/lib/python3.10/site-packages/airflow/example_dags/subdags/subdag.py
[2025-11-12T08:46:36.197+0530] {processor.py:183} INFO - Processing /home/logi/txtai/venv/lib/python3.10/site-packages/airflow/example_dags/subdags/subdag.py took 0.054 seconds
[2025-11-12T08:47:35.528+0530] {processor.py:161} INFO - Started process (PID=21823) to work on /home/logi/txtai/venv/lib/python3.10/site-packages/airflow/example_dags/subdags/subdag.py
[2025-11-12T08:47:35.542+0530] {processor.py:830} INFO - Processing file /home/logi/txtai/venv/lib/python3.10/site-packages/airflow/example_dags/subdags/subdag.py for tasks to queue
[2025-11-12T08:47:35.545+0530] {logging_mixin.py:188} INFO - [2025-11-12T08:47:35.544+0530] {dagbag.py:545} INFO - Filling up the DagBag from /home/logi/txtai/venv/lib/python3.10/site-packages/airflow/example_dags/subdags/subdag.py
[2025-11-12T08:47:35.549+0530] {processor.py:842} WARNING - No viable dags retrieved from /home/logi/txtai/venv/lib/python3.10/site-packages/airflow/example_dags/subdags/subdag.py
[2025-11-12T08:47:35.571+0530] {processor.py:183} INFO - Processing /home/logi/txtai/venv/lib/python3.10/site-packages/airflow/example_dags/subdags/subdag.py took 0.055 seconds
[2025-11-12T08:48:33.833+0530] {processor.py:161} INFO - Started process (PID=21929) to work on /home/logi/txtai/venv/lib/python3.10/site-packages/airflow/example_dags/subdags/subdag.py
[2025-11-12T08:48:33.848+0530] {processor.py:830} INFO - Processing file /home/logi/txtai/venv/lib/python3.10/site-packages/airflow/example_dags/subdags/subdag.py for tasks to queue
[2025-11-12T08:48:33.851+0530] {logging_mixin.py:188} INFO - [2025-11-12T08:48:33.850+0530] {dagbag.py:545} INFO - Filling up the DagBag from /home/logi/txtai/venv/lib/python3.10/site-packages/airflow/example_dags/subdags/subdag.py
[2025-11-12T08:48:33.855+0530] {processor.py:842} WARNING - No viable dags retrieved from /home/logi/txtai/venv/lib/python3.10/site-packages/airflow/example_dags/subdags/subdag.py
[2025-11-12T08:48:33.875+0530] {processor.py:183} INFO - Processing /home/logi/txtai/venv/lib/python3.10/site-packages/airflow/example_dags/subdags/subdag.py took 0.053 seconds
[2025-11-12T08:49:42.651+0530] {processor.py:161} INFO - Started process (PID=22146) to work on /home/logi/txtai/venv/lib/python3.10/site-packages/airflow/example_dags/subdags/subdag.py
[2025-11-12T08:49:42.665+0530] {processor.py:830} INFO - Processing file /home/logi/txtai/venv/lib/python3.10/site-packages/airflow/example_dags/subdags/subdag.py for tasks to queue
[2025-11-12T08:49:42.668+0530] {logging_mixin.py:188} INFO - [2025-11-12T08:49:42.667+0530] {dagbag.py:545} INFO - Filling up the DagBag from /home/logi/txtai/venv/lib/python3.10/site-packages/airflow/example_dags/subdags/subdag.py
[2025-11-12T08:49:42.672+0530] {processor.py:842} WARNING - No viable dags retrieved from /home/logi/txtai/venv/lib/python3.10/site-packages/airflow/example_dags/subdags/subdag.py
[2025-11-12T08:49:42.690+0530] {processor.py:183} INFO - Processing /home/logi/txtai/venv/lib/python3.10/site-packages/airflow/example_dags/subdags/subdag.py took 0.050 seconds
[2025-11-12T08:50:44.701+0530] {processor.py:161} INFO - Started process (PID=22333) to work on /home/logi/txtai/venv/lib/python3.10/site-packages/airflow/example_dags/subdags/subdag.py
[2025-11-12T08:50:44.718+0530] {processor.py:830} INFO - Processing file /home/logi/txtai/venv/lib/python3.10/site-packages/airflow/example_dags/subdags/subdag.py for tasks to queue
[2025-11-12T08:50:44.722+0530] {logging_mixin.py:188} INFO - [2025-11-12T08:50:44.721+0530] {dagbag.py:545} INFO - Filling up the DagBag from /home/logi/txtai/venv/lib/python3.10/site-packages/airflow/example_dags/subdags/subdag.py
[2025-11-12T08:50:44.728+0530] {processor.py:842} WARNING - No viable dags retrieved from /home/logi/txtai/venv/lib/python3.10/site-packages/airflow/example_dags/subdags/subdag.py
[2025-11-12T08:50:44.761+0530] {processor.py:183} INFO - Processing /home/logi/txtai/venv/lib/python3.10/site-packages/airflow/example_dags/subdags/subdag.py took 0.074 seconds
[2025-11-12T08:51:43.817+0530] {processor.py:161} INFO - Started process (PID=22456) to work on /home/logi/txtai/venv/lib/python3.10/site-packages/airflow/example_dags/subdags/subdag.py
[2025-11-12T08:51:43.830+0530] {processor.py:830} INFO - Processing file /home/logi/txtai/venv/lib/python3.10/site-packages/airflow/example_dags/subdags/subdag.py for tasks to queue
[2025-11-12T08:51:43.833+0530] {logging_mixin.py:188} INFO - [2025-11-12T08:51:43.833+0530] {dagbag.py:545} INFO - Filling up the DagBag from /home/logi/txtai/venv/lib/python3.10/site-packages/airflow/example_dags/subdags/subdag.py
[2025-11-12T08:51:43.837+0530] {processor.py:842} WARNING - No viable dags retrieved from /home/logi/txtai/venv/lib/python3.10/site-packages/airflow/example_dags/subdags/subdag.py
[2025-11-12T08:51:43.857+0530] {processor.py:183} INFO - Processing /home/logi/txtai/venv/lib/python3.10/site-packages/airflow/example_dags/subdags/subdag.py took 0.052 seconds
[2025-11-12T08:52:45.868+0530] {processor.py:161} INFO - Started process (PID=22624) to work on /home/logi/txtai/venv/lib/python3.10/site-packages/airflow/example_dags/subdags/subdag.py
[2025-11-12T08:52:45.881+0530] {processor.py:830} INFO - Processing file /home/logi/txtai/venv/lib/python3.10/site-packages/airflow/example_dags/subdags/subdag.py for tasks to queue
[2025-11-12T08:52:45.884+0530] {logging_mixin.py:188} INFO - [2025-11-12T08:52:45.884+0530] {dagbag.py:545} INFO - Filling up the DagBag from /home/logi/txtai/venv/lib/python3.10/site-packages/airflow/example_dags/subdags/subdag.py
[2025-11-12T08:52:45.888+0530] {processor.py:842} WARNING - No viable dags retrieved from /home/logi/txtai/venv/lib/python3.10/site-packages/airflow/example_dags/subdags/subdag.py
[2025-11-12T08:52:45.906+0530] {processor.py:183} INFO - Processing /home/logi/txtai/venv/lib/python3.10/site-packages/airflow/example_dags/subdags/subdag.py took 0.050 seconds
[2025-11-12T08:53:48.019+0530] {processor.py:161} INFO - Started process (PID=22754) to work on /home/logi/txtai/venv/lib/python3.10/site-packages/airflow/example_dags/subdags/subdag.py
[2025-11-12T08:53:48.033+0530] {processor.py:830} INFO - Processing file /home/logi/txtai/venv/lib/python3.10/site-packages/airflow/example_dags/subdags/subdag.py for tasks to queue
[2025-11-12T08:53:48.036+0530] {logging_mixin.py:188} INFO - [2025-11-12T08:53:48.036+0530] {dagbag.py:545} INFO - Filling up the DagBag from /home/logi/txtai/venv/lib/python3.10/site-packages/airflow/example_dags/subdags/subdag.py
[2025-11-12T08:53:48.040+0530] {processor.py:842} WARNING - No viable dags retrieved from /home/logi/txtai/venv/lib/python3.10/site-packages/airflow/example_dags/subdags/subdag.py
[2025-11-12T08:53:48.059+0530] {processor.py:183} INFO - Processing /home/logi/txtai/venv/lib/python3.10/site-packages/airflow/example_dags/subdags/subdag.py took 0.051 seconds
[2025-11-12T08:55:12.754+0530] {processor.py:161} INFO - Started process (PID=23233) to work on /home/logi/txtai/venv/lib/python3.10/site-packages/airflow/example_dags/subdags/subdag.py
[2025-11-12T08:55:12.768+0530] {processor.py:830} INFO - Processing file /home/logi/txtai/venv/lib/python3.10/site-packages/airflow/example_dags/subdags/subdag.py for tasks to queue
[2025-11-12T08:55:12.771+0530] {logging_mixin.py:188} INFO - [2025-11-12T08:55:12.770+0530] {dagbag.py:545} INFO - Filling up the DagBag from /home/logi/txtai/venv/lib/python3.10/site-packages/airflow/example_dags/subdags/subdag.py
[2025-11-12T08:55:12.774+0530] {processor.py:842} WARNING - No viable dags retrieved from /home/logi/txtai/venv/lib/python3.10/site-packages/airflow/example_dags/subdags/subdag.py
[2025-11-12T08:55:12.794+0530] {processor.py:183} INFO - Processing /home/logi/txtai/venv/lib/python3.10/site-packages/airflow/example_dags/subdags/subdag.py took 0.051 seconds
[2025-11-12T08:56:00.614+0530] {processor.py:161} INFO - Started process (PID=23300) to work on /home/logi/txtai/venv/lib/python3.10/site-packages/airflow/example_dags/subdags/subdag.py
[2025-11-12T08:56:00.628+0530] {processor.py:830} INFO - Processing file /home/logi/txtai/venv/lib/python3.10/site-packages/airflow/example_dags/subdags/subdag.py for tasks to queue
[2025-11-12T08:56:00.632+0530] {logging_mixin.py:188} INFO - [2025-11-12T08:56:00.631+0530] {dagbag.py:545} INFO - Filling up the DagBag from /home/logi/txtai/venv/lib/python3.10/site-packages/airflow/example_dags/subdags/subdag.py
[2025-11-12T08:56:00.635+0530] {processor.py:842} WARNING - No viable dags retrieved from /home/logi/txtai/venv/lib/python3.10/site-packages/airflow/example_dags/subdags/subdag.py
[2025-11-12T08:56:00.655+0530] {processor.py:183} INFO - Processing /home/logi/txtai/venv/lib/python3.10/site-packages/airflow/example_dags/subdags/subdag.py took 0.054 seconds
[2025-11-12T08:57:00.591+0530] {processor.py:161} INFO - Started process (PID=23426) to work on /home/logi/txtai/venv/lib/python3.10/site-packages/airflow/example_dags/subdags/subdag.py
[2025-11-12T08:57:00.605+0530] {processor.py:830} INFO - Processing file /home/logi/txtai/venv/lib/python3.10/site-packages/airflow/example_dags/subdags/subdag.py for tasks to queue
[2025-11-12T08:57:00.608+0530] {logging_mixin.py:188} INFO - [2025-11-12T08:57:00.607+0530] {dagbag.py:545} INFO - Filling up the DagBag from /home/logi/txtai/venv/lib/python3.10/site-packages/airflow/example_dags/subdags/subdag.py
[2025-11-12T08:57:00.611+0530] {processor.py:842} WARNING - No viable dags retrieved from /home/logi/txtai/venv/lib/python3.10/site-packages/airflow/example_dags/subdags/subdag.py
[2025-11-12T08:57:00.630+0530] {processor.py:183} INFO - Processing /home/logi/txtai/venv/lib/python3.10/site-packages/airflow/example_dags/subdags/subdag.py took 0.050 seconds
[2025-11-12T08:58:02.883+0530] {processor.py:161} INFO - Started process (PID=23605) to work on /home/logi/txtai/venv/lib/python3.10/site-packages/airflow/example_dags/subdags/subdag.py
[2025-11-12T08:58:02.897+0530] {processor.py:830} INFO - Processing file /home/logi/txtai/venv/lib/python3.10/site-packages/airflow/example_dags/subdags/subdag.py for tasks to queue
[2025-11-12T08:58:02.900+0530] {logging_mixin.py:188} INFO - [2025-11-12T08:58:02.899+0530] {dagbag.py:545} INFO - Filling up the DagBag from /home/logi/txtai/venv/lib/python3.10/site-packages/airflow/example_dags/subdags/subdag.py
[2025-11-12T08:58:02.904+0530] {processor.py:842} WARNING - No viable dags retrieved from /home/logi/txtai/venv/lib/python3.10/site-packages/airflow/example_dags/subdags/subdag.py
[2025-11-12T08:58:02.920+0530] {processor.py:183} INFO - Processing /home/logi/txtai/venv/lib/python3.10/site-packages/airflow/example_dags/subdags/subdag.py took 0.048 seconds
[2025-11-12T08:59:13.638+0530] {processor.py:161} INFO - Started process (PID=23768) to work on /home/logi/txtai/venv/lib/python3.10/site-packages/airflow/example_dags/subdags/subdag.py
[2025-11-12T08:59:13.655+0530] {processor.py:830} INFO - Processing file /home/logi/txtai/venv/lib/python3.10/site-packages/airflow/example_dags/subdags/subdag.py for tasks to queue
[2025-11-12T08:59:13.658+0530] {logging_mixin.py:188} INFO - [2025-11-12T08:59:13.658+0530] {dagbag.py:545} INFO - Filling up the DagBag from /home/logi/txtai/venv/lib/python3.10/site-packages/airflow/example_dags/subdags/subdag.py
[2025-11-12T08:59:13.662+0530] {processor.py:842} WARNING - No viable dags retrieved from /home/logi/txtai/venv/lib/python3.10/site-packages/airflow/example_dags/subdags/subdag.py
[2025-11-12T08:59:13.683+0530] {processor.py:183} INFO - Processing /home/logi/txtai/venv/lib/python3.10/site-packages/airflow/example_dags/subdags/subdag.py took 0.064 seconds
[2025-11-12T09:00:27.963+0530] {processor.py:161} INFO - Started process (PID=24195) to work on /home/logi/txtai/venv/lib/python3.10/site-packages/airflow/example_dags/subdags/subdag.py
[2025-11-12T09:00:27.976+0530] {processor.py:830} INFO - Processing file /home/logi/txtai/venv/lib/python3.10/site-packages/airflow/example_dags/subdags/subdag.py for tasks to queue
[2025-11-12T09:00:27.980+0530] {logging_mixin.py:188} INFO - [2025-11-12T09:00:27.979+0530] {dagbag.py:545} INFO - Filling up the DagBag from /home/logi/txtai/venv/lib/python3.10/site-packages/airflow/example_dags/subdags/subdag.py
[2025-11-12T09:00:27.983+0530] {processor.py:842} WARNING - No viable dags retrieved from /home/logi/txtai/venv/lib/python3.10/site-packages/airflow/example_dags/subdags/subdag.py
[2025-11-12T09:00:28.002+0530] {processor.py:183} INFO - Processing /home/logi/txtai/venv/lib/python3.10/site-packages/airflow/example_dags/subdags/subdag.py took 0.049 seconds
[2025-11-12T09:01:26.477+0530] {processor.py:161} INFO - Started process (PID=24607) to work on /home/logi/txtai/venv/lib/python3.10/site-packages/airflow/example_dags/subdags/subdag.py
[2025-11-12T09:01:26.490+0530] {processor.py:830} INFO - Processing file /home/logi/txtai/venv/lib/python3.10/site-packages/airflow/example_dags/subdags/subdag.py for tasks to queue
[2025-11-12T09:01:26.495+0530] {logging_mixin.py:188} INFO - [2025-11-12T09:01:26.494+0530] {dagbag.py:545} INFO - Filling up the DagBag from /home/logi/txtai/venv/lib/python3.10/site-packages/airflow/example_dags/subdags/subdag.py
[2025-11-12T09:01:26.501+0530] {processor.py:842} WARNING - No viable dags retrieved from /home/logi/txtai/venv/lib/python3.10/site-packages/airflow/example_dags/subdags/subdag.py
[2025-11-12T09:01:26.521+0530] {processor.py:183} INFO - Processing /home/logi/txtai/venv/lib/python3.10/site-packages/airflow/example_dags/subdags/subdag.py took 0.056 seconds
[2025-11-12T09:02:26.132+0530] {processor.py:161} INFO - Started process (PID=24791) to work on /home/logi/txtai/venv/lib/python3.10/site-packages/airflow/example_dags/subdags/subdag.py
[2025-11-12T09:02:26.145+0530] {processor.py:830} INFO - Processing file /home/logi/txtai/venv/lib/python3.10/site-packages/airflow/example_dags/subdags/subdag.py for tasks to queue
[2025-11-12T09:02:26.148+0530] {logging_mixin.py:188} INFO - [2025-11-12T09:02:26.148+0530] {dagbag.py:545} INFO - Filling up the DagBag from /home/logi/txtai/venv/lib/python3.10/site-packages/airflow/example_dags/subdags/subdag.py
[2025-11-12T09:02:26.152+0530] {processor.py:842} WARNING - No viable dags retrieved from /home/logi/txtai/venv/lib/python3.10/site-packages/airflow/example_dags/subdags/subdag.py
[2025-11-12T09:02:26.170+0530] {processor.py:183} INFO - Processing /home/logi/txtai/venv/lib/python3.10/site-packages/airflow/example_dags/subdags/subdag.py took 0.049 seconds
[2025-11-12T09:03:23.621+0530] {processor.py:161} INFO - Started process (PID=25185) to work on /home/logi/txtai/venv/lib/python3.10/site-packages/airflow/example_dags/subdags/subdag.py
[2025-11-12T09:03:23.635+0530] {processor.py:830} INFO - Processing file /home/logi/txtai/venv/lib/python3.10/site-packages/airflow/example_dags/subdags/subdag.py for tasks to queue
[2025-11-12T09:03:23.638+0530] {logging_mixin.py:188} INFO - [2025-11-12T09:03:23.637+0530] {dagbag.py:545} INFO - Filling up the DagBag from /home/logi/txtai/venv/lib/python3.10/site-packages/airflow/example_dags/subdags/subdag.py
[2025-11-12T09:03:23.642+0530] {processor.py:842} WARNING - No viable dags retrieved from /home/logi/txtai/venv/lib/python3.10/site-packages/airflow/example_dags/subdags/subdag.py
[2025-11-12T09:03:23.662+0530] {processor.py:183} INFO - Processing /home/logi/txtai/venv/lib/python3.10/site-packages/airflow/example_dags/subdags/subdag.py took 0.053 seconds
[2025-11-12T09:04:02.582+0530] {processor.py:161} INFO - Started process (PID=25394) to work on /home/logi/txtai/venv/lib/python3.10/site-packages/airflow/example_dags/subdags/subdag.py
[2025-11-12T09:04:02.595+0530] {processor.py:830} INFO - Processing file /home/logi/txtai/venv/lib/python3.10/site-packages/airflow/example_dags/subdags/subdag.py for tasks to queue
[2025-11-12T09:04:02.599+0530] {logging_mixin.py:188} INFO - [2025-11-12T09:04:02.598+0530] {dagbag.py:545} INFO - Filling up the DagBag from /home/logi/txtai/venv/lib/python3.10/site-packages/airflow/example_dags/subdags/subdag.py
[2025-11-12T09:04:02.602+0530] {processor.py:842} WARNING - No viable dags retrieved from /home/logi/txtai/venv/lib/python3.10/site-packages/airflow/example_dags/subdags/subdag.py
[2025-11-12T09:04:02.620+0530] {processor.py:183} INFO - Processing /home/logi/txtai/venv/lib/python3.10/site-packages/airflow/example_dags/subdags/subdag.py took 0.049 seconds
[2025-11-12T09:05:10.741+0530] {processor.py:161} INFO - Started process (PID=26004) to work on /home/logi/txtai/venv/lib/python3.10/site-packages/airflow/example_dags/subdags/subdag.py
[2025-11-12T09:05:10.743+0530] {processor.py:830} INFO - Processing file /home/logi/txtai/venv/lib/python3.10/site-packages/airflow/example_dags/subdags/subdag.py for tasks to queue
[2025-11-12T09:05:10.746+0530] {logging_mixin.py:188} INFO - [2025-11-12T09:05:10.745+0530] {dagbag.py:545} INFO - Filling up the DagBag from /home/logi/txtai/venv/lib/python3.10/site-packages/airflow/example_dags/subdags/subdag.py
[2025-11-12T09:05:10.749+0530] {processor.py:842} WARNING - No viable dags retrieved from /home/logi/txtai/venv/lib/python3.10/site-packages/airflow/example_dags/subdags/subdag.py
[2025-11-12T09:05:10.766+0530] {processor.py:183} INFO - Processing /home/logi/txtai/venv/lib/python3.10/site-packages/airflow/example_dags/subdags/subdag.py took 0.035 seconds
[2025-11-12T09:05:52.034+0530] {processor.py:161} INFO - Started process (PID=26498) to work on /home/logi/txtai/venv/lib/python3.10/site-packages/airflow/example_dags/subdags/subdag.py
[2025-11-12T09:05:52.048+0530] {processor.py:830} INFO - Processing file /home/logi/txtai/venv/lib/python3.10/site-packages/airflow/example_dags/subdags/subdag.py for tasks to queue
[2025-11-12T09:05:52.051+0530] {logging_mixin.py:188} INFO - [2025-11-12T09:05:52.051+0530] {dagbag.py:545} INFO - Filling up the DagBag from /home/logi/txtai/venv/lib/python3.10/site-packages/airflow/example_dags/subdags/subdag.py
[2025-11-12T09:05:52.054+0530] {processor.py:842} WARNING - No viable dags retrieved from /home/logi/txtai/venv/lib/python3.10/site-packages/airflow/example_dags/subdags/subdag.py
[2025-11-12T09:05:52.072+0530] {processor.py:183} INFO - Processing /home/logi/txtai/venv/lib/python3.10/site-packages/airflow/example_dags/subdags/subdag.py took 0.049 seconds
[2025-11-12T09:06:30.402+0530] {processor.py:161} INFO - Started process (PID=26782) to work on /home/logi/txtai/venv/lib/python3.10/site-packages/airflow/example_dags/subdags/subdag.py
[2025-11-12T09:06:30.415+0530] {processor.py:830} INFO - Processing file /home/logi/txtai/venv/lib/python3.10/site-packages/airflow/example_dags/subdags/subdag.py for tasks to queue
[2025-11-12T09:06:30.418+0530] {logging_mixin.py:188} INFO - [2025-11-12T09:06:30.418+0530] {dagbag.py:545} INFO - Filling up the DagBag from /home/logi/txtai/venv/lib/python3.10/site-packages/airflow/example_dags/subdags/subdag.py
[2025-11-12T09:06:30.421+0530] {processor.py:842} WARNING - No viable dags retrieved from /home/logi/txtai/venv/lib/python3.10/site-packages/airflow/example_dags/subdags/subdag.py
[2025-11-12T09:06:30.442+0530] {processor.py:183} INFO - Processing /home/logi/txtai/venv/lib/python3.10/site-packages/airflow/example_dags/subdags/subdag.py took 0.052 seconds
[2025-11-12T09:07:31.510+0530] {processor.py:161} INFO - Started process (PID=27237) to work on /home/logi/txtai/venv/lib/python3.10/site-packages/airflow/example_dags/subdags/subdag.py
[2025-11-12T09:07:31.522+0530] {processor.py:830} INFO - Processing file /home/logi/txtai/venv/lib/python3.10/site-packages/airflow/example_dags/subdags/subdag.py for tasks to queue
[2025-11-12T09:07:31.525+0530] {logging_mixin.py:188} INFO - [2025-11-12T09:07:31.525+0530] {dagbag.py:545} INFO - Filling up the DagBag from /home/logi/txtai/venv/lib/python3.10/site-packages/airflow/example_dags/subdags/subdag.py
[2025-11-12T09:07:31.529+0530] {processor.py:842} WARNING - No viable dags retrieved from /home/logi/txtai/venv/lib/python3.10/site-packages/airflow/example_dags/subdags/subdag.py
[2025-11-12T09:07:31.546+0530] {processor.py:183} INFO - Processing /home/logi/txtai/venv/lib/python3.10/site-packages/airflow/example_dags/subdags/subdag.py took 0.045 seconds
[2025-11-12T09:08:30.233+0530] {processor.py:161} INFO - Started process (PID=27540) to work on /home/logi/txtai/venv/lib/python3.10/site-packages/airflow/example_dags/subdags/subdag.py
[2025-11-12T09:08:30.235+0530] {processor.py:830} INFO - Processing file /home/logi/txtai/venv/lib/python3.10/site-packages/airflow/example_dags/subdags/subdag.py for tasks to queue
[2025-11-12T09:08:30.238+0530] {logging_mixin.py:188} INFO - [2025-11-12T09:08:30.237+0530] {dagbag.py:545} INFO - Filling up the DagBag from /home/logi/txtai/venv/lib/python3.10/site-packages/airflow/example_dags/subdags/subdag.py
[2025-11-12T09:08:30.241+0530] {processor.py:842} WARNING - No viable dags retrieved from /home/logi/txtai/venv/lib/python3.10/site-packages/airflow/example_dags/subdags/subdag.py
[2025-11-12T09:08:30.258+0530] {processor.py:183} INFO - Processing /home/logi/txtai/venv/lib/python3.10/site-packages/airflow/example_dags/subdags/subdag.py took 0.035 seconds
[2025-11-12T09:09:33.300+0530] {processor.py:161} INFO - Started process (PID=27627) to work on /home/logi/txtai/venv/lib/python3.10/site-packages/airflow/example_dags/subdags/subdag.py
[2025-11-12T09:09:33.314+0530] {processor.py:830} INFO - Processing file /home/logi/txtai/venv/lib/python3.10/site-packages/airflow/example_dags/subdags/subdag.py for tasks to queue
[2025-11-12T09:09:33.318+0530] {logging_mixin.py:188} INFO - [2025-11-12T09:09:33.317+0530] {dagbag.py:545} INFO - Filling up the DagBag from /home/logi/txtai/venv/lib/python3.10/site-packages/airflow/example_dags/subdags/subdag.py
[2025-11-12T09:09:33.321+0530] {processor.py:842} WARNING - No viable dags retrieved from /home/logi/txtai/venv/lib/python3.10/site-packages/airflow/example_dags/subdags/subdag.py
[2025-11-12T09:09:33.340+0530] {processor.py:183} INFO - Processing /home/logi/txtai/venv/lib/python3.10/site-packages/airflow/example_dags/subdags/subdag.py took 0.051 seconds
[2025-11-12T09:10:40.917+0530] {processor.py:161} INFO - Started process (PID=27899) to work on /home/logi/txtai/venv/lib/python3.10/site-packages/airflow/example_dags/subdags/subdag.py
[2025-11-12T09:10:40.930+0530] {processor.py:830} INFO - Processing file /home/logi/txtai/venv/lib/python3.10/site-packages/airflow/example_dags/subdags/subdag.py for tasks to queue
[2025-11-12T09:10:40.933+0530] {logging_mixin.py:188} INFO - [2025-11-12T09:10:40.933+0530] {dagbag.py:545} INFO - Filling up the DagBag from /home/logi/txtai/venv/lib/python3.10/site-packages/airflow/example_dags/subdags/subdag.py
[2025-11-12T09:10:40.937+0530] {processor.py:842} WARNING - No viable dags retrieved from /home/logi/txtai/venv/lib/python3.10/site-packages/airflow/example_dags/subdags/subdag.py
[2025-11-12T09:10:40.954+0530] {processor.py:183} INFO - Processing /home/logi/txtai/venv/lib/python3.10/site-packages/airflow/example_dags/subdags/subdag.py took 0.048 seconds
[2025-11-12T09:11:41.333+0530] {processor.py:161} INFO - Started process (PID=28007) to work on /home/logi/txtai/venv/lib/python3.10/site-packages/airflow/example_dags/subdags/subdag.py
[2025-11-12T09:11:41.350+0530] {processor.py:830} INFO - Processing file /home/logi/txtai/venv/lib/python3.10/site-packages/airflow/example_dags/subdags/subdag.py for tasks to queue
[2025-11-12T09:11:41.356+0530] {logging_mixin.py:188} INFO - [2025-11-12T09:11:41.355+0530] {dagbag.py:545} INFO - Filling up the DagBag from /home/logi/txtai/venv/lib/python3.10/site-packages/airflow/example_dags/subdags/subdag.py
[2025-11-12T09:11:41.364+0530] {processor.py:842} WARNING - No viable dags retrieved from /home/logi/txtai/venv/lib/python3.10/site-packages/airflow/example_dags/subdags/subdag.py
[2025-11-12T09:11:41.405+0530] {processor.py:183} INFO - Processing /home/logi/txtai/venv/lib/python3.10/site-packages/airflow/example_dags/subdags/subdag.py took 0.114 seconds
[2025-11-12T09:12:46.597+0530] {processor.py:161} INFO - Started process (PID=28170) to work on /home/logi/txtai/venv/lib/python3.10/site-packages/airflow/example_dags/subdags/subdag.py
[2025-11-12T09:12:46.614+0530] {processor.py:830} INFO - Processing file /home/logi/txtai/venv/lib/python3.10/site-packages/airflow/example_dags/subdags/subdag.py for tasks to queue
[2025-11-12T09:12:46.619+0530] {logging_mixin.py:188} INFO - [2025-11-12T09:12:46.619+0530] {dagbag.py:545} INFO - Filling up the DagBag from /home/logi/txtai/venv/lib/python3.10/site-packages/airflow/example_dags/subdags/subdag.py
[2025-11-12T09:12:46.623+0530] {processor.py:842} WARNING - No viable dags retrieved from /home/logi/txtai/venv/lib/python3.10/site-packages/airflow/example_dags/subdags/subdag.py
[2025-11-12T09:12:46.653+0530] {processor.py:183} INFO - Processing /home/logi/txtai/venv/lib/python3.10/site-packages/airflow/example_dags/subdags/subdag.py took 0.074 seconds
[2025-11-12T09:13:47.775+0530] {processor.py:161} INFO - Started process (PID=28389) to work on /home/logi/txtai/venv/lib/python3.10/site-packages/airflow/example_dags/subdags/subdag.py
[2025-11-12T09:13:47.777+0530] {processor.py:830} INFO - Processing file /home/logi/txtai/venv/lib/python3.10/site-packages/airflow/example_dags/subdags/subdag.py for tasks to queue
[2025-11-12T09:13:47.781+0530] {logging_mixin.py:188} INFO - [2025-11-12T09:13:47.780+0530] {dagbag.py:545} INFO - Filling up the DagBag from /home/logi/txtai/venv/lib/python3.10/site-packages/airflow/example_dags/subdags/subdag.py
[2025-11-12T09:13:47.786+0530] {processor.py:842} WARNING - No viable dags retrieved from /home/logi/txtai/venv/lib/python3.10/site-packages/airflow/example_dags/subdags/subdag.py
[2025-11-12T09:13:47.809+0530] {processor.py:183} INFO - Processing /home/logi/txtai/venv/lib/python3.10/site-packages/airflow/example_dags/subdags/subdag.py took 0.046 seconds
[2025-11-12T09:14:47.235+0530] {processor.py:161} INFO - Started process (PID=28488) to work on /home/logi/txtai/venv/lib/python3.10/site-packages/airflow/example_dags/subdags/subdag.py
[2025-11-12T09:14:47.249+0530] {processor.py:830} INFO - Processing file /home/logi/txtai/venv/lib/python3.10/site-packages/airflow/example_dags/subdags/subdag.py for tasks to queue
[2025-11-12T09:14:47.252+0530] {logging_mixin.py:188} INFO - [2025-11-12T09:14:47.251+0530] {dagbag.py:545} INFO - Filling up the DagBag from /home/logi/txtai/venv/lib/python3.10/site-packages/airflow/example_dags/subdags/subdag.py
[2025-11-12T09:14:47.255+0530] {processor.py:842} WARNING - No viable dags retrieved from /home/logi/txtai/venv/lib/python3.10/site-packages/airflow/example_dags/subdags/subdag.py
[2025-11-12T09:14:47.277+0530] {processor.py:183} INFO - Processing /home/logi/txtai/venv/lib/python3.10/site-packages/airflow/example_dags/subdags/subdag.py took 0.053 seconds
[2025-11-12T09:16:10.990+0530] {processor.py:161} INFO - Started process (PID=29066) to work on /home/logi/txtai/venv/lib/python3.10/site-packages/airflow/example_dags/subdags/subdag.py
[2025-11-12T09:16:11.004+0530] {processor.py:830} INFO - Processing file /home/logi/txtai/venv/lib/python3.10/site-packages/airflow/example_dags/subdags/subdag.py for tasks to queue
[2025-11-12T09:16:11.006+0530] {logging_mixin.py:188} INFO - [2025-11-12T09:16:11.006+0530] {dagbag.py:545} INFO - Filling up the DagBag from /home/logi/txtai/venv/lib/python3.10/site-packages/airflow/example_dags/subdags/subdag.py
[2025-11-12T09:16:11.009+0530] {processor.py:842} WARNING - No viable dags retrieved from /home/logi/txtai/venv/lib/python3.10/site-packages/airflow/example_dags/subdags/subdag.py
[2025-11-12T09:16:11.026+0530] {processor.py:183} INFO - Processing /home/logi/txtai/venv/lib/python3.10/site-packages/airflow/example_dags/subdags/subdag.py took 0.046 seconds
[2025-11-12T09:16:55.557+0530] {processor.py:161} INFO - Started process (PID=29388) to work on /home/logi/txtai/venv/lib/python3.10/site-packages/airflow/example_dags/subdags/subdag.py
[2025-11-12T09:16:55.570+0530] {processor.py:830} INFO - Processing file /home/logi/txtai/venv/lib/python3.10/site-packages/airflow/example_dags/subdags/subdag.py for tasks to queue
[2025-11-12T09:16:55.573+0530] {logging_mixin.py:188} INFO - [2025-11-12T09:16:55.573+0530] {dagbag.py:545} INFO - Filling up the DagBag from /home/logi/txtai/venv/lib/python3.10/site-packages/airflow/example_dags/subdags/subdag.py
[2025-11-12T09:16:55.576+0530] {processor.py:842} WARNING - No viable dags retrieved from /home/logi/txtai/venv/lib/python3.10/site-packages/airflow/example_dags/subdags/subdag.py
[2025-11-12T09:16:55.594+0530] {processor.py:183} INFO - Processing /home/logi/txtai/venv/lib/python3.10/site-packages/airflow/example_dags/subdags/subdag.py took 0.048 seconds
[2025-11-12T09:17:55.747+0530] {processor.py:161} INFO - Started process (PID=29799) to work on /home/logi/txtai/venv/lib/python3.10/site-packages/airflow/example_dags/subdags/subdag.py
[2025-11-12T09:17:55.760+0530] {processor.py:830} INFO - Processing file /home/logi/txtai/venv/lib/python3.10/site-packages/airflow/example_dags/subdags/subdag.py for tasks to queue
[2025-11-12T09:17:55.763+0530] {logging_mixin.py:188} INFO - [2025-11-12T09:17:55.762+0530] {dagbag.py:545} INFO - Filling up the DagBag from /home/logi/txtai/venv/lib/python3.10/site-packages/airflow/example_dags/subdags/subdag.py
[2025-11-12T09:17:55.766+0530] {processor.py:842} WARNING - No viable dags retrieved from /home/logi/txtai/venv/lib/python3.10/site-packages/airflow/example_dags/subdags/subdag.py
[2025-11-12T09:17:55.785+0530] {processor.py:183} INFO - Processing /home/logi/txtai/venv/lib/python3.10/site-packages/airflow/example_dags/subdags/subdag.py took 0.049 seconds
