[2025-11-13T05:51:03.763+0530] {processor.py:161} INFO - Started process (PID=6833) to work on /home/logi/txtai/venv/lib/python3.10/site-packages/airflow/example_dags/example_time_delta_sensor_async.py
[2025-11-13T05:51:03.765+0530] {processor.py:830} INFO - Processing file /home/logi/txtai/venv/lib/python3.10/site-packages/airflow/example_dags/example_time_delta_sensor_async.py for tasks to queue
[2025-11-13T05:51:03.769+0530] {logging_mixin.py:188} INFO - [2025-11-13T05:51:03.769+0530] {dagbag.py:545} INFO - Filling up the DagBag from /home/logi/txtai/venv/lib/python3.10/site-packages/airflow/example_dags/example_time_delta_sensor_async.py
[2025-11-13T05:51:03.780+0530] {processor.py:840} INFO - DAG(s) 'example_time_delta_sensor_async' retrieved from /home/logi/txtai/venv/lib/python3.10/site-packages/airflow/example_dags/example_time_delta_sensor_async.py
[2025-11-13T05:51:03.848+0530] {logging_mixin.py:188} INFO - [2025-11-13T05:51:03.848+0530] {dag.py:3089} INFO - Sync 1 DAGs
[2025-11-13T05:51:03.855+0530] {logging_mixin.py:188} INFO - [2025-11-13T05:51:03.855+0530] {dag.py:3947} INFO - Setting next_dagrun for example_time_delta_sensor_async to None, run_after=None
[2025-11-13T05:51:03.885+0530] {processor.py:183} INFO - Processing /home/logi/txtai/venv/lib/python3.10/site-packages/airflow/example_dags/example_time_delta_sensor_async.py took 0.131 seconds
[2025-11-13T05:52:54.367+0530] {processor.py:161} INFO - Started process (PID=8106) to work on /home/logi/txtai/venv/lib/python3.10/site-packages/airflow/example_dags/example_time_delta_sensor_async.py
[2025-11-13T05:52:54.381+0530] {processor.py:830} INFO - Processing file /home/logi/txtai/venv/lib/python3.10/site-packages/airflow/example_dags/example_time_delta_sensor_async.py for tasks to queue
[2025-11-13T05:52:54.383+0530] {logging_mixin.py:188} INFO - [2025-11-13T05:52:54.382+0530] {dagbag.py:545} INFO - Filling up the DagBag from /home/logi/txtai/venv/lib/python3.10/site-packages/airflow/example_dags/example_time_delta_sensor_async.py
[2025-11-13T05:52:54.391+0530] {processor.py:840} INFO - DAG(s) 'example_time_delta_sensor_async' retrieved from /home/logi/txtai/venv/lib/python3.10/site-packages/airflow/example_dags/example_time_delta_sensor_async.py
[2025-11-13T05:52:54.414+0530] {logging_mixin.py:188} INFO - [2025-11-13T05:52:54.413+0530] {dag.py:3089} INFO - Sync 1 DAGs
[2025-11-13T05:52:54.427+0530] {logging_mixin.py:188} INFO - [2025-11-13T05:52:54.426+0530] {dag.py:3947} INFO - Setting next_dagrun for example_time_delta_sensor_async to None, run_after=None
[2025-11-13T05:52:54.457+0530] {processor.py:183} INFO - Processing /home/logi/txtai/venv/lib/python3.10/site-packages/airflow/example_dags/example_time_delta_sensor_async.py took 0.105 seconds
[2025-11-13T05:56:46.222+0530] {processor.py:161} INFO - Started process (PID=10435) to work on /home/logi/txtai/venv/lib/python3.10/site-packages/airflow/example_dags/example_time_delta_sensor_async.py
[2025-11-13T05:56:46.238+0530] {processor.py:830} INFO - Processing file /home/logi/txtai/venv/lib/python3.10/site-packages/airflow/example_dags/example_time_delta_sensor_async.py for tasks to queue
[2025-11-13T05:56:46.242+0530] {logging_mixin.py:188} INFO - [2025-11-13T05:56:46.241+0530] {dagbag.py:545} INFO - Filling up the DagBag from /home/logi/txtai/venv/lib/python3.10/site-packages/airflow/example_dags/example_time_delta_sensor_async.py
[2025-11-13T05:56:46.256+0530] {processor.py:840} INFO - DAG(s) 'example_time_delta_sensor_async' retrieved from /home/logi/txtai/venv/lib/python3.10/site-packages/airflow/example_dags/example_time_delta_sensor_async.py
[2025-11-13T05:56:46.299+0530] {logging_mixin.py:188} INFO - [2025-11-13T05:56:46.299+0530] {dag.py:3089} INFO - Sync 1 DAGs
[2025-11-13T05:56:46.321+0530] {logging_mixin.py:188} INFO - [2025-11-13T05:56:46.320+0530] {dag.py:3947} INFO - Setting next_dagrun for example_time_delta_sensor_async to None, run_after=None
[2025-11-13T05:56:46.360+0530] {processor.py:183} INFO - Processing /home/logi/txtai/venv/lib/python3.10/site-packages/airflow/example_dags/example_time_delta_sensor_async.py took 0.160 seconds
[2025-11-13T05:58:48.178+0530] {processor.py:161} INFO - Started process (PID=11568) to work on /home/logi/txtai/venv/lib/python3.10/site-packages/airflow/example_dags/example_time_delta_sensor_async.py
[2025-11-13T05:58:48.193+0530] {processor.py:830} INFO - Processing file /home/logi/txtai/venv/lib/python3.10/site-packages/airflow/example_dags/example_time_delta_sensor_async.py for tasks to queue
[2025-11-13T05:58:48.196+0530] {logging_mixin.py:188} INFO - [2025-11-13T05:58:48.195+0530] {dagbag.py:545} INFO - Filling up the DagBag from /home/logi/txtai/venv/lib/python3.10/site-packages/airflow/example_dags/example_time_delta_sensor_async.py
[2025-11-13T05:58:48.205+0530] {processor.py:840} INFO - DAG(s) 'example_time_delta_sensor_async' retrieved from /home/logi/txtai/venv/lib/python3.10/site-packages/airflow/example_dags/example_time_delta_sensor_async.py
[2025-11-13T05:58:48.232+0530] {logging_mixin.py:188} INFO - [2025-11-13T05:58:48.231+0530] {dag.py:3089} INFO - Sync 1 DAGs
[2025-11-13T05:58:48.242+0530] {logging_mixin.py:188} INFO - [2025-11-13T05:58:48.242+0530] {dag.py:3947} INFO - Setting next_dagrun for example_time_delta_sensor_async to None, run_after=None
[2025-11-13T05:58:48.271+0530] {processor.py:183} INFO - Processing /home/logi/txtai/venv/lib/python3.10/site-packages/airflow/example_dags/example_time_delta_sensor_async.py took 0.105 seconds
[2025-11-13T06:00:48.183+0530] {processor.py:161} INFO - Started process (PID=12946) to work on /home/logi/txtai/venv/lib/python3.10/site-packages/airflow/example_dags/example_time_delta_sensor_async.py
[2025-11-13T06:00:48.197+0530] {processor.py:830} INFO - Processing file /home/logi/txtai/venv/lib/python3.10/site-packages/airflow/example_dags/example_time_delta_sensor_async.py for tasks to queue
[2025-11-13T06:00:48.202+0530] {logging_mixin.py:188} INFO - [2025-11-13T06:00:48.201+0530] {dagbag.py:545} INFO - Filling up the DagBag from /home/logi/txtai/venv/lib/python3.10/site-packages/airflow/example_dags/example_time_delta_sensor_async.py
[2025-11-13T06:00:48.217+0530] {processor.py:840} INFO - DAG(s) 'example_time_delta_sensor_async' retrieved from /home/logi/txtai/venv/lib/python3.10/site-packages/airflow/example_dags/example_time_delta_sensor_async.py
[2025-11-13T06:00:48.267+0530] {logging_mixin.py:188} INFO - [2025-11-13T06:00:48.265+0530] {dag.py:3089} INFO - Sync 1 DAGs
[2025-11-13T06:00:48.283+0530] {logging_mixin.py:188} INFO - [2025-11-13T06:00:48.282+0530] {dag.py:3947} INFO - Setting next_dagrun for example_time_delta_sensor_async to None, run_after=None
[2025-11-13T06:00:48.306+0530] {processor.py:183} INFO - Processing /home/logi/txtai/venv/lib/python3.10/site-packages/airflow/example_dags/example_time_delta_sensor_async.py took 0.141 seconds
[2025-11-13T06:03:25.943+0530] {processor.py:161} INFO - Started process (PID=14794) to work on /home/logi/txtai/venv/lib/python3.10/site-packages/airflow/example_dags/example_time_delta_sensor_async.py
[2025-11-13T06:03:25.946+0530] {processor.py:830} INFO - Processing file /home/logi/txtai/venv/lib/python3.10/site-packages/airflow/example_dags/example_time_delta_sensor_async.py for tasks to queue
[2025-11-13T06:03:25.952+0530] {logging_mixin.py:188} INFO - [2025-11-13T06:03:25.950+0530] {dagbag.py:545} INFO - Filling up the DagBag from /home/logi/txtai/venv/lib/python3.10/site-packages/airflow/example_dags/example_time_delta_sensor_async.py
[2025-11-13T06:03:25.968+0530] {processor.py:840} INFO - DAG(s) 'example_time_delta_sensor_async' retrieved from /home/logi/txtai/venv/lib/python3.10/site-packages/airflow/example_dags/example_time_delta_sensor_async.py
[2025-11-13T06:03:26.004+0530] {logging_mixin.py:188} INFO - [2025-11-13T06:03:26.003+0530] {dag.py:3089} INFO - Sync 1 DAGs
[2025-11-13T06:03:26.023+0530] {logging_mixin.py:188} INFO - [2025-11-13T06:03:26.022+0530] {dag.py:3947} INFO - Setting next_dagrun for example_time_delta_sensor_async to None, run_after=None
[2025-11-13T06:03:26.054+0530] {processor.py:183} INFO - Processing /home/logi/txtai/venv/lib/python3.10/site-packages/airflow/example_dags/example_time_delta_sensor_async.py took 0.131 seconds
[2025-11-13T10:40:40.540+0530] {processor.py:161} INFO - Started process (PID=17051) to work on /home/logi/txtai/venv/lib/python3.10/site-packages/airflow/example_dags/example_time_delta_sensor_async.py
[2025-11-13T10:40:40.543+0530] {processor.py:830} INFO - Processing file /home/logi/txtai/venv/lib/python3.10/site-packages/airflow/example_dags/example_time_delta_sensor_async.py for tasks to queue
[2025-11-13T10:40:40.548+0530] {logging_mixin.py:188} INFO - [2025-11-13T10:40:40.547+0530] {dagbag.py:545} INFO - Filling up the DagBag from /home/logi/txtai/venv/lib/python3.10/site-packages/airflow/example_dags/example_time_delta_sensor_async.py
[2025-11-13T10:40:40.567+0530] {processor.py:840} INFO - DAG(s) 'example_time_delta_sensor_async' retrieved from /home/logi/txtai/venv/lib/python3.10/site-packages/airflow/example_dags/example_time_delta_sensor_async.py
[2025-11-13T10:40:40.723+0530] {logging_mixin.py:188} INFO - [2025-11-13T10:40:40.721+0530] {override.py:1858} INFO - Created Permission View: can edit on DAG:example_time_delta_sensor_async
[2025-11-13T10:40:40.740+0530] {logging_mixin.py:188} INFO - [2025-11-13T10:40:40.740+0530] {override.py:1858} INFO - Created Permission View: can read on DAG:example_time_delta_sensor_async
[2025-11-13T10:40:40.755+0530] {logging_mixin.py:188} INFO - [2025-11-13T10:40:40.755+0530] {override.py:1858} INFO - Created Permission View: can delete on DAG:example_time_delta_sensor_async
[2025-11-13T10:40:40.756+0530] {logging_mixin.py:188} INFO - [2025-11-13T10:40:40.755+0530] {dag.py:3089} INFO - Sync 1 DAGs
[2025-11-13T10:40:40.770+0530] {logging_mixin.py:188} INFO - [2025-11-13T10:40:40.770+0530] {dag.py:3111} INFO - Creating ORM DAG for example_time_delta_sensor_async
[2025-11-13T10:40:40.771+0530] {logging_mixin.py:188} INFO - [2025-11-13T10:40:40.771+0530] {dag.py:3947} INFO - Setting next_dagrun for example_time_delta_sensor_async to None, run_after=None
[2025-11-13T10:40:40.806+0530] {processor.py:183} INFO - Processing /home/logi/txtai/venv/lib/python3.10/site-packages/airflow/example_dags/example_time_delta_sensor_async.py took 0.283 seconds
[2025-11-13T10:41:11.327+0530] {processor.py:161} INFO - Started process (PID=17435) to work on /home/logi/txtai/venv/lib/python3.10/site-packages/airflow/example_dags/example_time_delta_sensor_async.py
[2025-11-13T10:41:11.329+0530] {processor.py:830} INFO - Processing file /home/logi/txtai/venv/lib/python3.10/site-packages/airflow/example_dags/example_time_delta_sensor_async.py for tasks to queue
[2025-11-13T10:41:11.332+0530] {logging_mixin.py:188} INFO - [2025-11-13T10:41:11.332+0530] {dagbag.py:545} INFO - Filling up the DagBag from /home/logi/txtai/venv/lib/python3.10/site-packages/airflow/example_dags/example_time_delta_sensor_async.py
[2025-11-13T10:41:11.342+0530] {processor.py:840} INFO - DAG(s) 'example_time_delta_sensor_async' retrieved from /home/logi/txtai/venv/lib/python3.10/site-packages/airflow/example_dags/example_time_delta_sensor_async.py
[2025-11-13T10:41:11.415+0530] {logging_mixin.py:188} INFO - [2025-11-13T10:41:11.415+0530] {dag.py:3089} INFO - Sync 1 DAGs
[2025-11-13T10:41:11.443+0530] {logging_mixin.py:188} INFO - [2025-11-13T10:41:11.442+0530] {dag.py:3947} INFO - Setting next_dagrun for example_time_delta_sensor_async to None, run_after=None
[2025-11-13T10:41:11.487+0530] {processor.py:183} INFO - Processing /home/logi/txtai/venv/lib/python3.10/site-packages/airflow/example_dags/example_time_delta_sensor_async.py took 0.178 seconds
[2025-11-13T10:41:43.057+0530] {processor.py:161} INFO - Started process (PID=18107) to work on /home/logi/txtai/venv/lib/python3.10/site-packages/airflow/example_dags/example_time_delta_sensor_async.py
[2025-11-13T10:41:43.060+0530] {processor.py:830} INFO - Processing file /home/logi/txtai/venv/lib/python3.10/site-packages/airflow/example_dags/example_time_delta_sensor_async.py for tasks to queue
[2025-11-13T10:41:43.064+0530] {logging_mixin.py:188} INFO - [2025-11-13T10:41:43.063+0530] {dagbag.py:545} INFO - Filling up the DagBag from /home/logi/txtai/venv/lib/python3.10/site-packages/airflow/example_dags/example_time_delta_sensor_async.py
[2025-11-13T10:41:43.078+0530] {processor.py:840} INFO - DAG(s) 'example_time_delta_sensor_async' retrieved from /home/logi/txtai/venv/lib/python3.10/site-packages/airflow/example_dags/example_time_delta_sensor_async.py
[2025-11-13T10:41:43.150+0530] {logging_mixin.py:188} INFO - [2025-11-13T10:41:43.149+0530] {dag.py:3089} INFO - Sync 1 DAGs
[2025-11-13T10:41:43.177+0530] {logging_mixin.py:188} INFO - [2025-11-13T10:41:43.177+0530] {dag.py:3947} INFO - Setting next_dagrun for example_time_delta_sensor_async to None, run_after=None
[2025-11-13T10:41:43.209+0530] {processor.py:183} INFO - Processing /home/logi/txtai/venv/lib/python3.10/site-packages/airflow/example_dags/example_time_delta_sensor_async.py took 0.174 seconds
[2025-11-13T10:42:14.206+0530] {processor.py:161} INFO - Started process (PID=18710) to work on /home/logi/txtai/venv/lib/python3.10/site-packages/airflow/example_dags/example_time_delta_sensor_async.py
[2025-11-13T10:42:14.208+0530] {processor.py:830} INFO - Processing file /home/logi/txtai/venv/lib/python3.10/site-packages/airflow/example_dags/example_time_delta_sensor_async.py for tasks to queue
[2025-11-13T10:42:14.211+0530] {logging_mixin.py:188} INFO - [2025-11-13T10:42:14.210+0530] {dagbag.py:545} INFO - Filling up the DagBag from /home/logi/txtai/venv/lib/python3.10/site-packages/airflow/example_dags/example_time_delta_sensor_async.py
[2025-11-13T10:42:14.221+0530] {processor.py:840} INFO - DAG(s) 'example_time_delta_sensor_async' retrieved from /home/logi/txtai/venv/lib/python3.10/site-packages/airflow/example_dags/example_time_delta_sensor_async.py
[2025-11-13T10:42:14.275+0530] {logging_mixin.py:188} INFO - [2025-11-13T10:42:14.275+0530] {dag.py:3089} INFO - Sync 1 DAGs
[2025-11-13T10:42:14.300+0530] {logging_mixin.py:188} INFO - [2025-11-13T10:42:14.300+0530] {dag.py:3947} INFO - Setting next_dagrun for example_time_delta_sensor_async to None, run_after=None
[2025-11-13T10:42:14.345+0530] {processor.py:183} INFO - Processing /home/logi/txtai/venv/lib/python3.10/site-packages/airflow/example_dags/example_time_delta_sensor_async.py took 0.152 seconds
[2025-11-13T10:42:45.257+0530] {processor.py:161} INFO - Started process (PID=18970) to work on /home/logi/txtai/venv/lib/python3.10/site-packages/airflow/example_dags/example_time_delta_sensor_async.py
[2025-11-13T10:42:45.259+0530] {processor.py:830} INFO - Processing file /home/logi/txtai/venv/lib/python3.10/site-packages/airflow/example_dags/example_time_delta_sensor_async.py for tasks to queue
[2025-11-13T10:42:45.261+0530] {logging_mixin.py:188} INFO - [2025-11-13T10:42:45.261+0530] {dagbag.py:545} INFO - Filling up the DagBag from /home/logi/txtai/venv/lib/python3.10/site-packages/airflow/example_dags/example_time_delta_sensor_async.py
[2025-11-13T10:42:45.269+0530] {processor.py:840} INFO - DAG(s) 'example_time_delta_sensor_async' retrieved from /home/logi/txtai/venv/lib/python3.10/site-packages/airflow/example_dags/example_time_delta_sensor_async.py
[2025-11-13T10:42:45.324+0530] {logging_mixin.py:188} INFO - [2025-11-13T10:42:45.324+0530] {dag.py:3089} INFO - Sync 1 DAGs
[2025-11-13T10:42:45.347+0530] {logging_mixin.py:188} INFO - [2025-11-13T10:42:45.346+0530] {dag.py:3947} INFO - Setting next_dagrun for example_time_delta_sensor_async to None, run_after=None
[2025-11-13T10:42:45.383+0530] {processor.py:183} INFO - Processing /home/logi/txtai/venv/lib/python3.10/site-packages/airflow/example_dags/example_time_delta_sensor_async.py took 0.137 seconds
[2025-11-13T10:43:16.353+0530] {processor.py:161} INFO - Started process (PID=19111) to work on /home/logi/txtai/venv/lib/python3.10/site-packages/airflow/example_dags/example_time_delta_sensor_async.py
[2025-11-13T10:43:16.354+0530] {processor.py:830} INFO - Processing file /home/logi/txtai/venv/lib/python3.10/site-packages/airflow/example_dags/example_time_delta_sensor_async.py for tasks to queue
[2025-11-13T10:43:16.356+0530] {logging_mixin.py:188} INFO - [2025-11-13T10:43:16.356+0530] {dagbag.py:545} INFO - Filling up the DagBag from /home/logi/txtai/venv/lib/python3.10/site-packages/airflow/example_dags/example_time_delta_sensor_async.py
[2025-11-13T10:43:16.361+0530] {processor.py:840} INFO - DAG(s) 'example_time_delta_sensor_async' retrieved from /home/logi/txtai/venv/lib/python3.10/site-packages/airflow/example_dags/example_time_delta_sensor_async.py
[2025-11-13T10:43:16.418+0530] {logging_mixin.py:188} INFO - [2025-11-13T10:43:16.417+0530] {dag.py:3089} INFO - Sync 1 DAGs
[2025-11-13T10:43:16.442+0530] {logging_mixin.py:188} INFO - [2025-11-13T10:43:16.442+0530] {dag.py:3947} INFO - Setting next_dagrun for example_time_delta_sensor_async to None, run_after=None
[2025-11-13T10:43:16.483+0530] {processor.py:183} INFO - Processing /home/logi/txtai/venv/lib/python3.10/site-packages/airflow/example_dags/example_time_delta_sensor_async.py took 0.144 seconds
[2025-11-13T10:43:47.768+0530] {processor.py:161} INFO - Started process (PID=19253) to work on /home/logi/txtai/venv/lib/python3.10/site-packages/airflow/example_dags/example_time_delta_sensor_async.py
[2025-11-13T10:43:47.769+0530] {processor.py:830} INFO - Processing file /home/logi/txtai/venv/lib/python3.10/site-packages/airflow/example_dags/example_time_delta_sensor_async.py for tasks to queue
[2025-11-13T10:43:47.771+0530] {logging_mixin.py:188} INFO - [2025-11-13T10:43:47.771+0530] {dagbag.py:545} INFO - Filling up the DagBag from /home/logi/txtai/venv/lib/python3.10/site-packages/airflow/example_dags/example_time_delta_sensor_async.py
[2025-11-13T10:43:47.777+0530] {processor.py:840} INFO - DAG(s) 'example_time_delta_sensor_async' retrieved from /home/logi/txtai/venv/lib/python3.10/site-packages/airflow/example_dags/example_time_delta_sensor_async.py
[2025-11-13T10:43:47.834+0530] {logging_mixin.py:188} INFO - [2025-11-13T10:43:47.834+0530] {dag.py:3089} INFO - Sync 1 DAGs
[2025-11-13T10:43:47.858+0530] {logging_mixin.py:188} INFO - [2025-11-13T10:43:47.857+0530] {dag.py:3947} INFO - Setting next_dagrun for example_time_delta_sensor_async to None, run_after=None
[2025-11-13T10:43:47.893+0530] {processor.py:183} INFO - Processing /home/logi/txtai/venv/lib/python3.10/site-packages/airflow/example_dags/example_time_delta_sensor_async.py took 0.132 seconds
[2025-11-13T10:44:19.102+0530] {processor.py:161} INFO - Started process (PID=19396) to work on /home/logi/txtai/venv/lib/python3.10/site-packages/airflow/example_dags/example_time_delta_sensor_async.py
[2025-11-13T10:44:19.104+0530] {processor.py:830} INFO - Processing file /home/logi/txtai/venv/lib/python3.10/site-packages/airflow/example_dags/example_time_delta_sensor_async.py for tasks to queue
[2025-11-13T10:44:19.107+0530] {logging_mixin.py:188} INFO - [2025-11-13T10:44:19.106+0530] {dagbag.py:545} INFO - Filling up the DagBag from /home/logi/txtai/venv/lib/python3.10/site-packages/airflow/example_dags/example_time_delta_sensor_async.py
[2025-11-13T10:44:19.115+0530] {processor.py:840} INFO - DAG(s) 'example_time_delta_sensor_async' retrieved from /home/logi/txtai/venv/lib/python3.10/site-packages/airflow/example_dags/example_time_delta_sensor_async.py
[2025-11-13T10:44:19.170+0530] {logging_mixin.py:188} INFO - [2025-11-13T10:44:19.170+0530] {dag.py:3089} INFO - Sync 1 DAGs
[2025-11-13T10:44:19.191+0530] {logging_mixin.py:188} INFO - [2025-11-13T10:44:19.190+0530] {dag.py:3947} INFO - Setting next_dagrun for example_time_delta_sensor_async to None, run_after=None
[2025-11-13T10:44:19.231+0530] {processor.py:183} INFO - Processing /home/logi/txtai/venv/lib/python3.10/site-packages/airflow/example_dags/example_time_delta_sensor_async.py took 0.139 seconds
[2025-11-13T10:44:50.907+0530] {processor.py:161} INFO - Started process (PID=19538) to work on /home/logi/txtai/venv/lib/python3.10/site-packages/airflow/example_dags/example_time_delta_sensor_async.py
[2025-11-13T10:44:50.909+0530] {processor.py:830} INFO - Processing file /home/logi/txtai/venv/lib/python3.10/site-packages/airflow/example_dags/example_time_delta_sensor_async.py for tasks to queue
[2025-11-13T10:44:50.910+0530] {logging_mixin.py:188} INFO - [2025-11-13T10:44:50.910+0530] {dagbag.py:545} INFO - Filling up the DagBag from /home/logi/txtai/venv/lib/python3.10/site-packages/airflow/example_dags/example_time_delta_sensor_async.py
[2025-11-13T10:44:50.915+0530] {processor.py:840} INFO - DAG(s) 'example_time_delta_sensor_async' retrieved from /home/logi/txtai/venv/lib/python3.10/site-packages/airflow/example_dags/example_time_delta_sensor_async.py
[2025-11-13T10:44:50.943+0530] {logging_mixin.py:188} INFO - [2025-11-13T10:44:50.943+0530] {dag.py:3089} INFO - Sync 1 DAGs
[2025-11-13T10:44:50.955+0530] {logging_mixin.py:188} INFO - [2025-11-13T10:44:50.955+0530] {dag.py:3947} INFO - Setting next_dagrun for example_time_delta_sensor_async to None, run_after=None
[2025-11-13T10:44:50.975+0530] {processor.py:183} INFO - Processing /home/logi/txtai/venv/lib/python3.10/site-packages/airflow/example_dags/example_time_delta_sensor_async.py took 0.084 seconds
[2025-11-13T10:45:21.625+0530] {processor.py:161} INFO - Started process (PID=19682) to work on /home/logi/txtai/venv/lib/python3.10/site-packages/airflow/example_dags/example_time_delta_sensor_async.py
[2025-11-13T10:45:21.627+0530] {processor.py:830} INFO - Processing file /home/logi/txtai/venv/lib/python3.10/site-packages/airflow/example_dags/example_time_delta_sensor_async.py for tasks to queue
[2025-11-13T10:45:21.630+0530] {logging_mixin.py:188} INFO - [2025-11-13T10:45:21.630+0530] {dagbag.py:545} INFO - Filling up the DagBag from /home/logi/txtai/venv/lib/python3.10/site-packages/airflow/example_dags/example_time_delta_sensor_async.py
[2025-11-13T10:45:21.637+0530] {processor.py:840} INFO - DAG(s) 'example_time_delta_sensor_async' retrieved from /home/logi/txtai/venv/lib/python3.10/site-packages/airflow/example_dags/example_time_delta_sensor_async.py
[2025-11-13T10:45:21.693+0530] {logging_mixin.py:188} INFO - [2025-11-13T10:45:21.692+0530] {dag.py:3089} INFO - Sync 1 DAGs
[2025-11-13T10:45:21.716+0530] {logging_mixin.py:188} INFO - [2025-11-13T10:45:21.716+0530] {dag.py:3947} INFO - Setting next_dagrun for example_time_delta_sensor_async to None, run_after=None
[2025-11-13T10:45:21.750+0530] {processor.py:183} INFO - Processing /home/logi/txtai/venv/lib/python3.10/site-packages/airflow/example_dags/example_time_delta_sensor_async.py took 0.136 seconds
[2025-11-13T10:45:52.313+0530] {processor.py:161} INFO - Started process (PID=19851) to work on /home/logi/txtai/venv/lib/python3.10/site-packages/airflow/example_dags/example_time_delta_sensor_async.py
[2025-11-13T10:45:52.315+0530] {processor.py:830} INFO - Processing file /home/logi/txtai/venv/lib/python3.10/site-packages/airflow/example_dags/example_time_delta_sensor_async.py for tasks to queue
[2025-11-13T10:45:52.318+0530] {logging_mixin.py:188} INFO - [2025-11-13T10:45:52.317+0530] {dagbag.py:545} INFO - Filling up the DagBag from /home/logi/txtai/venv/lib/python3.10/site-packages/airflow/example_dags/example_time_delta_sensor_async.py
[2025-11-13T10:45:52.326+0530] {processor.py:840} INFO - DAG(s) 'example_time_delta_sensor_async' retrieved from /home/logi/txtai/venv/lib/python3.10/site-packages/airflow/example_dags/example_time_delta_sensor_async.py
[2025-11-13T10:45:52.382+0530] {logging_mixin.py:188} INFO - [2025-11-13T10:45:52.381+0530] {dag.py:3089} INFO - Sync 1 DAGs
[2025-11-13T10:45:52.404+0530] {logging_mixin.py:188} INFO - [2025-11-13T10:45:52.403+0530] {dag.py:3947} INFO - Setting next_dagrun for example_time_delta_sensor_async to None, run_after=None
[2025-11-13T10:45:52.438+0530] {processor.py:183} INFO - Processing /home/logi/txtai/venv/lib/python3.10/site-packages/airflow/example_dags/example_time_delta_sensor_async.py took 0.136 seconds
[2025-11-13T10:46:24.109+0530] {processor.py:161} INFO - Started process (PID=19996) to work on /home/logi/txtai/venv/lib/python3.10/site-packages/airflow/example_dags/example_time_delta_sensor_async.py
[2025-11-13T10:46:24.112+0530] {processor.py:830} INFO - Processing file /home/logi/txtai/venv/lib/python3.10/site-packages/airflow/example_dags/example_time_delta_sensor_async.py for tasks to queue
[2025-11-13T10:46:24.115+0530] {logging_mixin.py:188} INFO - [2025-11-13T10:46:24.115+0530] {dagbag.py:545} INFO - Filling up the DagBag from /home/logi/txtai/venv/lib/python3.10/site-packages/airflow/example_dags/example_time_delta_sensor_async.py
[2025-11-13T10:46:24.124+0530] {processor.py:840} INFO - DAG(s) 'example_time_delta_sensor_async' retrieved from /home/logi/txtai/venv/lib/python3.10/site-packages/airflow/example_dags/example_time_delta_sensor_async.py
[2025-11-13T10:46:24.182+0530] {logging_mixin.py:188} INFO - [2025-11-13T10:46:24.182+0530] {dag.py:3089} INFO - Sync 1 DAGs
[2025-11-13T10:46:24.204+0530] {logging_mixin.py:188} INFO - [2025-11-13T10:46:24.203+0530] {dag.py:3947} INFO - Setting next_dagrun for example_time_delta_sensor_async to None, run_after=None
[2025-11-13T10:46:24.238+0530] {processor.py:183} INFO - Processing /home/logi/txtai/venv/lib/python3.10/site-packages/airflow/example_dags/example_time_delta_sensor_async.py took 0.141 seconds
[2025-11-13T10:46:54.828+0530] {processor.py:161} INFO - Started process (PID=20138) to work on /home/logi/txtai/venv/lib/python3.10/site-packages/airflow/example_dags/example_time_delta_sensor_async.py
[2025-11-13T10:46:54.830+0530] {processor.py:830} INFO - Processing file /home/logi/txtai/venv/lib/python3.10/site-packages/airflow/example_dags/example_time_delta_sensor_async.py for tasks to queue
[2025-11-13T10:46:54.834+0530] {logging_mixin.py:188} INFO - [2025-11-13T10:46:54.833+0530] {dagbag.py:545} INFO - Filling up the DagBag from /home/logi/txtai/venv/lib/python3.10/site-packages/airflow/example_dags/example_time_delta_sensor_async.py
[2025-11-13T10:46:54.842+0530] {processor.py:840} INFO - DAG(s) 'example_time_delta_sensor_async' retrieved from /home/logi/txtai/venv/lib/python3.10/site-packages/airflow/example_dags/example_time_delta_sensor_async.py
[2025-11-13T10:46:54.897+0530] {logging_mixin.py:188} INFO - [2025-11-13T10:46:54.897+0530] {dag.py:3089} INFO - Sync 1 DAGs
[2025-11-13T10:46:54.917+0530] {logging_mixin.py:188} INFO - [2025-11-13T10:46:54.916+0530] {dag.py:3947} INFO - Setting next_dagrun for example_time_delta_sensor_async to None, run_after=None
[2025-11-13T10:46:54.951+0530] {processor.py:183} INFO - Processing /home/logi/txtai/venv/lib/python3.10/site-packages/airflow/example_dags/example_time_delta_sensor_async.py took 0.135 seconds
[2025-11-13T10:47:26.138+0530] {processor.py:161} INFO - Started process (PID=20282) to work on /home/logi/txtai/venv/lib/python3.10/site-packages/airflow/example_dags/example_time_delta_sensor_async.py
[2025-11-13T10:47:26.140+0530] {processor.py:830} INFO - Processing file /home/logi/txtai/venv/lib/python3.10/site-packages/airflow/example_dags/example_time_delta_sensor_async.py for tasks to queue
[2025-11-13T10:47:26.143+0530] {logging_mixin.py:188} INFO - [2025-11-13T10:47:26.142+0530] {dagbag.py:545} INFO - Filling up the DagBag from /home/logi/txtai/venv/lib/python3.10/site-packages/airflow/example_dags/example_time_delta_sensor_async.py
[2025-11-13T10:47:26.151+0530] {processor.py:840} INFO - DAG(s) 'example_time_delta_sensor_async' retrieved from /home/logi/txtai/venv/lib/python3.10/site-packages/airflow/example_dags/example_time_delta_sensor_async.py
[2025-11-13T10:47:26.209+0530] {logging_mixin.py:188} INFO - [2025-11-13T10:47:26.208+0530] {dag.py:3089} INFO - Sync 1 DAGs
[2025-11-13T10:47:26.232+0530] {logging_mixin.py:188} INFO - [2025-11-13T10:47:26.231+0530] {dag.py:3947} INFO - Setting next_dagrun for example_time_delta_sensor_async to None, run_after=None
[2025-11-13T10:47:26.266+0530] {processor.py:183} INFO - Processing /home/logi/txtai/venv/lib/python3.10/site-packages/airflow/example_dags/example_time_delta_sensor_async.py took 0.139 seconds
[2025-11-13T10:47:57.616+0530] {processor.py:161} INFO - Started process (PID=20424) to work on /home/logi/txtai/venv/lib/python3.10/site-packages/airflow/example_dags/example_time_delta_sensor_async.py
[2025-11-13T10:47:57.618+0530] {processor.py:830} INFO - Processing file /home/logi/txtai/venv/lib/python3.10/site-packages/airflow/example_dags/example_time_delta_sensor_async.py for tasks to queue
[2025-11-13T10:47:57.621+0530] {logging_mixin.py:188} INFO - [2025-11-13T10:47:57.620+0530] {dagbag.py:545} INFO - Filling up the DagBag from /home/logi/txtai/venv/lib/python3.10/site-packages/airflow/example_dags/example_time_delta_sensor_async.py
[2025-11-13T10:47:57.629+0530] {processor.py:840} INFO - DAG(s) 'example_time_delta_sensor_async' retrieved from /home/logi/txtai/venv/lib/python3.10/site-packages/airflow/example_dags/example_time_delta_sensor_async.py
[2025-11-13T10:47:57.672+0530] {logging_mixin.py:188} INFO - [2025-11-13T10:47:57.672+0530] {dag.py:3089} INFO - Sync 1 DAGs
[2025-11-13T10:47:57.684+0530] {logging_mixin.py:188} INFO - [2025-11-13T10:47:57.683+0530] {dag.py:3947} INFO - Setting next_dagrun for example_time_delta_sensor_async to None, run_after=None
[2025-11-13T10:47:57.715+0530] {processor.py:183} INFO - Processing /home/logi/txtai/venv/lib/python3.10/site-packages/airflow/example_dags/example_time_delta_sensor_async.py took 0.111 seconds
[2025-11-13T10:48:28.487+0530] {processor.py:161} INFO - Started process (PID=20565) to work on /home/logi/txtai/venv/lib/python3.10/site-packages/airflow/example_dags/example_time_delta_sensor_async.py
[2025-11-13T10:48:28.489+0530] {processor.py:830} INFO - Processing file /home/logi/txtai/venv/lib/python3.10/site-packages/airflow/example_dags/example_time_delta_sensor_async.py for tasks to queue
[2025-11-13T10:48:28.492+0530] {logging_mixin.py:188} INFO - [2025-11-13T10:48:28.491+0530] {dagbag.py:545} INFO - Filling up the DagBag from /home/logi/txtai/venv/lib/python3.10/site-packages/airflow/example_dags/example_time_delta_sensor_async.py
[2025-11-13T10:48:28.500+0530] {processor.py:840} INFO - DAG(s) 'example_time_delta_sensor_async' retrieved from /home/logi/txtai/venv/lib/python3.10/site-packages/airflow/example_dags/example_time_delta_sensor_async.py
[2025-11-13T10:48:28.550+0530] {logging_mixin.py:188} INFO - [2025-11-13T10:48:28.549+0530] {dag.py:3089} INFO - Sync 1 DAGs
[2025-11-13T10:48:28.572+0530] {logging_mixin.py:188} INFO - [2025-11-13T10:48:28.571+0530] {dag.py:3947} INFO - Setting next_dagrun for example_time_delta_sensor_async to None, run_after=None
[2025-11-13T10:48:28.611+0530] {processor.py:183} INFO - Processing /home/logi/txtai/venv/lib/python3.10/site-packages/airflow/example_dags/example_time_delta_sensor_async.py took 0.135 seconds
[2025-11-13T10:48:59.143+0530] {processor.py:161} INFO - Started process (PID=20709) to work on /home/logi/txtai/venv/lib/python3.10/site-packages/airflow/example_dags/example_time_delta_sensor_async.py
[2025-11-13T10:48:59.145+0530] {processor.py:830} INFO - Processing file /home/logi/txtai/venv/lib/python3.10/site-packages/airflow/example_dags/example_time_delta_sensor_async.py for tasks to queue
[2025-11-13T10:48:59.147+0530] {logging_mixin.py:188} INFO - [2025-11-13T10:48:59.147+0530] {dagbag.py:545} INFO - Filling up the DagBag from /home/logi/txtai/venv/lib/python3.10/site-packages/airflow/example_dags/example_time_delta_sensor_async.py
[2025-11-13T10:48:59.156+0530] {processor.py:840} INFO - DAG(s) 'example_time_delta_sensor_async' retrieved from /home/logi/txtai/venv/lib/python3.10/site-packages/airflow/example_dags/example_time_delta_sensor_async.py
[2025-11-13T10:48:59.215+0530] {logging_mixin.py:188} INFO - [2025-11-13T10:48:59.214+0530] {dag.py:3089} INFO - Sync 1 DAGs
[2025-11-13T10:48:59.243+0530] {logging_mixin.py:188} INFO - [2025-11-13T10:48:59.242+0530] {dag.py:3947} INFO - Setting next_dagrun for example_time_delta_sensor_async to None, run_after=None
[2025-11-13T10:48:59.279+0530] {processor.py:183} INFO - Processing /home/logi/txtai/venv/lib/python3.10/site-packages/airflow/example_dags/example_time_delta_sensor_async.py took 0.147 seconds
[2025-11-13T10:49:30.184+0530] {processor.py:161} INFO - Started process (PID=20854) to work on /home/logi/txtai/venv/lib/python3.10/site-packages/airflow/example_dags/example_time_delta_sensor_async.py
[2025-11-13T10:49:30.186+0530] {processor.py:830} INFO - Processing file /home/logi/txtai/venv/lib/python3.10/site-packages/airflow/example_dags/example_time_delta_sensor_async.py for tasks to queue
[2025-11-13T10:49:30.189+0530] {logging_mixin.py:188} INFO - [2025-11-13T10:49:30.189+0530] {dagbag.py:545} INFO - Filling up the DagBag from /home/logi/txtai/venv/lib/python3.10/site-packages/airflow/example_dags/example_time_delta_sensor_async.py
[2025-11-13T10:49:30.198+0530] {processor.py:840} INFO - DAG(s) 'example_time_delta_sensor_async' retrieved from /home/logi/txtai/venv/lib/python3.10/site-packages/airflow/example_dags/example_time_delta_sensor_async.py
[2025-11-13T10:49:30.267+0530] {logging_mixin.py:188} INFO - [2025-11-13T10:49:30.266+0530] {dag.py:3089} INFO - Sync 1 DAGs
[2025-11-13T10:49:30.291+0530] {logging_mixin.py:188} INFO - [2025-11-13T10:49:30.290+0530] {dag.py:3947} INFO - Setting next_dagrun for example_time_delta_sensor_async to None, run_after=None
[2025-11-13T10:49:30.331+0530] {processor.py:183} INFO - Processing /home/logi/txtai/venv/lib/python3.10/site-packages/airflow/example_dags/example_time_delta_sensor_async.py took 0.159 seconds
[2025-11-13T10:50:01.283+0530] {processor.py:161} INFO - Started process (PID=20997) to work on /home/logi/txtai/venv/lib/python3.10/site-packages/airflow/example_dags/example_time_delta_sensor_async.py
[2025-11-13T10:50:01.285+0530] {processor.py:830} INFO - Processing file /home/logi/txtai/venv/lib/python3.10/site-packages/airflow/example_dags/example_time_delta_sensor_async.py for tasks to queue
[2025-11-13T10:50:01.287+0530] {logging_mixin.py:188} INFO - [2025-11-13T10:50:01.287+0530] {dagbag.py:545} INFO - Filling up the DagBag from /home/logi/txtai/venv/lib/python3.10/site-packages/airflow/example_dags/example_time_delta_sensor_async.py
[2025-11-13T10:50:01.293+0530] {processor.py:840} INFO - DAG(s) 'example_time_delta_sensor_async' retrieved from /home/logi/txtai/venv/lib/python3.10/site-packages/airflow/example_dags/example_time_delta_sensor_async.py
[2025-11-13T10:50:01.325+0530] {logging_mixin.py:188} INFO - [2025-11-13T10:50:01.324+0530] {dag.py:3089} INFO - Sync 1 DAGs
[2025-11-13T10:50:01.336+0530] {logging_mixin.py:188} INFO - [2025-11-13T10:50:01.336+0530] {dag.py:3947} INFO - Setting next_dagrun for example_time_delta_sensor_async to None, run_after=None
[2025-11-13T10:50:01.358+0530] {processor.py:183} INFO - Processing /home/logi/txtai/venv/lib/python3.10/site-packages/airflow/example_dags/example_time_delta_sensor_async.py took 0.083 seconds
[2025-11-13T10:50:32.389+0530] {processor.py:161} INFO - Started process (PID=21139) to work on /home/logi/txtai/venv/lib/python3.10/site-packages/airflow/example_dags/example_time_delta_sensor_async.py
[2025-11-13T10:50:32.391+0530] {processor.py:830} INFO - Processing file /home/logi/txtai/venv/lib/python3.10/site-packages/airflow/example_dags/example_time_delta_sensor_async.py for tasks to queue
[2025-11-13T10:50:32.395+0530] {logging_mixin.py:188} INFO - [2025-11-13T10:50:32.394+0530] {dagbag.py:545} INFO - Filling up the DagBag from /home/logi/txtai/venv/lib/python3.10/site-packages/airflow/example_dags/example_time_delta_sensor_async.py
[2025-11-13T10:50:32.403+0530] {processor.py:840} INFO - DAG(s) 'example_time_delta_sensor_async' retrieved from /home/logi/txtai/venv/lib/python3.10/site-packages/airflow/example_dags/example_time_delta_sensor_async.py
[2025-11-13T10:50:32.465+0530] {logging_mixin.py:188} INFO - [2025-11-13T10:50:32.464+0530] {dag.py:3089} INFO - Sync 1 DAGs
[2025-11-13T10:50:32.491+0530] {logging_mixin.py:188} INFO - [2025-11-13T10:50:32.490+0530] {dag.py:3947} INFO - Setting next_dagrun for example_time_delta_sensor_async to None, run_after=None
[2025-11-13T10:50:32.529+0530] {processor.py:183} INFO - Processing /home/logi/txtai/venv/lib/python3.10/site-packages/airflow/example_dags/example_time_delta_sensor_async.py took 0.152 seconds
[2025-11-13T10:51:03.767+0530] {processor.py:161} INFO - Started process (PID=21319) to work on /home/logi/txtai/venv/lib/python3.10/site-packages/airflow/example_dags/example_time_delta_sensor_async.py
[2025-11-13T10:51:03.769+0530] {processor.py:830} INFO - Processing file /home/logi/txtai/venv/lib/python3.10/site-packages/airflow/example_dags/example_time_delta_sensor_async.py for tasks to queue
[2025-11-13T10:51:03.773+0530] {logging_mixin.py:188} INFO - [2025-11-13T10:51:03.772+0530] {dagbag.py:545} INFO - Filling up the DagBag from /home/logi/txtai/venv/lib/python3.10/site-packages/airflow/example_dags/example_time_delta_sensor_async.py
[2025-11-13T10:51:03.782+0530] {processor.py:840} INFO - DAG(s) 'example_time_delta_sensor_async' retrieved from /home/logi/txtai/venv/lib/python3.10/site-packages/airflow/example_dags/example_time_delta_sensor_async.py
[2025-11-13T10:51:03.830+0530] {logging_mixin.py:188} INFO - [2025-11-13T10:51:03.830+0530] {dag.py:3089} INFO - Sync 1 DAGs
[2025-11-13T10:51:03.843+0530] {logging_mixin.py:188} INFO - [2025-11-13T10:51:03.843+0530] {dag.py:3947} INFO - Setting next_dagrun for example_time_delta_sensor_async to None, run_after=None
[2025-11-13T10:51:03.868+0530] {processor.py:183} INFO - Processing /home/logi/txtai/venv/lib/python3.10/site-packages/airflow/example_dags/example_time_delta_sensor_async.py took 0.113 seconds
[2025-11-13T10:51:34.934+0530] {processor.py:161} INFO - Started process (PID=21462) to work on /home/logi/txtai/venv/lib/python3.10/site-packages/airflow/example_dags/example_time_delta_sensor_async.py
[2025-11-13T10:51:34.936+0530] {processor.py:830} INFO - Processing file /home/logi/txtai/venv/lib/python3.10/site-packages/airflow/example_dags/example_time_delta_sensor_async.py for tasks to queue
[2025-11-13T10:51:34.939+0530] {logging_mixin.py:188} INFO - [2025-11-13T10:51:34.939+0530] {dagbag.py:545} INFO - Filling up the DagBag from /home/logi/txtai/venv/lib/python3.10/site-packages/airflow/example_dags/example_time_delta_sensor_async.py
[2025-11-13T10:51:34.948+0530] {processor.py:840} INFO - DAG(s) 'example_time_delta_sensor_async' retrieved from /home/logi/txtai/venv/lib/python3.10/site-packages/airflow/example_dags/example_time_delta_sensor_async.py
[2025-11-13T10:51:35.011+0530] {logging_mixin.py:188} INFO - [2025-11-13T10:51:35.011+0530] {dag.py:3089} INFO - Sync 1 DAGs
[2025-11-13T10:51:35.036+0530] {logging_mixin.py:188} INFO - [2025-11-13T10:51:35.035+0530] {dag.py:3947} INFO - Setting next_dagrun for example_time_delta_sensor_async to None, run_after=None
[2025-11-13T10:51:35.075+0530] {processor.py:183} INFO - Processing /home/logi/txtai/venv/lib/python3.10/site-packages/airflow/example_dags/example_time_delta_sensor_async.py took 0.153 seconds
[2025-11-13T10:52:06.139+0530] {processor.py:161} INFO - Started process (PID=21604) to work on /home/logi/txtai/venv/lib/python3.10/site-packages/airflow/example_dags/example_time_delta_sensor_async.py
[2025-11-13T10:52:06.141+0530] {processor.py:830} INFO - Processing file /home/logi/txtai/venv/lib/python3.10/site-packages/airflow/example_dags/example_time_delta_sensor_async.py for tasks to queue
[2025-11-13T10:52:06.144+0530] {logging_mixin.py:188} INFO - [2025-11-13T10:52:06.144+0530] {dagbag.py:545} INFO - Filling up the DagBag from /home/logi/txtai/venv/lib/python3.10/site-packages/airflow/example_dags/example_time_delta_sensor_async.py
[2025-11-13T10:52:06.152+0530] {processor.py:840} INFO - DAG(s) 'example_time_delta_sensor_async' retrieved from /home/logi/txtai/venv/lib/python3.10/site-packages/airflow/example_dags/example_time_delta_sensor_async.py
[2025-11-13T10:52:06.207+0530] {logging_mixin.py:188} INFO - [2025-11-13T10:52:06.207+0530] {dag.py:3089} INFO - Sync 1 DAGs
[2025-11-13T10:52:06.231+0530] {logging_mixin.py:188} INFO - [2025-11-13T10:52:06.231+0530] {dag.py:3947} INFO - Setting next_dagrun for example_time_delta_sensor_async to None, run_after=None
[2025-11-13T10:52:06.266+0530] {processor.py:183} INFO - Processing /home/logi/txtai/venv/lib/python3.10/site-packages/airflow/example_dags/example_time_delta_sensor_async.py took 0.139 seconds
[2025-11-13T10:52:37.315+0530] {processor.py:161} INFO - Started process (PID=21807) to work on /home/logi/txtai/venv/lib/python3.10/site-packages/airflow/example_dags/example_time_delta_sensor_async.py
[2025-11-13T10:52:37.317+0530] {processor.py:830} INFO - Processing file /home/logi/txtai/venv/lib/python3.10/site-packages/airflow/example_dags/example_time_delta_sensor_async.py for tasks to queue
[2025-11-13T10:52:37.320+0530] {logging_mixin.py:188} INFO - [2025-11-13T10:52:37.319+0530] {dagbag.py:545} INFO - Filling up the DagBag from /home/logi/txtai/venv/lib/python3.10/site-packages/airflow/example_dags/example_time_delta_sensor_async.py
[2025-11-13T10:52:37.327+0530] {processor.py:840} INFO - DAG(s) 'example_time_delta_sensor_async' retrieved from /home/logi/txtai/venv/lib/python3.10/site-packages/airflow/example_dags/example_time_delta_sensor_async.py
[2025-11-13T10:52:37.383+0530] {logging_mixin.py:188} INFO - [2025-11-13T10:52:37.383+0530] {dag.py:3089} INFO - Sync 1 DAGs
[2025-11-13T10:52:37.406+0530] {logging_mixin.py:188} INFO - [2025-11-13T10:52:37.406+0530] {dag.py:3947} INFO - Setting next_dagrun for example_time_delta_sensor_async to None, run_after=None
[2025-11-13T10:52:37.443+0530] {processor.py:183} INFO - Processing /home/logi/txtai/venv/lib/python3.10/site-packages/airflow/example_dags/example_time_delta_sensor_async.py took 0.139 seconds
[2025-11-13T10:53:08.266+0530] {processor.py:161} INFO - Started process (PID=22015) to work on /home/logi/txtai/venv/lib/python3.10/site-packages/airflow/example_dags/example_time_delta_sensor_async.py
[2025-11-13T10:53:08.268+0530] {processor.py:830} INFO - Processing file /home/logi/txtai/venv/lib/python3.10/site-packages/airflow/example_dags/example_time_delta_sensor_async.py for tasks to queue
[2025-11-13T10:53:08.270+0530] {logging_mixin.py:188} INFO - [2025-11-13T10:53:08.270+0530] {dagbag.py:545} INFO - Filling up the DagBag from /home/logi/txtai/venv/lib/python3.10/site-packages/airflow/example_dags/example_time_delta_sensor_async.py
[2025-11-13T10:53:08.276+0530] {processor.py:840} INFO - DAG(s) 'example_time_delta_sensor_async' retrieved from /home/logi/txtai/venv/lib/python3.10/site-packages/airflow/example_dags/example_time_delta_sensor_async.py
[2025-11-13T10:53:08.304+0530] {logging_mixin.py:188} INFO - [2025-11-13T10:53:08.304+0530] {dag.py:3089} INFO - Sync 1 DAGs
[2025-11-13T10:53:08.316+0530] {logging_mixin.py:188} INFO - [2025-11-13T10:53:08.316+0530] {dag.py:3947} INFO - Setting next_dagrun for example_time_delta_sensor_async to None, run_after=None
[2025-11-13T10:53:08.334+0530] {processor.py:183} INFO - Processing /home/logi/txtai/venv/lib/python3.10/site-packages/airflow/example_dags/example_time_delta_sensor_async.py took 0.077 seconds
[2025-11-13T10:53:39.390+0530] {processor.py:161} INFO - Started process (PID=22247) to work on /home/logi/txtai/venv/lib/python3.10/site-packages/airflow/example_dags/example_time_delta_sensor_async.py
[2025-11-13T10:53:39.392+0530] {processor.py:830} INFO - Processing file /home/logi/txtai/venv/lib/python3.10/site-packages/airflow/example_dags/example_time_delta_sensor_async.py for tasks to queue
[2025-11-13T10:53:39.395+0530] {logging_mixin.py:188} INFO - [2025-11-13T10:53:39.395+0530] {dagbag.py:545} INFO - Filling up the DagBag from /home/logi/txtai/venv/lib/python3.10/site-packages/airflow/example_dags/example_time_delta_sensor_async.py
[2025-11-13T10:53:39.403+0530] {processor.py:840} INFO - DAG(s) 'example_time_delta_sensor_async' retrieved from /home/logi/txtai/venv/lib/python3.10/site-packages/airflow/example_dags/example_time_delta_sensor_async.py
[2025-11-13T10:53:39.462+0530] {logging_mixin.py:188} INFO - [2025-11-13T10:53:39.461+0530] {dag.py:3089} INFO - Sync 1 DAGs
[2025-11-13T10:53:39.485+0530] {logging_mixin.py:188} INFO - [2025-11-13T10:53:39.485+0530] {dag.py:3947} INFO - Setting next_dagrun for example_time_delta_sensor_async to None, run_after=None
[2025-11-13T10:53:39.520+0530] {processor.py:183} INFO - Processing /home/logi/txtai/venv/lib/python3.10/site-packages/airflow/example_dags/example_time_delta_sensor_async.py took 0.141 seconds
[2025-11-13T10:54:10.721+0530] {processor.py:161} INFO - Started process (PID=22389) to work on /home/logi/txtai/venv/lib/python3.10/site-packages/airflow/example_dags/example_time_delta_sensor_async.py
[2025-11-13T10:54:10.723+0530] {processor.py:830} INFO - Processing file /home/logi/txtai/venv/lib/python3.10/site-packages/airflow/example_dags/example_time_delta_sensor_async.py for tasks to queue
[2025-11-13T10:54:10.726+0530] {logging_mixin.py:188} INFO - [2025-11-13T10:54:10.725+0530] {dagbag.py:545} INFO - Filling up the DagBag from /home/logi/txtai/venv/lib/python3.10/site-packages/airflow/example_dags/example_time_delta_sensor_async.py
[2025-11-13T10:54:10.734+0530] {processor.py:840} INFO - DAG(s) 'example_time_delta_sensor_async' retrieved from /home/logi/txtai/venv/lib/python3.10/site-packages/airflow/example_dags/example_time_delta_sensor_async.py
[2025-11-13T10:54:10.794+0530] {logging_mixin.py:188} INFO - [2025-11-13T10:54:10.793+0530] {dag.py:3089} INFO - Sync 1 DAGs
[2025-11-13T10:54:10.819+0530] {logging_mixin.py:188} INFO - [2025-11-13T10:54:10.819+0530] {dag.py:3947} INFO - Setting next_dagrun for example_time_delta_sensor_async to None, run_after=None
[2025-11-13T10:54:10.858+0530] {processor.py:183} INFO - Processing /home/logi/txtai/venv/lib/python3.10/site-packages/airflow/example_dags/example_time_delta_sensor_async.py took 0.148 seconds
[2025-11-13T10:54:41.985+0530] {processor.py:161} INFO - Started process (PID=22591) to work on /home/logi/txtai/venv/lib/python3.10/site-packages/airflow/example_dags/example_time_delta_sensor_async.py
[2025-11-13T10:54:41.986+0530] {processor.py:830} INFO - Processing file /home/logi/txtai/venv/lib/python3.10/site-packages/airflow/example_dags/example_time_delta_sensor_async.py for tasks to queue
[2025-11-13T10:54:41.989+0530] {logging_mixin.py:188} INFO - [2025-11-13T10:54:41.988+0530] {dagbag.py:545} INFO - Filling up the DagBag from /home/logi/txtai/venv/lib/python3.10/site-packages/airflow/example_dags/example_time_delta_sensor_async.py
[2025-11-13T10:54:41.996+0530] {processor.py:840} INFO - DAG(s) 'example_time_delta_sensor_async' retrieved from /home/logi/txtai/venv/lib/python3.10/site-packages/airflow/example_dags/example_time_delta_sensor_async.py
[2025-11-13T10:54:42.049+0530] {logging_mixin.py:188} INFO - [2025-11-13T10:54:42.048+0530] {dag.py:3089} INFO - Sync 1 DAGs
[2025-11-13T10:54:42.071+0530] {logging_mixin.py:188} INFO - [2025-11-13T10:54:42.070+0530] {dag.py:3947} INFO - Setting next_dagrun for example_time_delta_sensor_async to None, run_after=None
[2025-11-13T10:54:42.107+0530] {processor.py:183} INFO - Processing /home/logi/txtai/venv/lib/python3.10/site-packages/airflow/example_dags/example_time_delta_sensor_async.py took 0.132 seconds
[2025-11-13T10:55:13.422+0530] {processor.py:161} INFO - Started process (PID=22881) to work on /home/logi/txtai/venv/lib/python3.10/site-packages/airflow/example_dags/example_time_delta_sensor_async.py
[2025-11-13T10:55:13.425+0530] {processor.py:830} INFO - Processing file /home/logi/txtai/venv/lib/python3.10/site-packages/airflow/example_dags/example_time_delta_sensor_async.py for tasks to queue
[2025-11-13T10:55:13.427+0530] {logging_mixin.py:188} INFO - [2025-11-13T10:55:13.427+0530] {dagbag.py:545} INFO - Filling up the DagBag from /home/logi/txtai/venv/lib/python3.10/site-packages/airflow/example_dags/example_time_delta_sensor_async.py
[2025-11-13T10:55:13.435+0530] {processor.py:840} INFO - DAG(s) 'example_time_delta_sensor_async' retrieved from /home/logi/txtai/venv/lib/python3.10/site-packages/airflow/example_dags/example_time_delta_sensor_async.py
[2025-11-13T10:55:13.494+0530] {logging_mixin.py:188} INFO - [2025-11-13T10:55:13.493+0530] {dag.py:3089} INFO - Sync 1 DAGs
[2025-11-13T10:55:13.517+0530] {logging_mixin.py:188} INFO - [2025-11-13T10:55:13.516+0530] {dag.py:3947} INFO - Setting next_dagrun for example_time_delta_sensor_async to None, run_after=None
[2025-11-13T10:55:13.556+0530] {processor.py:183} INFO - Processing /home/logi/txtai/venv/lib/python3.10/site-packages/airflow/example_dags/example_time_delta_sensor_async.py took 0.147 seconds
[2025-11-13T10:55:45.114+0530] {processor.py:161} INFO - Started process (PID=23314) to work on /home/logi/txtai/venv/lib/python3.10/site-packages/airflow/example_dags/example_time_delta_sensor_async.py
[2025-11-13T10:55:45.116+0530] {processor.py:830} INFO - Processing file /home/logi/txtai/venv/lib/python3.10/site-packages/airflow/example_dags/example_time_delta_sensor_async.py for tasks to queue
[2025-11-13T10:55:45.119+0530] {logging_mixin.py:188} INFO - [2025-11-13T10:55:45.118+0530] {dagbag.py:545} INFO - Filling up the DagBag from /home/logi/txtai/venv/lib/python3.10/site-packages/airflow/example_dags/example_time_delta_sensor_async.py
[2025-11-13T10:55:45.128+0530] {processor.py:840} INFO - DAG(s) 'example_time_delta_sensor_async' retrieved from /home/logi/txtai/venv/lib/python3.10/site-packages/airflow/example_dags/example_time_delta_sensor_async.py
[2025-11-13T10:55:45.175+0530] {logging_mixin.py:188} INFO - [2025-11-13T10:55:45.175+0530] {dag.py:3089} INFO - Sync 1 DAGs
[2025-11-13T10:55:45.196+0530] {logging_mixin.py:188} INFO - [2025-11-13T10:55:45.196+0530] {dag.py:3947} INFO - Setting next_dagrun for example_time_delta_sensor_async to None, run_after=None
[2025-11-13T10:55:45.228+0530] {processor.py:183} INFO - Processing /home/logi/txtai/venv/lib/python3.10/site-packages/airflow/example_dags/example_time_delta_sensor_async.py took 0.124 seconds
[2025-11-13T10:56:16.210+0530] {processor.py:161} INFO - Started process (PID=23605) to work on /home/logi/txtai/venv/lib/python3.10/site-packages/airflow/example_dags/example_time_delta_sensor_async.py
[2025-11-13T10:56:16.211+0530] {processor.py:830} INFO - Processing file /home/logi/txtai/venv/lib/python3.10/site-packages/airflow/example_dags/example_time_delta_sensor_async.py for tasks to queue
[2025-11-13T10:56:16.214+0530] {logging_mixin.py:188} INFO - [2025-11-13T10:56:16.213+0530] {dagbag.py:545} INFO - Filling up the DagBag from /home/logi/txtai/venv/lib/python3.10/site-packages/airflow/example_dags/example_time_delta_sensor_async.py
[2025-11-13T10:56:16.222+0530] {processor.py:840} INFO - DAG(s) 'example_time_delta_sensor_async' retrieved from /home/logi/txtai/venv/lib/python3.10/site-packages/airflow/example_dags/example_time_delta_sensor_async.py
[2025-11-13T10:56:16.281+0530] {logging_mixin.py:188} INFO - [2025-11-13T10:56:16.281+0530] {dag.py:3089} INFO - Sync 1 DAGs
[2025-11-13T10:56:16.306+0530] {logging_mixin.py:188} INFO - [2025-11-13T10:56:16.305+0530] {dag.py:3947} INFO - Setting next_dagrun for example_time_delta_sensor_async to None, run_after=None
[2025-11-13T10:56:16.343+0530] {processor.py:183} INFO - Processing /home/logi/txtai/venv/lib/python3.10/site-packages/airflow/example_dags/example_time_delta_sensor_async.py took 0.143 seconds
[2025-11-13T10:56:47.657+0530] {processor.py:161} INFO - Started process (PID=23757) to work on /home/logi/txtai/venv/lib/python3.10/site-packages/airflow/example_dags/example_time_delta_sensor_async.py
[2025-11-13T10:56:47.658+0530] {processor.py:830} INFO - Processing file /home/logi/txtai/venv/lib/python3.10/site-packages/airflow/example_dags/example_time_delta_sensor_async.py for tasks to queue
[2025-11-13T10:56:47.661+0530] {logging_mixin.py:188} INFO - [2025-11-13T10:56:47.660+0530] {dagbag.py:545} INFO - Filling up the DagBag from /home/logi/txtai/venv/lib/python3.10/site-packages/airflow/example_dags/example_time_delta_sensor_async.py
[2025-11-13T10:56:47.668+0530] {processor.py:840} INFO - DAG(s) 'example_time_delta_sensor_async' retrieved from /home/logi/txtai/venv/lib/python3.10/site-packages/airflow/example_dags/example_time_delta_sensor_async.py
[2025-11-13T10:56:47.724+0530] {logging_mixin.py:188} INFO - [2025-11-13T10:56:47.723+0530] {dag.py:3089} INFO - Sync 1 DAGs
[2025-11-13T10:56:47.746+0530] {logging_mixin.py:188} INFO - [2025-11-13T10:56:47.746+0530] {dag.py:3947} INFO - Setting next_dagrun for example_time_delta_sensor_async to None, run_after=None
[2025-11-13T10:56:47.811+0530] {processor.py:183} INFO - Processing /home/logi/txtai/venv/lib/python3.10/site-packages/airflow/example_dags/example_time_delta_sensor_async.py took 0.165 seconds
[2025-11-13T10:57:18.391+0530] {processor.py:161} INFO - Started process (PID=23887) to work on /home/logi/txtai/venv/lib/python3.10/site-packages/airflow/example_dags/example_time_delta_sensor_async.py
[2025-11-13T10:57:18.392+0530] {processor.py:830} INFO - Processing file /home/logi/txtai/venv/lib/python3.10/site-packages/airflow/example_dags/example_time_delta_sensor_async.py for tasks to queue
[2025-11-13T10:57:18.394+0530] {logging_mixin.py:188} INFO - [2025-11-13T10:57:18.394+0530] {dagbag.py:545} INFO - Filling up the DagBag from /home/logi/txtai/venv/lib/python3.10/site-packages/airflow/example_dags/example_time_delta_sensor_async.py
[2025-11-13T10:57:18.399+0530] {processor.py:840} INFO - DAG(s) 'example_time_delta_sensor_async' retrieved from /home/logi/txtai/venv/lib/python3.10/site-packages/airflow/example_dags/example_time_delta_sensor_async.py
[2025-11-13T10:57:18.440+0530] {logging_mixin.py:188} INFO - [2025-11-13T10:57:18.439+0530] {dag.py:3089} INFO - Sync 1 DAGs
[2025-11-13T10:57:18.460+0530] {logging_mixin.py:188} INFO - [2025-11-13T10:57:18.460+0530] {dag.py:3947} INFO - Setting next_dagrun for example_time_delta_sensor_async to None, run_after=None
[2025-11-13T10:57:18.497+0530] {processor.py:183} INFO - Processing /home/logi/txtai/venv/lib/python3.10/site-packages/airflow/example_dags/example_time_delta_sensor_async.py took 0.113 seconds
[2025-11-13T10:57:49.479+0530] {processor.py:161} INFO - Started process (PID=24042) to work on /home/logi/txtai/venv/lib/python3.10/site-packages/airflow/example_dags/example_time_delta_sensor_async.py
[2025-11-13T10:57:49.483+0530] {processor.py:830} INFO - Processing file /home/logi/txtai/venv/lib/python3.10/site-packages/airflow/example_dags/example_time_delta_sensor_async.py for tasks to queue
[2025-11-13T10:57:49.485+0530] {logging_mixin.py:188} INFO - [2025-11-13T10:57:49.485+0530] {dagbag.py:545} INFO - Filling up the DagBag from /home/logi/txtai/venv/lib/python3.10/site-packages/airflow/example_dags/example_time_delta_sensor_async.py
[2025-11-13T10:57:49.493+0530] {processor.py:840} INFO - DAG(s) 'example_time_delta_sensor_async' retrieved from /home/logi/txtai/venv/lib/python3.10/site-packages/airflow/example_dags/example_time_delta_sensor_async.py
[2025-11-13T10:57:49.548+0530] {logging_mixin.py:188} INFO - [2025-11-13T10:57:49.548+0530] {dag.py:3089} INFO - Sync 1 DAGs
[2025-11-13T10:57:49.567+0530] {logging_mixin.py:188} INFO - [2025-11-13T10:57:49.567+0530] {dag.py:3947} INFO - Setting next_dagrun for example_time_delta_sensor_async to None, run_after=None
[2025-11-13T10:57:49.590+0530] {processor.py:183} INFO - Processing /home/logi/txtai/venv/lib/python3.10/site-packages/airflow/example_dags/example_time_delta_sensor_async.py took 0.118 seconds
[2025-11-13T10:58:19.827+0530] {processor.py:161} INFO - Started process (PID=24161) to work on /home/logi/txtai/venv/lib/python3.10/site-packages/airflow/example_dags/example_time_delta_sensor_async.py
[2025-11-13T10:58:19.830+0530] {processor.py:830} INFO - Processing file /home/logi/txtai/venv/lib/python3.10/site-packages/airflow/example_dags/example_time_delta_sensor_async.py for tasks to queue
[2025-11-13T10:58:19.833+0530] {logging_mixin.py:188} INFO - [2025-11-13T10:58:19.833+0530] {dagbag.py:545} INFO - Filling up the DagBag from /home/logi/txtai/venv/lib/python3.10/site-packages/airflow/example_dags/example_time_delta_sensor_async.py
[2025-11-13T10:58:19.844+0530] {processor.py:840} INFO - DAG(s) 'example_time_delta_sensor_async' retrieved from /home/logi/txtai/venv/lib/python3.10/site-packages/airflow/example_dags/example_time_delta_sensor_async.py
[2025-11-13T10:58:19.917+0530] {logging_mixin.py:188} INFO - [2025-11-13T10:58:19.916+0530] {dag.py:3089} INFO - Sync 1 DAGs
[2025-11-13T10:58:19.951+0530] {logging_mixin.py:188} INFO - [2025-11-13T10:58:19.950+0530] {dag.py:3947} INFO - Setting next_dagrun for example_time_delta_sensor_async to None, run_after=None
[2025-11-13T10:58:20.009+0530] {processor.py:183} INFO - Processing /home/logi/txtai/venv/lib/python3.10/site-packages/airflow/example_dags/example_time_delta_sensor_async.py took 0.199 seconds
[2025-11-13T10:58:50.127+0530] {processor.py:161} INFO - Started process (PID=24300) to work on /home/logi/txtai/venv/lib/python3.10/site-packages/airflow/example_dags/example_time_delta_sensor_async.py
[2025-11-13T10:58:50.128+0530] {processor.py:830} INFO - Processing file /home/logi/txtai/venv/lib/python3.10/site-packages/airflow/example_dags/example_time_delta_sensor_async.py for tasks to queue
[2025-11-13T10:58:50.131+0530] {logging_mixin.py:188} INFO - [2025-11-13T10:58:50.131+0530] {dagbag.py:545} INFO - Filling up the DagBag from /home/logi/txtai/venv/lib/python3.10/site-packages/airflow/example_dags/example_time_delta_sensor_async.py
[2025-11-13T10:58:50.141+0530] {processor.py:840} INFO - DAG(s) 'example_time_delta_sensor_async' retrieved from /home/logi/txtai/venv/lib/python3.10/site-packages/airflow/example_dags/example_time_delta_sensor_async.py
[2025-11-13T10:58:50.202+0530] {logging_mixin.py:188} INFO - [2025-11-13T10:58:50.201+0530] {dag.py:3089} INFO - Sync 1 DAGs
[2025-11-13T10:58:50.226+0530] {logging_mixin.py:188} INFO - [2025-11-13T10:58:50.226+0530] {dag.py:3947} INFO - Setting next_dagrun for example_time_delta_sensor_async to None, run_after=None
[2025-11-13T10:58:50.271+0530] {processor.py:183} INFO - Processing /home/logi/txtai/venv/lib/python3.10/site-packages/airflow/example_dags/example_time_delta_sensor_async.py took 0.157 seconds
[2025-11-13T10:59:20.462+0530] {processor.py:161} INFO - Started process (PID=24502) to work on /home/logi/txtai/venv/lib/python3.10/site-packages/airflow/example_dags/example_time_delta_sensor_async.py
[2025-11-13T10:59:20.475+0530] {processor.py:830} INFO - Processing file /home/logi/txtai/venv/lib/python3.10/site-packages/airflow/example_dags/example_time_delta_sensor_async.py for tasks to queue
[2025-11-13T10:59:20.478+0530] {logging_mixin.py:188} INFO - [2025-11-13T10:59:20.478+0530] {dagbag.py:545} INFO - Filling up the DagBag from /home/logi/txtai/venv/lib/python3.10/site-packages/airflow/example_dags/example_time_delta_sensor_async.py
[2025-11-13T10:59:20.487+0530] {processor.py:840} INFO - DAG(s) 'example_time_delta_sensor_async' retrieved from /home/logi/txtai/venv/lib/python3.10/site-packages/airflow/example_dags/example_time_delta_sensor_async.py
[2025-11-13T10:59:20.546+0530] {logging_mixin.py:188} INFO - [2025-11-13T10:59:20.546+0530] {dag.py:3089} INFO - Sync 1 DAGs
[2025-11-13T10:59:20.570+0530] {logging_mixin.py:188} INFO - [2025-11-13T10:59:20.570+0530] {dag.py:3947} INFO - Setting next_dagrun for example_time_delta_sensor_async to None, run_after=None
[2025-11-13T10:59:20.610+0530] {processor.py:183} INFO - Processing /home/logi/txtai/venv/lib/python3.10/site-packages/airflow/example_dags/example_time_delta_sensor_async.py took 0.160 seconds
[2025-11-13T10:59:50.969+0530] {processor.py:161} INFO - Started process (PID=24643) to work on /home/logi/txtai/venv/lib/python3.10/site-packages/airflow/example_dags/example_time_delta_sensor_async.py
[2025-11-13T10:59:50.973+0530] {processor.py:830} INFO - Processing file /home/logi/txtai/venv/lib/python3.10/site-packages/airflow/example_dags/example_time_delta_sensor_async.py for tasks to queue
[2025-11-13T10:59:50.976+0530] {logging_mixin.py:188} INFO - [2025-11-13T10:59:50.975+0530] {dagbag.py:545} INFO - Filling up the DagBag from /home/logi/txtai/venv/lib/python3.10/site-packages/airflow/example_dags/example_time_delta_sensor_async.py
[2025-11-13T10:59:50.985+0530] {processor.py:840} INFO - DAG(s) 'example_time_delta_sensor_async' retrieved from /home/logi/txtai/venv/lib/python3.10/site-packages/airflow/example_dags/example_time_delta_sensor_async.py
[2025-11-13T10:59:51.044+0530] {logging_mixin.py:188} INFO - [2025-11-13T10:59:51.044+0530] {dag.py:3089} INFO - Sync 1 DAGs
[2025-11-13T10:59:51.071+0530] {logging_mixin.py:188} INFO - [2025-11-13T10:59:51.070+0530] {dag.py:3947} INFO - Setting next_dagrun for example_time_delta_sensor_async to None, run_after=None
[2025-11-13T10:59:51.327+0530] {processor.py:183} INFO - Processing /home/logi/txtai/venv/lib/python3.10/site-packages/airflow/example_dags/example_time_delta_sensor_async.py took 0.370 seconds
[2025-11-13T11:00:21.571+0530] {processor.py:161} INFO - Started process (PID=25030) to work on /home/logi/txtai/venv/lib/python3.10/site-packages/airflow/example_dags/example_time_delta_sensor_async.py
[2025-11-13T11:00:21.572+0530] {processor.py:830} INFO - Processing file /home/logi/txtai/venv/lib/python3.10/site-packages/airflow/example_dags/example_time_delta_sensor_async.py for tasks to queue
[2025-11-13T11:00:21.574+0530] {logging_mixin.py:188} INFO - [2025-11-13T11:00:21.573+0530] {dagbag.py:545} INFO - Filling up the DagBag from /home/logi/txtai/venv/lib/python3.10/site-packages/airflow/example_dags/example_time_delta_sensor_async.py
[2025-11-13T11:00:21.578+0530] {processor.py:840} INFO - DAG(s) 'example_time_delta_sensor_async' retrieved from /home/logi/txtai/venv/lib/python3.10/site-packages/airflow/example_dags/example_time_delta_sensor_async.py
[2025-11-13T11:00:21.620+0530] {logging_mixin.py:188} INFO - [2025-11-13T11:00:21.620+0530] {dag.py:3089} INFO - Sync 1 DAGs
[2025-11-13T11:00:21.733+0530] {logging_mixin.py:188} INFO - [2025-11-13T11:00:21.733+0530] {dag.py:3947} INFO - Setting next_dagrun for example_time_delta_sensor_async to None, run_after=None
[2025-11-13T11:00:21.750+0530] {processor.py:183} INFO - Processing /home/logi/txtai/venv/lib/python3.10/site-packages/airflow/example_dags/example_time_delta_sensor_async.py took 0.185 seconds
[2025-11-13T11:00:52.472+0530] {processor.py:161} INFO - Started process (PID=25548) to work on /home/logi/txtai/venv/lib/python3.10/site-packages/airflow/example_dags/example_time_delta_sensor_async.py
[2025-11-13T11:00:52.474+0530] {processor.py:830} INFO - Processing file /home/logi/txtai/venv/lib/python3.10/site-packages/airflow/example_dags/example_time_delta_sensor_async.py for tasks to queue
[2025-11-13T11:00:52.477+0530] {logging_mixin.py:188} INFO - [2025-11-13T11:00:52.477+0530] {dagbag.py:545} INFO - Filling up the DagBag from /home/logi/txtai/venv/lib/python3.10/site-packages/airflow/example_dags/example_time_delta_sensor_async.py
[2025-11-13T11:00:52.486+0530] {processor.py:840} INFO - DAG(s) 'example_time_delta_sensor_async' retrieved from /home/logi/txtai/venv/lib/python3.10/site-packages/airflow/example_dags/example_time_delta_sensor_async.py
[2025-11-13T11:00:52.755+0530] {logging_mixin.py:188} INFO - [2025-11-13T11:00:52.755+0530] {dag.py:3089} INFO - Sync 1 DAGs
[2025-11-13T11:00:52.766+0530] {logging_mixin.py:188} INFO - [2025-11-13T11:00:52.766+0530] {dag.py:3947} INFO - Setting next_dagrun for example_time_delta_sensor_async to None, run_after=None
[2025-11-13T11:00:52.804+0530] {processor.py:183} INFO - Processing /home/logi/txtai/venv/lib/python3.10/site-packages/airflow/example_dags/example_time_delta_sensor_async.py took 0.344 seconds
[2025-11-13T11:01:22.962+0530] {processor.py:161} INFO - Started process (PID=25691) to work on /home/logi/txtai/venv/lib/python3.10/site-packages/airflow/example_dags/example_time_delta_sensor_async.py
[2025-11-13T11:01:22.964+0530] {processor.py:830} INFO - Processing file /home/logi/txtai/venv/lib/python3.10/site-packages/airflow/example_dags/example_time_delta_sensor_async.py for tasks to queue
[2025-11-13T11:01:22.968+0530] {logging_mixin.py:188} INFO - [2025-11-13T11:01:22.967+0530] {dagbag.py:545} INFO - Filling up the DagBag from /home/logi/txtai/venv/lib/python3.10/site-packages/airflow/example_dags/example_time_delta_sensor_async.py
[2025-11-13T11:01:22.978+0530] {processor.py:840} INFO - DAG(s) 'example_time_delta_sensor_async' retrieved from /home/logi/txtai/venv/lib/python3.10/site-packages/airflow/example_dags/example_time_delta_sensor_async.py
[2025-11-13T11:01:23.026+0530] {logging_mixin.py:188} INFO - [2025-11-13T11:01:23.026+0530] {dag.py:3089} INFO - Sync 1 DAGs
[2025-11-13T11:01:23.045+0530] {logging_mixin.py:188} INFO - [2025-11-13T11:01:23.044+0530] {dag.py:3947} INFO - Setting next_dagrun for example_time_delta_sensor_async to None, run_after=None
[2025-11-13T11:01:23.081+0530] {processor.py:183} INFO - Processing /home/logi/txtai/venv/lib/python3.10/site-packages/airflow/example_dags/example_time_delta_sensor_async.py took 0.132 seconds
[2025-11-13T11:01:53.157+0530] {processor.py:161} INFO - Started process (PID=25836) to work on /home/logi/txtai/venv/lib/python3.10/site-packages/airflow/example_dags/example_time_delta_sensor_async.py
[2025-11-13T11:01:53.159+0530] {processor.py:830} INFO - Processing file /home/logi/txtai/venv/lib/python3.10/site-packages/airflow/example_dags/example_time_delta_sensor_async.py for tasks to queue
[2025-11-13T11:01:53.163+0530] {logging_mixin.py:188} INFO - [2025-11-13T11:01:53.162+0530] {dagbag.py:545} INFO - Filling up the DagBag from /home/logi/txtai/venv/lib/python3.10/site-packages/airflow/example_dags/example_time_delta_sensor_async.py
[2025-11-13T11:01:53.174+0530] {processor.py:840} INFO - DAG(s) 'example_time_delta_sensor_async' retrieved from /home/logi/txtai/venv/lib/python3.10/site-packages/airflow/example_dags/example_time_delta_sensor_async.py
[2025-11-13T11:01:53.235+0530] {logging_mixin.py:188} INFO - [2025-11-13T11:01:53.235+0530] {dag.py:3089} INFO - Sync 1 DAGs
[2025-11-13T11:01:53.260+0530] {logging_mixin.py:188} INFO - [2025-11-13T11:01:53.259+0530] {dag.py:3947} INFO - Setting next_dagrun for example_time_delta_sensor_async to None, run_after=None
[2025-11-13T11:01:53.316+0530] {processor.py:183} INFO - Processing /home/logi/txtai/venv/lib/python3.10/site-packages/airflow/example_dags/example_time_delta_sensor_async.py took 0.173 seconds
[2025-11-13T11:02:23.847+0530] {processor.py:161} INFO - Started process (PID=26000) to work on /home/logi/txtai/venv/lib/python3.10/site-packages/airflow/example_dags/example_time_delta_sensor_async.py
[2025-11-13T11:02:23.849+0530] {processor.py:830} INFO - Processing file /home/logi/txtai/venv/lib/python3.10/site-packages/airflow/example_dags/example_time_delta_sensor_async.py for tasks to queue
[2025-11-13T11:02:23.851+0530] {logging_mixin.py:188} INFO - [2025-11-13T11:02:23.851+0530] {dagbag.py:545} INFO - Filling up the DagBag from /home/logi/txtai/venv/lib/python3.10/site-packages/airflow/example_dags/example_time_delta_sensor_async.py
[2025-11-13T11:02:23.857+0530] {processor.py:840} INFO - DAG(s) 'example_time_delta_sensor_async' retrieved from /home/logi/txtai/venv/lib/python3.10/site-packages/airflow/example_dags/example_time_delta_sensor_async.py
[2025-11-13T11:02:23.930+0530] {logging_mixin.py:188} INFO - [2025-11-13T11:02:23.929+0530] {dag.py:3089} INFO - Sync 1 DAGs
[2025-11-13T11:02:23.955+0530] {logging_mixin.py:188} INFO - [2025-11-13T11:02:23.955+0530] {dag.py:3947} INFO - Setting next_dagrun for example_time_delta_sensor_async to None, run_after=None
[2025-11-13T11:02:23.994+0530] {processor.py:183} INFO - Processing /home/logi/txtai/venv/lib/python3.10/site-packages/airflow/example_dags/example_time_delta_sensor_async.py took 0.172 seconds
[2025-11-13T11:02:54.170+0530] {processor.py:161} INFO - Started process (PID=26173) to work on /home/logi/txtai/venv/lib/python3.10/site-packages/airflow/example_dags/example_time_delta_sensor_async.py
[2025-11-13T11:02:54.172+0530] {processor.py:830} INFO - Processing file /home/logi/txtai/venv/lib/python3.10/site-packages/airflow/example_dags/example_time_delta_sensor_async.py for tasks to queue
[2025-11-13T11:02:54.175+0530] {logging_mixin.py:188} INFO - [2025-11-13T11:02:54.174+0530] {dagbag.py:545} INFO - Filling up the DagBag from /home/logi/txtai/venv/lib/python3.10/site-packages/airflow/example_dags/example_time_delta_sensor_async.py
[2025-11-13T11:02:54.185+0530] {processor.py:840} INFO - DAG(s) 'example_time_delta_sensor_async' retrieved from /home/logi/txtai/venv/lib/python3.10/site-packages/airflow/example_dags/example_time_delta_sensor_async.py
[2025-11-13T11:02:54.265+0530] {logging_mixin.py:188} INFO - [2025-11-13T11:02:54.265+0530] {dag.py:3089} INFO - Sync 1 DAGs
[2025-11-13T11:02:54.296+0530] {logging_mixin.py:188} INFO - [2025-11-13T11:02:54.296+0530] {dag.py:3947} INFO - Setting next_dagrun for example_time_delta_sensor_async to None, run_after=None
[2025-11-13T11:02:54.357+0530] {processor.py:183} INFO - Processing /home/logi/txtai/venv/lib/python3.10/site-packages/airflow/example_dags/example_time_delta_sensor_async.py took 0.200 seconds
[2025-11-13T11:03:24.716+0530] {processor.py:161} INFO - Started process (PID=26321) to work on /home/logi/txtai/venv/lib/python3.10/site-packages/airflow/example_dags/example_time_delta_sensor_async.py
[2025-11-13T11:03:24.717+0530] {processor.py:830} INFO - Processing file /home/logi/txtai/venv/lib/python3.10/site-packages/airflow/example_dags/example_time_delta_sensor_async.py for tasks to queue
[2025-11-13T11:03:24.721+0530] {logging_mixin.py:188} INFO - [2025-11-13T11:03:24.720+0530] {dagbag.py:545} INFO - Filling up the DagBag from /home/logi/txtai/venv/lib/python3.10/site-packages/airflow/example_dags/example_time_delta_sensor_async.py
[2025-11-13T11:03:24.730+0530] {processor.py:840} INFO - DAG(s) 'example_time_delta_sensor_async' retrieved from /home/logi/txtai/venv/lib/python3.10/site-packages/airflow/example_dags/example_time_delta_sensor_async.py
[2025-11-13T11:03:24.782+0530] {logging_mixin.py:188} INFO - [2025-11-13T11:03:24.782+0530] {dag.py:3089} INFO - Sync 1 DAGs
[2025-11-13T11:03:24.815+0530] {logging_mixin.py:188} INFO - [2025-11-13T11:03:24.815+0530] {dag.py:3947} INFO - Setting next_dagrun for example_time_delta_sensor_async to None, run_after=None
[2025-11-13T11:03:24.853+0530] {processor.py:183} INFO - Processing /home/logi/txtai/venv/lib/python3.10/site-packages/airflow/example_dags/example_time_delta_sensor_async.py took 0.149 seconds
[2025-11-13T11:03:54.910+0530] {processor.py:161} INFO - Started process (PID=26461) to work on /home/logi/txtai/venv/lib/python3.10/site-packages/airflow/example_dags/example_time_delta_sensor_async.py
[2025-11-13T11:03:54.912+0530] {processor.py:830} INFO - Processing file /home/logi/txtai/venv/lib/python3.10/site-packages/airflow/example_dags/example_time_delta_sensor_async.py for tasks to queue
[2025-11-13T11:03:54.916+0530] {logging_mixin.py:188} INFO - [2025-11-13T11:03:54.916+0530] {dagbag.py:545} INFO - Filling up the DagBag from /home/logi/txtai/venv/lib/python3.10/site-packages/airflow/example_dags/example_time_delta_sensor_async.py
[2025-11-13T11:03:54.928+0530] {processor.py:840} INFO - DAG(s) 'example_time_delta_sensor_async' retrieved from /home/logi/txtai/venv/lib/python3.10/site-packages/airflow/example_dags/example_time_delta_sensor_async.py
[2025-11-13T11:03:54.977+0530] {logging_mixin.py:188} INFO - [2025-11-13T11:03:54.976+0530] {dag.py:3089} INFO - Sync 1 DAGs
[2025-11-13T11:03:55.001+0530] {logging_mixin.py:188} INFO - [2025-11-13T11:03:55.001+0530] {dag.py:3947} INFO - Setting next_dagrun for example_time_delta_sensor_async to None, run_after=None
[2025-11-13T11:03:55.040+0530] {processor.py:183} INFO - Processing /home/logi/txtai/venv/lib/python3.10/site-packages/airflow/example_dags/example_time_delta_sensor_async.py took 0.144 seconds
[2025-11-13T11:04:25.145+0530] {processor.py:161} INFO - Started process (PID=26605) to work on /home/logi/txtai/venv/lib/python3.10/site-packages/airflow/example_dags/example_time_delta_sensor_async.py
[2025-11-13T11:04:25.147+0530] {processor.py:830} INFO - Processing file /home/logi/txtai/venv/lib/python3.10/site-packages/airflow/example_dags/example_time_delta_sensor_async.py for tasks to queue
[2025-11-13T11:04:25.150+0530] {logging_mixin.py:188} INFO - [2025-11-13T11:04:25.149+0530] {dagbag.py:545} INFO - Filling up the DagBag from /home/logi/txtai/venv/lib/python3.10/site-packages/airflow/example_dags/example_time_delta_sensor_async.py
[2025-11-13T11:04:25.158+0530] {processor.py:840} INFO - DAG(s) 'example_time_delta_sensor_async' retrieved from /home/logi/txtai/venv/lib/python3.10/site-packages/airflow/example_dags/example_time_delta_sensor_async.py
[2025-11-13T11:04:25.213+0530] {logging_mixin.py:188} INFO - [2025-11-13T11:04:25.213+0530] {dag.py:3089} INFO - Sync 1 DAGs
[2025-11-13T11:04:25.237+0530] {logging_mixin.py:188} INFO - [2025-11-13T11:04:25.237+0530] {dag.py:3947} INFO - Setting next_dagrun for example_time_delta_sensor_async to None, run_after=None
[2025-11-13T11:04:25.287+0530] {processor.py:183} INFO - Processing /home/logi/txtai/venv/lib/python3.10/site-packages/airflow/example_dags/example_time_delta_sensor_async.py took 0.153 seconds
[2025-11-13T11:04:55.488+0530] {processor.py:161} INFO - Started process (PID=26746) to work on /home/logi/txtai/venv/lib/python3.10/site-packages/airflow/example_dags/example_time_delta_sensor_async.py
[2025-11-13T11:04:55.490+0530] {processor.py:830} INFO - Processing file /home/logi/txtai/venv/lib/python3.10/site-packages/airflow/example_dags/example_time_delta_sensor_async.py for tasks to queue
[2025-11-13T11:04:55.493+0530] {logging_mixin.py:188} INFO - [2025-11-13T11:04:55.493+0530] {dagbag.py:545} INFO - Filling up the DagBag from /home/logi/txtai/venv/lib/python3.10/site-packages/airflow/example_dags/example_time_delta_sensor_async.py
[2025-11-13T11:04:55.501+0530] {processor.py:840} INFO - DAG(s) 'example_time_delta_sensor_async' retrieved from /home/logi/txtai/venv/lib/python3.10/site-packages/airflow/example_dags/example_time_delta_sensor_async.py
[2025-11-13T11:04:55.554+0530] {logging_mixin.py:188} INFO - [2025-11-13T11:04:55.553+0530] {dag.py:3089} INFO - Sync 1 DAGs
[2025-11-13T11:04:55.578+0530] {logging_mixin.py:188} INFO - [2025-11-13T11:04:55.578+0530] {dag.py:3947} INFO - Setting next_dagrun for example_time_delta_sensor_async to None, run_after=None
[2025-11-13T11:04:55.616+0530] {processor.py:183} INFO - Processing /home/logi/txtai/venv/lib/python3.10/site-packages/airflow/example_dags/example_time_delta_sensor_async.py took 0.140 seconds
[2025-11-13T11:05:27.400+0530] {processor.py:161} INFO - Started process (PID=26943) to work on /home/logi/txtai/venv/lib/python3.10/site-packages/airflow/example_dags/example_time_delta_sensor_async.py
[2025-11-13T11:05:27.401+0530] {processor.py:830} INFO - Processing file /home/logi/txtai/venv/lib/python3.10/site-packages/airflow/example_dags/example_time_delta_sensor_async.py for tasks to queue
[2025-11-13T11:05:27.404+0530] {logging_mixin.py:188} INFO - [2025-11-13T11:05:27.404+0530] {dagbag.py:545} INFO - Filling up the DagBag from /home/logi/txtai/venv/lib/python3.10/site-packages/airflow/example_dags/example_time_delta_sensor_async.py
[2025-11-13T11:05:27.413+0530] {processor.py:840} INFO - DAG(s) 'example_time_delta_sensor_async' retrieved from /home/logi/txtai/venv/lib/python3.10/site-packages/airflow/example_dags/example_time_delta_sensor_async.py
[2025-11-13T11:05:27.450+0530] {logging_mixin.py:188} INFO - [2025-11-13T11:05:27.450+0530] {dag.py:3089} INFO - Sync 1 DAGs
[2025-11-13T11:05:27.464+0530] {logging_mixin.py:188} INFO - [2025-11-13T11:05:27.464+0530] {dag.py:3947} INFO - Setting next_dagrun for example_time_delta_sensor_async to None, run_after=None
[2025-11-13T11:05:27.489+0530] {processor.py:183} INFO - Processing /home/logi/txtai/venv/lib/python3.10/site-packages/airflow/example_dags/example_time_delta_sensor_async.py took 0.101 seconds
[2025-11-13T17:53:57.409+0530] {processor.py:161} INFO - Started process (PID=30997) to work on /home/logi/txtai/venv/lib/python3.10/site-packages/airflow/example_dags/example_time_delta_sensor_async.py
[2025-11-13T17:53:57.413+0530] {processor.py:830} INFO - Processing file /home/logi/txtai/venv/lib/python3.10/site-packages/airflow/example_dags/example_time_delta_sensor_async.py for tasks to queue
[2025-11-13T17:53:57.415+0530] {logging_mixin.py:188} INFO - [2025-11-13T17:53:57.414+0530] {dagbag.py:545} INFO - Filling up the DagBag from /home/logi/txtai/venv/lib/python3.10/site-packages/airflow/example_dags/example_time_delta_sensor_async.py
[2025-11-13T17:53:57.424+0530] {processor.py:840} INFO - DAG(s) 'example_time_delta_sensor_async' retrieved from /home/logi/txtai/venv/lib/python3.10/site-packages/airflow/example_dags/example_time_delta_sensor_async.py
[2025-11-13T17:53:57.493+0530] {logging_mixin.py:188} INFO - [2025-11-13T17:53:57.492+0530] {dag.py:3089} INFO - Sync 1 DAGs
[2025-11-13T17:53:57.518+0530] {logging_mixin.py:188} INFO - [2025-11-13T17:53:57.517+0530] {dag.py:3947} INFO - Setting next_dagrun for example_time_delta_sensor_async to None, run_after=None
[2025-11-13T17:53:57.572+0530] {processor.py:183} INFO - Processing /home/logi/txtai/venv/lib/python3.10/site-packages/airflow/example_dags/example_time_delta_sensor_async.py took 0.185 seconds
[2025-11-13T17:54:28.211+0530] {processor.py:161} INFO - Started process (PID=31417) to work on /home/logi/txtai/venv/lib/python3.10/site-packages/airflow/example_dags/example_time_delta_sensor_async.py
[2025-11-13T17:54:28.212+0530] {processor.py:830} INFO - Processing file /home/logi/txtai/venv/lib/python3.10/site-packages/airflow/example_dags/example_time_delta_sensor_async.py for tasks to queue
[2025-11-13T17:54:28.213+0530] {logging_mixin.py:188} INFO - [2025-11-13T17:54:28.212+0530] {dagbag.py:545} INFO - Filling up the DagBag from /home/logi/txtai/venv/lib/python3.10/site-packages/airflow/example_dags/example_time_delta_sensor_async.py
[2025-11-13T17:54:28.216+0530] {processor.py:840} INFO - DAG(s) 'example_time_delta_sensor_async' retrieved from /home/logi/txtai/venv/lib/python3.10/site-packages/airflow/example_dags/example_time_delta_sensor_async.py
[2025-11-13T17:54:28.279+0530] {logging_mixin.py:188} INFO - [2025-11-13T17:54:28.279+0530] {dag.py:3089} INFO - Sync 1 DAGs
[2025-11-13T17:54:28.304+0530] {logging_mixin.py:188} INFO - [2025-11-13T17:54:28.302+0530] {dag.py:3947} INFO - Setting next_dagrun for example_time_delta_sensor_async to None, run_after=None
[2025-11-13T17:54:28.361+0530] {processor.py:183} INFO - Processing /home/logi/txtai/venv/lib/python3.10/site-packages/airflow/example_dags/example_time_delta_sensor_async.py took 0.155 seconds
[2025-11-13T17:56:09.415+0530] {processor.py:161} INFO - Started process (PID=32297) to work on /home/logi/txtai/venv/lib/python3.10/site-packages/airflow/example_dags/example_time_delta_sensor_async.py
[2025-11-13T17:56:09.417+0530] {processor.py:830} INFO - Processing file /home/logi/txtai/venv/lib/python3.10/site-packages/airflow/example_dags/example_time_delta_sensor_async.py for tasks to queue
[2025-11-13T17:56:09.418+0530] {logging_mixin.py:188} INFO - [2025-11-13T17:56:09.418+0530] {dagbag.py:545} INFO - Filling up the DagBag from /home/logi/txtai/venv/lib/python3.10/site-packages/airflow/example_dags/example_time_delta_sensor_async.py
[2025-11-13T17:56:09.425+0530] {processor.py:840} INFO - DAG(s) 'example_time_delta_sensor_async' retrieved from /home/logi/txtai/venv/lib/python3.10/site-packages/airflow/example_dags/example_time_delta_sensor_async.py
[2025-11-13T17:56:09.471+0530] {logging_mixin.py:188} INFO - [2025-11-13T17:56:09.471+0530] {dag.py:3089} INFO - Sync 1 DAGs
[2025-11-13T17:56:09.494+0530] {logging_mixin.py:188} INFO - [2025-11-13T17:56:09.493+0530] {dag.py:3947} INFO - Setting next_dagrun for example_time_delta_sensor_async to None, run_after=None
[2025-11-13T17:56:09.530+0530] {processor.py:183} INFO - Processing /home/logi/txtai/venv/lib/python3.10/site-packages/airflow/example_dags/example_time_delta_sensor_async.py took 0.121 seconds
[2025-11-13T17:56:40.853+0530] {processor.py:161} INFO - Started process (PID=32985) to work on /home/logi/txtai/venv/lib/python3.10/site-packages/airflow/example_dags/example_time_delta_sensor_async.py
[2025-11-13T17:56:40.854+0530] {processor.py:830} INFO - Processing file /home/logi/txtai/venv/lib/python3.10/site-packages/airflow/example_dags/example_time_delta_sensor_async.py for tasks to queue
[2025-11-13T17:56:40.857+0530] {logging_mixin.py:188} INFO - [2025-11-13T17:56:40.856+0530] {dagbag.py:545} INFO - Filling up the DagBag from /home/logi/txtai/venv/lib/python3.10/site-packages/airflow/example_dags/example_time_delta_sensor_async.py
[2025-11-13T17:56:40.862+0530] {processor.py:840} INFO - DAG(s) 'example_time_delta_sensor_async' retrieved from /home/logi/txtai/venv/lib/python3.10/site-packages/airflow/example_dags/example_time_delta_sensor_async.py
[2025-11-13T17:56:40.917+0530] {logging_mixin.py:188} INFO - [2025-11-13T17:56:40.916+0530] {dag.py:3089} INFO - Sync 1 DAGs
[2025-11-13T17:56:40.943+0530] {logging_mixin.py:188} INFO - [2025-11-13T17:56:40.943+0530] {dag.py:3947} INFO - Setting next_dagrun for example_time_delta_sensor_async to None, run_after=None
[2025-11-13T17:56:40.979+0530] {processor.py:183} INFO - Processing /home/logi/txtai/venv/lib/python3.10/site-packages/airflow/example_dags/example_time_delta_sensor_async.py took 0.138 seconds
[2025-11-13T17:57:11.528+0530] {processor.py:161} INFO - Started process (PID=33718) to work on /home/logi/txtai/venv/lib/python3.10/site-packages/airflow/example_dags/example_time_delta_sensor_async.py
[2025-11-13T17:57:11.530+0530] {processor.py:830} INFO - Processing file /home/logi/txtai/venv/lib/python3.10/site-packages/airflow/example_dags/example_time_delta_sensor_async.py for tasks to queue
[2025-11-13T17:57:11.532+0530] {logging_mixin.py:188} INFO - [2025-11-13T17:57:11.532+0530] {dagbag.py:545} INFO - Filling up the DagBag from /home/logi/txtai/venv/lib/python3.10/site-packages/airflow/example_dags/example_time_delta_sensor_async.py
[2025-11-13T17:57:11.539+0530] {processor.py:840} INFO - DAG(s) 'example_time_delta_sensor_async' retrieved from /home/logi/txtai/venv/lib/python3.10/site-packages/airflow/example_dags/example_time_delta_sensor_async.py
[2025-11-13T17:57:11.585+0530] {logging_mixin.py:188} INFO - [2025-11-13T17:57:11.584+0530] {dag.py:3089} INFO - Sync 1 DAGs
[2025-11-13T17:57:11.600+0530] {logging_mixin.py:188} INFO - [2025-11-13T17:57:11.599+0530] {dag.py:3947} INFO - Setting next_dagrun for example_time_delta_sensor_async to None, run_after=None
[2025-11-13T17:57:11.635+0530] {processor.py:183} INFO - Processing /home/logi/txtai/venv/lib/python3.10/site-packages/airflow/example_dags/example_time_delta_sensor_async.py took 0.118 seconds
[2025-11-13T17:57:42.404+0530] {processor.py:161} INFO - Started process (PID=34114) to work on /home/logi/txtai/venv/lib/python3.10/site-packages/airflow/example_dags/example_time_delta_sensor_async.py
[2025-11-13T17:57:42.406+0530] {processor.py:830} INFO - Processing file /home/logi/txtai/venv/lib/python3.10/site-packages/airflow/example_dags/example_time_delta_sensor_async.py for tasks to queue
[2025-11-13T17:57:42.409+0530] {logging_mixin.py:188} INFO - [2025-11-13T17:57:42.408+0530] {dagbag.py:545} INFO - Filling up the DagBag from /home/logi/txtai/venv/lib/python3.10/site-packages/airflow/example_dags/example_time_delta_sensor_async.py
[2025-11-13T17:57:42.417+0530] {processor.py:840} INFO - DAG(s) 'example_time_delta_sensor_async' retrieved from /home/logi/txtai/venv/lib/python3.10/site-packages/airflow/example_dags/example_time_delta_sensor_async.py
[2025-11-13T17:57:42.457+0530] {logging_mixin.py:188} INFO - [2025-11-13T17:57:42.456+0530] {dag.py:3089} INFO - Sync 1 DAGs
[2025-11-13T17:57:42.478+0530] {logging_mixin.py:188} INFO - [2025-11-13T17:57:42.477+0530] {dag.py:3947} INFO - Setting next_dagrun for example_time_delta_sensor_async to None, run_after=None
[2025-11-13T17:57:42.507+0530] {processor.py:183} INFO - Processing /home/logi/txtai/venv/lib/python3.10/site-packages/airflow/example_dags/example_time_delta_sensor_async.py took 0.117 seconds
[2025-11-13T17:58:14.033+0530] {processor.py:161} INFO - Started process (PID=34751) to work on /home/logi/txtai/venv/lib/python3.10/site-packages/airflow/example_dags/example_time_delta_sensor_async.py
[2025-11-13T17:58:14.043+0530] {processor.py:830} INFO - Processing file /home/logi/txtai/venv/lib/python3.10/site-packages/airflow/example_dags/example_time_delta_sensor_async.py for tasks to queue
[2025-11-13T17:58:14.050+0530] {logging_mixin.py:188} INFO - [2025-11-13T17:58:14.049+0530] {dagbag.py:545} INFO - Filling up the DagBag from /home/logi/txtai/venv/lib/python3.10/site-packages/airflow/example_dags/example_time_delta_sensor_async.py
[2025-11-13T17:58:14.067+0530] {processor.py:840} INFO - DAG(s) 'example_time_delta_sensor_async' retrieved from /home/logi/txtai/venv/lib/python3.10/site-packages/airflow/example_dags/example_time_delta_sensor_async.py
[2025-11-13T17:58:14.115+0530] {logging_mixin.py:188} INFO - [2025-11-13T17:58:14.114+0530] {dag.py:3089} INFO - Sync 1 DAGs
[2025-11-13T17:58:14.128+0530] {logging_mixin.py:188} INFO - [2025-11-13T17:58:14.127+0530] {dag.py:3947} INFO - Setting next_dagrun for example_time_delta_sensor_async to None, run_after=None
[2025-11-13T17:58:14.149+0530] {processor.py:183} INFO - Processing /home/logi/txtai/venv/lib/python3.10/site-packages/airflow/example_dags/example_time_delta_sensor_async.py took 0.141 seconds
[2025-11-13T23:22:11.557+0530] {processor.py:161} INFO - Started process (PID=5776) to work on /home/logi/txtai/venv/lib/python3.10/site-packages/airflow/example_dags/example_time_delta_sensor_async.py
[2025-11-13T23:22:11.560+0530] {processor.py:830} INFO - Processing file /home/logi/txtai/venv/lib/python3.10/site-packages/airflow/example_dags/example_time_delta_sensor_async.py for tasks to queue
[2025-11-13T23:22:11.563+0530] {logging_mixin.py:188} INFO - [2025-11-13T23:22:11.563+0530] {dagbag.py:545} INFO - Filling up the DagBag from /home/logi/txtai/venv/lib/python3.10/site-packages/airflow/example_dags/example_time_delta_sensor_async.py
[2025-11-13T23:22:11.579+0530] {processor.py:840} INFO - DAG(s) 'example_time_delta_sensor_async' retrieved from /home/logi/txtai/venv/lib/python3.10/site-packages/airflow/example_dags/example_time_delta_sensor_async.py
[2025-11-13T23:22:11.612+0530] {logging_mixin.py:188} INFO - [2025-11-13T23:22:11.611+0530] {dag.py:3089} INFO - Sync 1 DAGs
[2025-11-13T23:22:11.625+0530] {logging_mixin.py:188} INFO - [2025-11-13T23:22:11.625+0530] {dag.py:3947} INFO - Setting next_dagrun for example_time_delta_sensor_async to None, run_after=None
[2025-11-13T23:22:11.643+0530] {processor.py:183} INFO - Processing /home/logi/txtai/venv/lib/python3.10/site-packages/airflow/example_dags/example_time_delta_sensor_async.py took 0.099 seconds
[2025-11-13T23:22:42.733+0530] {processor.py:161} INFO - Started process (PID=6521) to work on /home/logi/txtai/venv/lib/python3.10/site-packages/airflow/example_dags/example_time_delta_sensor_async.py
[2025-11-13T23:22:42.734+0530] {processor.py:830} INFO - Processing file /home/logi/txtai/venv/lib/python3.10/site-packages/airflow/example_dags/example_time_delta_sensor_async.py for tasks to queue
[2025-11-13T23:22:42.738+0530] {logging_mixin.py:188} INFO - [2025-11-13T23:22:42.736+0530] {dagbag.py:545} INFO - Filling up the DagBag from /home/logi/txtai/venv/lib/python3.10/site-packages/airflow/example_dags/example_time_delta_sensor_async.py
[2025-11-13T23:22:42.746+0530] {processor.py:840} INFO - DAG(s) 'example_time_delta_sensor_async' retrieved from /home/logi/txtai/venv/lib/python3.10/site-packages/airflow/example_dags/example_time_delta_sensor_async.py
[2025-11-13T23:22:42.793+0530] {logging_mixin.py:188} INFO - [2025-11-13T23:22:42.793+0530] {dag.py:3089} INFO - Sync 1 DAGs
[2025-11-13T23:22:42.820+0530] {logging_mixin.py:188} INFO - [2025-11-13T23:22:42.819+0530] {dag.py:3947} INFO - Setting next_dagrun for example_time_delta_sensor_async to None, run_after=None
[2025-11-13T23:22:42.857+0530] {processor.py:183} INFO - Processing /home/logi/txtai/venv/lib/python3.10/site-packages/airflow/example_dags/example_time_delta_sensor_async.py took 0.136 seconds
[2025-11-13T23:23:14.057+0530] {processor.py:161} INFO - Started process (PID=7213) to work on /home/logi/txtai/venv/lib/python3.10/site-packages/airflow/example_dags/example_time_delta_sensor_async.py
[2025-11-13T23:23:14.059+0530] {processor.py:830} INFO - Processing file /home/logi/txtai/venv/lib/python3.10/site-packages/airflow/example_dags/example_time_delta_sensor_async.py for tasks to queue
[2025-11-13T23:23:14.062+0530] {logging_mixin.py:188} INFO - [2025-11-13T23:23:14.061+0530] {dagbag.py:545} INFO - Filling up the DagBag from /home/logi/txtai/venv/lib/python3.10/site-packages/airflow/example_dags/example_time_delta_sensor_async.py
[2025-11-13T23:23:14.071+0530] {processor.py:840} INFO - DAG(s) 'example_time_delta_sensor_async' retrieved from /home/logi/txtai/venv/lib/python3.10/site-packages/airflow/example_dags/example_time_delta_sensor_async.py
[2025-11-13T23:23:14.117+0530] {logging_mixin.py:188} INFO - [2025-11-13T23:23:14.117+0530] {dag.py:3089} INFO - Sync 1 DAGs
[2025-11-13T23:23:14.143+0530] {logging_mixin.py:188} INFO - [2025-11-13T23:23:14.142+0530] {dag.py:3947} INFO - Setting next_dagrun for example_time_delta_sensor_async to None, run_after=None
[2025-11-13T23:23:14.180+0530] {processor.py:183} INFO - Processing /home/logi/txtai/venv/lib/python3.10/site-packages/airflow/example_dags/example_time_delta_sensor_async.py took 0.134 seconds
[2025-11-13T23:23:45.996+0530] {processor.py:161} INFO - Started process (PID=7452) to work on /home/logi/txtai/venv/lib/python3.10/site-packages/airflow/example_dags/example_time_delta_sensor_async.py
[2025-11-13T23:23:45.998+0530] {processor.py:830} INFO - Processing file /home/logi/txtai/venv/lib/python3.10/site-packages/airflow/example_dags/example_time_delta_sensor_async.py for tasks to queue
[2025-11-13T23:23:46.000+0530] {logging_mixin.py:188} INFO - [2025-11-13T23:23:46.000+0530] {dagbag.py:545} INFO - Filling up the DagBag from /home/logi/txtai/venv/lib/python3.10/site-packages/airflow/example_dags/example_time_delta_sensor_async.py
[2025-11-13T23:23:46.008+0530] {processor.py:840} INFO - DAG(s) 'example_time_delta_sensor_async' retrieved from /home/logi/txtai/venv/lib/python3.10/site-packages/airflow/example_dags/example_time_delta_sensor_async.py
[2025-11-13T23:23:46.064+0530] {logging_mixin.py:188} INFO - [2025-11-13T23:23:46.063+0530] {dag.py:3089} INFO - Sync 1 DAGs
[2025-11-13T23:23:46.087+0530] {logging_mixin.py:188} INFO - [2025-11-13T23:23:46.086+0530] {dag.py:3947} INFO - Setting next_dagrun for example_time_delta_sensor_async to None, run_after=None
[2025-11-13T23:23:46.124+0530] {processor.py:183} INFO - Processing /home/logi/txtai/venv/lib/python3.10/site-packages/airflow/example_dags/example_time_delta_sensor_async.py took 0.138 seconds
