[2025-11-13T05:50:54.365+0530] {processor.py:161} INFO - Started process (PID=6823) to work on /home/logi/txtai/venv/lib/python3.10/site-packages/airflow/example_dags/example_xcom.py
[2025-11-13T05:50:54.367+0530] {processor.py:830} INFO - Processing file /home/logi/txtai/venv/lib/python3.10/site-packages/airflow/example_dags/example_xcom.py for tasks to queue
[2025-11-13T05:50:54.371+0530] {logging_mixin.py:188} INFO - [2025-11-13T05:50:54.370+0530] {dagbag.py:545} INFO - Filling up the DagBag from /home/logi/txtai/venv/lib/python3.10/site-packages/airflow/example_dags/example_xcom.py
[2025-11-13T05:50:54.385+0530] {processor.py:840} INFO - DAG(s) 'example_xcom' retrieved from /home/logi/txtai/venv/lib/python3.10/site-packages/airflow/example_dags/example_xcom.py
[2025-11-13T05:50:54.591+0530] {logging_mixin.py:188} INFO - [2025-11-13T05:50:54.590+0530] {dag.py:3089} INFO - Sync 1 DAGs
[2025-11-13T05:50:54.618+0530] {logging_mixin.py:188} INFO - [2025-11-13T05:50:54.618+0530] {dag.py:3947} INFO - Setting next_dagrun for example_xcom to 2021-01-01 00:00:00+00:00, run_after=2021-01-01 00:00:00+00:00
[2025-11-13T05:50:54.652+0530] {processor.py:183} INFO - Processing /home/logi/txtai/venv/lib/python3.10/site-packages/airflow/example_dags/example_xcom.py took 0.298 seconds
[2025-11-13T05:52:45.185+0530] {processor.py:161} INFO - Started process (PID=8068) to work on /home/logi/txtai/venv/lib/python3.10/site-packages/airflow/example_dags/example_xcom.py
[2025-11-13T05:52:45.199+0530] {processor.py:830} INFO - Processing file /home/logi/txtai/venv/lib/python3.10/site-packages/airflow/example_dags/example_xcom.py for tasks to queue
[2025-11-13T05:52:45.202+0530] {logging_mixin.py:188} INFO - [2025-11-13T05:52:45.202+0530] {dagbag.py:545} INFO - Filling up the DagBag from /home/logi/txtai/venv/lib/python3.10/site-packages/airflow/example_dags/example_xcom.py
[2025-11-13T05:52:45.210+0530] {processor.py:840} INFO - DAG(s) 'example_xcom' retrieved from /home/logi/txtai/venv/lib/python3.10/site-packages/airflow/example_dags/example_xcom.py
[2025-11-13T05:52:45.226+0530] {logging_mixin.py:188} INFO - [2025-11-13T05:52:45.226+0530] {dag.py:3089} INFO - Sync 1 DAGs
[2025-11-13T05:52:45.246+0530] {logging_mixin.py:188} INFO - [2025-11-13T05:52:45.246+0530] {dag.py:3947} INFO - Setting next_dagrun for example_xcom to 2021-01-01 00:00:00+00:00, run_after=2021-01-01 00:00:00+00:00
[2025-11-13T05:52:45.276+0530] {processor.py:183} INFO - Processing /home/logi/txtai/venv/lib/python3.10/site-packages/airflow/example_dags/example_xcom.py took 0.102 seconds
[2025-11-13T05:54:01.288+0530] {processor.py:161} INFO - Started process (PID=8691) to work on /home/logi/txtai/venv/lib/python3.10/site-packages/airflow/example_dags/example_xcom.py
[2025-11-13T05:54:01.301+0530] {processor.py:830} INFO - Processing file /home/logi/txtai/venv/lib/python3.10/site-packages/airflow/example_dags/example_xcom.py for tasks to queue
[2025-11-13T05:54:01.304+0530] {logging_mixin.py:188} INFO - [2025-11-13T05:54:01.303+0530] {dagbag.py:545} INFO - Filling up the DagBag from /home/logi/txtai/venv/lib/python3.10/site-packages/airflow/example_dags/example_xcom.py
[2025-11-13T05:54:01.319+0530] {processor.py:840} INFO - DAG(s) 'example_xcom' retrieved from /home/logi/txtai/venv/lib/python3.10/site-packages/airflow/example_dags/example_xcom.py
[2025-11-13T05:54:01.339+0530] {logging_mixin.py:188} INFO - [2025-11-13T05:54:01.338+0530] {dag.py:3089} INFO - Sync 1 DAGs
[2025-11-13T05:54:01.355+0530] {logging_mixin.py:188} INFO - [2025-11-13T05:54:01.355+0530] {dag.py:3947} INFO - Setting next_dagrun for example_xcom to 2021-01-01 00:00:00+00:00, run_after=2021-01-01 00:00:00+00:00
[2025-11-13T05:54:01.378+0530] {processor.py:183} INFO - Processing /home/logi/txtai/venv/lib/python3.10/site-packages/airflow/example_dags/example_xcom.py took 0.100 seconds
[2025-11-13T05:55:58.733+0530] {processor.py:161} INFO - Started process (PID=9961) to work on /home/logi/txtai/venv/lib/python3.10/site-packages/airflow/example_dags/example_xcom.py
[2025-11-13T05:55:58.747+0530] {processor.py:830} INFO - Processing file /home/logi/txtai/venv/lib/python3.10/site-packages/airflow/example_dags/example_xcom.py for tasks to queue
[2025-11-13T05:55:58.752+0530] {logging_mixin.py:188} INFO - [2025-11-13T05:55:58.752+0530] {dagbag.py:545} INFO - Filling up the DagBag from /home/logi/txtai/venv/lib/python3.10/site-packages/airflow/example_dags/example_xcom.py
[2025-11-13T05:55:58.774+0530] {processor.py:840} INFO - DAG(s) 'example_xcom' retrieved from /home/logi/txtai/venv/lib/python3.10/site-packages/airflow/example_dags/example_xcom.py
[2025-11-13T05:55:58.821+0530] {logging_mixin.py:188} INFO - [2025-11-13T05:55:58.820+0530] {dag.py:3089} INFO - Sync 1 DAGs
[2025-11-13T05:55:58.858+0530] {logging_mixin.py:188} INFO - [2025-11-13T05:55:58.857+0530] {dag.py:3947} INFO - Setting next_dagrun for example_xcom to 2021-01-01 00:00:00+00:00, run_after=2021-01-01 00:00:00+00:00
[2025-11-13T05:55:58.911+0530] {processor.py:183} INFO - Processing /home/logi/txtai/venv/lib/python3.10/site-packages/airflow/example_dags/example_xcom.py took 0.188 seconds
[2025-11-13T05:58:36.596+0530] {processor.py:161} INFO - Started process (PID=11484) to work on /home/logi/txtai/venv/lib/python3.10/site-packages/airflow/example_dags/example_xcom.py
[2025-11-13T05:58:36.597+0530] {processor.py:830} INFO - Processing file /home/logi/txtai/venv/lib/python3.10/site-packages/airflow/example_dags/example_xcom.py for tasks to queue
[2025-11-13T05:58:36.600+0530] {logging_mixin.py:188} INFO - [2025-11-13T05:58:36.600+0530] {dagbag.py:545} INFO - Filling up the DagBag from /home/logi/txtai/venv/lib/python3.10/site-packages/airflow/example_dags/example_xcom.py
[2025-11-13T05:58:36.612+0530] {processor.py:840} INFO - DAG(s) 'example_xcom' retrieved from /home/logi/txtai/venv/lib/python3.10/site-packages/airflow/example_dags/example_xcom.py
[2025-11-13T05:58:36.635+0530] {logging_mixin.py:188} INFO - [2025-11-13T05:58:36.635+0530] {dag.py:3089} INFO - Sync 1 DAGs
[2025-11-13T05:58:36.648+0530] {logging_mixin.py:188} INFO - [2025-11-13T05:58:36.648+0530] {dag.py:3947} INFO - Setting next_dagrun for example_xcom to 2021-01-01 00:00:00+00:00, run_after=2021-01-01 00:00:00+00:00
[2025-11-13T05:58:36.666+0530] {processor.py:183} INFO - Processing /home/logi/txtai/venv/lib/python3.10/site-packages/airflow/example_dags/example_xcom.py took 0.080 seconds
[2025-11-13T06:00:40.249+0530] {processor.py:161} INFO - Started process (PID=12909) to work on /home/logi/txtai/venv/lib/python3.10/site-packages/airflow/example_dags/example_xcom.py
[2025-11-13T06:00:40.263+0530] {processor.py:830} INFO - Processing file /home/logi/txtai/venv/lib/python3.10/site-packages/airflow/example_dags/example_xcom.py for tasks to queue
[2025-11-13T06:00:40.266+0530] {logging_mixin.py:188} INFO - [2025-11-13T06:00:40.265+0530] {dagbag.py:545} INFO - Filling up the DagBag from /home/logi/txtai/venv/lib/python3.10/site-packages/airflow/example_dags/example_xcom.py
[2025-11-13T06:00:40.279+0530] {processor.py:840} INFO - DAG(s) 'example_xcom' retrieved from /home/logi/txtai/venv/lib/python3.10/site-packages/airflow/example_dags/example_xcom.py
[2025-11-13T06:00:40.306+0530] {logging_mixin.py:188} INFO - [2025-11-13T06:00:40.306+0530] {dag.py:3089} INFO - Sync 1 DAGs
[2025-11-13T06:00:40.325+0530] {logging_mixin.py:188} INFO - [2025-11-13T06:00:40.325+0530] {dag.py:3947} INFO - Setting next_dagrun for example_xcom to 2021-01-01 00:00:00+00:00, run_after=2021-01-01 00:00:00+00:00
[2025-11-13T06:00:40.351+0530] {processor.py:183} INFO - Processing /home/logi/txtai/venv/lib/python3.10/site-packages/airflow/example_dags/example_xcom.py took 0.113 seconds
[2025-11-13T06:02:55.506+0530] {processor.py:161} INFO - Started process (PID=14487) to work on /home/logi/txtai/venv/lib/python3.10/site-packages/airflow/example_dags/example_xcom.py
[2025-11-13T06:02:55.519+0530] {processor.py:830} INFO - Processing file /home/logi/txtai/venv/lib/python3.10/site-packages/airflow/example_dags/example_xcom.py for tasks to queue
[2025-11-13T06:02:55.522+0530] {logging_mixin.py:188} INFO - [2025-11-13T06:02:55.522+0530] {dagbag.py:545} INFO - Filling up the DagBag from /home/logi/txtai/venv/lib/python3.10/site-packages/airflow/example_dags/example_xcom.py
[2025-11-13T06:02:55.532+0530] {processor.py:840} INFO - DAG(s) 'example_xcom' retrieved from /home/logi/txtai/venv/lib/python3.10/site-packages/airflow/example_dags/example_xcom.py
[2025-11-13T06:02:55.562+0530] {logging_mixin.py:188} INFO - [2025-11-13T06:02:55.561+0530] {dag.py:3089} INFO - Sync 1 DAGs
[2025-11-13T06:02:55.587+0530] {logging_mixin.py:188} INFO - [2025-11-13T06:02:55.586+0530] {dag.py:3947} INFO - Setting next_dagrun for example_xcom to 2021-01-01 00:00:00+00:00, run_after=2021-01-01 00:00:00+00:00
[2025-11-13T06:02:55.618+0530] {processor.py:183} INFO - Processing /home/logi/txtai/venv/lib/python3.10/site-packages/airflow/example_dags/example_xcom.py took 0.123 seconds
[2025-11-13T10:40:39.145+0530] {processor.py:161} INFO - Started process (PID=17011) to work on /home/logi/txtai/venv/lib/python3.10/site-packages/airflow/example_dags/example_xcom.py
[2025-11-13T10:40:39.147+0530] {processor.py:830} INFO - Processing file /home/logi/txtai/venv/lib/python3.10/site-packages/airflow/example_dags/example_xcom.py for tasks to queue
[2025-11-13T10:40:39.149+0530] {logging_mixin.py:188} INFO - [2025-11-13T10:40:39.148+0530] {dagbag.py:545} INFO - Filling up the DagBag from /home/logi/txtai/venv/lib/python3.10/site-packages/airflow/example_dags/example_xcom.py
[2025-11-13T10:40:39.162+0530] {processor.py:840} INFO - DAG(s) 'example_xcom' retrieved from /home/logi/txtai/venv/lib/python3.10/site-packages/airflow/example_dags/example_xcom.py
[2025-11-13T10:40:39.288+0530] {logging_mixin.py:188} INFO - [2025-11-13T10:40:39.287+0530] {override.py:1858} INFO - Created Permission View: can edit on DAG:example_xcom
[2025-11-13T10:40:39.299+0530] {logging_mixin.py:188} INFO - [2025-11-13T10:40:39.299+0530] {override.py:1858} INFO - Created Permission View: can read on DAG:example_xcom
[2025-11-13T10:40:39.308+0530] {logging_mixin.py:188} INFO - [2025-11-13T10:40:39.307+0530] {override.py:1858} INFO - Created Permission View: can delete on DAG:example_xcom
[2025-11-13T10:40:39.308+0530] {logging_mixin.py:188} INFO - [2025-11-13T10:40:39.308+0530] {dag.py:3089} INFO - Sync 1 DAGs
[2025-11-13T10:40:39.320+0530] {logging_mixin.py:188} INFO - [2025-11-13T10:40:39.320+0530] {dag.py:3111} INFO - Creating ORM DAG for example_xcom
[2025-11-13T10:40:39.330+0530] {logging_mixin.py:188} INFO - [2025-11-13T10:40:39.330+0530] {dag.py:3947} INFO - Setting next_dagrun for example_xcom to 2021-01-01 00:00:00+00:00, run_after=2021-01-01 00:00:00+00:00
[2025-11-13T10:40:39.354+0530] {processor.py:183} INFO - Processing /home/logi/txtai/venv/lib/python3.10/site-packages/airflow/example_dags/example_xcom.py took 0.218 seconds
[2025-11-13T10:41:10.213+0530] {processor.py:161} INFO - Started process (PID=17401) to work on /home/logi/txtai/venv/lib/python3.10/site-packages/airflow/example_dags/example_xcom.py
[2025-11-13T10:41:10.215+0530] {processor.py:830} INFO - Processing file /home/logi/txtai/venv/lib/python3.10/site-packages/airflow/example_dags/example_xcom.py for tasks to queue
[2025-11-13T10:41:10.218+0530] {logging_mixin.py:188} INFO - [2025-11-13T10:41:10.218+0530] {dagbag.py:545} INFO - Filling up the DagBag from /home/logi/txtai/venv/lib/python3.10/site-packages/airflow/example_dags/example_xcom.py
[2025-11-13T10:41:10.231+0530] {processor.py:840} INFO - DAG(s) 'example_xcom' retrieved from /home/logi/txtai/venv/lib/python3.10/site-packages/airflow/example_dags/example_xcom.py
[2025-11-13T10:41:10.270+0530] {logging_mixin.py:188} INFO - [2025-11-13T10:41:10.269+0530] {dag.py:3089} INFO - Sync 1 DAGs
[2025-11-13T10:41:10.301+0530] {logging_mixin.py:188} INFO - [2025-11-13T10:41:10.300+0530] {dag.py:3947} INFO - Setting next_dagrun for example_xcom to 2021-01-01 00:00:00+00:00, run_after=2021-01-01 00:00:00+00:00
[2025-11-13T10:41:10.332+0530] {processor.py:183} INFO - Processing /home/logi/txtai/venv/lib/python3.10/site-packages/airflow/example_dags/example_xcom.py took 0.124 seconds
[2025-11-13T10:41:42.088+0530] {processor.py:161} INFO - Started process (PID=18074) to work on /home/logi/txtai/venv/lib/python3.10/site-packages/airflow/example_dags/example_xcom.py
[2025-11-13T10:41:42.090+0530] {processor.py:830} INFO - Processing file /home/logi/txtai/venv/lib/python3.10/site-packages/airflow/example_dags/example_xcom.py for tasks to queue
[2025-11-13T10:41:42.092+0530] {logging_mixin.py:188} INFO - [2025-11-13T10:41:42.092+0530] {dagbag.py:545} INFO - Filling up the DagBag from /home/logi/txtai/venv/lib/python3.10/site-packages/airflow/example_dags/example_xcom.py
[2025-11-13T10:41:42.105+0530] {processor.py:840} INFO - DAG(s) 'example_xcom' retrieved from /home/logi/txtai/venv/lib/python3.10/site-packages/airflow/example_dags/example_xcom.py
[2025-11-13T10:41:42.156+0530] {logging_mixin.py:188} INFO - [2025-11-13T10:41:42.156+0530] {dag.py:3089} INFO - Sync 1 DAGs
[2025-11-13T10:41:42.191+0530] {logging_mixin.py:188} INFO - [2025-11-13T10:41:42.190+0530] {dag.py:3947} INFO - Setting next_dagrun for example_xcom to 2021-01-01 00:00:00+00:00, run_after=2021-01-01 00:00:00+00:00
[2025-11-13T10:41:42.218+0530] {processor.py:183} INFO - Processing /home/logi/txtai/venv/lib/python3.10/site-packages/airflow/example_dags/example_xcom.py took 0.141 seconds
[2025-11-13T10:42:13.253+0530] {processor.py:161} INFO - Started process (PID=18663) to work on /home/logi/txtai/venv/lib/python3.10/site-packages/airflow/example_dags/example_xcom.py
[2025-11-13T10:42:13.256+0530] {processor.py:830} INFO - Processing file /home/logi/txtai/venv/lib/python3.10/site-packages/airflow/example_dags/example_xcom.py for tasks to queue
[2025-11-13T10:42:13.260+0530] {logging_mixin.py:188} INFO - [2025-11-13T10:42:13.259+0530] {dagbag.py:545} INFO - Filling up the DagBag from /home/logi/txtai/venv/lib/python3.10/site-packages/airflow/example_dags/example_xcom.py
[2025-11-13T10:42:13.277+0530] {processor.py:840} INFO - DAG(s) 'example_xcom' retrieved from /home/logi/txtai/venv/lib/python3.10/site-packages/airflow/example_dags/example_xcom.py
[2025-11-13T10:42:13.334+0530] {logging_mixin.py:188} INFO - [2025-11-13T10:42:13.333+0530] {dag.py:3089} INFO - Sync 1 DAGs
[2025-11-13T10:42:13.358+0530] {logging_mixin.py:188} INFO - [2025-11-13T10:42:13.357+0530] {dag.py:3947} INFO - Setting next_dagrun for example_xcom to 2021-01-01 00:00:00+00:00, run_after=2021-01-01 00:00:00+00:00
[2025-11-13T10:42:13.377+0530] {processor.py:183} INFO - Processing /home/logi/txtai/venv/lib/python3.10/site-packages/airflow/example_dags/example_xcom.py took 0.140 seconds
[2025-11-13T10:42:44.377+0530] {processor.py:161} INFO - Started process (PID=18951) to work on /home/logi/txtai/venv/lib/python3.10/site-packages/airflow/example_dags/example_xcom.py
[2025-11-13T10:42:44.379+0530] {processor.py:830} INFO - Processing file /home/logi/txtai/venv/lib/python3.10/site-packages/airflow/example_dags/example_xcom.py for tasks to queue
[2025-11-13T10:42:44.382+0530] {logging_mixin.py:188} INFO - [2025-11-13T10:42:44.381+0530] {dagbag.py:545} INFO - Filling up the DagBag from /home/logi/txtai/venv/lib/python3.10/site-packages/airflow/example_dags/example_xcom.py
[2025-11-13T10:42:44.397+0530] {processor.py:840} INFO - DAG(s) 'example_xcom' retrieved from /home/logi/txtai/venv/lib/python3.10/site-packages/airflow/example_dags/example_xcom.py
[2025-11-13T10:42:44.457+0530] {logging_mixin.py:188} INFO - [2025-11-13T10:42:44.456+0530] {dag.py:3089} INFO - Sync 1 DAGs
[2025-11-13T10:42:44.501+0530] {logging_mixin.py:188} INFO - [2025-11-13T10:42:44.501+0530] {dag.py:3947} INFO - Setting next_dagrun for example_xcom to 2021-01-01 00:00:00+00:00, run_after=2021-01-01 00:00:00+00:00
[2025-11-13T10:42:44.541+0530] {processor.py:183} INFO - Processing /home/logi/txtai/venv/lib/python3.10/site-packages/airflow/example_dags/example_xcom.py took 0.176 seconds
[2025-11-13T10:43:15.485+0530] {processor.py:161} INFO - Started process (PID=19093) to work on /home/logi/txtai/venv/lib/python3.10/site-packages/airflow/example_dags/example_xcom.py
[2025-11-13T10:43:15.487+0530] {processor.py:830} INFO - Processing file /home/logi/txtai/venv/lib/python3.10/site-packages/airflow/example_dags/example_xcom.py for tasks to queue
[2025-11-13T10:43:15.490+0530] {logging_mixin.py:188} INFO - [2025-11-13T10:43:15.490+0530] {dagbag.py:545} INFO - Filling up the DagBag from /home/logi/txtai/venv/lib/python3.10/site-packages/airflow/example_dags/example_xcom.py
[2025-11-13T10:43:15.503+0530] {processor.py:840} INFO - DAG(s) 'example_xcom' retrieved from /home/logi/txtai/venv/lib/python3.10/site-packages/airflow/example_dags/example_xcom.py
[2025-11-13T10:43:15.541+0530] {logging_mixin.py:188} INFO - [2025-11-13T10:43:15.540+0530] {dag.py:3089} INFO - Sync 1 DAGs
[2025-11-13T10:43:15.575+0530] {logging_mixin.py:188} INFO - [2025-11-13T10:43:15.575+0530] {dag.py:3947} INFO - Setting next_dagrun for example_xcom to 2021-01-01 00:00:00+00:00, run_after=2021-01-01 00:00:00+00:00
[2025-11-13T10:43:15.610+0530] {processor.py:183} INFO - Processing /home/logi/txtai/venv/lib/python3.10/site-packages/airflow/example_dags/example_xcom.py took 0.137 seconds
[2025-11-13T10:43:46.750+0530] {processor.py:161} INFO - Started process (PID=19234) to work on /home/logi/txtai/venv/lib/python3.10/site-packages/airflow/example_dags/example_xcom.py
[2025-11-13T10:43:46.753+0530] {processor.py:830} INFO - Processing file /home/logi/txtai/venv/lib/python3.10/site-packages/airflow/example_dags/example_xcom.py for tasks to queue
[2025-11-13T10:43:46.755+0530] {logging_mixin.py:188} INFO - [2025-11-13T10:43:46.755+0530] {dagbag.py:545} INFO - Filling up the DagBag from /home/logi/txtai/venv/lib/python3.10/site-packages/airflow/example_dags/example_xcom.py
[2025-11-13T10:43:46.768+0530] {processor.py:840} INFO - DAG(s) 'example_xcom' retrieved from /home/logi/txtai/venv/lib/python3.10/site-packages/airflow/example_dags/example_xcom.py
[2025-11-13T10:43:46.822+0530] {logging_mixin.py:188} INFO - [2025-11-13T10:43:46.821+0530] {dag.py:3089} INFO - Sync 1 DAGs
[2025-11-13T10:43:46.867+0530] {logging_mixin.py:188} INFO - [2025-11-13T10:43:46.867+0530] {dag.py:3947} INFO - Setting next_dagrun for example_xcom to 2021-01-01 00:00:00+00:00, run_after=2021-01-01 00:00:00+00:00
[2025-11-13T10:43:46.896+0530] {processor.py:183} INFO - Processing /home/logi/txtai/venv/lib/python3.10/site-packages/airflow/example_dags/example_xcom.py took 0.157 seconds
[2025-11-13T10:44:17.998+0530] {processor.py:161} INFO - Started process (PID=19377) to work on /home/logi/txtai/venv/lib/python3.10/site-packages/airflow/example_dags/example_xcom.py
[2025-11-13T10:44:18.000+0530] {processor.py:830} INFO - Processing file /home/logi/txtai/venv/lib/python3.10/site-packages/airflow/example_dags/example_xcom.py for tasks to queue
[2025-11-13T10:44:18.002+0530] {logging_mixin.py:188} INFO - [2025-11-13T10:44:18.002+0530] {dagbag.py:545} INFO - Filling up the DagBag from /home/logi/txtai/venv/lib/python3.10/site-packages/airflow/example_dags/example_xcom.py
[2025-11-13T10:44:18.010+0530] {processor.py:840} INFO - DAG(s) 'example_xcom' retrieved from /home/logi/txtai/venv/lib/python3.10/site-packages/airflow/example_dags/example_xcom.py
[2025-11-13T10:44:18.044+0530] {logging_mixin.py:188} INFO - [2025-11-13T10:44:18.044+0530] {dag.py:3089} INFO - Sync 1 DAGs
[2025-11-13T10:44:18.067+0530] {logging_mixin.py:188} INFO - [2025-11-13T10:44:18.066+0530] {dag.py:3947} INFO - Setting next_dagrun for example_xcom to 2021-01-01 00:00:00+00:00, run_after=2021-01-01 00:00:00+00:00
[2025-11-13T10:44:18.089+0530] {processor.py:183} INFO - Processing /home/logi/txtai/venv/lib/python3.10/site-packages/airflow/example_dags/example_xcom.py took 0.098 seconds
[2025-11-13T10:44:50.035+0530] {processor.py:161} INFO - Started process (PID=19519) to work on /home/logi/txtai/venv/lib/python3.10/site-packages/airflow/example_dags/example_xcom.py
[2025-11-13T10:44:50.037+0530] {processor.py:830} INFO - Processing file /home/logi/txtai/venv/lib/python3.10/site-packages/airflow/example_dags/example_xcom.py for tasks to queue
[2025-11-13T10:44:50.040+0530] {logging_mixin.py:188} INFO - [2025-11-13T10:44:50.040+0530] {dagbag.py:545} INFO - Filling up the DagBag from /home/logi/txtai/venv/lib/python3.10/site-packages/airflow/example_dags/example_xcom.py
[2025-11-13T10:44:50.053+0530] {processor.py:840} INFO - DAG(s) 'example_xcom' retrieved from /home/logi/txtai/venv/lib/python3.10/site-packages/airflow/example_dags/example_xcom.py
[2025-11-13T10:44:50.114+0530] {logging_mixin.py:188} INFO - [2025-11-13T10:44:50.114+0530] {dag.py:3089} INFO - Sync 1 DAGs
[2025-11-13T10:44:50.154+0530] {logging_mixin.py:188} INFO - [2025-11-13T10:44:50.154+0530] {dag.py:3947} INFO - Setting next_dagrun for example_xcom to 2021-01-01 00:00:00+00:00, run_after=2021-01-01 00:00:00+00:00
[2025-11-13T10:44:50.192+0530] {processor.py:183} INFO - Processing /home/logi/txtai/venv/lib/python3.10/site-packages/airflow/example_dags/example_xcom.py took 0.170 seconds
[2025-11-13T10:45:20.801+0530] {processor.py:161} INFO - Started process (PID=19664) to work on /home/logi/txtai/venv/lib/python3.10/site-packages/airflow/example_dags/example_xcom.py
[2025-11-13T10:45:20.802+0530] {processor.py:830} INFO - Processing file /home/logi/txtai/venv/lib/python3.10/site-packages/airflow/example_dags/example_xcom.py for tasks to queue
[2025-11-13T10:45:20.804+0530] {logging_mixin.py:188} INFO - [2025-11-13T10:45:20.804+0530] {dagbag.py:545} INFO - Filling up the DagBag from /home/logi/txtai/venv/lib/python3.10/site-packages/airflow/example_dags/example_xcom.py
[2025-11-13T10:45:20.812+0530] {processor.py:840} INFO - DAG(s) 'example_xcom' retrieved from /home/logi/txtai/venv/lib/python3.10/site-packages/airflow/example_dags/example_xcom.py
[2025-11-13T10:45:20.864+0530] {logging_mixin.py:188} INFO - [2025-11-13T10:45:20.863+0530] {dag.py:3089} INFO - Sync 1 DAGs
[2025-11-13T10:45:20.903+0530] {logging_mixin.py:188} INFO - [2025-11-13T10:45:20.902+0530] {dag.py:3947} INFO - Setting next_dagrun for example_xcom to 2021-01-01 00:00:00+00:00, run_after=2021-01-01 00:00:00+00:00
[2025-11-13T10:45:20.940+0530] {processor.py:183} INFO - Processing /home/logi/txtai/venv/lib/python3.10/site-packages/airflow/example_dags/example_xcom.py took 0.147 seconds
[2025-11-13T10:45:51.100+0530] {processor.py:161} INFO - Started process (PID=19822) to work on /home/logi/txtai/venv/lib/python3.10/site-packages/airflow/example_dags/example_xcom.py
[2025-11-13T10:45:51.108+0530] {processor.py:830} INFO - Processing file /home/logi/txtai/venv/lib/python3.10/site-packages/airflow/example_dags/example_xcom.py for tasks to queue
[2025-11-13T10:45:51.111+0530] {logging_mixin.py:188} INFO - [2025-11-13T10:45:51.111+0530] {dagbag.py:545} INFO - Filling up the DagBag from /home/logi/txtai/venv/lib/python3.10/site-packages/airflow/example_dags/example_xcom.py
[2025-11-13T10:45:51.124+0530] {processor.py:840} INFO - DAG(s) 'example_xcom' retrieved from /home/logi/txtai/venv/lib/python3.10/site-packages/airflow/example_dags/example_xcom.py
[2025-11-13T10:45:51.171+0530] {logging_mixin.py:188} INFO - [2025-11-13T10:45:51.170+0530] {dag.py:3089} INFO - Sync 1 DAGs
[2025-11-13T10:45:51.195+0530] {logging_mixin.py:188} INFO - [2025-11-13T10:45:51.194+0530] {dag.py:3947} INFO - Setting next_dagrun for example_xcom to 2021-01-01 00:00:00+00:00, run_after=2021-01-01 00:00:00+00:00
[2025-11-13T10:45:51.227+0530] {processor.py:183} INFO - Processing /home/logi/txtai/venv/lib/python3.10/site-packages/airflow/example_dags/example_xcom.py took 0.139 seconds
[2025-11-13T10:46:22.827+0530] {processor.py:161} INFO - Started process (PID=19978) to work on /home/logi/txtai/venv/lib/python3.10/site-packages/airflow/example_dags/example_xcom.py
[2025-11-13T10:46:22.829+0530] {processor.py:830} INFO - Processing file /home/logi/txtai/venv/lib/python3.10/site-packages/airflow/example_dags/example_xcom.py for tasks to queue
[2025-11-13T10:46:22.832+0530] {logging_mixin.py:188} INFO - [2025-11-13T10:46:22.831+0530] {dagbag.py:545} INFO - Filling up the DagBag from /home/logi/txtai/venv/lib/python3.10/site-packages/airflow/example_dags/example_xcom.py
[2025-11-13T10:46:22.844+0530] {processor.py:840} INFO - DAG(s) 'example_xcom' retrieved from /home/logi/txtai/venv/lib/python3.10/site-packages/airflow/example_dags/example_xcom.py
[2025-11-13T10:46:22.906+0530] {logging_mixin.py:188} INFO - [2025-11-13T10:46:22.906+0530] {dag.py:3089} INFO - Sync 1 DAGs
[2025-11-13T10:46:22.946+0530] {logging_mixin.py:188} INFO - [2025-11-13T10:46:22.946+0530] {dag.py:3947} INFO - Setting next_dagrun for example_xcom to 2021-01-01 00:00:00+00:00, run_after=2021-01-01 00:00:00+00:00
[2025-11-13T10:46:22.996+0530] {processor.py:183} INFO - Processing /home/logi/txtai/venv/lib/python3.10/site-packages/airflow/example_dags/example_xcom.py took 0.181 seconds
[2025-11-13T10:46:53.749+0530] {processor.py:161} INFO - Started process (PID=20119) to work on /home/logi/txtai/venv/lib/python3.10/site-packages/airflow/example_dags/example_xcom.py
[2025-11-13T10:46:53.750+0530] {processor.py:830} INFO - Processing file /home/logi/txtai/venv/lib/python3.10/site-packages/airflow/example_dags/example_xcom.py for tasks to queue
[2025-11-13T10:46:53.752+0530] {logging_mixin.py:188} INFO - [2025-11-13T10:46:53.752+0530] {dagbag.py:545} INFO - Filling up the DagBag from /home/logi/txtai/venv/lib/python3.10/site-packages/airflow/example_dags/example_xcom.py
[2025-11-13T10:46:53.759+0530] {processor.py:840} INFO - DAG(s) 'example_xcom' retrieved from /home/logi/txtai/venv/lib/python3.10/site-packages/airflow/example_dags/example_xcom.py
[2025-11-13T10:46:53.807+0530] {logging_mixin.py:188} INFO - [2025-11-13T10:46:53.806+0530] {dag.py:3089} INFO - Sync 1 DAGs
[2025-11-13T10:46:53.842+0530] {logging_mixin.py:188} INFO - [2025-11-13T10:46:53.842+0530] {dag.py:3947} INFO - Setting next_dagrun for example_xcom to 2021-01-01 00:00:00+00:00, run_after=2021-01-01 00:00:00+00:00
[2025-11-13T10:46:53.878+0530] {processor.py:183} INFO - Processing /home/logi/txtai/venv/lib/python3.10/site-packages/airflow/example_dags/example_xcom.py took 0.137 seconds
[2025-11-13T10:47:24.799+0530] {processor.py:161} INFO - Started process (PID=20263) to work on /home/logi/txtai/venv/lib/python3.10/site-packages/airflow/example_dags/example_xcom.py
[2025-11-13T10:47:24.800+0530] {processor.py:830} INFO - Processing file /home/logi/txtai/venv/lib/python3.10/site-packages/airflow/example_dags/example_xcom.py for tasks to queue
[2025-11-13T10:47:24.802+0530] {logging_mixin.py:188} INFO - [2025-11-13T10:47:24.802+0530] {dagbag.py:545} INFO - Filling up the DagBag from /home/logi/txtai/venv/lib/python3.10/site-packages/airflow/example_dags/example_xcom.py
[2025-11-13T10:47:24.810+0530] {processor.py:840} INFO - DAG(s) 'example_xcom' retrieved from /home/logi/txtai/venv/lib/python3.10/site-packages/airflow/example_dags/example_xcom.py
[2025-11-13T10:47:24.844+0530] {logging_mixin.py:188} INFO - [2025-11-13T10:47:24.843+0530] {dag.py:3089} INFO - Sync 1 DAGs
[2025-11-13T10:47:24.867+0530] {logging_mixin.py:188} INFO - [2025-11-13T10:47:24.867+0530] {dag.py:3947} INFO - Setting next_dagrun for example_xcom to 2021-01-01 00:00:00+00:00, run_after=2021-01-01 00:00:00+00:00
[2025-11-13T10:47:24.891+0530] {processor.py:183} INFO - Processing /home/logi/txtai/venv/lib/python3.10/site-packages/airflow/example_dags/example_xcom.py took 0.100 seconds
[2025-11-13T10:47:56.312+0530] {processor.py:161} INFO - Started process (PID=20406) to work on /home/logi/txtai/venv/lib/python3.10/site-packages/airflow/example_dags/example_xcom.py
[2025-11-13T10:47:56.314+0530] {processor.py:830} INFO - Processing file /home/logi/txtai/venv/lib/python3.10/site-packages/airflow/example_dags/example_xcom.py for tasks to queue
[2025-11-13T10:47:56.316+0530] {logging_mixin.py:188} INFO - [2025-11-13T10:47:56.316+0530] {dagbag.py:545} INFO - Filling up the DagBag from /home/logi/txtai/venv/lib/python3.10/site-packages/airflow/example_dags/example_xcom.py
[2025-11-13T10:47:56.330+0530] {processor.py:840} INFO - DAG(s) 'example_xcom' retrieved from /home/logi/txtai/venv/lib/python3.10/site-packages/airflow/example_dags/example_xcom.py
[2025-11-13T10:47:56.388+0530] {logging_mixin.py:188} INFO - [2025-11-13T10:47:56.388+0530] {dag.py:3089} INFO - Sync 1 DAGs
[2025-11-13T10:47:56.427+0530] {logging_mixin.py:188} INFO - [2025-11-13T10:47:56.426+0530] {dag.py:3947} INFO - Setting next_dagrun for example_xcom to 2021-01-01 00:00:00+00:00, run_after=2021-01-01 00:00:00+00:00
[2025-11-13T10:47:56.470+0530] {processor.py:183} INFO - Processing /home/logi/txtai/venv/lib/python3.10/site-packages/airflow/example_dags/example_xcom.py took 0.170 seconds
[2025-11-13T10:48:27.485+0530] {processor.py:161} INFO - Started process (PID=20547) to work on /home/logi/txtai/venv/lib/python3.10/site-packages/airflow/example_dags/example_xcom.py
[2025-11-13T10:48:27.488+0530] {processor.py:830} INFO - Processing file /home/logi/txtai/venv/lib/python3.10/site-packages/airflow/example_dags/example_xcom.py for tasks to queue
[2025-11-13T10:48:27.490+0530] {logging_mixin.py:188} INFO - [2025-11-13T10:48:27.490+0530] {dagbag.py:545} INFO - Filling up the DagBag from /home/logi/txtai/venv/lib/python3.10/site-packages/airflow/example_dags/example_xcom.py
[2025-11-13T10:48:27.505+0530] {processor.py:840} INFO - DAG(s) 'example_xcom' retrieved from /home/logi/txtai/venv/lib/python3.10/site-packages/airflow/example_dags/example_xcom.py
[2025-11-13T10:48:27.562+0530] {logging_mixin.py:188} INFO - [2025-11-13T10:48:27.562+0530] {dag.py:3089} INFO - Sync 1 DAGs
[2025-11-13T10:48:27.607+0530] {logging_mixin.py:188} INFO - [2025-11-13T10:48:27.606+0530] {dag.py:3947} INFO - Setting next_dagrun for example_xcom to 2021-01-01 00:00:00+00:00, run_after=2021-01-01 00:00:00+00:00
[2025-11-13T10:48:27.649+0530] {processor.py:183} INFO - Processing /home/logi/txtai/venv/lib/python3.10/site-packages/airflow/example_dags/example_xcom.py took 0.179 seconds
[2025-11-13T10:48:58.326+0530] {processor.py:161} INFO - Started process (PID=20691) to work on /home/logi/txtai/venv/lib/python3.10/site-packages/airflow/example_dags/example_xcom.py
[2025-11-13T10:48:58.328+0530] {processor.py:830} INFO - Processing file /home/logi/txtai/venv/lib/python3.10/site-packages/airflow/example_dags/example_xcom.py for tasks to queue
[2025-11-13T10:48:58.331+0530] {logging_mixin.py:188} INFO - [2025-11-13T10:48:58.330+0530] {dagbag.py:545} INFO - Filling up the DagBag from /home/logi/txtai/venv/lib/python3.10/site-packages/airflow/example_dags/example_xcom.py
[2025-11-13T10:48:58.342+0530] {processor.py:840} INFO - DAG(s) 'example_xcom' retrieved from /home/logi/txtai/venv/lib/python3.10/site-packages/airflow/example_dags/example_xcom.py
[2025-11-13T10:48:58.391+0530] {logging_mixin.py:188} INFO - [2025-11-13T10:48:58.390+0530] {dag.py:3089} INFO - Sync 1 DAGs
[2025-11-13T10:48:58.425+0530] {logging_mixin.py:188} INFO - [2025-11-13T10:48:58.425+0530] {dag.py:3947} INFO - Setting next_dagrun for example_xcom to 2021-01-01 00:00:00+00:00, run_after=2021-01-01 00:00:00+00:00
[2025-11-13T10:48:58.459+0530] {processor.py:183} INFO - Processing /home/logi/txtai/venv/lib/python3.10/site-packages/airflow/example_dags/example_xcom.py took 0.139 seconds
[2025-11-13T10:49:29.250+0530] {processor.py:161} INFO - Started process (PID=20836) to work on /home/logi/txtai/venv/lib/python3.10/site-packages/airflow/example_dags/example_xcom.py
[2025-11-13T10:49:29.253+0530] {processor.py:830} INFO - Processing file /home/logi/txtai/venv/lib/python3.10/site-packages/airflow/example_dags/example_xcom.py for tasks to queue
[2025-11-13T10:49:29.256+0530] {logging_mixin.py:188} INFO - [2025-11-13T10:49:29.255+0530] {dagbag.py:545} INFO - Filling up the DagBag from /home/logi/txtai/venv/lib/python3.10/site-packages/airflow/example_dags/example_xcom.py
[2025-11-13T10:49:29.269+0530] {processor.py:840} INFO - DAG(s) 'example_xcom' retrieved from /home/logi/txtai/venv/lib/python3.10/site-packages/airflow/example_dags/example_xcom.py
[2025-11-13T10:49:29.331+0530] {logging_mixin.py:188} INFO - [2025-11-13T10:49:29.331+0530] {dag.py:3089} INFO - Sync 1 DAGs
[2025-11-13T10:49:29.373+0530] {logging_mixin.py:188} INFO - [2025-11-13T10:49:29.373+0530] {dag.py:3947} INFO - Setting next_dagrun for example_xcom to 2021-01-01 00:00:00+00:00, run_after=2021-01-01 00:00:00+00:00
[2025-11-13T10:49:29.412+0530] {processor.py:183} INFO - Processing /home/logi/txtai/venv/lib/python3.10/site-packages/airflow/example_dags/example_xcom.py took 0.173 seconds
[2025-11-13T10:50:00.447+0530] {processor.py:161} INFO - Started process (PID=20978) to work on /home/logi/txtai/venv/lib/python3.10/site-packages/airflow/example_dags/example_xcom.py
[2025-11-13T10:50:00.449+0530] {processor.py:830} INFO - Processing file /home/logi/txtai/venv/lib/python3.10/site-packages/airflow/example_dags/example_xcom.py for tasks to queue
[2025-11-13T10:50:00.452+0530] {logging_mixin.py:188} INFO - [2025-11-13T10:50:00.452+0530] {dagbag.py:545} INFO - Filling up the DagBag from /home/logi/txtai/venv/lib/python3.10/site-packages/airflow/example_dags/example_xcom.py
[2025-11-13T10:50:00.465+0530] {processor.py:840} INFO - DAG(s) 'example_xcom' retrieved from /home/logi/txtai/venv/lib/python3.10/site-packages/airflow/example_dags/example_xcom.py
[2025-11-13T10:50:00.507+0530] {logging_mixin.py:188} INFO - [2025-11-13T10:50:00.506+0530] {dag.py:3089} INFO - Sync 1 DAGs
[2025-11-13T10:50:00.537+0530] {logging_mixin.py:188} INFO - [2025-11-13T10:50:00.536+0530] {dag.py:3947} INFO - Setting next_dagrun for example_xcom to 2021-01-01 00:00:00+00:00, run_after=2021-01-01 00:00:00+00:00
[2025-11-13T10:50:00.567+0530] {processor.py:183} INFO - Processing /home/logi/txtai/venv/lib/python3.10/site-packages/airflow/example_dags/example_xcom.py took 0.132 seconds
[2025-11-13T10:50:31.432+0530] {processor.py:161} INFO - Started process (PID=21120) to work on /home/logi/txtai/venv/lib/python3.10/site-packages/airflow/example_dags/example_xcom.py
[2025-11-13T10:50:31.434+0530] {processor.py:830} INFO - Processing file /home/logi/txtai/venv/lib/python3.10/site-packages/airflow/example_dags/example_xcom.py for tasks to queue
[2025-11-13T10:50:31.437+0530] {logging_mixin.py:188} INFO - [2025-11-13T10:50:31.436+0530] {dagbag.py:545} INFO - Filling up the DagBag from /home/logi/txtai/venv/lib/python3.10/site-packages/airflow/example_dags/example_xcom.py
[2025-11-13T10:50:31.449+0530] {processor.py:840} INFO - DAG(s) 'example_xcom' retrieved from /home/logi/txtai/venv/lib/python3.10/site-packages/airflow/example_dags/example_xcom.py
[2025-11-13T10:50:31.507+0530] {logging_mixin.py:188} INFO - [2025-11-13T10:50:31.506+0530] {dag.py:3089} INFO - Sync 1 DAGs
[2025-11-13T10:50:31.545+0530] {logging_mixin.py:188} INFO - [2025-11-13T10:50:31.544+0530] {dag.py:3947} INFO - Setting next_dagrun for example_xcom to 2021-01-01 00:00:00+00:00, run_after=2021-01-01 00:00:00+00:00
[2025-11-13T10:50:31.575+0530] {processor.py:183} INFO - Processing /home/logi/txtai/venv/lib/python3.10/site-packages/airflow/example_dags/example_xcom.py took 0.156 seconds
[2025-11-13T10:51:02.816+0530] {processor.py:161} INFO - Started process (PID=21302) to work on /home/logi/txtai/venv/lib/python3.10/site-packages/airflow/example_dags/example_xcom.py
[2025-11-13T10:51:02.818+0530] {processor.py:830} INFO - Processing file /home/logi/txtai/venv/lib/python3.10/site-packages/airflow/example_dags/example_xcom.py for tasks to queue
[2025-11-13T10:51:02.821+0530] {logging_mixin.py:188} INFO - [2025-11-13T10:51:02.821+0530] {dagbag.py:545} INFO - Filling up the DagBag from /home/logi/txtai/venv/lib/python3.10/site-packages/airflow/example_dags/example_xcom.py
[2025-11-13T10:51:02.835+0530] {processor.py:840} INFO - DAG(s) 'example_xcom' retrieved from /home/logi/txtai/venv/lib/python3.10/site-packages/airflow/example_dags/example_xcom.py
[2025-11-13T10:51:02.892+0530] {logging_mixin.py:188} INFO - [2025-11-13T10:51:02.891+0530] {dag.py:3089} INFO - Sync 1 DAGs
[2025-11-13T10:51:02.924+0530] {logging_mixin.py:188} INFO - [2025-11-13T10:51:02.923+0530] {dag.py:3947} INFO - Setting next_dagrun for example_xcom to 2021-01-01 00:00:00+00:00, run_after=2021-01-01 00:00:00+00:00
[2025-11-13T10:51:02.952+0530] {processor.py:183} INFO - Processing /home/logi/txtai/venv/lib/python3.10/site-packages/airflow/example_dags/example_xcom.py took 0.148 seconds
[2025-11-13T10:51:34.014+0530] {processor.py:161} INFO - Started process (PID=21444) to work on /home/logi/txtai/venv/lib/python3.10/site-packages/airflow/example_dags/example_xcom.py
[2025-11-13T10:51:34.016+0530] {processor.py:830} INFO - Processing file /home/logi/txtai/venv/lib/python3.10/site-packages/airflow/example_dags/example_xcom.py for tasks to queue
[2025-11-13T10:51:34.019+0530] {logging_mixin.py:188} INFO - [2025-11-13T10:51:34.019+0530] {dagbag.py:545} INFO - Filling up the DagBag from /home/logi/txtai/venv/lib/python3.10/site-packages/airflow/example_dags/example_xcom.py
[2025-11-13T10:51:34.032+0530] {processor.py:840} INFO - DAG(s) 'example_xcom' retrieved from /home/logi/txtai/venv/lib/python3.10/site-packages/airflow/example_dags/example_xcom.py
[2025-11-13T10:51:34.093+0530] {logging_mixin.py:188} INFO - [2025-11-13T10:51:34.092+0530] {dag.py:3089} INFO - Sync 1 DAGs
[2025-11-13T10:51:34.125+0530] {logging_mixin.py:188} INFO - [2025-11-13T10:51:34.124+0530] {dag.py:3947} INFO - Setting next_dagrun for example_xcom to 2021-01-01 00:00:00+00:00, run_after=2021-01-01 00:00:00+00:00
[2025-11-13T10:51:34.166+0530] {processor.py:183} INFO - Processing /home/logi/txtai/venv/lib/python3.10/site-packages/airflow/example_dags/example_xcom.py took 0.165 seconds
[2025-11-13T10:52:05.240+0530] {processor.py:161} INFO - Started process (PID=21586) to work on /home/logi/txtai/venv/lib/python3.10/site-packages/airflow/example_dags/example_xcom.py
[2025-11-13T10:52:05.242+0530] {processor.py:830} INFO - Processing file /home/logi/txtai/venv/lib/python3.10/site-packages/airflow/example_dags/example_xcom.py for tasks to queue
[2025-11-13T10:52:05.245+0530] {logging_mixin.py:188} INFO - [2025-11-13T10:52:05.244+0530] {dagbag.py:545} INFO - Filling up the DagBag from /home/logi/txtai/venv/lib/python3.10/site-packages/airflow/example_dags/example_xcom.py
[2025-11-13T10:52:05.259+0530] {processor.py:840} INFO - DAG(s) 'example_xcom' retrieved from /home/logi/txtai/venv/lib/python3.10/site-packages/airflow/example_dags/example_xcom.py
[2025-11-13T10:52:05.324+0530] {logging_mixin.py:188} INFO - [2025-11-13T10:52:05.324+0530] {dag.py:3089} INFO - Sync 1 DAGs
[2025-11-13T10:52:05.366+0530] {logging_mixin.py:188} INFO - [2025-11-13T10:52:05.366+0530] {dag.py:3947} INFO - Setting next_dagrun for example_xcom to 2021-01-01 00:00:00+00:00, run_after=2021-01-01 00:00:00+00:00
[2025-11-13T10:52:05.405+0530] {processor.py:183} INFO - Processing /home/logi/txtai/venv/lib/python3.10/site-packages/airflow/example_dags/example_xcom.py took 0.178 seconds
[2025-11-13T10:52:36.089+0530] {processor.py:161} INFO - Started process (PID=21777) to work on /home/logi/txtai/venv/lib/python3.10/site-packages/airflow/example_dags/example_xcom.py
[2025-11-13T10:52:36.091+0530] {processor.py:830} INFO - Processing file /home/logi/txtai/venv/lib/python3.10/site-packages/airflow/example_dags/example_xcom.py for tasks to queue
[2025-11-13T10:52:36.094+0530] {logging_mixin.py:188} INFO - [2025-11-13T10:52:36.094+0530] {dagbag.py:545} INFO - Filling up the DagBag from /home/logi/txtai/venv/lib/python3.10/site-packages/airflow/example_dags/example_xcom.py
[2025-11-13T10:52:36.106+0530] {processor.py:840} INFO - DAG(s) 'example_xcom' retrieved from /home/logi/txtai/venv/lib/python3.10/site-packages/airflow/example_dags/example_xcom.py
[2025-11-13T10:52:36.168+0530] {logging_mixin.py:188} INFO - [2025-11-13T10:52:36.167+0530] {dag.py:3089} INFO - Sync 1 DAGs
[2025-11-13T10:52:36.204+0530] {logging_mixin.py:188} INFO - [2025-11-13T10:52:36.204+0530] {dag.py:3947} INFO - Setting next_dagrun for example_xcom to 2021-01-01 00:00:00+00:00, run_after=2021-01-01 00:00:00+00:00
[2025-11-13T10:52:36.231+0530] {processor.py:183} INFO - Processing /home/logi/txtai/venv/lib/python3.10/site-packages/airflow/example_dags/example_xcom.py took 0.153 seconds
[2025-11-13T10:53:07.307+0530] {processor.py:161} INFO - Started process (PID=21996) to work on /home/logi/txtai/venv/lib/python3.10/site-packages/airflow/example_dags/example_xcom.py
[2025-11-13T10:53:07.309+0530] {processor.py:830} INFO - Processing file /home/logi/txtai/venv/lib/python3.10/site-packages/airflow/example_dags/example_xcom.py for tasks to queue
[2025-11-13T10:53:07.312+0530] {logging_mixin.py:188} INFO - [2025-11-13T10:53:07.311+0530] {dagbag.py:545} INFO - Filling up the DagBag from /home/logi/txtai/venv/lib/python3.10/site-packages/airflow/example_dags/example_xcom.py
[2025-11-13T10:53:07.325+0530] {processor.py:840} INFO - DAG(s) 'example_xcom' retrieved from /home/logi/txtai/venv/lib/python3.10/site-packages/airflow/example_dags/example_xcom.py
[2025-11-13T10:53:07.370+0530] {logging_mixin.py:188} INFO - [2025-11-13T10:53:07.370+0530] {dag.py:3089} INFO - Sync 1 DAGs
[2025-11-13T10:53:07.397+0530] {logging_mixin.py:188} INFO - [2025-11-13T10:53:07.397+0530] {dag.py:3947} INFO - Setting next_dagrun for example_xcom to 2021-01-01 00:00:00+00:00, run_after=2021-01-01 00:00:00+00:00
[2025-11-13T10:53:07.432+0530] {processor.py:183} INFO - Processing /home/logi/txtai/venv/lib/python3.10/site-packages/airflow/example_dags/example_xcom.py took 0.136 seconds
[2025-11-13T10:53:38.527+0530] {processor.py:161} INFO - Started process (PID=22228) to work on /home/logi/txtai/venv/lib/python3.10/site-packages/airflow/example_dags/example_xcom.py
[2025-11-13T10:53:38.529+0530] {processor.py:830} INFO - Processing file /home/logi/txtai/venv/lib/python3.10/site-packages/airflow/example_dags/example_xcom.py for tasks to queue
[2025-11-13T10:53:38.531+0530] {logging_mixin.py:188} INFO - [2025-11-13T10:53:38.530+0530] {dagbag.py:545} INFO - Filling up the DagBag from /home/logi/txtai/venv/lib/python3.10/site-packages/airflow/example_dags/example_xcom.py
[2025-11-13T10:53:38.538+0530] {processor.py:840} INFO - DAG(s) 'example_xcom' retrieved from /home/logi/txtai/venv/lib/python3.10/site-packages/airflow/example_dags/example_xcom.py
[2025-11-13T10:53:38.572+0530] {logging_mixin.py:188} INFO - [2025-11-13T10:53:38.572+0530] {dag.py:3089} INFO - Sync 1 DAGs
[2025-11-13T10:53:38.596+0530] {logging_mixin.py:188} INFO - [2025-11-13T10:53:38.596+0530] {dag.py:3947} INFO - Setting next_dagrun for example_xcom to 2021-01-01 00:00:00+00:00, run_after=2021-01-01 00:00:00+00:00
[2025-11-13T10:53:38.620+0530] {processor.py:183} INFO - Processing /home/logi/txtai/venv/lib/python3.10/site-packages/airflow/example_dags/example_xcom.py took 0.100 seconds
[2025-11-13T10:54:09.410+0530] {processor.py:161} INFO - Started process (PID=22359) to work on /home/logi/txtai/venv/lib/python3.10/site-packages/airflow/example_dags/example_xcom.py
[2025-11-13T10:54:09.412+0530] {processor.py:830} INFO - Processing file /home/logi/txtai/venv/lib/python3.10/site-packages/airflow/example_dags/example_xcom.py for tasks to queue
[2025-11-13T10:54:09.414+0530] {logging_mixin.py:188} INFO - [2025-11-13T10:54:09.413+0530] {dagbag.py:545} INFO - Filling up the DagBag from /home/logi/txtai/venv/lib/python3.10/site-packages/airflow/example_dags/example_xcom.py
[2025-11-13T10:54:09.422+0530] {processor.py:840} INFO - DAG(s) 'example_xcom' retrieved from /home/logi/txtai/venv/lib/python3.10/site-packages/airflow/example_dags/example_xcom.py
[2025-11-13T10:54:09.470+0530] {logging_mixin.py:188} INFO - [2025-11-13T10:54:09.470+0530] {dag.py:3089} INFO - Sync 1 DAGs
[2025-11-13T10:54:09.507+0530] {logging_mixin.py:188} INFO - [2025-11-13T10:54:09.506+0530] {dag.py:3947} INFO - Setting next_dagrun for example_xcom to 2021-01-01 00:00:00+00:00, run_after=2021-01-01 00:00:00+00:00
[2025-11-13T10:54:09.529+0530] {processor.py:183} INFO - Processing /home/logi/txtai/venv/lib/python3.10/site-packages/airflow/example_dags/example_xcom.py took 0.126 seconds
[2025-11-13T10:54:39.891+0530] {processor.py:161} INFO - Started process (PID=22548) to work on /home/logi/txtai/venv/lib/python3.10/site-packages/airflow/example_dags/example_xcom.py
[2025-11-13T10:54:39.893+0530] {processor.py:830} INFO - Processing file /home/logi/txtai/venv/lib/python3.10/site-packages/airflow/example_dags/example_xcom.py for tasks to queue
[2025-11-13T10:54:39.895+0530] {logging_mixin.py:188} INFO - [2025-11-13T10:54:39.895+0530] {dagbag.py:545} INFO - Filling up the DagBag from /home/logi/txtai/venv/lib/python3.10/site-packages/airflow/example_dags/example_xcom.py
[2025-11-13T10:54:39.909+0530] {processor.py:840} INFO - DAG(s) 'example_xcom' retrieved from /home/logi/txtai/venv/lib/python3.10/site-packages/airflow/example_dags/example_xcom.py
[2025-11-13T10:54:39.971+0530] {logging_mixin.py:188} INFO - [2025-11-13T10:54:39.971+0530] {dag.py:3089} INFO - Sync 1 DAGs
[2025-11-13T10:54:40.012+0530] {logging_mixin.py:188} INFO - [2025-11-13T10:54:40.011+0530] {dag.py:3947} INFO - Setting next_dagrun for example_xcom to 2021-01-01 00:00:00+00:00, run_after=2021-01-01 00:00:00+00:00
[2025-11-13T10:54:40.061+0530] {processor.py:183} INFO - Processing /home/logi/txtai/venv/lib/python3.10/site-packages/airflow/example_dags/example_xcom.py took 0.183 seconds
[2025-11-13T10:55:10.512+0530] {processor.py:161} INFO - Started process (PID=22830) to work on /home/logi/txtai/venv/lib/python3.10/site-packages/airflow/example_dags/example_xcom.py
[2025-11-13T10:55:10.525+0530] {processor.py:830} INFO - Processing file /home/logi/txtai/venv/lib/python3.10/site-packages/airflow/example_dags/example_xcom.py for tasks to queue
[2025-11-13T10:55:10.529+0530] {logging_mixin.py:188} INFO - [2025-11-13T10:55:10.528+0530] {dagbag.py:545} INFO - Filling up the DagBag from /home/logi/txtai/venv/lib/python3.10/site-packages/airflow/example_dags/example_xcom.py
[2025-11-13T10:55:10.542+0530] {processor.py:840} INFO - DAG(s) 'example_xcom' retrieved from /home/logi/txtai/venv/lib/python3.10/site-packages/airflow/example_dags/example_xcom.py
[2025-11-13T10:55:10.604+0530] {logging_mixin.py:188} INFO - [2025-11-13T10:55:10.603+0530] {dag.py:3089} INFO - Sync 1 DAGs
[2025-11-13T10:55:10.646+0530] {logging_mixin.py:188} INFO - [2025-11-13T10:55:10.645+0530] {dag.py:3947} INFO - Setting next_dagrun for example_xcom to 2021-01-01 00:00:00+00:00, run_after=2021-01-01 00:00:00+00:00
[2025-11-13T10:55:10.685+0530] {processor.py:183} INFO - Processing /home/logi/txtai/venv/lib/python3.10/site-packages/airflow/example_dags/example_xcom.py took 0.186 seconds
[2025-11-13T10:55:41.690+0530] {processor.py:161} INFO - Started process (PID=23200) to work on /home/logi/txtai/venv/lib/python3.10/site-packages/airflow/example_dags/example_xcom.py
[2025-11-13T10:55:41.709+0530] {processor.py:830} INFO - Processing file /home/logi/txtai/venv/lib/python3.10/site-packages/airflow/example_dags/example_xcom.py for tasks to queue
[2025-11-13T10:55:41.720+0530] {logging_mixin.py:188} INFO - [2025-11-13T10:55:41.718+0530] {dagbag.py:545} INFO - Filling up the DagBag from /home/logi/txtai/venv/lib/python3.10/site-packages/airflow/example_dags/example_xcom.py
[2025-11-13T10:55:41.751+0530] {processor.py:840} INFO - DAG(s) 'example_xcom' retrieved from /home/logi/txtai/venv/lib/python3.10/site-packages/airflow/example_dags/example_xcom.py
[2025-11-13T10:55:41.866+0530] {logging_mixin.py:188} INFO - [2025-11-13T10:55:41.865+0530] {dag.py:3089} INFO - Sync 1 DAGs
[2025-11-13T10:55:41.916+0530] {logging_mixin.py:188} INFO - [2025-11-13T10:55:41.914+0530] {dag.py:3947} INFO - Setting next_dagrun for example_xcom to 2021-01-01 00:00:00+00:00, run_after=2021-01-01 00:00:00+00:00
[2025-11-13T10:55:41.965+0530] {processor.py:183} INFO - Processing /home/logi/txtai/venv/lib/python3.10/site-packages/airflow/example_dags/example_xcom.py took 0.304 seconds
[2025-11-13T10:56:12.088+0530] {processor.py:161} INFO - Started process (PID=23545) to work on /home/logi/txtai/venv/lib/python3.10/site-packages/airflow/example_dags/example_xcom.py
[2025-11-13T10:56:12.102+0530] {processor.py:830} INFO - Processing file /home/logi/txtai/venv/lib/python3.10/site-packages/airflow/example_dags/example_xcom.py for tasks to queue
[2025-11-13T10:56:12.106+0530] {logging_mixin.py:188} INFO - [2025-11-13T10:56:12.105+0530] {dagbag.py:545} INFO - Filling up the DagBag from /home/logi/txtai/venv/lib/python3.10/site-packages/airflow/example_dags/example_xcom.py
[2025-11-13T10:56:12.119+0530] {processor.py:840} INFO - DAG(s) 'example_xcom' retrieved from /home/logi/txtai/venv/lib/python3.10/site-packages/airflow/example_dags/example_xcom.py
[2025-11-13T10:56:12.182+0530] {logging_mixin.py:188} INFO - [2025-11-13T10:56:12.181+0530] {dag.py:3089} INFO - Sync 1 DAGs
[2025-11-13T10:56:12.222+0530] {logging_mixin.py:188} INFO - [2025-11-13T10:56:12.222+0530] {dag.py:3947} INFO - Setting next_dagrun for example_xcom to 2021-01-01 00:00:00+00:00, run_after=2021-01-01 00:00:00+00:00
[2025-11-13T10:56:12.260+0530] {processor.py:183} INFO - Processing /home/logi/txtai/venv/lib/python3.10/site-packages/airflow/example_dags/example_xcom.py took 0.184 seconds
[2025-11-13T10:56:42.361+0530] {processor.py:161} INFO - Started process (PID=23696) to work on /home/logi/txtai/venv/lib/python3.10/site-packages/airflow/example_dags/example_xcom.py
[2025-11-13T10:56:42.363+0530] {processor.py:830} INFO - Processing file /home/logi/txtai/venv/lib/python3.10/site-packages/airflow/example_dags/example_xcom.py for tasks to queue
[2025-11-13T10:56:42.366+0530] {logging_mixin.py:188} INFO - [2025-11-13T10:56:42.365+0530] {dagbag.py:545} INFO - Filling up the DagBag from /home/logi/txtai/venv/lib/python3.10/site-packages/airflow/example_dags/example_xcom.py
[2025-11-13T10:56:42.375+0530] {processor.py:840} INFO - DAG(s) 'example_xcom' retrieved from /home/logi/txtai/venv/lib/python3.10/site-packages/airflow/example_dags/example_xcom.py
[2025-11-13T10:56:42.411+0530] {logging_mixin.py:188} INFO - [2025-11-13T10:56:42.411+0530] {dag.py:3089} INFO - Sync 1 DAGs
[2025-11-13T10:56:42.436+0530] {logging_mixin.py:188} INFO - [2025-11-13T10:56:42.436+0530] {dag.py:3947} INFO - Setting next_dagrun for example_xcom to 2021-01-01 00:00:00+00:00, run_after=2021-01-01 00:00:00+00:00
[2025-11-13T10:56:42.469+0530] {processor.py:183} INFO - Processing /home/logi/txtai/venv/lib/python3.10/site-packages/airflow/example_dags/example_xcom.py took 0.120 seconds
[2025-11-13T10:57:12.792+0530] {processor.py:161} INFO - Started process (PID=23842) to work on /home/logi/txtai/venv/lib/python3.10/site-packages/airflow/example_dags/example_xcom.py
[2025-11-13T10:57:12.806+0530] {processor.py:830} INFO - Processing file /home/logi/txtai/venv/lib/python3.10/site-packages/airflow/example_dags/example_xcom.py for tasks to queue
[2025-11-13T10:57:12.809+0530] {logging_mixin.py:188} INFO - [2025-11-13T10:57:12.809+0530] {dagbag.py:545} INFO - Filling up the DagBag from /home/logi/txtai/venv/lib/python3.10/site-packages/airflow/example_dags/example_xcom.py
[2025-11-13T10:57:12.822+0530] {processor.py:840} INFO - DAG(s) 'example_xcom' retrieved from /home/logi/txtai/venv/lib/python3.10/site-packages/airflow/example_dags/example_xcom.py
[2025-11-13T10:57:12.895+0530] {logging_mixin.py:188} INFO - [2025-11-13T10:57:12.894+0530] {dag.py:3089} INFO - Sync 1 DAGs
[2025-11-13T10:57:12.938+0530] {logging_mixin.py:188} INFO - [2025-11-13T10:57:12.937+0530] {dag.py:3947} INFO - Setting next_dagrun for example_xcom to 2021-01-01 00:00:00+00:00, run_after=2021-01-01 00:00:00+00:00
[2025-11-13T10:57:12.975+0530] {processor.py:183} INFO - Processing /home/logi/txtai/venv/lib/python3.10/site-packages/airflow/example_dags/example_xcom.py took 0.197 seconds
[2025-11-13T10:57:43.504+0530] {processor.py:161} INFO - Started process (PID=23985) to work on /home/logi/txtai/venv/lib/python3.10/site-packages/airflow/example_dags/example_xcom.py
[2025-11-13T10:57:43.506+0530] {processor.py:830} INFO - Processing file /home/logi/txtai/venv/lib/python3.10/site-packages/airflow/example_dags/example_xcom.py for tasks to queue
[2025-11-13T10:57:43.509+0530] {logging_mixin.py:188} INFO - [2025-11-13T10:57:43.509+0530] {dagbag.py:545} INFO - Filling up the DagBag from /home/logi/txtai/venv/lib/python3.10/site-packages/airflow/example_dags/example_xcom.py
[2025-11-13T10:57:43.523+0530] {processor.py:840} INFO - DAG(s) 'example_xcom' retrieved from /home/logi/txtai/venv/lib/python3.10/site-packages/airflow/example_dags/example_xcom.py
[2025-11-13T10:57:43.579+0530] {logging_mixin.py:188} INFO - [2025-11-13T10:57:43.579+0530] {dag.py:3089} INFO - Sync 1 DAGs
[2025-11-13T10:57:43.615+0530] {logging_mixin.py:188} INFO - [2025-11-13T10:57:43.615+0530] {dag.py:3947} INFO - Setting next_dagrun for example_xcom to 2021-01-01 00:00:00+00:00, run_after=2021-01-01 00:00:00+00:00
[2025-11-13T10:57:43.655+0530] {processor.py:183} INFO - Processing /home/logi/txtai/venv/lib/python3.10/site-packages/airflow/example_dags/example_xcom.py took 0.164 seconds
[2025-11-13T10:58:13.889+0530] {processor.py:161} INFO - Started process (PID=24127) to work on /home/logi/txtai/venv/lib/python3.10/site-packages/airflow/example_dags/example_xcom.py
[2025-11-13T10:58:13.902+0530] {processor.py:830} INFO - Processing file /home/logi/txtai/venv/lib/python3.10/site-packages/airflow/example_dags/example_xcom.py for tasks to queue
[2025-11-13T10:58:13.906+0530] {logging_mixin.py:188} INFO - [2025-11-13T10:58:13.905+0530] {dagbag.py:545} INFO - Filling up the DagBag from /home/logi/txtai/venv/lib/python3.10/site-packages/airflow/example_dags/example_xcom.py
[2025-11-13T10:58:13.918+0530] {processor.py:840} INFO - DAG(s) 'example_xcom' retrieved from /home/logi/txtai/venv/lib/python3.10/site-packages/airflow/example_dags/example_xcom.py
[2025-11-13T10:58:13.978+0530] {logging_mixin.py:188} INFO - [2025-11-13T10:58:13.978+0530] {dag.py:3089} INFO - Sync 1 DAGs
[2025-11-13T10:58:14.020+0530] {logging_mixin.py:188} INFO - [2025-11-13T10:58:14.019+0530] {dag.py:3947} INFO - Setting next_dagrun for example_xcom to 2021-01-01 00:00:00+00:00, run_after=2021-01-01 00:00:00+00:00
[2025-11-13T10:58:14.058+0530] {processor.py:183} INFO - Processing /home/logi/txtai/venv/lib/python3.10/site-packages/airflow/example_dags/example_xcom.py took 0.182 seconds
[2025-11-13T10:58:44.172+0530] {processor.py:161} INFO - Started process (PID=24270) to work on /home/logi/txtai/venv/lib/python3.10/site-packages/airflow/example_dags/example_xcom.py
[2025-11-13T10:58:44.186+0530] {processor.py:830} INFO - Processing file /home/logi/txtai/venv/lib/python3.10/site-packages/airflow/example_dags/example_xcom.py for tasks to queue
[2025-11-13T10:58:44.190+0530] {logging_mixin.py:188} INFO - [2025-11-13T10:58:44.189+0530] {dagbag.py:545} INFO - Filling up the DagBag from /home/logi/txtai/venv/lib/python3.10/site-packages/airflow/example_dags/example_xcom.py
[2025-11-13T10:58:44.204+0530] {processor.py:840} INFO - DAG(s) 'example_xcom' retrieved from /home/logi/txtai/venv/lib/python3.10/site-packages/airflow/example_dags/example_xcom.py
[2025-11-13T10:58:44.269+0530] {logging_mixin.py:188} INFO - [2025-11-13T10:58:44.268+0530] {dag.py:3089} INFO - Sync 1 DAGs
[2025-11-13T10:58:44.313+0530] {logging_mixin.py:188} INFO - [2025-11-13T10:58:44.312+0530] {dag.py:3947} INFO - Setting next_dagrun for example_xcom to 2021-01-01 00:00:00+00:00, run_after=2021-01-01 00:00:00+00:00
[2025-11-13T10:58:44.357+0530] {processor.py:183} INFO - Processing /home/logi/txtai/venv/lib/python3.10/site-packages/airflow/example_dags/example_xcom.py took 0.197 seconds
[2025-11-13T10:59:14.588+0530] {processor.py:161} INFO - Started process (PID=24442) to work on /home/logi/txtai/venv/lib/python3.10/site-packages/airflow/example_dags/example_xcom.py
[2025-11-13T10:59:14.601+0530] {processor.py:830} INFO - Processing file /home/logi/txtai/venv/lib/python3.10/site-packages/airflow/example_dags/example_xcom.py for tasks to queue
[2025-11-13T10:59:14.604+0530] {logging_mixin.py:188} INFO - [2025-11-13T10:59:14.604+0530] {dagbag.py:545} INFO - Filling up the DagBag from /home/logi/txtai/venv/lib/python3.10/site-packages/airflow/example_dags/example_xcom.py
[2025-11-13T10:59:14.618+0530] {processor.py:840} INFO - DAG(s) 'example_xcom' retrieved from /home/logi/txtai/venv/lib/python3.10/site-packages/airflow/example_dags/example_xcom.py
[2025-11-13T10:59:14.687+0530] {logging_mixin.py:188} INFO - [2025-11-13T10:59:14.687+0530] {dag.py:3089} INFO - Sync 1 DAGs
[2025-11-13T10:59:14.734+0530] {logging_mixin.py:188} INFO - [2025-11-13T10:59:14.733+0530] {dag.py:3947} INFO - Setting next_dagrun for example_xcom to 2021-01-01 00:00:00+00:00, run_after=2021-01-01 00:00:00+00:00
[2025-11-13T10:59:14.992+0530] {processor.py:183} INFO - Processing /home/logi/txtai/venv/lib/python3.10/site-packages/airflow/example_dags/example_xcom.py took 0.416 seconds
[2025-11-13T10:59:45.199+0530] {processor.py:161} INFO - Started process (PID=24614) to work on /home/logi/txtai/venv/lib/python3.10/site-packages/airflow/example_dags/example_xcom.py
[2025-11-13T10:59:45.212+0530] {processor.py:830} INFO - Processing file /home/logi/txtai/venv/lib/python3.10/site-packages/airflow/example_dags/example_xcom.py for tasks to queue
[2025-11-13T10:59:45.217+0530] {logging_mixin.py:188} INFO - [2025-11-13T10:59:45.216+0530] {dagbag.py:545} INFO - Filling up the DagBag from /home/logi/txtai/venv/lib/python3.10/site-packages/airflow/example_dags/example_xcom.py
[2025-11-13T10:59:45.234+0530] {processor.py:840} INFO - DAG(s) 'example_xcom' retrieved from /home/logi/txtai/venv/lib/python3.10/site-packages/airflow/example_dags/example_xcom.py
[2025-11-13T10:59:45.281+0530] {logging_mixin.py:188} INFO - [2025-11-13T10:59:45.281+0530] {dag.py:3089} INFO - Sync 1 DAGs
[2025-11-13T10:59:45.303+0530] {logging_mixin.py:188} INFO - [2025-11-13T10:59:45.303+0530] {dag.py:3947} INFO - Setting next_dagrun for example_xcom to 2021-01-01 00:00:00+00:00, run_after=2021-01-01 00:00:00+00:00
[2025-11-13T10:59:45.445+0530] {processor.py:183} INFO - Processing /home/logi/txtai/venv/lib/python3.10/site-packages/airflow/example_dags/example_xcom.py took 0.262 seconds
[2025-11-13T11:00:15.750+0530] {processor.py:161} INFO - Started process (PID=24876) to work on /home/logi/txtai/venv/lib/python3.10/site-packages/airflow/example_dags/example_xcom.py
[2025-11-13T11:00:15.752+0530] {processor.py:830} INFO - Processing file /home/logi/txtai/venv/lib/python3.10/site-packages/airflow/example_dags/example_xcom.py for tasks to queue
[2025-11-13T11:00:15.755+0530] {logging_mixin.py:188} INFO - [2025-11-13T11:00:15.755+0530] {dagbag.py:545} INFO - Filling up the DagBag from /home/logi/txtai/venv/lib/python3.10/site-packages/airflow/example_dags/example_xcom.py
[2025-11-13T11:00:15.778+0530] {processor.py:840} INFO - DAG(s) 'example_xcom' retrieved from /home/logi/txtai/venv/lib/python3.10/site-packages/airflow/example_dags/example_xcom.py
[2025-11-13T11:00:15.842+0530] {logging_mixin.py:188} INFO - [2025-11-13T11:00:15.842+0530] {dag.py:3089} INFO - Sync 1 DAGs
[2025-11-13T11:00:16.289+0530] {logging_mixin.py:188} INFO - [2025-11-13T11:00:16.288+0530] {dag.py:3947} INFO - Setting next_dagrun for example_xcom to 2021-01-01 00:00:00+00:00, run_after=2021-01-01 00:00:00+00:00
[2025-11-13T11:00:16.321+0530] {processor.py:183} INFO - Processing /home/logi/txtai/venv/lib/python3.10/site-packages/airflow/example_dags/example_xcom.py took 0.587 seconds
[2025-11-13T11:00:46.533+0530] {processor.py:161} INFO - Started process (PID=25518) to work on /home/logi/txtai/venv/lib/python3.10/site-packages/airflow/example_dags/example_xcom.py
[2025-11-13T11:00:46.546+0530] {processor.py:830} INFO - Processing file /home/logi/txtai/venv/lib/python3.10/site-packages/airflow/example_dags/example_xcom.py for tasks to queue
[2025-11-13T11:00:46.549+0530] {logging_mixin.py:188} INFO - [2025-11-13T11:00:46.549+0530] {dagbag.py:545} INFO - Filling up the DagBag from /home/logi/txtai/venv/lib/python3.10/site-packages/airflow/example_dags/example_xcom.py
[2025-11-13T11:00:46.562+0530] {processor.py:840} INFO - DAG(s) 'example_xcom' retrieved from /home/logi/txtai/venv/lib/python3.10/site-packages/airflow/example_dags/example_xcom.py
[2025-11-13T11:00:46.809+0530] {logging_mixin.py:188} INFO - [2025-11-13T11:00:46.809+0530] {dag.py:3089} INFO - Sync 1 DAGs
[2025-11-13T11:00:46.832+0530] {logging_mixin.py:188} INFO - [2025-11-13T11:00:46.832+0530] {dag.py:3947} INFO - Setting next_dagrun for example_xcom to 2021-01-01 00:00:00+00:00, run_after=2021-01-01 00:00:00+00:00
[2025-11-13T11:00:46.867+0530] {processor.py:183} INFO - Processing /home/logi/txtai/venv/lib/python3.10/site-packages/airflow/example_dags/example_xcom.py took 0.347 seconds
[2025-11-13T11:01:17.749+0530] {processor.py:161} INFO - Started process (PID=25659) to work on /home/logi/txtai/venv/lib/python3.10/site-packages/airflow/example_dags/example_xcom.py
[2025-11-13T11:01:17.763+0530] {processor.py:830} INFO - Processing file /home/logi/txtai/venv/lib/python3.10/site-packages/airflow/example_dags/example_xcom.py for tasks to queue
[2025-11-13T11:01:17.767+0530] {logging_mixin.py:188} INFO - [2025-11-13T11:01:17.767+0530] {dagbag.py:545} INFO - Filling up the DagBag from /home/logi/txtai/venv/lib/python3.10/site-packages/airflow/example_dags/example_xcom.py
[2025-11-13T11:01:17.777+0530] {processor.py:840} INFO - DAG(s) 'example_xcom' retrieved from /home/logi/txtai/venv/lib/python3.10/site-packages/airflow/example_dags/example_xcom.py
[2025-11-13T11:01:17.831+0530] {logging_mixin.py:188} INFO - [2025-11-13T11:01:17.831+0530] {dag.py:3089} INFO - Sync 1 DAGs
[2025-11-13T11:01:17.873+0530] {logging_mixin.py:188} INFO - [2025-11-13T11:01:17.873+0530] {dag.py:3947} INFO - Setting next_dagrun for example_xcom to 2021-01-01 00:00:00+00:00, run_after=2021-01-01 00:00:00+00:00
[2025-11-13T11:01:17.916+0530] {processor.py:183} INFO - Processing /home/logi/txtai/venv/lib/python3.10/site-packages/airflow/example_dags/example_xcom.py took 0.176 seconds
[2025-11-13T11:01:48.202+0530] {processor.py:161} INFO - Started process (PID=25802) to work on /home/logi/txtai/venv/lib/python3.10/site-packages/airflow/example_dags/example_xcom.py
[2025-11-13T11:01:48.216+0530] {processor.py:830} INFO - Processing file /home/logi/txtai/venv/lib/python3.10/site-packages/airflow/example_dags/example_xcom.py for tasks to queue
[2025-11-13T11:01:48.219+0530] {logging_mixin.py:188} INFO - [2025-11-13T11:01:48.219+0530] {dagbag.py:545} INFO - Filling up the DagBag from /home/logi/txtai/venv/lib/python3.10/site-packages/airflow/example_dags/example_xcom.py
[2025-11-13T11:01:48.232+0530] {processor.py:840} INFO - DAG(s) 'example_xcom' retrieved from /home/logi/txtai/venv/lib/python3.10/site-packages/airflow/example_dags/example_xcom.py
[2025-11-13T11:01:48.288+0530] {logging_mixin.py:188} INFO - [2025-11-13T11:01:48.288+0530] {dag.py:3089} INFO - Sync 1 DAGs
[2025-11-13T11:01:48.327+0530] {logging_mixin.py:188} INFO - [2025-11-13T11:01:48.326+0530] {dag.py:3947} INFO - Setting next_dagrun for example_xcom to 2021-01-01 00:00:00+00:00, run_after=2021-01-01 00:00:00+00:00
[2025-11-13T11:01:48.369+0530] {processor.py:183} INFO - Processing /home/logi/txtai/venv/lib/python3.10/site-packages/airflow/example_dags/example_xcom.py took 0.180 seconds
[2025-11-13T11:02:18.819+0530] {processor.py:161} INFO - Started process (PID=25964) to work on /home/logi/txtai/venv/lib/python3.10/site-packages/airflow/example_dags/example_xcom.py
[2025-11-13T11:02:18.833+0530] {processor.py:830} INFO - Processing file /home/logi/txtai/venv/lib/python3.10/site-packages/airflow/example_dags/example_xcom.py for tasks to queue
[2025-11-13T11:02:18.836+0530] {logging_mixin.py:188} INFO - [2025-11-13T11:02:18.836+0530] {dagbag.py:545} INFO - Filling up the DagBag from /home/logi/txtai/venv/lib/python3.10/site-packages/airflow/example_dags/example_xcom.py
[2025-11-13T11:02:18.850+0530] {processor.py:840} INFO - DAG(s) 'example_xcom' retrieved from /home/logi/txtai/venv/lib/python3.10/site-packages/airflow/example_dags/example_xcom.py
[2025-11-13T11:02:18.913+0530] {logging_mixin.py:188} INFO - [2025-11-13T11:02:18.912+0530] {dag.py:3089} INFO - Sync 1 DAGs
[2025-11-13T11:02:18.954+0530] {logging_mixin.py:188} INFO - [2025-11-13T11:02:18.953+0530] {dag.py:3947} INFO - Setting next_dagrun for example_xcom to 2021-01-01 00:00:00+00:00, run_after=2021-01-01 00:00:00+00:00
[2025-11-13T11:02:18.994+0530] {processor.py:183} INFO - Processing /home/logi/txtai/venv/lib/python3.10/site-packages/airflow/example_dags/example_xcom.py took 0.186 seconds
[2025-11-13T11:02:49.171+0530] {processor.py:161} INFO - Started process (PID=26143) to work on /home/logi/txtai/venv/lib/python3.10/site-packages/airflow/example_dags/example_xcom.py
[2025-11-13T11:02:49.184+0530] {processor.py:830} INFO - Processing file /home/logi/txtai/venv/lib/python3.10/site-packages/airflow/example_dags/example_xcom.py for tasks to queue
[2025-11-13T11:02:49.187+0530] {logging_mixin.py:188} INFO - [2025-11-13T11:02:49.187+0530] {dagbag.py:545} INFO - Filling up the DagBag from /home/logi/txtai/venv/lib/python3.10/site-packages/airflow/example_dags/example_xcom.py
[2025-11-13T11:02:49.200+0530] {processor.py:840} INFO - DAG(s) 'example_xcom' retrieved from /home/logi/txtai/venv/lib/python3.10/site-packages/airflow/example_dags/example_xcom.py
[2025-11-13T11:02:49.264+0530] {logging_mixin.py:188} INFO - [2025-11-13T11:02:49.263+0530] {dag.py:3089} INFO - Sync 1 DAGs
[2025-11-13T11:02:49.312+0530] {logging_mixin.py:188} INFO - [2025-11-13T11:02:49.311+0530] {dag.py:3947} INFO - Setting next_dagrun for example_xcom to 2021-01-01 00:00:00+00:00, run_after=2021-01-01 00:00:00+00:00
[2025-11-13T11:02:49.346+0530] {processor.py:183} INFO - Processing /home/logi/txtai/venv/lib/python3.10/site-packages/airflow/example_dags/example_xcom.py took 0.187 seconds
[2025-11-13T11:03:19.861+0530] {processor.py:161} INFO - Started process (PID=26291) to work on /home/logi/txtai/venv/lib/python3.10/site-packages/airflow/example_dags/example_xcom.py
[2025-11-13T11:03:19.867+0530] {processor.py:830} INFO - Processing file /home/logi/txtai/venv/lib/python3.10/site-packages/airflow/example_dags/example_xcom.py for tasks to queue
[2025-11-13T11:03:19.871+0530] {logging_mixin.py:188} INFO - [2025-11-13T11:03:19.870+0530] {dagbag.py:545} INFO - Filling up the DagBag from /home/logi/txtai/venv/lib/python3.10/site-packages/airflow/example_dags/example_xcom.py
[2025-11-13T11:03:19.884+0530] {processor.py:840} INFO - DAG(s) 'example_xcom' retrieved from /home/logi/txtai/venv/lib/python3.10/site-packages/airflow/example_dags/example_xcom.py
[2025-11-13T11:03:19.950+0530] {logging_mixin.py:188} INFO - [2025-11-13T11:03:19.949+0530] {dag.py:3089} INFO - Sync 1 DAGs
[2025-11-13T11:03:19.993+0530] {logging_mixin.py:188} INFO - [2025-11-13T11:03:19.993+0530] {dag.py:3947} INFO - Setting next_dagrun for example_xcom to 2021-01-01 00:00:00+00:00, run_after=2021-01-01 00:00:00+00:00
[2025-11-13T11:03:20.041+0530] {processor.py:183} INFO - Processing /home/logi/txtai/venv/lib/python3.10/site-packages/airflow/example_dags/example_xcom.py took 0.193 seconds
[2025-11-13T11:03:50.725+0530] {processor.py:161} INFO - Started process (PID=26432) to work on /home/logi/txtai/venv/lib/python3.10/site-packages/airflow/example_dags/example_xcom.py
[2025-11-13T11:03:50.739+0530] {processor.py:830} INFO - Processing file /home/logi/txtai/venv/lib/python3.10/site-packages/airflow/example_dags/example_xcom.py for tasks to queue
[2025-11-13T11:03:50.743+0530] {logging_mixin.py:188} INFO - [2025-11-13T11:03:50.742+0530] {dagbag.py:545} INFO - Filling up the DagBag from /home/logi/txtai/venv/lib/python3.10/site-packages/airflow/example_dags/example_xcom.py
[2025-11-13T11:03:50.753+0530] {processor.py:840} INFO - DAG(s) 'example_xcom' retrieved from /home/logi/txtai/venv/lib/python3.10/site-packages/airflow/example_dags/example_xcom.py
[2025-11-13T11:03:50.815+0530] {logging_mixin.py:188} INFO - [2025-11-13T11:03:50.815+0530] {dag.py:3089} INFO - Sync 1 DAGs
[2025-11-13T11:03:50.855+0530] {logging_mixin.py:188} INFO - [2025-11-13T11:03:50.855+0530] {dag.py:3947} INFO - Setting next_dagrun for example_xcom to 2021-01-01 00:00:00+00:00, run_after=2021-01-01 00:00:00+00:00
[2025-11-13T11:03:50.893+0530] {processor.py:183} INFO - Processing /home/logi/txtai/venv/lib/python3.10/site-packages/airflow/example_dags/example_xcom.py took 0.181 seconds
[2025-11-13T11:04:20.990+0530] {processor.py:161} INFO - Started process (PID=26576) to work on /home/logi/txtai/venv/lib/python3.10/site-packages/airflow/example_dags/example_xcom.py
[2025-11-13T11:04:20.991+0530] {processor.py:830} INFO - Processing file /home/logi/txtai/venv/lib/python3.10/site-packages/airflow/example_dags/example_xcom.py for tasks to queue
[2025-11-13T11:04:20.995+0530] {logging_mixin.py:188} INFO - [2025-11-13T11:04:20.994+0530] {dagbag.py:545} INFO - Filling up the DagBag from /home/logi/txtai/venv/lib/python3.10/site-packages/airflow/example_dags/example_xcom.py
[2025-11-13T11:04:21.007+0530] {processor.py:840} INFO - DAG(s) 'example_xcom' retrieved from /home/logi/txtai/venv/lib/python3.10/site-packages/airflow/example_dags/example_xcom.py
[2025-11-13T11:04:21.056+0530] {logging_mixin.py:188} INFO - [2025-11-13T11:04:21.056+0530] {dag.py:3089} INFO - Sync 1 DAGs
[2025-11-13T11:04:21.092+0530] {logging_mixin.py:188} INFO - [2025-11-13T11:04:21.092+0530] {dag.py:3947} INFO - Setting next_dagrun for example_xcom to 2021-01-01 00:00:00+00:00, run_after=2021-01-01 00:00:00+00:00
[2025-11-13T11:04:21.128+0530] {processor.py:183} INFO - Processing /home/logi/txtai/venv/lib/python3.10/site-packages/airflow/example_dags/example_xcom.py took 0.151 seconds
[2025-11-13T11:04:51.561+0530] {processor.py:161} INFO - Started process (PID=26717) to work on /home/logi/txtai/venv/lib/python3.10/site-packages/airflow/example_dags/example_xcom.py
[2025-11-13T11:04:51.574+0530] {processor.py:830} INFO - Processing file /home/logi/txtai/venv/lib/python3.10/site-packages/airflow/example_dags/example_xcom.py for tasks to queue
[2025-11-13T11:04:51.577+0530] {logging_mixin.py:188} INFO - [2025-11-13T11:04:51.577+0530] {dagbag.py:545} INFO - Filling up the DagBag from /home/logi/txtai/venv/lib/python3.10/site-packages/airflow/example_dags/example_xcom.py
[2025-11-13T11:04:51.591+0530] {processor.py:840} INFO - DAG(s) 'example_xcom' retrieved from /home/logi/txtai/venv/lib/python3.10/site-packages/airflow/example_dags/example_xcom.py
[2025-11-13T11:04:51.652+0530] {logging_mixin.py:188} INFO - [2025-11-13T11:04:51.651+0530] {dag.py:3089} INFO - Sync 1 DAGs
[2025-11-13T11:04:51.693+0530] {logging_mixin.py:188} INFO - [2025-11-13T11:04:51.693+0530] {dag.py:3947} INFO - Setting next_dagrun for example_xcom to 2021-01-01 00:00:00+00:00, run_after=2021-01-01 00:00:00+00:00
[2025-11-13T11:04:51.733+0530] {processor.py:183} INFO - Processing /home/logi/txtai/venv/lib/python3.10/site-packages/airflow/example_dags/example_xcom.py took 0.185 seconds
[2025-11-13T11:05:22.507+0530] {processor.py:161} INFO - Started process (PID=26870) to work on /home/logi/txtai/venv/lib/python3.10/site-packages/airflow/example_dags/example_xcom.py
[2025-11-13T11:05:22.521+0530] {processor.py:830} INFO - Processing file /home/logi/txtai/venv/lib/python3.10/site-packages/airflow/example_dags/example_xcom.py for tasks to queue
[2025-11-13T11:05:22.525+0530] {logging_mixin.py:188} INFO - [2025-11-13T11:05:22.524+0530] {dagbag.py:545} INFO - Filling up the DagBag from /home/logi/txtai/venv/lib/python3.10/site-packages/airflow/example_dags/example_xcom.py
[2025-11-13T11:05:22.539+0530] {processor.py:840} INFO - DAG(s) 'example_xcom' retrieved from /home/logi/txtai/venv/lib/python3.10/site-packages/airflow/example_dags/example_xcom.py
[2025-11-13T11:05:22.615+0530] {logging_mixin.py:188} INFO - [2025-11-13T11:05:22.614+0530] {dag.py:3089} INFO - Sync 1 DAGs
[2025-11-13T11:05:22.662+0530] {logging_mixin.py:188} INFO - [2025-11-13T11:05:22.661+0530] {dag.py:3947} INFO - Setting next_dagrun for example_xcom to 2021-01-01 00:00:00+00:00, run_after=2021-01-01 00:00:00+00:00
[2025-11-13T11:05:22.704+0530] {processor.py:183} INFO - Processing /home/logi/txtai/venv/lib/python3.10/site-packages/airflow/example_dags/example_xcom.py took 0.210 seconds
[2025-11-13T17:53:55.124+0530] {processor.py:161} INFO - Started process (PID=30979) to work on /home/logi/txtai/venv/lib/python3.10/site-packages/airflow/example_dags/example_xcom.py
[2025-11-13T17:53:55.127+0530] {processor.py:830} INFO - Processing file /home/logi/txtai/venv/lib/python3.10/site-packages/airflow/example_dags/example_xcom.py for tasks to queue
[2025-11-13T17:53:55.129+0530] {logging_mixin.py:188} INFO - [2025-11-13T17:53:55.129+0530] {dagbag.py:545} INFO - Filling up the DagBag from /home/logi/txtai/venv/lib/python3.10/site-packages/airflow/example_dags/example_xcom.py
[2025-11-13T17:53:55.149+0530] {processor.py:840} INFO - DAG(s) 'example_xcom' retrieved from /home/logi/txtai/venv/lib/python3.10/site-packages/airflow/example_dags/example_xcom.py
[2025-11-13T17:53:55.219+0530] {logging_mixin.py:188} INFO - [2025-11-13T17:53:55.219+0530] {dag.py:3089} INFO - Sync 1 DAGs
[2025-11-13T17:53:55.263+0530] {logging_mixin.py:188} INFO - [2025-11-13T17:53:55.263+0530] {dag.py:3947} INFO - Setting next_dagrun for example_xcom to 2021-01-01 00:00:00+00:00, run_after=2021-01-01 00:00:00+00:00
[2025-11-13T17:53:55.321+0530] {processor.py:183} INFO - Processing /home/logi/txtai/venv/lib/python3.10/site-packages/airflow/example_dags/example_xcom.py took 0.218 seconds
[2025-11-13T17:54:26.177+0530] {processor.py:161} INFO - Started process (PID=31387) to work on /home/logi/txtai/venv/lib/python3.10/site-packages/airflow/example_dags/example_xcom.py
[2025-11-13T17:54:26.192+0530] {processor.py:830} INFO - Processing file /home/logi/txtai/venv/lib/python3.10/site-packages/airflow/example_dags/example_xcom.py for tasks to queue
[2025-11-13T17:54:26.193+0530] {logging_mixin.py:188} INFO - [2025-11-13T17:54:26.193+0530] {dagbag.py:545} INFO - Filling up the DagBag from /home/logi/txtai/venv/lib/python3.10/site-packages/airflow/example_dags/example_xcom.py
[2025-11-13T17:54:26.208+0530] {processor.py:840} INFO - DAG(s) 'example_xcom' retrieved from /home/logi/txtai/venv/lib/python3.10/site-packages/airflow/example_dags/example_xcom.py
[2025-11-13T17:54:26.278+0530] {logging_mixin.py:188} INFO - [2025-11-13T17:54:26.277+0530] {dag.py:3089} INFO - Sync 1 DAGs
[2025-11-13T17:54:26.333+0530] {logging_mixin.py:188} INFO - [2025-11-13T17:54:26.333+0530] {dag.py:3947} INFO - Setting next_dagrun for example_xcom to 2021-01-01 00:00:00+00:00, run_after=2021-01-01 00:00:00+00:00
[2025-11-13T17:54:26.383+0530] {processor.py:183} INFO - Processing /home/logi/txtai/venv/lib/python3.10/site-packages/airflow/example_dags/example_xcom.py took 0.219 seconds
[2025-11-13T17:56:08.659+0530] {processor.py:161} INFO - Started process (PID=32270) to work on /home/logi/txtai/venv/lib/python3.10/site-packages/airflow/example_dags/example_xcom.py
[2025-11-13T17:56:08.661+0530] {processor.py:830} INFO - Processing file /home/logi/txtai/venv/lib/python3.10/site-packages/airflow/example_dags/example_xcom.py for tasks to queue
[2025-11-13T17:56:08.662+0530] {logging_mixin.py:188} INFO - [2025-11-13T17:56:08.662+0530] {dagbag.py:545} INFO - Filling up the DagBag from /home/logi/txtai/venv/lib/python3.10/site-packages/airflow/example_dags/example_xcom.py
[2025-11-13T17:56:08.671+0530] {processor.py:840} INFO - DAG(s) 'example_xcom' retrieved from /home/logi/txtai/venv/lib/python3.10/site-packages/airflow/example_dags/example_xcom.py
[2025-11-13T17:56:08.709+0530] {logging_mixin.py:188} INFO - [2025-11-13T17:56:08.708+0530] {dag.py:3089} INFO - Sync 1 DAGs
[2025-11-13T17:56:08.729+0530] {logging_mixin.py:188} INFO - [2025-11-13T17:56:08.729+0530] {dag.py:3947} INFO - Setting next_dagrun for example_xcom to 2021-01-01 00:00:00+00:00, run_after=2021-01-01 00:00:00+00:00
[2025-11-13T17:56:08.751+0530] {processor.py:183} INFO - Processing /home/logi/txtai/venv/lib/python3.10/site-packages/airflow/example_dags/example_xcom.py took 0.098 seconds
[2025-11-13T17:56:39.664+0530] {processor.py:161} INFO - Started process (PID=32961) to work on /home/logi/txtai/venv/lib/python3.10/site-packages/airflow/example_dags/example_xcom.py
[2025-11-13T17:56:39.666+0530] {processor.py:830} INFO - Processing file /home/logi/txtai/venv/lib/python3.10/site-packages/airflow/example_dags/example_xcom.py for tasks to queue
[2025-11-13T17:56:39.669+0530] {logging_mixin.py:188} INFO - [2025-11-13T17:56:39.668+0530] {dagbag.py:545} INFO - Filling up the DagBag from /home/logi/txtai/venv/lib/python3.10/site-packages/airflow/example_dags/example_xcom.py
[2025-11-13T17:56:39.689+0530] {processor.py:840} INFO - DAG(s) 'example_xcom' retrieved from /home/logi/txtai/venv/lib/python3.10/site-packages/airflow/example_dags/example_xcom.py
[2025-11-13T17:56:39.733+0530] {logging_mixin.py:188} INFO - [2025-11-13T17:56:39.732+0530] {dag.py:3089} INFO - Sync 1 DAGs
[2025-11-13T17:56:39.774+0530] {logging_mixin.py:188} INFO - [2025-11-13T17:56:39.774+0530] {dag.py:3947} INFO - Setting next_dagrun for example_xcom to 2021-01-01 00:00:00+00:00, run_after=2021-01-01 00:00:00+00:00
[2025-11-13T17:56:39.806+0530] {processor.py:183} INFO - Processing /home/logi/txtai/venv/lib/python3.10/site-packages/airflow/example_dags/example_xcom.py took 0.152 seconds
[2025-11-13T17:57:10.792+0530] {processor.py:161} INFO - Started process (PID=33701) to work on /home/logi/txtai/venv/lib/python3.10/site-packages/airflow/example_dags/example_xcom.py
[2025-11-13T17:57:10.795+0530] {processor.py:830} INFO - Processing file /home/logi/txtai/venv/lib/python3.10/site-packages/airflow/example_dags/example_xcom.py for tasks to queue
[2025-11-13T17:57:10.797+0530] {logging_mixin.py:188} INFO - [2025-11-13T17:57:10.797+0530] {dagbag.py:545} INFO - Filling up the DagBag from /home/logi/txtai/venv/lib/python3.10/site-packages/airflow/example_dags/example_xcom.py
[2025-11-13T17:57:10.807+0530] {processor.py:840} INFO - DAG(s) 'example_xcom' retrieved from /home/logi/txtai/venv/lib/python3.10/site-packages/airflow/example_dags/example_xcom.py
[2025-11-13T17:57:10.863+0530] {logging_mixin.py:188} INFO - [2025-11-13T17:57:10.863+0530] {dag.py:3089} INFO - Sync 1 DAGs
[2025-11-13T17:57:10.886+0530] {logging_mixin.py:188} INFO - [2025-11-13T17:57:10.886+0530] {dag.py:3947} INFO - Setting next_dagrun for example_xcom to 2021-01-01 00:00:00+00:00, run_after=2021-01-01 00:00:00+00:00
[2025-11-13T17:57:10.910+0530] {processor.py:183} INFO - Processing /home/logi/txtai/venv/lib/python3.10/site-packages/airflow/example_dags/example_xcom.py took 0.126 seconds
[2025-11-13T17:57:41.654+0530] {processor.py:161} INFO - Started process (PID=34077) to work on /home/logi/txtai/venv/lib/python3.10/site-packages/airflow/example_dags/example_xcom.py
[2025-11-13T17:57:41.656+0530] {processor.py:830} INFO - Processing file /home/logi/txtai/venv/lib/python3.10/site-packages/airflow/example_dags/example_xcom.py for tasks to queue
[2025-11-13T17:57:41.659+0530] {logging_mixin.py:188} INFO - [2025-11-13T17:57:41.658+0530] {dagbag.py:545} INFO - Filling up the DagBag from /home/logi/txtai/venv/lib/python3.10/site-packages/airflow/example_dags/example_xcom.py
[2025-11-13T17:57:41.670+0530] {processor.py:840} INFO - DAG(s) 'example_xcom' retrieved from /home/logi/txtai/venv/lib/python3.10/site-packages/airflow/example_dags/example_xcom.py
[2025-11-13T17:57:41.722+0530] {logging_mixin.py:188} INFO - [2025-11-13T17:57:41.721+0530] {dag.py:3089} INFO - Sync 1 DAGs
[2025-11-13T17:57:41.743+0530] {logging_mixin.py:188} INFO - [2025-11-13T17:57:41.743+0530] {dag.py:3947} INFO - Setting next_dagrun for example_xcom to 2021-01-01 00:00:00+00:00, run_after=2021-01-01 00:00:00+00:00
[2025-11-13T17:57:41.771+0530] {processor.py:183} INFO - Processing /home/logi/txtai/venv/lib/python3.10/site-packages/airflow/example_dags/example_xcom.py took 0.127 seconds
[2025-11-13T17:58:12.691+0530] {processor.py:161} INFO - Started process (PID=34717) to work on /home/logi/txtai/venv/lib/python3.10/site-packages/airflow/example_dags/example_xcom.py
[2025-11-13T17:58:12.692+0530] {processor.py:830} INFO - Processing file /home/logi/txtai/venv/lib/python3.10/site-packages/airflow/example_dags/example_xcom.py for tasks to queue
[2025-11-13T17:58:12.693+0530] {logging_mixin.py:188} INFO - [2025-11-13T17:58:12.693+0530] {dagbag.py:545} INFO - Filling up the DagBag from /home/logi/txtai/venv/lib/python3.10/site-packages/airflow/example_dags/example_xcom.py
[2025-11-13T17:58:12.700+0530] {processor.py:840} INFO - DAG(s) 'example_xcom' retrieved from /home/logi/txtai/venv/lib/python3.10/site-packages/airflow/example_dags/example_xcom.py
[2025-11-13T17:58:12.729+0530] {logging_mixin.py:188} INFO - [2025-11-13T17:58:12.728+0530] {dag.py:3089} INFO - Sync 1 DAGs
[2025-11-13T17:58:12.749+0530] {logging_mixin.py:188} INFO - [2025-11-13T17:58:12.748+0530] {dag.py:3947} INFO - Setting next_dagrun for example_xcom to 2021-01-01 00:00:00+00:00, run_after=2021-01-01 00:00:00+00:00
[2025-11-13T17:58:12.768+0530] {processor.py:183} INFO - Processing /home/logi/txtai/venv/lib/python3.10/site-packages/airflow/example_dags/example_xcom.py took 0.083 seconds
[2025-11-13T23:22:10.769+0530] {processor.py:161} INFO - Started process (PID=5755) to work on /home/logi/txtai/venv/lib/python3.10/site-packages/airflow/example_dags/example_xcom.py
[2025-11-13T23:22:10.771+0530] {processor.py:830} INFO - Processing file /home/logi/txtai/venv/lib/python3.10/site-packages/airflow/example_dags/example_xcom.py for tasks to queue
[2025-11-13T23:22:10.772+0530] {logging_mixin.py:188} INFO - [2025-11-13T23:22:10.772+0530] {dagbag.py:545} INFO - Filling up the DagBag from /home/logi/txtai/venv/lib/python3.10/site-packages/airflow/example_dags/example_xcom.py
[2025-11-13T23:22:10.782+0530] {processor.py:840} INFO - DAG(s) 'example_xcom' retrieved from /home/logi/txtai/venv/lib/python3.10/site-packages/airflow/example_dags/example_xcom.py
[2025-11-13T23:22:10.819+0530] {logging_mixin.py:188} INFO - [2025-11-13T23:22:10.818+0530] {dag.py:3089} INFO - Sync 1 DAGs
[2025-11-13T23:22:10.837+0530] {logging_mixin.py:188} INFO - [2025-11-13T23:22:10.837+0530] {dag.py:3947} INFO - Setting next_dagrun for example_xcom to 2021-01-01 00:00:00+00:00, run_after=2021-01-01 00:00:00+00:00
[2025-11-13T23:22:10.857+0530] {processor.py:183} INFO - Processing /home/logi/txtai/venv/lib/python3.10/site-packages/airflow/example_dags/example_xcom.py took 0.094 seconds
[2025-11-13T23:22:42.011+0530] {processor.py:161} INFO - Started process (PID=6487) to work on /home/logi/txtai/venv/lib/python3.10/site-packages/airflow/example_dags/example_xcom.py
[2025-11-13T23:22:42.013+0530] {processor.py:830} INFO - Processing file /home/logi/txtai/venv/lib/python3.10/site-packages/airflow/example_dags/example_xcom.py for tasks to queue
[2025-11-13T23:22:42.016+0530] {logging_mixin.py:188} INFO - [2025-11-13T23:22:42.015+0530] {dagbag.py:545} INFO - Filling up the DagBag from /home/logi/txtai/venv/lib/python3.10/site-packages/airflow/example_dags/example_xcom.py
[2025-11-13T23:22:42.029+0530] {processor.py:840} INFO - DAG(s) 'example_xcom' retrieved from /home/logi/txtai/venv/lib/python3.10/site-packages/airflow/example_dags/example_xcom.py
[2025-11-13T23:22:42.074+0530] {logging_mixin.py:188} INFO - [2025-11-13T23:22:42.074+0530] {dag.py:3089} INFO - Sync 1 DAGs
[2025-11-13T23:22:42.104+0530] {logging_mixin.py:188} INFO - [2025-11-13T23:22:42.104+0530] {dag.py:3947} INFO - Setting next_dagrun for example_xcom to 2021-01-01 00:00:00+00:00, run_after=2021-01-01 00:00:00+00:00
[2025-11-13T23:22:42.133+0530] {processor.py:183} INFO - Processing /home/logi/txtai/venv/lib/python3.10/site-packages/airflow/example_dags/example_xcom.py took 0.136 seconds
[2025-11-13T23:23:13.318+0530] {processor.py:161} INFO - Started process (PID=7190) to work on /home/logi/txtai/venv/lib/python3.10/site-packages/airflow/example_dags/example_xcom.py
[2025-11-13T23:23:13.320+0530] {processor.py:830} INFO - Processing file /home/logi/txtai/venv/lib/python3.10/site-packages/airflow/example_dags/example_xcom.py for tasks to queue
[2025-11-13T23:23:13.323+0530] {logging_mixin.py:188} INFO - [2025-11-13T23:23:13.322+0530] {dagbag.py:545} INFO - Filling up the DagBag from /home/logi/txtai/venv/lib/python3.10/site-packages/airflow/example_dags/example_xcom.py
[2025-11-13T23:23:13.334+0530] {processor.py:840} INFO - DAG(s) 'example_xcom' retrieved from /home/logi/txtai/venv/lib/python3.10/site-packages/airflow/example_dags/example_xcom.py
[2025-11-13T23:23:13.370+0530] {logging_mixin.py:188} INFO - [2025-11-13T23:23:13.369+0530] {dag.py:3089} INFO - Sync 1 DAGs
[2025-11-13T23:23:13.390+0530] {logging_mixin.py:188} INFO - [2025-11-13T23:23:13.390+0530] {dag.py:3947} INFO - Setting next_dagrun for example_xcom to 2021-01-01 00:00:00+00:00, run_after=2021-01-01 00:00:00+00:00
[2025-11-13T23:23:13.409+0530] {processor.py:183} INFO - Processing /home/logi/txtai/venv/lib/python3.10/site-packages/airflow/example_dags/example_xcom.py took 0.100 seconds
[2025-11-13T23:23:45.185+0530] {processor.py:161} INFO - Started process (PID=7434) to work on /home/logi/txtai/venv/lib/python3.10/site-packages/airflow/example_dags/example_xcom.py
[2025-11-13T23:23:45.188+0530] {processor.py:830} INFO - Processing file /home/logi/txtai/venv/lib/python3.10/site-packages/airflow/example_dags/example_xcom.py for tasks to queue
[2025-11-13T23:23:45.191+0530] {logging_mixin.py:188} INFO - [2025-11-13T23:23:45.190+0530] {dagbag.py:545} INFO - Filling up the DagBag from /home/logi/txtai/venv/lib/python3.10/site-packages/airflow/example_dags/example_xcom.py
[2025-11-13T23:23:45.207+0530] {processor.py:840} INFO - DAG(s) 'example_xcom' retrieved from /home/logi/txtai/venv/lib/python3.10/site-packages/airflow/example_dags/example_xcom.py
[2025-11-13T23:23:45.273+0530] {logging_mixin.py:188} INFO - [2025-11-13T23:23:45.272+0530] {dag.py:3089} INFO - Sync 1 DAGs
[2025-11-13T23:23:45.314+0530] {logging_mixin.py:188} INFO - [2025-11-13T23:23:45.313+0530] {dag.py:3947} INFO - Setting next_dagrun for example_xcom to 2021-01-01 00:00:00+00:00, run_after=2021-01-01 00:00:00+00:00
[2025-11-13T23:23:45.350+0530] {processor.py:183} INFO - Processing /home/logi/txtai/venv/lib/python3.10/site-packages/airflow/example_dags/example_xcom.py took 0.178 seconds
