[2025-11-13T05:51:32.385+0530] {processor.py:161} INFO - Started process (PID=7001) to work on /home/logi/txtai/venv/lib/python3.10/site-packages/airflow/example_dags/example_bash_decorator.py
[2025-11-13T05:51:32.387+0530] {processor.py:830} INFO - Processing file /home/logi/txtai/venv/lib/python3.10/site-packages/airflow/example_dags/example_bash_decorator.py for tasks to queue
[2025-11-13T05:51:32.391+0530] {logging_mixin.py:188} INFO - [2025-11-13T05:51:32.390+0530] {dagbag.py:545} INFO - Filling up the DagBag from /home/logi/txtai/venv/lib/python3.10/site-packages/airflow/example_dags/example_bash_decorator.py
[2025-11-13T05:51:32.405+0530] {processor.py:840} INFO - DAG(s) 'example_bash_decorator' retrieved from /home/logi/txtai/venv/lib/python3.10/site-packages/airflow/example_dags/example_bash_decorator.py
[2025-11-13T05:51:32.475+0530] {logging_mixin.py:188} INFO - [2025-11-13T05:51:32.475+0530] {dag.py:3089} INFO - Sync 1 DAGs
[2025-11-13T05:51:32.482+0530] {logging_mixin.py:188} INFO - [2025-11-13T05:51:32.482+0530] {dag.py:3947} INFO - Setting next_dagrun for example_bash_decorator to None, run_after=None
[2025-11-13T05:51:32.510+0530] {processor.py:183} INFO - Processing /home/logi/txtai/venv/lib/python3.10/site-packages/airflow/example_dags/example_bash_decorator.py took 0.137 seconds
[2025-11-13T05:54:55.035+0530] {processor.py:161} INFO - Started process (PID=9338) to work on /home/logi/txtai/venv/lib/python3.10/site-packages/airflow/example_dags/example_bash_decorator.py
[2025-11-13T05:54:55.036+0530] {processor.py:830} INFO - Processing file /home/logi/txtai/venv/lib/python3.10/site-packages/airflow/example_dags/example_bash_decorator.py for tasks to queue
[2025-11-13T05:54:55.040+0530] {logging_mixin.py:188} INFO - [2025-11-13T05:54:55.039+0530] {dagbag.py:545} INFO - Filling up the DagBag from /home/logi/txtai/venv/lib/python3.10/site-packages/airflow/example_dags/example_bash_decorator.py
[2025-11-13T05:54:55.052+0530] {processor.py:840} INFO - DAG(s) 'example_bash_decorator' retrieved from /home/logi/txtai/venv/lib/python3.10/site-packages/airflow/example_dags/example_bash_decorator.py
[2025-11-13T05:54:55.070+0530] {logging_mixin.py:188} INFO - [2025-11-13T05:54:55.070+0530] {dag.py:3089} INFO - Sync 1 DAGs
[2025-11-13T05:54:55.080+0530] {logging_mixin.py:188} INFO - [2025-11-13T05:54:55.080+0530] {dag.py:3947} INFO - Setting next_dagrun for example_bash_decorator to None, run_after=None
[2025-11-13T05:54:55.101+0530] {processor.py:183} INFO - Processing /home/logi/txtai/venv/lib/python3.10/site-packages/airflow/example_dags/example_bash_decorator.py took 0.072 seconds
[2025-11-13T05:57:45.038+0530] {processor.py:161} INFO - Started process (PID=11052) to work on /home/logi/txtai/venv/lib/python3.10/site-packages/airflow/example_dags/example_bash_decorator.py
[2025-11-13T05:57:45.051+0530] {processor.py:830} INFO - Processing file /home/logi/txtai/venv/lib/python3.10/site-packages/airflow/example_dags/example_bash_decorator.py for tasks to queue
[2025-11-13T05:57:45.054+0530] {logging_mixin.py:188} INFO - [2025-11-13T05:57:45.054+0530] {dagbag.py:545} INFO - Filling up the DagBag from /home/logi/txtai/venv/lib/python3.10/site-packages/airflow/example_dags/example_bash_decorator.py
[2025-11-13T05:57:45.073+0530] {processor.py:840} INFO - DAG(s) 'example_bash_decorator' retrieved from /home/logi/txtai/venv/lib/python3.10/site-packages/airflow/example_dags/example_bash_decorator.py
[2025-11-13T05:57:45.093+0530] {logging_mixin.py:188} INFO - [2025-11-13T05:57:45.093+0530] {dag.py:3089} INFO - Sync 1 DAGs
[2025-11-13T05:57:45.103+0530] {logging_mixin.py:188} INFO - [2025-11-13T05:57:45.103+0530] {dag.py:3947} INFO - Setting next_dagrun for example_bash_decorator to None, run_after=None
[2025-11-13T05:57:45.123+0530] {processor.py:183} INFO - Processing /home/logi/txtai/venv/lib/python3.10/site-packages/airflow/example_dags/example_bash_decorator.py took 0.095 seconds
[2025-11-13T06:02:07.232+0530] {processor.py:161} INFO - Started process (PID=13902) to work on /home/logi/txtai/venv/lib/python3.10/site-packages/airflow/example_dags/example_bash_decorator.py
[2025-11-13T06:02:07.245+0530] {processor.py:830} INFO - Processing file /home/logi/txtai/venv/lib/python3.10/site-packages/airflow/example_dags/example_bash_decorator.py for tasks to queue
[2025-11-13T06:02:07.249+0530] {logging_mixin.py:188} INFO - [2025-11-13T06:02:07.248+0530] {dagbag.py:545} INFO - Filling up the DagBag from /home/logi/txtai/venv/lib/python3.10/site-packages/airflow/example_dags/example_bash_decorator.py
[2025-11-13T06:02:07.274+0530] {processor.py:840} INFO - DAG(s) 'example_bash_decorator' retrieved from /home/logi/txtai/venv/lib/python3.10/site-packages/airflow/example_dags/example_bash_decorator.py
[2025-11-13T06:02:07.305+0530] {logging_mixin.py:188} INFO - [2025-11-13T06:02:07.304+0530] {dag.py:3089} INFO - Sync 1 DAGs
[2025-11-13T06:02:07.314+0530] {logging_mixin.py:188} INFO - [2025-11-13T06:02:07.314+0530] {dag.py:3947} INFO - Setting next_dagrun for example_bash_decorator to None, run_after=None
[2025-11-13T06:02:07.337+0530] {processor.py:183} INFO - Processing /home/logi/txtai/venv/lib/python3.10/site-packages/airflow/example_dags/example_bash_decorator.py took 0.111 seconds
[2025-11-13T10:40:45.209+0530] {processor.py:161} INFO - Started process (PID=17150) to work on /home/logi/txtai/venv/lib/python3.10/site-packages/airflow/example_dags/example_bash_decorator.py
[2025-11-13T10:40:45.211+0530] {processor.py:830} INFO - Processing file /home/logi/txtai/venv/lib/python3.10/site-packages/airflow/example_dags/example_bash_decorator.py for tasks to queue
[2025-11-13T10:40:45.214+0530] {logging_mixin.py:188} INFO - [2025-11-13T10:40:45.214+0530] {dagbag.py:545} INFO - Filling up the DagBag from /home/logi/txtai/venv/lib/python3.10/site-packages/airflow/example_dags/example_bash_decorator.py
[2025-11-13T10:40:45.237+0530] {processor.py:840} INFO - DAG(s) 'example_bash_decorator' retrieved from /home/logi/txtai/venv/lib/python3.10/site-packages/airflow/example_dags/example_bash_decorator.py
[2025-11-13T10:40:45.380+0530] {logging_mixin.py:188} INFO - [2025-11-13T10:40:45.379+0530] {override.py:1858} INFO - Created Permission View: can edit on DAG:example_bash_decorator
[2025-11-13T10:40:45.398+0530] {logging_mixin.py:188} INFO - [2025-11-13T10:40:45.398+0530] {override.py:1858} INFO - Created Permission View: can read on DAG:example_bash_decorator
[2025-11-13T10:40:45.412+0530] {logging_mixin.py:188} INFO - [2025-11-13T10:40:45.412+0530] {override.py:1858} INFO - Created Permission View: can delete on DAG:example_bash_decorator
[2025-11-13T10:40:45.413+0530] {logging_mixin.py:188} INFO - [2025-11-13T10:40:45.413+0530] {dag.py:3089} INFO - Sync 1 DAGs
[2025-11-13T10:40:45.435+0530] {logging_mixin.py:188} INFO - [2025-11-13T10:40:45.434+0530] {dag.py:3111} INFO - Creating ORM DAG for example_bash_decorator
[2025-11-13T10:40:45.437+0530] {logging_mixin.py:188} INFO - [2025-11-13T10:40:45.436+0530] {dag.py:3947} INFO - Setting next_dagrun for example_bash_decorator to None, run_after=None
[2025-11-13T10:40:45.469+0530] {processor.py:183} INFO - Processing /home/logi/txtai/venv/lib/python3.10/site-packages/airflow/example_dags/example_bash_decorator.py took 0.270 seconds
[2025-11-13T10:41:16.179+0530] {processor.py:161} INFO - Started process (PID=17581) to work on /home/logi/txtai/venv/lib/python3.10/site-packages/airflow/example_dags/example_bash_decorator.py
[2025-11-13T10:41:16.182+0530] {processor.py:830} INFO - Processing file /home/logi/txtai/venv/lib/python3.10/site-packages/airflow/example_dags/example_bash_decorator.py for tasks to queue
[2025-11-13T10:41:16.185+0530] {logging_mixin.py:188} INFO - [2025-11-13T10:41:16.185+0530] {dagbag.py:545} INFO - Filling up the DagBag from /home/logi/txtai/venv/lib/python3.10/site-packages/airflow/example_dags/example_bash_decorator.py
[2025-11-13T10:41:16.206+0530] {processor.py:840} INFO - DAG(s) 'example_bash_decorator' retrieved from /home/logi/txtai/venv/lib/python3.10/site-packages/airflow/example_dags/example_bash_decorator.py
[2025-11-13T10:41:16.266+0530] {logging_mixin.py:188} INFO - [2025-11-13T10:41:16.265+0530] {dag.py:3089} INFO - Sync 1 DAGs
[2025-11-13T10:41:16.292+0530] {logging_mixin.py:188} INFO - [2025-11-13T10:41:16.292+0530] {dag.py:3947} INFO - Setting next_dagrun for example_bash_decorator to None, run_after=None
[2025-11-13T10:41:16.330+0530] {processor.py:183} INFO - Processing /home/logi/txtai/venv/lib/python3.10/site-packages/airflow/example_dags/example_bash_decorator.py took 0.163 seconds
[2025-11-13T10:41:47.141+0530] {processor.py:161} INFO - Started process (PID=18205) to work on /home/logi/txtai/venv/lib/python3.10/site-packages/airflow/example_dags/example_bash_decorator.py
[2025-11-13T10:41:47.143+0530] {processor.py:830} INFO - Processing file /home/logi/txtai/venv/lib/python3.10/site-packages/airflow/example_dags/example_bash_decorator.py for tasks to queue
[2025-11-13T10:41:47.148+0530] {logging_mixin.py:188} INFO - [2025-11-13T10:41:47.147+0530] {dagbag.py:545} INFO - Filling up the DagBag from /home/logi/txtai/venv/lib/python3.10/site-packages/airflow/example_dags/example_bash_decorator.py
[2025-11-13T10:41:47.174+0530] {processor.py:840} INFO - DAG(s) 'example_bash_decorator' retrieved from /home/logi/txtai/venv/lib/python3.10/site-packages/airflow/example_dags/example_bash_decorator.py
[2025-11-13T10:41:47.233+0530] {logging_mixin.py:188} INFO - [2025-11-13T10:41:47.233+0530] {dag.py:3089} INFO - Sync 1 DAGs
[2025-11-13T10:41:47.259+0530] {logging_mixin.py:188} INFO - [2025-11-13T10:41:47.259+0530] {dag.py:3947} INFO - Setting next_dagrun for example_bash_decorator to None, run_after=None
[2025-11-13T10:41:47.308+0530] {processor.py:183} INFO - Processing /home/logi/txtai/venv/lib/python3.10/site-packages/airflow/example_dags/example_bash_decorator.py took 0.182 seconds
[2025-11-13T10:42:18.096+0530] {processor.py:161} INFO - Started process (PID=18804) to work on /home/logi/txtai/venv/lib/python3.10/site-packages/airflow/example_dags/example_bash_decorator.py
[2025-11-13T10:42:18.099+0530] {processor.py:830} INFO - Processing file /home/logi/txtai/venv/lib/python3.10/site-packages/airflow/example_dags/example_bash_decorator.py for tasks to queue
[2025-11-13T10:42:18.103+0530] {logging_mixin.py:188} INFO - [2025-11-13T10:42:18.102+0530] {dagbag.py:545} INFO - Filling up the DagBag from /home/logi/txtai/venv/lib/python3.10/site-packages/airflow/example_dags/example_bash_decorator.py
[2025-11-13T10:42:18.134+0530] {processor.py:840} INFO - DAG(s) 'example_bash_decorator' retrieved from /home/logi/txtai/venv/lib/python3.10/site-packages/airflow/example_dags/example_bash_decorator.py
[2025-11-13T10:42:18.187+0530] {logging_mixin.py:188} INFO - [2025-11-13T10:42:18.187+0530] {dag.py:3089} INFO - Sync 1 DAGs
[2025-11-13T10:42:18.201+0530] {logging_mixin.py:188} INFO - [2025-11-13T10:42:18.201+0530] {dag.py:3947} INFO - Setting next_dagrun for example_bash_decorator to None, run_after=None
[2025-11-13T10:42:18.246+0530] {processor.py:183} INFO - Processing /home/logi/txtai/venv/lib/python3.10/site-packages/airflow/example_dags/example_bash_decorator.py took 0.166 seconds
[2025-11-13T10:42:48.638+0530] {processor.py:161} INFO - Started process (PID=19019) to work on /home/logi/txtai/venv/lib/python3.10/site-packages/airflow/example_dags/example_bash_decorator.py
[2025-11-13T10:42:48.640+0530] {processor.py:830} INFO - Processing file /home/logi/txtai/venv/lib/python3.10/site-packages/airflow/example_dags/example_bash_decorator.py for tasks to queue
[2025-11-13T10:42:48.643+0530] {logging_mixin.py:188} INFO - [2025-11-13T10:42:48.642+0530] {dagbag.py:545} INFO - Filling up the DagBag from /home/logi/txtai/venv/lib/python3.10/site-packages/airflow/example_dags/example_bash_decorator.py
[2025-11-13T10:42:48.665+0530] {processor.py:840} INFO - DAG(s) 'example_bash_decorator' retrieved from /home/logi/txtai/venv/lib/python3.10/site-packages/airflow/example_dags/example_bash_decorator.py
[2025-11-13T10:42:48.727+0530] {logging_mixin.py:188} INFO - [2025-11-13T10:42:48.727+0530] {dag.py:3089} INFO - Sync 1 DAGs
[2025-11-13T10:42:48.753+0530] {logging_mixin.py:188} INFO - [2025-11-13T10:42:48.753+0530] {dag.py:3947} INFO - Setting next_dagrun for example_bash_decorator to None, run_after=None
[2025-11-13T10:42:48.804+0530] {processor.py:183} INFO - Processing /home/logi/txtai/venv/lib/python3.10/site-packages/airflow/example_dags/example_bash_decorator.py took 0.179 seconds
[2025-11-13T10:43:18.954+0530] {processor.py:161} INFO - Started process (PID=19160) to work on /home/logi/txtai/venv/lib/python3.10/site-packages/airflow/example_dags/example_bash_decorator.py
[2025-11-13T10:43:18.956+0530] {processor.py:830} INFO - Processing file /home/logi/txtai/venv/lib/python3.10/site-packages/airflow/example_dags/example_bash_decorator.py for tasks to queue
[2025-11-13T10:43:18.958+0530] {logging_mixin.py:188} INFO - [2025-11-13T10:43:18.958+0530] {dagbag.py:545} INFO - Filling up the DagBag from /home/logi/txtai/venv/lib/python3.10/site-packages/airflow/example_dags/example_bash_decorator.py
[2025-11-13T10:43:18.979+0530] {processor.py:840} INFO - DAG(s) 'example_bash_decorator' retrieved from /home/logi/txtai/venv/lib/python3.10/site-packages/airflow/example_dags/example_bash_decorator.py
[2025-11-13T10:43:19.037+0530] {logging_mixin.py:188} INFO - [2025-11-13T10:43:19.036+0530] {dag.py:3089} INFO - Sync 1 DAGs
[2025-11-13T10:43:19.059+0530] {logging_mixin.py:188} INFO - [2025-11-13T10:43:19.059+0530] {dag.py:3947} INFO - Setting next_dagrun for example_bash_decorator to None, run_after=None
[2025-11-13T10:43:19.104+0530] {processor.py:183} INFO - Processing /home/logi/txtai/venv/lib/python3.10/site-packages/airflow/example_dags/example_bash_decorator.py took 0.161 seconds
[2025-11-13T10:43:50.489+0530] {processor.py:161} INFO - Started process (PID=19303) to work on /home/logi/txtai/venv/lib/python3.10/site-packages/airflow/example_dags/example_bash_decorator.py
[2025-11-13T10:43:50.491+0530] {processor.py:830} INFO - Processing file /home/logi/txtai/venv/lib/python3.10/site-packages/airflow/example_dags/example_bash_decorator.py for tasks to queue
[2025-11-13T10:43:50.494+0530] {logging_mixin.py:188} INFO - [2025-11-13T10:43:50.494+0530] {dagbag.py:545} INFO - Filling up the DagBag from /home/logi/txtai/venv/lib/python3.10/site-packages/airflow/example_dags/example_bash_decorator.py
[2025-11-13T10:43:50.515+0530] {processor.py:840} INFO - DAG(s) 'example_bash_decorator' retrieved from /home/logi/txtai/venv/lib/python3.10/site-packages/airflow/example_dags/example_bash_decorator.py
[2025-11-13T10:43:50.561+0530] {logging_mixin.py:188} INFO - [2025-11-13T10:43:50.561+0530] {dag.py:3089} INFO - Sync 1 DAGs
[2025-11-13T10:43:50.579+0530] {logging_mixin.py:188} INFO - [2025-11-13T10:43:50.579+0530] {dag.py:3947} INFO - Setting next_dagrun for example_bash_decorator to None, run_after=None
[2025-11-13T10:43:50.610+0530] {processor.py:183} INFO - Processing /home/logi/txtai/venv/lib/python3.10/site-packages/airflow/example_dags/example_bash_decorator.py took 0.131 seconds
[2025-11-13T10:44:21.918+0530] {processor.py:161} INFO - Started process (PID=19447) to work on /home/logi/txtai/venv/lib/python3.10/site-packages/airflow/example_dags/example_bash_decorator.py
[2025-11-13T10:44:21.920+0530] {processor.py:830} INFO - Processing file /home/logi/txtai/venv/lib/python3.10/site-packages/airflow/example_dags/example_bash_decorator.py for tasks to queue
[2025-11-13T10:44:21.923+0530] {logging_mixin.py:188} INFO - [2025-11-13T10:44:21.923+0530] {dagbag.py:545} INFO - Filling up the DagBag from /home/logi/txtai/venv/lib/python3.10/site-packages/airflow/example_dags/example_bash_decorator.py
[2025-11-13T10:44:21.943+0530] {processor.py:840} INFO - DAG(s) 'example_bash_decorator' retrieved from /home/logi/txtai/venv/lib/python3.10/site-packages/airflow/example_dags/example_bash_decorator.py
[2025-11-13T10:44:22.006+0530] {logging_mixin.py:188} INFO - [2025-11-13T10:44:22.005+0530] {dag.py:3089} INFO - Sync 1 DAGs
[2025-11-13T10:44:22.028+0530] {logging_mixin.py:188} INFO - [2025-11-13T10:44:22.027+0530] {dag.py:3947} INFO - Setting next_dagrun for example_bash_decorator to None, run_after=None
[2025-11-13T10:44:22.061+0530] {processor.py:183} INFO - Processing /home/logi/txtai/venv/lib/python3.10/site-packages/airflow/example_dags/example_bash_decorator.py took 0.154 seconds
[2025-11-13T10:44:53.474+0530] {processor.py:161} INFO - Started process (PID=19588) to work on /home/logi/txtai/venv/lib/python3.10/site-packages/airflow/example_dags/example_bash_decorator.py
[2025-11-13T10:44:53.475+0530] {processor.py:830} INFO - Processing file /home/logi/txtai/venv/lib/python3.10/site-packages/airflow/example_dags/example_bash_decorator.py for tasks to queue
[2025-11-13T10:44:53.478+0530] {logging_mixin.py:188} INFO - [2025-11-13T10:44:53.478+0530] {dagbag.py:545} INFO - Filling up the DagBag from /home/logi/txtai/venv/lib/python3.10/site-packages/airflow/example_dags/example_bash_decorator.py
[2025-11-13T10:44:53.498+0530] {processor.py:840} INFO - DAG(s) 'example_bash_decorator' retrieved from /home/logi/txtai/venv/lib/python3.10/site-packages/airflow/example_dags/example_bash_decorator.py
[2025-11-13T10:44:53.542+0530] {logging_mixin.py:188} INFO - [2025-11-13T10:44:53.542+0530] {dag.py:3089} INFO - Sync 1 DAGs
[2025-11-13T10:44:53.554+0530] {logging_mixin.py:188} INFO - [2025-11-13T10:44:53.554+0530] {dag.py:3947} INFO - Setting next_dagrun for example_bash_decorator to None, run_after=None
[2025-11-13T10:44:53.584+0530] {processor.py:183} INFO - Processing /home/logi/txtai/venv/lib/python3.10/site-packages/airflow/example_dags/example_bash_decorator.py took 0.122 seconds
[2025-11-13T10:45:24.223+0530] {processor.py:161} INFO - Started process (PID=19733) to work on /home/logi/txtai/venv/lib/python3.10/site-packages/airflow/example_dags/example_bash_decorator.py
[2025-11-13T10:45:24.224+0530] {processor.py:830} INFO - Processing file /home/logi/txtai/venv/lib/python3.10/site-packages/airflow/example_dags/example_bash_decorator.py for tasks to queue
[2025-11-13T10:45:24.227+0530] {logging_mixin.py:188} INFO - [2025-11-13T10:45:24.227+0530] {dagbag.py:545} INFO - Filling up the DagBag from /home/logi/txtai/venv/lib/python3.10/site-packages/airflow/example_dags/example_bash_decorator.py
[2025-11-13T10:45:24.247+0530] {processor.py:840} INFO - DAG(s) 'example_bash_decorator' retrieved from /home/logi/txtai/venv/lib/python3.10/site-packages/airflow/example_dags/example_bash_decorator.py
[2025-11-13T10:45:24.309+0530] {logging_mixin.py:188} INFO - [2025-11-13T10:45:24.309+0530] {dag.py:3089} INFO - Sync 1 DAGs
[2025-11-13T10:45:24.334+0530] {logging_mixin.py:188} INFO - [2025-11-13T10:45:24.334+0530] {dag.py:3947} INFO - Setting next_dagrun for example_bash_decorator to None, run_after=None
[2025-11-13T10:45:24.369+0530] {processor.py:183} INFO - Processing /home/logi/txtai/venv/lib/python3.10/site-packages/airflow/example_dags/example_bash_decorator.py took 0.157 seconds
[2025-11-13T10:45:55.030+0530] {processor.py:161} INFO - Started process (PID=19902) to work on /home/logi/txtai/venv/lib/python3.10/site-packages/airflow/example_dags/example_bash_decorator.py
[2025-11-13T10:45:55.031+0530] {processor.py:830} INFO - Processing file /home/logi/txtai/venv/lib/python3.10/site-packages/airflow/example_dags/example_bash_decorator.py for tasks to queue
[2025-11-13T10:45:55.034+0530] {logging_mixin.py:188} INFO - [2025-11-13T10:45:55.034+0530] {dagbag.py:545} INFO - Filling up the DagBag from /home/logi/txtai/venv/lib/python3.10/site-packages/airflow/example_dags/example_bash_decorator.py
[2025-11-13T10:45:55.054+0530] {processor.py:840} INFO - DAG(s) 'example_bash_decorator' retrieved from /home/logi/txtai/venv/lib/python3.10/site-packages/airflow/example_dags/example_bash_decorator.py
[2025-11-13T10:45:55.089+0530] {logging_mixin.py:188} INFO - [2025-11-13T10:45:55.089+0530] {dag.py:3089} INFO - Sync 1 DAGs
[2025-11-13T10:45:55.102+0530] {logging_mixin.py:188} INFO - [2025-11-13T10:45:55.102+0530] {dag.py:3947} INFO - Setting next_dagrun for example_bash_decorator to None, run_after=None
[2025-11-13T10:45:55.132+0530] {processor.py:183} INFO - Processing /home/logi/txtai/venv/lib/python3.10/site-packages/airflow/example_dags/example_bash_decorator.py took 0.112 seconds
[2025-11-13T10:46:26.916+0530] {processor.py:161} INFO - Started process (PID=20046) to work on /home/logi/txtai/venv/lib/python3.10/site-packages/airflow/example_dags/example_bash_decorator.py
[2025-11-13T10:46:26.918+0530] {processor.py:830} INFO - Processing file /home/logi/txtai/venv/lib/python3.10/site-packages/airflow/example_dags/example_bash_decorator.py for tasks to queue
[2025-11-13T10:46:26.921+0530] {logging_mixin.py:188} INFO - [2025-11-13T10:46:26.920+0530] {dagbag.py:545} INFO - Filling up the DagBag from /home/logi/txtai/venv/lib/python3.10/site-packages/airflow/example_dags/example_bash_decorator.py
[2025-11-13T10:46:26.942+0530] {processor.py:840} INFO - DAG(s) 'example_bash_decorator' retrieved from /home/logi/txtai/venv/lib/python3.10/site-packages/airflow/example_dags/example_bash_decorator.py
[2025-11-13T10:46:27.007+0530] {logging_mixin.py:188} INFO - [2025-11-13T10:46:27.007+0530] {dag.py:3089} INFO - Sync 1 DAGs
[2025-11-13T10:46:27.038+0530] {logging_mixin.py:188} INFO - [2025-11-13T10:46:27.037+0530] {dag.py:3947} INFO - Setting next_dagrun for example_bash_decorator to None, run_after=None
[2025-11-13T10:46:27.068+0530] {processor.py:183} INFO - Processing /home/logi/txtai/venv/lib/python3.10/site-packages/airflow/example_dags/example_bash_decorator.py took 0.164 seconds
[2025-11-13T10:46:57.506+0530] {processor.py:161} INFO - Started process (PID=20188) to work on /home/logi/txtai/venv/lib/python3.10/site-packages/airflow/example_dags/example_bash_decorator.py
[2025-11-13T10:46:57.508+0530] {processor.py:830} INFO - Processing file /home/logi/txtai/venv/lib/python3.10/site-packages/airflow/example_dags/example_bash_decorator.py for tasks to queue
[2025-11-13T10:46:57.510+0530] {logging_mixin.py:188} INFO - [2025-11-13T10:46:57.510+0530] {dagbag.py:545} INFO - Filling up the DagBag from /home/logi/txtai/venv/lib/python3.10/site-packages/airflow/example_dags/example_bash_decorator.py
[2025-11-13T10:46:57.532+0530] {processor.py:840} INFO - DAG(s) 'example_bash_decorator' retrieved from /home/logi/txtai/venv/lib/python3.10/site-packages/airflow/example_dags/example_bash_decorator.py
[2025-11-13T10:46:57.596+0530] {logging_mixin.py:188} INFO - [2025-11-13T10:46:57.596+0530] {dag.py:3089} INFO - Sync 1 DAGs
[2025-11-13T10:46:57.619+0530] {logging_mixin.py:188} INFO - [2025-11-13T10:46:57.619+0530] {dag.py:3947} INFO - Setting next_dagrun for example_bash_decorator to None, run_after=None
[2025-11-13T10:46:57.653+0530] {processor.py:183} INFO - Processing /home/logi/txtai/venv/lib/python3.10/site-packages/airflow/example_dags/example_bash_decorator.py took 0.158 seconds
[2025-11-13T10:47:28.763+0530] {processor.py:161} INFO - Started process (PID=20331) to work on /home/logi/txtai/venv/lib/python3.10/site-packages/airflow/example_dags/example_bash_decorator.py
[2025-11-13T10:47:28.765+0530] {processor.py:830} INFO - Processing file /home/logi/txtai/venv/lib/python3.10/site-packages/airflow/example_dags/example_bash_decorator.py for tasks to queue
[2025-11-13T10:47:28.768+0530] {logging_mixin.py:188} INFO - [2025-11-13T10:47:28.767+0530] {dagbag.py:545} INFO - Filling up the DagBag from /home/logi/txtai/venv/lib/python3.10/site-packages/airflow/example_dags/example_bash_decorator.py
[2025-11-13T10:47:28.789+0530] {processor.py:840} INFO - DAG(s) 'example_bash_decorator' retrieved from /home/logi/txtai/venv/lib/python3.10/site-packages/airflow/example_dags/example_bash_decorator.py
[2025-11-13T10:47:28.851+0530] {logging_mixin.py:188} INFO - [2025-11-13T10:47:28.851+0530] {dag.py:3089} INFO - Sync 1 DAGs
[2025-11-13T10:47:28.874+0530] {logging_mixin.py:188} INFO - [2025-11-13T10:47:28.874+0530] {dag.py:3947} INFO - Setting next_dagrun for example_bash_decorator to None, run_after=None
[2025-11-13T10:47:28.914+0530] {processor.py:183} INFO - Processing /home/logi/txtai/venv/lib/python3.10/site-packages/airflow/example_dags/example_bash_decorator.py took 0.161 seconds
[2025-11-13T10:48:00.665+0530] {processor.py:161} INFO - Started process (PID=20474) to work on /home/logi/txtai/venv/lib/python3.10/site-packages/airflow/example_dags/example_bash_decorator.py
[2025-11-13T10:48:00.667+0530] {processor.py:830} INFO - Processing file /home/logi/txtai/venv/lib/python3.10/site-packages/airflow/example_dags/example_bash_decorator.py for tasks to queue
[2025-11-13T10:48:00.671+0530] {logging_mixin.py:188} INFO - [2025-11-13T10:48:00.670+0530] {dagbag.py:545} INFO - Filling up the DagBag from /home/logi/txtai/venv/lib/python3.10/site-packages/airflow/example_dags/example_bash_decorator.py
[2025-11-13T10:48:00.695+0530] {processor.py:840} INFO - DAG(s) 'example_bash_decorator' retrieved from /home/logi/txtai/venv/lib/python3.10/site-packages/airflow/example_dags/example_bash_decorator.py
[2025-11-13T10:48:00.735+0530] {logging_mixin.py:188} INFO - [2025-11-13T10:48:00.735+0530] {dag.py:3089} INFO - Sync 1 DAGs
[2025-11-13T10:48:00.747+0530] {logging_mixin.py:188} INFO - [2025-11-13T10:48:00.746+0530] {dag.py:3947} INFO - Setting next_dagrun for example_bash_decorator to None, run_after=None
[2025-11-13T10:48:00.763+0530] {processor.py:183} INFO - Processing /home/logi/txtai/venv/lib/python3.10/site-packages/airflow/example_dags/example_bash_decorator.py took 0.109 seconds
[2025-11-13T10:48:31.739+0530] {processor.py:161} INFO - Started process (PID=20616) to work on /home/logi/txtai/venv/lib/python3.10/site-packages/airflow/example_dags/example_bash_decorator.py
[2025-11-13T10:48:31.741+0530] {processor.py:830} INFO - Processing file /home/logi/txtai/venv/lib/python3.10/site-packages/airflow/example_dags/example_bash_decorator.py for tasks to queue
[2025-11-13T10:48:31.744+0530] {logging_mixin.py:188} INFO - [2025-11-13T10:48:31.743+0530] {dagbag.py:545} INFO - Filling up the DagBag from /home/logi/txtai/venv/lib/python3.10/site-packages/airflow/example_dags/example_bash_decorator.py
[2025-11-13T10:48:31.764+0530] {processor.py:840} INFO - DAG(s) 'example_bash_decorator' retrieved from /home/logi/txtai/venv/lib/python3.10/site-packages/airflow/example_dags/example_bash_decorator.py
[2025-11-13T10:48:31.825+0530] {logging_mixin.py:188} INFO - [2025-11-13T10:48:31.825+0530] {dag.py:3089} INFO - Sync 1 DAGs
[2025-11-13T10:48:31.848+0530] {logging_mixin.py:188} INFO - [2025-11-13T10:48:31.848+0530] {dag.py:3947} INFO - Setting next_dagrun for example_bash_decorator to None, run_after=None
[2025-11-13T10:48:31.885+0530] {processor.py:183} INFO - Processing /home/logi/txtai/venv/lib/python3.10/site-packages/airflow/example_dags/example_bash_decorator.py took 0.157 seconds
[2025-11-13T10:49:02.056+0530] {processor.py:161} INFO - Started process (PID=20759) to work on /home/logi/txtai/venv/lib/python3.10/site-packages/airflow/example_dags/example_bash_decorator.py
[2025-11-13T10:49:02.058+0530] {processor.py:830} INFO - Processing file /home/logi/txtai/venv/lib/python3.10/site-packages/airflow/example_dags/example_bash_decorator.py for tasks to queue
[2025-11-13T10:49:02.061+0530] {logging_mixin.py:188} INFO - [2025-11-13T10:49:02.060+0530] {dagbag.py:545} INFO - Filling up the DagBag from /home/logi/txtai/venv/lib/python3.10/site-packages/airflow/example_dags/example_bash_decorator.py
[2025-11-13T10:49:02.082+0530] {processor.py:840} INFO - DAG(s) 'example_bash_decorator' retrieved from /home/logi/txtai/venv/lib/python3.10/site-packages/airflow/example_dags/example_bash_decorator.py
[2025-11-13T10:49:02.142+0530] {logging_mixin.py:188} INFO - [2025-11-13T10:49:02.142+0530] {dag.py:3089} INFO - Sync 1 DAGs
[2025-11-13T10:49:02.163+0530] {logging_mixin.py:188} INFO - [2025-11-13T10:49:02.163+0530] {dag.py:3947} INFO - Setting next_dagrun for example_bash_decorator to None, run_after=None
[2025-11-13T10:49:02.196+0530] {processor.py:183} INFO - Processing /home/logi/txtai/venv/lib/python3.10/site-packages/airflow/example_dags/example_bash_decorator.py took 0.150 seconds
[2025-11-13T10:49:32.704+0530] {processor.py:161} INFO - Started process (PID=20905) to work on /home/logi/txtai/venv/lib/python3.10/site-packages/airflow/example_dags/example_bash_decorator.py
[2025-11-13T10:49:32.706+0530] {processor.py:830} INFO - Processing file /home/logi/txtai/venv/lib/python3.10/site-packages/airflow/example_dags/example_bash_decorator.py for tasks to queue
[2025-11-13T10:49:32.709+0530] {logging_mixin.py:188} INFO - [2025-11-13T10:49:32.708+0530] {dagbag.py:545} INFO - Filling up the DagBag from /home/logi/txtai/venv/lib/python3.10/site-packages/airflow/example_dags/example_bash_decorator.py
[2025-11-13T10:49:32.729+0530] {processor.py:840} INFO - DAG(s) 'example_bash_decorator' retrieved from /home/logi/txtai/venv/lib/python3.10/site-packages/airflow/example_dags/example_bash_decorator.py
[2025-11-13T10:49:32.791+0530] {logging_mixin.py:188} INFO - [2025-11-13T10:49:32.791+0530] {dag.py:3089} INFO - Sync 1 DAGs
[2025-11-13T10:49:32.813+0530] {logging_mixin.py:188} INFO - [2025-11-13T10:49:32.813+0530] {dag.py:3947} INFO - Setting next_dagrun for example_bash_decorator to None, run_after=None
[2025-11-13T10:49:32.849+0530] {processor.py:183} INFO - Processing /home/logi/txtai/venv/lib/python3.10/site-packages/airflow/example_dags/example_bash_decorator.py took 0.155 seconds
[2025-11-13T10:50:03.985+0530] {processor.py:161} INFO - Started process (PID=21046) to work on /home/logi/txtai/venv/lib/python3.10/site-packages/airflow/example_dags/example_bash_decorator.py
[2025-11-13T10:50:03.987+0530] {processor.py:830} INFO - Processing file /home/logi/txtai/venv/lib/python3.10/site-packages/airflow/example_dags/example_bash_decorator.py for tasks to queue
[2025-11-13T10:50:03.990+0530] {logging_mixin.py:188} INFO - [2025-11-13T10:50:03.989+0530] {dagbag.py:545} INFO - Filling up the DagBag from /home/logi/txtai/venv/lib/python3.10/site-packages/airflow/example_dags/example_bash_decorator.py
[2025-11-13T10:50:04.010+0530] {processor.py:840} INFO - DAG(s) 'example_bash_decorator' retrieved from /home/logi/txtai/venv/lib/python3.10/site-packages/airflow/example_dags/example_bash_decorator.py
[2025-11-13T10:50:04.072+0530] {logging_mixin.py:188} INFO - [2025-11-13T10:50:04.071+0530] {dag.py:3089} INFO - Sync 1 DAGs
[2025-11-13T10:50:04.094+0530] {logging_mixin.py:188} INFO - [2025-11-13T10:50:04.093+0530] {dag.py:3947} INFO - Setting next_dagrun for example_bash_decorator to None, run_after=None
[2025-11-13T10:50:04.141+0530] {processor.py:183} INFO - Processing /home/logi/txtai/venv/lib/python3.10/site-packages/airflow/example_dags/example_bash_decorator.py took 0.166 seconds
[2025-11-13T10:50:34.970+0530] {processor.py:161} INFO - Started process (PID=21189) to work on /home/logi/txtai/venv/lib/python3.10/site-packages/airflow/example_dags/example_bash_decorator.py
[2025-11-13T10:50:34.972+0530] {processor.py:830} INFO - Processing file /home/logi/txtai/venv/lib/python3.10/site-packages/airflow/example_dags/example_bash_decorator.py for tasks to queue
[2025-11-13T10:50:34.974+0530] {logging_mixin.py:188} INFO - [2025-11-13T10:50:34.974+0530] {dagbag.py:545} INFO - Filling up the DagBag from /home/logi/txtai/venv/lib/python3.10/site-packages/airflow/example_dags/example_bash_decorator.py
[2025-11-13T10:50:34.995+0530] {processor.py:840} INFO - DAG(s) 'example_bash_decorator' retrieved from /home/logi/txtai/venv/lib/python3.10/site-packages/airflow/example_dags/example_bash_decorator.py
[2025-11-13T10:50:35.057+0530] {logging_mixin.py:188} INFO - [2025-11-13T10:50:35.056+0530] {dag.py:3089} INFO - Sync 1 DAGs
[2025-11-13T10:50:35.079+0530] {logging_mixin.py:188} INFO - [2025-11-13T10:50:35.078+0530] {dag.py:3947} INFO - Setting next_dagrun for example_bash_decorator to None, run_after=None
[2025-11-13T10:50:35.112+0530] {processor.py:183} INFO - Processing /home/logi/txtai/venv/lib/python3.10/site-packages/airflow/example_dags/example_bash_decorator.py took 0.154 seconds
[2025-11-13T10:51:06.632+0530] {processor.py:161} INFO - Started process (PID=21370) to work on /home/logi/txtai/venv/lib/python3.10/site-packages/airflow/example_dags/example_bash_decorator.py
[2025-11-13T10:51:06.635+0530] {processor.py:830} INFO - Processing file /home/logi/txtai/venv/lib/python3.10/site-packages/airflow/example_dags/example_bash_decorator.py for tasks to queue
[2025-11-13T10:51:06.639+0530] {logging_mixin.py:188} INFO - [2025-11-13T10:51:06.639+0530] {dagbag.py:545} INFO - Filling up the DagBag from /home/logi/txtai/venv/lib/python3.10/site-packages/airflow/example_dags/example_bash_decorator.py
[2025-11-13T10:51:06.666+0530] {processor.py:840} INFO - DAG(s) 'example_bash_decorator' retrieved from /home/logi/txtai/venv/lib/python3.10/site-packages/airflow/example_dags/example_bash_decorator.py
[2025-11-13T10:51:06.721+0530] {logging_mixin.py:188} INFO - [2025-11-13T10:51:06.720+0530] {dag.py:3089} INFO - Sync 1 DAGs
[2025-11-13T10:51:06.738+0530] {logging_mixin.py:188} INFO - [2025-11-13T10:51:06.737+0530] {dag.py:3947} INFO - Setting next_dagrun for example_bash_decorator to None, run_after=None
[2025-11-13T10:51:06.765+0530] {processor.py:183} INFO - Processing /home/logi/txtai/venv/lib/python3.10/site-packages/airflow/example_dags/example_bash_decorator.py took 0.147 seconds
[2025-11-13T10:51:37.589+0530] {processor.py:161} INFO - Started process (PID=21512) to work on /home/logi/txtai/venv/lib/python3.10/site-packages/airflow/example_dags/example_bash_decorator.py
[2025-11-13T10:51:37.590+0530] {processor.py:830} INFO - Processing file /home/logi/txtai/venv/lib/python3.10/site-packages/airflow/example_dags/example_bash_decorator.py for tasks to queue
[2025-11-13T10:51:37.593+0530] {logging_mixin.py:188} INFO - [2025-11-13T10:51:37.593+0530] {dagbag.py:545} INFO - Filling up the DagBag from /home/logi/txtai/venv/lib/python3.10/site-packages/airflow/example_dags/example_bash_decorator.py
[2025-11-13T10:51:37.614+0530] {processor.py:840} INFO - DAG(s) 'example_bash_decorator' retrieved from /home/logi/txtai/venv/lib/python3.10/site-packages/airflow/example_dags/example_bash_decorator.py
[2025-11-13T10:51:37.675+0530] {logging_mixin.py:188} INFO - [2025-11-13T10:51:37.675+0530] {dag.py:3089} INFO - Sync 1 DAGs
[2025-11-13T10:51:37.699+0530] {logging_mixin.py:188} INFO - [2025-11-13T10:51:37.699+0530] {dag.py:3947} INFO - Setting next_dagrun for example_bash_decorator to None, run_after=None
[2025-11-13T10:51:37.734+0530] {processor.py:183} INFO - Processing /home/logi/txtai/venv/lib/python3.10/site-packages/airflow/example_dags/example_bash_decorator.py took 0.156 seconds
[2025-11-13T10:52:08.533+0530] {processor.py:161} INFO - Started process (PID=21669) to work on /home/logi/txtai/venv/lib/python3.10/site-packages/airflow/example_dags/example_bash_decorator.py
[2025-11-13T10:52:08.535+0530] {processor.py:830} INFO - Processing file /home/logi/txtai/venv/lib/python3.10/site-packages/airflow/example_dags/example_bash_decorator.py for tasks to queue
[2025-11-13T10:52:08.538+0530] {logging_mixin.py:188} INFO - [2025-11-13T10:52:08.537+0530] {dagbag.py:545} INFO - Filling up the DagBag from /home/logi/txtai/venv/lib/python3.10/site-packages/airflow/example_dags/example_bash_decorator.py
[2025-11-13T10:52:08.558+0530] {processor.py:840} INFO - DAG(s) 'example_bash_decorator' retrieved from /home/logi/txtai/venv/lib/python3.10/site-packages/airflow/example_dags/example_bash_decorator.py
[2025-11-13T10:52:08.618+0530] {logging_mixin.py:188} INFO - [2025-11-13T10:52:08.617+0530] {dag.py:3089} INFO - Sync 1 DAGs
[2025-11-13T10:52:08.639+0530] {logging_mixin.py:188} INFO - [2025-11-13T10:52:08.638+0530] {dag.py:3947} INFO - Setting next_dagrun for example_bash_decorator to None, run_after=None
[2025-11-13T10:52:08.685+0530] {processor.py:183} INFO - Processing /home/logi/txtai/venv/lib/python3.10/site-packages/airflow/example_dags/example_bash_decorator.py took 0.162 seconds
[2025-11-13T10:52:40.182+0530] {processor.py:161} INFO - Started process (PID=21856) to work on /home/logi/txtai/venv/lib/python3.10/site-packages/airflow/example_dags/example_bash_decorator.py
[2025-11-13T10:52:40.184+0530] {processor.py:830} INFO - Processing file /home/logi/txtai/venv/lib/python3.10/site-packages/airflow/example_dags/example_bash_decorator.py for tasks to queue
[2025-11-13T10:52:40.185+0530] {logging_mixin.py:188} INFO - [2025-11-13T10:52:40.185+0530] {dagbag.py:545} INFO - Filling up the DagBag from /home/logi/txtai/venv/lib/python3.10/site-packages/airflow/example_dags/example_bash_decorator.py
[2025-11-13T10:52:40.204+0530] {processor.py:840} INFO - DAG(s) 'example_bash_decorator' retrieved from /home/logi/txtai/venv/lib/python3.10/site-packages/airflow/example_dags/example_bash_decorator.py
[2025-11-13T10:52:40.241+0530] {logging_mixin.py:188} INFO - [2025-11-13T10:52:40.240+0530] {dag.py:3089} INFO - Sync 1 DAGs
[2025-11-13T10:52:40.252+0530] {logging_mixin.py:188} INFO - [2025-11-13T10:52:40.252+0530] {dag.py:3947} INFO - Setting next_dagrun for example_bash_decorator to None, run_after=None
[2025-11-13T10:52:40.275+0530] {processor.py:183} INFO - Processing /home/logi/txtai/venv/lib/python3.10/site-packages/airflow/example_dags/example_bash_decorator.py took 0.105 seconds
[2025-11-13T10:53:10.563+0530] {processor.py:161} INFO - Started process (PID=22079) to work on /home/logi/txtai/venv/lib/python3.10/site-packages/airflow/example_dags/example_bash_decorator.py
[2025-11-13T10:53:10.565+0530] {processor.py:830} INFO - Processing file /home/logi/txtai/venv/lib/python3.10/site-packages/airflow/example_dags/example_bash_decorator.py for tasks to queue
[2025-11-13T10:53:10.568+0530] {logging_mixin.py:188} INFO - [2025-11-13T10:53:10.567+0530] {dagbag.py:545} INFO - Filling up the DagBag from /home/logi/txtai/venv/lib/python3.10/site-packages/airflow/example_dags/example_bash_decorator.py
[2025-11-13T10:53:10.590+0530] {processor.py:840} INFO - DAG(s) 'example_bash_decorator' retrieved from /home/logi/txtai/venv/lib/python3.10/site-packages/airflow/example_dags/example_bash_decorator.py
[2025-11-13T10:53:10.650+0530] {logging_mixin.py:188} INFO - [2025-11-13T10:53:10.649+0530] {dag.py:3089} INFO - Sync 1 DAGs
[2025-11-13T10:53:10.675+0530] {logging_mixin.py:188} INFO - [2025-11-13T10:53:10.674+0530] {dag.py:3947} INFO - Setting next_dagrun for example_bash_decorator to None, run_after=None
[2025-11-13T10:53:10.712+0530] {processor.py:183} INFO - Processing /home/logi/txtai/venv/lib/python3.10/site-packages/airflow/example_dags/example_bash_decorator.py took 0.161 seconds
[2025-11-13T10:53:41.986+0530] {processor.py:161} INFO - Started process (PID=22297) to work on /home/logi/txtai/venv/lib/python3.10/site-packages/airflow/example_dags/example_bash_decorator.py
[2025-11-13T10:53:41.988+0530] {processor.py:830} INFO - Processing file /home/logi/txtai/venv/lib/python3.10/site-packages/airflow/example_dags/example_bash_decorator.py for tasks to queue
[2025-11-13T10:53:41.991+0530] {logging_mixin.py:188} INFO - [2025-11-13T10:53:41.991+0530] {dagbag.py:545} INFO - Filling up the DagBag from /home/logi/txtai/venv/lib/python3.10/site-packages/airflow/example_dags/example_bash_decorator.py
[2025-11-13T10:53:42.012+0530] {processor.py:840} INFO - DAG(s) 'example_bash_decorator' retrieved from /home/logi/txtai/venv/lib/python3.10/site-packages/airflow/example_dags/example_bash_decorator.py
[2025-11-13T10:53:42.073+0530] {logging_mixin.py:188} INFO - [2025-11-13T10:53:42.073+0530] {dag.py:3089} INFO - Sync 1 DAGs
[2025-11-13T10:53:42.096+0530] {logging_mixin.py:188} INFO - [2025-11-13T10:53:42.096+0530] {dag.py:3947} INFO - Setting next_dagrun for example_bash_decorator to None, run_after=None
[2025-11-13T10:53:42.130+0530] {processor.py:183} INFO - Processing /home/logi/txtai/venv/lib/python3.10/site-packages/airflow/example_dags/example_bash_decorator.py took 0.152 seconds
[2025-11-13T10:54:13.272+0530] {processor.py:161} INFO - Started process (PID=22440) to work on /home/logi/txtai/venv/lib/python3.10/site-packages/airflow/example_dags/example_bash_decorator.py
[2025-11-13T10:54:13.274+0530] {processor.py:830} INFO - Processing file /home/logi/txtai/venv/lib/python3.10/site-packages/airflow/example_dags/example_bash_decorator.py for tasks to queue
[2025-11-13T10:54:13.276+0530] {logging_mixin.py:188} INFO - [2025-11-13T10:54:13.276+0530] {dagbag.py:545} INFO - Filling up the DagBag from /home/logi/txtai/venv/lib/python3.10/site-packages/airflow/example_dags/example_bash_decorator.py
[2025-11-13T10:54:13.296+0530] {processor.py:840} INFO - DAG(s) 'example_bash_decorator' retrieved from /home/logi/txtai/venv/lib/python3.10/site-packages/airflow/example_dags/example_bash_decorator.py
[2025-11-13T10:54:13.358+0530] {logging_mixin.py:188} INFO - [2025-11-13T10:54:13.357+0530] {dag.py:3089} INFO - Sync 1 DAGs
[2025-11-13T10:54:13.382+0530] {logging_mixin.py:188} INFO - [2025-11-13T10:54:13.382+0530] {dag.py:3947} INFO - Setting next_dagrun for example_bash_decorator to None, run_after=None
[2025-11-13T10:54:13.416+0530] {processor.py:183} INFO - Processing /home/logi/txtai/venv/lib/python3.10/site-packages/airflow/example_dags/example_bash_decorator.py took 0.155 seconds
[2025-11-13T10:54:44.479+0530] {processor.py:161} INFO - Started process (PID=22641) to work on /home/logi/txtai/venv/lib/python3.10/site-packages/airflow/example_dags/example_bash_decorator.py
[2025-11-13T10:54:44.481+0530] {processor.py:830} INFO - Processing file /home/logi/txtai/venv/lib/python3.10/site-packages/airflow/example_dags/example_bash_decorator.py for tasks to queue
[2025-11-13T10:54:44.484+0530] {logging_mixin.py:188} INFO - [2025-11-13T10:54:44.483+0530] {dagbag.py:545} INFO - Filling up the DagBag from /home/logi/txtai/venv/lib/python3.10/site-packages/airflow/example_dags/example_bash_decorator.py
[2025-11-13T10:54:44.506+0530] {processor.py:840} INFO - DAG(s) 'example_bash_decorator' retrieved from /home/logi/txtai/venv/lib/python3.10/site-packages/airflow/example_dags/example_bash_decorator.py
[2025-11-13T10:54:44.568+0530] {logging_mixin.py:188} INFO - [2025-11-13T10:54:44.567+0530] {dag.py:3089} INFO - Sync 1 DAGs
[2025-11-13T10:54:44.590+0530] {logging_mixin.py:188} INFO - [2025-11-13T10:54:44.590+0530] {dag.py:3947} INFO - Setting next_dagrun for example_bash_decorator to None, run_after=None
[2025-11-13T10:54:44.624+0530] {processor.py:183} INFO - Processing /home/logi/txtai/venv/lib/python3.10/site-packages/airflow/example_dags/example_bash_decorator.py took 0.155 seconds
[2025-11-13T10:55:16.105+0530] {processor.py:161} INFO - Started process (PID=22942) to work on /home/logi/txtai/venv/lib/python3.10/site-packages/airflow/example_dags/example_bash_decorator.py
[2025-11-13T10:55:16.107+0530] {processor.py:830} INFO - Processing file /home/logi/txtai/venv/lib/python3.10/site-packages/airflow/example_dags/example_bash_decorator.py for tasks to queue
[2025-11-13T10:55:16.110+0530] {logging_mixin.py:188} INFO - [2025-11-13T10:55:16.109+0530] {dagbag.py:545} INFO - Filling up the DagBag from /home/logi/txtai/venv/lib/python3.10/site-packages/airflow/example_dags/example_bash_decorator.py
[2025-11-13T10:55:16.135+0530] {processor.py:840} INFO - DAG(s) 'example_bash_decorator' retrieved from /home/logi/txtai/venv/lib/python3.10/site-packages/airflow/example_dags/example_bash_decorator.py
[2025-11-13T10:55:16.196+0530] {logging_mixin.py:188} INFO - [2025-11-13T10:55:16.196+0530] {dag.py:3089} INFO - Sync 1 DAGs
[2025-11-13T10:55:16.218+0530] {logging_mixin.py:188} INFO - [2025-11-13T10:55:16.218+0530] {dag.py:3947} INFO - Setting next_dagrun for example_bash_decorator to None, run_after=None
[2025-11-13T10:55:16.253+0530] {processor.py:183} INFO - Processing /home/logi/txtai/venv/lib/python3.10/site-packages/airflow/example_dags/example_bash_decorator.py took 0.159 seconds
[2025-11-13T10:55:47.516+0530] {processor.py:161} INFO - Started process (PID=23367) to work on /home/logi/txtai/venv/lib/python3.10/site-packages/airflow/example_dags/example_bash_decorator.py
[2025-11-13T10:55:47.518+0530] {processor.py:830} INFO - Processing file /home/logi/txtai/venv/lib/python3.10/site-packages/airflow/example_dags/example_bash_decorator.py for tasks to queue
[2025-11-13T10:55:47.521+0530] {logging_mixin.py:188} INFO - [2025-11-13T10:55:47.520+0530] {dagbag.py:545} INFO - Filling up the DagBag from /home/logi/txtai/venv/lib/python3.10/site-packages/airflow/example_dags/example_bash_decorator.py
[2025-11-13T10:55:47.542+0530] {processor.py:840} INFO - DAG(s) 'example_bash_decorator' retrieved from /home/logi/txtai/venv/lib/python3.10/site-packages/airflow/example_dags/example_bash_decorator.py
[2025-11-13T10:55:47.611+0530] {logging_mixin.py:188} INFO - [2025-11-13T10:55:47.610+0530] {dag.py:3089} INFO - Sync 1 DAGs
[2025-11-13T10:55:47.635+0530] {logging_mixin.py:188} INFO - [2025-11-13T10:55:47.635+0530] {dag.py:3947} INFO - Setting next_dagrun for example_bash_decorator to None, run_after=None
[2025-11-13T10:55:47.668+0530] {processor.py:183} INFO - Processing /home/logi/txtai/venv/lib/python3.10/site-packages/airflow/example_dags/example_bash_decorator.py took 0.164 seconds
[2025-11-13T10:56:18.964+0530] {processor.py:161} INFO - Started process (PID=23655) to work on /home/logi/txtai/venv/lib/python3.10/site-packages/airflow/example_dags/example_bash_decorator.py
[2025-11-13T10:56:18.966+0530] {processor.py:830} INFO - Processing file /home/logi/txtai/venv/lib/python3.10/site-packages/airflow/example_dags/example_bash_decorator.py for tasks to queue
[2025-11-13T10:56:18.969+0530] {logging_mixin.py:188} INFO - [2025-11-13T10:56:18.969+0530] {dagbag.py:545} INFO - Filling up the DagBag from /home/logi/txtai/venv/lib/python3.10/site-packages/airflow/example_dags/example_bash_decorator.py
[2025-11-13T10:56:18.989+0530] {processor.py:840} INFO - DAG(s) 'example_bash_decorator' retrieved from /home/logi/txtai/venv/lib/python3.10/site-packages/airflow/example_dags/example_bash_decorator.py
[2025-11-13T10:56:19.050+0530] {logging_mixin.py:188} INFO - [2025-11-13T10:56:19.049+0530] {dag.py:3089} INFO - Sync 1 DAGs
[2025-11-13T10:56:19.073+0530] {logging_mixin.py:188} INFO - [2025-11-13T10:56:19.072+0530] {dag.py:3947} INFO - Setting next_dagrun for example_bash_decorator to None, run_after=None
[2025-11-13T10:56:19.109+0530] {processor.py:183} INFO - Processing /home/logi/txtai/venv/lib/python3.10/site-packages/airflow/example_dags/example_bash_decorator.py took 0.156 seconds
[2025-11-13T10:56:50.406+0530] {processor.py:161} INFO - Started process (PID=23807) to work on /home/logi/txtai/venv/lib/python3.10/site-packages/airflow/example_dags/example_bash_decorator.py
[2025-11-13T10:56:50.407+0530] {processor.py:830} INFO - Processing file /home/logi/txtai/venv/lib/python3.10/site-packages/airflow/example_dags/example_bash_decorator.py for tasks to queue
[2025-11-13T10:56:50.410+0530] {logging_mixin.py:188} INFO - [2025-11-13T10:56:50.409+0530] {dagbag.py:545} INFO - Filling up the DagBag from /home/logi/txtai/venv/lib/python3.10/site-packages/airflow/example_dags/example_bash_decorator.py
[2025-11-13T10:56:50.425+0530] {processor.py:840} INFO - DAG(s) 'example_bash_decorator' retrieved from /home/logi/txtai/venv/lib/python3.10/site-packages/airflow/example_dags/example_bash_decorator.py
[2025-11-13T10:56:50.456+0530] {logging_mixin.py:188} INFO - [2025-11-13T10:56:50.456+0530] {dag.py:3089} INFO - Sync 1 DAGs
[2025-11-13T10:56:50.470+0530] {logging_mixin.py:188} INFO - [2025-11-13T10:56:50.470+0530] {dag.py:3947} INFO - Setting next_dagrun for example_bash_decorator to None, run_after=None
[2025-11-13T10:56:50.494+0530] {processor.py:183} INFO - Processing /home/logi/txtai/venv/lib/python3.10/site-packages/airflow/example_dags/example_bash_decorator.py took 0.099 seconds
[2025-11-13T10:57:21.010+0530] {processor.py:161} INFO - Started process (PID=23951) to work on /home/logi/txtai/venv/lib/python3.10/site-packages/airflow/example_dags/example_bash_decorator.py
[2025-11-13T10:57:21.012+0530] {processor.py:830} INFO - Processing file /home/logi/txtai/venv/lib/python3.10/site-packages/airflow/example_dags/example_bash_decorator.py for tasks to queue
[2025-11-13T10:57:21.015+0530] {logging_mixin.py:188} INFO - [2025-11-13T10:57:21.014+0530] {dagbag.py:545} INFO - Filling up the DagBag from /home/logi/txtai/venv/lib/python3.10/site-packages/airflow/example_dags/example_bash_decorator.py
[2025-11-13T10:57:21.036+0530] {processor.py:840} INFO - DAG(s) 'example_bash_decorator' retrieved from /home/logi/txtai/venv/lib/python3.10/site-packages/airflow/example_dags/example_bash_decorator.py
[2025-11-13T10:57:21.098+0530] {logging_mixin.py:188} INFO - [2025-11-13T10:57:21.097+0530] {dag.py:3089} INFO - Sync 1 DAGs
[2025-11-13T10:57:21.120+0530] {logging_mixin.py:188} INFO - [2025-11-13T10:57:21.119+0530] {dag.py:3947} INFO - Setting next_dagrun for example_bash_decorator to None, run_after=None
[2025-11-13T10:57:21.153+0530] {processor.py:183} INFO - Processing /home/logi/txtai/venv/lib/python3.10/site-packages/airflow/example_dags/example_bash_decorator.py took 0.154 seconds
[2025-11-13T10:57:52.486+0530] {processor.py:161} INFO - Started process (PID=24093) to work on /home/logi/txtai/venv/lib/python3.10/site-packages/airflow/example_dags/example_bash_decorator.py
[2025-11-13T10:57:52.487+0530] {processor.py:830} INFO - Processing file /home/logi/txtai/venv/lib/python3.10/site-packages/airflow/example_dags/example_bash_decorator.py for tasks to queue
[2025-11-13T10:57:52.490+0530] {logging_mixin.py:188} INFO - [2025-11-13T10:57:52.490+0530] {dagbag.py:545} INFO - Filling up the DagBag from /home/logi/txtai/venv/lib/python3.10/site-packages/airflow/example_dags/example_bash_decorator.py
[2025-11-13T10:57:52.513+0530] {processor.py:840} INFO - DAG(s) 'example_bash_decorator' retrieved from /home/logi/txtai/venv/lib/python3.10/site-packages/airflow/example_dags/example_bash_decorator.py
[2025-11-13T10:57:52.580+0530] {logging_mixin.py:188} INFO - [2025-11-13T10:57:52.580+0530] {dag.py:3089} INFO - Sync 1 DAGs
[2025-11-13T10:57:52.606+0530] {logging_mixin.py:188} INFO - [2025-11-13T10:57:52.605+0530] {dag.py:3947} INFO - Setting next_dagrun for example_bash_decorator to None, run_after=None
[2025-11-13T10:57:52.643+0530] {processor.py:183} INFO - Processing /home/logi/txtai/venv/lib/python3.10/site-packages/airflow/example_dags/example_bash_decorator.py took 0.169 seconds
[2025-11-13T10:58:23.716+0530] {processor.py:161} INFO - Started process (PID=24236) to work on /home/logi/txtai/venv/lib/python3.10/site-packages/airflow/example_dags/example_bash_decorator.py
[2025-11-13T10:58:23.718+0530] {processor.py:830} INFO - Processing file /home/logi/txtai/venv/lib/python3.10/site-packages/airflow/example_dags/example_bash_decorator.py for tasks to queue
[2025-11-13T10:58:23.720+0530] {logging_mixin.py:188} INFO - [2025-11-13T10:58:23.720+0530] {dagbag.py:545} INFO - Filling up the DagBag from /home/logi/txtai/venv/lib/python3.10/site-packages/airflow/example_dags/example_bash_decorator.py
[2025-11-13T10:58:23.741+0530] {processor.py:840} INFO - DAG(s) 'example_bash_decorator' retrieved from /home/logi/txtai/venv/lib/python3.10/site-packages/airflow/example_dags/example_bash_decorator.py
[2025-11-13T10:58:23.803+0530] {logging_mixin.py:188} INFO - [2025-11-13T10:58:23.803+0530] {dag.py:3089} INFO - Sync 1 DAGs
[2025-11-13T10:58:23.825+0530] {logging_mixin.py:188} INFO - [2025-11-13T10:58:23.825+0530] {dag.py:3947} INFO - Setting next_dagrun for example_bash_decorator to None, run_after=None
[2025-11-13T10:58:23.861+0530] {processor.py:183} INFO - Processing /home/logi/txtai/venv/lib/python3.10/site-packages/airflow/example_dags/example_bash_decorator.py took 0.155 seconds
[2025-11-13T10:58:55.201+0530] {processor.py:161} INFO - Started process (PID=24377) to work on /home/logi/txtai/venv/lib/python3.10/site-packages/airflow/example_dags/example_bash_decorator.py
[2025-11-13T10:58:55.203+0530] {processor.py:830} INFO - Processing file /home/logi/txtai/venv/lib/python3.10/site-packages/airflow/example_dags/example_bash_decorator.py for tasks to queue
[2025-11-13T10:58:55.206+0530] {logging_mixin.py:188} INFO - [2025-11-13T10:58:55.205+0530] {dagbag.py:545} INFO - Filling up the DagBag from /home/logi/txtai/venv/lib/python3.10/site-packages/airflow/example_dags/example_bash_decorator.py
[2025-11-13T10:58:55.226+0530] {processor.py:840} INFO - DAG(s) 'example_bash_decorator' retrieved from /home/logi/txtai/venv/lib/python3.10/site-packages/airflow/example_dags/example_bash_decorator.py
[2025-11-13T10:58:55.271+0530] {logging_mixin.py:188} INFO - [2025-11-13T10:58:55.271+0530] {dag.py:3089} INFO - Sync 1 DAGs
[2025-11-13T10:58:55.286+0530] {logging_mixin.py:188} INFO - [2025-11-13T10:58:55.285+0530] {dag.py:3947} INFO - Setting next_dagrun for example_bash_decorator to None, run_after=None
[2025-11-13T10:58:55.308+0530] {processor.py:183} INFO - Processing /home/logi/txtai/venv/lib/python3.10/site-packages/airflow/example_dags/example_bash_decorator.py took 0.120 seconds
[2025-11-13T10:59:26.690+0530] {processor.py:161} INFO - Started process (PID=24580) to work on /home/logi/txtai/venv/lib/python3.10/site-packages/airflow/example_dags/example_bash_decorator.py
[2025-11-13T10:59:26.692+0530] {processor.py:830} INFO - Processing file /home/logi/txtai/venv/lib/python3.10/site-packages/airflow/example_dags/example_bash_decorator.py for tasks to queue
[2025-11-13T10:59:26.695+0530] {logging_mixin.py:188} INFO - [2025-11-13T10:59:26.694+0530] {dagbag.py:545} INFO - Filling up the DagBag from /home/logi/txtai/venv/lib/python3.10/site-packages/airflow/example_dags/example_bash_decorator.py
[2025-11-13T10:59:26.716+0530] {processor.py:840} INFO - DAG(s) 'example_bash_decorator' retrieved from /home/logi/txtai/venv/lib/python3.10/site-packages/airflow/example_dags/example_bash_decorator.py
[2025-11-13T10:59:26.752+0530] {logging_mixin.py:188} INFO - [2025-11-13T10:59:26.751+0530] {dag.py:3089} INFO - Sync 1 DAGs
[2025-11-13T10:59:26.764+0530] {logging_mixin.py:188} INFO - [2025-11-13T10:59:26.763+0530] {dag.py:3947} INFO - Setting next_dagrun for example_bash_decorator to None, run_after=None
[2025-11-13T10:59:26.784+0530] {processor.py:183} INFO - Processing /home/logi/txtai/venv/lib/python3.10/site-packages/airflow/example_dags/example_bash_decorator.py took 0.104 seconds
[2025-11-13T10:59:57.612+0530] {processor.py:161} INFO - Started process (PID=24751) to work on /home/logi/txtai/venv/lib/python3.10/site-packages/airflow/example_dags/example_bash_decorator.py
[2025-11-13T10:59:57.614+0530] {processor.py:830} INFO - Processing file /home/logi/txtai/venv/lib/python3.10/site-packages/airflow/example_dags/example_bash_decorator.py for tasks to queue
[2025-11-13T10:59:57.617+0530] {logging_mixin.py:188} INFO - [2025-11-13T10:59:57.616+0530] {dagbag.py:545} INFO - Filling up the DagBag from /home/logi/txtai/venv/lib/python3.10/site-packages/airflow/example_dags/example_bash_decorator.py
[2025-11-13T10:59:57.638+0530] {processor.py:840} INFO - DAG(s) 'example_bash_decorator' retrieved from /home/logi/txtai/venv/lib/python3.10/site-packages/airflow/example_dags/example_bash_decorator.py
[2025-11-13T10:59:57.697+0530] {logging_mixin.py:188} INFO - [2025-11-13T10:59:57.697+0530] {dag.py:3089} INFO - Sync 1 DAGs
[2025-11-13T10:59:57.720+0530] {logging_mixin.py:188} INFO - [2025-11-13T10:59:57.720+0530] {dag.py:3947} INFO - Setting next_dagrun for example_bash_decorator to None, run_after=None
[2025-11-13T10:59:57.766+0530] {processor.py:183} INFO - Processing /home/logi/txtai/venv/lib/python3.10/site-packages/airflow/example_dags/example_bash_decorator.py took 0.165 seconds
[2025-11-13T11:00:28.224+0530] {processor.py:161} INFO - Started process (PID=25251) to work on /home/logi/txtai/venv/lib/python3.10/site-packages/airflow/example_dags/example_bash_decorator.py
[2025-11-13T11:00:28.226+0530] {processor.py:830} INFO - Processing file /home/logi/txtai/venv/lib/python3.10/site-packages/airflow/example_dags/example_bash_decorator.py for tasks to queue
[2025-11-13T11:00:28.229+0530] {logging_mixin.py:188} INFO - [2025-11-13T11:00:28.228+0530] {dagbag.py:545} INFO - Filling up the DagBag from /home/logi/txtai/venv/lib/python3.10/site-packages/airflow/example_dags/example_bash_decorator.py
[2025-11-13T11:00:28.250+0530] {processor.py:840} INFO - DAG(s) 'example_bash_decorator' retrieved from /home/logi/txtai/venv/lib/python3.10/site-packages/airflow/example_dags/example_bash_decorator.py
[2025-11-13T11:00:28.312+0530] {logging_mixin.py:188} INFO - [2025-11-13T11:00:28.311+0530] {dag.py:3089} INFO - Sync 1 DAGs
[2025-11-13T11:00:28.337+0530] {logging_mixin.py:188} INFO - [2025-11-13T11:00:28.336+0530] {dag.py:3947} INFO - Setting next_dagrun for example_bash_decorator to None, run_after=None
[2025-11-13T11:00:28.526+0530] {processor.py:183} INFO - Processing /home/logi/txtai/venv/lib/python3.10/site-packages/airflow/example_dags/example_bash_decorator.py took 0.313 seconds
[2025-11-13T11:01:00.104+0530] {processor.py:161} INFO - Started process (PID=25627) to work on /home/logi/txtai/venv/lib/python3.10/site-packages/airflow/example_dags/example_bash_decorator.py
[2025-11-13T11:01:00.106+0530] {processor.py:830} INFO - Processing file /home/logi/txtai/venv/lib/python3.10/site-packages/airflow/example_dags/example_bash_decorator.py for tasks to queue
[2025-11-13T11:01:00.109+0530] {logging_mixin.py:188} INFO - [2025-11-13T11:01:00.108+0530] {dagbag.py:545} INFO - Filling up the DagBag from /home/logi/txtai/venv/lib/python3.10/site-packages/airflow/example_dags/example_bash_decorator.py
[2025-11-13T11:01:00.129+0530] {processor.py:840} INFO - DAG(s) 'example_bash_decorator' retrieved from /home/logi/txtai/venv/lib/python3.10/site-packages/airflow/example_dags/example_bash_decorator.py
[2025-11-13T11:01:00.186+0530] {logging_mixin.py:188} INFO - [2025-11-13T11:01:00.185+0530] {dag.py:3089} INFO - Sync 1 DAGs
[2025-11-13T11:01:00.208+0530] {logging_mixin.py:188} INFO - [2025-11-13T11:01:00.208+0530] {dag.py:3947} INFO - Setting next_dagrun for example_bash_decorator to None, run_after=None
[2025-11-13T11:01:00.255+0530] {processor.py:183} INFO - Processing /home/logi/txtai/venv/lib/python3.10/site-packages/airflow/example_dags/example_bash_decorator.py took 0.161 seconds
[2025-11-13T11:01:31.630+0530] {processor.py:161} INFO - Started process (PID=25769) to work on /home/logi/txtai/venv/lib/python3.10/site-packages/airflow/example_dags/example_bash_decorator.py
[2025-11-13T11:01:31.631+0530] {processor.py:830} INFO - Processing file /home/logi/txtai/venv/lib/python3.10/site-packages/airflow/example_dags/example_bash_decorator.py for tasks to queue
[2025-11-13T11:01:31.634+0530] {logging_mixin.py:188} INFO - [2025-11-13T11:01:31.634+0530] {dagbag.py:545} INFO - Filling up the DagBag from /home/logi/txtai/venv/lib/python3.10/site-packages/airflow/example_dags/example_bash_decorator.py
[2025-11-13T11:01:31.654+0530] {processor.py:840} INFO - DAG(s) 'example_bash_decorator' retrieved from /home/logi/txtai/venv/lib/python3.10/site-packages/airflow/example_dags/example_bash_decorator.py
[2025-11-13T11:01:31.708+0530] {logging_mixin.py:188} INFO - [2025-11-13T11:01:31.708+0530] {dag.py:3089} INFO - Sync 1 DAGs
[2025-11-13T11:01:31.731+0530] {logging_mixin.py:188} INFO - [2025-11-13T11:01:31.730+0530] {dag.py:3947} INFO - Setting next_dagrun for example_bash_decorator to None, run_after=None
[2025-11-13T11:01:31.764+0530] {processor.py:183} INFO - Processing /home/logi/txtai/venv/lib/python3.10/site-packages/airflow/example_dags/example_bash_decorator.py took 0.145 seconds
[2025-11-13T11:02:02.289+0530] {processor.py:161} INFO - Started process (PID=25924) to work on /home/logi/txtai/venv/lib/python3.10/site-packages/airflow/example_dags/example_bash_decorator.py
[2025-11-13T11:02:02.291+0530] {processor.py:830} INFO - Processing file /home/logi/txtai/venv/lib/python3.10/site-packages/airflow/example_dags/example_bash_decorator.py for tasks to queue
[2025-11-13T11:02:02.293+0530] {logging_mixin.py:188} INFO - [2025-11-13T11:02:02.293+0530] {dagbag.py:545} INFO - Filling up the DagBag from /home/logi/txtai/venv/lib/python3.10/site-packages/airflow/example_dags/example_bash_decorator.py
[2025-11-13T11:02:02.314+0530] {processor.py:840} INFO - DAG(s) 'example_bash_decorator' retrieved from /home/logi/txtai/venv/lib/python3.10/site-packages/airflow/example_dags/example_bash_decorator.py
[2025-11-13T11:02:02.375+0530] {logging_mixin.py:188} INFO - [2025-11-13T11:02:02.375+0530] {dag.py:3089} INFO - Sync 1 DAGs
[2025-11-13T11:02:02.398+0530] {logging_mixin.py:188} INFO - [2025-11-13T11:02:02.397+0530] {dag.py:3947} INFO - Setting next_dagrun for example_bash_decorator to None, run_after=None
[2025-11-13T11:02:02.439+0530] {processor.py:183} INFO - Processing /home/logi/txtai/venv/lib/python3.10/site-packages/airflow/example_dags/example_bash_decorator.py took 0.161 seconds
[2025-11-13T11:02:32.742+0530] {processor.py:161} INFO - Started process (PID=26112) to work on /home/logi/txtai/venv/lib/python3.10/site-packages/airflow/example_dags/example_bash_decorator.py
[2025-11-13T11:02:32.744+0530] {processor.py:830} INFO - Processing file /home/logi/txtai/venv/lib/python3.10/site-packages/airflow/example_dags/example_bash_decorator.py for tasks to queue
[2025-11-13T11:02:32.747+0530] {logging_mixin.py:188} INFO - [2025-11-13T11:02:32.746+0530] {dagbag.py:545} INFO - Filling up the DagBag from /home/logi/txtai/venv/lib/python3.10/site-packages/airflow/example_dags/example_bash_decorator.py
[2025-11-13T11:02:32.767+0530] {processor.py:840} INFO - DAG(s) 'example_bash_decorator' retrieved from /home/logi/txtai/venv/lib/python3.10/site-packages/airflow/example_dags/example_bash_decorator.py
[2025-11-13T11:02:32.829+0530] {logging_mixin.py:188} INFO - [2025-11-13T11:02:32.828+0530] {dag.py:3089} INFO - Sync 1 DAGs
[2025-11-13T11:02:32.851+0530] {logging_mixin.py:188} INFO - [2025-11-13T11:02:32.851+0530] {dag.py:3947} INFO - Setting next_dagrun for example_bash_decorator to None, run_after=None
[2025-11-13T11:02:32.885+0530] {processor.py:183} INFO - Processing /home/logi/txtai/venv/lib/python3.10/site-packages/airflow/example_dags/example_bash_decorator.py took 0.154 seconds
[2025-11-13T11:03:03.484+0530] {processor.py:161} INFO - Started process (PID=26258) to work on /home/logi/txtai/venv/lib/python3.10/site-packages/airflow/example_dags/example_bash_decorator.py
[2025-11-13T11:03:03.485+0530] {processor.py:830} INFO - Processing file /home/logi/txtai/venv/lib/python3.10/site-packages/airflow/example_dags/example_bash_decorator.py for tasks to queue
[2025-11-13T11:03:03.487+0530] {logging_mixin.py:188} INFO - [2025-11-13T11:03:03.487+0530] {dagbag.py:545} INFO - Filling up the DagBag from /home/logi/txtai/venv/lib/python3.10/site-packages/airflow/example_dags/example_bash_decorator.py
[2025-11-13T11:03:03.502+0530] {processor.py:840} INFO - DAG(s) 'example_bash_decorator' retrieved from /home/logi/txtai/venv/lib/python3.10/site-packages/airflow/example_dags/example_bash_decorator.py
[2025-11-13T11:03:03.549+0530] {logging_mixin.py:188} INFO - [2025-11-13T11:03:03.549+0530] {dag.py:3089} INFO - Sync 1 DAGs
[2025-11-13T11:03:03.569+0530] {logging_mixin.py:188} INFO - [2025-11-13T11:03:03.569+0530] {dag.py:3947} INFO - Setting next_dagrun for example_bash_decorator to None, run_after=None
[2025-11-13T11:03:03.601+0530] {processor.py:183} INFO - Processing /home/logi/txtai/venv/lib/python3.10/site-packages/airflow/example_dags/example_bash_decorator.py took 0.124 seconds
[2025-11-13T11:03:34.497+0530] {processor.py:161} INFO - Started process (PID=26401) to work on /home/logi/txtai/venv/lib/python3.10/site-packages/airflow/example_dags/example_bash_decorator.py
[2025-11-13T11:03:34.498+0530] {processor.py:830} INFO - Processing file /home/logi/txtai/venv/lib/python3.10/site-packages/airflow/example_dags/example_bash_decorator.py for tasks to queue
[2025-11-13T11:03:34.501+0530] {logging_mixin.py:188} INFO - [2025-11-13T11:03:34.501+0530] {dagbag.py:545} INFO - Filling up the DagBag from /home/logi/txtai/venv/lib/python3.10/site-packages/airflow/example_dags/example_bash_decorator.py
[2025-11-13T11:03:34.523+0530] {processor.py:840} INFO - DAG(s) 'example_bash_decorator' retrieved from /home/logi/txtai/venv/lib/python3.10/site-packages/airflow/example_dags/example_bash_decorator.py
[2025-11-13T11:03:34.575+0530] {logging_mixin.py:188} INFO - [2025-11-13T11:03:34.574+0530] {dag.py:3089} INFO - Sync 1 DAGs
[2025-11-13T11:03:34.594+0530] {logging_mixin.py:188} INFO - [2025-11-13T11:03:34.594+0530] {dag.py:3947} INFO - Setting next_dagrun for example_bash_decorator to None, run_after=None
[2025-11-13T11:03:34.631+0530] {processor.py:183} INFO - Processing /home/logi/txtai/venv/lib/python3.10/site-packages/airflow/example_dags/example_bash_decorator.py took 0.146 seconds
[2025-11-13T11:04:05.391+0530] {processor.py:161} INFO - Started process (PID=26543) to work on /home/logi/txtai/venv/lib/python3.10/site-packages/airflow/example_dags/example_bash_decorator.py
[2025-11-13T11:04:05.392+0530] {processor.py:830} INFO - Processing file /home/logi/txtai/venv/lib/python3.10/site-packages/airflow/example_dags/example_bash_decorator.py for tasks to queue
[2025-11-13T11:04:05.395+0530] {logging_mixin.py:188} INFO - [2025-11-13T11:04:05.394+0530] {dagbag.py:545} INFO - Filling up the DagBag from /home/logi/txtai/venv/lib/python3.10/site-packages/airflow/example_dags/example_bash_decorator.py
[2025-11-13T11:04:05.410+0530] {processor.py:840} INFO - DAG(s) 'example_bash_decorator' retrieved from /home/logi/txtai/venv/lib/python3.10/site-packages/airflow/example_dags/example_bash_decorator.py
[2025-11-13T11:04:05.471+0530] {logging_mixin.py:188} INFO - [2025-11-13T11:04:05.471+0530] {dag.py:3089} INFO - Sync 1 DAGs
[2025-11-13T11:04:05.493+0530] {logging_mixin.py:188} INFO - [2025-11-13T11:04:05.493+0530] {dag.py:3947} INFO - Setting next_dagrun for example_bash_decorator to None, run_after=None
[2025-11-13T11:04:05.532+0530] {processor.py:183} INFO - Processing /home/logi/txtai/venv/lib/python3.10/site-packages/airflow/example_dags/example_bash_decorator.py took 0.152 seconds
[2025-11-13T11:04:36.049+0530] {processor.py:161} INFO - Started process (PID=26685) to work on /home/logi/txtai/venv/lib/python3.10/site-packages/airflow/example_dags/example_bash_decorator.py
[2025-11-13T11:04:36.051+0530] {processor.py:830} INFO - Processing file /home/logi/txtai/venv/lib/python3.10/site-packages/airflow/example_dags/example_bash_decorator.py for tasks to queue
[2025-11-13T11:04:36.053+0530] {logging_mixin.py:188} INFO - [2025-11-13T11:04:36.053+0530] {dagbag.py:545} INFO - Filling up the DagBag from /home/logi/txtai/venv/lib/python3.10/site-packages/airflow/example_dags/example_bash_decorator.py
[2025-11-13T11:04:36.070+0530] {processor.py:840} INFO - DAG(s) 'example_bash_decorator' retrieved from /home/logi/txtai/venv/lib/python3.10/site-packages/airflow/example_dags/example_bash_decorator.py
[2025-11-13T11:04:36.123+0530] {logging_mixin.py:188} INFO - [2025-11-13T11:04:36.123+0530] {dag.py:3089} INFO - Sync 1 DAGs
[2025-11-13T11:04:36.136+0530] {logging_mixin.py:188} INFO - [2025-11-13T11:04:36.136+0530] {dag.py:3947} INFO - Setting next_dagrun for example_bash_decorator to None, run_after=None
[2025-11-13T11:04:36.164+0530] {processor.py:183} INFO - Processing /home/logi/txtai/venv/lib/python3.10/site-packages/airflow/example_dags/example_bash_decorator.py took 0.124 seconds
[2025-11-13T11:05:06.940+0530] {processor.py:161} INFO - Started process (PID=26829) to work on /home/logi/txtai/venv/lib/python3.10/site-packages/airflow/example_dags/example_bash_decorator.py
[2025-11-13T11:05:06.942+0530] {processor.py:830} INFO - Processing file /home/logi/txtai/venv/lib/python3.10/site-packages/airflow/example_dags/example_bash_decorator.py for tasks to queue
[2025-11-13T11:05:06.945+0530] {logging_mixin.py:188} INFO - [2025-11-13T11:05:06.945+0530] {dagbag.py:545} INFO - Filling up the DagBag from /home/logi/txtai/venv/lib/python3.10/site-packages/airflow/example_dags/example_bash_decorator.py
[2025-11-13T11:05:06.969+0530] {processor.py:840} INFO - DAG(s) 'example_bash_decorator' retrieved from /home/logi/txtai/venv/lib/python3.10/site-packages/airflow/example_dags/example_bash_decorator.py
[2025-11-13T11:05:07.009+0530] {logging_mixin.py:188} INFO - [2025-11-13T11:05:07.009+0530] {dag.py:3089} INFO - Sync 1 DAGs
[2025-11-13T11:05:07.024+0530] {logging_mixin.py:188} INFO - [2025-11-13T11:05:07.024+0530] {dag.py:3947} INFO - Setting next_dagrun for example_bash_decorator to None, run_after=None
[2025-11-13T11:05:07.053+0530] {processor.py:183} INFO - Processing /home/logi/txtai/venv/lib/python3.10/site-packages/airflow/example_dags/example_bash_decorator.py took 0.128 seconds
[2025-11-13T17:54:06.267+0530] {processor.py:161} INFO - Started process (PID=31096) to work on /home/logi/txtai/venv/lib/python3.10/site-packages/airflow/example_dags/example_bash_decorator.py
[2025-11-13T17:54:06.270+0530] {processor.py:830} INFO - Processing file /home/logi/txtai/venv/lib/python3.10/site-packages/airflow/example_dags/example_bash_decorator.py for tasks to queue
[2025-11-13T17:54:06.274+0530] {logging_mixin.py:188} INFO - [2025-11-13T17:54:06.272+0530] {dagbag.py:545} INFO - Filling up the DagBag from /home/logi/txtai/venv/lib/python3.10/site-packages/airflow/example_dags/example_bash_decorator.py
[2025-11-13T17:54:06.310+0530] {processor.py:840} INFO - DAG(s) 'example_bash_decorator' retrieved from /home/logi/txtai/venv/lib/python3.10/site-packages/airflow/example_dags/example_bash_decorator.py
[2025-11-13T17:54:06.389+0530] {logging_mixin.py:188} INFO - [2025-11-13T17:54:06.388+0530] {dag.py:3089} INFO - Sync 1 DAGs
[2025-11-13T17:54:06.413+0530] {logging_mixin.py:188} INFO - [2025-11-13T17:54:06.413+0530] {dag.py:3947} INFO - Setting next_dagrun for example_bash_decorator to None, run_after=None
[2025-11-13T17:54:06.463+0530] {processor.py:183} INFO - Processing /home/logi/txtai/venv/lib/python3.10/site-packages/airflow/example_dags/example_bash_decorator.py took 0.221 seconds
[2025-11-13T17:56:11.871+0530] {processor.py:161} INFO - Started process (PID=32413) to work on /home/logi/txtai/venv/lib/python3.10/site-packages/airflow/example_dags/example_bash_decorator.py
[2025-11-13T17:56:11.873+0530] {processor.py:830} INFO - Processing file /home/logi/txtai/venv/lib/python3.10/site-packages/airflow/example_dags/example_bash_decorator.py for tasks to queue
[2025-11-13T17:56:11.874+0530] {logging_mixin.py:188} INFO - [2025-11-13T17:56:11.874+0530] {dagbag.py:545} INFO - Filling up the DagBag from /home/logi/txtai/venv/lib/python3.10/site-packages/airflow/example_dags/example_bash_decorator.py
[2025-11-13T17:56:11.886+0530] {processor.py:840} INFO - DAG(s) 'example_bash_decorator' retrieved from /home/logi/txtai/venv/lib/python3.10/site-packages/airflow/example_dags/example_bash_decorator.py
[2025-11-13T17:56:11.982+0530] {logging_mixin.py:188} INFO - [2025-11-13T17:56:11.981+0530] {dag.py:3089} INFO - Sync 1 DAGs
[2025-11-13T17:56:11.993+0530] {logging_mixin.py:188} INFO - [2025-11-13T17:56:11.992+0530] {dag.py:3947} INFO - Setting next_dagrun for example_bash_decorator to None, run_after=None
[2025-11-13T17:56:12.012+0530] {processor.py:183} INFO - Processing /home/logi/txtai/venv/lib/python3.10/site-packages/airflow/example_dags/example_bash_decorator.py took 0.147 seconds
[2025-11-13T17:56:43.252+0530] {processor.py:161} INFO - Started process (PID=33096) to work on /home/logi/txtai/venv/lib/python3.10/site-packages/airflow/example_dags/example_bash_decorator.py
[2025-11-13T17:56:43.254+0530] {processor.py:830} INFO - Processing file /home/logi/txtai/venv/lib/python3.10/site-packages/airflow/example_dags/example_bash_decorator.py for tasks to queue
[2025-11-13T17:56:43.255+0530] {logging_mixin.py:188} INFO - [2025-11-13T17:56:43.255+0530] {dagbag.py:545} INFO - Filling up the DagBag from /home/logi/txtai/venv/lib/python3.10/site-packages/airflow/example_dags/example_bash_decorator.py
[2025-11-13T17:56:43.276+0530] {processor.py:840} INFO - DAG(s) 'example_bash_decorator' retrieved from /home/logi/txtai/venv/lib/python3.10/site-packages/airflow/example_dags/example_bash_decorator.py
[2025-11-13T17:56:43.321+0530] {logging_mixin.py:188} INFO - [2025-11-13T17:56:43.320+0530] {dag.py:3089} INFO - Sync 1 DAGs
[2025-11-13T17:56:43.339+0530] {logging_mixin.py:188} INFO - [2025-11-13T17:56:43.338+0530] {dag.py:3947} INFO - Setting next_dagrun for example_bash_decorator to None, run_after=None
[2025-11-13T17:56:43.368+0530] {processor.py:183} INFO - Processing /home/logi/txtai/venv/lib/python3.10/site-packages/airflow/example_dags/example_bash_decorator.py took 0.126 seconds
[2025-11-13T17:57:13.792+0530] {processor.py:161} INFO - Started process (PID=33841) to work on /home/logi/txtai/venv/lib/python3.10/site-packages/airflow/example_dags/example_bash_decorator.py
[2025-11-13T17:57:13.794+0530] {processor.py:830} INFO - Processing file /home/logi/txtai/venv/lib/python3.10/site-packages/airflow/example_dags/example_bash_decorator.py for tasks to queue
[2025-11-13T17:57:13.798+0530] {logging_mixin.py:188} INFO - [2025-11-13T17:57:13.797+0530] {dagbag.py:545} INFO - Filling up the DagBag from /home/logi/txtai/venv/lib/python3.10/site-packages/airflow/example_dags/example_bash_decorator.py
[2025-11-13T17:57:13.826+0530] {processor.py:840} INFO - DAG(s) 'example_bash_decorator' retrieved from /home/logi/txtai/venv/lib/python3.10/site-packages/airflow/example_dags/example_bash_decorator.py
[2025-11-13T17:57:13.876+0530] {logging_mixin.py:188} INFO - [2025-11-13T17:57:13.876+0530] {dag.py:3089} INFO - Sync 1 DAGs
[2025-11-13T17:57:13.895+0530] {logging_mixin.py:188} INFO - [2025-11-13T17:57:13.895+0530] {dag.py:3947} INFO - Setting next_dagrun for example_bash_decorator to None, run_after=None
[2025-11-13T17:57:13.930+0530] {processor.py:183} INFO - Processing /home/logi/txtai/venv/lib/python3.10/site-packages/airflow/example_dags/example_bash_decorator.py took 0.152 seconds
[2025-11-13T17:57:44.519+0530] {processor.py:161} INFO - Started process (PID=34218) to work on /home/logi/txtai/venv/lib/python3.10/site-packages/airflow/example_dags/example_bash_decorator.py
[2025-11-13T17:57:44.523+0530] {processor.py:830} INFO - Processing file /home/logi/txtai/venv/lib/python3.10/site-packages/airflow/example_dags/example_bash_decorator.py for tasks to queue
[2025-11-13T17:57:44.527+0530] {logging_mixin.py:188} INFO - [2025-11-13T17:57:44.526+0530] {dagbag.py:545} INFO - Filling up the DagBag from /home/logi/txtai/venv/lib/python3.10/site-packages/airflow/example_dags/example_bash_decorator.py
[2025-11-13T17:57:44.553+0530] {processor.py:840} INFO - DAG(s) 'example_bash_decorator' retrieved from /home/logi/txtai/venv/lib/python3.10/site-packages/airflow/example_dags/example_bash_decorator.py
[2025-11-13T17:57:44.636+0530] {logging_mixin.py:188} INFO - [2025-11-13T17:57:44.635+0530] {dag.py:3089} INFO - Sync 1 DAGs
[2025-11-13T17:57:44.667+0530] {logging_mixin.py:188} INFO - [2025-11-13T17:57:44.666+0530] {dag.py:3947} INFO - Setting next_dagrun for example_bash_decorator to None, run_after=None
[2025-11-13T17:57:44.762+0530] {processor.py:183} INFO - Processing /home/logi/txtai/venv/lib/python3.10/site-packages/airflow/example_dags/example_bash_decorator.py took 0.253 seconds
[2025-11-13T17:58:17.835+0530] {processor.py:161} INFO - Started process (PID=34854) to work on /home/logi/txtai/venv/lib/python3.10/site-packages/airflow/example_dags/example_bash_decorator.py
[2025-11-13T17:58:17.839+0530] {processor.py:830} INFO - Processing file /home/logi/txtai/venv/lib/python3.10/site-packages/airflow/example_dags/example_bash_decorator.py for tasks to queue
[2025-11-13T17:58:17.847+0530] {logging_mixin.py:188} INFO - [2025-11-13T17:58:17.845+0530] {dagbag.py:545} INFO - Filling up the DagBag from /home/logi/txtai/venv/lib/python3.10/site-packages/airflow/example_dags/example_bash_decorator.py
[2025-11-13T17:58:17.884+0530] {processor.py:840} INFO - DAG(s) 'example_bash_decorator' retrieved from /home/logi/txtai/venv/lib/python3.10/site-packages/airflow/example_dags/example_bash_decorator.py
[2025-11-13T17:58:17.975+0530] {logging_mixin.py:188} INFO - [2025-11-13T17:58:17.974+0530] {dag.py:3089} INFO - Sync 1 DAGs
[2025-11-13T17:58:18.013+0530] {logging_mixin.py:188} INFO - [2025-11-13T17:58:18.012+0530] {dag.py:3947} INFO - Setting next_dagrun for example_bash_decorator to None, run_after=None
[2025-11-13T17:58:18.098+0530] {processor.py:183} INFO - Processing /home/logi/txtai/venv/lib/python3.10/site-packages/airflow/example_dags/example_bash_decorator.py took 0.293 seconds
[2025-11-13T23:22:15.128+0530] {processor.py:161} INFO - Started process (PID=5877) to work on /home/logi/txtai/venv/lib/python3.10/site-packages/airflow/example_dags/example_bash_decorator.py
[2025-11-13T23:22:15.130+0530] {processor.py:830} INFO - Processing file /home/logi/txtai/venv/lib/python3.10/site-packages/airflow/example_dags/example_bash_decorator.py for tasks to queue
[2025-11-13T23:22:15.133+0530] {logging_mixin.py:188} INFO - [2025-11-13T23:22:15.133+0530] {dagbag.py:545} INFO - Filling up the DagBag from /home/logi/txtai/venv/lib/python3.10/site-packages/airflow/example_dags/example_bash_decorator.py
[2025-11-13T23:22:15.150+0530] {processor.py:840} INFO - DAG(s) 'example_bash_decorator' retrieved from /home/logi/txtai/venv/lib/python3.10/site-packages/airflow/example_dags/example_bash_decorator.py
[2025-11-13T23:22:15.299+0530] {logging_mixin.py:188} INFO - [2025-11-13T23:22:15.299+0530] {dag.py:3089} INFO - Sync 1 DAGs
[2025-11-13T23:22:15.318+0530] {logging_mixin.py:188} INFO - [2025-11-13T23:22:15.318+0530] {dag.py:3947} INFO - Setting next_dagrun for example_bash_decorator to None, run_after=None
[2025-11-13T23:22:15.345+0530] {processor.py:183} INFO - Processing /home/logi/txtai/venv/lib/python3.10/site-packages/airflow/example_dags/example_bash_decorator.py took 0.230 seconds
[2025-11-13T23:22:45.868+0530] {processor.py:161} INFO - Started process (PID=6648) to work on /home/logi/txtai/venv/lib/python3.10/site-packages/airflow/example_dags/example_bash_decorator.py
[2025-11-13T23:22:45.869+0530] {processor.py:830} INFO - Processing file /home/logi/txtai/venv/lib/python3.10/site-packages/airflow/example_dags/example_bash_decorator.py for tasks to queue
[2025-11-13T23:22:45.872+0530] {logging_mixin.py:188} INFO - [2025-11-13T23:22:45.872+0530] {dagbag.py:545} INFO - Filling up the DagBag from /home/logi/txtai/venv/lib/python3.10/site-packages/airflow/example_dags/example_bash_decorator.py
[2025-11-13T23:22:45.888+0530] {processor.py:840} INFO - DAG(s) 'example_bash_decorator' retrieved from /home/logi/txtai/venv/lib/python3.10/site-packages/airflow/example_dags/example_bash_decorator.py
[2025-11-13T23:22:45.950+0530] {logging_mixin.py:188} INFO - [2025-11-13T23:22:45.950+0530] {dag.py:3089} INFO - Sync 1 DAGs
[2025-11-13T23:22:45.974+0530] {logging_mixin.py:188} INFO - [2025-11-13T23:22:45.973+0530] {dag.py:3947} INFO - Setting next_dagrun for example_bash_decorator to None, run_after=None
[2025-11-13T23:22:46.015+0530] {processor.py:183} INFO - Processing /home/logi/txtai/venv/lib/python3.10/site-packages/airflow/example_dags/example_bash_decorator.py took 0.158 seconds
[2025-11-13T23:23:16.513+0530] {processor.py:161} INFO - Started process (PID=7288) to work on /home/logi/txtai/venv/lib/python3.10/site-packages/airflow/example_dags/example_bash_decorator.py
[2025-11-13T23:23:16.514+0530] {processor.py:830} INFO - Processing file /home/logi/txtai/venv/lib/python3.10/site-packages/airflow/example_dags/example_bash_decorator.py for tasks to queue
[2025-11-13T23:23:16.517+0530] {logging_mixin.py:188} INFO - [2025-11-13T23:23:16.516+0530] {dagbag.py:545} INFO - Filling up the DagBag from /home/logi/txtai/venv/lib/python3.10/site-packages/airflow/example_dags/example_bash_decorator.py
[2025-11-13T23:23:16.539+0530] {processor.py:840} INFO - DAG(s) 'example_bash_decorator' retrieved from /home/logi/txtai/venv/lib/python3.10/site-packages/airflow/example_dags/example_bash_decorator.py
[2025-11-13T23:23:16.591+0530] {logging_mixin.py:188} INFO - [2025-11-13T23:23:16.590+0530] {dag.py:3089} INFO - Sync 1 DAGs
[2025-11-13T23:23:16.611+0530] {logging_mixin.py:188} INFO - [2025-11-13T23:23:16.611+0530] {dag.py:3947} INFO - Setting next_dagrun for example_bash_decorator to None, run_after=None
[2025-11-13T23:23:16.647+0530] {processor.py:183} INFO - Processing /home/logi/txtai/venv/lib/python3.10/site-packages/airflow/example_dags/example_bash_decorator.py took 0.145 seconds
