[2025-11-13T05:51:16.701+0530] {processor.py:161} INFO - Started process (PID=6895) to work on /home/logi/txtai/venv/lib/python3.10/site-packages/airflow/example_dags/example_nested_branch_dag.py
[2025-11-13T05:51:16.702+0530] {processor.py:830} INFO - Processing file /home/logi/txtai/venv/lib/python3.10/site-packages/airflow/example_dags/example_nested_branch_dag.py for tasks to queue
[2025-11-13T05:51:16.705+0530] {logging_mixin.py:188} INFO - [2025-11-13T05:51:16.705+0530] {dagbag.py:545} INFO - Filling up the DagBag from /home/logi/txtai/venv/lib/python3.10/site-packages/airflow/example_dags/example_nested_branch_dag.py
[2025-11-13T05:51:16.719+0530] {processor.py:840} INFO - DAG(s) 'example_nested_branch_dag' retrieved from /home/logi/txtai/venv/lib/python3.10/site-packages/airflow/example_dags/example_nested_branch_dag.py
[2025-11-13T05:51:16.805+0530] {logging_mixin.py:188} INFO - [2025-11-13T05:51:16.805+0530] {dag.py:3089} INFO - Sync 1 DAGs
[2025-11-13T05:51:16.821+0530] {logging_mixin.py:188} INFO - [2025-11-13T05:51:16.821+0530] {dag.py:3947} INFO - Setting next_dagrun for example_nested_branch_dag to 2025-11-12 00:00:00+00:00, run_after=2025-11-13 00:00:00+00:00
[2025-11-13T05:51:16.853+0530] {processor.py:183} INFO - Processing /home/logi/txtai/venv/lib/python3.10/site-packages/airflow/example_dags/example_nested_branch_dag.py took 0.164 seconds
[2025-11-13T05:53:07.326+0530] {processor.py:161} INFO - Started process (PID=8126) to work on /home/logi/txtai/venv/lib/python3.10/site-packages/airflow/example_dags/example_nested_branch_dag.py
[2025-11-13T05:53:07.341+0530] {processor.py:830} INFO - Processing file /home/logi/txtai/venv/lib/python3.10/site-packages/airflow/example_dags/example_nested_branch_dag.py for tasks to queue
[2025-11-13T05:53:07.344+0530] {logging_mixin.py:188} INFO - [2025-11-13T05:53:07.344+0530] {dagbag.py:545} INFO - Filling up the DagBag from /home/logi/txtai/venv/lib/python3.10/site-packages/airflow/example_dags/example_nested_branch_dag.py
[2025-11-13T05:53:07.363+0530] {processor.py:840} INFO - DAG(s) 'example_nested_branch_dag' retrieved from /home/logi/txtai/venv/lib/python3.10/site-packages/airflow/example_dags/example_nested_branch_dag.py
[2025-11-13T05:53:07.397+0530] {logging_mixin.py:188} INFO - [2025-11-13T05:53:07.397+0530] {dag.py:3089} INFO - Sync 1 DAGs
[2025-11-13T05:53:07.415+0530] {logging_mixin.py:188} INFO - [2025-11-13T05:53:07.415+0530] {dag.py:3947} INFO - Setting next_dagrun for example_nested_branch_dag to 2025-11-12 00:00:00+00:00, run_after=2025-11-13 00:00:00+00:00
[2025-11-13T05:53:07.442+0530] {processor.py:183} INFO - Processing /home/logi/txtai/venv/lib/python3.10/site-packages/airflow/example_dags/example_nested_branch_dag.py took 0.127 seconds
[2025-11-13T05:56:58.920+0530] {processor.py:161} INFO - Started process (PID=10486) to work on /home/logi/txtai/venv/lib/python3.10/site-packages/airflow/example_dags/example_nested_branch_dag.py
[2025-11-13T05:56:58.934+0530] {processor.py:830} INFO - Processing file /home/logi/txtai/venv/lib/python3.10/site-packages/airflow/example_dags/example_nested_branch_dag.py for tasks to queue
[2025-11-13T05:56:58.938+0530] {logging_mixin.py:188} INFO - [2025-11-13T05:56:58.938+0530] {dagbag.py:545} INFO - Filling up the DagBag from /home/logi/txtai/venv/lib/python3.10/site-packages/airflow/example_dags/example_nested_branch_dag.py
[2025-11-13T05:56:58.954+0530] {processor.py:840} INFO - DAG(s) 'example_nested_branch_dag' retrieved from /home/logi/txtai/venv/lib/python3.10/site-packages/airflow/example_dags/example_nested_branch_dag.py
[2025-11-13T05:56:58.981+0530] {logging_mixin.py:188} INFO - [2025-11-13T05:56:58.980+0530] {dag.py:3089} INFO - Sync 1 DAGs
[2025-11-13T05:56:59.006+0530] {logging_mixin.py:188} INFO - [2025-11-13T05:56:59.006+0530] {dag.py:3947} INFO - Setting next_dagrun for example_nested_branch_dag to 2025-11-12 00:00:00+00:00, run_after=2025-11-13 00:00:00+00:00
[2025-11-13T05:56:59.034+0530] {processor.py:183} INFO - Processing /home/logi/txtai/venv/lib/python3.10/site-packages/airflow/example_dags/example_nested_branch_dag.py took 0.132 seconds
[2025-11-13T05:59:17.243+0530] {processor.py:161} INFO - Started process (PID=11897) to work on /home/logi/txtai/venv/lib/python3.10/site-packages/airflow/example_dags/example_nested_branch_dag.py
[2025-11-13T05:59:17.244+0530] {processor.py:830} INFO - Processing file /home/logi/txtai/venv/lib/python3.10/site-packages/airflow/example_dags/example_nested_branch_dag.py for tasks to queue
[2025-11-13T05:59:17.247+0530] {logging_mixin.py:188} INFO - [2025-11-13T05:59:17.247+0530] {dagbag.py:545} INFO - Filling up the DagBag from /home/logi/txtai/venv/lib/python3.10/site-packages/airflow/example_dags/example_nested_branch_dag.py
[2025-11-13T05:59:17.263+0530] {processor.py:840} INFO - DAG(s) 'example_nested_branch_dag' retrieved from /home/logi/txtai/venv/lib/python3.10/site-packages/airflow/example_dags/example_nested_branch_dag.py
[2025-11-13T05:59:17.277+0530] {logging_mixin.py:188} INFO - [2025-11-13T05:59:17.277+0530] {dag.py:3089} INFO - Sync 1 DAGs
[2025-11-13T05:59:17.291+0530] {logging_mixin.py:188} INFO - [2025-11-13T05:59:17.291+0530] {dag.py:3947} INFO - Setting next_dagrun for example_nested_branch_dag to 2025-11-12 00:00:00+00:00, run_after=2025-11-13 00:00:00+00:00
[2025-11-13T05:59:17.307+0530] {processor.py:183} INFO - Processing /home/logi/txtai/venv/lib/python3.10/site-packages/airflow/example_dags/example_nested_branch_dag.py took 0.071 seconds
[2025-11-13T06:01:00.046+0530] {processor.py:161} INFO - Started process (PID=13018) to work on /home/logi/txtai/venv/lib/python3.10/site-packages/airflow/example_dags/example_nested_branch_dag.py
[2025-11-13T06:01:00.059+0530] {processor.py:830} INFO - Processing file /home/logi/txtai/venv/lib/python3.10/site-packages/airflow/example_dags/example_nested_branch_dag.py for tasks to queue
[2025-11-13T06:01:00.062+0530] {logging_mixin.py:188} INFO - [2025-11-13T06:01:00.062+0530] {dagbag.py:545} INFO - Filling up the DagBag from /home/logi/txtai/venv/lib/python3.10/site-packages/airflow/example_dags/example_nested_branch_dag.py
[2025-11-13T06:01:00.080+0530] {processor.py:840} INFO - DAG(s) 'example_nested_branch_dag' retrieved from /home/logi/txtai/venv/lib/python3.10/site-packages/airflow/example_dags/example_nested_branch_dag.py
[2025-11-13T06:01:00.108+0530] {logging_mixin.py:188} INFO - [2025-11-13T06:01:00.107+0530] {dag.py:3089} INFO - Sync 1 DAGs
[2025-11-13T06:01:00.127+0530] {logging_mixin.py:188} INFO - [2025-11-13T06:01:00.127+0530] {dag.py:3947} INFO - Setting next_dagrun for example_nested_branch_dag to 2025-11-12 00:00:00+00:00, run_after=2025-11-13 00:00:00+00:00
[2025-11-13T06:01:00.153+0530] {processor.py:183} INFO - Processing /home/logi/txtai/venv/lib/python3.10/site-packages/airflow/example_dags/example_nested_branch_dag.py took 0.118 seconds
[2025-11-13T06:03:47.532+0530] {processor.py:161} INFO - Started process (PID=15003) to work on /home/logi/txtai/venv/lib/python3.10/site-packages/airflow/example_dags/example_nested_branch_dag.py
[2025-11-13T06:03:47.545+0530] {processor.py:830} INFO - Processing file /home/logi/txtai/venv/lib/python3.10/site-packages/airflow/example_dags/example_nested_branch_dag.py for tasks to queue
[2025-11-13T06:03:47.549+0530] {logging_mixin.py:188} INFO - [2025-11-13T06:03:47.548+0530] {dagbag.py:545} INFO - Filling up the DagBag from /home/logi/txtai/venv/lib/python3.10/site-packages/airflow/example_dags/example_nested_branch_dag.py
[2025-11-13T06:03:47.566+0530] {processor.py:840} INFO - DAG(s) 'example_nested_branch_dag' retrieved from /home/logi/txtai/venv/lib/python3.10/site-packages/airflow/example_dags/example_nested_branch_dag.py
[2025-11-13T06:03:47.594+0530] {logging_mixin.py:188} INFO - [2025-11-13T06:03:47.594+0530] {dag.py:3089} INFO - Sync 1 DAGs
[2025-11-13T06:03:47.611+0530] {logging_mixin.py:188} INFO - [2025-11-13T06:03:47.611+0530] {dag.py:3947} INFO - Setting next_dagrun for example_nested_branch_dag to 2025-11-12 00:00:00+00:00, run_after=2025-11-13 00:00:00+00:00
[2025-11-13T06:03:47.630+0530] {processor.py:183} INFO - Processing /home/logi/txtai/venv/lib/python3.10/site-packages/airflow/example_dags/example_nested_branch_dag.py took 0.110 seconds
[2025-11-13T10:40:42.881+0530] {processor.py:161} INFO - Started process (PID=17074) to work on /home/logi/txtai/venv/lib/python3.10/site-packages/airflow/example_dags/example_nested_branch_dag.py
[2025-11-13T10:40:42.883+0530] {processor.py:830} INFO - Processing file /home/logi/txtai/venv/lib/python3.10/site-packages/airflow/example_dags/example_nested_branch_dag.py for tasks to queue
[2025-11-13T10:40:42.886+0530] {logging_mixin.py:188} INFO - [2025-11-13T10:40:42.885+0530] {dagbag.py:545} INFO - Filling up the DagBag from /home/logi/txtai/venv/lib/python3.10/site-packages/airflow/example_dags/example_nested_branch_dag.py
[2025-11-13T10:40:42.901+0530] {processor.py:840} INFO - DAG(s) 'example_nested_branch_dag' retrieved from /home/logi/txtai/venv/lib/python3.10/site-packages/airflow/example_dags/example_nested_branch_dag.py
[2025-11-13T10:40:43.069+0530] {logging_mixin.py:188} INFO - [2025-11-13T10:40:43.068+0530] {override.py:1858} INFO - Created Permission View: can edit on DAG:example_nested_branch_dag
[2025-11-13T10:40:43.086+0530] {logging_mixin.py:188} INFO - [2025-11-13T10:40:43.086+0530] {override.py:1858} INFO - Created Permission View: can read on DAG:example_nested_branch_dag
[2025-11-13T10:40:43.101+0530] {logging_mixin.py:188} INFO - [2025-11-13T10:40:43.101+0530] {override.py:1858} INFO - Created Permission View: can delete on DAG:example_nested_branch_dag
[2025-11-13T10:40:43.101+0530] {logging_mixin.py:188} INFO - [2025-11-13T10:40:43.101+0530] {dag.py:3089} INFO - Sync 1 DAGs
[2025-11-13T10:40:43.114+0530] {logging_mixin.py:188} INFO - [2025-11-13T10:40:43.114+0530] {dag.py:3111} INFO - Creating ORM DAG for example_nested_branch_dag
[2025-11-13T10:40:43.127+0530] {logging_mixin.py:188} INFO - [2025-11-13T10:40:43.127+0530] {dag.py:3947} INFO - Setting next_dagrun for example_nested_branch_dag to 2025-11-12 00:00:00+00:00, run_after=2025-11-13 00:00:00+00:00
[2025-11-13T10:40:43.149+0530] {processor.py:183} INFO - Processing /home/logi/txtai/venv/lib/python3.10/site-packages/airflow/example_dags/example_nested_branch_dag.py took 0.278 seconds
[2025-11-13T10:41:13.305+0530] {processor.py:161} INFO - Started process (PID=17491) to work on /home/logi/txtai/venv/lib/python3.10/site-packages/airflow/example_dags/example_nested_branch_dag.py
[2025-11-13T10:41:13.309+0530] {processor.py:830} INFO - Processing file /home/logi/txtai/venv/lib/python3.10/site-packages/airflow/example_dags/example_nested_branch_dag.py for tasks to queue
[2025-11-13T10:41:13.311+0530] {logging_mixin.py:188} INFO - [2025-11-13T10:41:13.311+0530] {dagbag.py:545} INFO - Filling up the DagBag from /home/logi/txtai/venv/lib/python3.10/site-packages/airflow/example_dags/example_nested_branch_dag.py
[2025-11-13T10:41:13.329+0530] {processor.py:840} INFO - DAG(s) 'example_nested_branch_dag' retrieved from /home/logi/txtai/venv/lib/python3.10/site-packages/airflow/example_dags/example_nested_branch_dag.py
[2025-11-13T10:41:13.375+0530] {logging_mixin.py:188} INFO - [2025-11-13T10:41:13.375+0530] {dag.py:3089} INFO - Sync 1 DAGs
[2025-11-13T10:41:13.398+0530] {logging_mixin.py:188} INFO - [2025-11-13T10:41:13.398+0530] {dag.py:3947} INFO - Setting next_dagrun for example_nested_branch_dag to 2025-11-12 00:00:00+00:00, run_after=2025-11-13 00:00:00+00:00
[2025-11-13T10:41:13.418+0530] {processor.py:183} INFO - Processing /home/logi/txtai/venv/lib/python3.10/site-packages/airflow/example_dags/example_nested_branch_dag.py took 0.123 seconds
[2025-11-13T10:41:44.592+0530] {processor.py:161} INFO - Started process (PID=18158) to work on /home/logi/txtai/venv/lib/python3.10/site-packages/airflow/example_dags/example_nested_branch_dag.py
[2025-11-13T10:41:44.596+0530] {processor.py:830} INFO - Processing file /home/logi/txtai/venv/lib/python3.10/site-packages/airflow/example_dags/example_nested_branch_dag.py for tasks to queue
[2025-11-13T10:41:44.602+0530] {logging_mixin.py:188} INFO - [2025-11-13T10:41:44.601+0530] {dagbag.py:545} INFO - Filling up the DagBag from /home/logi/txtai/venv/lib/python3.10/site-packages/airflow/example_dags/example_nested_branch_dag.py
[2025-11-13T10:41:44.635+0530] {processor.py:840} INFO - DAG(s) 'example_nested_branch_dag' retrieved from /home/logi/txtai/venv/lib/python3.10/site-packages/airflow/example_dags/example_nested_branch_dag.py
[2025-11-13T10:41:44.714+0530] {logging_mixin.py:188} INFO - [2025-11-13T10:41:44.714+0530] {dag.py:3089} INFO - Sync 1 DAGs
[2025-11-13T10:41:44.744+0530] {logging_mixin.py:188} INFO - [2025-11-13T10:41:44.744+0530] {dag.py:3947} INFO - Setting next_dagrun for example_nested_branch_dag to 2025-11-12 00:00:00+00:00, run_after=2025-11-13 00:00:00+00:00
[2025-11-13T10:41:44.786+0530] {processor.py:183} INFO - Processing /home/logi/txtai/venv/lib/python3.10/site-packages/airflow/example_dags/example_nested_branch_dag.py took 0.215 seconds
[2025-11-13T10:42:15.581+0530] {processor.py:161} INFO - Started process (PID=18734) to work on /home/logi/txtai/venv/lib/python3.10/site-packages/airflow/example_dags/example_nested_branch_dag.py
[2025-11-13T10:42:15.583+0530] {processor.py:830} INFO - Processing file /home/logi/txtai/venv/lib/python3.10/site-packages/airflow/example_dags/example_nested_branch_dag.py for tasks to queue
[2025-11-13T10:42:15.586+0530] {logging_mixin.py:188} INFO - [2025-11-13T10:42:15.586+0530] {dagbag.py:545} INFO - Filling up the DagBag from /home/logi/txtai/venv/lib/python3.10/site-packages/airflow/example_dags/example_nested_branch_dag.py
[2025-11-13T10:42:15.599+0530] {processor.py:840} INFO - DAG(s) 'example_nested_branch_dag' retrieved from /home/logi/txtai/venv/lib/python3.10/site-packages/airflow/example_dags/example_nested_branch_dag.py
[2025-11-13T10:42:15.666+0530] {logging_mixin.py:188} INFO - [2025-11-13T10:42:15.665+0530] {dag.py:3089} INFO - Sync 1 DAGs
[2025-11-13T10:42:15.718+0530] {logging_mixin.py:188} INFO - [2025-11-13T10:42:15.718+0530] {dag.py:3947} INFO - Setting next_dagrun for example_nested_branch_dag to 2025-11-12 00:00:00+00:00, run_after=2025-11-13 00:00:00+00:00
[2025-11-13T10:42:15.777+0530] {processor.py:183} INFO - Processing /home/logi/txtai/venv/lib/python3.10/site-packages/airflow/example_dags/example_nested_branch_dag.py took 0.204 seconds
[2025-11-13T10:42:46.305+0530] {processor.py:161} INFO - Started process (PID=18992) to work on /home/logi/txtai/venv/lib/python3.10/site-packages/airflow/example_dags/example_nested_branch_dag.py
[2025-11-13T10:42:46.306+0530] {processor.py:830} INFO - Processing file /home/logi/txtai/venv/lib/python3.10/site-packages/airflow/example_dags/example_nested_branch_dag.py for tasks to queue
[2025-11-13T10:42:46.309+0530] {logging_mixin.py:188} INFO - [2025-11-13T10:42:46.308+0530] {dagbag.py:545} INFO - Filling up the DagBag from /home/logi/txtai/venv/lib/python3.10/site-packages/airflow/example_dags/example_nested_branch_dag.py
[2025-11-13T10:42:46.324+0530] {processor.py:840} INFO - DAG(s) 'example_nested_branch_dag' retrieved from /home/logi/txtai/venv/lib/python3.10/site-packages/airflow/example_dags/example_nested_branch_dag.py
[2025-11-13T10:42:46.387+0530] {logging_mixin.py:188} INFO - [2025-11-13T10:42:46.386+0530] {dag.py:3089} INFO - Sync 1 DAGs
[2025-11-13T10:42:46.413+0530] {logging_mixin.py:188} INFO - [2025-11-13T10:42:46.413+0530] {dag.py:3947} INFO - Setting next_dagrun for example_nested_branch_dag to 2025-11-12 00:00:00+00:00, run_after=2025-11-13 00:00:00+00:00
[2025-11-13T10:42:46.434+0530] {processor.py:183} INFO - Processing /home/logi/txtai/venv/lib/python3.10/site-packages/airflow/example_dags/example_nested_branch_dag.py took 0.141 seconds
[2025-11-13T10:43:17.578+0530] {processor.py:161} INFO - Started process (PID=19132) to work on /home/logi/txtai/venv/lib/python3.10/site-packages/airflow/example_dags/example_nested_branch_dag.py
[2025-11-13T10:43:17.580+0530] {processor.py:830} INFO - Processing file /home/logi/txtai/venv/lib/python3.10/site-packages/airflow/example_dags/example_nested_branch_dag.py for tasks to queue
[2025-11-13T10:43:17.583+0530] {logging_mixin.py:188} INFO - [2025-11-13T10:43:17.583+0530] {dagbag.py:545} INFO - Filling up the DagBag from /home/logi/txtai/venv/lib/python3.10/site-packages/airflow/example_dags/example_nested_branch_dag.py
[2025-11-13T10:43:17.598+0530] {processor.py:840} INFO - DAG(s) 'example_nested_branch_dag' retrieved from /home/logi/txtai/venv/lib/python3.10/site-packages/airflow/example_dags/example_nested_branch_dag.py
[2025-11-13T10:43:17.658+0530] {logging_mixin.py:188} INFO - [2025-11-13T10:43:17.658+0530] {dag.py:3089} INFO - Sync 1 DAGs
[2025-11-13T10:43:17.699+0530] {logging_mixin.py:188} INFO - [2025-11-13T10:43:17.699+0530] {dag.py:3947} INFO - Setting next_dagrun for example_nested_branch_dag to 2025-11-12 00:00:00+00:00, run_after=2025-11-13 00:00:00+00:00
[2025-11-13T10:43:17.734+0530] {processor.py:183} INFO - Processing /home/logi/txtai/venv/lib/python3.10/site-packages/airflow/example_dags/example_nested_branch_dag.py took 0.166 seconds
[2025-11-13T10:43:48.964+0530] {processor.py:161} INFO - Started process (PID=19275) to work on /home/logi/txtai/venv/lib/python3.10/site-packages/airflow/example_dags/example_nested_branch_dag.py
[2025-11-13T10:43:48.966+0530] {processor.py:830} INFO - Processing file /home/logi/txtai/venv/lib/python3.10/site-packages/airflow/example_dags/example_nested_branch_dag.py for tasks to queue
[2025-11-13T10:43:48.969+0530] {logging_mixin.py:188} INFO - [2025-11-13T10:43:48.968+0530] {dagbag.py:545} INFO - Filling up the DagBag from /home/logi/txtai/venv/lib/python3.10/site-packages/airflow/example_dags/example_nested_branch_dag.py
[2025-11-13T10:43:48.985+0530] {processor.py:840} INFO - DAG(s) 'example_nested_branch_dag' retrieved from /home/logi/txtai/venv/lib/python3.10/site-packages/airflow/example_dags/example_nested_branch_dag.py
[2025-11-13T10:43:49.036+0530] {logging_mixin.py:188} INFO - [2025-11-13T10:43:49.036+0530] {dag.py:3089} INFO - Sync 1 DAGs
[2025-11-13T10:43:49.072+0530] {logging_mixin.py:188} INFO - [2025-11-13T10:43:49.072+0530] {dag.py:3947} INFO - Setting next_dagrun for example_nested_branch_dag to 2025-11-12 00:00:00+00:00, run_after=2025-11-13 00:00:00+00:00
[2025-11-13T10:43:49.105+0530] {processor.py:183} INFO - Processing /home/logi/txtai/venv/lib/python3.10/site-packages/airflow/example_dags/example_nested_branch_dag.py took 0.152 seconds
[2025-11-13T10:44:20.113+0530] {processor.py:161} INFO - Started process (PID=19419) to work on /home/logi/txtai/venv/lib/python3.10/site-packages/airflow/example_dags/example_nested_branch_dag.py
[2025-11-13T10:44:20.115+0530] {processor.py:830} INFO - Processing file /home/logi/txtai/venv/lib/python3.10/site-packages/airflow/example_dags/example_nested_branch_dag.py for tasks to queue
[2025-11-13T10:44:20.117+0530] {logging_mixin.py:188} INFO - [2025-11-13T10:44:20.117+0530] {dagbag.py:545} INFO - Filling up the DagBag from /home/logi/txtai/venv/lib/python3.10/site-packages/airflow/example_dags/example_nested_branch_dag.py
[2025-11-13T10:44:20.133+0530] {processor.py:840} INFO - DAG(s) 'example_nested_branch_dag' retrieved from /home/logi/txtai/venv/lib/python3.10/site-packages/airflow/example_dags/example_nested_branch_dag.py
[2025-11-13T10:44:20.185+0530] {logging_mixin.py:188} INFO - [2025-11-13T10:44:20.184+0530] {dag.py:3089} INFO - Sync 1 DAGs
[2025-11-13T10:44:20.224+0530] {logging_mixin.py:188} INFO - [2025-11-13T10:44:20.224+0530] {dag.py:3947} INFO - Setting next_dagrun for example_nested_branch_dag to 2025-11-12 00:00:00+00:00, run_after=2025-11-13 00:00:00+00:00
[2025-11-13T10:44:20.259+0530] {processor.py:183} INFO - Processing /home/logi/txtai/venv/lib/python3.10/site-packages/airflow/example_dags/example_nested_branch_dag.py took 0.156 seconds
[2025-11-13T10:44:51.923+0530] {processor.py:161} INFO - Started process (PID=19560) to work on /home/logi/txtai/venv/lib/python3.10/site-packages/airflow/example_dags/example_nested_branch_dag.py
[2025-11-13T10:44:51.925+0530] {processor.py:830} INFO - Processing file /home/logi/txtai/venv/lib/python3.10/site-packages/airflow/example_dags/example_nested_branch_dag.py for tasks to queue
[2025-11-13T10:44:51.927+0530] {logging_mixin.py:188} INFO - [2025-11-13T10:44:51.927+0530] {dagbag.py:545} INFO - Filling up the DagBag from /home/logi/txtai/venv/lib/python3.10/site-packages/airflow/example_dags/example_nested_branch_dag.py
[2025-11-13T10:44:51.943+0530] {processor.py:840} INFO - DAG(s) 'example_nested_branch_dag' retrieved from /home/logi/txtai/venv/lib/python3.10/site-packages/airflow/example_dags/example_nested_branch_dag.py
[2025-11-13T10:44:52.000+0530] {logging_mixin.py:188} INFO - [2025-11-13T10:44:51.999+0530] {dag.py:3089} INFO - Sync 1 DAGs
[2025-11-13T10:44:52.040+0530] {logging_mixin.py:188} INFO - [2025-11-13T10:44:52.039+0530] {dag.py:3947} INFO - Setting next_dagrun for example_nested_branch_dag to 2025-11-12 00:00:00+00:00, run_after=2025-11-13 00:00:00+00:00
[2025-11-13T10:44:52.074+0530] {processor.py:183} INFO - Processing /home/logi/txtai/venv/lib/python3.10/site-packages/airflow/example_dags/example_nested_branch_dag.py took 0.161 seconds
[2025-11-13T10:45:22.789+0530] {processor.py:161} INFO - Started process (PID=19705) to work on /home/logi/txtai/venv/lib/python3.10/site-packages/airflow/example_dags/example_nested_branch_dag.py
[2025-11-13T10:45:22.791+0530] {processor.py:830} INFO - Processing file /home/logi/txtai/venv/lib/python3.10/site-packages/airflow/example_dags/example_nested_branch_dag.py for tasks to queue
[2025-11-13T10:45:22.794+0530] {logging_mixin.py:188} INFO - [2025-11-13T10:45:22.793+0530] {dagbag.py:545} INFO - Filling up the DagBag from /home/logi/txtai/venv/lib/python3.10/site-packages/airflow/example_dags/example_nested_branch_dag.py
[2025-11-13T10:45:22.809+0530] {processor.py:840} INFO - DAG(s) 'example_nested_branch_dag' retrieved from /home/logi/txtai/venv/lib/python3.10/site-packages/airflow/example_dags/example_nested_branch_dag.py
[2025-11-13T10:45:22.870+0530] {logging_mixin.py:188} INFO - [2025-11-13T10:45:22.870+0530] {dag.py:3089} INFO - Sync 1 DAGs
[2025-11-13T10:45:22.911+0530] {logging_mixin.py:188} INFO - [2025-11-13T10:45:22.911+0530] {dag.py:3947} INFO - Setting next_dagrun for example_nested_branch_dag to 2025-11-12 00:00:00+00:00, run_after=2025-11-13 00:00:00+00:00
[2025-11-13T10:45:22.947+0530] {processor.py:183} INFO - Processing /home/logi/txtai/venv/lib/python3.10/site-packages/airflow/example_dags/example_nested_branch_dag.py took 0.168 seconds
[2025-11-13T10:45:53.532+0530] {processor.py:161} INFO - Started process (PID=19873) to work on /home/logi/txtai/venv/lib/python3.10/site-packages/airflow/example_dags/example_nested_branch_dag.py
[2025-11-13T10:45:53.534+0530] {processor.py:830} INFO - Processing file /home/logi/txtai/venv/lib/python3.10/site-packages/airflow/example_dags/example_nested_branch_dag.py for tasks to queue
[2025-11-13T10:45:53.536+0530] {logging_mixin.py:188} INFO - [2025-11-13T10:45:53.536+0530] {dagbag.py:545} INFO - Filling up the DagBag from /home/logi/txtai/venv/lib/python3.10/site-packages/airflow/example_dags/example_nested_branch_dag.py
[2025-11-13T10:45:53.552+0530] {processor.py:840} INFO - DAG(s) 'example_nested_branch_dag' retrieved from /home/logi/txtai/venv/lib/python3.10/site-packages/airflow/example_dags/example_nested_branch_dag.py
[2025-11-13T10:45:53.610+0530] {logging_mixin.py:188} INFO - [2025-11-13T10:45:53.609+0530] {dag.py:3089} INFO - Sync 1 DAGs
[2025-11-13T10:45:53.651+0530] {logging_mixin.py:188} INFO - [2025-11-13T10:45:53.650+0530] {dag.py:3947} INFO - Setting next_dagrun for example_nested_branch_dag to 2025-11-12 00:00:00+00:00, run_after=2025-11-13 00:00:00+00:00
[2025-11-13T10:45:53.688+0530] {processor.py:183} INFO - Processing /home/logi/txtai/venv/lib/python3.10/site-packages/airflow/example_dags/example_nested_branch_dag.py took 0.168 seconds
[2025-11-13T10:46:25.527+0530] {processor.py:161} INFO - Started process (PID=20018) to work on /home/logi/txtai/venv/lib/python3.10/site-packages/airflow/example_dags/example_nested_branch_dag.py
[2025-11-13T10:46:25.529+0530] {processor.py:830} INFO - Processing file /home/logi/txtai/venv/lib/python3.10/site-packages/airflow/example_dags/example_nested_branch_dag.py for tasks to queue
[2025-11-13T10:46:25.531+0530] {logging_mixin.py:188} INFO - [2025-11-13T10:46:25.531+0530] {dagbag.py:545} INFO - Filling up the DagBag from /home/logi/txtai/venv/lib/python3.10/site-packages/airflow/example_dags/example_nested_branch_dag.py
[2025-11-13T10:46:25.546+0530] {processor.py:840} INFO - DAG(s) 'example_nested_branch_dag' retrieved from /home/logi/txtai/venv/lib/python3.10/site-packages/airflow/example_dags/example_nested_branch_dag.py
[2025-11-13T10:46:25.605+0530] {logging_mixin.py:188} INFO - [2025-11-13T10:46:25.605+0530] {dag.py:3089} INFO - Sync 1 DAGs
[2025-11-13T10:46:25.633+0530] {logging_mixin.py:188} INFO - [2025-11-13T10:46:25.633+0530] {dag.py:3947} INFO - Setting next_dagrun for example_nested_branch_dag to 2025-11-12 00:00:00+00:00, run_after=2025-11-13 00:00:00+00:00
[2025-11-13T10:46:25.667+0530] {processor.py:183} INFO - Processing /home/logi/txtai/venv/lib/python3.10/site-packages/airflow/example_dags/example_nested_branch_dag.py took 0.151 seconds
[2025-11-13T10:46:56.062+0530] {processor.py:161} INFO - Started process (PID=20161) to work on /home/logi/txtai/venv/lib/python3.10/site-packages/airflow/example_dags/example_nested_branch_dag.py
[2025-11-13T10:46:56.064+0530] {processor.py:830} INFO - Processing file /home/logi/txtai/venv/lib/python3.10/site-packages/airflow/example_dags/example_nested_branch_dag.py for tasks to queue
[2025-11-13T10:46:56.067+0530] {logging_mixin.py:188} INFO - [2025-11-13T10:46:56.066+0530] {dagbag.py:545} INFO - Filling up the DagBag from /home/logi/txtai/venv/lib/python3.10/site-packages/airflow/example_dags/example_nested_branch_dag.py
[2025-11-13T10:46:56.082+0530] {processor.py:840} INFO - DAG(s) 'example_nested_branch_dag' retrieved from /home/logi/txtai/venv/lib/python3.10/site-packages/airflow/example_dags/example_nested_branch_dag.py
[2025-11-13T10:46:56.140+0530] {logging_mixin.py:188} INFO - [2025-11-13T10:46:56.139+0530] {dag.py:3089} INFO - Sync 1 DAGs
[2025-11-13T10:46:56.180+0530] {logging_mixin.py:188} INFO - [2025-11-13T10:46:56.180+0530] {dag.py:3947} INFO - Setting next_dagrun for example_nested_branch_dag to 2025-11-12 00:00:00+00:00, run_after=2025-11-13 00:00:00+00:00
[2025-11-13T10:46:56.228+0530] {processor.py:183} INFO - Processing /home/logi/txtai/venv/lib/python3.10/site-packages/airflow/example_dags/example_nested_branch_dag.py took 0.176 seconds
[2025-11-13T10:47:27.353+0530] {processor.py:161} INFO - Started process (PID=20303) to work on /home/logi/txtai/venv/lib/python3.10/site-packages/airflow/example_dags/example_nested_branch_dag.py
[2025-11-13T10:47:27.354+0530] {processor.py:830} INFO - Processing file /home/logi/txtai/venv/lib/python3.10/site-packages/airflow/example_dags/example_nested_branch_dag.py for tasks to queue
[2025-11-13T10:47:27.357+0530] {logging_mixin.py:188} INFO - [2025-11-13T10:47:27.356+0530] {dagbag.py:545} INFO - Filling up the DagBag from /home/logi/txtai/venv/lib/python3.10/site-packages/airflow/example_dags/example_nested_branch_dag.py
[2025-11-13T10:47:27.372+0530] {processor.py:840} INFO - DAG(s) 'example_nested_branch_dag' retrieved from /home/logi/txtai/venv/lib/python3.10/site-packages/airflow/example_dags/example_nested_branch_dag.py
[2025-11-13T10:47:27.432+0530] {logging_mixin.py:188} INFO - [2025-11-13T10:47:27.431+0530] {dag.py:3089} INFO - Sync 1 DAGs
[2025-11-13T10:47:27.471+0530] {logging_mixin.py:188} INFO - [2025-11-13T10:47:27.471+0530] {dag.py:3947} INFO - Setting next_dagrun for example_nested_branch_dag to 2025-11-12 00:00:00+00:00, run_after=2025-11-13 00:00:00+00:00
[2025-11-13T10:47:27.507+0530] {processor.py:183} INFO - Processing /home/logi/txtai/venv/lib/python3.10/site-packages/airflow/example_dags/example_nested_branch_dag.py took 0.165 seconds
[2025-11-13T10:47:58.772+0530] {processor.py:161} INFO - Started process (PID=20446) to work on /home/logi/txtai/venv/lib/python3.10/site-packages/airflow/example_dags/example_nested_branch_dag.py
[2025-11-13T10:47:58.774+0530] {processor.py:830} INFO - Processing file /home/logi/txtai/venv/lib/python3.10/site-packages/airflow/example_dags/example_nested_branch_dag.py for tasks to queue
[2025-11-13T10:47:58.777+0530] {logging_mixin.py:188} INFO - [2025-11-13T10:47:58.776+0530] {dagbag.py:545} INFO - Filling up the DagBag from /home/logi/txtai/venv/lib/python3.10/site-packages/airflow/example_dags/example_nested_branch_dag.py
[2025-11-13T10:47:58.793+0530] {processor.py:840} INFO - DAG(s) 'example_nested_branch_dag' retrieved from /home/logi/txtai/venv/lib/python3.10/site-packages/airflow/example_dags/example_nested_branch_dag.py
[2025-11-13T10:47:58.849+0530] {logging_mixin.py:188} INFO - [2025-11-13T10:47:58.848+0530] {dag.py:3089} INFO - Sync 1 DAGs
[2025-11-13T10:47:58.888+0530] {logging_mixin.py:188} INFO - [2025-11-13T10:47:58.888+0530] {dag.py:3947} INFO - Setting next_dagrun for example_nested_branch_dag to 2025-11-12 00:00:00+00:00, run_after=2025-11-13 00:00:00+00:00
[2025-11-13T10:47:58.937+0530] {processor.py:183} INFO - Processing /home/logi/txtai/venv/lib/python3.10/site-packages/airflow/example_dags/example_nested_branch_dag.py took 0.175 seconds
[2025-11-13T10:48:29.887+0530] {processor.py:161} INFO - Started process (PID=20587) to work on /home/logi/txtai/venv/lib/python3.10/site-packages/airflow/example_dags/example_nested_branch_dag.py
[2025-11-13T10:48:29.889+0530] {processor.py:830} INFO - Processing file /home/logi/txtai/venv/lib/python3.10/site-packages/airflow/example_dags/example_nested_branch_dag.py for tasks to queue
[2025-11-13T10:48:29.892+0530] {logging_mixin.py:188} INFO - [2025-11-13T10:48:29.891+0530] {dagbag.py:545} INFO - Filling up the DagBag from /home/logi/txtai/venv/lib/python3.10/site-packages/airflow/example_dags/example_nested_branch_dag.py
[2025-11-13T10:48:29.910+0530] {processor.py:840} INFO - DAG(s) 'example_nested_branch_dag' retrieved from /home/logi/txtai/venv/lib/python3.10/site-packages/airflow/example_dags/example_nested_branch_dag.py
[2025-11-13T10:48:29.970+0530] {logging_mixin.py:188} INFO - [2025-11-13T10:48:29.969+0530] {dag.py:3089} INFO - Sync 1 DAGs
[2025-11-13T10:48:30.010+0530] {logging_mixin.py:188} INFO - [2025-11-13T10:48:30.010+0530] {dag.py:3947} INFO - Setting next_dagrun for example_nested_branch_dag to 2025-11-12 00:00:00+00:00, run_after=2025-11-13 00:00:00+00:00
[2025-11-13T10:48:30.057+0530] {processor.py:183} INFO - Processing /home/logi/txtai/venv/lib/python3.10/site-packages/airflow/example_dags/example_nested_branch_dag.py took 0.181 seconds
[2025-11-13T10:49:00.229+0530] {processor.py:161} INFO - Started process (PID=20731) to work on /home/logi/txtai/venv/lib/python3.10/site-packages/airflow/example_dags/example_nested_branch_dag.py
[2025-11-13T10:49:00.230+0530] {processor.py:830} INFO - Processing file /home/logi/txtai/venv/lib/python3.10/site-packages/airflow/example_dags/example_nested_branch_dag.py for tasks to queue
[2025-11-13T10:49:00.233+0530] {logging_mixin.py:188} INFO - [2025-11-13T10:49:00.233+0530] {dagbag.py:545} INFO - Filling up the DagBag from /home/logi/txtai/venv/lib/python3.10/site-packages/airflow/example_dags/example_nested_branch_dag.py
[2025-11-13T10:49:00.249+0530] {processor.py:840} INFO - DAG(s) 'example_nested_branch_dag' retrieved from /home/logi/txtai/venv/lib/python3.10/site-packages/airflow/example_dags/example_nested_branch_dag.py
[2025-11-13T10:49:00.312+0530] {logging_mixin.py:188} INFO - [2025-11-13T10:49:00.311+0530] {dag.py:3089} INFO - Sync 1 DAGs
[2025-11-13T10:49:00.352+0530] {logging_mixin.py:188} INFO - [2025-11-13T10:49:00.351+0530] {dag.py:3947} INFO - Setting next_dagrun for example_nested_branch_dag to 2025-11-12 00:00:00+00:00, run_after=2025-11-13 00:00:00+00:00
[2025-11-13T10:49:00.384+0530] {processor.py:183} INFO - Processing /home/logi/txtai/venv/lib/python3.10/site-packages/airflow/example_dags/example_nested_branch_dag.py took 0.166 seconds
[2025-11-13T10:49:31.354+0530] {processor.py:161} INFO - Started process (PID=20876) to work on /home/logi/txtai/venv/lib/python3.10/site-packages/airflow/example_dags/example_nested_branch_dag.py
[2025-11-13T10:49:31.355+0530] {processor.py:830} INFO - Processing file /home/logi/txtai/venv/lib/python3.10/site-packages/airflow/example_dags/example_nested_branch_dag.py for tasks to queue
[2025-11-13T10:49:31.358+0530] {logging_mixin.py:188} INFO - [2025-11-13T10:49:31.358+0530] {dagbag.py:545} INFO - Filling up the DagBag from /home/logi/txtai/venv/lib/python3.10/site-packages/airflow/example_dags/example_nested_branch_dag.py
[2025-11-13T10:49:31.374+0530] {processor.py:840} INFO - DAG(s) 'example_nested_branch_dag' retrieved from /home/logi/txtai/venv/lib/python3.10/site-packages/airflow/example_dags/example_nested_branch_dag.py
[2025-11-13T10:49:31.433+0530] {logging_mixin.py:188} INFO - [2025-11-13T10:49:31.432+0530] {dag.py:3089} INFO - Sync 1 DAGs
[2025-11-13T10:49:31.474+0530] {logging_mixin.py:188} INFO - [2025-11-13T10:49:31.473+0530] {dag.py:3947} INFO - Setting next_dagrun for example_nested_branch_dag to 2025-11-12 00:00:00+00:00, run_after=2025-11-13 00:00:00+00:00
[2025-11-13T10:49:31.507+0530] {processor.py:183} INFO - Processing /home/logi/txtai/venv/lib/python3.10/site-packages/airflow/example_dags/example_nested_branch_dag.py took 0.164 seconds
[2025-11-13T10:50:02.620+0530] {processor.py:161} INFO - Started process (PID=21019) to work on /home/logi/txtai/venv/lib/python3.10/site-packages/airflow/example_dags/example_nested_branch_dag.py
[2025-11-13T10:50:02.622+0530] {processor.py:830} INFO - Processing file /home/logi/txtai/venv/lib/python3.10/site-packages/airflow/example_dags/example_nested_branch_dag.py for tasks to queue
[2025-11-13T10:50:02.625+0530] {logging_mixin.py:188} INFO - [2025-11-13T10:50:02.624+0530] {dagbag.py:545} INFO - Filling up the DagBag from /home/logi/txtai/venv/lib/python3.10/site-packages/airflow/example_dags/example_nested_branch_dag.py
[2025-11-13T10:50:02.640+0530] {processor.py:840} INFO - DAG(s) 'example_nested_branch_dag' retrieved from /home/logi/txtai/venv/lib/python3.10/site-packages/airflow/example_dags/example_nested_branch_dag.py
[2025-11-13T10:50:02.697+0530] {logging_mixin.py:188} INFO - [2025-11-13T10:50:02.697+0530] {dag.py:3089} INFO - Sync 1 DAGs
[2025-11-13T10:50:02.736+0530] {logging_mixin.py:188} INFO - [2025-11-13T10:50:02.735+0530] {dag.py:3947} INFO - Setting next_dagrun for example_nested_branch_dag to 2025-11-12 00:00:00+00:00, run_after=2025-11-13 00:00:00+00:00
[2025-11-13T10:50:02.770+0530] {processor.py:183} INFO - Processing /home/logi/txtai/venv/lib/python3.10/site-packages/airflow/example_dags/example_nested_branch_dag.py took 0.161 seconds
[2025-11-13T10:50:33.518+0530] {processor.py:161} INFO - Started process (PID=21161) to work on /home/logi/txtai/venv/lib/python3.10/site-packages/airflow/example_dags/example_nested_branch_dag.py
[2025-11-13T10:50:33.519+0530] {processor.py:830} INFO - Processing file /home/logi/txtai/venv/lib/python3.10/site-packages/airflow/example_dags/example_nested_branch_dag.py for tasks to queue
[2025-11-13T10:50:33.522+0530] {logging_mixin.py:188} INFO - [2025-11-13T10:50:33.522+0530] {dagbag.py:545} INFO - Filling up the DagBag from /home/logi/txtai/venv/lib/python3.10/site-packages/airflow/example_dags/example_nested_branch_dag.py
[2025-11-13T10:50:33.538+0530] {processor.py:840} INFO - DAG(s) 'example_nested_branch_dag' retrieved from /home/logi/txtai/venv/lib/python3.10/site-packages/airflow/example_dags/example_nested_branch_dag.py
[2025-11-13T10:50:33.597+0530] {logging_mixin.py:188} INFO - [2025-11-13T10:50:33.596+0530] {dag.py:3089} INFO - Sync 1 DAGs
[2025-11-13T10:50:33.643+0530] {logging_mixin.py:188} INFO - [2025-11-13T10:50:33.642+0530] {dag.py:3947} INFO - Setting next_dagrun for example_nested_branch_dag to 2025-11-12 00:00:00+00:00, run_after=2025-11-13 00:00:00+00:00
[2025-11-13T10:50:33.686+0530] {processor.py:183} INFO - Processing /home/logi/txtai/venv/lib/python3.10/site-packages/airflow/example_dags/example_nested_branch_dag.py took 0.178 seconds
[2025-11-13T10:51:04.903+0530] {processor.py:161} INFO - Started process (PID=21342) to work on /home/logi/txtai/venv/lib/python3.10/site-packages/airflow/example_dags/example_nested_branch_dag.py
[2025-11-13T10:51:04.905+0530] {processor.py:830} INFO - Processing file /home/logi/txtai/venv/lib/python3.10/site-packages/airflow/example_dags/example_nested_branch_dag.py for tasks to queue
[2025-11-13T10:51:04.908+0530] {logging_mixin.py:188} INFO - [2025-11-13T10:51:04.907+0530] {dagbag.py:545} INFO - Filling up the DagBag from /home/logi/txtai/venv/lib/python3.10/site-packages/airflow/example_dags/example_nested_branch_dag.py
[2025-11-13T10:51:04.923+0530] {processor.py:840} INFO - DAG(s) 'example_nested_branch_dag' retrieved from /home/logi/txtai/venv/lib/python3.10/site-packages/airflow/example_dags/example_nested_branch_dag.py
[2025-11-13T10:51:04.984+0530] {logging_mixin.py:188} INFO - [2025-11-13T10:51:04.983+0530] {dag.py:3089} INFO - Sync 1 DAGs
[2025-11-13T10:51:05.024+0530] {logging_mixin.py:188} INFO - [2025-11-13T10:51:05.023+0530] {dag.py:3947} INFO - Setting next_dagrun for example_nested_branch_dag to 2025-11-12 00:00:00+00:00, run_after=2025-11-13 00:00:00+00:00
[2025-11-13T10:51:05.058+0530] {processor.py:183} INFO - Processing /home/logi/txtai/venv/lib/python3.10/site-packages/airflow/example_dags/example_nested_branch_dag.py took 0.165 seconds
[2025-11-13T10:51:36.082+0530] {processor.py:161} INFO - Started process (PID=21484) to work on /home/logi/txtai/venv/lib/python3.10/site-packages/airflow/example_dags/example_nested_branch_dag.py
[2025-11-13T10:51:36.084+0530] {processor.py:830} INFO - Processing file /home/logi/txtai/venv/lib/python3.10/site-packages/airflow/example_dags/example_nested_branch_dag.py for tasks to queue
[2025-11-13T10:51:36.087+0530] {logging_mixin.py:188} INFO - [2025-11-13T10:51:36.087+0530] {dagbag.py:545} INFO - Filling up the DagBag from /home/logi/txtai/venv/lib/python3.10/site-packages/airflow/example_dags/example_nested_branch_dag.py
[2025-11-13T10:51:36.105+0530] {processor.py:840} INFO - DAG(s) 'example_nested_branch_dag' retrieved from /home/logi/txtai/venv/lib/python3.10/site-packages/airflow/example_dags/example_nested_branch_dag.py
[2025-11-13T10:51:36.162+0530] {logging_mixin.py:188} INFO - [2025-11-13T10:51:36.162+0530] {dag.py:3089} INFO - Sync 1 DAGs
[2025-11-13T10:51:36.207+0530] {logging_mixin.py:188} INFO - [2025-11-13T10:51:36.206+0530] {dag.py:3947} INFO - Setting next_dagrun for example_nested_branch_dag to 2025-11-12 00:00:00+00:00, run_after=2025-11-13 00:00:00+00:00
[2025-11-13T10:51:36.243+0530] {processor.py:183} INFO - Processing /home/logi/txtai/venv/lib/python3.10/site-packages/airflow/example_dags/example_nested_branch_dag.py took 0.172 seconds
[2025-11-13T10:52:07.163+0530] {processor.py:161} INFO - Started process (PID=21626) to work on /home/logi/txtai/venv/lib/python3.10/site-packages/airflow/example_dags/example_nested_branch_dag.py
[2025-11-13T10:52:07.165+0530] {processor.py:830} INFO - Processing file /home/logi/txtai/venv/lib/python3.10/site-packages/airflow/example_dags/example_nested_branch_dag.py for tasks to queue
[2025-11-13T10:52:07.168+0530] {logging_mixin.py:188} INFO - [2025-11-13T10:52:07.168+0530] {dagbag.py:545} INFO - Filling up the DagBag from /home/logi/txtai/venv/lib/python3.10/site-packages/airflow/example_dags/example_nested_branch_dag.py
[2025-11-13T10:52:07.185+0530] {processor.py:840} INFO - DAG(s) 'example_nested_branch_dag' retrieved from /home/logi/txtai/venv/lib/python3.10/site-packages/airflow/example_dags/example_nested_branch_dag.py
[2025-11-13T10:52:07.233+0530] {logging_mixin.py:188} INFO - [2025-11-13T10:52:07.232+0530] {dag.py:3089} INFO - Sync 1 DAGs
[2025-11-13T10:52:07.268+0530] {logging_mixin.py:188} INFO - [2025-11-13T10:52:07.268+0530] {dag.py:3947} INFO - Setting next_dagrun for example_nested_branch_dag to 2025-11-12 00:00:00+00:00, run_after=2025-11-13 00:00:00+00:00
[2025-11-13T10:52:07.301+0530] {processor.py:183} INFO - Processing /home/logi/txtai/venv/lib/python3.10/site-packages/airflow/example_dags/example_nested_branch_dag.py took 0.146 seconds
[2025-11-13T10:52:38.556+0530] {processor.py:161} INFO - Started process (PID=21829) to work on /home/logi/txtai/venv/lib/python3.10/site-packages/airflow/example_dags/example_nested_branch_dag.py
[2025-11-13T10:52:38.558+0530] {processor.py:830} INFO - Processing file /home/logi/txtai/venv/lib/python3.10/site-packages/airflow/example_dags/example_nested_branch_dag.py for tasks to queue
[2025-11-13T10:52:38.561+0530] {logging_mixin.py:188} INFO - [2025-11-13T10:52:38.561+0530] {dagbag.py:545} INFO - Filling up the DagBag from /home/logi/txtai/venv/lib/python3.10/site-packages/airflow/example_dags/example_nested_branch_dag.py
[2025-11-13T10:52:38.579+0530] {processor.py:840} INFO - DAG(s) 'example_nested_branch_dag' retrieved from /home/logi/txtai/venv/lib/python3.10/site-packages/airflow/example_dags/example_nested_branch_dag.py
[2025-11-13T10:52:38.640+0530] {logging_mixin.py:188} INFO - [2025-11-13T10:52:38.640+0530] {dag.py:3089} INFO - Sync 1 DAGs
[2025-11-13T10:52:38.680+0530] {logging_mixin.py:188} INFO - [2025-11-13T10:52:38.679+0530] {dag.py:3947} INFO - Setting next_dagrun for example_nested_branch_dag to 2025-11-12 00:00:00+00:00, run_after=2025-11-13 00:00:00+00:00
[2025-11-13T10:52:38.725+0530] {processor.py:183} INFO - Processing /home/logi/txtai/venv/lib/python3.10/site-packages/airflow/example_dags/example_nested_branch_dag.py took 0.179 seconds
[2025-11-13T10:53:09.198+0530] {processor.py:161} INFO - Started process (PID=22037) to work on /home/logi/txtai/venv/lib/python3.10/site-packages/airflow/example_dags/example_nested_branch_dag.py
[2025-11-13T10:53:09.200+0530] {processor.py:830} INFO - Processing file /home/logi/txtai/venv/lib/python3.10/site-packages/airflow/example_dags/example_nested_branch_dag.py for tasks to queue
[2025-11-13T10:53:09.203+0530] {logging_mixin.py:188} INFO - [2025-11-13T10:53:09.202+0530] {dagbag.py:545} INFO - Filling up the DagBag from /home/logi/txtai/venv/lib/python3.10/site-packages/airflow/example_dags/example_nested_branch_dag.py
[2025-11-13T10:53:09.220+0530] {processor.py:840} INFO - DAG(s) 'example_nested_branch_dag' retrieved from /home/logi/txtai/venv/lib/python3.10/site-packages/airflow/example_dags/example_nested_branch_dag.py
[2025-11-13T10:53:09.287+0530] {logging_mixin.py:188} INFO - [2025-11-13T10:53:09.286+0530] {dag.py:3089} INFO - Sync 1 DAGs
[2025-11-13T10:53:09.330+0530] {logging_mixin.py:188} INFO - [2025-11-13T10:53:09.330+0530] {dag.py:3947} INFO - Setting next_dagrun for example_nested_branch_dag to 2025-11-12 00:00:00+00:00, run_after=2025-11-13 00:00:00+00:00
[2025-11-13T10:53:09.369+0530] {processor.py:183} INFO - Processing /home/logi/txtai/venv/lib/python3.10/site-packages/airflow/example_dags/example_nested_branch_dag.py took 0.183 seconds
[2025-11-13T10:53:40.386+0530] {processor.py:161} INFO - Started process (PID=22269) to work on /home/logi/txtai/venv/lib/python3.10/site-packages/airflow/example_dags/example_nested_branch_dag.py
[2025-11-13T10:53:40.388+0530] {processor.py:830} INFO - Processing file /home/logi/txtai/venv/lib/python3.10/site-packages/airflow/example_dags/example_nested_branch_dag.py for tasks to queue
[2025-11-13T10:53:40.390+0530] {logging_mixin.py:188} INFO - [2025-11-13T10:53:40.390+0530] {dagbag.py:545} INFO - Filling up the DagBag from /home/logi/txtai/venv/lib/python3.10/site-packages/airflow/example_dags/example_nested_branch_dag.py
[2025-11-13T10:53:40.406+0530] {processor.py:840} INFO - DAG(s) 'example_nested_branch_dag' retrieved from /home/logi/txtai/venv/lib/python3.10/site-packages/airflow/example_dags/example_nested_branch_dag.py
[2025-11-13T10:53:40.463+0530] {logging_mixin.py:188} INFO - [2025-11-13T10:53:40.463+0530] {dag.py:3089} INFO - Sync 1 DAGs
[2025-11-13T10:53:40.504+0530] {logging_mixin.py:188} INFO - [2025-11-13T10:53:40.504+0530] {dag.py:3947} INFO - Setting next_dagrun for example_nested_branch_dag to 2025-11-12 00:00:00+00:00, run_after=2025-11-13 00:00:00+00:00
[2025-11-13T10:53:40.539+0530] {processor.py:183} INFO - Processing /home/logi/txtai/venv/lib/python3.10/site-packages/airflow/example_dags/example_nested_branch_dag.py took 0.166 seconds
[2025-11-13T10:54:11.984+0530] {processor.py:161} INFO - Started process (PID=22412) to work on /home/logi/txtai/venv/lib/python3.10/site-packages/airflow/example_dags/example_nested_branch_dag.py
[2025-11-13T10:54:11.986+0530] {processor.py:830} INFO - Processing file /home/logi/txtai/venv/lib/python3.10/site-packages/airflow/example_dags/example_nested_branch_dag.py for tasks to queue
[2025-11-13T10:54:11.988+0530] {logging_mixin.py:188} INFO - [2025-11-13T10:54:11.987+0530] {dagbag.py:545} INFO - Filling up the DagBag from /home/logi/txtai/venv/lib/python3.10/site-packages/airflow/example_dags/example_nested_branch_dag.py
[2025-11-13T10:54:12.001+0530] {processor.py:840} INFO - DAG(s) 'example_nested_branch_dag' retrieved from /home/logi/txtai/venv/lib/python3.10/site-packages/airflow/example_dags/example_nested_branch_dag.py
[2025-11-13T10:54:12.038+0530] {logging_mixin.py:188} INFO - [2025-11-13T10:54:12.037+0530] {dag.py:3089} INFO - Sync 1 DAGs
[2025-11-13T10:54:12.070+0530] {logging_mixin.py:188} INFO - [2025-11-13T10:54:12.069+0530] {dag.py:3947} INFO - Setting next_dagrun for example_nested_branch_dag to 2025-11-12 00:00:00+00:00, run_after=2025-11-13 00:00:00+00:00
[2025-11-13T10:54:12.090+0530] {processor.py:183} INFO - Processing /home/logi/txtai/venv/lib/python3.10/site-packages/airflow/example_dags/example_nested_branch_dag.py took 0.121 seconds
[2025-11-13T10:54:43.133+0530] {processor.py:161} INFO - Started process (PID=22613) to work on /home/logi/txtai/venv/lib/python3.10/site-packages/airflow/example_dags/example_nested_branch_dag.py
[2025-11-13T10:54:43.134+0530] {processor.py:830} INFO - Processing file /home/logi/txtai/venv/lib/python3.10/site-packages/airflow/example_dags/example_nested_branch_dag.py for tasks to queue
[2025-11-13T10:54:43.136+0530] {logging_mixin.py:188} INFO - [2025-11-13T10:54:43.136+0530] {dagbag.py:545} INFO - Filling up the DagBag from /home/logi/txtai/venv/lib/python3.10/site-packages/airflow/example_dags/example_nested_branch_dag.py
[2025-11-13T10:54:43.144+0530] {processor.py:840} INFO - DAG(s) 'example_nested_branch_dag' retrieved from /home/logi/txtai/venv/lib/python3.10/site-packages/airflow/example_dags/example_nested_branch_dag.py
[2025-11-13T10:54:43.192+0530] {logging_mixin.py:188} INFO - [2025-11-13T10:54:43.192+0530] {dag.py:3089} INFO - Sync 1 DAGs
[2025-11-13T10:54:43.228+0530] {logging_mixin.py:188} INFO - [2025-11-13T10:54:43.228+0530] {dag.py:3947} INFO - Setting next_dagrun for example_nested_branch_dag to 2025-11-12 00:00:00+00:00, run_after=2025-11-13 00:00:00+00:00
[2025-11-13T10:54:43.254+0530] {processor.py:183} INFO - Processing /home/logi/txtai/venv/lib/python3.10/site-packages/airflow/example_dags/example_nested_branch_dag.py took 0.126 seconds
[2025-11-13T10:55:14.561+0530] {processor.py:161} INFO - Started process (PID=22903) to work on /home/logi/txtai/venv/lib/python3.10/site-packages/airflow/example_dags/example_nested_branch_dag.py
[2025-11-13T10:55:14.563+0530] {processor.py:830} INFO - Processing file /home/logi/txtai/venv/lib/python3.10/site-packages/airflow/example_dags/example_nested_branch_dag.py for tasks to queue
[2025-11-13T10:55:14.565+0530] {logging_mixin.py:188} INFO - [2025-11-13T10:55:14.565+0530] {dagbag.py:545} INFO - Filling up the DagBag from /home/logi/txtai/venv/lib/python3.10/site-packages/airflow/example_dags/example_nested_branch_dag.py
[2025-11-13T10:55:14.586+0530] {processor.py:840} INFO - DAG(s) 'example_nested_branch_dag' retrieved from /home/logi/txtai/venv/lib/python3.10/site-packages/airflow/example_dags/example_nested_branch_dag.py
[2025-11-13T10:55:14.654+0530] {logging_mixin.py:188} INFO - [2025-11-13T10:55:14.653+0530] {dag.py:3089} INFO - Sync 1 DAGs
[2025-11-13T10:55:14.700+0530] {logging_mixin.py:188} INFO - [2025-11-13T10:55:14.699+0530] {dag.py:3947} INFO - Setting next_dagrun for example_nested_branch_dag to 2025-11-12 00:00:00+00:00, run_after=2025-11-13 00:00:00+00:00
[2025-11-13T10:55:14.734+0530] {processor.py:183} INFO - Processing /home/logi/txtai/venv/lib/python3.10/site-packages/airflow/example_dags/example_nested_branch_dag.py took 0.184 seconds
[2025-11-13T10:55:46.190+0530] {processor.py:161} INFO - Started process (PID=23335) to work on /home/logi/txtai/venv/lib/python3.10/site-packages/airflow/example_dags/example_nested_branch_dag.py
[2025-11-13T10:55:46.192+0530] {processor.py:830} INFO - Processing file /home/logi/txtai/venv/lib/python3.10/site-packages/airflow/example_dags/example_nested_branch_dag.py for tasks to queue
[2025-11-13T10:55:46.194+0530] {logging_mixin.py:188} INFO - [2025-11-13T10:55:46.194+0530] {dagbag.py:545} INFO - Filling up the DagBag from /home/logi/txtai/venv/lib/python3.10/site-packages/airflow/example_dags/example_nested_branch_dag.py
[2025-11-13T10:55:46.210+0530] {processor.py:840} INFO - DAG(s) 'example_nested_branch_dag' retrieved from /home/logi/txtai/venv/lib/python3.10/site-packages/airflow/example_dags/example_nested_branch_dag.py
[2025-11-13T10:55:46.268+0530] {logging_mixin.py:188} INFO - [2025-11-13T10:55:46.268+0530] {dag.py:3089} INFO - Sync 1 DAGs
[2025-11-13T10:55:46.309+0530] {logging_mixin.py:188} INFO - [2025-11-13T10:55:46.309+0530] {dag.py:3947} INFO - Setting next_dagrun for example_nested_branch_dag to 2025-11-12 00:00:00+00:00, run_after=2025-11-13 00:00:00+00:00
[2025-11-13T10:55:46.345+0530] {processor.py:183} INFO - Processing /home/logi/txtai/venv/lib/python3.10/site-packages/airflow/example_dags/example_nested_branch_dag.py took 0.165 seconds
[2025-11-13T10:56:17.296+0530] {processor.py:161} INFO - Started process (PID=23626) to work on /home/logi/txtai/venv/lib/python3.10/site-packages/airflow/example_dags/example_nested_branch_dag.py
[2025-11-13T10:56:17.298+0530] {processor.py:830} INFO - Processing file /home/logi/txtai/venv/lib/python3.10/site-packages/airflow/example_dags/example_nested_branch_dag.py for tasks to queue
[2025-11-13T10:56:17.300+0530] {logging_mixin.py:188} INFO - [2025-11-13T10:56:17.300+0530] {dagbag.py:545} INFO - Filling up the DagBag from /home/logi/txtai/venv/lib/python3.10/site-packages/airflow/example_dags/example_nested_branch_dag.py
[2025-11-13T10:56:17.316+0530] {processor.py:840} INFO - DAG(s) 'example_nested_branch_dag' retrieved from /home/logi/txtai/venv/lib/python3.10/site-packages/airflow/example_dags/example_nested_branch_dag.py
[2025-11-13T10:56:17.374+0530] {logging_mixin.py:188} INFO - [2025-11-13T10:56:17.374+0530] {dag.py:3089} INFO - Sync 1 DAGs
[2025-11-13T10:56:17.415+0530] {logging_mixin.py:188} INFO - [2025-11-13T10:56:17.414+0530] {dag.py:3947} INFO - Setting next_dagrun for example_nested_branch_dag to 2025-11-12 00:00:00+00:00, run_after=2025-11-13 00:00:00+00:00
[2025-11-13T10:56:17.450+0530] {processor.py:183} INFO - Processing /home/logi/txtai/venv/lib/python3.10/site-packages/airflow/example_dags/example_nested_branch_dag.py took 0.164 seconds
[2025-11-13T10:56:48.999+0530] {processor.py:161} INFO - Started process (PID=23779) to work on /home/logi/txtai/venv/lib/python3.10/site-packages/airflow/example_dags/example_nested_branch_dag.py
[2025-11-13T10:56:49.001+0530] {processor.py:830} INFO - Processing file /home/logi/txtai/venv/lib/python3.10/site-packages/airflow/example_dags/example_nested_branch_dag.py for tasks to queue
[2025-11-13T10:56:49.004+0530] {logging_mixin.py:188} INFO - [2025-11-13T10:56:49.003+0530] {dagbag.py:545} INFO - Filling up the DagBag from /home/logi/txtai/venv/lib/python3.10/site-packages/airflow/example_dags/example_nested_branch_dag.py
[2025-11-13T10:56:49.019+0530] {processor.py:840} INFO - DAG(s) 'example_nested_branch_dag' retrieved from /home/logi/txtai/venv/lib/python3.10/site-packages/airflow/example_dags/example_nested_branch_dag.py
[2025-11-13T10:56:49.070+0530] {logging_mixin.py:188} INFO - [2025-11-13T10:56:49.070+0530] {dag.py:3089} INFO - Sync 1 DAGs
[2025-11-13T10:56:49.109+0530] {logging_mixin.py:188} INFO - [2025-11-13T10:56:49.109+0530] {dag.py:3947} INFO - Setting next_dagrun for example_nested_branch_dag to 2025-11-12 00:00:00+00:00, run_after=2025-11-13 00:00:00+00:00
[2025-11-13T10:56:49.144+0530] {processor.py:183} INFO - Processing /home/logi/txtai/venv/lib/python3.10/site-packages/airflow/example_dags/example_nested_branch_dag.py took 0.157 seconds
[2025-11-13T10:57:19.489+0530] {processor.py:161} INFO - Started process (PID=23921) to work on /home/logi/txtai/venv/lib/python3.10/site-packages/airflow/example_dags/example_nested_branch_dag.py
[2025-11-13T10:57:19.491+0530] {processor.py:830} INFO - Processing file /home/logi/txtai/venv/lib/python3.10/site-packages/airflow/example_dags/example_nested_branch_dag.py for tasks to queue
[2025-11-13T10:57:19.494+0530] {logging_mixin.py:188} INFO - [2025-11-13T10:57:19.493+0530] {dagbag.py:545} INFO - Filling up the DagBag from /home/logi/txtai/venv/lib/python3.10/site-packages/airflow/example_dags/example_nested_branch_dag.py
[2025-11-13T10:57:19.509+0530] {processor.py:840} INFO - DAG(s) 'example_nested_branch_dag' retrieved from /home/logi/txtai/venv/lib/python3.10/site-packages/airflow/example_dags/example_nested_branch_dag.py
[2025-11-13T10:57:19.569+0530] {logging_mixin.py:188} INFO - [2025-11-13T10:57:19.569+0530] {dag.py:3089} INFO - Sync 1 DAGs
[2025-11-13T10:57:19.610+0530] {logging_mixin.py:188} INFO - [2025-11-13T10:57:19.609+0530] {dag.py:3947} INFO - Setting next_dagrun for example_nested_branch_dag to 2025-11-12 00:00:00+00:00, run_after=2025-11-13 00:00:00+00:00
[2025-11-13T10:57:19.645+0530] {processor.py:183} INFO - Processing /home/logi/txtai/venv/lib/python3.10/site-packages/airflow/example_dags/example_nested_branch_dag.py took 0.166 seconds
[2025-11-13T10:57:50.897+0530] {processor.py:161} INFO - Started process (PID=24065) to work on /home/logi/txtai/venv/lib/python3.10/site-packages/airflow/example_dags/example_nested_branch_dag.py
[2025-11-13T10:57:50.899+0530] {processor.py:830} INFO - Processing file /home/logi/txtai/venv/lib/python3.10/site-packages/airflow/example_dags/example_nested_branch_dag.py for tasks to queue
[2025-11-13T10:57:50.902+0530] {logging_mixin.py:188} INFO - [2025-11-13T10:57:50.901+0530] {dagbag.py:545} INFO - Filling up the DagBag from /home/logi/txtai/venv/lib/python3.10/site-packages/airflow/example_dags/example_nested_branch_dag.py
[2025-11-13T10:57:50.918+0530] {processor.py:840} INFO - DAG(s) 'example_nested_branch_dag' retrieved from /home/logi/txtai/venv/lib/python3.10/site-packages/airflow/example_dags/example_nested_branch_dag.py
[2025-11-13T10:57:50.982+0530] {logging_mixin.py:188} INFO - [2025-11-13T10:57:50.981+0530] {dag.py:3089} INFO - Sync 1 DAGs
[2025-11-13T10:57:51.029+0530] {logging_mixin.py:188} INFO - [2025-11-13T10:57:51.028+0530] {dag.py:3947} INFO - Setting next_dagrun for example_nested_branch_dag to 2025-11-12 00:00:00+00:00, run_after=2025-11-13 00:00:00+00:00
[2025-11-13T10:57:51.073+0530] {processor.py:183} INFO - Processing /home/logi/txtai/venv/lib/python3.10/site-packages/airflow/example_dags/example_nested_branch_dag.py took 0.189 seconds
[2025-11-13T10:58:22.120+0530] {processor.py:161} INFO - Started process (PID=24208) to work on /home/logi/txtai/venv/lib/python3.10/site-packages/airflow/example_dags/example_nested_branch_dag.py
[2025-11-13T10:58:22.121+0530] {processor.py:830} INFO - Processing file /home/logi/txtai/venv/lib/python3.10/site-packages/airflow/example_dags/example_nested_branch_dag.py for tasks to queue
[2025-11-13T10:58:22.124+0530] {logging_mixin.py:188} INFO - [2025-11-13T10:58:22.124+0530] {dagbag.py:545} INFO - Filling up the DagBag from /home/logi/txtai/venv/lib/python3.10/site-packages/airflow/example_dags/example_nested_branch_dag.py
[2025-11-13T10:58:22.139+0530] {processor.py:840} INFO - DAG(s) 'example_nested_branch_dag' retrieved from /home/logi/txtai/venv/lib/python3.10/site-packages/airflow/example_dags/example_nested_branch_dag.py
[2025-11-13T10:58:22.200+0530] {logging_mixin.py:188} INFO - [2025-11-13T10:58:22.199+0530] {dag.py:3089} INFO - Sync 1 DAGs
[2025-11-13T10:58:22.240+0530] {logging_mixin.py:188} INFO - [2025-11-13T10:58:22.239+0530] {dag.py:3947} INFO - Setting next_dagrun for example_nested_branch_dag to 2025-11-12 00:00:00+00:00, run_after=2025-11-13 00:00:00+00:00
[2025-11-13T10:58:22.286+0530] {processor.py:183} INFO - Processing /home/logi/txtai/venv/lib/python3.10/site-packages/airflow/example_dags/example_nested_branch_dag.py took 0.177 seconds
[2025-11-13T10:58:53.854+0530] {processor.py:161} INFO - Started process (PID=24349) to work on /home/logi/txtai/venv/lib/python3.10/site-packages/airflow/example_dags/example_nested_branch_dag.py
[2025-11-13T10:58:53.856+0530] {processor.py:830} INFO - Processing file /home/logi/txtai/venv/lib/python3.10/site-packages/airflow/example_dags/example_nested_branch_dag.py for tasks to queue
[2025-11-13T10:58:53.858+0530] {logging_mixin.py:188} INFO - [2025-11-13T10:58:53.858+0530] {dagbag.py:545} INFO - Filling up the DagBag from /home/logi/txtai/venv/lib/python3.10/site-packages/airflow/example_dags/example_nested_branch_dag.py
[2025-11-13T10:58:53.875+0530] {processor.py:840} INFO - DAG(s) 'example_nested_branch_dag' retrieved from /home/logi/txtai/venv/lib/python3.10/site-packages/airflow/example_dags/example_nested_branch_dag.py
[2025-11-13T10:58:53.944+0530] {logging_mixin.py:188} INFO - [2025-11-13T10:58:53.943+0530] {dag.py:3089} INFO - Sync 1 DAGs
[2025-11-13T10:58:53.986+0530] {logging_mixin.py:188} INFO - [2025-11-13T10:58:53.986+0530] {dag.py:3947} INFO - Setting next_dagrun for example_nested_branch_dag to 2025-11-12 00:00:00+00:00, run_after=2025-11-13 00:00:00+00:00
[2025-11-13T10:58:54.033+0530] {processor.py:183} INFO - Processing /home/logi/txtai/venv/lib/python3.10/site-packages/airflow/example_dags/example_nested_branch_dag.py took 0.191 seconds
[2025-11-13T10:59:25.017+0530] {processor.py:161} INFO - Started process (PID=24551) to work on /home/logi/txtai/venv/lib/python3.10/site-packages/airflow/example_dags/example_nested_branch_dag.py
[2025-11-13T10:59:25.019+0530] {processor.py:830} INFO - Processing file /home/logi/txtai/venv/lib/python3.10/site-packages/airflow/example_dags/example_nested_branch_dag.py for tasks to queue
[2025-11-13T10:59:25.021+0530] {logging_mixin.py:188} INFO - [2025-11-13T10:59:25.021+0530] {dagbag.py:545} INFO - Filling up the DagBag from /home/logi/txtai/venv/lib/python3.10/site-packages/airflow/example_dags/example_nested_branch_dag.py
[2025-11-13T10:59:25.037+0530] {processor.py:840} INFO - DAG(s) 'example_nested_branch_dag' retrieved from /home/logi/txtai/venv/lib/python3.10/site-packages/airflow/example_dags/example_nested_branch_dag.py
[2025-11-13T10:59:25.096+0530] {logging_mixin.py:188} INFO - [2025-11-13T10:59:25.095+0530] {dag.py:3089} INFO - Sync 1 DAGs
[2025-11-13T10:59:25.136+0530] {logging_mixin.py:188} INFO - [2025-11-13T10:59:25.136+0530] {dag.py:3947} INFO - Setting next_dagrun for example_nested_branch_dag to 2025-11-12 00:00:00+00:00, run_after=2025-11-13 00:00:00+00:00
[2025-11-13T10:59:25.173+0530] {processor.py:183} INFO - Processing /home/logi/txtai/venv/lib/python3.10/site-packages/airflow/example_dags/example_nested_branch_dag.py took 0.167 seconds
[2025-11-13T10:59:56.201+0530] {processor.py:161} INFO - Started process (PID=24708) to work on /home/logi/txtai/venv/lib/python3.10/site-packages/airflow/example_dags/example_nested_branch_dag.py
[2025-11-13T10:59:56.203+0530] {processor.py:830} INFO - Processing file /home/logi/txtai/venv/lib/python3.10/site-packages/airflow/example_dags/example_nested_branch_dag.py for tasks to queue
[2025-11-13T10:59:56.205+0530] {logging_mixin.py:188} INFO - [2025-11-13T10:59:56.205+0530] {dagbag.py:545} INFO - Filling up the DagBag from /home/logi/txtai/venv/lib/python3.10/site-packages/airflow/example_dags/example_nested_branch_dag.py
[2025-11-13T10:59:56.223+0530] {processor.py:840} INFO - DAG(s) 'example_nested_branch_dag' retrieved from /home/logi/txtai/venv/lib/python3.10/site-packages/airflow/example_dags/example_nested_branch_dag.py
[2025-11-13T10:59:56.280+0530] {logging_mixin.py:188} INFO - [2025-11-13T10:59:56.279+0530] {dag.py:3089} INFO - Sync 1 DAGs
[2025-11-13T10:59:56.319+0530] {logging_mixin.py:188} INFO - [2025-11-13T10:59:56.318+0530] {dag.py:3947} INFO - Setting next_dagrun for example_nested_branch_dag to 2025-11-12 00:00:00+00:00, run_after=2025-11-13 00:00:00+00:00
[2025-11-13T10:59:56.351+0530] {processor.py:183} INFO - Processing /home/logi/txtai/venv/lib/python3.10/site-packages/airflow/example_dags/example_nested_branch_dag.py took 0.161 seconds
[2025-11-13T11:00:26.824+0530] {processor.py:161} INFO - Started process (PID=25179) to work on /home/logi/txtai/venv/lib/python3.10/site-packages/airflow/example_dags/example_nested_branch_dag.py
[2025-11-13T11:00:26.827+0530] {processor.py:830} INFO - Processing file /home/logi/txtai/venv/lib/python3.10/site-packages/airflow/example_dags/example_nested_branch_dag.py for tasks to queue
[2025-11-13T11:00:26.829+0530] {logging_mixin.py:188} INFO - [2025-11-13T11:00:26.829+0530] {dagbag.py:545} INFO - Filling up the DagBag from /home/logi/txtai/venv/lib/python3.10/site-packages/airflow/example_dags/example_nested_branch_dag.py
[2025-11-13T11:00:26.847+0530] {processor.py:840} INFO - DAG(s) 'example_nested_branch_dag' retrieved from /home/logi/txtai/venv/lib/python3.10/site-packages/airflow/example_dags/example_nested_branch_dag.py
[2025-11-13T11:00:26.904+0530] {logging_mixin.py:188} INFO - [2025-11-13T11:00:26.904+0530] {dag.py:3089} INFO - Sync 1 DAGs
[2025-11-13T11:00:26.943+0530] {logging_mixin.py:188} INFO - [2025-11-13T11:00:26.943+0530] {dag.py:3947} INFO - Setting next_dagrun for example_nested_branch_dag to 2025-11-12 00:00:00+00:00, run_after=2025-11-13 00:00:00+00:00
[2025-11-13T11:00:26.979+0530] {processor.py:183} INFO - Processing /home/logi/txtai/venv/lib/python3.10/site-packages/airflow/example_dags/example_nested_branch_dag.py took 0.166 seconds
[2025-11-13T11:00:58.570+0530] {processor.py:161} INFO - Started process (PID=25598) to work on /home/logi/txtai/venv/lib/python3.10/site-packages/airflow/example_dags/example_nested_branch_dag.py
[2025-11-13T11:00:58.571+0530] {processor.py:830} INFO - Processing file /home/logi/txtai/venv/lib/python3.10/site-packages/airflow/example_dags/example_nested_branch_dag.py for tasks to queue
[2025-11-13T11:00:58.574+0530] {logging_mixin.py:188} INFO - [2025-11-13T11:00:58.574+0530] {dagbag.py:545} INFO - Filling up the DagBag from /home/logi/txtai/venv/lib/python3.10/site-packages/airflow/example_dags/example_nested_branch_dag.py
[2025-11-13T11:00:58.589+0530] {processor.py:840} INFO - DAG(s) 'example_nested_branch_dag' retrieved from /home/logi/txtai/venv/lib/python3.10/site-packages/airflow/example_dags/example_nested_branch_dag.py
[2025-11-13T11:00:58.647+0530] {logging_mixin.py:188} INFO - [2025-11-13T11:00:58.646+0530] {dag.py:3089} INFO - Sync 1 DAGs
[2025-11-13T11:00:58.689+0530] {logging_mixin.py:188} INFO - [2025-11-13T11:00:58.689+0530] {dag.py:3947} INFO - Setting next_dagrun for example_nested_branch_dag to 2025-11-12 00:00:00+00:00, run_after=2025-11-13 00:00:00+00:00
[2025-11-13T11:00:58.724+0530] {processor.py:183} INFO - Processing /home/logi/txtai/venv/lib/python3.10/site-packages/airflow/example_dags/example_nested_branch_dag.py took 0.161 seconds
[2025-11-13T11:01:30.003+0530] {processor.py:161} INFO - Started process (PID=25740) to work on /home/logi/txtai/venv/lib/python3.10/site-packages/airflow/example_dags/example_nested_branch_dag.py
[2025-11-13T11:01:30.005+0530] {processor.py:830} INFO - Processing file /home/logi/txtai/venv/lib/python3.10/site-packages/airflow/example_dags/example_nested_branch_dag.py for tasks to queue
[2025-11-13T11:01:30.008+0530] {logging_mixin.py:188} INFO - [2025-11-13T11:01:30.008+0530] {dagbag.py:545} INFO - Filling up the DagBag from /home/logi/txtai/venv/lib/python3.10/site-packages/airflow/example_dags/example_nested_branch_dag.py
[2025-11-13T11:01:30.025+0530] {processor.py:840} INFO - DAG(s) 'example_nested_branch_dag' retrieved from /home/logi/txtai/venv/lib/python3.10/site-packages/airflow/example_dags/example_nested_branch_dag.py
[2025-11-13T11:01:30.088+0530] {logging_mixin.py:188} INFO - [2025-11-13T11:01:30.087+0530] {dag.py:3089} INFO - Sync 1 DAGs
[2025-11-13T11:01:30.134+0530] {logging_mixin.py:188} INFO - [2025-11-13T11:01:30.133+0530] {dag.py:3947} INFO - Setting next_dagrun for example_nested_branch_dag to 2025-11-12 00:00:00+00:00, run_after=2025-11-13 00:00:00+00:00
[2025-11-13T11:01:30.185+0530] {processor.py:183} INFO - Processing /home/logi/txtai/venv/lib/python3.10/site-packages/airflow/example_dags/example_nested_branch_dag.py took 0.195 seconds
[2025-11-13T11:02:00.790+0530] {processor.py:161} INFO - Started process (PID=25895) to work on /home/logi/txtai/venv/lib/python3.10/site-packages/airflow/example_dags/example_nested_branch_dag.py
[2025-11-13T11:02:00.792+0530] {processor.py:830} INFO - Processing file /home/logi/txtai/venv/lib/python3.10/site-packages/airflow/example_dags/example_nested_branch_dag.py for tasks to queue
[2025-11-13T11:02:00.793+0530] {logging_mixin.py:188} INFO - [2025-11-13T11:02:00.793+0530] {dagbag.py:545} INFO - Filling up the DagBag from /home/logi/txtai/venv/lib/python3.10/site-packages/airflow/example_dags/example_nested_branch_dag.py
[2025-11-13T11:02:00.804+0530] {processor.py:840} INFO - DAG(s) 'example_nested_branch_dag' retrieved from /home/logi/txtai/venv/lib/python3.10/site-packages/airflow/example_dags/example_nested_branch_dag.py
[2025-11-13T11:02:00.855+0530] {logging_mixin.py:188} INFO - [2025-11-13T11:02:00.854+0530] {dag.py:3089} INFO - Sync 1 DAGs
[2025-11-13T11:02:00.896+0530] {logging_mixin.py:188} INFO - [2025-11-13T11:02:00.896+0530] {dag.py:3947} INFO - Setting next_dagrun for example_nested_branch_dag to 2025-11-12 00:00:00+00:00, run_after=2025-11-13 00:00:00+00:00
[2025-11-13T11:02:00.935+0530] {processor.py:183} INFO - Processing /home/logi/txtai/venv/lib/python3.10/site-packages/airflow/example_dags/example_nested_branch_dag.py took 0.153 seconds
[2025-11-13T11:02:31.188+0530] {processor.py:161} INFO - Started process (PID=26066) to work on /home/logi/txtai/venv/lib/python3.10/site-packages/airflow/example_dags/example_nested_branch_dag.py
[2025-11-13T11:02:31.190+0530] {processor.py:830} INFO - Processing file /home/logi/txtai/venv/lib/python3.10/site-packages/airflow/example_dags/example_nested_branch_dag.py for tasks to queue
[2025-11-13T11:02:31.192+0530] {logging_mixin.py:188} INFO - [2025-11-13T11:02:31.192+0530] {dagbag.py:545} INFO - Filling up the DagBag from /home/logi/txtai/venv/lib/python3.10/site-packages/airflow/example_dags/example_nested_branch_dag.py
[2025-11-13T11:02:31.208+0530] {processor.py:840} INFO - DAG(s) 'example_nested_branch_dag' retrieved from /home/logi/txtai/venv/lib/python3.10/site-packages/airflow/example_dags/example_nested_branch_dag.py
[2025-11-13T11:02:31.253+0530] {logging_mixin.py:188} INFO - [2025-11-13T11:02:31.253+0530] {dag.py:3089} INFO - Sync 1 DAGs
[2025-11-13T11:02:31.291+0530] {logging_mixin.py:188} INFO - [2025-11-13T11:02:31.290+0530] {dag.py:3947} INFO - Setting next_dagrun for example_nested_branch_dag to 2025-11-12 00:00:00+00:00, run_after=2025-11-13 00:00:00+00:00
[2025-11-13T11:02:31.326+0530] {processor.py:183} INFO - Processing /home/logi/txtai/venv/lib/python3.10/site-packages/airflow/example_dags/example_nested_branch_dag.py took 0.149 seconds
[2025-11-13T11:03:02.128+0530] {processor.py:161} INFO - Started process (PID=26227) to work on /home/logi/txtai/venv/lib/python3.10/site-packages/airflow/example_dags/example_nested_branch_dag.py
[2025-11-13T11:03:02.130+0530] {processor.py:830} INFO - Processing file /home/logi/txtai/venv/lib/python3.10/site-packages/airflow/example_dags/example_nested_branch_dag.py for tasks to queue
[2025-11-13T11:03:02.132+0530] {logging_mixin.py:188} INFO - [2025-11-13T11:03:02.132+0530] {dagbag.py:545} INFO - Filling up the DagBag from /home/logi/txtai/venv/lib/python3.10/site-packages/airflow/example_dags/example_nested_branch_dag.py
[2025-11-13T11:03:02.148+0530] {processor.py:840} INFO - DAG(s) 'example_nested_branch_dag' retrieved from /home/logi/txtai/venv/lib/python3.10/site-packages/airflow/example_dags/example_nested_branch_dag.py
[2025-11-13T11:03:02.207+0530] {logging_mixin.py:188} INFO - [2025-11-13T11:03:02.206+0530] {dag.py:3089} INFO - Sync 1 DAGs
[2025-11-13T11:03:02.247+0530] {logging_mixin.py:188} INFO - [2025-11-13T11:03:02.246+0530] {dag.py:3947} INFO - Setting next_dagrun for example_nested_branch_dag to 2025-11-12 00:00:00+00:00, run_after=2025-11-13 00:00:00+00:00
[2025-11-13T11:03:02.295+0530] {processor.py:183} INFO - Processing /home/logi/txtai/venv/lib/python3.10/site-packages/airflow/example_dags/example_nested_branch_dag.py took 0.177 seconds
[2025-11-13T11:03:32.547+0530] {processor.py:161} INFO - Started process (PID=26358) to work on /home/logi/txtai/venv/lib/python3.10/site-packages/airflow/example_dags/example_nested_branch_dag.py
[2025-11-13T11:03:32.550+0530] {processor.py:830} INFO - Processing file /home/logi/txtai/venv/lib/python3.10/site-packages/airflow/example_dags/example_nested_branch_dag.py for tasks to queue
[2025-11-13T11:03:32.553+0530] {logging_mixin.py:188} INFO - [2025-11-13T11:03:32.552+0530] {dagbag.py:545} INFO - Filling up the DagBag from /home/logi/txtai/venv/lib/python3.10/site-packages/airflow/example_dags/example_nested_branch_dag.py
[2025-11-13T11:03:32.572+0530] {processor.py:840} INFO - DAG(s) 'example_nested_branch_dag' retrieved from /home/logi/txtai/venv/lib/python3.10/site-packages/airflow/example_dags/example_nested_branch_dag.py
[2025-11-13T11:03:32.612+0530] {logging_mixin.py:188} INFO - [2025-11-13T11:03:32.612+0530] {dag.py:3089} INFO - Sync 1 DAGs
[2025-11-13T11:03:32.636+0530] {logging_mixin.py:188} INFO - [2025-11-13T11:03:32.636+0530] {dag.py:3947} INFO - Setting next_dagrun for example_nested_branch_dag to 2025-11-12 00:00:00+00:00, run_after=2025-11-13 00:00:00+00:00
[2025-11-13T11:03:32.659+0530] {processor.py:183} INFO - Processing /home/logi/txtai/venv/lib/python3.10/site-packages/airflow/example_dags/example_nested_branch_dag.py took 0.121 seconds
[2025-11-13T11:04:02.936+0530] {processor.py:161} INFO - Started process (PID=26499) to work on /home/logi/txtai/venv/lib/python3.10/site-packages/airflow/example_dags/example_nested_branch_dag.py
[2025-11-13T11:04:02.937+0530] {processor.py:830} INFO - Processing file /home/logi/txtai/venv/lib/python3.10/site-packages/airflow/example_dags/example_nested_branch_dag.py for tasks to queue
[2025-11-13T11:04:02.939+0530] {logging_mixin.py:188} INFO - [2025-11-13T11:04:02.939+0530] {dagbag.py:545} INFO - Filling up the DagBag from /home/logi/txtai/venv/lib/python3.10/site-packages/airflow/example_dags/example_nested_branch_dag.py
[2025-11-13T11:04:02.950+0530] {processor.py:840} INFO - DAG(s) 'example_nested_branch_dag' retrieved from /home/logi/txtai/venv/lib/python3.10/site-packages/airflow/example_dags/example_nested_branch_dag.py
[2025-11-13T11:04:02.984+0530] {logging_mixin.py:188} INFO - [2025-11-13T11:04:02.983+0530] {dag.py:3089} INFO - Sync 1 DAGs
[2025-11-13T11:04:03.008+0530] {logging_mixin.py:188} INFO - [2025-11-13T11:04:03.007+0530] {dag.py:3947} INFO - Setting next_dagrun for example_nested_branch_dag to 2025-11-12 00:00:00+00:00, run_after=2025-11-13 00:00:00+00:00
[2025-11-13T11:04:03.030+0530] {processor.py:183} INFO - Processing /home/logi/txtai/venv/lib/python3.10/site-packages/airflow/example_dags/example_nested_branch_dag.py took 0.102 seconds
[2025-11-13T11:04:33.350+0530] {processor.py:161} INFO - Started process (PID=26630) to work on /home/logi/txtai/venv/lib/python3.10/site-packages/airflow/example_dags/example_nested_branch_dag.py
[2025-11-13T11:04:33.352+0530] {processor.py:830} INFO - Processing file /home/logi/txtai/venv/lib/python3.10/site-packages/airflow/example_dags/example_nested_branch_dag.py for tasks to queue
[2025-11-13T11:04:33.354+0530] {logging_mixin.py:188} INFO - [2025-11-13T11:04:33.354+0530] {dagbag.py:545} INFO - Filling up the DagBag from /home/logi/txtai/venv/lib/python3.10/site-packages/airflow/example_dags/example_nested_branch_dag.py
[2025-11-13T11:04:33.366+0530] {processor.py:840} INFO - DAG(s) 'example_nested_branch_dag' retrieved from /home/logi/txtai/venv/lib/python3.10/site-packages/airflow/example_dags/example_nested_branch_dag.py
[2025-11-13T11:04:33.414+0530] {logging_mixin.py:188} INFO - [2025-11-13T11:04:33.414+0530] {dag.py:3089} INFO - Sync 1 DAGs
[2025-11-13T11:04:33.444+0530] {logging_mixin.py:188} INFO - [2025-11-13T11:04:33.444+0530] {dag.py:3947} INFO - Setting next_dagrun for example_nested_branch_dag to 2025-11-12 00:00:00+00:00, run_after=2025-11-13 00:00:00+00:00
[2025-11-13T11:04:33.475+0530] {processor.py:183} INFO - Processing /home/logi/txtai/venv/lib/python3.10/site-packages/airflow/example_dags/example_nested_branch_dag.py took 0.133 seconds
[2025-11-13T11:05:03.770+0530] {processor.py:161} INFO - Started process (PID=26776) to work on /home/logi/txtai/venv/lib/python3.10/site-packages/airflow/example_dags/example_nested_branch_dag.py
[2025-11-13T11:05:03.773+0530] {processor.py:830} INFO - Processing file /home/logi/txtai/venv/lib/python3.10/site-packages/airflow/example_dags/example_nested_branch_dag.py for tasks to queue
[2025-11-13T11:05:03.777+0530] {logging_mixin.py:188} INFO - [2025-11-13T11:05:03.776+0530] {dagbag.py:545} INFO - Filling up the DagBag from /home/logi/txtai/venv/lib/python3.10/site-packages/airflow/example_dags/example_nested_branch_dag.py
[2025-11-13T11:05:03.796+0530] {processor.py:840} INFO - DAG(s) 'example_nested_branch_dag' retrieved from /home/logi/txtai/venv/lib/python3.10/site-packages/airflow/example_dags/example_nested_branch_dag.py
[2025-11-13T11:05:03.857+0530] {logging_mixin.py:188} INFO - [2025-11-13T11:05:03.857+0530] {dag.py:3089} INFO - Sync 1 DAGs
[2025-11-13T11:05:03.902+0530] {logging_mixin.py:188} INFO - [2025-11-13T11:05:03.901+0530] {dag.py:3947} INFO - Setting next_dagrun for example_nested_branch_dag to 2025-11-12 00:00:00+00:00, run_after=2025-11-13 00:00:00+00:00
[2025-11-13T11:05:03.942+0530] {processor.py:183} INFO - Processing /home/logi/txtai/venv/lib/python3.10/site-packages/airflow/example_dags/example_nested_branch_dag.py took 0.185 seconds
