[2025-11-13T05:51:07.576+0530] {processor.py:161} INFO - Started process (PID=6837) to work on /home/logi/txtai/venv/lib/python3.10/site-packages/airflow/example_dags/example_task_group_decorator.py
[2025-11-13T05:51:07.577+0530] {processor.py:830} INFO - Processing file /home/logi/txtai/venv/lib/python3.10/site-packages/airflow/example_dags/example_task_group_decorator.py for tasks to queue
[2025-11-13T05:51:07.580+0530] {logging_mixin.py:188} INFO - [2025-11-13T05:51:07.580+0530] {dagbag.py:545} INFO - Filling up the DagBag from /home/logi/txtai/venv/lib/python3.10/site-packages/airflow/example_dags/example_task_group_decorator.py
[2025-11-13T05:51:07.602+0530] {processor.py:840} INFO - DAG(s) 'example_task_group_decorator' retrieved from /home/logi/txtai/venv/lib/python3.10/site-packages/airflow/example_dags/example_task_group_decorator.py
[2025-11-13T05:51:07.683+0530] {logging_mixin.py:188} INFO - [2025-11-13T05:51:07.682+0530] {dag.py:3089} INFO - Sync 1 DAGs
[2025-11-13T05:51:07.698+0530] {logging_mixin.py:188} INFO - [2025-11-13T05:51:07.697+0530] {dag.py:3947} INFO - Setting next_dagrun for example_task_group_decorator to 2025-11-12 00:00:00+00:00, run_after=2025-11-13 00:00:00+00:00
[2025-11-13T05:51:07.736+0530] {processor.py:183} INFO - Processing /home/logi/txtai/venv/lib/python3.10/site-packages/airflow/example_dags/example_task_group_decorator.py took 0.173 seconds
[2025-11-13T05:52:58.201+0530] {processor.py:161} INFO - Started process (PID=8110) to work on /home/logi/txtai/venv/lib/python3.10/site-packages/airflow/example_dags/example_task_group_decorator.py
[2025-11-13T05:52:58.214+0530] {processor.py:830} INFO - Processing file /home/logi/txtai/venv/lib/python3.10/site-packages/airflow/example_dags/example_task_group_decorator.py for tasks to queue
[2025-11-13T05:52:58.218+0530] {logging_mixin.py:188} INFO - [2025-11-13T05:52:58.217+0530] {dagbag.py:545} INFO - Filling up the DagBag from /home/logi/txtai/venv/lib/python3.10/site-packages/airflow/example_dags/example_task_group_decorator.py
[2025-11-13T05:52:58.241+0530] {processor.py:840} INFO - DAG(s) 'example_task_group_decorator' retrieved from /home/logi/txtai/venv/lib/python3.10/site-packages/airflow/example_dags/example_task_group_decorator.py
[2025-11-13T05:52:58.274+0530] {logging_mixin.py:188} INFO - [2025-11-13T05:52:58.274+0530] {dag.py:3089} INFO - Sync 1 DAGs
[2025-11-13T05:52:58.292+0530] {logging_mixin.py:188} INFO - [2025-11-13T05:52:58.292+0530] {dag.py:3947} INFO - Setting next_dagrun for example_task_group_decorator to 2025-11-12 00:00:00+00:00, run_after=2025-11-13 00:00:00+00:00
[2025-11-13T05:52:58.320+0530] {processor.py:183} INFO - Processing /home/logi/txtai/venv/lib/python3.10/site-packages/airflow/example_dags/example_task_group_decorator.py took 0.129 seconds
[2025-11-13T05:56:49.650+0530] {processor.py:161} INFO - Started process (PID=10469) to work on /home/logi/txtai/venv/lib/python3.10/site-packages/airflow/example_dags/example_task_group_decorator.py
[2025-11-13T05:56:49.668+0530] {processor.py:830} INFO - Processing file /home/logi/txtai/venv/lib/python3.10/site-packages/airflow/example_dags/example_task_group_decorator.py for tasks to queue
[2025-11-13T05:56:49.677+0530] {logging_mixin.py:188} INFO - [2025-11-13T05:56:49.675+0530] {dagbag.py:545} INFO - Filling up the DagBag from /home/logi/txtai/venv/lib/python3.10/site-packages/airflow/example_dags/example_task_group_decorator.py
[2025-11-13T05:56:49.719+0530] {processor.py:840} INFO - DAG(s) 'example_task_group_decorator' retrieved from /home/logi/txtai/venv/lib/python3.10/site-packages/airflow/example_dags/example_task_group_decorator.py
[2025-11-13T05:56:49.768+0530] {logging_mixin.py:188} INFO - [2025-11-13T05:56:49.767+0530] {dag.py:3089} INFO - Sync 1 DAGs
[2025-11-13T05:56:49.807+0530] {logging_mixin.py:188} INFO - [2025-11-13T05:56:49.806+0530] {dag.py:3947} INFO - Setting next_dagrun for example_task_group_decorator to 2025-11-12 00:00:00+00:00, run_after=2025-11-13 00:00:00+00:00
[2025-11-13T05:56:49.839+0530] {processor.py:183} INFO - Processing /home/logi/txtai/venv/lib/python3.10/site-packages/airflow/example_dags/example_task_group_decorator.py took 0.217 seconds
[2025-11-13T05:58:51.297+0530] {processor.py:161} INFO - Started process (PID=11571) to work on /home/logi/txtai/venv/lib/python3.10/site-packages/airflow/example_dags/example_task_group_decorator.py
[2025-11-13T05:58:51.302+0530] {processor.py:830} INFO - Processing file /home/logi/txtai/venv/lib/python3.10/site-packages/airflow/example_dags/example_task_group_decorator.py for tasks to queue
[2025-11-13T05:58:51.305+0530] {logging_mixin.py:188} INFO - [2025-11-13T05:58:51.305+0530] {dagbag.py:545} INFO - Filling up the DagBag from /home/logi/txtai/venv/lib/python3.10/site-packages/airflow/example_dags/example_task_group_decorator.py
[2025-11-13T05:58:51.320+0530] {processor.py:840} INFO - DAG(s) 'example_task_group_decorator' retrieved from /home/logi/txtai/venv/lib/python3.10/site-packages/airflow/example_dags/example_task_group_decorator.py
[2025-11-13T05:58:51.339+0530] {logging_mixin.py:188} INFO - [2025-11-13T05:58:51.338+0530] {dag.py:3089} INFO - Sync 1 DAGs
[2025-11-13T05:58:51.367+0530] {logging_mixin.py:188} INFO - [2025-11-13T05:58:51.366+0530] {dag.py:3947} INFO - Setting next_dagrun for example_task_group_decorator to 2025-11-12 00:00:00+00:00, run_after=2025-11-13 00:00:00+00:00
[2025-11-13T05:58:51.413+0530] {processor.py:183} INFO - Processing /home/logi/txtai/venv/lib/python3.10/site-packages/airflow/example_dags/example_task_group_decorator.py took 0.122 seconds
[2025-11-13T06:00:51.571+0530] {processor.py:161} INFO - Started process (PID=12979) to work on /home/logi/txtai/venv/lib/python3.10/site-packages/airflow/example_dags/example_task_group_decorator.py
[2025-11-13T06:00:51.573+0530] {processor.py:830} INFO - Processing file /home/logi/txtai/venv/lib/python3.10/site-packages/airflow/example_dags/example_task_group_decorator.py for tasks to queue
[2025-11-13T06:00:51.575+0530] {logging_mixin.py:188} INFO - [2025-11-13T06:00:51.575+0530] {dagbag.py:545} INFO - Filling up the DagBag from /home/logi/txtai/venv/lib/python3.10/site-packages/airflow/example_dags/example_task_group_decorator.py
[2025-11-13T06:00:51.593+0530] {processor.py:840} INFO - DAG(s) 'example_task_group_decorator' retrieved from /home/logi/txtai/venv/lib/python3.10/site-packages/airflow/example_dags/example_task_group_decorator.py
[2025-11-13T06:00:51.616+0530] {logging_mixin.py:188} INFO - [2025-11-13T06:00:51.615+0530] {dag.py:3089} INFO - Sync 1 DAGs
[2025-11-13T06:00:51.638+0530] {logging_mixin.py:188} INFO - [2025-11-13T06:00:51.638+0530] {dag.py:3947} INFO - Setting next_dagrun for example_task_group_decorator to 2025-11-12 00:00:00+00:00, run_after=2025-11-13 00:00:00+00:00
[2025-11-13T06:00:51.664+0530] {processor.py:183} INFO - Processing /home/logi/txtai/venv/lib/python3.10/site-packages/airflow/example_dags/example_task_group_decorator.py took 0.102 seconds
[2025-11-13T06:03:38.742+0530] {processor.py:161} INFO - Started process (PID=14966) to work on /home/logi/txtai/venv/lib/python3.10/site-packages/airflow/example_dags/example_task_group_decorator.py
[2025-11-13T06:03:38.755+0530] {processor.py:830} INFO - Processing file /home/logi/txtai/venv/lib/python3.10/site-packages/airflow/example_dags/example_task_group_decorator.py for tasks to queue
[2025-11-13T06:03:38.759+0530] {logging_mixin.py:188} INFO - [2025-11-13T06:03:38.758+0530] {dagbag.py:545} INFO - Filling up the DagBag from /home/logi/txtai/venv/lib/python3.10/site-packages/airflow/example_dags/example_task_group_decorator.py
[2025-11-13T06:03:38.771+0530] {processor.py:840} INFO - DAG(s) 'example_task_group_decorator' retrieved from /home/logi/txtai/venv/lib/python3.10/site-packages/airflow/example_dags/example_task_group_decorator.py
[2025-11-13T06:03:38.791+0530] {logging_mixin.py:188} INFO - [2025-11-13T06:03:38.791+0530] {dag.py:3089} INFO - Sync 1 DAGs
[2025-11-13T06:03:38.808+0530] {logging_mixin.py:188} INFO - [2025-11-13T06:03:38.808+0530] {dag.py:3947} INFO - Setting next_dagrun for example_task_group_decorator to 2025-11-12 00:00:00+00:00, run_after=2025-11-13 00:00:00+00:00
[2025-11-13T06:03:38.830+0530] {processor.py:183} INFO - Processing /home/logi/txtai/venv/lib/python3.10/site-packages/airflow/example_dags/example_task_group_decorator.py took 0.096 seconds
[2025-11-13T10:40:41.186+0530] {processor.py:161} INFO - Started process (PID=17057) to work on /home/logi/txtai/venv/lib/python3.10/site-packages/airflow/example_dags/example_task_group_decorator.py
[2025-11-13T10:40:41.188+0530] {processor.py:830} INFO - Processing file /home/logi/txtai/venv/lib/python3.10/site-packages/airflow/example_dags/example_task_group_decorator.py for tasks to queue
[2025-11-13T10:40:41.192+0530] {logging_mixin.py:188} INFO - [2025-11-13T10:40:41.191+0530] {dagbag.py:545} INFO - Filling up the DagBag from /home/logi/txtai/venv/lib/python3.10/site-packages/airflow/example_dags/example_task_group_decorator.py
[2025-11-13T10:40:41.216+0530] {processor.py:840} INFO - DAG(s) 'example_task_group_decorator' retrieved from /home/logi/txtai/venv/lib/python3.10/site-packages/airflow/example_dags/example_task_group_decorator.py
[2025-11-13T10:40:41.388+0530] {logging_mixin.py:188} INFO - [2025-11-13T10:40:41.387+0530] {override.py:1858} INFO - Created Permission View: can edit on DAG:example_task_group_decorator
[2025-11-13T10:40:41.409+0530] {logging_mixin.py:188} INFO - [2025-11-13T10:40:41.408+0530] {override.py:1858} INFO - Created Permission View: can read on DAG:example_task_group_decorator
[2025-11-13T10:40:41.422+0530] {logging_mixin.py:188} INFO - [2025-11-13T10:40:41.422+0530] {override.py:1858} INFO - Created Permission View: can delete on DAG:example_task_group_decorator
[2025-11-13T10:40:41.423+0530] {logging_mixin.py:188} INFO - [2025-11-13T10:40:41.423+0530] {dag.py:3089} INFO - Sync 1 DAGs
[2025-11-13T10:40:41.443+0530] {logging_mixin.py:188} INFO - [2025-11-13T10:40:41.443+0530] {dag.py:3111} INFO - Creating ORM DAG for example_task_group_decorator
[2025-11-13T10:40:41.463+0530] {logging_mixin.py:188} INFO - [2025-11-13T10:40:41.463+0530] {dag.py:3947} INFO - Setting next_dagrun for example_task_group_decorator to 2025-11-12 00:00:00+00:00, run_after=2025-11-13 00:00:00+00:00
[2025-11-13T10:40:41.497+0530] {processor.py:183} INFO - Processing /home/logi/txtai/venv/lib/python3.10/site-packages/airflow/example_dags/example_task_group_decorator.py took 0.322 seconds
[2025-11-13T10:41:11.608+0530] {processor.py:161} INFO - Started process (PID=17440) to work on /home/logi/txtai/venv/lib/python3.10/site-packages/airflow/example_dags/example_task_group_decorator.py
[2025-11-13T10:41:11.610+0530] {processor.py:830} INFO - Processing file /home/logi/txtai/venv/lib/python3.10/site-packages/airflow/example_dags/example_task_group_decorator.py for tasks to queue
[2025-11-13T10:41:11.612+0530] {logging_mixin.py:188} INFO - [2025-11-13T10:41:11.612+0530] {dagbag.py:545} INFO - Filling up the DagBag from /home/logi/txtai/venv/lib/python3.10/site-packages/airflow/example_dags/example_task_group_decorator.py
[2025-11-13T10:41:11.634+0530] {processor.py:840} INFO - DAG(s) 'example_task_group_decorator' retrieved from /home/logi/txtai/venv/lib/python3.10/site-packages/airflow/example_dags/example_task_group_decorator.py
[2025-11-13T10:41:11.690+0530] {logging_mixin.py:188} INFO - [2025-11-13T10:41:11.690+0530] {dag.py:3089} INFO - Sync 1 DAGs
[2025-11-13T10:41:11.725+0530] {logging_mixin.py:188} INFO - [2025-11-13T10:41:11.725+0530] {dag.py:3947} INFO - Setting next_dagrun for example_task_group_decorator to 2025-11-12 00:00:00+00:00, run_after=2025-11-13 00:00:00+00:00
[2025-11-13T10:41:11.759+0530] {processor.py:183} INFO - Processing /home/logi/txtai/venv/lib/python3.10/site-packages/airflow/example_dags/example_task_group_decorator.py took 0.162 seconds
[2025-11-13T10:41:43.485+0530] {processor.py:161} INFO - Started process (PID=18113) to work on /home/logi/txtai/venv/lib/python3.10/site-packages/airflow/example_dags/example_task_group_decorator.py
[2025-11-13T10:41:43.488+0530] {processor.py:830} INFO - Processing file /home/logi/txtai/venv/lib/python3.10/site-packages/airflow/example_dags/example_task_group_decorator.py for tasks to queue
[2025-11-13T10:41:43.493+0530] {logging_mixin.py:188} INFO - [2025-11-13T10:41:43.491+0530] {dagbag.py:545} INFO - Filling up the DagBag from /home/logi/txtai/venv/lib/python3.10/site-packages/airflow/example_dags/example_task_group_decorator.py
[2025-11-13T10:41:43.519+0530] {processor.py:840} INFO - DAG(s) 'example_task_group_decorator' retrieved from /home/logi/txtai/venv/lib/python3.10/site-packages/airflow/example_dags/example_task_group_decorator.py
[2025-11-13T10:41:43.572+0530] {logging_mixin.py:188} INFO - [2025-11-13T10:41:43.572+0530] {dag.py:3089} INFO - Sync 1 DAGs
[2025-11-13T10:41:43.606+0530] {logging_mixin.py:188} INFO - [2025-11-13T10:41:43.606+0530] {dag.py:3947} INFO - Setting next_dagrun for example_task_group_decorator to 2025-11-12 00:00:00+00:00, run_after=2025-11-13 00:00:00+00:00
[2025-11-13T10:41:43.665+0530] {processor.py:183} INFO - Processing /home/logi/txtai/venv/lib/python3.10/site-packages/airflow/example_dags/example_task_group_decorator.py took 0.193 seconds
[2025-11-13T10:42:14.662+0530] {processor.py:161} INFO - Started process (PID=18717) to work on /home/logi/txtai/venv/lib/python3.10/site-packages/airflow/example_dags/example_task_group_decorator.py
[2025-11-13T10:42:14.664+0530] {processor.py:830} INFO - Processing file /home/logi/txtai/venv/lib/python3.10/site-packages/airflow/example_dags/example_task_group_decorator.py for tasks to queue
[2025-11-13T10:42:14.667+0530] {logging_mixin.py:188} INFO - [2025-11-13T10:42:14.666+0530] {dagbag.py:545} INFO - Filling up the DagBag from /home/logi/txtai/venv/lib/python3.10/site-packages/airflow/example_dags/example_task_group_decorator.py
[2025-11-13T10:42:14.690+0530] {processor.py:840} INFO - DAG(s) 'example_task_group_decorator' retrieved from /home/logi/txtai/venv/lib/python3.10/site-packages/airflow/example_dags/example_task_group_decorator.py
[2025-11-13T10:42:14.758+0530] {logging_mixin.py:188} INFO - [2025-11-13T10:42:14.757+0530] {dag.py:3089} INFO - Sync 1 DAGs
[2025-11-13T10:42:14.798+0530] {logging_mixin.py:188} INFO - [2025-11-13T10:42:14.798+0530] {dag.py:3947} INFO - Setting next_dagrun for example_task_group_decorator to 2025-11-12 00:00:00+00:00, run_after=2025-11-13 00:00:00+00:00
[2025-11-13T10:42:14.834+0530] {processor.py:183} INFO - Processing /home/logi/txtai/venv/lib/python3.10/site-packages/airflow/example_dags/example_task_group_decorator.py took 0.184 seconds
[2025-11-13T10:42:45.580+0530] {processor.py:161} INFO - Started process (PID=18976) to work on /home/logi/txtai/venv/lib/python3.10/site-packages/airflow/example_dags/example_task_group_decorator.py
[2025-11-13T10:42:45.582+0530] {processor.py:830} INFO - Processing file /home/logi/txtai/venv/lib/python3.10/site-packages/airflow/example_dags/example_task_group_decorator.py for tasks to queue
[2025-11-13T10:42:45.586+0530] {logging_mixin.py:188} INFO - [2025-11-13T10:42:45.585+0530] {dagbag.py:545} INFO - Filling up the DagBag from /home/logi/txtai/venv/lib/python3.10/site-packages/airflow/example_dags/example_task_group_decorator.py
[2025-11-13T10:42:45.602+0530] {processor.py:840} INFO - DAG(s) 'example_task_group_decorator' retrieved from /home/logi/txtai/venv/lib/python3.10/site-packages/airflow/example_dags/example_task_group_decorator.py
[2025-11-13T10:42:45.645+0530] {logging_mixin.py:188} INFO - [2025-11-13T10:42:45.645+0530] {dag.py:3089} INFO - Sync 1 DAGs
[2025-11-13T10:42:45.673+0530] {logging_mixin.py:188} INFO - [2025-11-13T10:42:45.673+0530] {dag.py:3947} INFO - Setting next_dagrun for example_task_group_decorator to 2025-11-12 00:00:00+00:00, run_after=2025-11-13 00:00:00+00:00
[2025-11-13T10:42:45.701+0530] {processor.py:183} INFO - Processing /home/logi/txtai/venv/lib/python3.10/site-packages/airflow/example_dags/example_task_group_decorator.py took 0.135 seconds
[2025-11-13T10:43:16.562+0530] {processor.py:161} INFO - Started process (PID=19116) to work on /home/logi/txtai/venv/lib/python3.10/site-packages/airflow/example_dags/example_task_group_decorator.py
[2025-11-13T10:43:16.564+0530] {processor.py:830} INFO - Processing file /home/logi/txtai/venv/lib/python3.10/site-packages/airflow/example_dags/example_task_group_decorator.py for tasks to queue
[2025-11-13T10:43:16.568+0530] {logging_mixin.py:188} INFO - [2025-11-13T10:43:16.567+0530] {dagbag.py:545} INFO - Filling up the DagBag from /home/logi/txtai/venv/lib/python3.10/site-packages/airflow/example_dags/example_task_group_decorator.py
[2025-11-13T10:43:16.588+0530] {processor.py:840} INFO - DAG(s) 'example_task_group_decorator' retrieved from /home/logi/txtai/venv/lib/python3.10/site-packages/airflow/example_dags/example_task_group_decorator.py
[2025-11-13T10:43:16.652+0530] {logging_mixin.py:188} INFO - [2025-11-13T10:43:16.652+0530] {dag.py:3089} INFO - Sync 1 DAGs
[2025-11-13T10:43:16.694+0530] {logging_mixin.py:188} INFO - [2025-11-13T10:43:16.694+0530] {dag.py:3947} INFO - Setting next_dagrun for example_task_group_decorator to 2025-11-12 00:00:00+00:00, run_after=2025-11-13 00:00:00+00:00
[2025-11-13T10:43:16.729+0530] {processor.py:183} INFO - Processing /home/logi/txtai/venv/lib/python3.10/site-packages/airflow/example_dags/example_task_group_decorator.py took 0.177 seconds
[2025-11-13T10:43:48.079+0530] {processor.py:161} INFO - Started process (PID=19259) to work on /home/logi/txtai/venv/lib/python3.10/site-packages/airflow/example_dags/example_task_group_decorator.py
[2025-11-13T10:43:48.081+0530] {processor.py:830} INFO - Processing file /home/logi/txtai/venv/lib/python3.10/site-packages/airflow/example_dags/example_task_group_decorator.py for tasks to queue
[2025-11-13T10:43:48.085+0530] {logging_mixin.py:188} INFO - [2025-11-13T10:43:48.084+0530] {dagbag.py:545} INFO - Filling up the DagBag from /home/logi/txtai/venv/lib/python3.10/site-packages/airflow/example_dags/example_task_group_decorator.py
[2025-11-13T10:43:48.109+0530] {processor.py:840} INFO - DAG(s) 'example_task_group_decorator' retrieved from /home/logi/txtai/venv/lib/python3.10/site-packages/airflow/example_dags/example_task_group_decorator.py
[2025-11-13T10:43:48.165+0530] {logging_mixin.py:188} INFO - [2025-11-13T10:43:48.165+0530] {dag.py:3089} INFO - Sync 1 DAGs
[2025-11-13T10:43:48.197+0530] {logging_mixin.py:188} INFO - [2025-11-13T10:43:48.196+0530] {dag.py:3947} INFO - Setting next_dagrun for example_task_group_decorator to 2025-11-12 00:00:00+00:00, run_after=2025-11-13 00:00:00+00:00
[2025-11-13T10:43:48.227+0530] {processor.py:183} INFO - Processing /home/logi/txtai/venv/lib/python3.10/site-packages/airflow/example_dags/example_task_group_decorator.py took 0.160 seconds
[2025-11-13T10:44:19.357+0530] {processor.py:161} INFO - Started process (PID=19402) to work on /home/logi/txtai/venv/lib/python3.10/site-packages/airflow/example_dags/example_task_group_decorator.py
[2025-11-13T10:44:19.359+0530] {processor.py:830} INFO - Processing file /home/logi/txtai/venv/lib/python3.10/site-packages/airflow/example_dags/example_task_group_decorator.py for tasks to queue
[2025-11-13T10:44:19.363+0530] {logging_mixin.py:188} INFO - [2025-11-13T10:44:19.362+0530] {dagbag.py:545} INFO - Filling up the DagBag from /home/logi/txtai/venv/lib/python3.10/site-packages/airflow/example_dags/example_task_group_decorator.py
[2025-11-13T10:44:19.383+0530] {processor.py:840} INFO - DAG(s) 'example_task_group_decorator' retrieved from /home/logi/txtai/venv/lib/python3.10/site-packages/airflow/example_dags/example_task_group_decorator.py
[2025-11-13T10:44:19.449+0530] {logging_mixin.py:188} INFO - [2025-11-13T10:44:19.448+0530] {dag.py:3089} INFO - Sync 1 DAGs
[2025-11-13T10:44:19.496+0530] {logging_mixin.py:188} INFO - [2025-11-13T10:44:19.496+0530] {dag.py:3947} INFO - Setting next_dagrun for example_task_group_decorator to 2025-11-12 00:00:00+00:00, run_after=2025-11-13 00:00:00+00:00
[2025-11-13T10:44:19.530+0530] {processor.py:183} INFO - Processing /home/logi/txtai/venv/lib/python3.10/site-packages/airflow/example_dags/example_task_group_decorator.py took 0.184 seconds
[2025-11-13T10:44:51.147+0530] {processor.py:161} INFO - Started process (PID=19544) to work on /home/logi/txtai/venv/lib/python3.10/site-packages/airflow/example_dags/example_task_group_decorator.py
[2025-11-13T10:44:51.149+0530] {processor.py:830} INFO - Processing file /home/logi/txtai/venv/lib/python3.10/site-packages/airflow/example_dags/example_task_group_decorator.py for tasks to queue
[2025-11-13T10:44:51.152+0530] {logging_mixin.py:188} INFO - [2025-11-13T10:44:51.152+0530] {dagbag.py:545} INFO - Filling up the DagBag from /home/logi/txtai/venv/lib/python3.10/site-packages/airflow/example_dags/example_task_group_decorator.py
[2025-11-13T10:44:51.173+0530] {processor.py:840} INFO - DAG(s) 'example_task_group_decorator' retrieved from /home/logi/txtai/venv/lib/python3.10/site-packages/airflow/example_dags/example_task_group_decorator.py
[2025-11-13T10:44:51.236+0530] {logging_mixin.py:188} INFO - [2025-11-13T10:44:51.236+0530] {dag.py:3089} INFO - Sync 1 DAGs
[2025-11-13T10:44:51.274+0530] {logging_mixin.py:188} INFO - [2025-11-13T10:44:51.273+0530] {dag.py:3947} INFO - Setting next_dagrun for example_task_group_decorator to 2025-11-12 00:00:00+00:00, run_after=2025-11-13 00:00:00+00:00
[2025-11-13T10:44:51.308+0530] {processor.py:183} INFO - Processing /home/logi/txtai/venv/lib/python3.10/site-packages/airflow/example_dags/example_task_group_decorator.py took 0.172 seconds
[2025-11-13T10:45:21.820+0530] {processor.py:161} INFO - Started process (PID=19688) to work on /home/logi/txtai/venv/lib/python3.10/site-packages/airflow/example_dags/example_task_group_decorator.py
[2025-11-13T10:45:21.822+0530] {processor.py:830} INFO - Processing file /home/logi/txtai/venv/lib/python3.10/site-packages/airflow/example_dags/example_task_group_decorator.py for tasks to queue
[2025-11-13T10:45:21.824+0530] {logging_mixin.py:188} INFO - [2025-11-13T10:45:21.823+0530] {dagbag.py:545} INFO - Filling up the DagBag from /home/logi/txtai/venv/lib/python3.10/site-packages/airflow/example_dags/example_task_group_decorator.py
[2025-11-13T10:45:21.834+0530] {processor.py:840} INFO - DAG(s) 'example_task_group_decorator' retrieved from /home/logi/txtai/venv/lib/python3.10/site-packages/airflow/example_dags/example_task_group_decorator.py
[2025-11-13T10:45:21.885+0530] {logging_mixin.py:188} INFO - [2025-11-13T10:45:21.884+0530] {dag.py:3089} INFO - Sync 1 DAGs
[2025-11-13T10:45:21.918+0530] {logging_mixin.py:188} INFO - [2025-11-13T10:45:21.918+0530] {dag.py:3947} INFO - Setting next_dagrun for example_task_group_decorator to 2025-11-12 00:00:00+00:00, run_after=2025-11-13 00:00:00+00:00
[2025-11-13T10:45:21.951+0530] {processor.py:183} INFO - Processing /home/logi/txtai/venv/lib/python3.10/site-packages/airflow/example_dags/example_task_group_decorator.py took 0.136 seconds
[2025-11-13T10:45:52.703+0530] {processor.py:161} INFO - Started process (PID=19857) to work on /home/logi/txtai/venv/lib/python3.10/site-packages/airflow/example_dags/example_task_group_decorator.py
[2025-11-13T10:45:52.704+0530] {processor.py:830} INFO - Processing file /home/logi/txtai/venv/lib/python3.10/site-packages/airflow/example_dags/example_task_group_decorator.py for tasks to queue
[2025-11-13T10:45:52.707+0530] {logging_mixin.py:188} INFO - [2025-11-13T10:45:52.707+0530] {dagbag.py:545} INFO - Filling up the DagBag from /home/logi/txtai/venv/lib/python3.10/site-packages/airflow/example_dags/example_task_group_decorator.py
[2025-11-13T10:45:52.728+0530] {processor.py:840} INFO - DAG(s) 'example_task_group_decorator' retrieved from /home/logi/txtai/venv/lib/python3.10/site-packages/airflow/example_dags/example_task_group_decorator.py
[2025-11-13T10:45:52.794+0530] {logging_mixin.py:188} INFO - [2025-11-13T10:45:52.793+0530] {dag.py:3089} INFO - Sync 1 DAGs
[2025-11-13T10:45:52.831+0530] {logging_mixin.py:188} INFO - [2025-11-13T10:45:52.831+0530] {dag.py:3947} INFO - Setting next_dagrun for example_task_group_decorator to 2025-11-12 00:00:00+00:00, run_after=2025-11-13 00:00:00+00:00
[2025-11-13T10:45:52.866+0530] {processor.py:183} INFO - Processing /home/logi/txtai/venv/lib/python3.10/site-packages/airflow/example_dags/example_task_group_decorator.py took 0.174 seconds
[2025-11-13T10:46:24.485+0530] {processor.py:161} INFO - Started process (PID=20002) to work on /home/logi/txtai/venv/lib/python3.10/site-packages/airflow/example_dags/example_task_group_decorator.py
[2025-11-13T10:46:24.486+0530] {processor.py:830} INFO - Processing file /home/logi/txtai/venv/lib/python3.10/site-packages/airflow/example_dags/example_task_group_decorator.py for tasks to queue
[2025-11-13T10:46:24.489+0530] {logging_mixin.py:188} INFO - [2025-11-13T10:46:24.489+0530] {dagbag.py:545} INFO - Filling up the DagBag from /home/logi/txtai/venv/lib/python3.10/site-packages/airflow/example_dags/example_task_group_decorator.py
[2025-11-13T10:46:24.510+0530] {processor.py:840} INFO - DAG(s) 'example_task_group_decorator' retrieved from /home/logi/txtai/venv/lib/python3.10/site-packages/airflow/example_dags/example_task_group_decorator.py
[2025-11-13T10:46:24.575+0530] {logging_mixin.py:188} INFO - [2025-11-13T10:46:24.575+0530] {dag.py:3089} INFO - Sync 1 DAGs
[2025-11-13T10:46:24.613+0530] {logging_mixin.py:188} INFO - [2025-11-13T10:46:24.612+0530] {dag.py:3947} INFO - Setting next_dagrun for example_task_group_decorator to 2025-11-12 00:00:00+00:00, run_after=2025-11-13 00:00:00+00:00
[2025-11-13T10:46:24.657+0530] {processor.py:183} INFO - Processing /home/logi/txtai/venv/lib/python3.10/site-packages/airflow/example_dags/example_task_group_decorator.py took 0.183 seconds
[2025-11-13T10:46:55.073+0530] {processor.py:161} INFO - Started process (PID=20144) to work on /home/logi/txtai/venv/lib/python3.10/site-packages/airflow/example_dags/example_task_group_decorator.py
[2025-11-13T10:46:55.075+0530] {processor.py:830} INFO - Processing file /home/logi/txtai/venv/lib/python3.10/site-packages/airflow/example_dags/example_task_group_decorator.py for tasks to queue
[2025-11-13T10:46:55.079+0530] {logging_mixin.py:188} INFO - [2025-11-13T10:46:55.078+0530] {dagbag.py:545} INFO - Filling up the DagBag from /home/logi/txtai/venv/lib/python3.10/site-packages/airflow/example_dags/example_task_group_decorator.py
[2025-11-13T10:46:55.099+0530] {processor.py:840} INFO - DAG(s) 'example_task_group_decorator' retrieved from /home/logi/txtai/venv/lib/python3.10/site-packages/airflow/example_dags/example_task_group_decorator.py
[2025-11-13T10:46:55.164+0530] {logging_mixin.py:188} INFO - [2025-11-13T10:46:55.164+0530] {dag.py:3089} INFO - Sync 1 DAGs
[2025-11-13T10:46:55.204+0530] {logging_mixin.py:188} INFO - [2025-11-13T10:46:55.203+0530] {dag.py:3947} INFO - Setting next_dagrun for example_task_group_decorator to 2025-11-12 00:00:00+00:00, run_after=2025-11-13 00:00:00+00:00
[2025-11-13T10:46:55.240+0530] {processor.py:183} INFO - Processing /home/logi/txtai/venv/lib/python3.10/site-packages/airflow/example_dags/example_task_group_decorator.py took 0.177 seconds
[2025-11-13T10:47:26.354+0530] {processor.py:161} INFO - Started process (PID=20287) to work on /home/logi/txtai/venv/lib/python3.10/site-packages/airflow/example_dags/example_task_group_decorator.py
[2025-11-13T10:47:26.356+0530] {processor.py:830} INFO - Processing file /home/logi/txtai/venv/lib/python3.10/site-packages/airflow/example_dags/example_task_group_decorator.py for tasks to queue
[2025-11-13T10:47:26.359+0530] {logging_mixin.py:188} INFO - [2025-11-13T10:47:26.358+0530] {dagbag.py:545} INFO - Filling up the DagBag from /home/logi/txtai/venv/lib/python3.10/site-packages/airflow/example_dags/example_task_group_decorator.py
[2025-11-13T10:47:26.380+0530] {processor.py:840} INFO - DAG(s) 'example_task_group_decorator' retrieved from /home/logi/txtai/venv/lib/python3.10/site-packages/airflow/example_dags/example_task_group_decorator.py
[2025-11-13T10:47:26.445+0530] {logging_mixin.py:188} INFO - [2025-11-13T10:47:26.445+0530] {dag.py:3089} INFO - Sync 1 DAGs
[2025-11-13T10:47:26.483+0530] {logging_mixin.py:188} INFO - [2025-11-13T10:47:26.483+0530] {dag.py:3947} INFO - Setting next_dagrun for example_task_group_decorator to 2025-11-12 00:00:00+00:00, run_after=2025-11-13 00:00:00+00:00
[2025-11-13T10:47:26.518+0530] {processor.py:183} INFO - Processing /home/logi/txtai/venv/lib/python3.10/site-packages/airflow/example_dags/example_task_group_decorator.py took 0.174 seconds
[2025-11-13T10:47:57.801+0530] {processor.py:161} INFO - Started process (PID=20429) to work on /home/logi/txtai/venv/lib/python3.10/site-packages/airflow/example_dags/example_task_group_decorator.py
[2025-11-13T10:47:57.802+0530] {processor.py:830} INFO - Processing file /home/logi/txtai/venv/lib/python3.10/site-packages/airflow/example_dags/example_task_group_decorator.py for tasks to queue
[2025-11-13T10:47:57.805+0530] {logging_mixin.py:188} INFO - [2025-11-13T10:47:57.805+0530] {dagbag.py:545} INFO - Filling up the DagBag from /home/logi/txtai/venv/lib/python3.10/site-packages/airflow/example_dags/example_task_group_decorator.py
[2025-11-13T10:47:57.827+0530] {processor.py:840} INFO - DAG(s) 'example_task_group_decorator' retrieved from /home/logi/txtai/venv/lib/python3.10/site-packages/airflow/example_dags/example_task_group_decorator.py
[2025-11-13T10:47:57.893+0530] {logging_mixin.py:188} INFO - [2025-11-13T10:47:57.892+0530] {dag.py:3089} INFO - Sync 1 DAGs
[2025-11-13T10:47:57.932+0530] {logging_mixin.py:188} INFO - [2025-11-13T10:47:57.931+0530] {dag.py:3947} INFO - Setting next_dagrun for example_task_group_decorator to 2025-11-12 00:00:00+00:00, run_after=2025-11-13 00:00:00+00:00
[2025-11-13T10:47:57.968+0530] {processor.py:183} INFO - Processing /home/logi/txtai/venv/lib/python3.10/site-packages/airflow/example_dags/example_task_group_decorator.py took 0.177 seconds
[2025-11-13T10:48:28.857+0530] {processor.py:161} INFO - Started process (PID=20571) to work on /home/logi/txtai/venv/lib/python3.10/site-packages/airflow/example_dags/example_task_group_decorator.py
[2025-11-13T10:48:28.859+0530] {processor.py:830} INFO - Processing file /home/logi/txtai/venv/lib/python3.10/site-packages/airflow/example_dags/example_task_group_decorator.py for tasks to queue
[2025-11-13T10:48:28.861+0530] {logging_mixin.py:188} INFO - [2025-11-13T10:48:28.861+0530] {dagbag.py:545} INFO - Filling up the DagBag from /home/logi/txtai/venv/lib/python3.10/site-packages/airflow/example_dags/example_task_group_decorator.py
[2025-11-13T10:48:28.883+0530] {processor.py:840} INFO - DAG(s) 'example_task_group_decorator' retrieved from /home/logi/txtai/venv/lib/python3.10/site-packages/airflow/example_dags/example_task_group_decorator.py
[2025-11-13T10:48:28.945+0530] {logging_mixin.py:188} INFO - [2025-11-13T10:48:28.945+0530] {dag.py:3089} INFO - Sync 1 DAGs
[2025-11-13T10:48:28.987+0530] {logging_mixin.py:188} INFO - [2025-11-13T10:48:28.987+0530] {dag.py:3947} INFO - Setting next_dagrun for example_task_group_decorator to 2025-11-12 00:00:00+00:00, run_after=2025-11-13 00:00:00+00:00
[2025-11-13T10:48:29.034+0530] {processor.py:183} INFO - Processing /home/logi/txtai/venv/lib/python3.10/site-packages/airflow/example_dags/example_task_group_decorator.py took 0.188 seconds
[2025-11-13T10:48:59.460+0530] {processor.py:161} INFO - Started process (PID=20715) to work on /home/logi/txtai/venv/lib/python3.10/site-packages/airflow/example_dags/example_task_group_decorator.py
[2025-11-13T10:48:59.462+0530] {processor.py:830} INFO - Processing file /home/logi/txtai/venv/lib/python3.10/site-packages/airflow/example_dags/example_task_group_decorator.py for tasks to queue
[2025-11-13T10:48:59.465+0530] {logging_mixin.py:188} INFO - [2025-11-13T10:48:59.465+0530] {dagbag.py:545} INFO - Filling up the DagBag from /home/logi/txtai/venv/lib/python3.10/site-packages/airflow/example_dags/example_task_group_decorator.py
[2025-11-13T10:48:59.488+0530] {processor.py:840} INFO - DAG(s) 'example_task_group_decorator' retrieved from /home/logi/txtai/venv/lib/python3.10/site-packages/airflow/example_dags/example_task_group_decorator.py
[2025-11-13T10:48:59.551+0530] {logging_mixin.py:188} INFO - [2025-11-13T10:48:59.551+0530] {dag.py:3089} INFO - Sync 1 DAGs
[2025-11-13T10:48:59.590+0530] {logging_mixin.py:188} INFO - [2025-11-13T10:48:59.590+0530] {dag.py:3947} INFO - Setting next_dagrun for example_task_group_decorator to 2025-11-12 00:00:00+00:00, run_after=2025-11-13 00:00:00+00:00
[2025-11-13T10:48:59.621+0530] {processor.py:183} INFO - Processing /home/logi/txtai/venv/lib/python3.10/site-packages/airflow/example_dags/example_task_group_decorator.py took 0.172 seconds
[2025-11-13T10:49:30.536+0530] {processor.py:161} INFO - Started process (PID=20860) to work on /home/logi/txtai/venv/lib/python3.10/site-packages/airflow/example_dags/example_task_group_decorator.py
[2025-11-13T10:49:30.537+0530] {processor.py:830} INFO - Processing file /home/logi/txtai/venv/lib/python3.10/site-packages/airflow/example_dags/example_task_group_decorator.py for tasks to queue
[2025-11-13T10:49:30.540+0530] {logging_mixin.py:188} INFO - [2025-11-13T10:49:30.540+0530] {dagbag.py:545} INFO - Filling up the DagBag from /home/logi/txtai/venv/lib/python3.10/site-packages/airflow/example_dags/example_task_group_decorator.py
[2025-11-13T10:49:30.563+0530] {processor.py:840} INFO - DAG(s) 'example_task_group_decorator' retrieved from /home/logi/txtai/venv/lib/python3.10/site-packages/airflow/example_dags/example_task_group_decorator.py
[2025-11-13T10:49:30.633+0530] {logging_mixin.py:188} INFO - [2025-11-13T10:49:30.632+0530] {dag.py:3089} INFO - Sync 1 DAGs
[2025-11-13T10:49:30.680+0530] {logging_mixin.py:188} INFO - [2025-11-13T10:49:30.679+0530] {dag.py:3947} INFO - Setting next_dagrun for example_task_group_decorator to 2025-11-12 00:00:00+00:00, run_after=2025-11-13 00:00:00+00:00
[2025-11-13T10:49:30.716+0530] {processor.py:183} INFO - Processing /home/logi/txtai/venv/lib/python3.10/site-packages/airflow/example_dags/example_task_group_decorator.py took 0.192 seconds
[2025-11-13T10:50:01.854+0530] {processor.py:161} INFO - Started process (PID=21003) to work on /home/logi/txtai/venv/lib/python3.10/site-packages/airflow/example_dags/example_task_group_decorator.py
[2025-11-13T10:50:01.856+0530] {processor.py:830} INFO - Processing file /home/logi/txtai/venv/lib/python3.10/site-packages/airflow/example_dags/example_task_group_decorator.py for tasks to queue
[2025-11-13T10:50:01.859+0530] {logging_mixin.py:188} INFO - [2025-11-13T10:50:01.858+0530] {dagbag.py:545} INFO - Filling up the DagBag from /home/logi/txtai/venv/lib/python3.10/site-packages/airflow/example_dags/example_task_group_decorator.py
[2025-11-13T10:50:01.882+0530] {processor.py:840} INFO - DAG(s) 'example_task_group_decorator' retrieved from /home/logi/txtai/venv/lib/python3.10/site-packages/airflow/example_dags/example_task_group_decorator.py
[2025-11-13T10:50:01.943+0530] {logging_mixin.py:188} INFO - [2025-11-13T10:50:01.943+0530] {dag.py:3089} INFO - Sync 1 DAGs
[2025-11-13T10:50:01.982+0530] {logging_mixin.py:188} INFO - [2025-11-13T10:50:01.982+0530] {dag.py:3947} INFO - Setting next_dagrun for example_task_group_decorator to 2025-11-12 00:00:00+00:00, run_after=2025-11-13 00:00:00+00:00
[2025-11-13T10:50:02.027+0530] {processor.py:183} INFO - Processing /home/logi/txtai/venv/lib/python3.10/site-packages/airflow/example_dags/example_task_group_decorator.py took 0.187 seconds
[2025-11-13T10:50:32.704+0530] {processor.py:161} INFO - Started process (PID=21145) to work on /home/logi/txtai/venv/lib/python3.10/site-packages/airflow/example_dags/example_task_group_decorator.py
[2025-11-13T10:50:32.706+0530] {processor.py:830} INFO - Processing file /home/logi/txtai/venv/lib/python3.10/site-packages/airflow/example_dags/example_task_group_decorator.py for tasks to queue
[2025-11-13T10:50:32.709+0530] {logging_mixin.py:188} INFO - [2025-11-13T10:50:32.709+0530] {dagbag.py:545} INFO - Filling up the DagBag from /home/logi/txtai/venv/lib/python3.10/site-packages/airflow/example_dags/example_task_group_decorator.py
[2025-11-13T10:50:32.732+0530] {processor.py:840} INFO - DAG(s) 'example_task_group_decorator' retrieved from /home/logi/txtai/venv/lib/python3.10/site-packages/airflow/example_dags/example_task_group_decorator.py
[2025-11-13T10:50:32.804+0530] {logging_mixin.py:188} INFO - [2025-11-13T10:50:32.803+0530] {dag.py:3089} INFO - Sync 1 DAGs
[2025-11-13T10:50:32.847+0530] {logging_mixin.py:188} INFO - [2025-11-13T10:50:32.846+0530] {dag.py:3947} INFO - Setting next_dagrun for example_task_group_decorator to 2025-11-12 00:00:00+00:00, run_after=2025-11-13 00:00:00+00:00
[2025-11-13T10:50:32.882+0530] {processor.py:183} INFO - Processing /home/logi/txtai/venv/lib/python3.10/site-packages/airflow/example_dags/example_task_group_decorator.py took 0.190 seconds
[2025-11-13T10:51:04.111+0530] {processor.py:161} INFO - Started process (PID=21326) to work on /home/logi/txtai/venv/lib/python3.10/site-packages/airflow/example_dags/example_task_group_decorator.py
[2025-11-13T10:51:04.113+0530] {processor.py:830} INFO - Processing file /home/logi/txtai/venv/lib/python3.10/site-packages/airflow/example_dags/example_task_group_decorator.py for tasks to queue
[2025-11-13T10:51:04.117+0530] {logging_mixin.py:188} INFO - [2025-11-13T10:51:04.116+0530] {dagbag.py:545} INFO - Filling up the DagBag from /home/logi/txtai/venv/lib/python3.10/site-packages/airflow/example_dags/example_task_group_decorator.py
[2025-11-13T10:51:04.140+0530] {processor.py:840} INFO - DAG(s) 'example_task_group_decorator' retrieved from /home/logi/txtai/venv/lib/python3.10/site-packages/airflow/example_dags/example_task_group_decorator.py
[2025-11-13T10:51:04.208+0530] {logging_mixin.py:188} INFO - [2025-11-13T10:51:04.208+0530] {dag.py:3089} INFO - Sync 1 DAGs
[2025-11-13T10:51:04.249+0530] {logging_mixin.py:188} INFO - [2025-11-13T10:51:04.248+0530] {dag.py:3947} INFO - Setting next_dagrun for example_task_group_decorator to 2025-11-12 00:00:00+00:00, run_after=2025-11-13 00:00:00+00:00
[2025-11-13T10:51:04.296+0530] {processor.py:183} INFO - Processing /home/logi/txtai/venv/lib/python3.10/site-packages/airflow/example_dags/example_task_group_decorator.py took 0.196 seconds
[2025-11-13T10:51:35.276+0530] {processor.py:161} INFO - Started process (PID=21468) to work on /home/logi/txtai/venv/lib/python3.10/site-packages/airflow/example_dags/example_task_group_decorator.py
[2025-11-13T10:51:35.278+0530] {processor.py:830} INFO - Processing file /home/logi/txtai/venv/lib/python3.10/site-packages/airflow/example_dags/example_task_group_decorator.py for tasks to queue
[2025-11-13T10:51:35.280+0530] {logging_mixin.py:188} INFO - [2025-11-13T10:51:35.280+0530] {dagbag.py:545} INFO - Filling up the DagBag from /home/logi/txtai/venv/lib/python3.10/site-packages/airflow/example_dags/example_task_group_decorator.py
[2025-11-13T10:51:35.304+0530] {processor.py:840} INFO - DAG(s) 'example_task_group_decorator' retrieved from /home/logi/txtai/venv/lib/python3.10/site-packages/airflow/example_dags/example_task_group_decorator.py
[2025-11-13T10:51:35.374+0530] {logging_mixin.py:188} INFO - [2025-11-13T10:51:35.373+0530] {dag.py:3089} INFO - Sync 1 DAGs
[2025-11-13T10:51:35.415+0530] {logging_mixin.py:188} INFO - [2025-11-13T10:51:35.414+0530] {dag.py:3947} INFO - Setting next_dagrun for example_task_group_decorator to 2025-11-12 00:00:00+00:00, run_after=2025-11-13 00:00:00+00:00
[2025-11-13T10:51:35.447+0530] {processor.py:183} INFO - Processing /home/logi/txtai/venv/lib/python3.10/site-packages/airflow/example_dags/example_task_group_decorator.py took 0.183 seconds
[2025-11-13T10:52:06.455+0530] {processor.py:161} INFO - Started process (PID=21610) to work on /home/logi/txtai/venv/lib/python3.10/site-packages/airflow/example_dags/example_task_group_decorator.py
[2025-11-13T10:52:06.457+0530] {processor.py:830} INFO - Processing file /home/logi/txtai/venv/lib/python3.10/site-packages/airflow/example_dags/example_task_group_decorator.py for tasks to queue
[2025-11-13T10:52:06.459+0530] {logging_mixin.py:188} INFO - [2025-11-13T10:52:06.459+0530] {dagbag.py:545} INFO - Filling up the DagBag from /home/logi/txtai/venv/lib/python3.10/site-packages/airflow/example_dags/example_task_group_decorator.py
[2025-11-13T10:52:06.482+0530] {processor.py:840} INFO - DAG(s) 'example_task_group_decorator' retrieved from /home/logi/txtai/venv/lib/python3.10/site-packages/airflow/example_dags/example_task_group_decorator.py
[2025-11-13T10:52:06.546+0530] {logging_mixin.py:188} INFO - [2025-11-13T10:52:06.546+0530] {dag.py:3089} INFO - Sync 1 DAGs
[2025-11-13T10:52:06.571+0530] {logging_mixin.py:188} INFO - [2025-11-13T10:52:06.571+0530] {dag.py:3947} INFO - Setting next_dagrun for example_task_group_decorator to 2025-11-12 00:00:00+00:00, run_after=2025-11-13 00:00:00+00:00
[2025-11-13T10:52:06.590+0530] {processor.py:183} INFO - Processing /home/logi/txtai/venv/lib/python3.10/site-packages/airflow/example_dags/example_task_group_decorator.py took 0.145 seconds
[2025-11-13T10:52:37.565+0530] {processor.py:161} INFO - Started process (PID=21813) to work on /home/logi/txtai/venv/lib/python3.10/site-packages/airflow/example_dags/example_task_group_decorator.py
[2025-11-13T10:52:37.567+0530] {processor.py:830} INFO - Processing file /home/logi/txtai/venv/lib/python3.10/site-packages/airflow/example_dags/example_task_group_decorator.py for tasks to queue
[2025-11-13T10:52:37.570+0530] {logging_mixin.py:188} INFO - [2025-11-13T10:52:37.570+0530] {dagbag.py:545} INFO - Filling up the DagBag from /home/logi/txtai/venv/lib/python3.10/site-packages/airflow/example_dags/example_task_group_decorator.py
[2025-11-13T10:52:37.592+0530] {processor.py:840} INFO - DAG(s) 'example_task_group_decorator' retrieved from /home/logi/txtai/venv/lib/python3.10/site-packages/airflow/example_dags/example_task_group_decorator.py
[2025-11-13T10:52:37.644+0530] {logging_mixin.py:188} INFO - [2025-11-13T10:52:37.643+0530] {dag.py:3089} INFO - Sync 1 DAGs
[2025-11-13T10:52:37.675+0530] {logging_mixin.py:188} INFO - [2025-11-13T10:52:37.675+0530] {dag.py:3947} INFO - Setting next_dagrun for example_task_group_decorator to 2025-11-12 00:00:00+00:00, run_after=2025-11-13 00:00:00+00:00
[2025-11-13T10:52:37.704+0530] {processor.py:183} INFO - Processing /home/logi/txtai/venv/lib/python3.10/site-packages/airflow/example_dags/example_task_group_decorator.py took 0.149 seconds
[2025-11-13T10:53:08.436+0530] {processor.py:161} INFO - Started process (PID=22021) to work on /home/logi/txtai/venv/lib/python3.10/site-packages/airflow/example_dags/example_task_group_decorator.py
[2025-11-13T10:53:08.438+0530] {processor.py:830} INFO - Processing file /home/logi/txtai/venv/lib/python3.10/site-packages/airflow/example_dags/example_task_group_decorator.py for tasks to queue
[2025-11-13T10:53:08.442+0530] {logging_mixin.py:188} INFO - [2025-11-13T10:53:08.441+0530] {dagbag.py:545} INFO - Filling up the DagBag from /home/logi/txtai/venv/lib/python3.10/site-packages/airflow/example_dags/example_task_group_decorator.py
[2025-11-13T10:53:08.473+0530] {processor.py:840} INFO - DAG(s) 'example_task_group_decorator' retrieved from /home/logi/txtai/venv/lib/python3.10/site-packages/airflow/example_dags/example_task_group_decorator.py
[2025-11-13T10:53:08.524+0530] {logging_mixin.py:188} INFO - [2025-11-13T10:53:08.524+0530] {dag.py:3089} INFO - Sync 1 DAGs
[2025-11-13T10:53:08.566+0530] {logging_mixin.py:188} INFO - [2025-11-13T10:53:08.566+0530] {dag.py:3947} INFO - Setting next_dagrun for example_task_group_decorator to 2025-11-12 00:00:00+00:00, run_after=2025-11-13 00:00:00+00:00
[2025-11-13T10:53:08.590+0530] {processor.py:183} INFO - Processing /home/logi/txtai/venv/lib/python3.10/site-packages/airflow/example_dags/example_task_group_decorator.py took 0.166 seconds
[2025-11-13T10:53:39.691+0530] {processor.py:161} INFO - Started process (PID=22253) to work on /home/logi/txtai/venv/lib/python3.10/site-packages/airflow/example_dags/example_task_group_decorator.py
[2025-11-13T10:53:39.692+0530] {processor.py:830} INFO - Processing file /home/logi/txtai/venv/lib/python3.10/site-packages/airflow/example_dags/example_task_group_decorator.py for tasks to queue
[2025-11-13T10:53:39.694+0530] {logging_mixin.py:188} INFO - [2025-11-13T10:53:39.694+0530] {dagbag.py:545} INFO - Filling up the DagBag from /home/logi/txtai/venv/lib/python3.10/site-packages/airflow/example_dags/example_task_group_decorator.py
[2025-11-13T10:53:39.706+0530] {processor.py:840} INFO - DAG(s) 'example_task_group_decorator' retrieved from /home/logi/txtai/venv/lib/python3.10/site-packages/airflow/example_dags/example_task_group_decorator.py
[2025-11-13T10:53:39.747+0530] {logging_mixin.py:188} INFO - [2025-11-13T10:53:39.747+0530] {dag.py:3089} INFO - Sync 1 DAGs
[2025-11-13T10:53:39.768+0530] {logging_mixin.py:188} INFO - [2025-11-13T10:53:39.768+0530] {dag.py:3947} INFO - Setting next_dagrun for example_task_group_decorator to 2025-11-12 00:00:00+00:00, run_after=2025-11-13 00:00:00+00:00
[2025-11-13T10:53:39.787+0530] {processor.py:183} INFO - Processing /home/logi/txtai/venv/lib/python3.10/site-packages/airflow/example_dags/example_task_group_decorator.py took 0.102 seconds
[2025-11-13T10:54:10.985+0530] {processor.py:161} INFO - Started process (PID=22395) to work on /home/logi/txtai/venv/lib/python3.10/site-packages/airflow/example_dags/example_task_group_decorator.py
[2025-11-13T10:54:10.987+0530] {processor.py:830} INFO - Processing file /home/logi/txtai/venv/lib/python3.10/site-packages/airflow/example_dags/example_task_group_decorator.py for tasks to queue
[2025-11-13T10:54:10.989+0530] {logging_mixin.py:188} INFO - [2025-11-13T10:54:10.989+0530] {dagbag.py:545} INFO - Filling up the DagBag from /home/logi/txtai/venv/lib/python3.10/site-packages/airflow/example_dags/example_task_group_decorator.py
[2025-11-13T10:54:11.011+0530] {processor.py:840} INFO - DAG(s) 'example_task_group_decorator' retrieved from /home/logi/txtai/venv/lib/python3.10/site-packages/airflow/example_dags/example_task_group_decorator.py
[2025-11-13T10:54:11.076+0530] {logging_mixin.py:188} INFO - [2025-11-13T10:54:11.076+0530] {dag.py:3089} INFO - Sync 1 DAGs
[2025-11-13T10:54:11.115+0530] {logging_mixin.py:188} INFO - [2025-11-13T10:54:11.115+0530] {dag.py:3947} INFO - Setting next_dagrun for example_task_group_decorator to 2025-11-12 00:00:00+00:00, run_after=2025-11-13 00:00:00+00:00
[2025-11-13T10:54:11.150+0530] {processor.py:183} INFO - Processing /home/logi/txtai/venv/lib/python3.10/site-packages/airflow/example_dags/example_task_group_decorator.py took 0.177 seconds
[2025-11-13T10:54:42.212+0530] {processor.py:161} INFO - Started process (PID=22597) to work on /home/logi/txtai/venv/lib/python3.10/site-packages/airflow/example_dags/example_task_group_decorator.py
[2025-11-13T10:54:42.214+0530] {processor.py:830} INFO - Processing file /home/logi/txtai/venv/lib/python3.10/site-packages/airflow/example_dags/example_task_group_decorator.py for tasks to queue
[2025-11-13T10:54:42.216+0530] {logging_mixin.py:188} INFO - [2025-11-13T10:54:42.216+0530] {dagbag.py:545} INFO - Filling up the DagBag from /home/logi/txtai/venv/lib/python3.10/site-packages/airflow/example_dags/example_task_group_decorator.py
[2025-11-13T10:54:42.238+0530] {processor.py:840} INFO - DAG(s) 'example_task_group_decorator' retrieved from /home/logi/txtai/venv/lib/python3.10/site-packages/airflow/example_dags/example_task_group_decorator.py
[2025-11-13T10:54:42.302+0530] {logging_mixin.py:188} INFO - [2025-11-13T10:54:42.302+0530] {dag.py:3089} INFO - Sync 1 DAGs
[2025-11-13T10:54:42.344+0530] {logging_mixin.py:188} INFO - [2025-11-13T10:54:42.344+0530] {dag.py:3947} INFO - Setting next_dagrun for example_task_group_decorator to 2025-11-12 00:00:00+00:00, run_after=2025-11-13 00:00:00+00:00
[2025-11-13T10:54:42.379+0530] {processor.py:183} INFO - Processing /home/logi/txtai/venv/lib/python3.10/site-packages/airflow/example_dags/example_task_group_decorator.py took 0.178 seconds
[2025-11-13T10:55:13.771+0530] {processor.py:161} INFO - Started process (PID=22887) to work on /home/logi/txtai/venv/lib/python3.10/site-packages/airflow/example_dags/example_task_group_decorator.py
[2025-11-13T10:55:13.772+0530] {processor.py:830} INFO - Processing file /home/logi/txtai/venv/lib/python3.10/site-packages/airflow/example_dags/example_task_group_decorator.py for tasks to queue
[2025-11-13T10:55:13.775+0530] {logging_mixin.py:188} INFO - [2025-11-13T10:55:13.775+0530] {dagbag.py:545} INFO - Filling up the DagBag from /home/logi/txtai/venv/lib/python3.10/site-packages/airflow/example_dags/example_task_group_decorator.py
[2025-11-13T10:55:13.797+0530] {processor.py:840} INFO - DAG(s) 'example_task_group_decorator' retrieved from /home/logi/txtai/venv/lib/python3.10/site-packages/airflow/example_dags/example_task_group_decorator.py
[2025-11-13T10:55:13.864+0530] {logging_mixin.py:188} INFO - [2025-11-13T10:55:13.864+0530] {dag.py:3089} INFO - Sync 1 DAGs
[2025-11-13T10:55:13.903+0530] {logging_mixin.py:188} INFO - [2025-11-13T10:55:13.901+0530] {dag.py:3947} INFO - Setting next_dagrun for example_task_group_decorator to 2025-11-12 00:00:00+00:00, run_after=2025-11-13 00:00:00+00:00
[2025-11-13T10:55:13.937+0530] {processor.py:183} INFO - Processing /home/logi/txtai/venv/lib/python3.10/site-packages/airflow/example_dags/example_task_group_decorator.py took 0.178 seconds
[2025-11-13T10:55:45.394+0530] {processor.py:161} INFO - Started process (PID=23320) to work on /home/logi/txtai/venv/lib/python3.10/site-packages/airflow/example_dags/example_task_group_decorator.py
[2025-11-13T10:55:45.396+0530] {processor.py:830} INFO - Processing file /home/logi/txtai/venv/lib/python3.10/site-packages/airflow/example_dags/example_task_group_decorator.py for tasks to queue
[2025-11-13T10:55:45.399+0530] {logging_mixin.py:188} INFO - [2025-11-13T10:55:45.398+0530] {dagbag.py:545} INFO - Filling up the DagBag from /home/logi/txtai/venv/lib/python3.10/site-packages/airflow/example_dags/example_task_group_decorator.py
[2025-11-13T10:55:45.430+0530] {processor.py:840} INFO - DAG(s) 'example_task_group_decorator' retrieved from /home/logi/txtai/venv/lib/python3.10/site-packages/airflow/example_dags/example_task_group_decorator.py
[2025-11-13T10:55:45.493+0530] {logging_mixin.py:188} INFO - [2025-11-13T10:55:45.493+0530] {dag.py:3089} INFO - Sync 1 DAGs
[2025-11-13T10:55:45.516+0530] {logging_mixin.py:188} INFO - [2025-11-13T10:55:45.516+0530] {dag.py:3947} INFO - Setting next_dagrun for example_task_group_decorator to 2025-11-12 00:00:00+00:00, run_after=2025-11-13 00:00:00+00:00
[2025-11-13T10:55:45.540+0530] {processor.py:183} INFO - Processing /home/logi/txtai/venv/lib/python3.10/site-packages/airflow/example_dags/example_task_group_decorator.py took 0.163 seconds
[2025-11-13T10:56:16.489+0530] {processor.py:161} INFO - Started process (PID=23611) to work on /home/logi/txtai/venv/lib/python3.10/site-packages/airflow/example_dags/example_task_group_decorator.py
[2025-11-13T10:56:16.491+0530] {processor.py:830} INFO - Processing file /home/logi/txtai/venv/lib/python3.10/site-packages/airflow/example_dags/example_task_group_decorator.py for tasks to queue
[2025-11-13T10:56:16.493+0530] {logging_mixin.py:188} INFO - [2025-11-13T10:56:16.493+0530] {dagbag.py:545} INFO - Filling up the DagBag from /home/logi/txtai/venv/lib/python3.10/site-packages/airflow/example_dags/example_task_group_decorator.py
[2025-11-13T10:56:16.515+0530] {processor.py:840} INFO - DAG(s) 'example_task_group_decorator' retrieved from /home/logi/txtai/venv/lib/python3.10/site-packages/airflow/example_dags/example_task_group_decorator.py
[2025-11-13T10:56:16.582+0530] {logging_mixin.py:188} INFO - [2025-11-13T10:56:16.582+0530] {dag.py:3089} INFO - Sync 1 DAGs
[2025-11-13T10:56:16.624+0530] {logging_mixin.py:188} INFO - [2025-11-13T10:56:16.624+0530] {dag.py:3947} INFO - Setting next_dagrun for example_task_group_decorator to 2025-11-12 00:00:00+00:00, run_after=2025-11-13 00:00:00+00:00
[2025-11-13T10:56:16.658+0530] {processor.py:183} INFO - Processing /home/logi/txtai/venv/lib/python3.10/site-packages/airflow/example_dags/example_task_group_decorator.py took 0.181 seconds
[2025-11-13T10:56:48.089+0530] {processor.py:161} INFO - Started process (PID=23763) to work on /home/logi/txtai/venv/lib/python3.10/site-packages/airflow/example_dags/example_task_group_decorator.py
[2025-11-13T10:56:48.091+0530] {processor.py:830} INFO - Processing file /home/logi/txtai/venv/lib/python3.10/site-packages/airflow/example_dags/example_task_group_decorator.py for tasks to queue
[2025-11-13T10:56:48.094+0530] {logging_mixin.py:188} INFO - [2025-11-13T10:56:48.094+0530] {dagbag.py:545} INFO - Filling up the DagBag from /home/logi/txtai/venv/lib/python3.10/site-packages/airflow/example_dags/example_task_group_decorator.py
[2025-11-13T10:56:48.120+0530] {processor.py:840} INFO - DAG(s) 'example_task_group_decorator' retrieved from /home/logi/txtai/venv/lib/python3.10/site-packages/airflow/example_dags/example_task_group_decorator.py
[2025-11-13T10:56:48.184+0530] {logging_mixin.py:188} INFO - [2025-11-13T10:56:48.183+0530] {dag.py:3089} INFO - Sync 1 DAGs
[2025-11-13T10:56:48.234+0530] {logging_mixin.py:188} INFO - [2025-11-13T10:56:48.233+0530] {dag.py:3947} INFO - Setting next_dagrun for example_task_group_decorator to 2025-11-12 00:00:00+00:00, run_after=2025-11-13 00:00:00+00:00
[2025-11-13T10:56:48.297+0530] {processor.py:183} INFO - Processing /home/logi/txtai/venv/lib/python3.10/site-packages/airflow/example_dags/example_task_group_decorator.py took 0.219 seconds
[2025-11-13T10:57:18.814+0530] {processor.py:161} INFO - Started process (PID=23905) to work on /home/logi/txtai/venv/lib/python3.10/site-packages/airflow/example_dags/example_task_group_decorator.py
[2025-11-13T10:57:18.815+0530] {processor.py:830} INFO - Processing file /home/logi/txtai/venv/lib/python3.10/site-packages/airflow/example_dags/example_task_group_decorator.py for tasks to queue
[2025-11-13T10:57:18.817+0530] {logging_mixin.py:188} INFO - [2025-11-13T10:57:18.817+0530] {dagbag.py:545} INFO - Filling up the DagBag from /home/logi/txtai/venv/lib/python3.10/site-packages/airflow/example_dags/example_task_group_decorator.py
[2025-11-13T10:57:18.828+0530] {processor.py:840} INFO - DAG(s) 'example_task_group_decorator' retrieved from /home/logi/txtai/venv/lib/python3.10/site-packages/airflow/example_dags/example_task_group_decorator.py
[2025-11-13T10:57:18.874+0530] {logging_mixin.py:188} INFO - [2025-11-13T10:57:18.874+0530] {dag.py:3089} INFO - Sync 1 DAGs
[2025-11-13T10:57:18.902+0530] {logging_mixin.py:188} INFO - [2025-11-13T10:57:18.901+0530] {dag.py:3947} INFO - Setting next_dagrun for example_task_group_decorator to 2025-11-12 00:00:00+00:00, run_after=2025-11-13 00:00:00+00:00
[2025-11-13T10:57:18.934+0530] {processor.py:183} INFO - Processing /home/logi/txtai/venv/lib/python3.10/site-packages/airflow/example_dags/example_task_group_decorator.py took 0.126 seconds
[2025-11-13T10:57:49.942+0530] {processor.py:161} INFO - Started process (PID=24049) to work on /home/logi/txtai/venv/lib/python3.10/site-packages/airflow/example_dags/example_task_group_decorator.py
[2025-11-13T10:57:49.943+0530] {processor.py:830} INFO - Processing file /home/logi/txtai/venv/lib/python3.10/site-packages/airflow/example_dags/example_task_group_decorator.py for tasks to queue
[2025-11-13T10:57:49.945+0530] {logging_mixin.py:188} INFO - [2025-11-13T10:57:49.944+0530] {dagbag.py:545} INFO - Filling up the DagBag from /home/logi/txtai/venv/lib/python3.10/site-packages/airflow/example_dags/example_task_group_decorator.py
[2025-11-13T10:57:49.955+0530] {processor.py:840} INFO - DAG(s) 'example_task_group_decorator' retrieved from /home/logi/txtai/venv/lib/python3.10/site-packages/airflow/example_dags/example_task_group_decorator.py
[2025-11-13T10:57:49.991+0530] {logging_mixin.py:188} INFO - [2025-11-13T10:57:49.991+0530] {dag.py:3089} INFO - Sync 1 DAGs
[2025-11-13T10:57:50.010+0530] {logging_mixin.py:188} INFO - [2025-11-13T10:57:50.010+0530] {dag.py:3947} INFO - Setting next_dagrun for example_task_group_decorator to 2025-11-12 00:00:00+00:00, run_after=2025-11-13 00:00:00+00:00
[2025-11-13T10:57:50.029+0530] {processor.py:183} INFO - Processing /home/logi/txtai/venv/lib/python3.10/site-packages/airflow/example_dags/example_task_group_decorator.py took 0.093 seconds
[2025-11-13T10:58:21.048+0530] {processor.py:161} INFO - Started process (PID=24192) to work on /home/logi/txtai/venv/lib/python3.10/site-packages/airflow/example_dags/example_task_group_decorator.py
[2025-11-13T10:58:21.050+0530] {processor.py:830} INFO - Processing file /home/logi/txtai/venv/lib/python3.10/site-packages/airflow/example_dags/example_task_group_decorator.py for tasks to queue
[2025-11-13T10:58:21.052+0530] {logging_mixin.py:188} INFO - [2025-11-13T10:58:21.052+0530] {dagbag.py:545} INFO - Filling up the DagBag from /home/logi/txtai/venv/lib/python3.10/site-packages/airflow/example_dags/example_task_group_decorator.py
[2025-11-13T10:58:21.074+0530] {processor.py:840} INFO - DAG(s) 'example_task_group_decorator' retrieved from /home/logi/txtai/venv/lib/python3.10/site-packages/airflow/example_dags/example_task_group_decorator.py
[2025-11-13T10:58:21.139+0530] {logging_mixin.py:188} INFO - [2025-11-13T10:58:21.138+0530] {dag.py:3089} INFO - Sync 1 DAGs
[2025-11-13T10:58:21.177+0530] {logging_mixin.py:188} INFO - [2025-11-13T10:58:21.177+0530] {dag.py:3947} INFO - Setting next_dagrun for example_task_group_decorator to 2025-11-12 00:00:00+00:00, run_after=2025-11-13 00:00:00+00:00
[2025-11-13T10:58:21.230+0530] {processor.py:183} INFO - Processing /home/logi/txtai/venv/lib/python3.10/site-packages/airflow/example_dags/example_task_group_decorator.py took 0.193 seconds
[2025-11-13T10:58:52.788+0530] {processor.py:161} INFO - Started process (PID=24333) to work on /home/logi/txtai/venv/lib/python3.10/site-packages/airflow/example_dags/example_task_group_decorator.py
[2025-11-13T10:58:52.790+0530] {processor.py:830} INFO - Processing file /home/logi/txtai/venv/lib/python3.10/site-packages/airflow/example_dags/example_task_group_decorator.py for tasks to queue
[2025-11-13T10:58:52.792+0530] {logging_mixin.py:188} INFO - [2025-11-13T10:58:52.792+0530] {dagbag.py:545} INFO - Filling up the DagBag from /home/logi/txtai/venv/lib/python3.10/site-packages/airflow/example_dags/example_task_group_decorator.py
[2025-11-13T10:58:52.814+0530] {processor.py:840} INFO - DAG(s) 'example_task_group_decorator' retrieved from /home/logi/txtai/venv/lib/python3.10/site-packages/airflow/example_dags/example_task_group_decorator.py
[2025-11-13T10:58:52.881+0530] {logging_mixin.py:188} INFO - [2025-11-13T10:58:52.880+0530] {dag.py:3089} INFO - Sync 1 DAGs
[2025-11-13T10:58:52.919+0530] {logging_mixin.py:188} INFO - [2025-11-13T10:58:52.919+0530] {dag.py:3947} INFO - Setting next_dagrun for example_task_group_decorator to 2025-11-12 00:00:00+00:00, run_after=2025-11-13 00:00:00+00:00
[2025-11-13T10:58:52.966+0530] {processor.py:183} INFO - Processing /home/logi/txtai/venv/lib/python3.10/site-packages/airflow/example_dags/example_task_group_decorator.py took 0.190 seconds
[2025-11-13T10:59:23.894+0530] {processor.py:161} INFO - Started process (PID=24536) to work on /home/logi/txtai/venv/lib/python3.10/site-packages/airflow/example_dags/example_task_group_decorator.py
[2025-11-13T10:59:23.897+0530] {processor.py:830} INFO - Processing file /home/logi/txtai/venv/lib/python3.10/site-packages/airflow/example_dags/example_task_group_decorator.py for tasks to queue
[2025-11-13T10:59:23.903+0530] {logging_mixin.py:188} INFO - [2025-11-13T10:59:23.901+0530] {dagbag.py:545} INFO - Filling up the DagBag from /home/logi/txtai/venv/lib/python3.10/site-packages/airflow/example_dags/example_task_group_decorator.py
[2025-11-13T10:59:23.938+0530] {processor.py:840} INFO - DAG(s) 'example_task_group_decorator' retrieved from /home/logi/txtai/venv/lib/python3.10/site-packages/airflow/example_dags/example_task_group_decorator.py
[2025-11-13T10:59:24.008+0530] {logging_mixin.py:188} INFO - [2025-11-13T10:59:24.007+0530] {dag.py:3089} INFO - Sync 1 DAGs
[2025-11-13T10:59:24.059+0530] {logging_mixin.py:188} INFO - [2025-11-13T10:59:24.059+0530] {dag.py:3947} INFO - Setting next_dagrun for example_task_group_decorator to 2025-11-12 00:00:00+00:00, run_after=2025-11-13 00:00:00+00:00
[2025-11-13T10:59:24.117+0530] {processor.py:183} INFO - Processing /home/logi/txtai/venv/lib/python3.10/site-packages/airflow/example_dags/example_task_group_decorator.py took 0.242 seconds
[2025-11-13T10:59:55.421+0530] {processor.py:161} INFO - Started process (PID=24677) to work on /home/logi/txtai/venv/lib/python3.10/site-packages/airflow/example_dags/example_task_group_decorator.py
[2025-11-13T10:59:55.423+0530] {processor.py:830} INFO - Processing file /home/logi/txtai/venv/lib/python3.10/site-packages/airflow/example_dags/example_task_group_decorator.py for tasks to queue
[2025-11-13T10:59:55.425+0530] {logging_mixin.py:188} INFO - [2025-11-13T10:59:55.425+0530] {dagbag.py:545} INFO - Filling up the DagBag from /home/logi/txtai/venv/lib/python3.10/site-packages/airflow/example_dags/example_task_group_decorator.py
[2025-11-13T10:59:55.446+0530] {processor.py:840} INFO - DAG(s) 'example_task_group_decorator' retrieved from /home/logi/txtai/venv/lib/python3.10/site-packages/airflow/example_dags/example_task_group_decorator.py
[2025-11-13T10:59:55.511+0530] {logging_mixin.py:188} INFO - [2025-11-13T10:59:55.511+0530] {dag.py:3089} INFO - Sync 1 DAGs
[2025-11-13T10:59:55.549+0530] {logging_mixin.py:188} INFO - [2025-11-13T10:59:55.548+0530] {dag.py:3947} INFO - Setting next_dagrun for example_task_group_decorator to 2025-11-12 00:00:00+00:00, run_after=2025-11-13 00:00:00+00:00
[2025-11-13T10:59:55.594+0530] {processor.py:183} INFO - Processing /home/logi/txtai/venv/lib/python3.10/site-packages/airflow/example_dags/example_task_group_decorator.py took 0.184 seconds
[2025-11-13T11:00:25.971+0530] {processor.py:161} INFO - Started process (PID=25146) to work on /home/logi/txtai/venv/lib/python3.10/site-packages/airflow/example_dags/example_task_group_decorator.py
[2025-11-13T11:00:25.972+0530] {processor.py:830} INFO - Processing file /home/logi/txtai/venv/lib/python3.10/site-packages/airflow/example_dags/example_task_group_decorator.py for tasks to queue
[2025-11-13T11:00:25.974+0530] {logging_mixin.py:188} INFO - [2025-11-13T11:00:25.973+0530] {dagbag.py:545} INFO - Filling up the DagBag from /home/logi/txtai/venv/lib/python3.10/site-packages/airflow/example_dags/example_task_group_decorator.py
[2025-11-13T11:00:26.001+0530] {processor.py:840} INFO - DAG(s) 'example_task_group_decorator' retrieved from /home/logi/txtai/venv/lib/python3.10/site-packages/airflow/example_dags/example_task_group_decorator.py
[2025-11-13T11:00:26.032+0530] {logging_mixin.py:188} INFO - [2025-11-13T11:00:26.032+0530] {dag.py:3089} INFO - Sync 1 DAGs
[2025-11-13T11:00:26.051+0530] {logging_mixin.py:188} INFO - [2025-11-13T11:00:26.051+0530] {dag.py:3947} INFO - Setting next_dagrun for example_task_group_decorator to 2025-11-12 00:00:00+00:00, run_after=2025-11-13 00:00:00+00:00
[2025-11-13T11:00:26.069+0530] {processor.py:183} INFO - Processing /home/logi/txtai/venv/lib/python3.10/site-packages/airflow/example_dags/example_task_group_decorator.py took 0.113 seconds
[2025-11-13T11:00:56.555+0530] {processor.py:161} INFO - Started process (PID=25569) to work on /home/logi/txtai/venv/lib/python3.10/site-packages/airflow/example_dags/example_task_group_decorator.py
[2025-11-13T11:00:56.556+0530] {processor.py:830} INFO - Processing file /home/logi/txtai/venv/lib/python3.10/site-packages/airflow/example_dags/example_task_group_decorator.py for tasks to queue
[2025-11-13T11:00:56.558+0530] {logging_mixin.py:188} INFO - [2025-11-13T11:00:56.558+0530] {dagbag.py:545} INFO - Filling up the DagBag from /home/logi/txtai/venv/lib/python3.10/site-packages/airflow/example_dags/example_task_group_decorator.py
[2025-11-13T11:00:56.816+0530] {processor.py:840} INFO - DAG(s) 'example_task_group_decorator' retrieved from /home/logi/txtai/venv/lib/python3.10/site-packages/airflow/example_dags/example_task_group_decorator.py
[2025-11-13T11:00:56.866+0530] {logging_mixin.py:188} INFO - [2025-11-13T11:00:56.866+0530] {dag.py:3089} INFO - Sync 1 DAGs
[2025-11-13T11:00:56.907+0530] {logging_mixin.py:188} INFO - [2025-11-13T11:00:56.906+0530] {dag.py:3947} INFO - Setting next_dagrun for example_task_group_decorator to 2025-11-12 00:00:00+00:00, run_after=2025-11-13 00:00:00+00:00
[2025-11-13T11:00:56.947+0530] {processor.py:183} INFO - Processing /home/logi/txtai/venv/lib/python3.10/site-packages/airflow/example_dags/example_task_group_decorator.py took 0.399 seconds
[2025-11-13T11:01:27.451+0530] {processor.py:161} INFO - Started process (PID=25710) to work on /home/logi/txtai/venv/lib/python3.10/site-packages/airflow/example_dags/example_task_group_decorator.py
[2025-11-13T11:01:27.453+0530] {processor.py:830} INFO - Processing file /home/logi/txtai/venv/lib/python3.10/site-packages/airflow/example_dags/example_task_group_decorator.py for tasks to queue
[2025-11-13T11:01:27.455+0530] {logging_mixin.py:188} INFO - [2025-11-13T11:01:27.454+0530] {dagbag.py:545} INFO - Filling up the DagBag from /home/logi/txtai/venv/lib/python3.10/site-packages/airflow/example_dags/example_task_group_decorator.py
[2025-11-13T11:01:27.467+0530] {processor.py:840} INFO - DAG(s) 'example_task_group_decorator' retrieved from /home/logi/txtai/venv/lib/python3.10/site-packages/airflow/example_dags/example_task_group_decorator.py
[2025-11-13T11:01:27.526+0530] {logging_mixin.py:188} INFO - [2025-11-13T11:01:27.525+0530] {dag.py:3089} INFO - Sync 1 DAGs
[2025-11-13T11:01:27.562+0530] {logging_mixin.py:188} INFO - [2025-11-13T11:01:27.561+0530] {dag.py:3947} INFO - Setting next_dagrun for example_task_group_decorator to 2025-11-12 00:00:00+00:00, run_after=2025-11-13 00:00:00+00:00
[2025-11-13T11:01:27.606+0530] {processor.py:183} INFO - Processing /home/logi/txtai/venv/lib/python3.10/site-packages/airflow/example_dags/example_task_group_decorator.py took 0.166 seconds
[2025-11-13T11:01:57.734+0530] {processor.py:161} INFO - Started process (PID=25849) to work on /home/logi/txtai/venv/lib/python3.10/site-packages/airflow/example_dags/example_task_group_decorator.py
[2025-11-13T11:01:57.736+0530] {processor.py:830} INFO - Processing file /home/logi/txtai/venv/lib/python3.10/site-packages/airflow/example_dags/example_task_group_decorator.py for tasks to queue
[2025-11-13T11:01:57.741+0530] {logging_mixin.py:188} INFO - [2025-11-13T11:01:57.740+0530] {dagbag.py:545} INFO - Filling up the DagBag from /home/logi/txtai/venv/lib/python3.10/site-packages/airflow/example_dags/example_task_group_decorator.py
[2025-11-13T11:01:57.774+0530] {processor.py:840} INFO - DAG(s) 'example_task_group_decorator' retrieved from /home/logi/txtai/venv/lib/python3.10/site-packages/airflow/example_dags/example_task_group_decorator.py
[2025-11-13T11:01:57.870+0530] {logging_mixin.py:188} INFO - [2025-11-13T11:01:57.869+0530] {dag.py:3089} INFO - Sync 1 DAGs
[2025-11-13T11:01:57.892+0530] {logging_mixin.py:188} INFO - [2025-11-13T11:01:57.892+0530] {dag.py:3947} INFO - Setting next_dagrun for example_task_group_decorator to 2025-11-12 00:00:00+00:00, run_after=2025-11-13 00:00:00+00:00
[2025-11-13T11:01:57.918+0530] {processor.py:183} INFO - Processing /home/logi/txtai/venv/lib/python3.10/site-packages/airflow/example_dags/example_task_group_decorator.py took 0.199 seconds
[2025-11-13T11:02:28.250+0530] {processor.py:161} INFO - Started process (PID=26007) to work on /home/logi/txtai/venv/lib/python3.10/site-packages/airflow/example_dags/example_task_group_decorator.py
[2025-11-13T11:02:28.252+0530] {processor.py:830} INFO - Processing file /home/logi/txtai/venv/lib/python3.10/site-packages/airflow/example_dags/example_task_group_decorator.py for tasks to queue
[2025-11-13T11:02:28.257+0530] {logging_mixin.py:188} INFO - [2025-11-13T11:02:28.256+0530] {dagbag.py:545} INFO - Filling up the DagBag from /home/logi/txtai/venv/lib/python3.10/site-packages/airflow/example_dags/example_task_group_decorator.py
[2025-11-13T11:02:28.281+0530] {processor.py:840} INFO - DAG(s) 'example_task_group_decorator' retrieved from /home/logi/txtai/venv/lib/python3.10/site-packages/airflow/example_dags/example_task_group_decorator.py
[2025-11-13T11:02:28.346+0530] {logging_mixin.py:188} INFO - [2025-11-13T11:02:28.345+0530] {dag.py:3089} INFO - Sync 1 DAGs
[2025-11-13T11:02:28.390+0530] {logging_mixin.py:188} INFO - [2025-11-13T11:02:28.389+0530] {dag.py:3947} INFO - Setting next_dagrun for example_task_group_decorator to 2025-11-12 00:00:00+00:00, run_after=2025-11-13 00:00:00+00:00
[2025-11-13T11:02:28.447+0530] {processor.py:183} INFO - Processing /home/logi/txtai/venv/lib/python3.10/site-packages/airflow/example_dags/example_task_group_decorator.py took 0.209 seconds
[2025-11-13T11:02:58.867+0530] {processor.py:161} INFO - Started process (PID=26185) to work on /home/logi/txtai/venv/lib/python3.10/site-packages/airflow/example_dags/example_task_group_decorator.py
[2025-11-13T11:02:58.880+0530] {processor.py:830} INFO - Processing file /home/logi/txtai/venv/lib/python3.10/site-packages/airflow/example_dags/example_task_group_decorator.py for tasks to queue
[2025-11-13T11:02:58.882+0530] {logging_mixin.py:188} INFO - [2025-11-13T11:02:58.882+0530] {dagbag.py:545} INFO - Filling up the DagBag from /home/logi/txtai/venv/lib/python3.10/site-packages/airflow/example_dags/example_task_group_decorator.py
[2025-11-13T11:02:58.896+0530] {processor.py:840} INFO - DAG(s) 'example_task_group_decorator' retrieved from /home/logi/txtai/venv/lib/python3.10/site-packages/airflow/example_dags/example_task_group_decorator.py
[2025-11-13T11:02:58.947+0530] {logging_mixin.py:188} INFO - [2025-11-13T11:02:58.947+0530] {dag.py:3089} INFO - Sync 1 DAGs
[2025-11-13T11:02:58.969+0530] {logging_mixin.py:188} INFO - [2025-11-13T11:02:58.969+0530] {dag.py:3947} INFO - Setting next_dagrun for example_task_group_decorator to 2025-11-12 00:00:00+00:00, run_after=2025-11-13 00:00:00+00:00
[2025-11-13T11:02:58.991+0530] {processor.py:183} INFO - Processing /home/logi/txtai/venv/lib/python3.10/site-packages/airflow/example_dags/example_task_group_decorator.py took 0.151 seconds
[2025-11-13T11:03:29.174+0530] {processor.py:161} INFO - Started process (PID=26328) to work on /home/logi/txtai/venv/lib/python3.10/site-packages/airflow/example_dags/example_task_group_decorator.py
[2025-11-13T11:03:29.175+0530] {processor.py:830} INFO - Processing file /home/logi/txtai/venv/lib/python3.10/site-packages/airflow/example_dags/example_task_group_decorator.py for tasks to queue
[2025-11-13T11:03:29.177+0530] {logging_mixin.py:188} INFO - [2025-11-13T11:03:29.177+0530] {dagbag.py:545} INFO - Filling up the DagBag from /home/logi/txtai/venv/lib/python3.10/site-packages/airflow/example_dags/example_task_group_decorator.py
[2025-11-13T11:03:29.189+0530] {processor.py:840} INFO - DAG(s) 'example_task_group_decorator' retrieved from /home/logi/txtai/venv/lib/python3.10/site-packages/airflow/example_dags/example_task_group_decorator.py
[2025-11-13T11:03:29.255+0530] {logging_mixin.py:188} INFO - [2025-11-13T11:03:29.255+0530] {dag.py:3089} INFO - Sync 1 DAGs
[2025-11-13T11:03:29.295+0530] {logging_mixin.py:188} INFO - [2025-11-13T11:03:29.294+0530] {dag.py:3947} INFO - Setting next_dagrun for example_task_group_decorator to 2025-11-12 00:00:00+00:00, run_after=2025-11-13 00:00:00+00:00
[2025-11-13T11:03:29.348+0530] {processor.py:183} INFO - Processing /home/logi/txtai/venv/lib/python3.10/site-packages/airflow/example_dags/example_task_group_decorator.py took 0.187 seconds
[2025-11-13T11:03:59.594+0530] {processor.py:161} INFO - Started process (PID=26471) to work on /home/logi/txtai/venv/lib/python3.10/site-packages/airflow/example_dags/example_task_group_decorator.py
[2025-11-13T11:03:59.596+0530] {processor.py:830} INFO - Processing file /home/logi/txtai/venv/lib/python3.10/site-packages/airflow/example_dags/example_task_group_decorator.py for tasks to queue
[2025-11-13T11:03:59.599+0530] {logging_mixin.py:188} INFO - [2025-11-13T11:03:59.599+0530] {dagbag.py:545} INFO - Filling up the DagBag from /home/logi/txtai/venv/lib/python3.10/site-packages/airflow/example_dags/example_task_group_decorator.py
[2025-11-13T11:03:59.623+0530] {processor.py:840} INFO - DAG(s) 'example_task_group_decorator' retrieved from /home/logi/txtai/venv/lib/python3.10/site-packages/airflow/example_dags/example_task_group_decorator.py
[2025-11-13T11:03:59.684+0530] {logging_mixin.py:188} INFO - [2025-11-13T11:03:59.684+0530] {dag.py:3089} INFO - Sync 1 DAGs
[2025-11-13T11:03:59.715+0530] {logging_mixin.py:188} INFO - [2025-11-13T11:03:59.715+0530] {dag.py:3947} INFO - Setting next_dagrun for example_task_group_decorator to 2025-11-12 00:00:00+00:00, run_after=2025-11-13 00:00:00+00:00
[2025-11-13T11:03:59.762+0530] {processor.py:183} INFO - Processing /home/logi/txtai/venv/lib/python3.10/site-packages/airflow/example_dags/example_task_group_decorator.py took 0.182 seconds
[2025-11-13T11:04:30.603+0530] {processor.py:161} INFO - Started process (PID=26613) to work on /home/logi/txtai/venv/lib/python3.10/site-packages/airflow/example_dags/example_task_group_decorator.py
[2025-11-13T11:04:30.605+0530] {processor.py:830} INFO - Processing file /home/logi/txtai/venv/lib/python3.10/site-packages/airflow/example_dags/example_task_group_decorator.py for tasks to queue
[2025-11-13T11:04:30.609+0530] {logging_mixin.py:188} INFO - [2025-11-13T11:04:30.608+0530] {dagbag.py:545} INFO - Filling up the DagBag from /home/logi/txtai/venv/lib/python3.10/site-packages/airflow/example_dags/example_task_group_decorator.py
[2025-11-13T11:04:30.624+0530] {processor.py:840} INFO - DAG(s) 'example_task_group_decorator' retrieved from /home/logi/txtai/venv/lib/python3.10/site-packages/airflow/example_dags/example_task_group_decorator.py
[2025-11-13T11:04:30.686+0530] {logging_mixin.py:188} INFO - [2025-11-13T11:04:30.686+0530] {dag.py:3089} INFO - Sync 1 DAGs
[2025-11-13T11:04:30.724+0530] {logging_mixin.py:188} INFO - [2025-11-13T11:04:30.723+0530] {dag.py:3947} INFO - Setting next_dagrun for example_task_group_decorator to 2025-11-12 00:00:00+00:00, run_after=2025-11-13 00:00:00+00:00
[2025-11-13T11:04:30.773+0530] {processor.py:183} INFO - Processing /home/logi/txtai/venv/lib/python3.10/site-packages/airflow/example_dags/example_task_group_decorator.py took 0.181 seconds
[2025-11-13T11:05:00.914+0530] {processor.py:161} INFO - Started process (PID=26755) to work on /home/logi/txtai/venv/lib/python3.10/site-packages/airflow/example_dags/example_task_group_decorator.py
[2025-11-13T11:05:00.916+0530] {processor.py:830} INFO - Processing file /home/logi/txtai/venv/lib/python3.10/site-packages/airflow/example_dags/example_task_group_decorator.py for tasks to queue
[2025-11-13T11:05:00.920+0530] {logging_mixin.py:188} INFO - [2025-11-13T11:05:00.920+0530] {dagbag.py:545} INFO - Filling up the DagBag from /home/logi/txtai/venv/lib/python3.10/site-packages/airflow/example_dags/example_task_group_decorator.py
[2025-11-13T11:05:00.942+0530] {processor.py:840} INFO - DAG(s) 'example_task_group_decorator' retrieved from /home/logi/txtai/venv/lib/python3.10/site-packages/airflow/example_dags/example_task_group_decorator.py
[2025-11-13T11:05:01.010+0530] {logging_mixin.py:188} INFO - [2025-11-13T11:05:01.009+0530] {dag.py:3089} INFO - Sync 1 DAGs
[2025-11-13T11:05:01.050+0530] {logging_mixin.py:188} INFO - [2025-11-13T11:05:01.050+0530] {dag.py:3947} INFO - Setting next_dagrun for example_task_group_decorator to 2025-11-12 00:00:00+00:00, run_after=2025-11-13 00:00:00+00:00
[2025-11-13T11:05:01.101+0530] {processor.py:183} INFO - Processing /home/logi/txtai/venv/lib/python3.10/site-packages/airflow/example_dags/example_task_group_decorator.py took 0.199 seconds
[2025-11-13T17:53:57.920+0530] {processor.py:161} INFO - Started process (PID=31003) to work on /home/logi/txtai/venv/lib/python3.10/site-packages/airflow/example_dags/example_task_group_decorator.py
[2025-11-13T17:53:57.921+0530] {processor.py:830} INFO - Processing file /home/logi/txtai/venv/lib/python3.10/site-packages/airflow/example_dags/example_task_group_decorator.py for tasks to queue
[2025-11-13T17:53:57.922+0530] {logging_mixin.py:188} INFO - [2025-11-13T17:53:57.921+0530] {dagbag.py:545} INFO - Filling up the DagBag from /home/logi/txtai/venv/lib/python3.10/site-packages/airflow/example_dags/example_task_group_decorator.py
[2025-11-13T17:53:57.947+0530] {processor.py:840} INFO - DAG(s) 'example_task_group_decorator' retrieved from /home/logi/txtai/venv/lib/python3.10/site-packages/airflow/example_dags/example_task_group_decorator.py
[2025-11-13T17:53:58.029+0530] {logging_mixin.py:188} INFO - [2025-11-13T17:53:58.028+0530] {dag.py:3089} INFO - Sync 1 DAGs
[2025-11-13T17:53:58.073+0530] {logging_mixin.py:188} INFO - [2025-11-13T17:53:58.073+0530] {dag.py:3947} INFO - Setting next_dagrun for example_task_group_decorator to 2025-11-12 00:00:00+00:00, run_after=2025-11-13 00:00:00+00:00
[2025-11-13T17:53:58.105+0530] {processor.py:183} INFO - Processing /home/logi/txtai/venv/lib/python3.10/site-packages/airflow/example_dags/example_task_group_decorator.py took 0.198 seconds
[2025-11-13T17:54:28.635+0530] {processor.py:161} INFO - Started process (PID=31423) to work on /home/logi/txtai/venv/lib/python3.10/site-packages/airflow/example_dags/example_task_group_decorator.py
[2025-11-13T17:54:28.636+0530] {processor.py:830} INFO - Processing file /home/logi/txtai/venv/lib/python3.10/site-packages/airflow/example_dags/example_task_group_decorator.py for tasks to queue
[2025-11-13T17:54:28.638+0530] {logging_mixin.py:188} INFO - [2025-11-13T17:54:28.637+0530] {dagbag.py:545} INFO - Filling up the DagBag from /home/logi/txtai/venv/lib/python3.10/site-packages/airflow/example_dags/example_task_group_decorator.py
[2025-11-13T17:54:28.661+0530] {processor.py:840} INFO - DAG(s) 'example_task_group_decorator' retrieved from /home/logi/txtai/venv/lib/python3.10/site-packages/airflow/example_dags/example_task_group_decorator.py
[2025-11-13T17:54:28.726+0530] {logging_mixin.py:188} INFO - [2025-11-13T17:54:28.725+0530] {dag.py:3089} INFO - Sync 1 DAGs
[2025-11-13T17:54:28.765+0530] {logging_mixin.py:188} INFO - [2025-11-13T17:54:28.765+0530] {dag.py:3947} INFO - Setting next_dagrun for example_task_group_decorator to 2025-11-12 00:00:00+00:00, run_after=2025-11-13 00:00:00+00:00
[2025-11-13T17:54:28.802+0530] {processor.py:183} INFO - Processing /home/logi/txtai/venv/lib/python3.10/site-packages/airflow/example_dags/example_task_group_decorator.py took 0.179 seconds
[2025-11-13T17:56:09.714+0530] {processor.py:161} INFO - Started process (PID=32324) to work on /home/logi/txtai/venv/lib/python3.10/site-packages/airflow/example_dags/example_task_group_decorator.py
[2025-11-13T17:56:09.716+0530] {processor.py:830} INFO - Processing file /home/logi/txtai/venv/lib/python3.10/site-packages/airflow/example_dags/example_task_group_decorator.py for tasks to queue
[2025-11-13T17:56:09.719+0530] {logging_mixin.py:188} INFO - [2025-11-13T17:56:09.719+0530] {dagbag.py:545} INFO - Filling up the DagBag from /home/logi/txtai/venv/lib/python3.10/site-packages/airflow/example_dags/example_task_group_decorator.py
[2025-11-13T17:56:09.744+0530] {processor.py:840} INFO - DAG(s) 'example_task_group_decorator' retrieved from /home/logi/txtai/venv/lib/python3.10/site-packages/airflow/example_dags/example_task_group_decorator.py
[2025-11-13T17:56:09.790+0530] {logging_mixin.py:188} INFO - [2025-11-13T17:56:09.789+0530] {dag.py:3089} INFO - Sync 1 DAGs
[2025-11-13T17:56:09.816+0530] {logging_mixin.py:188} INFO - [2025-11-13T17:56:09.816+0530] {dag.py:3947} INFO - Setting next_dagrun for example_task_group_decorator to 2025-11-12 00:00:00+00:00, run_after=2025-11-13 00:00:00+00:00
[2025-11-13T17:56:09.848+0530] {processor.py:183} INFO - Processing /home/logi/txtai/venv/lib/python3.10/site-packages/airflow/example_dags/example_task_group_decorator.py took 0.145 seconds
[2025-11-13T17:56:41.240+0530] {processor.py:161} INFO - Started process (PID=32991) to work on /home/logi/txtai/venv/lib/python3.10/site-packages/airflow/example_dags/example_task_group_decorator.py
[2025-11-13T17:56:41.242+0530] {processor.py:830} INFO - Processing file /home/logi/txtai/venv/lib/python3.10/site-packages/airflow/example_dags/example_task_group_decorator.py for tasks to queue
[2025-11-13T17:56:41.246+0530] {logging_mixin.py:188} INFO - [2025-11-13T17:56:41.246+0530] {dagbag.py:545} INFO - Filling up the DagBag from /home/logi/txtai/venv/lib/python3.10/site-packages/airflow/example_dags/example_task_group_decorator.py
[2025-11-13T17:56:41.264+0530] {processor.py:840} INFO - DAG(s) 'example_task_group_decorator' retrieved from /home/logi/txtai/venv/lib/python3.10/site-packages/airflow/example_dags/example_task_group_decorator.py
[2025-11-13T17:56:41.316+0530] {logging_mixin.py:188} INFO - [2025-11-13T17:56:41.316+0530] {dag.py:3089} INFO - Sync 1 DAGs
[2025-11-13T17:56:41.342+0530] {logging_mixin.py:188} INFO - [2025-11-13T17:56:41.341+0530] {dag.py:3947} INFO - Setting next_dagrun for example_task_group_decorator to 2025-11-12 00:00:00+00:00, run_after=2025-11-13 00:00:00+00:00
[2025-11-13T17:56:41.365+0530] {processor.py:183} INFO - Processing /home/logi/txtai/venv/lib/python3.10/site-packages/airflow/example_dags/example_task_group_decorator.py took 0.134 seconds
[2025-11-13T17:57:11.828+0530] {processor.py:161} INFO - Started process (PID=33740) to work on /home/logi/txtai/venv/lib/python3.10/site-packages/airflow/example_dags/example_task_group_decorator.py
[2025-11-13T17:57:11.829+0530] {processor.py:830} INFO - Processing file /home/logi/txtai/venv/lib/python3.10/site-packages/airflow/example_dags/example_task_group_decorator.py for tasks to queue
[2025-11-13T17:57:11.834+0530] {logging_mixin.py:188} INFO - [2025-11-13T17:57:11.833+0530] {dagbag.py:545} INFO - Filling up the DagBag from /home/logi/txtai/venv/lib/python3.10/site-packages/airflow/example_dags/example_task_group_decorator.py
[2025-11-13T17:57:11.856+0530] {processor.py:840} INFO - DAG(s) 'example_task_group_decorator' retrieved from /home/logi/txtai/venv/lib/python3.10/site-packages/airflow/example_dags/example_task_group_decorator.py
[2025-11-13T17:57:11.904+0530] {logging_mixin.py:188} INFO - [2025-11-13T17:57:11.904+0530] {dag.py:3089} INFO - Sync 1 DAGs
[2025-11-13T17:57:11.935+0530] {logging_mixin.py:188} INFO - [2025-11-13T17:57:11.935+0530] {dag.py:3947} INFO - Setting next_dagrun for example_task_group_decorator to 2025-11-12 00:00:00+00:00, run_after=2025-11-13 00:00:00+00:00
[2025-11-13T17:57:11.968+0530] {processor.py:183} INFO - Processing /home/logi/txtai/venv/lib/python3.10/site-packages/airflow/example_dags/example_task_group_decorator.py took 0.152 seconds
[2025-11-13T17:57:42.685+0530] {processor.py:161} INFO - Started process (PID=34132) to work on /home/logi/txtai/venv/lib/python3.10/site-packages/airflow/example_dags/example_task_group_decorator.py
[2025-11-13T17:57:42.686+0530] {processor.py:830} INFO - Processing file /home/logi/txtai/venv/lib/python3.10/site-packages/airflow/example_dags/example_task_group_decorator.py for tasks to queue
[2025-11-13T17:57:42.692+0530] {logging_mixin.py:188} INFO - [2025-11-13T17:57:42.688+0530] {dagbag.py:545} INFO - Filling up the DagBag from /home/logi/txtai/venv/lib/python3.10/site-packages/airflow/example_dags/example_task_group_decorator.py
[2025-11-13T17:57:42.705+0530] {processor.py:840} INFO - DAG(s) 'example_task_group_decorator' retrieved from /home/logi/txtai/venv/lib/python3.10/site-packages/airflow/example_dags/example_task_group_decorator.py
[2025-11-13T17:57:42.740+0530] {logging_mixin.py:188} INFO - [2025-11-13T17:57:42.740+0530] {dag.py:3089} INFO - Sync 1 DAGs
[2025-11-13T17:57:42.762+0530] {logging_mixin.py:188} INFO - [2025-11-13T17:57:42.761+0530] {dag.py:3947} INFO - Setting next_dagrun for example_task_group_decorator to 2025-11-12 00:00:00+00:00, run_after=2025-11-13 00:00:00+00:00
[2025-11-13T17:57:42.782+0530] {processor.py:183} INFO - Processing /home/logi/txtai/venv/lib/python3.10/site-packages/airflow/example_dags/example_task_group_decorator.py took 0.113 seconds
[2025-11-13T17:58:14.257+0530] {processor.py:161} INFO - Started process (PID=34768) to work on /home/logi/txtai/venv/lib/python3.10/site-packages/airflow/example_dags/example_task_group_decorator.py
[2025-11-13T17:58:14.260+0530] {processor.py:830} INFO - Processing file /home/logi/txtai/venv/lib/python3.10/site-packages/airflow/example_dags/example_task_group_decorator.py for tasks to queue
[2025-11-13T17:58:14.262+0530] {logging_mixin.py:188} INFO - [2025-11-13T17:58:14.262+0530] {dagbag.py:545} INFO - Filling up the DagBag from /home/logi/txtai/venv/lib/python3.10/site-packages/airflow/example_dags/example_task_group_decorator.py
[2025-11-13T17:58:14.287+0530] {processor.py:840} INFO - DAG(s) 'example_task_group_decorator' retrieved from /home/logi/txtai/venv/lib/python3.10/site-packages/airflow/example_dags/example_task_group_decorator.py
[2025-11-13T17:58:14.320+0530] {logging_mixin.py:188} INFO - [2025-11-13T17:58:14.320+0530] {dag.py:3089} INFO - Sync 1 DAGs
[2025-11-13T17:58:14.343+0530] {logging_mixin.py:188} INFO - [2025-11-13T17:58:14.343+0530] {dag.py:3947} INFO - Setting next_dagrun for example_task_group_decorator to 2025-11-12 00:00:00+00:00, run_after=2025-11-13 00:00:00+00:00
[2025-11-13T17:58:14.365+0530] {processor.py:183} INFO - Processing /home/logi/txtai/venv/lib/python3.10/site-packages/airflow/example_dags/example_task_group_decorator.py took 0.127 seconds
[2025-11-13T23:22:11.862+0530] {processor.py:161} INFO - Started process (PID=5789) to work on /home/logi/txtai/venv/lib/python3.10/site-packages/airflow/example_dags/example_task_group_decorator.py
[2025-11-13T23:22:11.864+0530] {processor.py:830} INFO - Processing file /home/logi/txtai/venv/lib/python3.10/site-packages/airflow/example_dags/example_task_group_decorator.py for tasks to queue
[2025-11-13T23:22:11.868+0530] {logging_mixin.py:188} INFO - [2025-11-13T23:22:11.867+0530] {dagbag.py:545} INFO - Filling up the DagBag from /home/logi/txtai/venv/lib/python3.10/site-packages/airflow/example_dags/example_task_group_decorator.py
[2025-11-13T23:22:11.892+0530] {processor.py:840} INFO - DAG(s) 'example_task_group_decorator' retrieved from /home/logi/txtai/venv/lib/python3.10/site-packages/airflow/example_dags/example_task_group_decorator.py
[2025-11-13T23:22:11.955+0530] {logging_mixin.py:188} INFO - [2025-11-13T23:22:11.954+0530] {dag.py:3089} INFO - Sync 1 DAGs
[2025-11-13T23:22:11.991+0530] {logging_mixin.py:188} INFO - [2025-11-13T23:22:11.990+0530] {dag.py:3947} INFO - Setting next_dagrun for example_task_group_decorator to 2025-11-12 00:00:00+00:00, run_after=2025-11-13 00:00:00+00:00
[2025-11-13T23:22:12.029+0530] {processor.py:183} INFO - Processing /home/logi/txtai/venv/lib/python3.10/site-packages/airflow/example_dags/example_task_group_decorator.py took 0.178 seconds
[2025-11-13T23:22:43.035+0530] {processor.py:161} INFO - Started process (PID=6527) to work on /home/logi/txtai/venv/lib/python3.10/site-packages/airflow/example_dags/example_task_group_decorator.py
[2025-11-13T23:22:43.036+0530] {processor.py:830} INFO - Processing file /home/logi/txtai/venv/lib/python3.10/site-packages/airflow/example_dags/example_task_group_decorator.py for tasks to queue
[2025-11-13T23:22:43.042+0530] {logging_mixin.py:188} INFO - [2025-11-13T23:22:43.041+0530] {dagbag.py:545} INFO - Filling up the DagBag from /home/logi/txtai/venv/lib/python3.10/site-packages/airflow/example_dags/example_task_group_decorator.py
[2025-11-13T23:22:43.070+0530] {processor.py:840} INFO - DAG(s) 'example_task_group_decorator' retrieved from /home/logi/txtai/venv/lib/python3.10/site-packages/airflow/example_dags/example_task_group_decorator.py
[2025-11-13T23:22:43.135+0530] {logging_mixin.py:188} INFO - [2025-11-13T23:22:43.134+0530] {dag.py:3089} INFO - Sync 1 DAGs
[2025-11-13T23:22:43.167+0530] {logging_mixin.py:188} INFO - [2025-11-13T23:22:43.166+0530] {dag.py:3947} INFO - Setting next_dagrun for example_task_group_decorator to 2025-11-12 00:00:00+00:00, run_after=2025-11-13 00:00:00+00:00
[2025-11-13T23:22:43.204+0530] {processor.py:183} INFO - Processing /home/logi/txtai/venv/lib/python3.10/site-packages/airflow/example_dags/example_task_group_decorator.py took 0.184 seconds
[2025-11-13T23:23:14.276+0530] {processor.py:161} INFO - Started process (PID=7228) to work on /home/logi/txtai/venv/lib/python3.10/site-packages/airflow/example_dags/example_task_group_decorator.py
[2025-11-13T23:23:14.278+0530] {processor.py:830} INFO - Processing file /home/logi/txtai/venv/lib/python3.10/site-packages/airflow/example_dags/example_task_group_decorator.py for tasks to queue
[2025-11-13T23:23:14.283+0530] {logging_mixin.py:188} INFO - [2025-11-13T23:23:14.282+0530] {dagbag.py:545} INFO - Filling up the DagBag from /home/logi/txtai/venv/lib/python3.10/site-packages/airflow/example_dags/example_task_group_decorator.py
[2025-11-13T23:23:14.312+0530] {processor.py:840} INFO - DAG(s) 'example_task_group_decorator' retrieved from /home/logi/txtai/venv/lib/python3.10/site-packages/airflow/example_dags/example_task_group_decorator.py
[2025-11-13T23:23:14.372+0530] {logging_mixin.py:188} INFO - [2025-11-13T23:23:14.372+0530] {dag.py:3089} INFO - Sync 1 DAGs
[2025-11-13T23:23:14.416+0530] {logging_mixin.py:188} INFO - [2025-11-13T23:23:14.415+0530] {dag.py:3947} INFO - Setting next_dagrun for example_task_group_decorator to 2025-11-12 00:00:00+00:00, run_after=2025-11-13 00:00:00+00:00
[2025-11-13T23:23:14.452+0530] {processor.py:183} INFO - Processing /home/logi/txtai/venv/lib/python3.10/site-packages/airflow/example_dags/example_task_group_decorator.py took 0.191 seconds
