[2025-11-13T05:51:11.579+0530] {processor.py:161} INFO - Started process (PID=6841) to work on /home/logi/txtai/venv/lib/python3.10/site-packages/airflow/example_dags/example_params_ui_tutorial.py
[2025-11-13T05:51:11.581+0530] {processor.py:830} INFO - Processing file /home/logi/txtai/venv/lib/python3.10/site-packages/airflow/example_dags/example_params_ui_tutorial.py for tasks to queue
[2025-11-13T05:51:11.584+0530] {logging_mixin.py:188} INFO - [2025-11-13T05:51:11.584+0530] {dagbag.py:545} INFO - Filling up the DagBag from /home/logi/txtai/venv/lib/python3.10/site-packages/airflow/example_dags/example_params_ui_tutorial.py
[2025-11-13T05:51:11.594+0530] {processor.py:840} INFO - DAG(s) 'example_params_ui_tutorial' retrieved from /home/logi/txtai/venv/lib/python3.10/site-packages/airflow/example_dags/example_params_ui_tutorial.py
[2025-11-13T05:51:11.687+0530] {logging_mixin.py:188} INFO - [2025-11-13T05:51:11.687+0530] {dag.py:3089} INFO - Sync 1 DAGs
[2025-11-13T05:51:11.697+0530] {logging_mixin.py:188} INFO - [2025-11-13T05:51:11.697+0530] {dag.py:3947} INFO - Setting next_dagrun for example_params_ui_tutorial to None, run_after=None
[2025-11-13T05:51:11.730+0530] {processor.py:183} INFO - Processing /home/logi/txtai/venv/lib/python3.10/site-packages/airflow/example_dags/example_params_ui_tutorial.py took 0.162 seconds
[2025-11-13T05:53:03.164+0530] {processor.py:161} INFO - Started process (PID=8118) to work on /home/logi/txtai/venv/lib/python3.10/site-packages/airflow/example_dags/example_params_ui_tutorial.py
[2025-11-13T05:53:03.178+0530] {processor.py:830} INFO - Processing file /home/logi/txtai/venv/lib/python3.10/site-packages/airflow/example_dags/example_params_ui_tutorial.py for tasks to queue
[2025-11-13T05:53:03.182+0530] {logging_mixin.py:188} INFO - [2025-11-13T05:53:03.181+0530] {dagbag.py:545} INFO - Filling up the DagBag from /home/logi/txtai/venv/lib/python3.10/site-packages/airflow/example_dags/example_params_ui_tutorial.py
[2025-11-13T05:53:03.196+0530] {processor.py:840} INFO - DAG(s) 'example_params_ui_tutorial' retrieved from /home/logi/txtai/venv/lib/python3.10/site-packages/airflow/example_dags/example_params_ui_tutorial.py
[2025-11-13T05:53:03.252+0530] {logging_mixin.py:188} INFO - [2025-11-13T05:53:03.251+0530] {dag.py:3089} INFO - Sync 1 DAGs
[2025-11-13T05:53:03.263+0530] {logging_mixin.py:188} INFO - [2025-11-13T05:53:03.263+0530] {dag.py:3947} INFO - Setting next_dagrun for example_params_ui_tutorial to None, run_after=None
[2025-11-13T05:53:03.285+0530] {processor.py:183} INFO - Processing /home/logi/txtai/venv/lib/python3.10/site-packages/airflow/example_dags/example_params_ui_tutorial.py took 0.133 seconds
[2025-11-13T05:56:54.639+0530] {processor.py:161} INFO - Started process (PID=10477) to work on /home/logi/txtai/venv/lib/python3.10/site-packages/airflow/example_dags/example_params_ui_tutorial.py
[2025-11-13T05:56:54.652+0530] {processor.py:830} INFO - Processing file /home/logi/txtai/venv/lib/python3.10/site-packages/airflow/example_dags/example_params_ui_tutorial.py for tasks to queue
[2025-11-13T05:56:54.657+0530] {logging_mixin.py:188} INFO - [2025-11-13T05:56:54.656+0530] {dagbag.py:545} INFO - Filling up the DagBag from /home/logi/txtai/venv/lib/python3.10/site-packages/airflow/example_dags/example_params_ui_tutorial.py
[2025-11-13T05:56:54.675+0530] {processor.py:840} INFO - DAG(s) 'example_params_ui_tutorial' retrieved from /home/logi/txtai/venv/lib/python3.10/site-packages/airflow/example_dags/example_params_ui_tutorial.py
[2025-11-13T05:56:54.735+0530] {logging_mixin.py:188} INFO - [2025-11-13T05:56:54.735+0530] {dag.py:3089} INFO - Sync 1 DAGs
[2025-11-13T05:56:54.751+0530] {logging_mixin.py:188} INFO - [2025-11-13T05:56:54.751+0530] {dag.py:3947} INFO - Setting next_dagrun for example_params_ui_tutorial to None, run_after=None
[2025-11-13T05:56:54.784+0530] {processor.py:183} INFO - Processing /home/logi/txtai/venv/lib/python3.10/site-packages/airflow/example_dags/example_params_ui_tutorial.py took 0.162 seconds
[2025-11-13T05:58:54.631+0530] {processor.py:161} INFO - Started process (PID=11575) to work on /home/logi/txtai/venv/lib/python3.10/site-packages/airflow/example_dags/example_params_ui_tutorial.py
[2025-11-13T05:58:54.634+0530] {processor.py:830} INFO - Processing file /home/logi/txtai/venv/lib/python3.10/site-packages/airflow/example_dags/example_params_ui_tutorial.py for tasks to queue
[2025-11-13T05:58:54.641+0530] {logging_mixin.py:188} INFO - [2025-11-13T05:58:54.640+0530] {dagbag.py:545} INFO - Filling up the DagBag from /home/logi/txtai/venv/lib/python3.10/site-packages/airflow/example_dags/example_params_ui_tutorial.py
[2025-11-13T05:58:54.659+0530] {processor.py:840} INFO - DAG(s) 'example_params_ui_tutorial' retrieved from /home/logi/txtai/venv/lib/python3.10/site-packages/airflow/example_dags/example_params_ui_tutorial.py
[2025-11-13T05:58:54.732+0530] {logging_mixin.py:188} INFO - [2025-11-13T05:58:54.732+0530] {dag.py:3089} INFO - Sync 1 DAGs
[2025-11-13T05:58:54.748+0530] {logging_mixin.py:188} INFO - [2025-11-13T05:58:54.748+0530] {dag.py:3947} INFO - Setting next_dagrun for example_params_ui_tutorial to None, run_after=None
[2025-11-13T05:58:54.782+0530] {processor.py:183} INFO - Processing /home/logi/txtai/venv/lib/python3.10/site-packages/airflow/example_dags/example_params_ui_tutorial.py took 0.174 seconds
[2025-11-13T06:00:55.742+0530] {processor.py:161} INFO - Started process (PID=12983) to work on /home/logi/txtai/venv/lib/python3.10/site-packages/airflow/example_dags/example_params_ui_tutorial.py
[2025-11-13T06:00:55.756+0530] {processor.py:830} INFO - Processing file /home/logi/txtai/venv/lib/python3.10/site-packages/airflow/example_dags/example_params_ui_tutorial.py for tasks to queue
[2025-11-13T06:00:55.759+0530] {logging_mixin.py:188} INFO - [2025-11-13T06:00:55.758+0530] {dagbag.py:545} INFO - Filling up the DagBag from /home/logi/txtai/venv/lib/python3.10/site-packages/airflow/example_dags/example_params_ui_tutorial.py
[2025-11-13T06:00:55.773+0530] {processor.py:840} INFO - DAG(s) 'example_params_ui_tutorial' retrieved from /home/logi/txtai/venv/lib/python3.10/site-packages/airflow/example_dags/example_params_ui_tutorial.py
[2025-11-13T06:00:55.825+0530] {logging_mixin.py:188} INFO - [2025-11-13T06:00:55.825+0530] {dag.py:3089} INFO - Sync 1 DAGs
[2025-11-13T06:00:55.837+0530] {logging_mixin.py:188} INFO - [2025-11-13T06:00:55.837+0530] {dag.py:3947} INFO - Setting next_dagrun for example_params_ui_tutorial to None, run_after=None
[2025-11-13T06:00:55.858+0530] {processor.py:183} INFO - Processing /home/logi/txtai/venv/lib/python3.10/site-packages/airflow/example_dags/example_params_ui_tutorial.py took 0.127 seconds
[2025-11-13T06:03:43.390+0530] {processor.py:161} INFO - Started process (PID=14986) to work on /home/logi/txtai/venv/lib/python3.10/site-packages/airflow/example_dags/example_params_ui_tutorial.py
[2025-11-13T06:03:43.403+0530] {processor.py:830} INFO - Processing file /home/logi/txtai/venv/lib/python3.10/site-packages/airflow/example_dags/example_params_ui_tutorial.py for tasks to queue
[2025-11-13T06:03:43.406+0530] {logging_mixin.py:188} INFO - [2025-11-13T06:03:43.406+0530] {dagbag.py:545} INFO - Filling up the DagBag from /home/logi/txtai/venv/lib/python3.10/site-packages/airflow/example_dags/example_params_ui_tutorial.py
[2025-11-13T06:03:43.416+0530] {processor.py:840} INFO - DAG(s) 'example_params_ui_tutorial' retrieved from /home/logi/txtai/venv/lib/python3.10/site-packages/airflow/example_dags/example_params_ui_tutorial.py
[2025-11-13T06:03:43.457+0530] {logging_mixin.py:188} INFO - [2025-11-13T06:03:43.457+0530] {dag.py:3089} INFO - Sync 1 DAGs
[2025-11-13T06:03:43.468+0530] {logging_mixin.py:188} INFO - [2025-11-13T06:03:43.468+0530] {dag.py:3947} INFO - Setting next_dagrun for example_params_ui_tutorial to None, run_after=None
[2025-11-13T06:03:43.491+0530] {processor.py:183} INFO - Processing /home/logi/txtai/venv/lib/python3.10/site-packages/airflow/example_dags/example_params_ui_tutorial.py took 0.109 seconds
[2025-11-13T10:40:42.266+0530] {processor.py:161} INFO - Started process (PID=17066) to work on /home/logi/txtai/venv/lib/python3.10/site-packages/airflow/example_dags/example_params_ui_tutorial.py
[2025-11-13T10:40:42.268+0530] {processor.py:830} INFO - Processing file /home/logi/txtai/venv/lib/python3.10/site-packages/airflow/example_dags/example_params_ui_tutorial.py for tasks to queue
[2025-11-13T10:40:42.271+0530] {logging_mixin.py:188} INFO - [2025-11-13T10:40:42.270+0530] {dagbag.py:545} INFO - Filling up the DagBag from /home/logi/txtai/venv/lib/python3.10/site-packages/airflow/example_dags/example_params_ui_tutorial.py
[2025-11-13T10:40:42.282+0530] {processor.py:840} INFO - DAG(s) 'example_params_ui_tutorial' retrieved from /home/logi/txtai/venv/lib/python3.10/site-packages/airflow/example_dags/example_params_ui_tutorial.py
[2025-11-13T10:40:42.438+0530] {logging_mixin.py:188} INFO - [2025-11-13T10:40:42.438+0530] {override.py:1858} INFO - Created Permission View: can edit on DAG:example_params_ui_tutorial
[2025-11-13T10:40:42.450+0530] {logging_mixin.py:188} INFO - [2025-11-13T10:40:42.450+0530] {override.py:1858} INFO - Created Permission View: can read on DAG:example_params_ui_tutorial
[2025-11-13T10:40:42.460+0530] {logging_mixin.py:188} INFO - [2025-11-13T10:40:42.460+0530] {override.py:1858} INFO - Created Permission View: can delete on DAG:example_params_ui_tutorial
[2025-11-13T10:40:42.460+0530] {logging_mixin.py:188} INFO - [2025-11-13T10:40:42.460+0530] {dag.py:3089} INFO - Sync 1 DAGs
[2025-11-13T10:40:42.474+0530] {logging_mixin.py:188} INFO - [2025-11-13T10:40:42.473+0530] {dag.py:3111} INFO - Creating ORM DAG for example_params_ui_tutorial
[2025-11-13T10:40:42.474+0530] {logging_mixin.py:188} INFO - [2025-11-13T10:40:42.474+0530] {dag.py:3947} INFO - Setting next_dagrun for example_params_ui_tutorial to None, run_after=None
[2025-11-13T10:40:42.497+0530] {processor.py:183} INFO - Processing /home/logi/txtai/venv/lib/python3.10/site-packages/airflow/example_dags/example_params_ui_tutorial.py took 0.241 seconds
[2025-11-13T10:41:12.928+0530] {processor.py:161} INFO - Started process (PID=17482) to work on /home/logi/txtai/venv/lib/python3.10/site-packages/airflow/example_dags/example_params_ui_tutorial.py
[2025-11-13T10:41:12.931+0530] {processor.py:830} INFO - Processing file /home/logi/txtai/venv/lib/python3.10/site-packages/airflow/example_dags/example_params_ui_tutorial.py for tasks to queue
[2025-11-13T10:41:12.934+0530] {logging_mixin.py:188} INFO - [2025-11-13T10:41:12.933+0530] {dagbag.py:545} INFO - Filling up the DagBag from /home/logi/txtai/venv/lib/python3.10/site-packages/airflow/example_dags/example_params_ui_tutorial.py
[2025-11-13T10:41:12.949+0530] {processor.py:840} INFO - DAG(s) 'example_params_ui_tutorial' retrieved from /home/logi/txtai/venv/lib/python3.10/site-packages/airflow/example_dags/example_params_ui_tutorial.py
[2025-11-13T10:41:13.059+0530] {logging_mixin.py:188} INFO - [2025-11-13T10:41:13.059+0530] {dag.py:3089} INFO - Sync 1 DAGs
[2025-11-13T10:41:13.076+0530] {logging_mixin.py:188} INFO - [2025-11-13T10:41:13.076+0530] {dag.py:3947} INFO - Setting next_dagrun for example_params_ui_tutorial to None, run_after=None
[2025-11-13T10:41:13.109+0530] {processor.py:183} INFO - Processing /home/logi/txtai/venv/lib/python3.10/site-packages/airflow/example_dags/example_params_ui_tutorial.py took 0.196 seconds
[2025-11-13T10:41:44.078+0530] {processor.py:161} INFO - Started process (PID=18151) to work on /home/logi/txtai/venv/lib/python3.10/site-packages/airflow/example_dags/example_params_ui_tutorial.py
[2025-11-13T10:41:44.080+0530] {processor.py:830} INFO - Processing file /home/logi/txtai/venv/lib/python3.10/site-packages/airflow/example_dags/example_params_ui_tutorial.py for tasks to queue
[2025-11-13T10:41:44.082+0530] {logging_mixin.py:188} INFO - [2025-11-13T10:41:44.082+0530] {dagbag.py:545} INFO - Filling up the DagBag from /home/logi/txtai/venv/lib/python3.10/site-packages/airflow/example_dags/example_params_ui_tutorial.py
[2025-11-13T10:41:44.092+0530] {processor.py:840} INFO - DAG(s) 'example_params_ui_tutorial' retrieved from /home/logi/txtai/venv/lib/python3.10/site-packages/airflow/example_dags/example_params_ui_tutorial.py
[2025-11-13T10:41:44.188+0530] {logging_mixin.py:188} INFO - [2025-11-13T10:41:44.187+0530] {dag.py:3089} INFO - Sync 1 DAGs
[2025-11-13T10:41:44.214+0530] {logging_mixin.py:188} INFO - [2025-11-13T10:41:44.213+0530] {dag.py:3947} INFO - Setting next_dagrun for example_params_ui_tutorial to None, run_after=None
[2025-11-13T10:41:44.278+0530] {processor.py:183} INFO - Processing /home/logi/txtai/venv/lib/python3.10/site-packages/airflow/example_dags/example_params_ui_tutorial.py took 0.208 seconds
[2025-11-13T10:42:15.095+0530] {processor.py:161} INFO - Started process (PID=18726) to work on /home/logi/txtai/venv/lib/python3.10/site-packages/airflow/example_dags/example_params_ui_tutorial.py
[2025-11-13T10:42:15.098+0530] {processor.py:830} INFO - Processing file /home/logi/txtai/venv/lib/python3.10/site-packages/airflow/example_dags/example_params_ui_tutorial.py for tasks to queue
[2025-11-13T10:42:15.101+0530] {logging_mixin.py:188} INFO - [2025-11-13T10:42:15.101+0530] {dagbag.py:545} INFO - Filling up the DagBag from /home/logi/txtai/venv/lib/python3.10/site-packages/airflow/example_dags/example_params_ui_tutorial.py
[2025-11-13T10:42:15.119+0530] {processor.py:840} INFO - DAG(s) 'example_params_ui_tutorial' retrieved from /home/logi/txtai/venv/lib/python3.10/site-packages/airflow/example_dags/example_params_ui_tutorial.py
[2025-11-13T10:42:15.235+0530] {logging_mixin.py:188} INFO - [2025-11-13T10:42:15.235+0530] {dag.py:3089} INFO - Sync 1 DAGs
[2025-11-13T10:42:15.249+0530] {logging_mixin.py:188} INFO - [2025-11-13T10:42:15.248+0530] {dag.py:3947} INFO - Setting next_dagrun for example_params_ui_tutorial to None, run_after=None
[2025-11-13T10:42:15.291+0530] {processor.py:183} INFO - Processing /home/logi/txtai/venv/lib/python3.10/site-packages/airflow/example_dags/example_params_ui_tutorial.py took 0.211 seconds
[2025-11-13T10:42:45.910+0530] {processor.py:161} INFO - Started process (PID=18984) to work on /home/logi/txtai/venv/lib/python3.10/site-packages/airflow/example_dags/example_params_ui_tutorial.py
[2025-11-13T10:42:45.912+0530] {processor.py:830} INFO - Processing file /home/logi/txtai/venv/lib/python3.10/site-packages/airflow/example_dags/example_params_ui_tutorial.py for tasks to queue
[2025-11-13T10:42:45.914+0530] {logging_mixin.py:188} INFO - [2025-11-13T10:42:45.914+0530] {dagbag.py:545} INFO - Filling up the DagBag from /home/logi/txtai/venv/lib/python3.10/site-packages/airflow/example_dags/example_params_ui_tutorial.py
[2025-11-13T10:42:45.926+0530] {processor.py:840} INFO - DAG(s) 'example_params_ui_tutorial' retrieved from /home/logi/txtai/venv/lib/python3.10/site-packages/airflow/example_dags/example_params_ui_tutorial.py
[2025-11-13T10:42:46.029+0530] {logging_mixin.py:188} INFO - [2025-11-13T10:42:46.028+0530] {dag.py:3089} INFO - Sync 1 DAGs
[2025-11-13T10:42:46.042+0530] {logging_mixin.py:188} INFO - [2025-11-13T10:42:46.042+0530] {dag.py:3947} INFO - Setting next_dagrun for example_params_ui_tutorial to None, run_after=None
[2025-11-13T10:42:46.072+0530] {processor.py:183} INFO - Processing /home/logi/txtai/venv/lib/python3.10/site-packages/airflow/example_dags/example_params_ui_tutorial.py took 0.173 seconds
[2025-11-13T10:43:16.967+0530] {processor.py:161} INFO - Started process (PID=19124) to work on /home/logi/txtai/venv/lib/python3.10/site-packages/airflow/example_dags/example_params_ui_tutorial.py
[2025-11-13T10:43:16.968+0530] {processor.py:830} INFO - Processing file /home/logi/txtai/venv/lib/python3.10/site-packages/airflow/example_dags/example_params_ui_tutorial.py for tasks to queue
[2025-11-13T10:43:16.969+0530] {logging_mixin.py:188} INFO - [2025-11-13T10:43:16.969+0530] {dagbag.py:545} INFO - Filling up the DagBag from /home/logi/txtai/venv/lib/python3.10/site-packages/airflow/example_dags/example_params_ui_tutorial.py
[2025-11-13T10:43:16.975+0530] {processor.py:840} INFO - DAG(s) 'example_params_ui_tutorial' retrieved from /home/logi/txtai/venv/lib/python3.10/site-packages/airflow/example_dags/example_params_ui_tutorial.py
[2025-11-13T10:43:17.056+0530] {logging_mixin.py:188} INFO - [2025-11-13T10:43:17.056+0530] {dag.py:3089} INFO - Sync 1 DAGs
[2025-11-13T10:43:17.067+0530] {logging_mixin.py:188} INFO - [2025-11-13T10:43:17.067+0530] {dag.py:3947} INFO - Setting next_dagrun for example_params_ui_tutorial to None, run_after=None
[2025-11-13T10:43:17.105+0530] {processor.py:183} INFO - Processing /home/logi/txtai/venv/lib/python3.10/site-packages/airflow/example_dags/example_params_ui_tutorial.py took 0.144 seconds
[2025-11-13T10:43:48.486+0530] {processor.py:161} INFO - Started process (PID=19266) to work on /home/logi/txtai/venv/lib/python3.10/site-packages/airflow/example_dags/example_params_ui_tutorial.py
[2025-11-13T10:43:48.488+0530] {processor.py:830} INFO - Processing file /home/logi/txtai/venv/lib/python3.10/site-packages/airflow/example_dags/example_params_ui_tutorial.py for tasks to queue
[2025-11-13T10:43:48.491+0530] {logging_mixin.py:188} INFO - [2025-11-13T10:43:48.490+0530] {dagbag.py:545} INFO - Filling up the DagBag from /home/logi/txtai/venv/lib/python3.10/site-packages/airflow/example_dags/example_params_ui_tutorial.py
[2025-11-13T10:43:48.505+0530] {processor.py:840} INFO - DAG(s) 'example_params_ui_tutorial' retrieved from /home/logi/txtai/venv/lib/python3.10/site-packages/airflow/example_dags/example_params_ui_tutorial.py
[2025-11-13T10:43:48.578+0530] {logging_mixin.py:188} INFO - [2025-11-13T10:43:48.578+0530] {dag.py:3089} INFO - Sync 1 DAGs
[2025-11-13T10:43:48.602+0530] {logging_mixin.py:188} INFO - [2025-11-13T10:43:48.601+0530] {dag.py:3947} INFO - Setting next_dagrun for example_params_ui_tutorial to None, run_after=None
[2025-11-13T10:43:48.629+0530] {processor.py:183} INFO - Processing /home/logi/txtai/venv/lib/python3.10/site-packages/airflow/example_dags/example_params_ui_tutorial.py took 0.154 seconds
[2025-11-13T10:44:19.753+0530] {processor.py:161} INFO - Started process (PID=19411) to work on /home/logi/txtai/venv/lib/python3.10/site-packages/airflow/example_dags/example_params_ui_tutorial.py
[2025-11-13T10:44:19.754+0530] {processor.py:830} INFO - Processing file /home/logi/txtai/venv/lib/python3.10/site-packages/airflow/example_dags/example_params_ui_tutorial.py for tasks to queue
[2025-11-13T10:44:19.757+0530] {logging_mixin.py:188} INFO - [2025-11-13T10:44:19.757+0530] {dagbag.py:545} INFO - Filling up the DagBag from /home/logi/txtai/venv/lib/python3.10/site-packages/airflow/example_dags/example_params_ui_tutorial.py
[2025-11-13T10:44:19.763+0530] {processor.py:840} INFO - DAG(s) 'example_params_ui_tutorial' retrieved from /home/logi/txtai/venv/lib/python3.10/site-packages/airflow/example_dags/example_params_ui_tutorial.py
[2025-11-13T10:44:19.825+0530] {logging_mixin.py:188} INFO - [2025-11-13T10:44:19.825+0530] {dag.py:3089} INFO - Sync 1 DAGs
[2025-11-13T10:44:19.837+0530] {logging_mixin.py:188} INFO - [2025-11-13T10:44:19.837+0530] {dag.py:3947} INFO - Setting next_dagrun for example_params_ui_tutorial to None, run_after=None
[2025-11-13T10:44:19.856+0530] {processor.py:183} INFO - Processing /home/logi/txtai/venv/lib/python3.10/site-packages/airflow/example_dags/example_params_ui_tutorial.py took 0.109 seconds
[2025-11-13T10:44:51.535+0530] {processor.py:161} INFO - Started process (PID=19552) to work on /home/logi/txtai/venv/lib/python3.10/site-packages/airflow/example_dags/example_params_ui_tutorial.py
[2025-11-13T10:44:51.537+0530] {processor.py:830} INFO - Processing file /home/logi/txtai/venv/lib/python3.10/site-packages/airflow/example_dags/example_params_ui_tutorial.py for tasks to queue
[2025-11-13T10:44:51.540+0530] {logging_mixin.py:188} INFO - [2025-11-13T10:44:51.539+0530] {dagbag.py:545} INFO - Filling up the DagBag from /home/logi/txtai/venv/lib/python3.10/site-packages/airflow/example_dags/example_params_ui_tutorial.py
[2025-11-13T10:44:51.551+0530] {processor.py:840} INFO - DAG(s) 'example_params_ui_tutorial' retrieved from /home/logi/txtai/venv/lib/python3.10/site-packages/airflow/example_dags/example_params_ui_tutorial.py
[2025-11-13T10:44:51.655+0530] {logging_mixin.py:188} INFO - [2025-11-13T10:44:51.655+0530] {dag.py:3089} INFO - Sync 1 DAGs
[2025-11-13T10:44:51.668+0530] {logging_mixin.py:188} INFO - [2025-11-13T10:44:51.668+0530] {dag.py:3947} INFO - Setting next_dagrun for example_params_ui_tutorial to None, run_after=None
[2025-11-13T10:44:51.700+0530] {processor.py:183} INFO - Processing /home/logi/txtai/venv/lib/python3.10/site-packages/airflow/example_dags/example_params_ui_tutorial.py took 0.176 seconds
[2025-11-13T10:45:22.412+0530] {processor.py:161} INFO - Started process (PID=19697) to work on /home/logi/txtai/venv/lib/python3.10/site-packages/airflow/example_dags/example_params_ui_tutorial.py
[2025-11-13T10:45:22.413+0530] {processor.py:830} INFO - Processing file /home/logi/txtai/venv/lib/python3.10/site-packages/airflow/example_dags/example_params_ui_tutorial.py for tasks to queue
[2025-11-13T10:45:22.416+0530] {logging_mixin.py:188} INFO - [2025-11-13T10:45:22.415+0530] {dagbag.py:545} INFO - Filling up the DagBag from /home/logi/txtai/venv/lib/python3.10/site-packages/airflow/example_dags/example_params_ui_tutorial.py
[2025-11-13T10:45:22.427+0530] {processor.py:840} INFO - DAG(s) 'example_params_ui_tutorial' retrieved from /home/logi/txtai/venv/lib/python3.10/site-packages/airflow/example_dags/example_params_ui_tutorial.py
[2025-11-13T10:45:22.531+0530] {logging_mixin.py:188} INFO - [2025-11-13T10:45:22.530+0530] {dag.py:3089} INFO - Sync 1 DAGs
[2025-11-13T10:45:22.543+0530] {logging_mixin.py:188} INFO - [2025-11-13T10:45:22.543+0530] {dag.py:3947} INFO - Setting next_dagrun for example_params_ui_tutorial to None, run_after=None
[2025-11-13T10:45:22.575+0530] {processor.py:183} INFO - Processing /home/logi/txtai/venv/lib/python3.10/site-packages/airflow/example_dags/example_params_ui_tutorial.py took 0.174 seconds
[2025-11-13T10:45:53.129+0530] {processor.py:161} INFO - Started process (PID=19865) to work on /home/logi/txtai/venv/lib/python3.10/site-packages/airflow/example_dags/example_params_ui_tutorial.py
[2025-11-13T10:45:53.131+0530] {processor.py:830} INFO - Processing file /home/logi/txtai/venv/lib/python3.10/site-packages/airflow/example_dags/example_params_ui_tutorial.py for tasks to queue
[2025-11-13T10:45:53.134+0530] {logging_mixin.py:188} INFO - [2025-11-13T10:45:53.133+0530] {dagbag.py:545} INFO - Filling up the DagBag from /home/logi/txtai/venv/lib/python3.10/site-packages/airflow/example_dags/example_params_ui_tutorial.py
[2025-11-13T10:45:53.145+0530] {processor.py:840} INFO - DAG(s) 'example_params_ui_tutorial' retrieved from /home/logi/txtai/venv/lib/python3.10/site-packages/airflow/example_dags/example_params_ui_tutorial.py
[2025-11-13T10:45:53.248+0530] {logging_mixin.py:188} INFO - [2025-11-13T10:45:53.248+0530] {dag.py:3089} INFO - Sync 1 DAGs
[2025-11-13T10:45:53.261+0530] {logging_mixin.py:188} INFO - [2025-11-13T10:45:53.261+0530] {dag.py:3947} INFO - Setting next_dagrun for example_params_ui_tutorial to None, run_after=None
[2025-11-13T10:45:53.292+0530] {processor.py:183} INFO - Processing /home/logi/txtai/venv/lib/python3.10/site-packages/airflow/example_dags/example_params_ui_tutorial.py took 0.174 seconds
[2025-11-13T10:46:24.952+0530] {processor.py:161} INFO - Started process (PID=20010) to work on /home/logi/txtai/venv/lib/python3.10/site-packages/airflow/example_dags/example_params_ui_tutorial.py
[2025-11-13T10:46:24.954+0530] {processor.py:830} INFO - Processing file /home/logi/txtai/venv/lib/python3.10/site-packages/airflow/example_dags/example_params_ui_tutorial.py for tasks to queue
[2025-11-13T10:46:24.956+0530] {logging_mixin.py:188} INFO - [2025-11-13T10:46:24.956+0530] {dagbag.py:545} INFO - Filling up the DagBag from /home/logi/txtai/venv/lib/python3.10/site-packages/airflow/example_dags/example_params_ui_tutorial.py
[2025-11-13T10:46:24.968+0530] {processor.py:840} INFO - DAG(s) 'example_params_ui_tutorial' retrieved from /home/logi/txtai/venv/lib/python3.10/site-packages/airflow/example_dags/example_params_ui_tutorial.py
[2025-11-13T10:46:25.071+0530] {logging_mixin.py:188} INFO - [2025-11-13T10:46:25.071+0530] {dag.py:3089} INFO - Sync 1 DAGs
[2025-11-13T10:46:25.084+0530] {logging_mixin.py:188} INFO - [2025-11-13T10:46:25.084+0530] {dag.py:3947} INFO - Setting next_dagrun for example_params_ui_tutorial to None, run_after=None
[2025-11-13T10:46:25.116+0530] {processor.py:183} INFO - Processing /home/logi/txtai/venv/lib/python3.10/site-packages/airflow/example_dags/example_params_ui_tutorial.py took 0.175 seconds
[2025-11-13T10:46:55.470+0530] {processor.py:161} INFO - Started process (PID=20151) to work on /home/logi/txtai/venv/lib/python3.10/site-packages/airflow/example_dags/example_params_ui_tutorial.py
[2025-11-13T10:46:55.472+0530] {processor.py:830} INFO - Processing file /home/logi/txtai/venv/lib/python3.10/site-packages/airflow/example_dags/example_params_ui_tutorial.py for tasks to queue
[2025-11-13T10:46:55.475+0530] {logging_mixin.py:188} INFO - [2025-11-13T10:46:55.474+0530] {dagbag.py:545} INFO - Filling up the DagBag from /home/logi/txtai/venv/lib/python3.10/site-packages/airflow/example_dags/example_params_ui_tutorial.py
[2025-11-13T10:46:55.486+0530] {processor.py:840} INFO - DAG(s) 'example_params_ui_tutorial' retrieved from /home/logi/txtai/venv/lib/python3.10/site-packages/airflow/example_dags/example_params_ui_tutorial.py
[2025-11-13T10:46:55.589+0530] {logging_mixin.py:188} INFO - [2025-11-13T10:46:55.589+0530] {dag.py:3089} INFO - Sync 1 DAGs
[2025-11-13T10:46:55.602+0530] {logging_mixin.py:188} INFO - [2025-11-13T10:46:55.601+0530] {dag.py:3947} INFO - Setting next_dagrun for example_params_ui_tutorial to None, run_after=None
[2025-11-13T10:46:55.633+0530] {processor.py:183} INFO - Processing /home/logi/txtai/venv/lib/python3.10/site-packages/airflow/example_dags/example_params_ui_tutorial.py took 0.174 seconds
[2025-11-13T10:47:26.936+0530] {processor.py:161} INFO - Started process (PID=20296) to work on /home/logi/txtai/venv/lib/python3.10/site-packages/airflow/example_dags/example_params_ui_tutorial.py
[2025-11-13T10:47:26.938+0530] {processor.py:830} INFO - Processing file /home/logi/txtai/venv/lib/python3.10/site-packages/airflow/example_dags/example_params_ui_tutorial.py for tasks to queue
[2025-11-13T10:47:26.941+0530] {logging_mixin.py:188} INFO - [2025-11-13T10:47:26.940+0530] {dagbag.py:545} INFO - Filling up the DagBag from /home/logi/txtai/venv/lib/python3.10/site-packages/airflow/example_dags/example_params_ui_tutorial.py
[2025-11-13T10:47:26.952+0530] {processor.py:840} INFO - DAG(s) 'example_params_ui_tutorial' retrieved from /home/logi/txtai/venv/lib/python3.10/site-packages/airflow/example_dags/example_params_ui_tutorial.py
[2025-11-13T10:47:27.056+0530] {logging_mixin.py:188} INFO - [2025-11-13T10:47:27.055+0530] {dag.py:3089} INFO - Sync 1 DAGs
[2025-11-13T10:47:27.068+0530] {logging_mixin.py:188} INFO - [2025-11-13T10:47:27.068+0530] {dag.py:3947} INFO - Setting next_dagrun for example_params_ui_tutorial to None, run_after=None
[2025-11-13T10:47:27.113+0530] {processor.py:183} INFO - Processing /home/logi/txtai/venv/lib/python3.10/site-packages/airflow/example_dags/example_params_ui_tutorial.py took 0.187 seconds
[2025-11-13T10:47:58.202+0530] {processor.py:161} INFO - Started process (PID=20438) to work on /home/logi/txtai/venv/lib/python3.10/site-packages/airflow/example_dags/example_params_ui_tutorial.py
[2025-11-13T10:47:58.204+0530] {processor.py:830} INFO - Processing file /home/logi/txtai/venv/lib/python3.10/site-packages/airflow/example_dags/example_params_ui_tutorial.py for tasks to queue
[2025-11-13T10:47:58.207+0530] {logging_mixin.py:188} INFO - [2025-11-13T10:47:58.206+0530] {dagbag.py:545} INFO - Filling up the DagBag from /home/logi/txtai/venv/lib/python3.10/site-packages/airflow/example_dags/example_params_ui_tutorial.py
[2025-11-13T10:47:58.218+0530] {processor.py:840} INFO - DAG(s) 'example_params_ui_tutorial' retrieved from /home/logi/txtai/venv/lib/python3.10/site-packages/airflow/example_dags/example_params_ui_tutorial.py
[2025-11-13T10:47:58.321+0530] {logging_mixin.py:188} INFO - [2025-11-13T10:47:58.321+0530] {dag.py:3089} INFO - Sync 1 DAGs
[2025-11-13T10:47:58.334+0530] {logging_mixin.py:188} INFO - [2025-11-13T10:47:58.333+0530] {dag.py:3947} INFO - Setting next_dagrun for example_params_ui_tutorial to None, run_after=None
[2025-11-13T10:47:58.366+0530] {processor.py:183} INFO - Processing /home/logi/txtai/venv/lib/python3.10/site-packages/airflow/example_dags/example_params_ui_tutorial.py took 0.175 seconds
[2025-11-13T10:48:29.328+0530] {processor.py:161} INFO - Started process (PID=20579) to work on /home/logi/txtai/venv/lib/python3.10/site-packages/airflow/example_dags/example_params_ui_tutorial.py
[2025-11-13T10:48:29.330+0530] {processor.py:830} INFO - Processing file /home/logi/txtai/venv/lib/python3.10/site-packages/airflow/example_dags/example_params_ui_tutorial.py for tasks to queue
[2025-11-13T10:48:29.333+0530] {logging_mixin.py:188} INFO - [2025-11-13T10:48:29.332+0530] {dagbag.py:545} INFO - Filling up the DagBag from /home/logi/txtai/venv/lib/python3.10/site-packages/airflow/example_dags/example_params_ui_tutorial.py
[2025-11-13T10:48:29.344+0530] {processor.py:840} INFO - DAG(s) 'example_params_ui_tutorial' retrieved from /home/logi/txtai/venv/lib/python3.10/site-packages/airflow/example_dags/example_params_ui_tutorial.py
[2025-11-13T10:48:29.436+0530] {logging_mixin.py:188} INFO - [2025-11-13T10:48:29.435+0530] {dag.py:3089} INFO - Sync 1 DAGs
[2025-11-13T10:48:29.446+0530] {logging_mixin.py:188} INFO - [2025-11-13T10:48:29.446+0530] {dag.py:3947} INFO - Setting next_dagrun for example_params_ui_tutorial to None, run_after=None
[2025-11-13T10:48:29.478+0530] {processor.py:183} INFO - Processing /home/logi/txtai/venv/lib/python3.10/site-packages/airflow/example_dags/example_params_ui_tutorial.py took 0.161 seconds
[2025-11-13T10:48:59.843+0530] {processor.py:161} INFO - Started process (PID=20723) to work on /home/logi/txtai/venv/lib/python3.10/site-packages/airflow/example_dags/example_params_ui_tutorial.py
[2025-11-13T10:48:59.845+0530] {processor.py:830} INFO - Processing file /home/logi/txtai/venv/lib/python3.10/site-packages/airflow/example_dags/example_params_ui_tutorial.py for tasks to queue
[2025-11-13T10:48:59.848+0530] {logging_mixin.py:188} INFO - [2025-11-13T10:48:59.847+0530] {dagbag.py:545} INFO - Filling up the DagBag from /home/logi/txtai/venv/lib/python3.10/site-packages/airflow/example_dags/example_params_ui_tutorial.py
[2025-11-13T10:48:59.860+0530] {processor.py:840} INFO - DAG(s) 'example_params_ui_tutorial' retrieved from /home/logi/txtai/venv/lib/python3.10/site-packages/airflow/example_dags/example_params_ui_tutorial.py
[2025-11-13T10:48:59.947+0530] {logging_mixin.py:188} INFO - [2025-11-13T10:48:59.947+0530] {dag.py:3089} INFO - Sync 1 DAGs
[2025-11-13T10:48:59.958+0530] {logging_mixin.py:188} INFO - [2025-11-13T10:48:59.958+0530] {dag.py:3947} INFO - Setting next_dagrun for example_params_ui_tutorial to None, run_after=None
[2025-11-13T10:48:59.988+0530] {processor.py:183} INFO - Processing /home/logi/txtai/venv/lib/python3.10/site-packages/airflow/example_dags/example_params_ui_tutorial.py took 0.157 seconds
[2025-11-13T10:49:30.946+0530] {processor.py:161} INFO - Started process (PID=20868) to work on /home/logi/txtai/venv/lib/python3.10/site-packages/airflow/example_dags/example_params_ui_tutorial.py
[2025-11-13T10:49:30.948+0530] {processor.py:830} INFO - Processing file /home/logi/txtai/venv/lib/python3.10/site-packages/airflow/example_dags/example_params_ui_tutorial.py for tasks to queue
[2025-11-13T10:49:30.950+0530] {logging_mixin.py:188} INFO - [2025-11-13T10:49:30.950+0530] {dagbag.py:545} INFO - Filling up the DagBag from /home/logi/txtai/venv/lib/python3.10/site-packages/airflow/example_dags/example_params_ui_tutorial.py
[2025-11-13T10:49:30.962+0530] {processor.py:840} INFO - DAG(s) 'example_params_ui_tutorial' retrieved from /home/logi/txtai/venv/lib/python3.10/site-packages/airflow/example_dags/example_params_ui_tutorial.py
[2025-11-13T10:49:31.066+0530] {logging_mixin.py:188} INFO - [2025-11-13T10:49:31.066+0530] {dag.py:3089} INFO - Sync 1 DAGs
[2025-11-13T10:49:31.080+0530] {logging_mixin.py:188} INFO - [2025-11-13T10:49:31.080+0530] {dag.py:3947} INFO - Setting next_dagrun for example_params_ui_tutorial to None, run_after=None
[2025-11-13T10:49:31.113+0530] {processor.py:183} INFO - Processing /home/logi/txtai/venv/lib/python3.10/site-packages/airflow/example_dags/example_params_ui_tutorial.py took 0.178 seconds
[2025-11-13T10:50:02.251+0530] {processor.py:161} INFO - Started process (PID=21011) to work on /home/logi/txtai/venv/lib/python3.10/site-packages/airflow/example_dags/example_params_ui_tutorial.py
[2025-11-13T10:50:02.253+0530] {processor.py:830} INFO - Processing file /home/logi/txtai/venv/lib/python3.10/site-packages/airflow/example_dags/example_params_ui_tutorial.py for tasks to queue
[2025-11-13T10:50:02.256+0530] {logging_mixin.py:188} INFO - [2025-11-13T10:50:02.255+0530] {dagbag.py:545} INFO - Filling up the DagBag from /home/logi/txtai/venv/lib/python3.10/site-packages/airflow/example_dags/example_params_ui_tutorial.py
[2025-11-13T10:50:02.269+0530] {processor.py:840} INFO - DAG(s) 'example_params_ui_tutorial' retrieved from /home/logi/txtai/venv/lib/python3.10/site-packages/airflow/example_dags/example_params_ui_tutorial.py
[2025-11-13T10:50:02.364+0530] {logging_mixin.py:188} INFO - [2025-11-13T10:50:02.364+0530] {dag.py:3089} INFO - Sync 1 DAGs
[2025-11-13T10:50:02.376+0530] {logging_mixin.py:188} INFO - [2025-11-13T10:50:02.376+0530] {dag.py:3947} INFO - Setting next_dagrun for example_params_ui_tutorial to None, run_after=None
[2025-11-13T10:50:02.408+0530] {processor.py:183} INFO - Processing /home/logi/txtai/venv/lib/python3.10/site-packages/airflow/example_dags/example_params_ui_tutorial.py took 0.167 seconds
[2025-11-13T10:50:33.115+0530] {processor.py:161} INFO - Started process (PID=21153) to work on /home/logi/txtai/venv/lib/python3.10/site-packages/airflow/example_dags/example_params_ui_tutorial.py
[2025-11-13T10:50:33.117+0530] {processor.py:830} INFO - Processing file /home/logi/txtai/venv/lib/python3.10/site-packages/airflow/example_dags/example_params_ui_tutorial.py for tasks to queue
[2025-11-13T10:50:33.119+0530] {logging_mixin.py:188} INFO - [2025-11-13T10:50:33.119+0530] {dagbag.py:545} INFO - Filling up the DagBag from /home/logi/txtai/venv/lib/python3.10/site-packages/airflow/example_dags/example_params_ui_tutorial.py
[2025-11-13T10:50:33.131+0530] {processor.py:840} INFO - DAG(s) 'example_params_ui_tutorial' retrieved from /home/logi/txtai/venv/lib/python3.10/site-packages/airflow/example_dags/example_params_ui_tutorial.py
[2025-11-13T10:50:33.237+0530] {logging_mixin.py:188} INFO - [2025-11-13T10:50:33.237+0530] {dag.py:3089} INFO - Sync 1 DAGs
[2025-11-13T10:50:33.250+0530] {logging_mixin.py:188} INFO - [2025-11-13T10:50:33.250+0530] {dag.py:3947} INFO - Setting next_dagrun for example_params_ui_tutorial to None, run_after=None
[2025-11-13T10:50:33.283+0530] {processor.py:183} INFO - Processing /home/logi/txtai/venv/lib/python3.10/site-packages/airflow/example_dags/example_params_ui_tutorial.py took 0.178 seconds
[2025-11-13T10:51:04.514+0530] {processor.py:161} INFO - Started process (PID=21334) to work on /home/logi/txtai/venv/lib/python3.10/site-packages/airflow/example_dags/example_params_ui_tutorial.py
[2025-11-13T10:51:04.515+0530] {processor.py:830} INFO - Processing file /home/logi/txtai/venv/lib/python3.10/site-packages/airflow/example_dags/example_params_ui_tutorial.py for tasks to queue
[2025-11-13T10:51:04.518+0530] {logging_mixin.py:188} INFO - [2025-11-13T10:51:04.518+0530] {dagbag.py:545} INFO - Filling up the DagBag from /home/logi/txtai/venv/lib/python3.10/site-packages/airflow/example_dags/example_params_ui_tutorial.py
[2025-11-13T10:51:04.529+0530] {processor.py:840} INFO - DAG(s) 'example_params_ui_tutorial' retrieved from /home/logi/txtai/venv/lib/python3.10/site-packages/airflow/example_dags/example_params_ui_tutorial.py
[2025-11-13T10:51:04.638+0530] {logging_mixin.py:188} INFO - [2025-11-13T10:51:04.637+0530] {dag.py:3089} INFO - Sync 1 DAGs
[2025-11-13T10:51:04.651+0530] {logging_mixin.py:188} INFO - [2025-11-13T10:51:04.651+0530] {dag.py:3947} INFO - Setting next_dagrun for example_params_ui_tutorial to None, run_after=None
[2025-11-13T10:51:04.673+0530] {processor.py:183} INFO - Processing /home/logi/txtai/venv/lib/python3.10/site-packages/airflow/example_dags/example_params_ui_tutorial.py took 0.171 seconds
[2025-11-13T10:51:35.681+0530] {processor.py:161} INFO - Started process (PID=21476) to work on /home/logi/txtai/venv/lib/python3.10/site-packages/airflow/example_dags/example_params_ui_tutorial.py
[2025-11-13T10:51:35.683+0530] {processor.py:830} INFO - Processing file /home/logi/txtai/venv/lib/python3.10/site-packages/airflow/example_dags/example_params_ui_tutorial.py for tasks to queue
[2025-11-13T10:51:35.685+0530] {logging_mixin.py:188} INFO - [2025-11-13T10:51:35.685+0530] {dagbag.py:545} INFO - Filling up the DagBag from /home/logi/txtai/venv/lib/python3.10/site-packages/airflow/example_dags/example_params_ui_tutorial.py
[2025-11-13T10:51:35.697+0530] {processor.py:840} INFO - DAG(s) 'example_params_ui_tutorial' retrieved from /home/logi/txtai/venv/lib/python3.10/site-packages/airflow/example_dags/example_params_ui_tutorial.py
[2025-11-13T10:51:35.803+0530] {logging_mixin.py:188} INFO - [2025-11-13T10:51:35.802+0530] {dag.py:3089} INFO - Sync 1 DAGs
[2025-11-13T10:51:35.814+0530] {logging_mixin.py:188} INFO - [2025-11-13T10:51:35.814+0530] {dag.py:3947} INFO - Setting next_dagrun for example_params_ui_tutorial to None, run_after=None
[2025-11-13T10:51:35.845+0530] {processor.py:183} INFO - Processing /home/logi/txtai/venv/lib/python3.10/site-packages/airflow/example_dags/example_params_ui_tutorial.py took 0.175 seconds
[2025-11-13T10:52:06.788+0530] {processor.py:161} INFO - Started process (PID=21618) to work on /home/logi/txtai/venv/lib/python3.10/site-packages/airflow/example_dags/example_params_ui_tutorial.py
[2025-11-13T10:52:06.789+0530] {processor.py:830} INFO - Processing file /home/logi/txtai/venv/lib/python3.10/site-packages/airflow/example_dags/example_params_ui_tutorial.py for tasks to queue
[2025-11-13T10:52:06.791+0530] {logging_mixin.py:188} INFO - [2025-11-13T10:52:06.790+0530] {dagbag.py:545} INFO - Filling up the DagBag from /home/logi/txtai/venv/lib/python3.10/site-packages/airflow/example_dags/example_params_ui_tutorial.py
[2025-11-13T10:52:06.798+0530] {processor.py:840} INFO - DAG(s) 'example_params_ui_tutorial' retrieved from /home/logi/txtai/venv/lib/python3.10/site-packages/airflow/example_dags/example_params_ui_tutorial.py
[2025-11-13T10:52:06.876+0530] {logging_mixin.py:188} INFO - [2025-11-13T10:52:06.875+0530] {dag.py:3089} INFO - Sync 1 DAGs
[2025-11-13T10:52:06.890+0530] {logging_mixin.py:188} INFO - [2025-11-13T10:52:06.890+0530] {dag.py:3947} INFO - Setting next_dagrun for example_params_ui_tutorial to None, run_after=None
[2025-11-13T10:52:06.916+0530] {processor.py:183} INFO - Processing /home/logi/txtai/venv/lib/python3.10/site-packages/airflow/example_dags/example_params_ui_tutorial.py took 0.137 seconds
[2025-11-13T10:52:37.938+0530] {processor.py:161} INFO - Started process (PID=21820) to work on /home/logi/txtai/venv/lib/python3.10/site-packages/airflow/example_dags/example_params_ui_tutorial.py
[2025-11-13T10:52:37.939+0530] {processor.py:830} INFO - Processing file /home/logi/txtai/venv/lib/python3.10/site-packages/airflow/example_dags/example_params_ui_tutorial.py for tasks to queue
[2025-11-13T10:52:37.942+0530] {logging_mixin.py:188} INFO - [2025-11-13T10:52:37.942+0530] {dagbag.py:545} INFO - Filling up the DagBag from /home/logi/txtai/venv/lib/python3.10/site-packages/airflow/example_dags/example_params_ui_tutorial.py
[2025-11-13T10:52:37.953+0530] {processor.py:840} INFO - DAG(s) 'example_params_ui_tutorial' retrieved from /home/logi/txtai/venv/lib/python3.10/site-packages/airflow/example_dags/example_params_ui_tutorial.py
[2025-11-13T10:52:38.049+0530] {logging_mixin.py:188} INFO - [2025-11-13T10:52:38.049+0530] {dag.py:3089} INFO - Sync 1 DAGs
[2025-11-13T10:52:38.059+0530] {logging_mixin.py:188} INFO - [2025-11-13T10:52:38.058+0530] {dag.py:3947} INFO - Setting next_dagrun for example_params_ui_tutorial to None, run_after=None
[2025-11-13T10:52:38.089+0530] {processor.py:183} INFO - Processing /home/logi/txtai/venv/lib/python3.10/site-packages/airflow/example_dags/example_params_ui_tutorial.py took 0.163 seconds
[2025-11-13T10:53:08.826+0530] {processor.py:161} INFO - Started process (PID=22029) to work on /home/logi/txtai/venv/lib/python3.10/site-packages/airflow/example_dags/example_params_ui_tutorial.py
[2025-11-13T10:53:08.828+0530] {processor.py:830} INFO - Processing file /home/logi/txtai/venv/lib/python3.10/site-packages/airflow/example_dags/example_params_ui_tutorial.py for tasks to queue
[2025-11-13T10:53:08.832+0530] {logging_mixin.py:188} INFO - [2025-11-13T10:53:08.832+0530] {dagbag.py:545} INFO - Filling up the DagBag from /home/logi/txtai/venv/lib/python3.10/site-packages/airflow/example_dags/example_params_ui_tutorial.py
[2025-11-13T10:53:08.846+0530] {processor.py:840} INFO - DAG(s) 'example_params_ui_tutorial' retrieved from /home/logi/txtai/venv/lib/python3.10/site-packages/airflow/example_dags/example_params_ui_tutorial.py
[2025-11-13T10:53:08.936+0530] {logging_mixin.py:188} INFO - [2025-11-13T10:53:08.936+0530] {dag.py:3089} INFO - Sync 1 DAGs
[2025-11-13T10:53:08.951+0530] {logging_mixin.py:188} INFO - [2025-11-13T10:53:08.951+0530] {dag.py:3947} INFO - Setting next_dagrun for example_params_ui_tutorial to None, run_after=None
[2025-11-13T10:53:08.969+0530] {processor.py:183} INFO - Processing /home/logi/txtai/venv/lib/python3.10/site-packages/airflow/example_dags/example_params_ui_tutorial.py took 0.157 seconds
[2025-11-13T10:53:40.008+0530] {processor.py:161} INFO - Started process (PID=22261) to work on /home/logi/txtai/venv/lib/python3.10/site-packages/airflow/example_dags/example_params_ui_tutorial.py
[2025-11-13T10:53:40.010+0530] {processor.py:830} INFO - Processing file /home/logi/txtai/venv/lib/python3.10/site-packages/airflow/example_dags/example_params_ui_tutorial.py for tasks to queue
[2025-11-13T10:53:40.016+0530] {logging_mixin.py:188} INFO - [2025-11-13T10:53:40.015+0530] {dagbag.py:545} INFO - Filling up the DagBag from /home/logi/txtai/venv/lib/python3.10/site-packages/airflow/example_dags/example_params_ui_tutorial.py
[2025-11-13T10:53:40.035+0530] {processor.py:840} INFO - DAG(s) 'example_params_ui_tutorial' retrieved from /home/logi/txtai/venv/lib/python3.10/site-packages/airflow/example_dags/example_params_ui_tutorial.py
[2025-11-13T10:53:40.108+0530] {logging_mixin.py:188} INFO - [2025-11-13T10:53:40.107+0530] {dag.py:3089} INFO - Sync 1 DAGs
[2025-11-13T10:53:40.125+0530] {logging_mixin.py:188} INFO - [2025-11-13T10:53:40.124+0530] {dag.py:3947} INFO - Setting next_dagrun for example_params_ui_tutorial to None, run_after=None
[2025-11-13T10:53:40.166+0530] {processor.py:183} INFO - Processing /home/logi/txtai/venv/lib/python3.10/site-packages/airflow/example_dags/example_params_ui_tutorial.py took 0.165 seconds
[2025-11-13T10:54:11.387+0530] {processor.py:161} INFO - Started process (PID=22402) to work on /home/logi/txtai/venv/lib/python3.10/site-packages/airflow/example_dags/example_params_ui_tutorial.py
[2025-11-13T10:54:11.389+0530] {processor.py:830} INFO - Processing file /home/logi/txtai/venv/lib/python3.10/site-packages/airflow/example_dags/example_params_ui_tutorial.py for tasks to queue
[2025-11-13T10:54:11.392+0530] {logging_mixin.py:188} INFO - [2025-11-13T10:54:11.391+0530] {dagbag.py:545} INFO - Filling up the DagBag from /home/logi/txtai/venv/lib/python3.10/site-packages/airflow/example_dags/example_params_ui_tutorial.py
[2025-11-13T10:54:11.403+0530] {processor.py:840} INFO - DAG(s) 'example_params_ui_tutorial' retrieved from /home/logi/txtai/venv/lib/python3.10/site-packages/airflow/example_dags/example_params_ui_tutorial.py
[2025-11-13T10:54:11.504+0530] {logging_mixin.py:188} INFO - [2025-11-13T10:54:11.503+0530] {dag.py:3089} INFO - Sync 1 DAGs
[2025-11-13T10:54:11.515+0530] {logging_mixin.py:188} INFO - [2025-11-13T10:54:11.515+0530] {dag.py:3947} INFO - Setting next_dagrun for example_params_ui_tutorial to None, run_after=None
[2025-11-13T10:54:11.545+0530] {processor.py:183} INFO - Processing /home/logi/txtai/venv/lib/python3.10/site-packages/airflow/example_dags/example_params_ui_tutorial.py took 0.169 seconds
[2025-11-13T10:54:42.594+0530] {processor.py:161} INFO - Started process (PID=22605) to work on /home/logi/txtai/venv/lib/python3.10/site-packages/airflow/example_dags/example_params_ui_tutorial.py
[2025-11-13T10:54:42.596+0530] {processor.py:830} INFO - Processing file /home/logi/txtai/venv/lib/python3.10/site-packages/airflow/example_dags/example_params_ui_tutorial.py for tasks to queue
[2025-11-13T10:54:42.599+0530] {logging_mixin.py:188} INFO - [2025-11-13T10:54:42.598+0530] {dagbag.py:545} INFO - Filling up the DagBag from /home/logi/txtai/venv/lib/python3.10/site-packages/airflow/example_dags/example_params_ui_tutorial.py
[2025-11-13T10:54:42.611+0530] {processor.py:840} INFO - DAG(s) 'example_params_ui_tutorial' retrieved from /home/logi/txtai/venv/lib/python3.10/site-packages/airflow/example_dags/example_params_ui_tutorial.py
[2025-11-13T10:54:42.676+0530] {logging_mixin.py:188} INFO - [2025-11-13T10:54:42.676+0530] {dag.py:3089} INFO - Sync 1 DAGs
[2025-11-13T10:54:42.688+0530] {logging_mixin.py:188} INFO - [2025-11-13T10:54:42.688+0530] {dag.py:3947} INFO - Setting next_dagrun for example_params_ui_tutorial to None, run_after=None
[2025-11-13T10:54:42.710+0530] {processor.py:183} INFO - Processing /home/logi/txtai/venv/lib/python3.10/site-packages/airflow/example_dags/example_params_ui_tutorial.py took 0.127 seconds
[2025-11-13T10:55:14.160+0530] {processor.py:161} INFO - Started process (PID=22895) to work on /home/logi/txtai/venv/lib/python3.10/site-packages/airflow/example_dags/example_params_ui_tutorial.py
[2025-11-13T10:55:14.162+0530] {processor.py:830} INFO - Processing file /home/logi/txtai/venv/lib/python3.10/site-packages/airflow/example_dags/example_params_ui_tutorial.py for tasks to queue
[2025-11-13T10:55:14.165+0530] {logging_mixin.py:188} INFO - [2025-11-13T10:55:14.165+0530] {dagbag.py:545} INFO - Filling up the DagBag from /home/logi/txtai/venv/lib/python3.10/site-packages/airflow/example_dags/example_params_ui_tutorial.py
[2025-11-13T10:55:14.177+0530] {processor.py:840} INFO - DAG(s) 'example_params_ui_tutorial' retrieved from /home/logi/txtai/venv/lib/python3.10/site-packages/airflow/example_dags/example_params_ui_tutorial.py
[2025-11-13T10:55:14.280+0530] {logging_mixin.py:188} INFO - [2025-11-13T10:55:14.279+0530] {dag.py:3089} INFO - Sync 1 DAGs
[2025-11-13T10:55:14.293+0530] {logging_mixin.py:188} INFO - [2025-11-13T10:55:14.292+0530] {dag.py:3947} INFO - Setting next_dagrun for example_params_ui_tutorial to None, run_after=None
[2025-11-13T10:55:14.327+0530] {processor.py:183} INFO - Processing /home/logi/txtai/venv/lib/python3.10/site-packages/airflow/example_dags/example_params_ui_tutorial.py took 0.178 seconds
[2025-11-13T10:55:45.778+0530] {processor.py:161} INFO - Started process (PID=23327) to work on /home/logi/txtai/venv/lib/python3.10/site-packages/airflow/example_dags/example_params_ui_tutorial.py
[2025-11-13T10:55:45.780+0530] {processor.py:830} INFO - Processing file /home/logi/txtai/venv/lib/python3.10/site-packages/airflow/example_dags/example_params_ui_tutorial.py for tasks to queue
[2025-11-13T10:55:45.782+0530] {logging_mixin.py:188} INFO - [2025-11-13T10:55:45.782+0530] {dagbag.py:545} INFO - Filling up the DagBag from /home/logi/txtai/venv/lib/python3.10/site-packages/airflow/example_dags/example_params_ui_tutorial.py
[2025-11-13T10:55:45.794+0530] {processor.py:840} INFO - DAG(s) 'example_params_ui_tutorial' retrieved from /home/logi/txtai/venv/lib/python3.10/site-packages/airflow/example_dags/example_params_ui_tutorial.py
[2025-11-13T10:55:45.893+0530] {logging_mixin.py:188} INFO - [2025-11-13T10:55:45.892+0530] {dag.py:3089} INFO - Sync 1 DAGs
[2025-11-13T10:55:45.907+0530] {logging_mixin.py:188} INFO - [2025-11-13T10:55:45.907+0530] {dag.py:3947} INFO - Setting next_dagrun for example_params_ui_tutorial to None, run_after=None
[2025-11-13T10:55:45.942+0530] {processor.py:183} INFO - Processing /home/logi/txtai/venv/lib/python3.10/site-packages/airflow/example_dags/example_params_ui_tutorial.py took 0.175 seconds
[2025-11-13T10:56:16.894+0530] {processor.py:161} INFO - Started process (PID=23619) to work on /home/logi/txtai/venv/lib/python3.10/site-packages/airflow/example_dags/example_params_ui_tutorial.py
[2025-11-13T10:56:16.896+0530] {processor.py:830} INFO - Processing file /home/logi/txtai/venv/lib/python3.10/site-packages/airflow/example_dags/example_params_ui_tutorial.py for tasks to queue
[2025-11-13T10:56:16.899+0530] {logging_mixin.py:188} INFO - [2025-11-13T10:56:16.898+0530] {dagbag.py:545} INFO - Filling up the DagBag from /home/logi/txtai/venv/lib/python3.10/site-packages/airflow/example_dags/example_params_ui_tutorial.py
[2025-11-13T10:56:16.910+0530] {processor.py:840} INFO - DAG(s) 'example_params_ui_tutorial' retrieved from /home/logi/txtai/venv/lib/python3.10/site-packages/airflow/example_dags/example_params_ui_tutorial.py
[2025-11-13T10:56:17.014+0530] {logging_mixin.py:188} INFO - [2025-11-13T10:56:17.013+0530] {dag.py:3089} INFO - Sync 1 DAGs
[2025-11-13T10:56:17.028+0530] {logging_mixin.py:188} INFO - [2025-11-13T10:56:17.027+0530] {dag.py:3947} INFO - Setting next_dagrun for example_params_ui_tutorial to None, run_after=None
[2025-11-13T10:56:17.059+0530] {processor.py:183} INFO - Processing /home/logi/txtai/venv/lib/python3.10/site-packages/airflow/example_dags/example_params_ui_tutorial.py took 0.176 seconds
[2025-11-13T10:56:48.606+0530] {processor.py:161} INFO - Started process (PID=23771) to work on /home/logi/txtai/venv/lib/python3.10/site-packages/airflow/example_dags/example_params_ui_tutorial.py
[2025-11-13T10:56:48.608+0530] {processor.py:830} INFO - Processing file /home/logi/txtai/venv/lib/python3.10/site-packages/airflow/example_dags/example_params_ui_tutorial.py for tasks to queue
[2025-11-13T10:56:48.611+0530] {logging_mixin.py:188} INFO - [2025-11-13T10:56:48.611+0530] {dagbag.py:545} INFO - Filling up the DagBag from /home/logi/txtai/venv/lib/python3.10/site-packages/airflow/example_dags/example_params_ui_tutorial.py
[2025-11-13T10:56:48.624+0530] {processor.py:840} INFO - DAG(s) 'example_params_ui_tutorial' retrieved from /home/logi/txtai/venv/lib/python3.10/site-packages/airflow/example_dags/example_params_ui_tutorial.py
[2025-11-13T10:56:48.734+0530] {logging_mixin.py:188} INFO - [2025-11-13T10:56:48.734+0530] {dag.py:3089} INFO - Sync 1 DAGs
[2025-11-13T10:56:48.747+0530] {logging_mixin.py:188} INFO - [2025-11-13T10:56:48.747+0530] {dag.py:3947} INFO - Setting next_dagrun for example_params_ui_tutorial to None, run_after=None
[2025-11-13T10:56:48.780+0530] {processor.py:183} INFO - Processing /home/logi/txtai/venv/lib/python3.10/site-packages/airflow/example_dags/example_params_ui_tutorial.py took 0.187 seconds
[2025-11-13T10:57:19.129+0530] {processor.py:161} INFO - Started process (PID=23913) to work on /home/logi/txtai/venv/lib/python3.10/site-packages/airflow/example_dags/example_params_ui_tutorial.py
[2025-11-13T10:57:19.130+0530] {processor.py:830} INFO - Processing file /home/logi/txtai/venv/lib/python3.10/site-packages/airflow/example_dags/example_params_ui_tutorial.py for tasks to queue
[2025-11-13T10:57:19.133+0530] {logging_mixin.py:188} INFO - [2025-11-13T10:57:19.133+0530] {dagbag.py:545} INFO - Filling up the DagBag from /home/logi/txtai/venv/lib/python3.10/site-packages/airflow/example_dags/example_params_ui_tutorial.py
[2025-11-13T10:57:19.145+0530] {processor.py:840} INFO - DAG(s) 'example_params_ui_tutorial' retrieved from /home/logi/txtai/venv/lib/python3.10/site-packages/airflow/example_dags/example_params_ui_tutorial.py
[2025-11-13T10:57:19.248+0530] {logging_mixin.py:188} INFO - [2025-11-13T10:57:19.247+0530] {dag.py:3089} INFO - Sync 1 DAGs
[2025-11-13T10:57:19.261+0530] {logging_mixin.py:188} INFO - [2025-11-13T10:57:19.260+0530] {dag.py:3947} INFO - Setting next_dagrun for example_params_ui_tutorial to None, run_after=None
[2025-11-13T10:57:19.285+0530] {processor.py:183} INFO - Processing /home/logi/txtai/venv/lib/python3.10/site-packages/airflow/example_dags/example_params_ui_tutorial.py took 0.168 seconds
[2025-11-13T10:57:50.317+0530] {processor.py:161} INFO - Started process (PID=24056) to work on /home/logi/txtai/venv/lib/python3.10/site-packages/airflow/example_dags/example_params_ui_tutorial.py
[2025-11-13T10:57:50.319+0530] {processor.py:830} INFO - Processing file /home/logi/txtai/venv/lib/python3.10/site-packages/airflow/example_dags/example_params_ui_tutorial.py for tasks to queue
[2025-11-13T10:57:50.321+0530] {logging_mixin.py:188} INFO - [2025-11-13T10:57:50.321+0530] {dagbag.py:545} INFO - Filling up the DagBag from /home/logi/txtai/venv/lib/python3.10/site-packages/airflow/example_dags/example_params_ui_tutorial.py
[2025-11-13T10:57:50.333+0530] {processor.py:840} INFO - DAG(s) 'example_params_ui_tutorial' retrieved from /home/logi/txtai/venv/lib/python3.10/site-packages/airflow/example_dags/example_params_ui_tutorial.py
[2025-11-13T10:57:50.439+0530] {logging_mixin.py:188} INFO - [2025-11-13T10:57:50.438+0530] {dag.py:3089} INFO - Sync 1 DAGs
[2025-11-13T10:57:50.452+0530] {logging_mixin.py:188} INFO - [2025-11-13T10:57:50.451+0530] {dag.py:3947} INFO - Setting next_dagrun for example_params_ui_tutorial to None, run_after=None
[2025-11-13T10:57:50.493+0530] {processor.py:183} INFO - Processing /home/logi/txtai/venv/lib/python3.10/site-packages/airflow/example_dags/example_params_ui_tutorial.py took 0.186 seconds
[2025-11-13T10:58:21.598+0530] {processor.py:161} INFO - Started process (PID=24200) to work on /home/logi/txtai/venv/lib/python3.10/site-packages/airflow/example_dags/example_params_ui_tutorial.py
[2025-11-13T10:58:21.600+0530] {processor.py:830} INFO - Processing file /home/logi/txtai/venv/lib/python3.10/site-packages/airflow/example_dags/example_params_ui_tutorial.py for tasks to queue
[2025-11-13T10:58:21.603+0530] {logging_mixin.py:188} INFO - [2025-11-13T10:58:21.602+0530] {dagbag.py:545} INFO - Filling up the DagBag from /home/logi/txtai/venv/lib/python3.10/site-packages/airflow/example_dags/example_params_ui_tutorial.py
[2025-11-13T10:58:21.614+0530] {processor.py:840} INFO - DAG(s) 'example_params_ui_tutorial' retrieved from /home/logi/txtai/venv/lib/python3.10/site-packages/airflow/example_dags/example_params_ui_tutorial.py
[2025-11-13T10:58:21.715+0530] {logging_mixin.py:188} INFO - [2025-11-13T10:58:21.715+0530] {dag.py:3089} INFO - Sync 1 DAGs
[2025-11-13T10:58:21.727+0530] {logging_mixin.py:188} INFO - [2025-11-13T10:58:21.726+0530] {dag.py:3947} INFO - Setting next_dagrun for example_params_ui_tutorial to None, run_after=None
[2025-11-13T10:58:21.770+0530] {processor.py:183} INFO - Processing /home/logi/txtai/venv/lib/python3.10/site-packages/airflow/example_dags/example_params_ui_tutorial.py took 0.183 seconds
[2025-11-13T10:58:53.267+0530] {processor.py:161} INFO - Started process (PID=24340) to work on /home/logi/txtai/venv/lib/python3.10/site-packages/airflow/example_dags/example_params_ui_tutorial.py
[2025-11-13T10:58:53.269+0530] {processor.py:830} INFO - Processing file /home/logi/txtai/venv/lib/python3.10/site-packages/airflow/example_dags/example_params_ui_tutorial.py for tasks to queue
[2025-11-13T10:58:53.272+0530] {logging_mixin.py:188} INFO - [2025-11-13T10:58:53.271+0530] {dagbag.py:545} INFO - Filling up the DagBag from /home/logi/txtai/venv/lib/python3.10/site-packages/airflow/example_dags/example_params_ui_tutorial.py
[2025-11-13T10:58:53.283+0530] {processor.py:840} INFO - DAG(s) 'example_params_ui_tutorial' retrieved from /home/logi/txtai/venv/lib/python3.10/site-packages/airflow/example_dags/example_params_ui_tutorial.py
[2025-11-13T10:58:53.388+0530] {logging_mixin.py:188} INFO - [2025-11-13T10:58:53.388+0530] {dag.py:3089} INFO - Sync 1 DAGs
[2025-11-13T10:58:53.401+0530] {logging_mixin.py:188} INFO - [2025-11-13T10:58:53.401+0530] {dag.py:3947} INFO - Setting next_dagrun for example_params_ui_tutorial to None, run_after=None
[2025-11-13T10:58:53.433+0530] {processor.py:183} INFO - Processing /home/logi/txtai/venv/lib/python3.10/site-packages/airflow/example_dags/example_params_ui_tutorial.py took 0.177 seconds
[2025-11-13T10:59:24.612+0530] {processor.py:161} INFO - Started process (PID=24544) to work on /home/logi/txtai/venv/lib/python3.10/site-packages/airflow/example_dags/example_params_ui_tutorial.py
[2025-11-13T10:59:24.615+0530] {processor.py:830} INFO - Processing file /home/logi/txtai/venv/lib/python3.10/site-packages/airflow/example_dags/example_params_ui_tutorial.py for tasks to queue
[2025-11-13T10:59:24.618+0530] {logging_mixin.py:188} INFO - [2025-11-13T10:59:24.617+0530] {dagbag.py:545} INFO - Filling up the DagBag from /home/logi/txtai/venv/lib/python3.10/site-packages/airflow/example_dags/example_params_ui_tutorial.py
[2025-11-13T10:59:24.630+0530] {processor.py:840} INFO - DAG(s) 'example_params_ui_tutorial' retrieved from /home/logi/txtai/venv/lib/python3.10/site-packages/airflow/example_dags/example_params_ui_tutorial.py
[2025-11-13T10:59:24.718+0530] {logging_mixin.py:188} INFO - [2025-11-13T10:59:24.717+0530] {dag.py:3089} INFO - Sync 1 DAGs
[2025-11-13T10:59:24.729+0530] {logging_mixin.py:188} INFO - [2025-11-13T10:59:24.729+0530] {dag.py:3947} INFO - Setting next_dagrun for example_params_ui_tutorial to None, run_after=None
[2025-11-13T10:59:24.773+0530] {processor.py:183} INFO - Processing /home/logi/txtai/venv/lib/python3.10/site-packages/airflow/example_dags/example_params_ui_tutorial.py took 0.172 seconds
[2025-11-13T10:59:55.830+0530] {processor.py:161} INFO - Started process (PID=24700) to work on /home/logi/txtai/venv/lib/python3.10/site-packages/airflow/example_dags/example_params_ui_tutorial.py
[2025-11-13T10:59:55.832+0530] {processor.py:830} INFO - Processing file /home/logi/txtai/venv/lib/python3.10/site-packages/airflow/example_dags/example_params_ui_tutorial.py for tasks to queue
[2025-11-13T10:59:55.835+0530] {logging_mixin.py:188} INFO - [2025-11-13T10:59:55.834+0530] {dagbag.py:545} INFO - Filling up the DagBag from /home/logi/txtai/venv/lib/python3.10/site-packages/airflow/example_dags/example_params_ui_tutorial.py
[2025-11-13T10:59:55.848+0530] {processor.py:840} INFO - DAG(s) 'example_params_ui_tutorial' retrieved from /home/logi/txtai/venv/lib/python3.10/site-packages/airflow/example_dags/example_params_ui_tutorial.py
[2025-11-13T10:59:55.964+0530] {logging_mixin.py:188} INFO - [2025-11-13T10:59:55.964+0530] {dag.py:3089} INFO - Sync 1 DAGs
[2025-11-13T10:59:55.985+0530] {logging_mixin.py:188} INFO - [2025-11-13T10:59:55.985+0530] {dag.py:3947} INFO - Setting next_dagrun for example_params_ui_tutorial to None, run_after=None
[2025-11-13T10:59:56.021+0530] {processor.py:183} INFO - Processing /home/logi/txtai/venv/lib/python3.10/site-packages/airflow/example_dags/example_params_ui_tutorial.py took 0.201 seconds
[2025-11-13T11:00:26.464+0530] {processor.py:161} INFO - Started process (PID=25171) to work on /home/logi/txtai/venv/lib/python3.10/site-packages/airflow/example_dags/example_params_ui_tutorial.py
[2025-11-13T11:00:26.466+0530] {processor.py:830} INFO - Processing file /home/logi/txtai/venv/lib/python3.10/site-packages/airflow/example_dags/example_params_ui_tutorial.py for tasks to queue
[2025-11-13T11:00:26.469+0530] {logging_mixin.py:188} INFO - [2025-11-13T11:00:26.468+0530] {dagbag.py:545} INFO - Filling up the DagBag from /home/logi/txtai/venv/lib/python3.10/site-packages/airflow/example_dags/example_params_ui_tutorial.py
[2025-11-13T11:00:26.480+0530] {processor.py:840} INFO - DAG(s) 'example_params_ui_tutorial' retrieved from /home/logi/txtai/venv/lib/python3.10/site-packages/airflow/example_dags/example_params_ui_tutorial.py
[2025-11-13T11:00:26.569+0530] {logging_mixin.py:188} INFO - [2025-11-13T11:00:26.569+0530] {dag.py:3089} INFO - Sync 1 DAGs
[2025-11-13T11:00:26.581+0530] {logging_mixin.py:188} INFO - [2025-11-13T11:00:26.580+0530] {dag.py:3947} INFO - Setting next_dagrun for example_params_ui_tutorial to None, run_after=None
[2025-11-13T11:00:26.612+0530] {processor.py:183} INFO - Processing /home/logi/txtai/venv/lib/python3.10/site-packages/airflow/example_dags/example_params_ui_tutorial.py took 0.158 seconds
[2025-11-13T11:00:58.029+0530] {processor.py:161} INFO - Started process (PID=25590) to work on /home/logi/txtai/venv/lib/python3.10/site-packages/airflow/example_dags/example_params_ui_tutorial.py
[2025-11-13T11:00:58.030+0530] {processor.py:830} INFO - Processing file /home/logi/txtai/venv/lib/python3.10/site-packages/airflow/example_dags/example_params_ui_tutorial.py for tasks to queue
[2025-11-13T11:00:58.032+0530] {logging_mixin.py:188} INFO - [2025-11-13T11:00:58.032+0530] {dagbag.py:545} INFO - Filling up the DagBag from /home/logi/txtai/venv/lib/python3.10/site-packages/airflow/example_dags/example_params_ui_tutorial.py
[2025-11-13T11:00:58.044+0530] {processor.py:840} INFO - DAG(s) 'example_params_ui_tutorial' retrieved from /home/logi/txtai/venv/lib/python3.10/site-packages/airflow/example_dags/example_params_ui_tutorial.py
[2025-11-13T11:00:58.100+0530] {logging_mixin.py:188} INFO - [2025-11-13T11:00:58.100+0530] {dag.py:3089} INFO - Sync 1 DAGs
[2025-11-13T11:00:58.112+0530] {logging_mixin.py:188} INFO - [2025-11-13T11:00:58.112+0530] {dag.py:3947} INFO - Setting next_dagrun for example_params_ui_tutorial to None, run_after=None
[2025-11-13T11:00:58.136+0530] {processor.py:183} INFO - Processing /home/logi/txtai/venv/lib/python3.10/site-packages/airflow/example_dags/example_params_ui_tutorial.py took 0.116 seconds
[2025-11-13T11:01:29.372+0530] {processor.py:161} INFO - Started process (PID=25732) to work on /home/logi/txtai/venv/lib/python3.10/site-packages/airflow/example_dags/example_params_ui_tutorial.py
[2025-11-13T11:01:29.375+0530] {processor.py:830} INFO - Processing file /home/logi/txtai/venv/lib/python3.10/site-packages/airflow/example_dags/example_params_ui_tutorial.py for tasks to queue
[2025-11-13T11:01:29.379+0530] {logging_mixin.py:188} INFO - [2025-11-13T11:01:29.378+0530] {dagbag.py:545} INFO - Filling up the DagBag from /home/logi/txtai/venv/lib/python3.10/site-packages/airflow/example_dags/example_params_ui_tutorial.py
[2025-11-13T11:01:29.392+0530] {processor.py:840} INFO - DAG(s) 'example_params_ui_tutorial' retrieved from /home/logi/txtai/venv/lib/python3.10/site-packages/airflow/example_dags/example_params_ui_tutorial.py
[2025-11-13T11:01:29.499+0530] {logging_mixin.py:188} INFO - [2025-11-13T11:01:29.498+0530] {dag.py:3089} INFO - Sync 1 DAGs
[2025-11-13T11:01:29.518+0530] {logging_mixin.py:188} INFO - [2025-11-13T11:01:29.517+0530] {dag.py:3947} INFO - Setting next_dagrun for example_params_ui_tutorial to None, run_after=None
[2025-11-13T11:01:29.557+0530] {processor.py:183} INFO - Processing /home/logi/txtai/venv/lib/python3.10/site-packages/airflow/example_dags/example_params_ui_tutorial.py took 0.198 seconds
[2025-11-13T11:02:00.238+0530] {processor.py:161} INFO - Started process (PID=25882) to work on /home/logi/txtai/venv/lib/python3.10/site-packages/airflow/example_dags/example_params_ui_tutorial.py
[2025-11-13T11:02:00.240+0530] {processor.py:830} INFO - Processing file /home/logi/txtai/venv/lib/python3.10/site-packages/airflow/example_dags/example_params_ui_tutorial.py for tasks to queue
[2025-11-13T11:02:00.243+0530] {logging_mixin.py:188} INFO - [2025-11-13T11:02:00.243+0530] {dagbag.py:545} INFO - Filling up the DagBag from /home/logi/txtai/venv/lib/python3.10/site-packages/airflow/example_dags/example_params_ui_tutorial.py
[2025-11-13T11:02:00.257+0530] {processor.py:840} INFO - DAG(s) 'example_params_ui_tutorial' retrieved from /home/logi/txtai/venv/lib/python3.10/site-packages/airflow/example_dags/example_params_ui_tutorial.py
[2025-11-13T11:02:00.359+0530] {logging_mixin.py:188} INFO - [2025-11-13T11:02:00.358+0530] {dag.py:3089} INFO - Sync 1 DAGs
[2025-11-13T11:02:00.374+0530] {logging_mixin.py:188} INFO - [2025-11-13T11:02:00.374+0530] {dag.py:3947} INFO - Setting next_dagrun for example_params_ui_tutorial to None, run_after=None
[2025-11-13T11:02:00.426+0530] {processor.py:183} INFO - Processing /home/logi/txtai/venv/lib/python3.10/site-packages/airflow/example_dags/example_params_ui_tutorial.py took 0.201 seconds
[2025-11-13T11:02:30.638+0530] {processor.py:161} INFO - Started process (PID=26046) to work on /home/logi/txtai/venv/lib/python3.10/site-packages/airflow/example_dags/example_params_ui_tutorial.py
[2025-11-13T11:02:30.640+0530] {processor.py:830} INFO - Processing file /home/logi/txtai/venv/lib/python3.10/site-packages/airflow/example_dags/example_params_ui_tutorial.py for tasks to queue
[2025-11-13T11:02:30.642+0530] {logging_mixin.py:188} INFO - [2025-11-13T11:02:30.642+0530] {dagbag.py:545} INFO - Filling up the DagBag from /home/logi/txtai/venv/lib/python3.10/site-packages/airflow/example_dags/example_params_ui_tutorial.py
[2025-11-13T11:02:30.654+0530] {processor.py:840} INFO - DAG(s) 'example_params_ui_tutorial' retrieved from /home/logi/txtai/venv/lib/python3.10/site-packages/airflow/example_dags/example_params_ui_tutorial.py
[2025-11-13T11:02:30.742+0530] {logging_mixin.py:188} INFO - [2025-11-13T11:02:30.741+0530] {dag.py:3089} INFO - Sync 1 DAGs
[2025-11-13T11:02:30.753+0530] {logging_mixin.py:188} INFO - [2025-11-13T11:02:30.753+0530] {dag.py:3947} INFO - Setting next_dagrun for example_params_ui_tutorial to None, run_after=None
[2025-11-13T11:02:30.777+0530] {processor.py:183} INFO - Processing /home/logi/txtai/venv/lib/python3.10/site-packages/airflow/example_dags/example_params_ui_tutorial.py took 0.150 seconds
[2025-11-13T11:03:01.471+0530] {processor.py:161} INFO - Started process (PID=26206) to work on /home/logi/txtai/venv/lib/python3.10/site-packages/airflow/example_dags/example_params_ui_tutorial.py
[2025-11-13T11:03:01.473+0530] {processor.py:830} INFO - Processing file /home/logi/txtai/venv/lib/python3.10/site-packages/airflow/example_dags/example_params_ui_tutorial.py for tasks to queue
[2025-11-13T11:03:01.476+0530] {logging_mixin.py:188} INFO - [2025-11-13T11:03:01.475+0530] {dagbag.py:545} INFO - Filling up the DagBag from /home/logi/txtai/venv/lib/python3.10/site-packages/airflow/example_dags/example_params_ui_tutorial.py
[2025-11-13T11:03:01.488+0530] {processor.py:840} INFO - DAG(s) 'example_params_ui_tutorial' retrieved from /home/logi/txtai/venv/lib/python3.10/site-packages/airflow/example_dags/example_params_ui_tutorial.py
[2025-11-13T11:03:01.573+0530] {logging_mixin.py:188} INFO - [2025-11-13T11:03:01.573+0530] {dag.py:3089} INFO - Sync 1 DAGs
[2025-11-13T11:03:01.585+0530] {logging_mixin.py:188} INFO - [2025-11-13T11:03:01.585+0530] {dag.py:3947} INFO - Setting next_dagrun for example_params_ui_tutorial to None, run_after=None
[2025-11-13T11:03:01.631+0530] {processor.py:183} INFO - Processing /home/logi/txtai/venv/lib/python3.10/site-packages/airflow/example_dags/example_params_ui_tutorial.py took 0.173 seconds
[2025-11-13T11:03:31.728+0530] {processor.py:161} INFO - Started process (PID=26338) to work on /home/logi/txtai/venv/lib/python3.10/site-packages/airflow/example_dags/example_params_ui_tutorial.py
[2025-11-13T11:03:31.730+0530] {processor.py:830} INFO - Processing file /home/logi/txtai/venv/lib/python3.10/site-packages/airflow/example_dags/example_params_ui_tutorial.py for tasks to queue
[2025-11-13T11:03:31.733+0530] {logging_mixin.py:188} INFO - [2025-11-13T11:03:31.732+0530] {dagbag.py:545} INFO - Filling up the DagBag from /home/logi/txtai/venv/lib/python3.10/site-packages/airflow/example_dags/example_params_ui_tutorial.py
[2025-11-13T11:03:31.746+0530] {processor.py:840} INFO - DAG(s) 'example_params_ui_tutorial' retrieved from /home/logi/txtai/venv/lib/python3.10/site-packages/airflow/example_dags/example_params_ui_tutorial.py
[2025-11-13T11:03:31.856+0530] {logging_mixin.py:188} INFO - [2025-11-13T11:03:31.855+0530] {dag.py:3089} INFO - Sync 1 DAGs
[2025-11-13T11:03:31.871+0530] {logging_mixin.py:188} INFO - [2025-11-13T11:03:31.870+0530] {dag.py:3947} INFO - Setting next_dagrun for example_params_ui_tutorial to None, run_after=None
[2025-11-13T11:03:31.925+0530] {processor.py:183} INFO - Processing /home/logi/txtai/venv/lib/python3.10/site-packages/airflow/example_dags/example_params_ui_tutorial.py took 0.210 seconds
[2025-11-13T11:04:02.034+0530] {processor.py:161} INFO - Started process (PID=26479) to work on /home/logi/txtai/venv/lib/python3.10/site-packages/airflow/example_dags/example_params_ui_tutorial.py
[2025-11-13T11:04:02.037+0530] {processor.py:830} INFO - Processing file /home/logi/txtai/venv/lib/python3.10/site-packages/airflow/example_dags/example_params_ui_tutorial.py for tasks to queue
[2025-11-13T11:04:02.040+0530] {logging_mixin.py:188} INFO - [2025-11-13T11:04:02.040+0530] {dagbag.py:545} INFO - Filling up the DagBag from /home/logi/txtai/venv/lib/python3.10/site-packages/airflow/example_dags/example_params_ui_tutorial.py
[2025-11-13T11:04:02.050+0530] {processor.py:840} INFO - DAG(s) 'example_params_ui_tutorial' retrieved from /home/logi/txtai/venv/lib/python3.10/site-packages/airflow/example_dags/example_params_ui_tutorial.py
[2025-11-13T11:04:02.151+0530] {logging_mixin.py:188} INFO - [2025-11-13T11:04:02.151+0530] {dag.py:3089} INFO - Sync 1 DAGs
[2025-11-13T11:04:02.166+0530] {logging_mixin.py:188} INFO - [2025-11-13T11:04:02.165+0530] {dag.py:3947} INFO - Setting next_dagrun for example_params_ui_tutorial to None, run_after=None
[2025-11-13T11:04:02.217+0530] {processor.py:183} INFO - Processing /home/logi/txtai/venv/lib/python3.10/site-packages/airflow/example_dags/example_params_ui_tutorial.py took 0.198 seconds
[2025-11-13T11:04:32.910+0530] {processor.py:161} INFO - Started process (PID=26622) to work on /home/logi/txtai/venv/lib/python3.10/site-packages/airflow/example_dags/example_params_ui_tutorial.py
[2025-11-13T11:04:32.912+0530] {processor.py:830} INFO - Processing file /home/logi/txtai/venv/lib/python3.10/site-packages/airflow/example_dags/example_params_ui_tutorial.py for tasks to queue
[2025-11-13T11:04:32.915+0530] {logging_mixin.py:188} INFO - [2025-11-13T11:04:32.915+0530] {dagbag.py:545} INFO - Filling up the DagBag from /home/logi/txtai/venv/lib/python3.10/site-packages/airflow/example_dags/example_params_ui_tutorial.py
[2025-11-13T11:04:32.928+0530] {processor.py:840} INFO - DAG(s) 'example_params_ui_tutorial' retrieved from /home/logi/txtai/venv/lib/python3.10/site-packages/airflow/example_dags/example_params_ui_tutorial.py
[2025-11-13T11:04:33.037+0530] {logging_mixin.py:188} INFO - [2025-11-13T11:04:33.037+0530] {dag.py:3089} INFO - Sync 1 DAGs
[2025-11-13T11:04:33.053+0530] {logging_mixin.py:188} INFO - [2025-11-13T11:04:33.053+0530] {dag.py:3947} INFO - Setting next_dagrun for example_params_ui_tutorial to None, run_after=None
[2025-11-13T11:04:33.089+0530] {processor.py:183} INFO - Processing /home/logi/txtai/venv/lib/python3.10/site-packages/airflow/example_dags/example_params_ui_tutorial.py took 0.192 seconds
[2025-11-13T11:05:03.231+0530] {processor.py:161} INFO - Started process (PID=26765) to work on /home/logi/txtai/venv/lib/python3.10/site-packages/airflow/example_dags/example_params_ui_tutorial.py
[2025-11-13T11:05:03.233+0530] {processor.py:830} INFO - Processing file /home/logi/txtai/venv/lib/python3.10/site-packages/airflow/example_dags/example_params_ui_tutorial.py for tasks to queue
[2025-11-13T11:05:03.236+0530] {logging_mixin.py:188} INFO - [2025-11-13T11:05:03.235+0530] {dagbag.py:545} INFO - Filling up the DagBag from /home/logi/txtai/venv/lib/python3.10/site-packages/airflow/example_dags/example_params_ui_tutorial.py
[2025-11-13T11:05:03.246+0530] {processor.py:840} INFO - DAG(s) 'example_params_ui_tutorial' retrieved from /home/logi/txtai/venv/lib/python3.10/site-packages/airflow/example_dags/example_params_ui_tutorial.py
[2025-11-13T11:05:03.347+0530] {logging_mixin.py:188} INFO - [2025-11-13T11:05:03.347+0530] {dag.py:3089} INFO - Sync 1 DAGs
[2025-11-13T11:05:03.363+0530] {logging_mixin.py:188} INFO - [2025-11-13T11:05:03.362+0530] {dag.py:3947} INFO - Setting next_dagrun for example_params_ui_tutorial to None, run_after=None
[2025-11-13T11:05:03.403+0530] {processor.py:183} INFO - Processing /home/logi/txtai/venv/lib/python3.10/site-packages/airflow/example_dags/example_params_ui_tutorial.py took 0.185 seconds
