[2025-11-13T05:51:30.907+0530] {processor.py:161} INFO - Started process (PID=6999) to work on /home/logi/txtai/venv/lib/python3.10/site-packages/airflow/example_dags/example_kubernetes_executor.py
[2025-11-13T05:51:30.908+0530] {processor.py:830} INFO - Processing file /home/logi/txtai/venv/lib/python3.10/site-packages/airflow/example_dags/example_kubernetes_executor.py for tasks to queue
[2025-11-13T05:51:30.911+0530] {logging_mixin.py:188} INFO - [2025-11-13T05:51:30.910+0530] {dagbag.py:545} INFO - Filling up the DagBag from /home/logi/txtai/venv/lib/python3.10/site-packages/airflow/example_dags/example_kubernetes_executor.py
[2025-11-13T05:51:30.915+0530] {logging_mixin.py:188} INFO - [2025-11-13T05:51:30.915+0530] {example_kubernetes_executor.py:39} WARNING - The example_kubernetes_executor example DAG requires the kubernetes provider. Please install it with: pip install apache-airflow[cncf.kubernetes]
[2025-11-13T05:51:30.915+0530] {processor.py:842} WARNING - No viable dags retrieved from /home/logi/txtai/venv/lib/python3.10/site-packages/airflow/example_dags/example_kubernetes_executor.py
[2025-11-13T05:51:30.929+0530] {processor.py:183} INFO - Processing /home/logi/txtai/venv/lib/python3.10/site-packages/airflow/example_dags/example_kubernetes_executor.py took 0.031 seconds
[2025-11-13T05:54:53.553+0530] {processor.py:161} INFO - Started process (PID=9323) to work on /home/logi/txtai/venv/lib/python3.10/site-packages/airflow/example_dags/example_kubernetes_executor.py
[2025-11-13T05:54:53.566+0530] {processor.py:830} INFO - Processing file /home/logi/txtai/venv/lib/python3.10/site-packages/airflow/example_dags/example_kubernetes_executor.py for tasks to queue
[2025-11-13T05:54:53.569+0530] {logging_mixin.py:188} INFO - [2025-11-13T05:54:53.568+0530] {dagbag.py:545} INFO - Filling up the DagBag from /home/logi/txtai/venv/lib/python3.10/site-packages/airflow/example_dags/example_kubernetes_executor.py
[2025-11-13T05:54:53.573+0530] {logging_mixin.py:188} INFO - [2025-11-13T05:54:53.573+0530] {example_kubernetes_executor.py:39} WARNING - The example_kubernetes_executor example DAG requires the kubernetes provider. Please install it with: pip install apache-airflow[cncf.kubernetes]
[2025-11-13T05:54:53.574+0530] {processor.py:842} WARNING - No viable dags retrieved from /home/logi/txtai/venv/lib/python3.10/site-packages/airflow/example_dags/example_kubernetes_executor.py
[2025-11-13T05:54:53.590+0530] {processor.py:183} INFO - Processing /home/logi/txtai/venv/lib/python3.10/site-packages/airflow/example_dags/example_kubernetes_executor.py took 0.047 seconds
[2025-11-13T05:57:42.708+0530] {processor.py:161} INFO - Started process (PID=11023) to work on /home/logi/txtai/venv/lib/python3.10/site-packages/airflow/example_dags/example_kubernetes_executor.py
[2025-11-13T05:57:42.722+0530] {processor.py:830} INFO - Processing file /home/logi/txtai/venv/lib/python3.10/site-packages/airflow/example_dags/example_kubernetes_executor.py for tasks to queue
[2025-11-13T05:57:42.725+0530] {logging_mixin.py:188} INFO - [2025-11-13T05:57:42.725+0530] {dagbag.py:545} INFO - Filling up the DagBag from /home/logi/txtai/venv/lib/python3.10/site-packages/airflow/example_dags/example_kubernetes_executor.py
[2025-11-13T05:57:42.730+0530] {logging_mixin.py:188} INFO - [2025-11-13T05:57:42.730+0530] {example_kubernetes_executor.py:39} WARNING - The example_kubernetes_executor example DAG requires the kubernetes provider. Please install it with: pip install apache-airflow[cncf.kubernetes]
[2025-11-13T05:57:42.730+0530] {processor.py:842} WARNING - No viable dags retrieved from /home/logi/txtai/venv/lib/python3.10/site-packages/airflow/example_dags/example_kubernetes_executor.py
[2025-11-13T05:57:42.748+0530] {processor.py:183} INFO - Processing /home/logi/txtai/venv/lib/python3.10/site-packages/airflow/example_dags/example_kubernetes_executor.py took 0.051 seconds
[2025-11-13T06:01:56.507+0530] {processor.py:161} INFO - Started process (PID=13757) to work on /home/logi/txtai/venv/lib/python3.10/site-packages/airflow/example_dags/example_kubernetes_executor.py
[2025-11-13T06:01:56.509+0530] {processor.py:830} INFO - Processing file /home/logi/txtai/venv/lib/python3.10/site-packages/airflow/example_dags/example_kubernetes_executor.py for tasks to queue
[2025-11-13T06:01:56.512+0530] {logging_mixin.py:188} INFO - [2025-11-13T06:01:56.511+0530] {dagbag.py:545} INFO - Filling up the DagBag from /home/logi/txtai/venv/lib/python3.10/site-packages/airflow/example_dags/example_kubernetes_executor.py
[2025-11-13T06:01:56.516+0530] {logging_mixin.py:188} INFO - [2025-11-13T06:01:56.516+0530] {example_kubernetes_executor.py:39} WARNING - The example_kubernetes_executor example DAG requires the kubernetes provider. Please install it with: pip install apache-airflow[cncf.kubernetes]
[2025-11-13T06:01:56.517+0530] {processor.py:842} WARNING - No viable dags retrieved from /home/logi/txtai/venv/lib/python3.10/site-packages/airflow/example_dags/example_kubernetes_executor.py
[2025-11-13T06:01:56.533+0530] {processor.py:183} INFO - Processing /home/logi/txtai/venv/lib/python3.10/site-packages/airflow/example_dags/example_kubernetes_executor.py took 0.035 seconds
[2025-11-13T10:40:45.081+0530] {processor.py:161} INFO - Started process (PID=17147) to work on /home/logi/txtai/venv/lib/python3.10/site-packages/airflow/example_dags/example_kubernetes_executor.py
[2025-11-13T10:40:45.083+0530] {processor.py:830} INFO - Processing file /home/logi/txtai/venv/lib/python3.10/site-packages/airflow/example_dags/example_kubernetes_executor.py for tasks to queue
[2025-11-13T10:40:45.086+0530] {logging_mixin.py:188} INFO - [2025-11-13T10:40:45.085+0530] {dagbag.py:545} INFO - Filling up the DagBag from /home/logi/txtai/venv/lib/python3.10/site-packages/airflow/example_dags/example_kubernetes_executor.py
[2025-11-13T10:40:45.091+0530] {logging_mixin.py:188} INFO - [2025-11-13T10:40:45.090+0530] {example_kubernetes_executor.py:39} WARNING - The example_kubernetes_executor example DAG requires the kubernetes provider. Please install it with: pip install apache-airflow[cncf.kubernetes]
[2025-11-13T10:40:45.091+0530] {processor.py:842} WARNING - No viable dags retrieved from /home/logi/txtai/venv/lib/python3.10/site-packages/airflow/example_dags/example_kubernetes_executor.py
[2025-11-13T10:40:45.136+0530] {processor.py:183} INFO - Processing /home/logi/txtai/venv/lib/python3.10/site-packages/airflow/example_dags/example_kubernetes_executor.py took 0.065 seconds
[2025-11-13T10:41:16.074+0530] {processor.py:161} INFO - Started process (PID=17577) to work on /home/logi/txtai/venv/lib/python3.10/site-packages/airflow/example_dags/example_kubernetes_executor.py
[2025-11-13T10:41:16.076+0530] {processor.py:830} INFO - Processing file /home/logi/txtai/venv/lib/python3.10/site-packages/airflow/example_dags/example_kubernetes_executor.py for tasks to queue
[2025-11-13T10:41:16.079+0530] {logging_mixin.py:188} INFO - [2025-11-13T10:41:16.079+0530] {dagbag.py:545} INFO - Filling up the DagBag from /home/logi/txtai/venv/lib/python3.10/site-packages/airflow/example_dags/example_kubernetes_executor.py
[2025-11-13T10:41:16.083+0530] {logging_mixin.py:188} INFO - [2025-11-13T10:41:16.083+0530] {example_kubernetes_executor.py:39} WARNING - The example_kubernetes_executor example DAG requires the kubernetes provider. Please install it with: pip install apache-airflow[cncf.kubernetes]
[2025-11-13T10:41:16.084+0530] {processor.py:842} WARNING - No viable dags retrieved from /home/logi/txtai/venv/lib/python3.10/site-packages/airflow/example_dags/example_kubernetes_executor.py
[2025-11-13T10:41:16.125+0530] {processor.py:183} INFO - Processing /home/logi/txtai/venv/lib/python3.10/site-packages/airflow/example_dags/example_kubernetes_executor.py took 0.062 seconds
[2025-11-13T10:41:47.010+0530] {processor.py:161} INFO - Started process (PID=18202) to work on /home/logi/txtai/venv/lib/python3.10/site-packages/airflow/example_dags/example_kubernetes_executor.py
[2025-11-13T10:41:47.014+0530] {processor.py:830} INFO - Processing file /home/logi/txtai/venv/lib/python3.10/site-packages/airflow/example_dags/example_kubernetes_executor.py for tasks to queue
[2025-11-13T10:41:47.018+0530] {logging_mixin.py:188} INFO - [2025-11-13T10:41:47.017+0530] {dagbag.py:545} INFO - Filling up the DagBag from /home/logi/txtai/venv/lib/python3.10/site-packages/airflow/example_dags/example_kubernetes_executor.py
[2025-11-13T10:41:47.026+0530] {logging_mixin.py:188} INFO - [2025-11-13T10:41:47.025+0530] {example_kubernetes_executor.py:39} WARNING - The example_kubernetes_executor example DAG requires the kubernetes provider. Please install it with: pip install apache-airflow[cncf.kubernetes]
[2025-11-13T10:41:47.026+0530] {processor.py:842} WARNING - No viable dags retrieved from /home/logi/txtai/venv/lib/python3.10/site-packages/airflow/example_dags/example_kubernetes_executor.py
[2025-11-13T10:41:47.069+0530] {processor.py:183} INFO - Processing /home/logi/txtai/venv/lib/python3.10/site-packages/airflow/example_dags/example_kubernetes_executor.py took 0.077 seconds
[2025-11-13T10:42:17.963+0530] {processor.py:161} INFO - Started process (PID=18801) to work on /home/logi/txtai/venv/lib/python3.10/site-packages/airflow/example_dags/example_kubernetes_executor.py
[2025-11-13T10:42:17.965+0530] {processor.py:830} INFO - Processing file /home/logi/txtai/venv/lib/python3.10/site-packages/airflow/example_dags/example_kubernetes_executor.py for tasks to queue
[2025-11-13T10:42:17.968+0530] {logging_mixin.py:188} INFO - [2025-11-13T10:42:17.968+0530] {dagbag.py:545} INFO - Filling up the DagBag from /home/logi/txtai/venv/lib/python3.10/site-packages/airflow/example_dags/example_kubernetes_executor.py
[2025-11-13T10:42:17.973+0530] {logging_mixin.py:188} INFO - [2025-11-13T10:42:17.972+0530] {example_kubernetes_executor.py:39} WARNING - The example_kubernetes_executor example DAG requires the kubernetes provider. Please install it with: pip install apache-airflow[cncf.kubernetes]
[2025-11-13T10:42:17.973+0530] {processor.py:842} WARNING - No viable dags retrieved from /home/logi/txtai/venv/lib/python3.10/site-packages/airflow/example_dags/example_kubernetes_executor.py
[2025-11-13T10:42:18.014+0530] {processor.py:183} INFO - Processing /home/logi/txtai/venv/lib/python3.10/site-packages/airflow/example_dags/example_kubernetes_executor.py took 0.064 seconds
[2025-11-13T10:42:48.518+0530] {processor.py:161} INFO - Started process (PID=19016) to work on /home/logi/txtai/venv/lib/python3.10/site-packages/airflow/example_dags/example_kubernetes_executor.py
[2025-11-13T10:42:48.520+0530] {processor.py:830} INFO - Processing file /home/logi/txtai/venv/lib/python3.10/site-packages/airflow/example_dags/example_kubernetes_executor.py for tasks to queue
[2025-11-13T10:42:48.523+0530] {logging_mixin.py:188} INFO - [2025-11-13T10:42:48.523+0530] {dagbag.py:545} INFO - Filling up the DagBag from /home/logi/txtai/venv/lib/python3.10/site-packages/airflow/example_dags/example_kubernetes_executor.py
[2025-11-13T10:42:48.528+0530] {logging_mixin.py:188} INFO - [2025-11-13T10:42:48.528+0530] {example_kubernetes_executor.py:39} WARNING - The example_kubernetes_executor example DAG requires the kubernetes provider. Please install it with: pip install apache-airflow[cncf.kubernetes]
[2025-11-13T10:42:48.529+0530] {processor.py:842} WARNING - No viable dags retrieved from /home/logi/txtai/venv/lib/python3.10/site-packages/airflow/example_dags/example_kubernetes_executor.py
[2025-11-13T10:42:48.580+0530] {processor.py:183} INFO - Processing /home/logi/txtai/venv/lib/python3.10/site-packages/airflow/example_dags/example_kubernetes_executor.py took 0.073 seconds
[2025-11-13T10:43:18.845+0530] {processor.py:161} INFO - Started process (PID=19157) to work on /home/logi/txtai/venv/lib/python3.10/site-packages/airflow/example_dags/example_kubernetes_executor.py
[2025-11-13T10:43:18.847+0530] {processor.py:830} INFO - Processing file /home/logi/txtai/venv/lib/python3.10/site-packages/airflow/example_dags/example_kubernetes_executor.py for tasks to queue
[2025-11-13T10:43:18.849+0530] {logging_mixin.py:188} INFO - [2025-11-13T10:43:18.849+0530] {dagbag.py:545} INFO - Filling up the DagBag from /home/logi/txtai/venv/lib/python3.10/site-packages/airflow/example_dags/example_kubernetes_executor.py
[2025-11-13T10:43:18.854+0530] {logging_mixin.py:188} INFO - [2025-11-13T10:43:18.853+0530] {example_kubernetes_executor.py:39} WARNING - The example_kubernetes_executor example DAG requires the kubernetes provider. Please install it with: pip install apache-airflow[cncf.kubernetes]
[2025-11-13T10:43:18.854+0530] {processor.py:842} WARNING - No viable dags retrieved from /home/logi/txtai/venv/lib/python3.10/site-packages/airflow/example_dags/example_kubernetes_executor.py
[2025-11-13T10:43:18.900+0530] {processor.py:183} INFO - Processing /home/logi/txtai/venv/lib/python3.10/site-packages/airflow/example_dags/example_kubernetes_executor.py took 0.066 seconds
[2025-11-13T10:43:50.189+0530] {processor.py:161} INFO - Started process (PID=19299) to work on /home/logi/txtai/venv/lib/python3.10/site-packages/airflow/example_dags/example_kubernetes_executor.py
[2025-11-13T10:43:50.191+0530] {processor.py:830} INFO - Processing file /home/logi/txtai/venv/lib/python3.10/site-packages/airflow/example_dags/example_kubernetes_executor.py for tasks to queue
[2025-11-13T10:43:50.194+0530] {logging_mixin.py:188} INFO - [2025-11-13T10:43:50.193+0530] {dagbag.py:545} INFO - Filling up the DagBag from /home/logi/txtai/venv/lib/python3.10/site-packages/airflow/example_dags/example_kubernetes_executor.py
[2025-11-13T10:43:50.198+0530] {logging_mixin.py:188} INFO - [2025-11-13T10:43:50.198+0530] {example_kubernetes_executor.py:39} WARNING - The example_kubernetes_executor example DAG requires the kubernetes provider. Please install it with: pip install apache-airflow[cncf.kubernetes]
[2025-11-13T10:43:50.199+0530] {processor.py:842} WARNING - No viable dags retrieved from /home/logi/txtai/venv/lib/python3.10/site-packages/airflow/example_dags/example_kubernetes_executor.py
[2025-11-13T10:43:50.224+0530] {processor.py:183} INFO - Processing /home/logi/txtai/venv/lib/python3.10/site-packages/airflow/example_dags/example_kubernetes_executor.py took 0.045 seconds
[2025-11-13T10:44:21.591+0530] {processor.py:161} INFO - Started process (PID=19443) to work on /home/logi/txtai/venv/lib/python3.10/site-packages/airflow/example_dags/example_kubernetes_executor.py
[2025-11-13T10:44:21.592+0530] {processor.py:830} INFO - Processing file /home/logi/txtai/venv/lib/python3.10/site-packages/airflow/example_dags/example_kubernetes_executor.py for tasks to queue
[2025-11-13T10:44:21.595+0530] {logging_mixin.py:188} INFO - [2025-11-13T10:44:21.595+0530] {dagbag.py:545} INFO - Filling up the DagBag from /home/logi/txtai/venv/lib/python3.10/site-packages/airflow/example_dags/example_kubernetes_executor.py
[2025-11-13T10:44:21.599+0530] {logging_mixin.py:188} INFO - [2025-11-13T10:44:21.599+0530] {example_kubernetes_executor.py:39} WARNING - The example_kubernetes_executor example DAG requires the kubernetes provider. Please install it with: pip install apache-airflow[cncf.kubernetes]
[2025-11-13T10:44:21.600+0530] {processor.py:842} WARNING - No viable dags retrieved from /home/logi/txtai/venv/lib/python3.10/site-packages/airflow/example_dags/example_kubernetes_executor.py
[2025-11-13T10:44:21.640+0530] {processor.py:183} INFO - Processing /home/logi/txtai/venv/lib/python3.10/site-packages/airflow/example_dags/example_kubernetes_executor.py took 0.060 seconds
[2025-11-13T10:44:53.315+0530] {processor.py:161} INFO - Started process (PID=19583) to work on /home/logi/txtai/venv/lib/python3.10/site-packages/airflow/example_dags/example_kubernetes_executor.py
[2025-11-13T10:44:53.317+0530] {processor.py:830} INFO - Processing file /home/logi/txtai/venv/lib/python3.10/site-packages/airflow/example_dags/example_kubernetes_executor.py for tasks to queue
[2025-11-13T10:44:53.319+0530] {logging_mixin.py:188} INFO - [2025-11-13T10:44:53.319+0530] {dagbag.py:545} INFO - Filling up the DagBag from /home/logi/txtai/venv/lib/python3.10/site-packages/airflow/example_dags/example_kubernetes_executor.py
[2025-11-13T10:44:53.324+0530] {logging_mixin.py:188} INFO - [2025-11-13T10:44:53.323+0530] {example_kubernetes_executor.py:39} WARNING - The example_kubernetes_executor example DAG requires the kubernetes provider. Please install it with: pip install apache-airflow[cncf.kubernetes]
[2025-11-13T10:44:53.324+0530] {processor.py:842} WARNING - No viable dags retrieved from /home/logi/txtai/venv/lib/python3.10/site-packages/airflow/example_dags/example_kubernetes_executor.py
[2025-11-13T10:44:53.369+0530] {processor.py:183} INFO - Processing /home/logi/txtai/venv/lib/python3.10/site-packages/airflow/example_dags/example_kubernetes_executor.py took 0.065 seconds
[2025-11-13T10:45:24.064+0530] {processor.py:161} INFO - Started process (PID=19728) to work on /home/logi/txtai/venv/lib/python3.10/site-packages/airflow/example_dags/example_kubernetes_executor.py
[2025-11-13T10:45:24.065+0530] {processor.py:830} INFO - Processing file /home/logi/txtai/venv/lib/python3.10/site-packages/airflow/example_dags/example_kubernetes_executor.py for tasks to queue
[2025-11-13T10:45:24.068+0530] {logging_mixin.py:188} INFO - [2025-11-13T10:45:24.068+0530] {dagbag.py:545} INFO - Filling up the DagBag from /home/logi/txtai/venv/lib/python3.10/site-packages/airflow/example_dags/example_kubernetes_executor.py
[2025-11-13T10:45:24.072+0530] {logging_mixin.py:188} INFO - [2025-11-13T10:45:24.072+0530] {example_kubernetes_executor.py:39} WARNING - The example_kubernetes_executor example DAG requires the kubernetes provider. Please install it with: pip install apache-airflow[cncf.kubernetes]
[2025-11-13T10:45:24.073+0530] {processor.py:842} WARNING - No viable dags retrieved from /home/logi/txtai/venv/lib/python3.10/site-packages/airflow/example_dags/example_kubernetes_executor.py
[2025-11-13T10:45:24.116+0530] {processor.py:183} INFO - Processing /home/logi/txtai/venv/lib/python3.10/site-packages/airflow/example_dags/example_kubernetes_executor.py took 0.063 seconds
[2025-11-13T10:45:54.870+0530] {processor.py:161} INFO - Started process (PID=19897) to work on /home/logi/txtai/venv/lib/python3.10/site-packages/airflow/example_dags/example_kubernetes_executor.py
[2025-11-13T10:45:54.872+0530] {processor.py:830} INFO - Processing file /home/logi/txtai/venv/lib/python3.10/site-packages/airflow/example_dags/example_kubernetes_executor.py for tasks to queue
[2025-11-13T10:45:54.875+0530] {logging_mixin.py:188} INFO - [2025-11-13T10:45:54.874+0530] {dagbag.py:545} INFO - Filling up the DagBag from /home/logi/txtai/venv/lib/python3.10/site-packages/airflow/example_dags/example_kubernetes_executor.py
[2025-11-13T10:45:54.879+0530] {logging_mixin.py:188} INFO - [2025-11-13T10:45:54.879+0530] {example_kubernetes_executor.py:39} WARNING - The example_kubernetes_executor example DAG requires the kubernetes provider. Please install it with: pip install apache-airflow[cncf.kubernetes]
[2025-11-13T10:45:54.879+0530] {processor.py:842} WARNING - No viable dags retrieved from /home/logi/txtai/venv/lib/python3.10/site-packages/airflow/example_dags/example_kubernetes_executor.py
[2025-11-13T10:45:54.925+0530] {processor.py:183} INFO - Processing /home/logi/txtai/venv/lib/python3.10/site-packages/airflow/example_dags/example_kubernetes_executor.py took 0.066 seconds
[2025-11-13T10:46:26.813+0530] {processor.py:161} INFO - Started process (PID=20042) to work on /home/logi/txtai/venv/lib/python3.10/site-packages/airflow/example_dags/example_kubernetes_executor.py
[2025-11-13T10:46:26.814+0530] {processor.py:830} INFO - Processing file /home/logi/txtai/venv/lib/python3.10/site-packages/airflow/example_dags/example_kubernetes_executor.py for tasks to queue
[2025-11-13T10:46:26.817+0530] {logging_mixin.py:188} INFO - [2025-11-13T10:46:26.817+0530] {dagbag.py:545} INFO - Filling up the DagBag from /home/logi/txtai/venv/lib/python3.10/site-packages/airflow/example_dags/example_kubernetes_executor.py
[2025-11-13T10:46:26.821+0530] {logging_mixin.py:188} INFO - [2025-11-13T10:46:26.821+0530] {example_kubernetes_executor.py:39} WARNING - The example_kubernetes_executor example DAG requires the kubernetes provider. Please install it with: pip install apache-airflow[cncf.kubernetes]
[2025-11-13T10:46:26.822+0530] {processor.py:842} WARNING - No viable dags retrieved from /home/logi/txtai/venv/lib/python3.10/site-packages/airflow/example_dags/example_kubernetes_executor.py
[2025-11-13T10:46:26.858+0530] {processor.py:183} INFO - Processing /home/logi/txtai/venv/lib/python3.10/site-packages/airflow/example_dags/example_kubernetes_executor.py took 0.056 seconds
[2025-11-13T10:46:57.392+0530] {processor.py:161} INFO - Started process (PID=20185) to work on /home/logi/txtai/venv/lib/python3.10/site-packages/airflow/example_dags/example_kubernetes_executor.py
[2025-11-13T10:46:57.393+0530] {processor.py:830} INFO - Processing file /home/logi/txtai/venv/lib/python3.10/site-packages/airflow/example_dags/example_kubernetes_executor.py for tasks to queue
[2025-11-13T10:46:57.396+0530] {logging_mixin.py:188} INFO - [2025-11-13T10:46:57.395+0530] {dagbag.py:545} INFO - Filling up the DagBag from /home/logi/txtai/venv/lib/python3.10/site-packages/airflow/example_dags/example_kubernetes_executor.py
[2025-11-13T10:46:57.400+0530] {logging_mixin.py:188} INFO - [2025-11-13T10:46:57.400+0530] {example_kubernetes_executor.py:39} WARNING - The example_kubernetes_executor example DAG requires the kubernetes provider. Please install it with: pip install apache-airflow[cncf.kubernetes]
[2025-11-13T10:46:57.400+0530] {processor.py:842} WARNING - No viable dags retrieved from /home/logi/txtai/venv/lib/python3.10/site-packages/airflow/example_dags/example_kubernetes_executor.py
[2025-11-13T10:46:57.445+0530] {processor.py:183} INFO - Processing /home/logi/txtai/venv/lib/python3.10/site-packages/airflow/example_dags/example_kubernetes_executor.py took 0.064 seconds
[2025-11-13T10:47:28.617+0530] {processor.py:161} INFO - Started process (PID=20327) to work on /home/logi/txtai/venv/lib/python3.10/site-packages/airflow/example_dags/example_kubernetes_executor.py
[2025-11-13T10:47:28.619+0530] {processor.py:830} INFO - Processing file /home/logi/txtai/venv/lib/python3.10/site-packages/airflow/example_dags/example_kubernetes_executor.py for tasks to queue
[2025-11-13T10:47:28.621+0530] {logging_mixin.py:188} INFO - [2025-11-13T10:47:28.621+0530] {dagbag.py:545} INFO - Filling up the DagBag from /home/logi/txtai/venv/lib/python3.10/site-packages/airflow/example_dags/example_kubernetes_executor.py
[2025-11-13T10:47:28.626+0530] {logging_mixin.py:188} INFO - [2025-11-13T10:47:28.625+0530] {example_kubernetes_executor.py:39} WARNING - The example_kubernetes_executor example DAG requires the kubernetes provider. Please install it with: pip install apache-airflow[cncf.kubernetes]
[2025-11-13T10:47:28.626+0530] {processor.py:842} WARNING - No viable dags retrieved from /home/logi/txtai/venv/lib/python3.10/site-packages/airflow/example_dags/example_kubernetes_executor.py
[2025-11-13T10:47:28.669+0530] {processor.py:183} INFO - Processing /home/logi/txtai/venv/lib/python3.10/site-packages/airflow/example_dags/example_kubernetes_executor.py took 0.063 seconds
[2025-11-13T10:48:00.319+0530] {processor.py:161} INFO - Started process (PID=20470) to work on /home/logi/txtai/venv/lib/python3.10/site-packages/airflow/example_dags/example_kubernetes_executor.py
[2025-11-13T10:48:00.320+0530] {processor.py:830} INFO - Processing file /home/logi/txtai/venv/lib/python3.10/site-packages/airflow/example_dags/example_kubernetes_executor.py for tasks to queue
[2025-11-13T10:48:00.323+0530] {logging_mixin.py:188} INFO - [2025-11-13T10:48:00.323+0530] {dagbag.py:545} INFO - Filling up the DagBag from /home/logi/txtai/venv/lib/python3.10/site-packages/airflow/example_dags/example_kubernetes_executor.py
[2025-11-13T10:48:00.327+0530] {logging_mixin.py:188} INFO - [2025-11-13T10:48:00.327+0530] {example_kubernetes_executor.py:39} WARNING - The example_kubernetes_executor example DAG requires the kubernetes provider. Please install it with: pip install apache-airflow[cncf.kubernetes]
[2025-11-13T10:48:00.328+0530] {processor.py:842} WARNING - No viable dags retrieved from /home/logi/txtai/venv/lib/python3.10/site-packages/airflow/example_dags/example_kubernetes_executor.py
[2025-11-13T10:48:00.379+0530] {processor.py:183} INFO - Processing /home/logi/txtai/venv/lib/python3.10/site-packages/airflow/example_dags/example_kubernetes_executor.py took 0.071 seconds
[2025-11-13T10:48:31.417+0530] {processor.py:161} INFO - Started process (PID=20611) to work on /home/logi/txtai/venv/lib/python3.10/site-packages/airflow/example_dags/example_kubernetes_executor.py
[2025-11-13T10:48:31.420+0530] {processor.py:830} INFO - Processing file /home/logi/txtai/venv/lib/python3.10/site-packages/airflow/example_dags/example_kubernetes_executor.py for tasks to queue
[2025-11-13T10:48:31.423+0530] {logging_mixin.py:188} INFO - [2025-11-13T10:48:31.423+0530] {dagbag.py:545} INFO - Filling up the DagBag from /home/logi/txtai/venv/lib/python3.10/site-packages/airflow/example_dags/example_kubernetes_executor.py
[2025-11-13T10:48:31.429+0530] {logging_mixin.py:188} INFO - [2025-11-13T10:48:31.429+0530] {example_kubernetes_executor.py:39} WARNING - The example_kubernetes_executor example DAG requires the kubernetes provider. Please install it with: pip install apache-airflow[cncf.kubernetes]
[2025-11-13T10:48:31.430+0530] {processor.py:842} WARNING - No viable dags retrieved from /home/logi/txtai/venv/lib/python3.10/site-packages/airflow/example_dags/example_kubernetes_executor.py
[2025-11-13T10:48:31.479+0530] {processor.py:183} INFO - Processing /home/logi/txtai/venv/lib/python3.10/site-packages/airflow/example_dags/example_kubernetes_executor.py took 0.075 seconds
[2025-11-13T10:49:01.774+0530] {processor.py:161} INFO - Started process (PID=20755) to work on /home/logi/txtai/venv/lib/python3.10/site-packages/airflow/example_dags/example_kubernetes_executor.py
[2025-11-13T10:49:01.776+0530] {processor.py:830} INFO - Processing file /home/logi/txtai/venv/lib/python3.10/site-packages/airflow/example_dags/example_kubernetes_executor.py for tasks to queue
[2025-11-13T10:49:01.778+0530] {logging_mixin.py:188} INFO - [2025-11-13T10:49:01.778+0530] {dagbag.py:545} INFO - Filling up the DagBag from /home/logi/txtai/venv/lib/python3.10/site-packages/airflow/example_dags/example_kubernetes_executor.py
[2025-11-13T10:49:01.782+0530] {logging_mixin.py:188} INFO - [2025-11-13T10:49:01.782+0530] {example_kubernetes_executor.py:39} WARNING - The example_kubernetes_executor example DAG requires the kubernetes provider. Please install it with: pip install apache-airflow[cncf.kubernetes]
[2025-11-13T10:49:01.783+0530] {processor.py:842} WARNING - No viable dags retrieved from /home/logi/txtai/venv/lib/python3.10/site-packages/airflow/example_dags/example_kubernetes_executor.py
[2025-11-13T10:49:01.827+0530] {processor.py:183} INFO - Processing /home/logi/txtai/venv/lib/python3.10/site-packages/airflow/example_dags/example_kubernetes_executor.py took 0.064 seconds
[2025-11-13T10:49:32.602+0530] {processor.py:161} INFO - Started process (PID=20901) to work on /home/logi/txtai/venv/lib/python3.10/site-packages/airflow/example_dags/example_kubernetes_executor.py
[2025-11-13T10:49:32.604+0530] {processor.py:830} INFO - Processing file /home/logi/txtai/venv/lib/python3.10/site-packages/airflow/example_dags/example_kubernetes_executor.py for tasks to queue
[2025-11-13T10:49:32.607+0530] {logging_mixin.py:188} INFO - [2025-11-13T10:49:32.606+0530] {dagbag.py:545} INFO - Filling up the DagBag from /home/logi/txtai/venv/lib/python3.10/site-packages/airflow/example_dags/example_kubernetes_executor.py
[2025-11-13T10:49:32.611+0530] {logging_mixin.py:188} INFO - [2025-11-13T10:49:32.611+0530] {example_kubernetes_executor.py:39} WARNING - The example_kubernetes_executor example DAG requires the kubernetes provider. Please install it with: pip install apache-airflow[cncf.kubernetes]
[2025-11-13T10:49:32.611+0530] {processor.py:842} WARNING - No viable dags retrieved from /home/logi/txtai/venv/lib/python3.10/site-packages/airflow/example_dags/example_kubernetes_executor.py
[2025-11-13T10:49:32.654+0530] {processor.py:183} INFO - Processing /home/logi/txtai/venv/lib/python3.10/site-packages/airflow/example_dags/example_kubernetes_executor.py took 0.062 seconds
[2025-11-13T10:50:03.868+0530] {processor.py:161} INFO - Started process (PID=21043) to work on /home/logi/txtai/venv/lib/python3.10/site-packages/airflow/example_dags/example_kubernetes_executor.py
[2025-11-13T10:50:03.870+0530] {processor.py:830} INFO - Processing file /home/logi/txtai/venv/lib/python3.10/site-packages/airflow/example_dags/example_kubernetes_executor.py for tasks to queue
[2025-11-13T10:50:03.872+0530] {logging_mixin.py:188} INFO - [2025-11-13T10:50:03.872+0530] {dagbag.py:545} INFO - Filling up the DagBag from /home/logi/txtai/venv/lib/python3.10/site-packages/airflow/example_dags/example_kubernetes_executor.py
[2025-11-13T10:50:03.876+0530] {logging_mixin.py:188} INFO - [2025-11-13T10:50:03.876+0530] {example_kubernetes_executor.py:39} WARNING - The example_kubernetes_executor example DAG requires the kubernetes provider. Please install it with: pip install apache-airflow[cncf.kubernetes]
[2025-11-13T10:50:03.877+0530] {processor.py:842} WARNING - No viable dags retrieved from /home/logi/txtai/venv/lib/python3.10/site-packages/airflow/example_dags/example_kubernetes_executor.py
[2025-11-13T10:50:03.921+0530] {processor.py:183} INFO - Processing /home/logi/txtai/venv/lib/python3.10/site-packages/airflow/example_dags/example_kubernetes_executor.py took 0.064 seconds
[2025-11-13T10:50:34.810+0530] {processor.py:161} INFO - Started process (PID=21184) to work on /home/logi/txtai/venv/lib/python3.10/site-packages/airflow/example_dags/example_kubernetes_executor.py
[2025-11-13T10:50:34.812+0530] {processor.py:830} INFO - Processing file /home/logi/txtai/venv/lib/python3.10/site-packages/airflow/example_dags/example_kubernetes_executor.py for tasks to queue
[2025-11-13T10:50:34.815+0530] {logging_mixin.py:188} INFO - [2025-11-13T10:50:34.814+0530] {dagbag.py:545} INFO - Filling up the DagBag from /home/logi/txtai/venv/lib/python3.10/site-packages/airflow/example_dags/example_kubernetes_executor.py
[2025-11-13T10:50:34.819+0530] {logging_mixin.py:188} INFO - [2025-11-13T10:50:34.819+0530] {example_kubernetes_executor.py:39} WARNING - The example_kubernetes_executor example DAG requires the kubernetes provider. Please install it with: pip install apache-airflow[cncf.kubernetes]
[2025-11-13T10:50:34.820+0530] {processor.py:842} WARNING - No viable dags retrieved from /home/logi/txtai/venv/lib/python3.10/site-packages/airflow/example_dags/example_kubernetes_executor.py
[2025-11-13T10:50:34.858+0530] {processor.py:183} INFO - Processing /home/logi/txtai/venv/lib/python3.10/site-packages/airflow/example_dags/example_kubernetes_executor.py took 0.058 seconds
[2025-11-13T10:51:06.279+0530] {processor.py:161} INFO - Started process (PID=21366) to work on /home/logi/txtai/venv/lib/python3.10/site-packages/airflow/example_dags/example_kubernetes_executor.py
[2025-11-13T10:51:06.281+0530] {processor.py:830} INFO - Processing file /home/logi/txtai/venv/lib/python3.10/site-packages/airflow/example_dags/example_kubernetes_executor.py for tasks to queue
[2025-11-13T10:51:06.282+0530] {logging_mixin.py:188} INFO - [2025-11-13T10:51:06.282+0530] {dagbag.py:545} INFO - Filling up the DagBag from /home/logi/txtai/venv/lib/python3.10/site-packages/airflow/example_dags/example_kubernetes_executor.py
[2025-11-13T10:51:06.285+0530] {logging_mixin.py:188} INFO - [2025-11-13T10:51:06.284+0530] {example_kubernetes_executor.py:39} WARNING - The example_kubernetes_executor example DAG requires the kubernetes provider. Please install it with: pip install apache-airflow[cncf.kubernetes]
[2025-11-13T10:51:06.285+0530] {processor.py:842} WARNING - No viable dags retrieved from /home/logi/txtai/venv/lib/python3.10/site-packages/airflow/example_dags/example_kubernetes_executor.py
[2025-11-13T10:51:06.332+0530] {processor.py:183} INFO - Processing /home/logi/txtai/venv/lib/python3.10/site-packages/airflow/example_dags/example_kubernetes_executor.py took 0.058 seconds
[2025-11-13T10:51:37.432+0530] {processor.py:161} INFO - Started process (PID=21507) to work on /home/logi/txtai/venv/lib/python3.10/site-packages/airflow/example_dags/example_kubernetes_executor.py
[2025-11-13T10:51:37.433+0530] {processor.py:830} INFO - Processing file /home/logi/txtai/venv/lib/python3.10/site-packages/airflow/example_dags/example_kubernetes_executor.py for tasks to queue
[2025-11-13T10:51:37.436+0530] {logging_mixin.py:188} INFO - [2025-11-13T10:51:37.436+0530] {dagbag.py:545} INFO - Filling up the DagBag from /home/logi/txtai/venv/lib/python3.10/site-packages/airflow/example_dags/example_kubernetes_executor.py
[2025-11-13T10:51:37.440+0530] {logging_mixin.py:188} INFO - [2025-11-13T10:51:37.440+0530] {example_kubernetes_executor.py:39} WARNING - The example_kubernetes_executor example DAG requires the kubernetes provider. Please install it with: pip install apache-airflow[cncf.kubernetes]
[2025-11-13T10:51:37.441+0530] {processor.py:842} WARNING - No viable dags retrieved from /home/logi/txtai/venv/lib/python3.10/site-packages/airflow/example_dags/example_kubernetes_executor.py
[2025-11-13T10:51:37.485+0530] {processor.py:183} INFO - Processing /home/logi/txtai/venv/lib/python3.10/site-packages/airflow/example_dags/example_kubernetes_executor.py took 0.065 seconds
[2025-11-13T10:52:08.409+0530] {processor.py:161} INFO - Started process (PID=21666) to work on /home/logi/txtai/venv/lib/python3.10/site-packages/airflow/example_dags/example_kubernetes_executor.py
[2025-11-13T10:52:08.411+0530] {processor.py:830} INFO - Processing file /home/logi/txtai/venv/lib/python3.10/site-packages/airflow/example_dags/example_kubernetes_executor.py for tasks to queue
[2025-11-13T10:52:08.413+0530] {logging_mixin.py:188} INFO - [2025-11-13T10:52:08.413+0530] {dagbag.py:545} INFO - Filling up the DagBag from /home/logi/txtai/venv/lib/python3.10/site-packages/airflow/example_dags/example_kubernetes_executor.py
[2025-11-13T10:52:08.418+0530] {logging_mixin.py:188} INFO - [2025-11-13T10:52:08.417+0530] {example_kubernetes_executor.py:39} WARNING - The example_kubernetes_executor example DAG requires the kubernetes provider. Please install it with: pip install apache-airflow[cncf.kubernetes]
[2025-11-13T10:52:08.418+0530] {processor.py:842} WARNING - No viable dags retrieved from /home/logi/txtai/venv/lib/python3.10/site-packages/airflow/example_dags/example_kubernetes_executor.py
[2025-11-13T10:52:08.454+0530] {processor.py:183} INFO - Processing /home/logi/txtai/venv/lib/python3.10/site-packages/airflow/example_dags/example_kubernetes_executor.py took 0.055 seconds
[2025-11-13T10:52:40.078+0530] {processor.py:161} INFO - Started process (PID=21853) to work on /home/logi/txtai/venv/lib/python3.10/site-packages/airflow/example_dags/example_kubernetes_executor.py
[2025-11-13T10:52:40.080+0530] {processor.py:830} INFO - Processing file /home/logi/txtai/venv/lib/python3.10/site-packages/airflow/example_dags/example_kubernetes_executor.py for tasks to queue
[2025-11-13T10:52:40.083+0530] {logging_mixin.py:188} INFO - [2025-11-13T10:52:40.083+0530] {dagbag.py:545} INFO - Filling up the DagBag from /home/logi/txtai/venv/lib/python3.10/site-packages/airflow/example_dags/example_kubernetes_executor.py
[2025-11-13T10:52:40.088+0530] {logging_mixin.py:188} INFO - [2025-11-13T10:52:40.087+0530] {example_kubernetes_executor.py:39} WARNING - The example_kubernetes_executor example DAG requires the kubernetes provider. Please install it with: pip install apache-airflow[cncf.kubernetes]
[2025-11-13T10:52:40.089+0530] {processor.py:842} WARNING - No viable dags retrieved from /home/logi/txtai/venv/lib/python3.10/site-packages/airflow/example_dags/example_kubernetes_executor.py
[2025-11-13T10:52:40.124+0530] {processor.py:183} INFO - Processing /home/logi/txtai/venv/lib/python3.10/site-packages/airflow/example_dags/example_kubernetes_executor.py took 0.057 seconds
[2025-11-13T10:53:10.482+0530] {processor.py:161} INFO - Started process (PID=22076) to work on /home/logi/txtai/venv/lib/python3.10/site-packages/airflow/example_dags/example_kubernetes_executor.py
[2025-11-13T10:53:10.483+0530] {processor.py:830} INFO - Processing file /home/logi/txtai/venv/lib/python3.10/site-packages/airflow/example_dags/example_kubernetes_executor.py for tasks to queue
[2025-11-13T10:53:10.485+0530] {logging_mixin.py:188} INFO - [2025-11-13T10:53:10.484+0530] {dagbag.py:545} INFO - Filling up the DagBag from /home/logi/txtai/venv/lib/python3.10/site-packages/airflow/example_dags/example_kubernetes_executor.py
[2025-11-13T10:53:10.487+0530] {logging_mixin.py:188} INFO - [2025-11-13T10:53:10.487+0530] {example_kubernetes_executor.py:39} WARNING - The example_kubernetes_executor example DAG requires the kubernetes provider. Please install it with: pip install apache-airflow[cncf.kubernetes]
[2025-11-13T10:53:10.487+0530] {processor.py:842} WARNING - No viable dags retrieved from /home/logi/txtai/venv/lib/python3.10/site-packages/airflow/example_dags/example_kubernetes_executor.py
[2025-11-13T10:53:10.510+0530] {processor.py:183} INFO - Processing /home/logi/txtai/venv/lib/python3.10/site-packages/airflow/example_dags/example_kubernetes_executor.py took 0.034 seconds
[2025-11-13T10:53:41.653+0530] {processor.py:161} INFO - Started process (PID=22292) to work on /home/logi/txtai/venv/lib/python3.10/site-packages/airflow/example_dags/example_kubernetes_executor.py
[2025-11-13T10:53:41.655+0530] {processor.py:830} INFO - Processing file /home/logi/txtai/venv/lib/python3.10/site-packages/airflow/example_dags/example_kubernetes_executor.py for tasks to queue
[2025-11-13T10:53:41.658+0530] {logging_mixin.py:188} INFO - [2025-11-13T10:53:41.657+0530] {dagbag.py:545} INFO - Filling up the DagBag from /home/logi/txtai/venv/lib/python3.10/site-packages/airflow/example_dags/example_kubernetes_executor.py
[2025-11-13T10:53:41.662+0530] {logging_mixin.py:188} INFO - [2025-11-13T10:53:41.662+0530] {example_kubernetes_executor.py:39} WARNING - The example_kubernetes_executor example DAG requires the kubernetes provider. Please install it with: pip install apache-airflow[cncf.kubernetes]
[2025-11-13T10:53:41.663+0530] {processor.py:842} WARNING - No viable dags retrieved from /home/logi/txtai/venv/lib/python3.10/site-packages/airflow/example_dags/example_kubernetes_executor.py
[2025-11-13T10:53:41.703+0530] {processor.py:183} INFO - Processing /home/logi/txtai/venv/lib/python3.10/site-packages/airflow/example_dags/example_kubernetes_executor.py took 0.061 seconds
[2025-11-13T10:54:13.183+0530] {processor.py:161} INFO - Started process (PID=22436) to work on /home/logi/txtai/venv/lib/python3.10/site-packages/airflow/example_dags/example_kubernetes_executor.py
[2025-11-13T10:54:13.185+0530] {processor.py:830} INFO - Processing file /home/logi/txtai/venv/lib/python3.10/site-packages/airflow/example_dags/example_kubernetes_executor.py for tasks to queue
[2025-11-13T10:54:13.188+0530] {logging_mixin.py:188} INFO - [2025-11-13T10:54:13.187+0530] {dagbag.py:545} INFO - Filling up the DagBag from /home/logi/txtai/venv/lib/python3.10/site-packages/airflow/example_dags/example_kubernetes_executor.py
[2025-11-13T10:54:13.192+0530] {logging_mixin.py:188} INFO - [2025-11-13T10:54:13.191+0530] {example_kubernetes_executor.py:39} WARNING - The example_kubernetes_executor example DAG requires the kubernetes provider. Please install it with: pip install apache-airflow[cncf.kubernetes]
[2025-11-13T10:54:13.192+0530] {processor.py:842} WARNING - No viable dags retrieved from /home/logi/txtai/venv/lib/python3.10/site-packages/airflow/example_dags/example_kubernetes_executor.py
[2025-11-13T10:54:13.224+0530] {processor.py:183} INFO - Processing /home/logi/txtai/venv/lib/python3.10/site-packages/airflow/example_dags/example_kubernetes_executor.py took 0.051 seconds
[2025-11-13T10:54:44.372+0530] {processor.py:161} INFO - Started process (PID=22638) to work on /home/logi/txtai/venv/lib/python3.10/site-packages/airflow/example_dags/example_kubernetes_executor.py
[2025-11-13T10:54:44.374+0530] {processor.py:830} INFO - Processing file /home/logi/txtai/venv/lib/python3.10/site-packages/airflow/example_dags/example_kubernetes_executor.py for tasks to queue
[2025-11-13T10:54:44.376+0530] {logging_mixin.py:188} INFO - [2025-11-13T10:54:44.376+0530] {dagbag.py:545} INFO - Filling up the DagBag from /home/logi/txtai/venv/lib/python3.10/site-packages/airflow/example_dags/example_kubernetes_executor.py
[2025-11-13T10:54:44.381+0530] {logging_mixin.py:188} INFO - [2025-11-13T10:54:44.380+0530] {example_kubernetes_executor.py:39} WARNING - The example_kubernetes_executor example DAG requires the kubernetes provider. Please install it with: pip install apache-airflow[cncf.kubernetes]
[2025-11-13T10:54:44.381+0530] {processor.py:842} WARNING - No viable dags retrieved from /home/logi/txtai/venv/lib/python3.10/site-packages/airflow/example_dags/example_kubernetes_executor.py
[2025-11-13T10:54:44.422+0530] {processor.py:183} INFO - Processing /home/logi/txtai/venv/lib/python3.10/site-packages/airflow/example_dags/example_kubernetes_executor.py took 0.063 seconds
[2025-11-13T10:55:15.946+0530] {processor.py:161} INFO - Started process (PID=22937) to work on /home/logi/txtai/venv/lib/python3.10/site-packages/airflow/example_dags/example_kubernetes_executor.py
[2025-11-13T10:55:15.947+0530] {processor.py:830} INFO - Processing file /home/logi/txtai/venv/lib/python3.10/site-packages/airflow/example_dags/example_kubernetes_executor.py for tasks to queue
[2025-11-13T10:55:15.950+0530] {logging_mixin.py:188} INFO - [2025-11-13T10:55:15.950+0530] {dagbag.py:545} INFO - Filling up the DagBag from /home/logi/txtai/venv/lib/python3.10/site-packages/airflow/example_dags/example_kubernetes_executor.py
[2025-11-13T10:55:15.954+0530] {logging_mixin.py:188} INFO - [2025-11-13T10:55:15.954+0530] {example_kubernetes_executor.py:39} WARNING - The example_kubernetes_executor example DAG requires the kubernetes provider. Please install it with: pip install apache-airflow[cncf.kubernetes]
[2025-11-13T10:55:15.955+0530] {processor.py:842} WARNING - No viable dags retrieved from /home/logi/txtai/venv/lib/python3.10/site-packages/airflow/example_dags/example_kubernetes_executor.py
[2025-11-13T10:55:15.996+0530] {processor.py:183} INFO - Processing /home/logi/txtai/venv/lib/python3.10/site-packages/airflow/example_dags/example_kubernetes_executor.py took 0.062 seconds
[2025-11-13T10:55:47.398+0530] {processor.py:161} INFO - Started process (PID=23364) to work on /home/logi/txtai/venv/lib/python3.10/site-packages/airflow/example_dags/example_kubernetes_executor.py
[2025-11-13T10:55:47.400+0530] {processor.py:830} INFO - Processing file /home/logi/txtai/venv/lib/python3.10/site-packages/airflow/example_dags/example_kubernetes_executor.py for tasks to queue
[2025-11-13T10:55:47.402+0530] {logging_mixin.py:188} INFO - [2025-11-13T10:55:47.402+0530] {dagbag.py:545} INFO - Filling up the DagBag from /home/logi/txtai/venv/lib/python3.10/site-packages/airflow/example_dags/example_kubernetes_executor.py
[2025-11-13T10:55:47.406+0530] {logging_mixin.py:188} INFO - [2025-11-13T10:55:47.406+0530] {example_kubernetes_executor.py:39} WARNING - The example_kubernetes_executor example DAG requires the kubernetes provider. Please install it with: pip install apache-airflow[cncf.kubernetes]
[2025-11-13T10:55:47.407+0530] {processor.py:842} WARNING - No viable dags retrieved from /home/logi/txtai/venv/lib/python3.10/site-packages/airflow/example_dags/example_kubernetes_executor.py
[2025-11-13T10:55:47.451+0530] {processor.py:183} INFO - Processing /home/logi/txtai/venv/lib/python3.10/site-packages/airflow/example_dags/example_kubernetes_executor.py took 0.064 seconds
[2025-11-13T10:56:18.670+0530] {processor.py:161} INFO - Started process (PID=23651) to work on /home/logi/txtai/venv/lib/python3.10/site-packages/airflow/example_dags/example_kubernetes_executor.py
[2025-11-13T10:56:18.672+0530] {processor.py:830} INFO - Processing file /home/logi/txtai/venv/lib/python3.10/site-packages/airflow/example_dags/example_kubernetes_executor.py for tasks to queue
[2025-11-13T10:56:18.675+0530] {logging_mixin.py:188} INFO - [2025-11-13T10:56:18.674+0530] {dagbag.py:545} INFO - Filling up the DagBag from /home/logi/txtai/venv/lib/python3.10/site-packages/airflow/example_dags/example_kubernetes_executor.py
[2025-11-13T10:56:18.679+0530] {logging_mixin.py:188} INFO - [2025-11-13T10:56:18.679+0530] {example_kubernetes_executor.py:39} WARNING - The example_kubernetes_executor example DAG requires the kubernetes provider. Please install it with: pip install apache-airflow[cncf.kubernetes]
[2025-11-13T10:56:18.679+0530] {processor.py:842} WARNING - No viable dags retrieved from /home/logi/txtai/venv/lib/python3.10/site-packages/airflow/example_dags/example_kubernetes_executor.py
[2025-11-13T10:56:18.724+0530] {processor.py:183} INFO - Processing /home/logi/txtai/venv/lib/python3.10/site-packages/airflow/example_dags/example_kubernetes_executor.py took 0.064 seconds
[2025-11-13T10:56:50.293+0530] {processor.py:161} INFO - Started process (PID=23803) to work on /home/logi/txtai/venv/lib/python3.10/site-packages/airflow/example_dags/example_kubernetes_executor.py
[2025-11-13T10:56:50.294+0530] {processor.py:830} INFO - Processing file /home/logi/txtai/venv/lib/python3.10/site-packages/airflow/example_dags/example_kubernetes_executor.py for tasks to queue
[2025-11-13T10:56:50.297+0530] {logging_mixin.py:188} INFO - [2025-11-13T10:56:50.296+0530] {dagbag.py:545} INFO - Filling up the DagBag from /home/logi/txtai/venv/lib/python3.10/site-packages/airflow/example_dags/example_kubernetes_executor.py
[2025-11-13T10:56:50.301+0530] {logging_mixin.py:188} INFO - [2025-11-13T10:56:50.301+0530] {example_kubernetes_executor.py:39} WARNING - The example_kubernetes_executor example DAG requires the kubernetes provider. Please install it with: pip install apache-airflow[cncf.kubernetes]
[2025-11-13T10:56:50.302+0530] {processor.py:842} WARNING - No viable dags retrieved from /home/logi/txtai/venv/lib/python3.10/site-packages/airflow/example_dags/example_kubernetes_executor.py
[2025-11-13T10:56:50.353+0530] {processor.py:183} INFO - Processing /home/logi/txtai/venv/lib/python3.10/site-packages/airflow/example_dags/example_kubernetes_executor.py took 0.072 seconds
[2025-11-13T10:57:20.687+0530] {processor.py:161} INFO - Started process (PID=23947) to work on /home/logi/txtai/venv/lib/python3.10/site-packages/airflow/example_dags/example_kubernetes_executor.py
[2025-11-13T10:57:20.689+0530] {processor.py:830} INFO - Processing file /home/logi/txtai/venv/lib/python3.10/site-packages/airflow/example_dags/example_kubernetes_executor.py for tasks to queue
[2025-11-13T10:57:20.692+0530] {logging_mixin.py:188} INFO - [2025-11-13T10:57:20.691+0530] {dagbag.py:545} INFO - Filling up the DagBag from /home/logi/txtai/venv/lib/python3.10/site-packages/airflow/example_dags/example_kubernetes_executor.py
[2025-11-13T10:57:20.695+0530] {logging_mixin.py:188} INFO - [2025-11-13T10:57:20.695+0530] {example_kubernetes_executor.py:39} WARNING - The example_kubernetes_executor example DAG requires the kubernetes provider. Please install it with: pip install apache-airflow[cncf.kubernetes]
[2025-11-13T10:57:20.695+0530] {processor.py:842} WARNING - No viable dags retrieved from /home/logi/txtai/venv/lib/python3.10/site-packages/airflow/example_dags/example_kubernetes_executor.py
[2025-11-13T10:57:20.737+0530] {processor.py:183} INFO - Processing /home/logi/txtai/venv/lib/python3.10/site-packages/airflow/example_dags/example_kubernetes_executor.py took 0.060 seconds
[2025-11-13T10:57:52.351+0530] {processor.py:161} INFO - Started process (PID=24089) to work on /home/logi/txtai/venv/lib/python3.10/site-packages/airflow/example_dags/example_kubernetes_executor.py
[2025-11-13T10:57:52.353+0530] {processor.py:830} INFO - Processing file /home/logi/txtai/venv/lib/python3.10/site-packages/airflow/example_dags/example_kubernetes_executor.py for tasks to queue
[2025-11-13T10:57:52.356+0530] {logging_mixin.py:188} INFO - [2025-11-13T10:57:52.355+0530] {dagbag.py:545} INFO - Filling up the DagBag from /home/logi/txtai/venv/lib/python3.10/site-packages/airflow/example_dags/example_kubernetes_executor.py
[2025-11-13T10:57:52.360+0530] {logging_mixin.py:188} INFO - [2025-11-13T10:57:52.360+0530] {example_kubernetes_executor.py:39} WARNING - The example_kubernetes_executor example DAG requires the kubernetes provider. Please install it with: pip install apache-airflow[cncf.kubernetes]
[2025-11-13T10:57:52.361+0530] {processor.py:842} WARNING - No viable dags retrieved from /home/logi/txtai/venv/lib/python3.10/site-packages/airflow/example_dags/example_kubernetes_executor.py
[2025-11-13T10:57:52.405+0530] {processor.py:183} INFO - Processing /home/logi/txtai/venv/lib/python3.10/site-packages/airflow/example_dags/example_kubernetes_executor.py took 0.065 seconds
[2025-11-13T10:58:23.630+0530] {processor.py:161} INFO - Started process (PID=24232) to work on /home/logi/txtai/venv/lib/python3.10/site-packages/airflow/example_dags/example_kubernetes_executor.py
[2025-11-13T10:58:23.632+0530] {processor.py:830} INFO - Processing file /home/logi/txtai/venv/lib/python3.10/site-packages/airflow/example_dags/example_kubernetes_executor.py for tasks to queue
[2025-11-13T10:58:23.633+0530] {logging_mixin.py:188} INFO - [2025-11-13T10:58:23.633+0530] {dagbag.py:545} INFO - Filling up the DagBag from /home/logi/txtai/venv/lib/python3.10/site-packages/airflow/example_dags/example_kubernetes_executor.py
[2025-11-13T10:58:23.636+0530] {logging_mixin.py:188} INFO - [2025-11-13T10:58:23.635+0530] {example_kubernetes_executor.py:39} WARNING - The example_kubernetes_executor example DAG requires the kubernetes provider. Please install it with: pip install apache-airflow[cncf.kubernetes]
[2025-11-13T10:58:23.636+0530] {processor.py:842} WARNING - No viable dags retrieved from /home/logi/txtai/venv/lib/python3.10/site-packages/airflow/example_dags/example_kubernetes_executor.py
[2025-11-13T10:58:23.670+0530] {processor.py:183} INFO - Processing /home/logi/txtai/venv/lib/python3.10/site-packages/airflow/example_dags/example_kubernetes_executor.py took 0.046 seconds
[2025-11-13T10:58:55.103+0530] {processor.py:161} INFO - Started process (PID=24374) to work on /home/logi/txtai/venv/lib/python3.10/site-packages/airflow/example_dags/example_kubernetes_executor.py
[2025-11-13T10:58:55.105+0530] {processor.py:830} INFO - Processing file /home/logi/txtai/venv/lib/python3.10/site-packages/airflow/example_dags/example_kubernetes_executor.py for tasks to queue
[2025-11-13T10:58:55.108+0530] {logging_mixin.py:188} INFO - [2025-11-13T10:58:55.108+0530] {dagbag.py:545} INFO - Filling up the DagBag from /home/logi/txtai/venv/lib/python3.10/site-packages/airflow/example_dags/example_kubernetes_executor.py
[2025-11-13T10:58:55.113+0530] {logging_mixin.py:188} INFO - [2025-11-13T10:58:55.113+0530] {example_kubernetes_executor.py:39} WARNING - The example_kubernetes_executor example DAG requires the kubernetes provider. Please install it with: pip install apache-airflow[cncf.kubernetes]
[2025-11-13T10:58:55.114+0530] {processor.py:842} WARNING - No viable dags retrieved from /home/logi/txtai/venv/lib/python3.10/site-packages/airflow/example_dags/example_kubernetes_executor.py
[2025-11-13T10:58:55.152+0530] {processor.py:183} INFO - Processing /home/logi/txtai/venv/lib/python3.10/site-packages/airflow/example_dags/example_kubernetes_executor.py took 0.060 seconds
[2025-11-13T10:59:26.585+0530] {processor.py:161} INFO - Started process (PID=24576) to work on /home/logi/txtai/venv/lib/python3.10/site-packages/airflow/example_dags/example_kubernetes_executor.py
[2025-11-13T10:59:26.587+0530] {processor.py:830} INFO - Processing file /home/logi/txtai/venv/lib/python3.10/site-packages/airflow/example_dags/example_kubernetes_executor.py for tasks to queue
[2025-11-13T10:59:26.590+0530] {logging_mixin.py:188} INFO - [2025-11-13T10:59:26.589+0530] {dagbag.py:545} INFO - Filling up the DagBag from /home/logi/txtai/venv/lib/python3.10/site-packages/airflow/example_dags/example_kubernetes_executor.py
[2025-11-13T10:59:26.594+0530] {logging_mixin.py:188} INFO - [2025-11-13T10:59:26.594+0530] {example_kubernetes_executor.py:39} WARNING - The example_kubernetes_executor example DAG requires the kubernetes provider. Please install it with: pip install apache-airflow[cncf.kubernetes]
[2025-11-13T10:59:26.595+0530] {processor.py:842} WARNING - No viable dags retrieved from /home/logi/txtai/venv/lib/python3.10/site-packages/airflow/example_dags/example_kubernetes_executor.py
[2025-11-13T10:59:26.642+0530] {processor.py:183} INFO - Processing /home/logi/txtai/venv/lib/python3.10/site-packages/airflow/example_dags/example_kubernetes_executor.py took 0.068 seconds
[2025-11-13T10:59:57.495+0530] {processor.py:161} INFO - Started process (PID=24748) to work on /home/logi/txtai/venv/lib/python3.10/site-packages/airflow/example_dags/example_kubernetes_executor.py
[2025-11-13T10:59:57.497+0530] {processor.py:830} INFO - Processing file /home/logi/txtai/venv/lib/python3.10/site-packages/airflow/example_dags/example_kubernetes_executor.py for tasks to queue
[2025-11-13T10:59:57.499+0530] {logging_mixin.py:188} INFO - [2025-11-13T10:59:57.499+0530] {dagbag.py:545} INFO - Filling up the DagBag from /home/logi/txtai/venv/lib/python3.10/site-packages/airflow/example_dags/example_kubernetes_executor.py
[2025-11-13T10:59:57.504+0530] {logging_mixin.py:188} INFO - [2025-11-13T10:59:57.503+0530] {example_kubernetes_executor.py:39} WARNING - The example_kubernetes_executor example DAG requires the kubernetes provider. Please install it with: pip install apache-airflow[cncf.kubernetes]
[2025-11-13T10:59:57.504+0530] {processor.py:842} WARNING - No viable dags retrieved from /home/logi/txtai/venv/lib/python3.10/site-packages/airflow/example_dags/example_kubernetes_executor.py
[2025-11-13T10:59:57.550+0530] {processor.py:183} INFO - Processing /home/logi/txtai/venv/lib/python3.10/site-packages/airflow/example_dags/example_kubernetes_executor.py took 0.067 seconds
[2025-11-13T11:00:28.127+0530] {processor.py:161} INFO - Started process (PID=25247) to work on /home/logi/txtai/venv/lib/python3.10/site-packages/airflow/example_dags/example_kubernetes_executor.py
[2025-11-13T11:00:28.129+0530] {processor.py:830} INFO - Processing file /home/logi/txtai/venv/lib/python3.10/site-packages/airflow/example_dags/example_kubernetes_executor.py for tasks to queue
[2025-11-13T11:00:28.131+0530] {logging_mixin.py:188} INFO - [2025-11-13T11:00:28.131+0530] {dagbag.py:545} INFO - Filling up the DagBag from /home/logi/txtai/venv/lib/python3.10/site-packages/airflow/example_dags/example_kubernetes_executor.py
[2025-11-13T11:00:28.136+0530] {logging_mixin.py:188} INFO - [2025-11-13T11:00:28.136+0530] {example_kubernetes_executor.py:39} WARNING - The example_kubernetes_executor example DAG requires the kubernetes provider. Please install it with: pip install apache-airflow[cncf.kubernetes]
[2025-11-13T11:00:28.137+0530] {processor.py:842} WARNING - No viable dags retrieved from /home/logi/txtai/venv/lib/python3.10/site-packages/airflow/example_dags/example_kubernetes_executor.py
[2025-11-13T11:00:28.171+0530] {processor.py:183} INFO - Processing /home/logi/txtai/venv/lib/python3.10/site-packages/airflow/example_dags/example_kubernetes_executor.py took 0.056 seconds
[2025-11-13T11:00:59.996+0530] {processor.py:161} INFO - Started process (PID=25623) to work on /home/logi/txtai/venv/lib/python3.10/site-packages/airflow/example_dags/example_kubernetes_executor.py
[2025-11-13T11:00:59.997+0530] {processor.py:830} INFO - Processing file /home/logi/txtai/venv/lib/python3.10/site-packages/airflow/example_dags/example_kubernetes_executor.py for tasks to queue
[2025-11-13T11:01:00.000+0530] {logging_mixin.py:188} INFO - [2025-11-13T11:01:00.000+0530] {dagbag.py:545} INFO - Filling up the DagBag from /home/logi/txtai/venv/lib/python3.10/site-packages/airflow/example_dags/example_kubernetes_executor.py
[2025-11-13T11:01:00.005+0530] {logging_mixin.py:188} INFO - [2025-11-13T11:01:00.004+0530] {example_kubernetes_executor.py:39} WARNING - The example_kubernetes_executor example DAG requires the kubernetes provider. Please install it with: pip install apache-airflow[cncf.kubernetes]
[2025-11-13T11:01:00.005+0530] {processor.py:842} WARNING - No viable dags retrieved from /home/logi/txtai/venv/lib/python3.10/site-packages/airflow/example_dags/example_kubernetes_executor.py
[2025-11-13T11:01:00.050+0530] {processor.py:183} INFO - Processing /home/logi/txtai/venv/lib/python3.10/site-packages/airflow/example_dags/example_kubernetes_executor.py took 0.065 seconds
[2025-11-13T11:01:31.521+0530] {processor.py:161} INFO - Started process (PID=25766) to work on /home/logi/txtai/venv/lib/python3.10/site-packages/airflow/example_dags/example_kubernetes_executor.py
[2025-11-13T11:01:31.523+0530] {processor.py:830} INFO - Processing file /home/logi/txtai/venv/lib/python3.10/site-packages/airflow/example_dags/example_kubernetes_executor.py for tasks to queue
[2025-11-13T11:01:31.526+0530] {logging_mixin.py:188} INFO - [2025-11-13T11:01:31.525+0530] {dagbag.py:545} INFO - Filling up the DagBag from /home/logi/txtai/venv/lib/python3.10/site-packages/airflow/example_dags/example_kubernetes_executor.py
[2025-11-13T11:01:31.530+0530] {logging_mixin.py:188} INFO - [2025-11-13T11:01:31.530+0530] {example_kubernetes_executor.py:39} WARNING - The example_kubernetes_executor example DAG requires the kubernetes provider. Please install it with: pip install apache-airflow[cncf.kubernetes]
[2025-11-13T11:01:31.530+0530] {processor.py:842} WARNING - No viable dags retrieved from /home/logi/txtai/venv/lib/python3.10/site-packages/airflow/example_dags/example_kubernetes_executor.py
[2025-11-13T11:01:31.576+0530] {processor.py:183} INFO - Processing /home/logi/txtai/venv/lib/python3.10/site-packages/airflow/example_dags/example_kubernetes_executor.py took 0.065 seconds
[2025-11-13T11:02:02.181+0530] {processor.py:161} INFO - Started process (PID=25921) to work on /home/logi/txtai/venv/lib/python3.10/site-packages/airflow/example_dags/example_kubernetes_executor.py
[2025-11-13T11:02:02.183+0530] {processor.py:830} INFO - Processing file /home/logi/txtai/venv/lib/python3.10/site-packages/airflow/example_dags/example_kubernetes_executor.py for tasks to queue
[2025-11-13T11:02:02.186+0530] {logging_mixin.py:188} INFO - [2025-11-13T11:02:02.185+0530] {dagbag.py:545} INFO - Filling up the DagBag from /home/logi/txtai/venv/lib/python3.10/site-packages/airflow/example_dags/example_kubernetes_executor.py
[2025-11-13T11:02:02.191+0530] {logging_mixin.py:188} INFO - [2025-11-13T11:02:02.190+0530] {example_kubernetes_executor.py:39} WARNING - The example_kubernetes_executor example DAG requires the kubernetes provider. Please install it with: pip install apache-airflow[cncf.kubernetes]
[2025-11-13T11:02:02.191+0530] {processor.py:842} WARNING - No viable dags retrieved from /home/logi/txtai/venv/lib/python3.10/site-packages/airflow/example_dags/example_kubernetes_executor.py
[2025-11-13T11:02:02.236+0530] {processor.py:183} INFO - Processing /home/logi/txtai/venv/lib/python3.10/site-packages/airflow/example_dags/example_kubernetes_executor.py took 0.067 seconds
[2025-11-13T11:02:32.631+0530] {processor.py:161} INFO - Started process (PID=26108) to work on /home/logi/txtai/venv/lib/python3.10/site-packages/airflow/example_dags/example_kubernetes_executor.py
[2025-11-13T11:02:32.634+0530] {processor.py:830} INFO - Processing file /home/logi/txtai/venv/lib/python3.10/site-packages/airflow/example_dags/example_kubernetes_executor.py for tasks to queue
[2025-11-13T11:02:32.637+0530] {logging_mixin.py:188} INFO - [2025-11-13T11:02:32.636+0530] {dagbag.py:545} INFO - Filling up the DagBag from /home/logi/txtai/venv/lib/python3.10/site-packages/airflow/example_dags/example_kubernetes_executor.py
[2025-11-13T11:02:32.642+0530] {logging_mixin.py:188} INFO - [2025-11-13T11:02:32.641+0530] {example_kubernetes_executor.py:39} WARNING - The example_kubernetes_executor example DAG requires the kubernetes provider. Please install it with: pip install apache-airflow[cncf.kubernetes]
[2025-11-13T11:02:32.642+0530] {processor.py:842} WARNING - No viable dags retrieved from /home/logi/txtai/venv/lib/python3.10/site-packages/airflow/example_dags/example_kubernetes_executor.py
[2025-11-13T11:02:32.688+0530] {processor.py:183} INFO - Processing /home/logi/txtai/venv/lib/python3.10/site-packages/airflow/example_dags/example_kubernetes_executor.py took 0.069 seconds
[2025-11-13T11:03:03.399+0530] {processor.py:161} INFO - Started process (PID=26255) to work on /home/logi/txtai/venv/lib/python3.10/site-packages/airflow/example_dags/example_kubernetes_executor.py
[2025-11-13T11:03:03.400+0530] {processor.py:830} INFO - Processing file /home/logi/txtai/venv/lib/python3.10/site-packages/airflow/example_dags/example_kubernetes_executor.py for tasks to queue
[2025-11-13T11:03:03.402+0530] {logging_mixin.py:188} INFO - [2025-11-13T11:03:03.401+0530] {dagbag.py:545} INFO - Filling up the DagBag from /home/logi/txtai/venv/lib/python3.10/site-packages/airflow/example_dags/example_kubernetes_executor.py
[2025-11-13T11:03:03.404+0530] {logging_mixin.py:188} INFO - [2025-11-13T11:03:03.404+0530] {example_kubernetes_executor.py:39} WARNING - The example_kubernetes_executor example DAG requires the kubernetes provider. Please install it with: pip install apache-airflow[cncf.kubernetes]
[2025-11-13T11:03:03.404+0530] {processor.py:842} WARNING - No viable dags retrieved from /home/logi/txtai/venv/lib/python3.10/site-packages/airflow/example_dags/example_kubernetes_executor.py
[2025-11-13T11:03:03.441+0530] {processor.py:183} INFO - Processing /home/logi/txtai/venv/lib/python3.10/site-packages/airflow/example_dags/example_kubernetes_executor.py took 0.048 seconds
[2025-11-13T11:03:34.380+0530] {processor.py:161} INFO - Started process (PID=26397) to work on /home/logi/txtai/venv/lib/python3.10/site-packages/airflow/example_dags/example_kubernetes_executor.py
[2025-11-13T11:03:34.382+0530] {processor.py:830} INFO - Processing file /home/logi/txtai/venv/lib/python3.10/site-packages/airflow/example_dags/example_kubernetes_executor.py for tasks to queue
[2025-11-13T11:03:34.385+0530] {logging_mixin.py:188} INFO - [2025-11-13T11:03:34.385+0530] {dagbag.py:545} INFO - Filling up the DagBag from /home/logi/txtai/venv/lib/python3.10/site-packages/airflow/example_dags/example_kubernetes_executor.py
[2025-11-13T11:03:34.390+0530] {logging_mixin.py:188} INFO - [2025-11-13T11:03:34.389+0530] {example_kubernetes_executor.py:39} WARNING - The example_kubernetes_executor example DAG requires the kubernetes provider. Please install it with: pip install apache-airflow[cncf.kubernetes]
[2025-11-13T11:03:34.390+0530] {processor.py:842} WARNING - No viable dags retrieved from /home/logi/txtai/venv/lib/python3.10/site-packages/airflow/example_dags/example_kubernetes_executor.py
[2025-11-13T11:03:34.436+0530] {processor.py:183} INFO - Processing /home/logi/txtai/venv/lib/python3.10/site-packages/airflow/example_dags/example_kubernetes_executor.py took 0.068 seconds
[2025-11-13T11:04:05.282+0530] {processor.py:161} INFO - Started process (PID=26539) to work on /home/logi/txtai/venv/lib/python3.10/site-packages/airflow/example_dags/example_kubernetes_executor.py
[2025-11-13T11:04:05.283+0530] {processor.py:830} INFO - Processing file /home/logi/txtai/venv/lib/python3.10/site-packages/airflow/example_dags/example_kubernetes_executor.py for tasks to queue
[2025-11-13T11:04:05.286+0530] {logging_mixin.py:188} INFO - [2025-11-13T11:04:05.286+0530] {dagbag.py:545} INFO - Filling up the DagBag from /home/logi/txtai/venv/lib/python3.10/site-packages/airflow/example_dags/example_kubernetes_executor.py
[2025-11-13T11:04:05.290+0530] {logging_mixin.py:188} INFO - [2025-11-13T11:04:05.290+0530] {example_kubernetes_executor.py:39} WARNING - The example_kubernetes_executor example DAG requires the kubernetes provider. Please install it with: pip install apache-airflow[cncf.kubernetes]
[2025-11-13T11:04:05.291+0530] {processor.py:842} WARNING - No viable dags retrieved from /home/logi/txtai/venv/lib/python3.10/site-packages/airflow/example_dags/example_kubernetes_executor.py
[2025-11-13T11:04:05.334+0530] {processor.py:183} INFO - Processing /home/logi/txtai/venv/lib/python3.10/site-packages/airflow/example_dags/example_kubernetes_executor.py took 0.063 seconds
[2025-11-13T11:04:35.947+0530] {processor.py:161} INFO - Started process (PID=26682) to work on /home/logi/txtai/venv/lib/python3.10/site-packages/airflow/example_dags/example_kubernetes_executor.py
[2025-11-13T11:04:35.949+0530] {processor.py:830} INFO - Processing file /home/logi/txtai/venv/lib/python3.10/site-packages/airflow/example_dags/example_kubernetes_executor.py for tasks to queue
[2025-11-13T11:04:35.951+0530] {logging_mixin.py:188} INFO - [2025-11-13T11:04:35.951+0530] {dagbag.py:545} INFO - Filling up the DagBag from /home/logi/txtai/venv/lib/python3.10/site-packages/airflow/example_dags/example_kubernetes_executor.py
[2025-11-13T11:04:35.956+0530] {logging_mixin.py:188} INFO - [2025-11-13T11:04:35.956+0530] {example_kubernetes_executor.py:39} WARNING - The example_kubernetes_executor example DAG requires the kubernetes provider. Please install it with: pip install apache-airflow[cncf.kubernetes]
[2025-11-13T11:04:35.956+0530] {processor.py:842} WARNING - No viable dags retrieved from /home/logi/txtai/venv/lib/python3.10/site-packages/airflow/example_dags/example_kubernetes_executor.py
[2025-11-13T11:04:35.994+0530] {processor.py:183} INFO - Processing /home/logi/txtai/venv/lib/python3.10/site-packages/airflow/example_dags/example_kubernetes_executor.py took 0.059 seconds
[2025-11-13T11:05:06.815+0530] {processor.py:161} INFO - Started process (PID=26826) to work on /home/logi/txtai/venv/lib/python3.10/site-packages/airflow/example_dags/example_kubernetes_executor.py
[2025-11-13T11:05:06.816+0530] {processor.py:830} INFO - Processing file /home/logi/txtai/venv/lib/python3.10/site-packages/airflow/example_dags/example_kubernetes_executor.py for tasks to queue
[2025-11-13T11:05:06.819+0530] {logging_mixin.py:188} INFO - [2025-11-13T11:05:06.819+0530] {dagbag.py:545} INFO - Filling up the DagBag from /home/logi/txtai/venv/lib/python3.10/site-packages/airflow/example_dags/example_kubernetes_executor.py
[2025-11-13T11:05:06.824+0530] {logging_mixin.py:188} INFO - [2025-11-13T11:05:06.824+0530] {example_kubernetes_executor.py:39} WARNING - The example_kubernetes_executor example DAG requires the kubernetes provider. Please install it with: pip install apache-airflow[cncf.kubernetes]
[2025-11-13T11:05:06.825+0530] {processor.py:842} WARNING - No viable dags retrieved from /home/logi/txtai/venv/lib/python3.10/site-packages/airflow/example_dags/example_kubernetes_executor.py
[2025-11-13T11:05:06.865+0530] {processor.py:183} INFO - Processing /home/logi/txtai/venv/lib/python3.10/site-packages/airflow/example_dags/example_kubernetes_executor.py took 0.063 seconds
[2025-11-13T17:54:06.041+0530] {processor.py:161} INFO - Started process (PID=31092) to work on /home/logi/txtai/venv/lib/python3.10/site-packages/airflow/example_dags/example_kubernetes_executor.py
[2025-11-13T17:54:06.045+0530] {processor.py:830} INFO - Processing file /home/logi/txtai/venv/lib/python3.10/site-packages/airflow/example_dags/example_kubernetes_executor.py for tasks to queue
[2025-11-13T17:54:06.049+0530] {logging_mixin.py:188} INFO - [2025-11-13T17:54:06.048+0530] {dagbag.py:545} INFO - Filling up the DagBag from /home/logi/txtai/venv/lib/python3.10/site-packages/airflow/example_dags/example_kubernetes_executor.py
[2025-11-13T17:54:06.060+0530] {logging_mixin.py:188} INFO - [2025-11-13T17:54:06.059+0530] {example_kubernetes_executor.py:39} WARNING - The example_kubernetes_executor example DAG requires the kubernetes provider. Please install it with: pip install apache-airflow[cncf.kubernetes]
[2025-11-13T17:54:06.061+0530] {processor.py:842} WARNING - No viable dags retrieved from /home/logi/txtai/venv/lib/python3.10/site-packages/airflow/example_dags/example_kubernetes_executor.py
[2025-11-13T17:54:06.124+0530] {processor.py:183} INFO - Processing /home/logi/txtai/venv/lib/python3.10/site-packages/airflow/example_dags/example_kubernetes_executor.py took 0.114 seconds
[2025-11-13T17:56:11.800+0530] {processor.py:161} INFO - Started process (PID=32399) to work on /home/logi/txtai/venv/lib/python3.10/site-packages/airflow/example_dags/example_kubernetes_executor.py
[2025-11-13T17:56:11.801+0530] {processor.py:830} INFO - Processing file /home/logi/txtai/venv/lib/python3.10/site-packages/airflow/example_dags/example_kubernetes_executor.py for tasks to queue
[2025-11-13T17:56:11.803+0530] {logging_mixin.py:188} INFO - [2025-11-13T17:56:11.803+0530] {dagbag.py:545} INFO - Filling up the DagBag from /home/logi/txtai/venv/lib/python3.10/site-packages/airflow/example_dags/example_kubernetes_executor.py
[2025-11-13T17:56:11.808+0530] {logging_mixin.py:188} INFO - [2025-11-13T17:56:11.808+0530] {example_kubernetes_executor.py:39} WARNING - The example_kubernetes_executor example DAG requires the kubernetes provider. Please install it with: pip install apache-airflow[cncf.kubernetes]
[2025-11-13T17:56:11.809+0530] {processor.py:842} WARNING - No viable dags retrieved from /home/logi/txtai/venv/lib/python3.10/site-packages/airflow/example_dags/example_kubernetes_executor.py
[2025-11-13T17:56:11.842+0530] {processor.py:183} INFO - Processing /home/logi/txtai/venv/lib/python3.10/site-packages/airflow/example_dags/example_kubernetes_executor.py took 0.056 seconds
[2025-11-13T17:56:43.163+0530] {processor.py:161} INFO - Started process (PID=33082) to work on /home/logi/txtai/venv/lib/python3.10/site-packages/airflow/example_dags/example_kubernetes_executor.py
[2025-11-13T17:56:43.166+0530] {processor.py:830} INFO - Processing file /home/logi/txtai/venv/lib/python3.10/site-packages/airflow/example_dags/example_kubernetes_executor.py for tasks to queue
[2025-11-13T17:56:43.168+0530] {logging_mixin.py:188} INFO - [2025-11-13T17:56:43.168+0530] {dagbag.py:545} INFO - Filling up the DagBag from /home/logi/txtai/venv/lib/python3.10/site-packages/airflow/example_dags/example_kubernetes_executor.py
[2025-11-13T17:56:43.173+0530] {logging_mixin.py:188} INFO - [2025-11-13T17:56:43.173+0530] {example_kubernetes_executor.py:39} WARNING - The example_kubernetes_executor example DAG requires the kubernetes provider. Please install it with: pip install apache-airflow[cncf.kubernetes]
[2025-11-13T17:56:43.173+0530] {processor.py:842} WARNING - No viable dags retrieved from /home/logi/txtai/venv/lib/python3.10/site-packages/airflow/example_dags/example_kubernetes_executor.py
[2025-11-13T17:56:43.204+0530] {processor.py:183} INFO - Processing /home/logi/txtai/venv/lib/python3.10/site-packages/airflow/example_dags/example_kubernetes_executor.py took 0.050 seconds
[2025-11-13T17:57:13.516+0530] {processor.py:161} INFO - Started process (PID=33829) to work on /home/logi/txtai/venv/lib/python3.10/site-packages/airflow/example_dags/example_kubernetes_executor.py
[2025-11-13T17:57:13.518+0530] {processor.py:830} INFO - Processing file /home/logi/txtai/venv/lib/python3.10/site-packages/airflow/example_dags/example_kubernetes_executor.py for tasks to queue
[2025-11-13T17:57:13.521+0530] {logging_mixin.py:188} INFO - [2025-11-13T17:57:13.520+0530] {dagbag.py:545} INFO - Filling up the DagBag from /home/logi/txtai/venv/lib/python3.10/site-packages/airflow/example_dags/example_kubernetes_executor.py
[2025-11-13T17:57:13.526+0530] {logging_mixin.py:188} INFO - [2025-11-13T17:57:13.526+0530] {example_kubernetes_executor.py:39} WARNING - The example_kubernetes_executor example DAG requires the kubernetes provider. Please install it with: pip install apache-airflow[cncf.kubernetes]
[2025-11-13T17:57:13.527+0530] {processor.py:842} WARNING - No viable dags retrieved from /home/logi/txtai/venv/lib/python3.10/site-packages/airflow/example_dags/example_kubernetes_executor.py
[2025-11-13T17:57:13.576+0530] {processor.py:183} INFO - Processing /home/logi/txtai/venv/lib/python3.10/site-packages/airflow/example_dags/example_kubernetes_executor.py took 0.073 seconds
[2025-11-13T17:57:44.401+0530] {processor.py:161} INFO - Started process (PID=34208) to work on /home/logi/txtai/venv/lib/python3.10/site-packages/airflow/example_dags/example_kubernetes_executor.py
[2025-11-13T17:57:44.405+0530] {processor.py:830} INFO - Processing file /home/logi/txtai/venv/lib/python3.10/site-packages/airflow/example_dags/example_kubernetes_executor.py for tasks to queue
[2025-11-13T17:57:44.408+0530] {logging_mixin.py:188} INFO - [2025-11-13T17:57:44.407+0530] {dagbag.py:545} INFO - Filling up the DagBag from /home/logi/txtai/venv/lib/python3.10/site-packages/airflow/example_dags/example_kubernetes_executor.py
[2025-11-13T17:57:44.420+0530] {logging_mixin.py:188} INFO - [2025-11-13T17:57:44.419+0530] {example_kubernetes_executor.py:39} WARNING - The example_kubernetes_executor example DAG requires the kubernetes provider. Please install it with: pip install apache-airflow[cncf.kubernetes]
[2025-11-13T17:57:44.420+0530] {processor.py:842} WARNING - No viable dags retrieved from /home/logi/txtai/venv/lib/python3.10/site-packages/airflow/example_dags/example_kubernetes_executor.py
[2025-11-13T17:57:44.472+0530] {processor.py:183} INFO - Processing /home/logi/txtai/venv/lib/python3.10/site-packages/airflow/example_dags/example_kubernetes_executor.py took 0.090 seconds
[2025-11-13T17:58:17.643+0530] {processor.py:161} INFO - Started process (PID=34850) to work on /home/logi/txtai/venv/lib/python3.10/site-packages/airflow/example_dags/example_kubernetes_executor.py
[2025-11-13T17:58:17.649+0530] {processor.py:830} INFO - Processing file /home/logi/txtai/venv/lib/python3.10/site-packages/airflow/example_dags/example_kubernetes_executor.py for tasks to queue
[2025-11-13T17:58:17.657+0530] {logging_mixin.py:188} INFO - [2025-11-13T17:58:17.656+0530] {dagbag.py:545} INFO - Filling up the DagBag from /home/logi/txtai/venv/lib/python3.10/site-packages/airflow/example_dags/example_kubernetes_executor.py
[2025-11-13T17:58:17.669+0530] {logging_mixin.py:188} INFO - [2025-11-13T17:58:17.668+0530] {example_kubernetes_executor.py:39} WARNING - The example_kubernetes_executor example DAG requires the kubernetes provider. Please install it with: pip install apache-airflow[cncf.kubernetes]
[2025-11-13T17:58:17.670+0530] {processor.py:842} WARNING - No viable dags retrieved from /home/logi/txtai/venv/lib/python3.10/site-packages/airflow/example_dags/example_kubernetes_executor.py
[2025-11-13T17:58:17.740+0530] {processor.py:183} INFO - Processing /home/logi/txtai/venv/lib/python3.10/site-packages/airflow/example_dags/example_kubernetes_executor.py took 0.129 seconds
[2025-11-13T23:22:14.674+0530] {processor.py:161} INFO - Started process (PID=5872) to work on /home/logi/txtai/venv/lib/python3.10/site-packages/airflow/example_dags/example_kubernetes_executor.py
[2025-11-13T23:22:14.677+0530] {processor.py:830} INFO - Processing file /home/logi/txtai/venv/lib/python3.10/site-packages/airflow/example_dags/example_kubernetes_executor.py for tasks to queue
[2025-11-13T23:22:14.681+0530] {logging_mixin.py:188} INFO - [2025-11-13T23:22:14.680+0530] {dagbag.py:545} INFO - Filling up the DagBag from /home/logi/txtai/venv/lib/python3.10/site-packages/airflow/example_dags/example_kubernetes_executor.py
[2025-11-13T23:22:14.687+0530] {logging_mixin.py:188} INFO - [2025-11-13T23:22:14.687+0530] {example_kubernetes_executor.py:39} WARNING - The example_kubernetes_executor example DAG requires the kubernetes provider. Please install it with: pip install apache-airflow[cncf.kubernetes]
[2025-11-13T23:22:14.688+0530] {processor.py:842} WARNING - No viable dags retrieved from /home/logi/txtai/venv/lib/python3.10/site-packages/airflow/example_dags/example_kubernetes_executor.py
[2025-11-13T23:22:14.752+0530] {processor.py:183} INFO - Processing /home/logi/txtai/venv/lib/python3.10/site-packages/airflow/example_dags/example_kubernetes_executor.py took 0.094 seconds
[2025-11-13T23:22:45.721+0530] {processor.py:161} INFO - Started process (PID=6642) to work on /home/logi/txtai/venv/lib/python3.10/site-packages/airflow/example_dags/example_kubernetes_executor.py
[2025-11-13T23:22:45.723+0530] {processor.py:830} INFO - Processing file /home/logi/txtai/venv/lib/python3.10/site-packages/airflow/example_dags/example_kubernetes_executor.py for tasks to queue
[2025-11-13T23:22:45.726+0530] {logging_mixin.py:188} INFO - [2025-11-13T23:22:45.725+0530] {dagbag.py:545} INFO - Filling up the DagBag from /home/logi/txtai/venv/lib/python3.10/site-packages/airflow/example_dags/example_kubernetes_executor.py
[2025-11-13T23:22:45.730+0530] {logging_mixin.py:188} INFO - [2025-11-13T23:22:45.730+0530] {example_kubernetes_executor.py:39} WARNING - The example_kubernetes_executor example DAG requires the kubernetes provider. Please install it with: pip install apache-airflow[cncf.kubernetes]
[2025-11-13T23:22:45.731+0530] {processor.py:842} WARNING - No viable dags retrieved from /home/logi/txtai/venv/lib/python3.10/site-packages/airflow/example_dags/example_kubernetes_executor.py
[2025-11-13T23:22:45.775+0530] {processor.py:183} INFO - Processing /home/logi/txtai/venv/lib/python3.10/site-packages/airflow/example_dags/example_kubernetes_executor.py took 0.066 seconds
[2025-11-13T23:23:16.169+0530] {processor.py:161} INFO - Started process (PID=7284) to work on /home/logi/txtai/venv/lib/python3.10/site-packages/airflow/example_dags/example_kubernetes_executor.py
[2025-11-13T23:23:16.170+0530] {processor.py:830} INFO - Processing file /home/logi/txtai/venv/lib/python3.10/site-packages/airflow/example_dags/example_kubernetes_executor.py for tasks to queue
[2025-11-13T23:23:16.173+0530] {logging_mixin.py:188} INFO - [2025-11-13T23:23:16.172+0530] {dagbag.py:545} INFO - Filling up the DagBag from /home/logi/txtai/venv/lib/python3.10/site-packages/airflow/example_dags/example_kubernetes_executor.py
[2025-11-13T23:23:16.177+0530] {logging_mixin.py:188} INFO - [2025-11-13T23:23:16.177+0530] {example_kubernetes_executor.py:39} WARNING - The example_kubernetes_executor example DAG requires the kubernetes provider. Please install it with: pip install apache-airflow[cncf.kubernetes]
[2025-11-13T23:23:16.178+0530] {processor.py:842} WARNING - No viable dags retrieved from /home/logi/txtai/venv/lib/python3.10/site-packages/airflow/example_dags/example_kubernetes_executor.py
[2025-11-13T23:23:16.222+0530] {processor.py:183} INFO - Processing /home/logi/txtai/venv/lib/python3.10/site-packages/airflow/example_dags/example_kubernetes_executor.py took 0.064 seconds
