[2025-11-13T05:50:58.579+0530] {processor.py:161} INFO - Started process (PID=6828) to work on /home/logi/txtai/venv/lib/python3.10/site-packages/airflow/example_dags/example_trigger_controller_dag.py
[2025-11-13T05:50:58.581+0530] {processor.py:830} INFO - Processing file /home/logi/txtai/venv/lib/python3.10/site-packages/airflow/example_dags/example_trigger_controller_dag.py for tasks to queue
[2025-11-13T05:50:58.584+0530] {logging_mixin.py:188} INFO - [2025-11-13T05:50:58.583+0530] {dagbag.py:545} INFO - Filling up the DagBag from /home/logi/txtai/venv/lib/python3.10/site-packages/airflow/example_dags/example_trigger_controller_dag.py
[2025-11-13T05:50:58.599+0530] {processor.py:840} INFO - DAG(s) 'example_trigger_controller_dag' retrieved from /home/logi/txtai/venv/lib/python3.10/site-packages/airflow/example_dags/example_trigger_controller_dag.py
[2025-11-13T05:50:58.710+0530] {logging_mixin.py:188} INFO - [2025-11-13T05:50:58.710+0530] {dag.py:3089} INFO - Sync 1 DAGs
[2025-11-13T05:50:58.735+0530] {logging_mixin.py:188} INFO - [2025-11-13T05:50:58.735+0530] {dag.py:3947} INFO - Setting next_dagrun for example_trigger_controller_dag to 2021-01-01 00:00:00+00:00, run_after=2021-01-01 00:00:00+00:00
[2025-11-13T05:50:58.764+0530] {processor.py:183} INFO - Processing /home/logi/txtai/venv/lib/python3.10/site-packages/airflow/example_dags/example_trigger_controller_dag.py took 0.195 seconds
[2025-11-13T05:52:49.184+0530] {processor.py:161} INFO - Started process (PID=8100) to work on /home/logi/txtai/venv/lib/python3.10/site-packages/airflow/example_dags/example_trigger_controller_dag.py
[2025-11-13T05:52:49.185+0530] {processor.py:830} INFO - Processing file /home/logi/txtai/venv/lib/python3.10/site-packages/airflow/example_dags/example_trigger_controller_dag.py for tasks to queue
[2025-11-13T05:52:49.188+0530] {logging_mixin.py:188} INFO - [2025-11-13T05:52:49.187+0530] {dagbag.py:545} INFO - Filling up the DagBag from /home/logi/txtai/venv/lib/python3.10/site-packages/airflow/example_dags/example_trigger_controller_dag.py
[2025-11-13T05:52:49.195+0530] {processor.py:840} INFO - DAG(s) 'example_trigger_controller_dag' retrieved from /home/logi/txtai/venv/lib/python3.10/site-packages/airflow/example_dags/example_trigger_controller_dag.py
[2025-11-13T05:52:49.212+0530] {logging_mixin.py:188} INFO - [2025-11-13T05:52:49.212+0530] {dag.py:3089} INFO - Sync 1 DAGs
[2025-11-13T05:52:49.228+0530] {logging_mixin.py:188} INFO - [2025-11-13T05:52:49.227+0530] {dag.py:3947} INFO - Setting next_dagrun for example_trigger_controller_dag to 2021-01-01 00:00:00+00:00, run_after=2021-01-01 00:00:00+00:00
[2025-11-13T05:52:49.250+0530] {processor.py:183} INFO - Processing /home/logi/txtai/venv/lib/python3.10/site-packages/airflow/example_dags/example_trigger_controller_dag.py took 0.074 seconds
[2025-11-13T05:56:07.976+0530] {processor.py:161} INFO - Started process (PID=10045) to work on /home/logi/txtai/venv/lib/python3.10/site-packages/airflow/example_dags/example_trigger_controller_dag.py
[2025-11-13T05:56:07.978+0530] {processor.py:830} INFO - Processing file /home/logi/txtai/venv/lib/python3.10/site-packages/airflow/example_dags/example_trigger_controller_dag.py for tasks to queue
[2025-11-13T05:56:07.980+0530] {logging_mixin.py:188} INFO - [2025-11-13T05:56:07.980+0530] {dagbag.py:545} INFO - Filling up the DagBag from /home/logi/txtai/venv/lib/python3.10/site-packages/airflow/example_dags/example_trigger_controller_dag.py
[2025-11-13T05:56:07.992+0530] {processor.py:840} INFO - DAG(s) 'example_trigger_controller_dag' retrieved from /home/logi/txtai/venv/lib/python3.10/site-packages/airflow/example_dags/example_trigger_controller_dag.py
[2025-11-13T05:56:08.013+0530] {logging_mixin.py:188} INFO - [2025-11-13T05:56:08.013+0530] {dag.py:3089} INFO - Sync 1 DAGs
[2025-11-13T05:56:08.026+0530] {logging_mixin.py:188} INFO - [2025-11-13T05:56:08.026+0530] {dag.py:3947} INFO - Setting next_dagrun for example_trigger_controller_dag to 2021-01-01 00:00:00+00:00, run_after=2021-01-01 00:00:00+00:00
[2025-11-13T05:56:08.042+0530] {processor.py:183} INFO - Processing /home/logi/txtai/venv/lib/python3.10/site-packages/airflow/example_dags/example_trigger_controller_dag.py took 0.077 seconds
[2025-11-13T05:58:42.903+0530] {processor.py:161} INFO - Started process (PID=11550) to work on /home/logi/txtai/venv/lib/python3.10/site-packages/airflow/example_dags/example_trigger_controller_dag.py
[2025-11-13T05:58:42.917+0530] {processor.py:830} INFO - Processing file /home/logi/txtai/venv/lib/python3.10/site-packages/airflow/example_dags/example_trigger_controller_dag.py for tasks to queue
[2025-11-13T05:58:42.920+0530] {logging_mixin.py:188} INFO - [2025-11-13T05:58:42.920+0530] {dagbag.py:545} INFO - Filling up the DagBag from /home/logi/txtai/venv/lib/python3.10/site-packages/airflow/example_dags/example_trigger_controller_dag.py
[2025-11-13T05:58:42.930+0530] {processor.py:840} INFO - DAG(s) 'example_trigger_controller_dag' retrieved from /home/logi/txtai/venv/lib/python3.10/site-packages/airflow/example_dags/example_trigger_controller_dag.py
[2025-11-13T05:58:42.957+0530] {logging_mixin.py:188} INFO - [2025-11-13T05:58:42.956+0530] {dag.py:3089} INFO - Sync 1 DAGs
[2025-11-13T05:58:42.978+0530] {logging_mixin.py:188} INFO - [2025-11-13T05:58:42.978+0530] {dag.py:3947} INFO - Setting next_dagrun for example_trigger_controller_dag to 2021-01-01 00:00:00+00:00, run_after=2021-01-01 00:00:00+00:00
[2025-11-13T05:58:43.005+0530] {processor.py:183} INFO - Processing /home/logi/txtai/venv/lib/python3.10/site-packages/airflow/example_dags/example_trigger_controller_dag.py took 0.113 seconds
[2025-11-13T06:00:44.205+0530] {processor.py:161} INFO - Started process (PID=12914) to work on /home/logi/txtai/venv/lib/python3.10/site-packages/airflow/example_dags/example_trigger_controller_dag.py
[2025-11-13T06:00:44.218+0530] {processor.py:830} INFO - Processing file /home/logi/txtai/venv/lib/python3.10/site-packages/airflow/example_dags/example_trigger_controller_dag.py for tasks to queue
[2025-11-13T06:00:44.221+0530] {logging_mixin.py:188} INFO - [2025-11-13T06:00:44.221+0530] {dagbag.py:545} INFO - Filling up the DagBag from /home/logi/txtai/venv/lib/python3.10/site-packages/airflow/example_dags/example_trigger_controller_dag.py
[2025-11-13T06:00:44.230+0530] {processor.py:840} INFO - DAG(s) 'example_trigger_controller_dag' retrieved from /home/logi/txtai/venv/lib/python3.10/site-packages/airflow/example_dags/example_trigger_controller_dag.py
[2025-11-13T06:00:44.255+0530] {logging_mixin.py:188} INFO - [2025-11-13T06:00:44.255+0530] {dag.py:3089} INFO - Sync 1 DAGs
[2025-11-13T06:00:44.277+0530] {logging_mixin.py:188} INFO - [2025-11-13T06:00:44.277+0530] {dag.py:3947} INFO - Setting next_dagrun for example_trigger_controller_dag to 2021-01-01 00:00:00+00:00, run_after=2021-01-01 00:00:00+00:00
[2025-11-13T06:00:44.297+0530] {processor.py:183} INFO - Processing /home/logi/txtai/venv/lib/python3.10/site-packages/airflow/example_dags/example_trigger_controller_dag.py took 0.103 seconds
[2025-11-13T06:02:59.558+0530] {processor.py:161} INFO - Started process (PID=14522) to work on /home/logi/txtai/venv/lib/python3.10/site-packages/airflow/example_dags/example_trigger_controller_dag.py
[2025-11-13T06:02:59.560+0530] {processor.py:830} INFO - Processing file /home/logi/txtai/venv/lib/python3.10/site-packages/airflow/example_dags/example_trigger_controller_dag.py for tasks to queue
[2025-11-13T06:02:59.564+0530] {logging_mixin.py:188} INFO - [2025-11-13T06:02:59.563+0530] {dagbag.py:545} INFO - Filling up the DagBag from /home/logi/txtai/venv/lib/python3.10/site-packages/airflow/example_dags/example_trigger_controller_dag.py
[2025-11-13T06:02:59.577+0530] {processor.py:840} INFO - DAG(s) 'example_trigger_controller_dag' retrieved from /home/logi/txtai/venv/lib/python3.10/site-packages/airflow/example_dags/example_trigger_controller_dag.py
[2025-11-13T06:02:59.599+0530] {logging_mixin.py:188} INFO - [2025-11-13T06:02:59.599+0530] {dag.py:3089} INFO - Sync 1 DAGs
[2025-11-13T06:02:59.621+0530] {logging_mixin.py:188} INFO - [2025-11-13T06:02:59.620+0530] {dag.py:3947} INFO - Setting next_dagrun for example_trigger_controller_dag to 2021-01-01 00:00:00+00:00, run_after=2021-01-01 00:00:00+00:00
[2025-11-13T06:02:59.646+0530] {processor.py:183} INFO - Processing /home/logi/txtai/venv/lib/python3.10/site-packages/airflow/example_dags/example_trigger_controller_dag.py took 0.102 seconds
[2025-11-13T10:40:39.621+0530] {processor.py:161} INFO - Started process (PID=17029) to work on /home/logi/txtai/venv/lib/python3.10/site-packages/airflow/example_dags/example_trigger_controller_dag.py
[2025-11-13T10:40:39.622+0530] {processor.py:830} INFO - Processing file /home/logi/txtai/venv/lib/python3.10/site-packages/airflow/example_dags/example_trigger_controller_dag.py for tasks to queue
[2025-11-13T10:40:39.623+0530] {logging_mixin.py:188} INFO - [2025-11-13T10:40:39.623+0530] {dagbag.py:545} INFO - Filling up the DagBag from /home/logi/txtai/venv/lib/python3.10/site-packages/airflow/example_dags/example_trigger_controller_dag.py
[2025-11-13T10:40:39.629+0530] {processor.py:840} INFO - DAG(s) 'example_trigger_controller_dag' retrieved from /home/logi/txtai/venv/lib/python3.10/site-packages/airflow/example_dags/example_trigger_controller_dag.py
[2025-11-13T10:40:39.755+0530] {logging_mixin.py:188} INFO - [2025-11-13T10:40:39.754+0530] {override.py:1858} INFO - Created Permission View: can edit on DAG:example_trigger_controller_dag
[2025-11-13T10:40:39.765+0530] {logging_mixin.py:188} INFO - [2025-11-13T10:40:39.764+0530] {override.py:1858} INFO - Created Permission View: can read on DAG:example_trigger_controller_dag
[2025-11-13T10:40:39.772+0530] {logging_mixin.py:188} INFO - [2025-11-13T10:40:39.772+0530] {override.py:1858} INFO - Created Permission View: can delete on DAG:example_trigger_controller_dag
[2025-11-13T10:40:39.772+0530] {logging_mixin.py:188} INFO - [2025-11-13T10:40:39.772+0530] {dag.py:3089} INFO - Sync 1 DAGs
[2025-11-13T10:40:39.782+0530] {logging_mixin.py:188} INFO - [2025-11-13T10:40:39.782+0530] {dag.py:3111} INFO - Creating ORM DAG for example_trigger_controller_dag
[2025-11-13T10:40:39.791+0530] {logging_mixin.py:188} INFO - [2025-11-13T10:40:39.791+0530] {dag.py:3947} INFO - Setting next_dagrun for example_trigger_controller_dag to 2021-01-01 00:00:00+00:00, run_after=2021-01-01 00:00:00+00:00
[2025-11-13T10:40:39.815+0530] {processor.py:183} INFO - Processing /home/logi/txtai/venv/lib/python3.10/site-packages/airflow/example_dags/example_trigger_controller_dag.py took 0.204 seconds
[2025-11-13T10:41:10.526+0530] {processor.py:161} INFO - Started process (PID=17414) to work on /home/logi/txtai/venv/lib/python3.10/site-packages/airflow/example_dags/example_trigger_controller_dag.py
[2025-11-13T10:41:10.529+0530] {processor.py:830} INFO - Processing file /home/logi/txtai/venv/lib/python3.10/site-packages/airflow/example_dags/example_trigger_controller_dag.py for tasks to queue
[2025-11-13T10:41:10.532+0530] {logging_mixin.py:188} INFO - [2025-11-13T10:41:10.532+0530] {dagbag.py:545} INFO - Filling up the DagBag from /home/logi/txtai/venv/lib/python3.10/site-packages/airflow/example_dags/example_trigger_controller_dag.py
[2025-11-13T10:41:10.543+0530] {processor.py:840} INFO - DAG(s) 'example_trigger_controller_dag' retrieved from /home/logi/txtai/venv/lib/python3.10/site-packages/airflow/example_dags/example_trigger_controller_dag.py
[2025-11-13T10:41:10.612+0530] {logging_mixin.py:188} INFO - [2025-11-13T10:41:10.611+0530] {dag.py:3089} INFO - Sync 1 DAGs
[2025-11-13T10:41:10.663+0530] {logging_mixin.py:188} INFO - [2025-11-13T10:41:10.662+0530] {dag.py:3947} INFO - Setting next_dagrun for example_trigger_controller_dag to 2021-01-01 00:00:00+00:00, run_after=2021-01-01 00:00:00+00:00
[2025-11-13T10:41:10.708+0530] {processor.py:183} INFO - Processing /home/logi/txtai/venv/lib/python3.10/site-packages/airflow/example_dags/example_trigger_controller_dag.py took 0.197 seconds
[2025-11-13T10:41:42.488+0530] {processor.py:161} INFO - Started process (PID=18083) to work on /home/logi/txtai/venv/lib/python3.10/site-packages/airflow/example_dags/example_trigger_controller_dag.py
[2025-11-13T10:41:42.492+0530] {processor.py:830} INFO - Processing file /home/logi/txtai/venv/lib/python3.10/site-packages/airflow/example_dags/example_trigger_controller_dag.py for tasks to queue
[2025-11-13T10:41:42.497+0530] {logging_mixin.py:188} INFO - [2025-11-13T10:41:42.496+0530] {dagbag.py:545} INFO - Filling up the DagBag from /home/logi/txtai/venv/lib/python3.10/site-packages/airflow/example_dags/example_trigger_controller_dag.py
[2025-11-13T10:41:42.515+0530] {processor.py:840} INFO - DAG(s) 'example_trigger_controller_dag' retrieved from /home/logi/txtai/venv/lib/python3.10/site-packages/airflow/example_dags/example_trigger_controller_dag.py
[2025-11-13T10:41:42.587+0530] {logging_mixin.py:188} INFO - [2025-11-13T10:41:42.587+0530] {dag.py:3089} INFO - Sync 1 DAGs
[2025-11-13T10:41:42.643+0530] {logging_mixin.py:188} INFO - [2025-11-13T10:41:42.642+0530] {dag.py:3947} INFO - Setting next_dagrun for example_trigger_controller_dag to 2021-01-01 00:00:00+00:00, run_after=2021-01-01 00:00:00+00:00
[2025-11-13T10:41:42.685+0530] {processor.py:183} INFO - Processing /home/logi/txtai/venv/lib/python3.10/site-packages/airflow/example_dags/example_trigger_controller_dag.py took 0.216 seconds
[2025-11-13T10:42:13.559+0530] {processor.py:161} INFO - Started process (PID=18671) to work on /home/logi/txtai/venv/lib/python3.10/site-packages/airflow/example_dags/example_trigger_controller_dag.py
[2025-11-13T10:42:13.561+0530] {processor.py:830} INFO - Processing file /home/logi/txtai/venv/lib/python3.10/site-packages/airflow/example_dags/example_trigger_controller_dag.py for tasks to queue
[2025-11-13T10:42:13.563+0530] {logging_mixin.py:188} INFO - [2025-11-13T10:42:13.563+0530] {dagbag.py:545} INFO - Filling up the DagBag from /home/logi/txtai/venv/lib/python3.10/site-packages/airflow/example_dags/example_trigger_controller_dag.py
[2025-11-13T10:42:13.571+0530] {processor.py:840} INFO - DAG(s) 'example_trigger_controller_dag' retrieved from /home/logi/txtai/venv/lib/python3.10/site-packages/airflow/example_dags/example_trigger_controller_dag.py
[2025-11-13T10:42:13.612+0530] {logging_mixin.py:188} INFO - [2025-11-13T10:42:13.611+0530] {dag.py:3089} INFO - Sync 1 DAGs
[2025-11-13T10:42:13.630+0530] {logging_mixin.py:188} INFO - [2025-11-13T10:42:13.629+0530] {dag.py:3947} INFO - Setting next_dagrun for example_trigger_controller_dag to 2021-01-01 00:00:00+00:00, run_after=2021-01-01 00:00:00+00:00
[2025-11-13T10:42:13.659+0530] {processor.py:183} INFO - Processing /home/logi/txtai/venv/lib/python3.10/site-packages/airflow/example_dags/example_trigger_controller_dag.py took 0.110 seconds
[2025-11-13T10:42:44.777+0530] {processor.py:161} INFO - Started process (PID=18960) to work on /home/logi/txtai/venv/lib/python3.10/site-packages/airflow/example_dags/example_trigger_controller_dag.py
[2025-11-13T10:42:44.779+0530] {processor.py:830} INFO - Processing file /home/logi/txtai/venv/lib/python3.10/site-packages/airflow/example_dags/example_trigger_controller_dag.py for tasks to queue
[2025-11-13T10:42:44.781+0530] {logging_mixin.py:188} INFO - [2025-11-13T10:42:44.781+0530] {dagbag.py:545} INFO - Filling up the DagBag from /home/logi/txtai/venv/lib/python3.10/site-packages/airflow/example_dags/example_trigger_controller_dag.py
[2025-11-13T10:42:44.789+0530] {processor.py:840} INFO - DAG(s) 'example_trigger_controller_dag' retrieved from /home/logi/txtai/venv/lib/python3.10/site-packages/airflow/example_dags/example_trigger_controller_dag.py
[2025-11-13T10:42:44.848+0530] {logging_mixin.py:188} INFO - [2025-11-13T10:42:44.848+0530] {dag.py:3089} INFO - Sync 1 DAGs
[2025-11-13T10:42:44.888+0530] {logging_mixin.py:188} INFO - [2025-11-13T10:42:44.887+0530] {dag.py:3947} INFO - Setting next_dagrun for example_trigger_controller_dag to 2021-01-01 00:00:00+00:00, run_after=2021-01-01 00:00:00+00:00
[2025-11-13T10:42:44.921+0530] {processor.py:183} INFO - Processing /home/logi/txtai/venv/lib/python3.10/site-packages/airflow/example_dags/example_trigger_controller_dag.py took 0.155 seconds
[2025-11-13T10:43:15.795+0530] {processor.py:161} INFO - Started process (PID=19101) to work on /home/logi/txtai/venv/lib/python3.10/site-packages/airflow/example_dags/example_trigger_controller_dag.py
[2025-11-13T10:43:15.797+0530] {processor.py:830} INFO - Processing file /home/logi/txtai/venv/lib/python3.10/site-packages/airflow/example_dags/example_trigger_controller_dag.py for tasks to queue
[2025-11-13T10:43:15.799+0530] {logging_mixin.py:188} INFO - [2025-11-13T10:43:15.799+0530] {dagbag.py:545} INFO - Filling up the DagBag from /home/logi/txtai/venv/lib/python3.10/site-packages/airflow/example_dags/example_trigger_controller_dag.py
[2025-11-13T10:43:15.807+0530] {processor.py:840} INFO - DAG(s) 'example_trigger_controller_dag' retrieved from /home/logi/txtai/venv/lib/python3.10/site-packages/airflow/example_dags/example_trigger_controller_dag.py
[2025-11-13T10:43:15.863+0530] {logging_mixin.py:188} INFO - [2025-11-13T10:43:15.863+0530] {dag.py:3089} INFO - Sync 1 DAGs
[2025-11-13T10:43:15.902+0530] {logging_mixin.py:188} INFO - [2025-11-13T10:43:15.902+0530] {dag.py:3947} INFO - Setting next_dagrun for example_trigger_controller_dag to 2021-01-01 00:00:00+00:00, run_after=2021-01-01 00:00:00+00:00
[2025-11-13T10:43:15.936+0530] {processor.py:183} INFO - Processing /home/logi/txtai/venv/lib/python3.10/site-packages/airflow/example_dags/example_trigger_controller_dag.py took 0.152 seconds
[2025-11-13T10:43:47.240+0530] {processor.py:161} INFO - Started process (PID=19242) to work on /home/logi/txtai/venv/lib/python3.10/site-packages/airflow/example_dags/example_trigger_controller_dag.py
[2025-11-13T10:43:47.242+0530] {processor.py:830} INFO - Processing file /home/logi/txtai/venv/lib/python3.10/site-packages/airflow/example_dags/example_trigger_controller_dag.py for tasks to queue
[2025-11-13T10:43:47.245+0530] {logging_mixin.py:188} INFO - [2025-11-13T10:43:47.245+0530] {dagbag.py:545} INFO - Filling up the DagBag from /home/logi/txtai/venv/lib/python3.10/site-packages/airflow/example_dags/example_trigger_controller_dag.py
[2025-11-13T10:43:47.261+0530] {processor.py:840} INFO - DAG(s) 'example_trigger_controller_dag' retrieved from /home/logi/txtai/venv/lib/python3.10/site-packages/airflow/example_dags/example_trigger_controller_dag.py
[2025-11-13T10:43:47.299+0530] {logging_mixin.py:188} INFO - [2025-11-13T10:43:47.299+0530] {dag.py:3089} INFO - Sync 1 DAGs
[2025-11-13T10:43:47.323+0530] {logging_mixin.py:188} INFO - [2025-11-13T10:43:47.323+0530] {dag.py:3947} INFO - Setting next_dagrun for example_trigger_controller_dag to 2021-01-01 00:00:00+00:00, run_after=2021-01-01 00:00:00+00:00
[2025-11-13T10:43:47.347+0530] {processor.py:183} INFO - Processing /home/logi/txtai/venv/lib/python3.10/site-packages/airflow/example_dags/example_trigger_controller_dag.py took 0.124 seconds
[2025-11-13T10:44:18.526+0530] {processor.py:161} INFO - Started process (PID=19385) to work on /home/logi/txtai/venv/lib/python3.10/site-packages/airflow/example_dags/example_trigger_controller_dag.py
[2025-11-13T10:44:18.528+0530] {processor.py:830} INFO - Processing file /home/logi/txtai/venv/lib/python3.10/site-packages/airflow/example_dags/example_trigger_controller_dag.py for tasks to queue
[2025-11-13T10:44:18.531+0530] {logging_mixin.py:188} INFO - [2025-11-13T10:44:18.530+0530] {dagbag.py:545} INFO - Filling up the DagBag from /home/logi/txtai/venv/lib/python3.10/site-packages/airflow/example_dags/example_trigger_controller_dag.py
[2025-11-13T10:44:18.540+0530] {processor.py:840} INFO - DAG(s) 'example_trigger_controller_dag' retrieved from /home/logi/txtai/venv/lib/python3.10/site-packages/airflow/example_dags/example_trigger_controller_dag.py
[2025-11-13T10:44:18.598+0530] {logging_mixin.py:188} INFO - [2025-11-13T10:44:18.598+0530] {dag.py:3089} INFO - Sync 1 DAGs
[2025-11-13T10:44:18.637+0530] {logging_mixin.py:188} INFO - [2025-11-13T10:44:18.636+0530] {dag.py:3947} INFO - Setting next_dagrun for example_trigger_controller_dag to 2021-01-01 00:00:00+00:00, run_after=2021-01-01 00:00:00+00:00
[2025-11-13T10:44:18.676+0530] {processor.py:183} INFO - Processing /home/logi/txtai/venv/lib/python3.10/site-packages/airflow/example_dags/example_trigger_controller_dag.py took 0.160 seconds
[2025-11-13T10:44:50.438+0530] {processor.py:161} INFO - Started process (PID=19528) to work on /home/logi/txtai/venv/lib/python3.10/site-packages/airflow/example_dags/example_trigger_controller_dag.py
[2025-11-13T10:44:50.440+0530] {processor.py:830} INFO - Processing file /home/logi/txtai/venv/lib/python3.10/site-packages/airflow/example_dags/example_trigger_controller_dag.py for tasks to queue
[2025-11-13T10:44:50.443+0530] {logging_mixin.py:188} INFO - [2025-11-13T10:44:50.442+0530] {dagbag.py:545} INFO - Filling up the DagBag from /home/logi/txtai/venv/lib/python3.10/site-packages/airflow/example_dags/example_trigger_controller_dag.py
[2025-11-13T10:44:50.452+0530] {processor.py:840} INFO - DAG(s) 'example_trigger_controller_dag' retrieved from /home/logi/txtai/venv/lib/python3.10/site-packages/airflow/example_dags/example_trigger_controller_dag.py
[2025-11-13T10:44:50.512+0530] {logging_mixin.py:188} INFO - [2025-11-13T10:44:50.511+0530] {dag.py:3089} INFO - Sync 1 DAGs
[2025-11-13T10:44:50.551+0530] {logging_mixin.py:188} INFO - [2025-11-13T10:44:50.550+0530] {dag.py:3947} INFO - Setting next_dagrun for example_trigger_controller_dag to 2021-01-01 00:00:00+00:00, run_after=2021-01-01 00:00:00+00:00
[2025-11-13T10:44:50.587+0530] {processor.py:183} INFO - Processing /home/logi/txtai/venv/lib/python3.10/site-packages/airflow/example_dags/example_trigger_controller_dag.py took 0.161 seconds
[2025-11-13T10:45:21.189+0530] {processor.py:161} INFO - Started process (PID=19673) to work on /home/logi/txtai/venv/lib/python3.10/site-packages/airflow/example_dags/example_trigger_controller_dag.py
[2025-11-13T10:45:21.191+0530] {processor.py:830} INFO - Processing file /home/logi/txtai/venv/lib/python3.10/site-packages/airflow/example_dags/example_trigger_controller_dag.py for tasks to queue
[2025-11-13T10:45:21.194+0530] {logging_mixin.py:188} INFO - [2025-11-13T10:45:21.193+0530] {dagbag.py:545} INFO - Filling up the DagBag from /home/logi/txtai/venv/lib/python3.10/site-packages/airflow/example_dags/example_trigger_controller_dag.py
[2025-11-13T10:45:21.203+0530] {processor.py:840} INFO - DAG(s) 'example_trigger_controller_dag' retrieved from /home/logi/txtai/venv/lib/python3.10/site-packages/airflow/example_dags/example_trigger_controller_dag.py
[2025-11-13T10:45:21.260+0530] {logging_mixin.py:188} INFO - [2025-11-13T10:45:21.260+0530] {dag.py:3089} INFO - Sync 1 DAGs
[2025-11-13T10:45:21.298+0530] {logging_mixin.py:188} INFO - [2025-11-13T10:45:21.298+0530] {dag.py:3947} INFO - Setting next_dagrun for example_trigger_controller_dag to 2021-01-01 00:00:00+00:00, run_after=2021-01-01 00:00:00+00:00
[2025-11-13T10:45:21.332+0530] {processor.py:183} INFO - Processing /home/logi/txtai/venv/lib/python3.10/site-packages/airflow/example_dags/example_trigger_controller_dag.py took 0.155 seconds
[2025-11-13T10:45:51.750+0530] {processor.py:161} INFO - Started process (PID=19842) to work on /home/logi/txtai/venv/lib/python3.10/site-packages/airflow/example_dags/example_trigger_controller_dag.py
[2025-11-13T10:45:51.751+0530] {processor.py:830} INFO - Processing file /home/logi/txtai/venv/lib/python3.10/site-packages/airflow/example_dags/example_trigger_controller_dag.py for tasks to queue
[2025-11-13T10:45:51.754+0530] {logging_mixin.py:188} INFO - [2025-11-13T10:45:51.753+0530] {dagbag.py:545} INFO - Filling up the DagBag from /home/logi/txtai/venv/lib/python3.10/site-packages/airflow/example_dags/example_trigger_controller_dag.py
[2025-11-13T10:45:51.761+0530] {processor.py:840} INFO - DAG(s) 'example_trigger_controller_dag' retrieved from /home/logi/txtai/venv/lib/python3.10/site-packages/airflow/example_dags/example_trigger_controller_dag.py
[2025-11-13T10:45:51.793+0530] {logging_mixin.py:188} INFO - [2025-11-13T10:45:51.793+0530] {dag.py:3089} INFO - Sync 1 DAGs
[2025-11-13T10:45:51.815+0530] {logging_mixin.py:188} INFO - [2025-11-13T10:45:51.815+0530] {dag.py:3947} INFO - Setting next_dagrun for example_trigger_controller_dag to 2021-01-01 00:00:00+00:00, run_after=2021-01-01 00:00:00+00:00
[2025-11-13T10:45:51.837+0530] {processor.py:183} INFO - Processing /home/logi/txtai/venv/lib/python3.10/site-packages/airflow/example_dags/example_trigger_controller_dag.py took 0.095 seconds
[2025-11-13T10:46:23.441+0530] {processor.py:161} INFO - Started process (PID=19986) to work on /home/logi/txtai/venv/lib/python3.10/site-packages/airflow/example_dags/example_trigger_controller_dag.py
[2025-11-13T10:46:23.444+0530] {processor.py:830} INFO - Processing file /home/logi/txtai/venv/lib/python3.10/site-packages/airflow/example_dags/example_trigger_controller_dag.py for tasks to queue
[2025-11-13T10:46:23.447+0530] {logging_mixin.py:188} INFO - [2025-11-13T10:46:23.446+0530] {dagbag.py:545} INFO - Filling up the DagBag from /home/logi/txtai/venv/lib/python3.10/site-packages/airflow/example_dags/example_trigger_controller_dag.py
[2025-11-13T10:46:23.455+0530] {processor.py:840} INFO - DAG(s) 'example_trigger_controller_dag' retrieved from /home/logi/txtai/venv/lib/python3.10/site-packages/airflow/example_dags/example_trigger_controller_dag.py
[2025-11-13T10:46:23.516+0530] {logging_mixin.py:188} INFO - [2025-11-13T10:46:23.516+0530] {dag.py:3089} INFO - Sync 1 DAGs
[2025-11-13T10:46:23.557+0530] {logging_mixin.py:188} INFO - [2025-11-13T10:46:23.557+0530] {dag.py:3947} INFO - Setting next_dagrun for example_trigger_controller_dag to 2021-01-01 00:00:00+00:00, run_after=2021-01-01 00:00:00+00:00
[2025-11-13T10:46:23.608+0530] {processor.py:183} INFO - Processing /home/logi/txtai/venv/lib/python3.10/site-packages/airflow/example_dags/example_trigger_controller_dag.py took 0.179 seconds
[2025-11-13T10:46:54.270+0530] {processor.py:161} INFO - Started process (PID=20128) to work on /home/logi/txtai/venv/lib/python3.10/site-packages/airflow/example_dags/example_trigger_controller_dag.py
[2025-11-13T10:46:54.272+0530] {processor.py:830} INFO - Processing file /home/logi/txtai/venv/lib/python3.10/site-packages/airflow/example_dags/example_trigger_controller_dag.py for tasks to queue
[2025-11-13T10:46:54.275+0530] {logging_mixin.py:188} INFO - [2025-11-13T10:46:54.274+0530] {dagbag.py:545} INFO - Filling up the DagBag from /home/logi/txtai/venv/lib/python3.10/site-packages/airflow/example_dags/example_trigger_controller_dag.py
[2025-11-13T10:46:54.283+0530] {processor.py:840} INFO - DAG(s) 'example_trigger_controller_dag' retrieved from /home/logi/txtai/venv/lib/python3.10/site-packages/airflow/example_dags/example_trigger_controller_dag.py
[2025-11-13T10:46:54.336+0530] {logging_mixin.py:188} INFO - [2025-11-13T10:46:54.335+0530] {dag.py:3089} INFO - Sync 1 DAGs
[2025-11-13T10:46:54.376+0530] {logging_mixin.py:188} INFO - [2025-11-13T10:46:54.376+0530] {dag.py:3947} INFO - Setting next_dagrun for example_trigger_controller_dag to 2021-01-01 00:00:00+00:00, run_after=2021-01-01 00:00:00+00:00
[2025-11-13T10:46:54.415+0530] {processor.py:183} INFO - Processing /home/logi/txtai/venv/lib/python3.10/site-packages/airflow/example_dags/example_trigger_controller_dag.py took 0.157 seconds
[2025-11-13T10:47:25.306+0530] {processor.py:161} INFO - Started process (PID=20271) to work on /home/logi/txtai/venv/lib/python3.10/site-packages/airflow/example_dags/example_trigger_controller_dag.py
[2025-11-13T10:47:25.308+0530] {processor.py:830} INFO - Processing file /home/logi/txtai/venv/lib/python3.10/site-packages/airflow/example_dags/example_trigger_controller_dag.py for tasks to queue
[2025-11-13T10:47:25.311+0530] {logging_mixin.py:188} INFO - [2025-11-13T10:47:25.310+0530] {dagbag.py:545} INFO - Filling up the DagBag from /home/logi/txtai/venv/lib/python3.10/site-packages/airflow/example_dags/example_trigger_controller_dag.py
[2025-11-13T10:47:25.320+0530] {processor.py:840} INFO - DAG(s) 'example_trigger_controller_dag' retrieved from /home/logi/txtai/venv/lib/python3.10/site-packages/airflow/example_dags/example_trigger_controller_dag.py
[2025-11-13T10:47:25.381+0530] {logging_mixin.py:188} INFO - [2025-11-13T10:47:25.381+0530] {dag.py:3089} INFO - Sync 1 DAGs
[2025-11-13T10:47:25.421+0530] {logging_mixin.py:188} INFO - [2025-11-13T10:47:25.421+0530] {dag.py:3947} INFO - Setting next_dagrun for example_trigger_controller_dag to 2021-01-01 00:00:00+00:00, run_after=2021-01-01 00:00:00+00:00
[2025-11-13T10:47:25.461+0530] {processor.py:183} INFO - Processing /home/logi/txtai/venv/lib/python3.10/site-packages/airflow/example_dags/example_trigger_controller_dag.py took 0.168 seconds
[2025-11-13T10:47:56.743+0530] {processor.py:161} INFO - Started process (PID=20413) to work on /home/logi/txtai/venv/lib/python3.10/site-packages/airflow/example_dags/example_trigger_controller_dag.py
[2025-11-13T10:47:56.745+0530] {processor.py:830} INFO - Processing file /home/logi/txtai/venv/lib/python3.10/site-packages/airflow/example_dags/example_trigger_controller_dag.py for tasks to queue
[2025-11-13T10:47:56.748+0530] {logging_mixin.py:188} INFO - [2025-11-13T10:47:56.748+0530] {dagbag.py:545} INFO - Filling up the DagBag from /home/logi/txtai/venv/lib/python3.10/site-packages/airflow/example_dags/example_trigger_controller_dag.py
[2025-11-13T10:47:56.757+0530] {processor.py:840} INFO - DAG(s) 'example_trigger_controller_dag' retrieved from /home/logi/txtai/venv/lib/python3.10/site-packages/airflow/example_dags/example_trigger_controller_dag.py
[2025-11-13T10:47:56.808+0530] {logging_mixin.py:188} INFO - [2025-11-13T10:47:56.807+0530] {dag.py:3089} INFO - Sync 1 DAGs
[2025-11-13T10:47:56.849+0530] {logging_mixin.py:188} INFO - [2025-11-13T10:47:56.849+0530] {dag.py:3947} INFO - Setting next_dagrun for example_trigger_controller_dag to 2021-01-01 00:00:00+00:00, run_after=2021-01-01 00:00:00+00:00
[2025-11-13T10:47:56.901+0530] {processor.py:183} INFO - Processing /home/logi/txtai/venv/lib/python3.10/site-packages/airflow/example_dags/example_trigger_controller_dag.py took 0.174 seconds
[2025-11-13T10:48:27.897+0530] {processor.py:161} INFO - Started process (PID=20555) to work on /home/logi/txtai/venv/lib/python3.10/site-packages/airflow/example_dags/example_trigger_controller_dag.py
[2025-11-13T10:48:27.899+0530] {processor.py:830} INFO - Processing file /home/logi/txtai/venv/lib/python3.10/site-packages/airflow/example_dags/example_trigger_controller_dag.py for tasks to queue
[2025-11-13T10:48:27.902+0530] {logging_mixin.py:188} INFO - [2025-11-13T10:48:27.902+0530] {dagbag.py:545} INFO - Filling up the DagBag from /home/logi/txtai/venv/lib/python3.10/site-packages/airflow/example_dags/example_trigger_controller_dag.py
[2025-11-13T10:48:27.911+0530] {processor.py:840} INFO - DAG(s) 'example_trigger_controller_dag' retrieved from /home/logi/txtai/venv/lib/python3.10/site-packages/airflow/example_dags/example_trigger_controller_dag.py
[2025-11-13T10:48:27.969+0530] {logging_mixin.py:188} INFO - [2025-11-13T10:48:27.969+0530] {dag.py:3089} INFO - Sync 1 DAGs
[2025-11-13T10:48:28.010+0530] {logging_mixin.py:188} INFO - [2025-11-13T10:48:28.009+0530] {dag.py:3947} INFO - Setting next_dagrun for example_trigger_controller_dag to 2021-01-01 00:00:00+00:00, run_after=2021-01-01 00:00:00+00:00
[2025-11-13T10:48:28.048+0530] {processor.py:183} INFO - Processing /home/logi/txtai/venv/lib/python3.10/site-packages/airflow/example_dags/example_trigger_controller_dag.py took 0.163 seconds
[2025-11-13T10:48:58.686+0530] {processor.py:161} INFO - Started process (PID=20699) to work on /home/logi/txtai/venv/lib/python3.10/site-packages/airflow/example_dags/example_trigger_controller_dag.py
[2025-11-13T10:48:58.688+0530] {processor.py:830} INFO - Processing file /home/logi/txtai/venv/lib/python3.10/site-packages/airflow/example_dags/example_trigger_controller_dag.py for tasks to queue
[2025-11-13T10:48:58.691+0530] {logging_mixin.py:188} INFO - [2025-11-13T10:48:58.691+0530] {dagbag.py:545} INFO - Filling up the DagBag from /home/logi/txtai/venv/lib/python3.10/site-packages/airflow/example_dags/example_trigger_controller_dag.py
[2025-11-13T10:48:58.704+0530] {processor.py:840} INFO - DAG(s) 'example_trigger_controller_dag' retrieved from /home/logi/txtai/venv/lib/python3.10/site-packages/airflow/example_dags/example_trigger_controller_dag.py
[2025-11-13T10:48:58.737+0530] {logging_mixin.py:188} INFO - [2025-11-13T10:48:58.737+0530] {dag.py:3089} INFO - Sync 1 DAGs
[2025-11-13T10:48:58.770+0530] {logging_mixin.py:188} INFO - [2025-11-13T10:48:58.770+0530] {dag.py:3947} INFO - Setting next_dagrun for example_trigger_controller_dag to 2021-01-01 00:00:00+00:00, run_after=2021-01-01 00:00:00+00:00
[2025-11-13T10:48:58.804+0530] {processor.py:183} INFO - Processing /home/logi/txtai/venv/lib/python3.10/site-packages/airflow/example_dags/example_trigger_controller_dag.py took 0.130 seconds
[2025-11-13T10:49:29.667+0530] {processor.py:161} INFO - Started process (PID=20844) to work on /home/logi/txtai/venv/lib/python3.10/site-packages/airflow/example_dags/example_trigger_controller_dag.py
[2025-11-13T10:49:29.670+0530] {processor.py:830} INFO - Processing file /home/logi/txtai/venv/lib/python3.10/site-packages/airflow/example_dags/example_trigger_controller_dag.py for tasks to queue
[2025-11-13T10:49:29.673+0530] {logging_mixin.py:188} INFO - [2025-11-13T10:49:29.673+0530] {dagbag.py:545} INFO - Filling up the DagBag from /home/logi/txtai/venv/lib/python3.10/site-packages/airflow/example_dags/example_trigger_controller_dag.py
[2025-11-13T10:49:29.684+0530] {processor.py:840} INFO - DAG(s) 'example_trigger_controller_dag' retrieved from /home/logi/txtai/venv/lib/python3.10/site-packages/airflow/example_dags/example_trigger_controller_dag.py
[2025-11-13T10:49:29.742+0530] {logging_mixin.py:188} INFO - [2025-11-13T10:49:29.741+0530] {dag.py:3089} INFO - Sync 1 DAGs
[2025-11-13T10:49:29.782+0530] {logging_mixin.py:188} INFO - [2025-11-13T10:49:29.781+0530] {dag.py:3947} INFO - Setting next_dagrun for example_trigger_controller_dag to 2021-01-01 00:00:00+00:00, run_after=2021-01-01 00:00:00+00:00
[2025-11-13T10:49:29.822+0530] {processor.py:183} INFO - Processing /home/logi/txtai/venv/lib/python3.10/site-packages/airflow/example_dags/example_trigger_controller_dag.py took 0.167 seconds
[2025-11-13T10:50:00.812+0530] {processor.py:161} INFO - Started process (PID=20986) to work on /home/logi/txtai/venv/lib/python3.10/site-packages/airflow/example_dags/example_trigger_controller_dag.py
[2025-11-13T10:50:00.814+0530] {processor.py:830} INFO - Processing file /home/logi/txtai/venv/lib/python3.10/site-packages/airflow/example_dags/example_trigger_controller_dag.py for tasks to queue
[2025-11-13T10:50:00.817+0530] {logging_mixin.py:188} INFO - [2025-11-13T10:50:00.816+0530] {dagbag.py:545} INFO - Filling up the DagBag from /home/logi/txtai/venv/lib/python3.10/site-packages/airflow/example_dags/example_trigger_controller_dag.py
[2025-11-13T10:50:00.826+0530] {processor.py:840} INFO - DAG(s) 'example_trigger_controller_dag' retrieved from /home/logi/txtai/venv/lib/python3.10/site-packages/airflow/example_dags/example_trigger_controller_dag.py
[2025-11-13T10:50:00.885+0530] {logging_mixin.py:188} INFO - [2025-11-13T10:50:00.884+0530] {dag.py:3089} INFO - Sync 1 DAGs
[2025-11-13T10:50:00.927+0530] {logging_mixin.py:188} INFO - [2025-11-13T10:50:00.927+0530] {dag.py:3947} INFO - Setting next_dagrun for example_trigger_controller_dag to 2021-01-01 00:00:00+00:00, run_after=2021-01-01 00:00:00+00:00
[2025-11-13T10:50:00.966+0530] {processor.py:183} INFO - Processing /home/logi/txtai/venv/lib/python3.10/site-packages/airflow/example_dags/example_trigger_controller_dag.py took 0.166 seconds
[2025-11-13T10:50:31.840+0530] {processor.py:161} INFO - Started process (PID=21129) to work on /home/logi/txtai/venv/lib/python3.10/site-packages/airflow/example_dags/example_trigger_controller_dag.py
[2025-11-13T10:50:31.842+0530] {processor.py:830} INFO - Processing file /home/logi/txtai/venv/lib/python3.10/site-packages/airflow/example_dags/example_trigger_controller_dag.py for tasks to queue
[2025-11-13T10:50:31.845+0530] {logging_mixin.py:188} INFO - [2025-11-13T10:50:31.845+0530] {dagbag.py:545} INFO - Filling up the DagBag from /home/logi/txtai/venv/lib/python3.10/site-packages/airflow/example_dags/example_trigger_controller_dag.py
[2025-11-13T10:50:31.854+0530] {processor.py:840} INFO - DAG(s) 'example_trigger_controller_dag' retrieved from /home/logi/txtai/venv/lib/python3.10/site-packages/airflow/example_dags/example_trigger_controller_dag.py
[2025-11-13T10:50:31.915+0530] {logging_mixin.py:188} INFO - [2025-11-13T10:50:31.915+0530] {dag.py:3089} INFO - Sync 1 DAGs
[2025-11-13T10:50:31.970+0530] {logging_mixin.py:188} INFO - [2025-11-13T10:50:31.969+0530] {dag.py:3947} INFO - Setting next_dagrun for example_trigger_controller_dag to 2021-01-01 00:00:00+00:00, run_after=2021-01-01 00:00:00+00:00
[2025-11-13T10:50:32.022+0530] {processor.py:183} INFO - Processing /home/logi/txtai/venv/lib/python3.10/site-packages/airflow/example_dags/example_trigger_controller_dag.py took 0.195 seconds
[2025-11-13T10:51:03.155+0530] {processor.py:161} INFO - Started process (PID=21310) to work on /home/logi/txtai/venv/lib/python3.10/site-packages/airflow/example_dags/example_trigger_controller_dag.py
[2025-11-13T10:51:03.157+0530] {processor.py:830} INFO - Processing file /home/logi/txtai/venv/lib/python3.10/site-packages/airflow/example_dags/example_trigger_controller_dag.py for tasks to queue
[2025-11-13T10:51:03.159+0530] {logging_mixin.py:188} INFO - [2025-11-13T10:51:03.159+0530] {dagbag.py:545} INFO - Filling up the DagBag from /home/logi/txtai/venv/lib/python3.10/site-packages/airflow/example_dags/example_trigger_controller_dag.py
[2025-11-13T10:51:03.165+0530] {processor.py:840} INFO - DAG(s) 'example_trigger_controller_dag' retrieved from /home/logi/txtai/venv/lib/python3.10/site-packages/airflow/example_dags/example_trigger_controller_dag.py
[2025-11-13T10:51:03.212+0530] {logging_mixin.py:188} INFO - [2025-11-13T10:51:03.212+0530] {dag.py:3089} INFO - Sync 1 DAGs
[2025-11-13T10:51:03.250+0530] {logging_mixin.py:188} INFO - [2025-11-13T10:51:03.250+0530] {dag.py:3947} INFO - Setting next_dagrun for example_trigger_controller_dag to 2021-01-01 00:00:00+00:00, run_after=2021-01-01 00:00:00+00:00
[2025-11-13T10:51:03.302+0530] {processor.py:183} INFO - Processing /home/logi/txtai/venv/lib/python3.10/site-packages/airflow/example_dags/example_trigger_controller_dag.py took 0.155 seconds
[2025-11-13T10:51:34.427+0530] {processor.py:161} INFO - Started process (PID=21452) to work on /home/logi/txtai/venv/lib/python3.10/site-packages/airflow/example_dags/example_trigger_controller_dag.py
[2025-11-13T10:51:34.429+0530] {processor.py:830} INFO - Processing file /home/logi/txtai/venv/lib/python3.10/site-packages/airflow/example_dags/example_trigger_controller_dag.py for tasks to queue
[2025-11-13T10:51:34.431+0530] {logging_mixin.py:188} INFO - [2025-11-13T10:51:34.431+0530] {dagbag.py:545} INFO - Filling up the DagBag from /home/logi/txtai/venv/lib/python3.10/site-packages/airflow/example_dags/example_trigger_controller_dag.py
[2025-11-13T10:51:34.438+0530] {processor.py:840} INFO - DAG(s) 'example_trigger_controller_dag' retrieved from /home/logi/txtai/venv/lib/python3.10/site-packages/airflow/example_dags/example_trigger_controller_dag.py
[2025-11-13T10:51:34.477+0530] {logging_mixin.py:188} INFO - [2025-11-13T10:51:34.477+0530] {dag.py:3089} INFO - Sync 1 DAGs
[2025-11-13T10:51:34.514+0530] {logging_mixin.py:188} INFO - [2025-11-13T10:51:34.514+0530] {dag.py:3947} INFO - Setting next_dagrun for example_trigger_controller_dag to 2021-01-01 00:00:00+00:00, run_after=2021-01-01 00:00:00+00:00
[2025-11-13T10:51:34.550+0530] {processor.py:183} INFO - Processing /home/logi/txtai/venv/lib/python3.10/site-packages/airflow/example_dags/example_trigger_controller_dag.py took 0.132 seconds
[2025-11-13T10:52:05.625+0530] {processor.py:161} INFO - Started process (PID=21594) to work on /home/logi/txtai/venv/lib/python3.10/site-packages/airflow/example_dags/example_trigger_controller_dag.py
[2025-11-13T10:52:05.627+0530] {processor.py:830} INFO - Processing file /home/logi/txtai/venv/lib/python3.10/site-packages/airflow/example_dags/example_trigger_controller_dag.py for tasks to queue
[2025-11-13T10:52:05.630+0530] {logging_mixin.py:188} INFO - [2025-11-13T10:52:05.630+0530] {dagbag.py:545} INFO - Filling up the DagBag from /home/logi/txtai/venv/lib/python3.10/site-packages/airflow/example_dags/example_trigger_controller_dag.py
[2025-11-13T10:52:05.640+0530] {processor.py:840} INFO - DAG(s) 'example_trigger_controller_dag' retrieved from /home/logi/txtai/venv/lib/python3.10/site-packages/airflow/example_dags/example_trigger_controller_dag.py
[2025-11-13T10:52:05.693+0530] {logging_mixin.py:188} INFO - [2025-11-13T10:52:05.692+0530] {dag.py:3089} INFO - Sync 1 DAGs
[2025-11-13T10:52:05.733+0530] {logging_mixin.py:188} INFO - [2025-11-13T10:52:05.733+0530] {dag.py:3947} INFO - Setting next_dagrun for example_trigger_controller_dag to 2021-01-01 00:00:00+00:00, run_after=2021-01-01 00:00:00+00:00
[2025-11-13T10:52:05.772+0530] {processor.py:183} INFO - Processing /home/logi/txtai/venv/lib/python3.10/site-packages/airflow/example_dags/example_trigger_controller_dag.py took 0.159 seconds
[2025-11-13T10:52:36.801+0530] {processor.py:161} INFO - Started process (PID=21797) to work on /home/logi/txtai/venv/lib/python3.10/site-packages/airflow/example_dags/example_trigger_controller_dag.py
[2025-11-13T10:52:36.803+0530] {processor.py:830} INFO - Processing file /home/logi/txtai/venv/lib/python3.10/site-packages/airflow/example_dags/example_trigger_controller_dag.py for tasks to queue
[2025-11-13T10:52:36.806+0530] {logging_mixin.py:188} INFO - [2025-11-13T10:52:36.805+0530] {dagbag.py:545} INFO - Filling up the DagBag from /home/logi/txtai/venv/lib/python3.10/site-packages/airflow/example_dags/example_trigger_controller_dag.py
[2025-11-13T10:52:36.814+0530] {processor.py:840} INFO - DAG(s) 'example_trigger_controller_dag' retrieved from /home/logi/txtai/venv/lib/python3.10/site-packages/airflow/example_dags/example_trigger_controller_dag.py
[2025-11-13T10:52:36.870+0530] {logging_mixin.py:188} INFO - [2025-11-13T10:52:36.869+0530] {dag.py:3089} INFO - Sync 1 DAGs
[2025-11-13T10:52:36.893+0530] {logging_mixin.py:188} INFO - [2025-11-13T10:52:36.893+0530] {dag.py:3947} INFO - Setting next_dagrun for example_trigger_controller_dag to 2021-01-01 00:00:00+00:00, run_after=2021-01-01 00:00:00+00:00
[2025-11-13T10:52:36.921+0530] {processor.py:183} INFO - Processing /home/logi/txtai/venv/lib/python3.10/site-packages/airflow/example_dags/example_trigger_controller_dag.py took 0.132 seconds
[2025-11-13T10:53:07.730+0530] {processor.py:161} INFO - Started process (PID=22005) to work on /home/logi/txtai/venv/lib/python3.10/site-packages/airflow/example_dags/example_trigger_controller_dag.py
[2025-11-13T10:53:07.732+0530] {processor.py:830} INFO - Processing file /home/logi/txtai/venv/lib/python3.10/site-packages/airflow/example_dags/example_trigger_controller_dag.py for tasks to queue
[2025-11-13T10:53:07.734+0530] {logging_mixin.py:188} INFO - [2025-11-13T10:53:07.734+0530] {dagbag.py:545} INFO - Filling up the DagBag from /home/logi/txtai/venv/lib/python3.10/site-packages/airflow/example_dags/example_trigger_controller_dag.py
[2025-11-13T10:53:07.742+0530] {processor.py:840} INFO - DAG(s) 'example_trigger_controller_dag' retrieved from /home/logi/txtai/venv/lib/python3.10/site-packages/airflow/example_dags/example_trigger_controller_dag.py
[2025-11-13T10:53:07.802+0530] {logging_mixin.py:188} INFO - [2025-11-13T10:53:07.802+0530] {dag.py:3089} INFO - Sync 1 DAGs
[2025-11-13T10:53:07.842+0530] {logging_mixin.py:188} INFO - [2025-11-13T10:53:07.842+0530] {dag.py:3947} INFO - Setting next_dagrun for example_trigger_controller_dag to 2021-01-01 00:00:00+00:00, run_after=2021-01-01 00:00:00+00:00
[2025-11-13T10:53:07.876+0530] {processor.py:183} INFO - Processing /home/logi/txtai/venv/lib/python3.10/site-packages/airflow/example_dags/example_trigger_controller_dag.py took 0.157 seconds
[2025-11-13T10:53:38.907+0530] {processor.py:161} INFO - Started process (PID=22237) to work on /home/logi/txtai/venv/lib/python3.10/site-packages/airflow/example_dags/example_trigger_controller_dag.py
[2025-11-13T10:53:38.910+0530] {processor.py:830} INFO - Processing file /home/logi/txtai/venv/lib/python3.10/site-packages/airflow/example_dags/example_trigger_controller_dag.py for tasks to queue
[2025-11-13T10:53:38.913+0530] {logging_mixin.py:188} INFO - [2025-11-13T10:53:38.912+0530] {dagbag.py:545} INFO - Filling up the DagBag from /home/logi/txtai/venv/lib/python3.10/site-packages/airflow/example_dags/example_trigger_controller_dag.py
[2025-11-13T10:53:38.922+0530] {processor.py:840} INFO - DAG(s) 'example_trigger_controller_dag' retrieved from /home/logi/txtai/venv/lib/python3.10/site-packages/airflow/example_dags/example_trigger_controller_dag.py
[2025-11-13T10:53:38.986+0530] {logging_mixin.py:188} INFO - [2025-11-13T10:53:38.986+0530] {dag.py:3089} INFO - Sync 1 DAGs
[2025-11-13T10:53:39.037+0530] {logging_mixin.py:188} INFO - [2025-11-13T10:53:39.036+0530] {dag.py:3947} INFO - Setting next_dagrun for example_trigger_controller_dag to 2021-01-01 00:00:00+00:00, run_after=2021-01-01 00:00:00+00:00
[2025-11-13T10:53:39.078+0530] {processor.py:183} INFO - Processing /home/logi/txtai/venv/lib/python3.10/site-packages/airflow/example_dags/example_trigger_controller_dag.py took 0.185 seconds
[2025-11-13T10:54:10.152+0530] {processor.py:161} INFO - Started process (PID=22379) to work on /home/logi/txtai/venv/lib/python3.10/site-packages/airflow/example_dags/example_trigger_controller_dag.py
[2025-11-13T10:54:10.154+0530] {processor.py:830} INFO - Processing file /home/logi/txtai/venv/lib/python3.10/site-packages/airflow/example_dags/example_trigger_controller_dag.py for tasks to queue
[2025-11-13T10:54:10.159+0530] {logging_mixin.py:188} INFO - [2025-11-13T10:54:10.158+0530] {dagbag.py:545} INFO - Filling up the DagBag from /home/logi/txtai/venv/lib/python3.10/site-packages/airflow/example_dags/example_trigger_controller_dag.py
[2025-11-13T10:54:10.169+0530] {processor.py:840} INFO - DAG(s) 'example_trigger_controller_dag' retrieved from /home/logi/txtai/venv/lib/python3.10/site-packages/airflow/example_dags/example_trigger_controller_dag.py
[2025-11-13T10:54:10.227+0530] {logging_mixin.py:188} INFO - [2025-11-13T10:54:10.227+0530] {dag.py:3089} INFO - Sync 1 DAGs
[2025-11-13T10:54:10.253+0530] {logging_mixin.py:188} INFO - [2025-11-13T10:54:10.252+0530] {dag.py:3947} INFO - Setting next_dagrun for example_trigger_controller_dag to 2021-01-01 00:00:00+00:00, run_after=2021-01-01 00:00:00+00:00
[2025-11-13T10:54:10.278+0530] {processor.py:183} INFO - Processing /home/logi/txtai/venv/lib/python3.10/site-packages/airflow/example_dags/example_trigger_controller_dag.py took 0.140 seconds
[2025-11-13T10:54:41.277+0530] {processor.py:161} INFO - Started process (PID=22581) to work on /home/logi/txtai/venv/lib/python3.10/site-packages/airflow/example_dags/example_trigger_controller_dag.py
[2025-11-13T10:54:41.280+0530] {processor.py:830} INFO - Processing file /home/logi/txtai/venv/lib/python3.10/site-packages/airflow/example_dags/example_trigger_controller_dag.py for tasks to queue
[2025-11-13T10:54:41.286+0530] {logging_mixin.py:188} INFO - [2025-11-13T10:54:41.285+0530] {dagbag.py:545} INFO - Filling up the DagBag from /home/logi/txtai/venv/lib/python3.10/site-packages/airflow/example_dags/example_trigger_controller_dag.py
[2025-11-13T10:54:41.303+0530] {processor.py:840} INFO - DAG(s) 'example_trigger_controller_dag' retrieved from /home/logi/txtai/venv/lib/python3.10/site-packages/airflow/example_dags/example_trigger_controller_dag.py
[2025-11-13T10:54:41.374+0530] {logging_mixin.py:188} INFO - [2025-11-13T10:54:41.373+0530] {dag.py:3089} INFO - Sync 1 DAGs
[2025-11-13T10:54:41.415+0530] {logging_mixin.py:188} INFO - [2025-11-13T10:54:41.414+0530] {dag.py:3947} INFO - Setting next_dagrun for example_trigger_controller_dag to 2021-01-01 00:00:00+00:00, run_after=2021-01-01 00:00:00+00:00
[2025-11-13T10:54:41.468+0530] {processor.py:183} INFO - Processing /home/logi/txtai/venv/lib/python3.10/site-packages/airflow/example_dags/example_trigger_controller_dag.py took 0.204 seconds
[2025-11-13T10:55:12.843+0530] {processor.py:161} INFO - Started process (PID=22871) to work on /home/logi/txtai/venv/lib/python3.10/site-packages/airflow/example_dags/example_trigger_controller_dag.py
[2025-11-13T10:55:12.845+0530] {processor.py:830} INFO - Processing file /home/logi/txtai/venv/lib/python3.10/site-packages/airflow/example_dags/example_trigger_controller_dag.py for tasks to queue
[2025-11-13T10:55:12.848+0530] {logging_mixin.py:188} INFO - [2025-11-13T10:55:12.848+0530] {dagbag.py:545} INFO - Filling up the DagBag from /home/logi/txtai/venv/lib/python3.10/site-packages/airflow/example_dags/example_trigger_controller_dag.py
[2025-11-13T10:55:12.858+0530] {processor.py:840} INFO - DAG(s) 'example_trigger_controller_dag' retrieved from /home/logi/txtai/venv/lib/python3.10/site-packages/airflow/example_dags/example_trigger_controller_dag.py
[2025-11-13T10:55:12.927+0530] {logging_mixin.py:188} INFO - [2025-11-13T10:55:12.926+0530] {dag.py:3089} INFO - Sync 1 DAGs
[2025-11-13T10:55:12.969+0530] {logging_mixin.py:188} INFO - [2025-11-13T10:55:12.969+0530] {dag.py:3947} INFO - Setting next_dagrun for example_trigger_controller_dag to 2021-01-01 00:00:00+00:00, run_after=2021-01-01 00:00:00+00:00
[2025-11-13T10:55:13.014+0530] {processor.py:183} INFO - Processing /home/logi/txtai/venv/lib/python3.10/site-packages/airflow/example_dags/example_trigger_controller_dag.py took 0.183 seconds
[2025-11-13T10:55:44.628+0530] {processor.py:161} INFO - Started process (PID=23276) to work on /home/logi/txtai/venv/lib/python3.10/site-packages/airflow/example_dags/example_trigger_controller_dag.py
[2025-11-13T10:55:44.632+0530] {processor.py:830} INFO - Processing file /home/logi/txtai/venv/lib/python3.10/site-packages/airflow/example_dags/example_trigger_controller_dag.py for tasks to queue
[2025-11-13T10:55:44.635+0530] {logging_mixin.py:188} INFO - [2025-11-13T10:55:44.635+0530] {dagbag.py:545} INFO - Filling up the DagBag from /home/logi/txtai/venv/lib/python3.10/site-packages/airflow/example_dags/example_trigger_controller_dag.py
[2025-11-13T10:55:44.642+0530] {processor.py:840} INFO - DAG(s) 'example_trigger_controller_dag' retrieved from /home/logi/txtai/venv/lib/python3.10/site-packages/airflow/example_dags/example_trigger_controller_dag.py
[2025-11-13T10:55:44.686+0530] {logging_mixin.py:188} INFO - [2025-11-13T10:55:44.686+0530] {dag.py:3089} INFO - Sync 1 DAGs
[2025-11-13T10:55:44.704+0530] {logging_mixin.py:188} INFO - [2025-11-13T10:55:44.703+0530] {dag.py:3947} INFO - Setting next_dagrun for example_trigger_controller_dag to 2021-01-01 00:00:00+00:00, run_after=2021-01-01 00:00:00+00:00
[2025-11-13T10:55:44.721+0530] {processor.py:183} INFO - Processing /home/logi/txtai/venv/lib/python3.10/site-packages/airflow/example_dags/example_trigger_controller_dag.py took 0.104 seconds
[2025-11-13T10:56:15.638+0530] {processor.py:161} INFO - Started process (PID=23594) to work on /home/logi/txtai/venv/lib/python3.10/site-packages/airflow/example_dags/example_trigger_controller_dag.py
[2025-11-13T10:56:15.640+0530] {processor.py:830} INFO - Processing file /home/logi/txtai/venv/lib/python3.10/site-packages/airflow/example_dags/example_trigger_controller_dag.py for tasks to queue
[2025-11-13T10:56:15.642+0530] {logging_mixin.py:188} INFO - [2025-11-13T10:56:15.642+0530] {dagbag.py:545} INFO - Filling up the DagBag from /home/logi/txtai/venv/lib/python3.10/site-packages/airflow/example_dags/example_trigger_controller_dag.py
[2025-11-13T10:56:15.649+0530] {processor.py:840} INFO - DAG(s) 'example_trigger_controller_dag' retrieved from /home/logi/txtai/venv/lib/python3.10/site-packages/airflow/example_dags/example_trigger_controller_dag.py
[2025-11-13T10:56:15.684+0530] {logging_mixin.py:188} INFO - [2025-11-13T10:56:15.684+0530] {dag.py:3089} INFO - Sync 1 DAGs
[2025-11-13T10:56:15.710+0530] {logging_mixin.py:188} INFO - [2025-11-13T10:56:15.709+0530] {dag.py:3947} INFO - Setting next_dagrun for example_trigger_controller_dag to 2021-01-01 00:00:00+00:00, run_after=2021-01-01 00:00:00+00:00
[2025-11-13T10:56:15.736+0530] {processor.py:183} INFO - Processing /home/logi/txtai/venv/lib/python3.10/site-packages/airflow/example_dags/example_trigger_controller_dag.py took 0.106 seconds
[2025-11-13T10:56:46.930+0530] {processor.py:161} INFO - Started process (PID=23735) to work on /home/logi/txtai/venv/lib/python3.10/site-packages/airflow/example_dags/example_trigger_controller_dag.py
[2025-11-13T10:56:46.931+0530] {processor.py:830} INFO - Processing file /home/logi/txtai/venv/lib/python3.10/site-packages/airflow/example_dags/example_trigger_controller_dag.py for tasks to queue
[2025-11-13T10:56:46.932+0530] {logging_mixin.py:188} INFO - [2025-11-13T10:56:46.932+0530] {dagbag.py:545} INFO - Filling up the DagBag from /home/logi/txtai/venv/lib/python3.10/site-packages/airflow/example_dags/example_trigger_controller_dag.py
[2025-11-13T10:56:46.936+0530] {processor.py:840} INFO - DAG(s) 'example_trigger_controller_dag' retrieved from /home/logi/txtai/venv/lib/python3.10/site-packages/airflow/example_dags/example_trigger_controller_dag.py
[2025-11-13T10:56:46.978+0530] {logging_mixin.py:188} INFO - [2025-11-13T10:56:46.977+0530] {dag.py:3089} INFO - Sync 1 DAGs
[2025-11-13T10:56:47.013+0530] {logging_mixin.py:188} INFO - [2025-11-13T10:56:47.013+0530] {dag.py:3947} INFO - Setting next_dagrun for example_trigger_controller_dag to 2021-01-01 00:00:00+00:00, run_after=2021-01-01 00:00:00+00:00
[2025-11-13T10:56:47.050+0530] {processor.py:183} INFO - Processing /home/logi/txtai/venv/lib/python3.10/site-packages/airflow/example_dags/example_trigger_controller_dag.py took 0.126 seconds
[2025-11-13T10:57:17.331+0530] {processor.py:161} INFO - Started process (PID=23864) to work on /home/logi/txtai/venv/lib/python3.10/site-packages/airflow/example_dags/example_trigger_controller_dag.py
[2025-11-13T10:57:17.333+0530] {processor.py:830} INFO - Processing file /home/logi/txtai/venv/lib/python3.10/site-packages/airflow/example_dags/example_trigger_controller_dag.py for tasks to queue
[2025-11-13T10:57:17.336+0530] {logging_mixin.py:188} INFO - [2025-11-13T10:57:17.336+0530] {dagbag.py:545} INFO - Filling up the DagBag from /home/logi/txtai/venv/lib/python3.10/site-packages/airflow/example_dags/example_trigger_controller_dag.py
[2025-11-13T10:57:17.345+0530] {processor.py:840} INFO - DAG(s) 'example_trigger_controller_dag' retrieved from /home/logi/txtai/venv/lib/python3.10/site-packages/airflow/example_dags/example_trigger_controller_dag.py
[2025-11-13T10:57:17.387+0530] {logging_mixin.py:188} INFO - [2025-11-13T10:57:17.386+0530] {dag.py:3089} INFO - Sync 1 DAGs
[2025-11-13T10:57:17.417+0530] {logging_mixin.py:188} INFO - [2025-11-13T10:57:17.416+0530] {dag.py:3947} INFO - Setting next_dagrun for example_trigger_controller_dag to 2021-01-01 00:00:00+00:00, run_after=2021-01-01 00:00:00+00:00
[2025-11-13T10:57:17.447+0530] {processor.py:183} INFO - Processing /home/logi/txtai/venv/lib/python3.10/site-packages/airflow/example_dags/example_trigger_controller_dag.py took 0.130 seconds
[2025-11-13T10:57:47.528+0530] {processor.py:161} INFO - Started process (PID=24006) to work on /home/logi/txtai/venv/lib/python3.10/site-packages/airflow/example_dags/example_trigger_controller_dag.py
[2025-11-13T10:57:47.529+0530] {processor.py:830} INFO - Processing file /home/logi/txtai/venv/lib/python3.10/site-packages/airflow/example_dags/example_trigger_controller_dag.py for tasks to queue
[2025-11-13T10:57:47.533+0530] {logging_mixin.py:188} INFO - [2025-11-13T10:57:47.532+0530] {dagbag.py:545} INFO - Filling up the DagBag from /home/logi/txtai/venv/lib/python3.10/site-packages/airflow/example_dags/example_trigger_controller_dag.py
[2025-11-13T10:57:47.542+0530] {processor.py:840} INFO - DAG(s) 'example_trigger_controller_dag' retrieved from /home/logi/txtai/venv/lib/python3.10/site-packages/airflow/example_dags/example_trigger_controller_dag.py
[2025-11-13T10:57:47.599+0530] {logging_mixin.py:188} INFO - [2025-11-13T10:57:47.599+0530] {dag.py:3089} INFO - Sync 1 DAGs
[2025-11-13T10:57:47.646+0530] {logging_mixin.py:188} INFO - [2025-11-13T10:57:47.645+0530] {dag.py:3947} INFO - Setting next_dagrun for example_trigger_controller_dag to 2021-01-01 00:00:00+00:00, run_after=2021-01-01 00:00:00+00:00
[2025-11-13T10:57:47.684+0530] {processor.py:183} INFO - Processing /home/logi/txtai/venv/lib/python3.10/site-packages/airflow/example_dags/example_trigger_controller_dag.py took 0.169 seconds
[2025-11-13T10:58:17.891+0530] {processor.py:161} INFO - Started process (PID=24147) to work on /home/logi/txtai/venv/lib/python3.10/site-packages/airflow/example_dags/example_trigger_controller_dag.py
[2025-11-13T10:58:17.893+0530] {processor.py:830} INFO - Processing file /home/logi/txtai/venv/lib/python3.10/site-packages/airflow/example_dags/example_trigger_controller_dag.py for tasks to queue
[2025-11-13T10:58:17.896+0530] {logging_mixin.py:188} INFO - [2025-11-13T10:58:17.896+0530] {dagbag.py:545} INFO - Filling up the DagBag from /home/logi/txtai/venv/lib/python3.10/site-packages/airflow/example_dags/example_trigger_controller_dag.py
[2025-11-13T10:58:17.905+0530] {processor.py:840} INFO - DAG(s) 'example_trigger_controller_dag' retrieved from /home/logi/txtai/venv/lib/python3.10/site-packages/airflow/example_dags/example_trigger_controller_dag.py
[2025-11-13T10:58:17.965+0530] {logging_mixin.py:188} INFO - [2025-11-13T10:58:17.964+0530] {dag.py:3089} INFO - Sync 1 DAGs
[2025-11-13T10:58:18.006+0530] {logging_mixin.py:188} INFO - [2025-11-13T10:58:18.005+0530] {dag.py:3947} INFO - Setting next_dagrun for example_trigger_controller_dag to 2021-01-01 00:00:00+00:00, run_after=2021-01-01 00:00:00+00:00
[2025-11-13T10:58:18.056+0530] {processor.py:183} INFO - Processing /home/logi/txtai/venv/lib/python3.10/site-packages/airflow/example_dags/example_trigger_controller_dag.py took 0.177 seconds
[2025-11-13T10:58:48.179+0530] {processor.py:161} INFO - Started process (PID=24290) to work on /home/logi/txtai/venv/lib/python3.10/site-packages/airflow/example_dags/example_trigger_controller_dag.py
[2025-11-13T10:58:48.181+0530] {processor.py:830} INFO - Processing file /home/logi/txtai/venv/lib/python3.10/site-packages/airflow/example_dags/example_trigger_controller_dag.py for tasks to queue
[2025-11-13T10:58:48.184+0530] {logging_mixin.py:188} INFO - [2025-11-13T10:58:48.184+0530] {dagbag.py:545} INFO - Filling up the DagBag from /home/logi/txtai/venv/lib/python3.10/site-packages/airflow/example_dags/example_trigger_controller_dag.py
[2025-11-13T10:58:48.194+0530] {processor.py:840} INFO - DAG(s) 'example_trigger_controller_dag' retrieved from /home/logi/txtai/venv/lib/python3.10/site-packages/airflow/example_dags/example_trigger_controller_dag.py
[2025-11-13T10:58:48.258+0530] {logging_mixin.py:188} INFO - [2025-11-13T10:58:48.257+0530] {dag.py:3089} INFO - Sync 1 DAGs
[2025-11-13T10:58:48.301+0530] {logging_mixin.py:188} INFO - [2025-11-13T10:58:48.301+0530] {dag.py:3947} INFO - Setting next_dagrun for example_trigger_controller_dag to 2021-01-01 00:00:00+00:00, run_after=2021-01-01 00:00:00+00:00
[2025-11-13T10:58:48.352+0530] {processor.py:183} INFO - Processing /home/logi/txtai/venv/lib/python3.10/site-packages/airflow/example_dags/example_trigger_controller_dag.py took 0.185 seconds
[2025-11-13T10:59:18.691+0530] {processor.py:161} INFO - Started process (PID=24477) to work on /home/logi/txtai/venv/lib/python3.10/site-packages/airflow/example_dags/example_trigger_controller_dag.py
[2025-11-13T10:59:18.693+0530] {processor.py:830} INFO - Processing file /home/logi/txtai/venv/lib/python3.10/site-packages/airflow/example_dags/example_trigger_controller_dag.py for tasks to queue
[2025-11-13T10:59:18.696+0530] {logging_mixin.py:188} INFO - [2025-11-13T10:59:18.696+0530] {dagbag.py:545} INFO - Filling up the DagBag from /home/logi/txtai/venv/lib/python3.10/site-packages/airflow/example_dags/example_trigger_controller_dag.py
[2025-11-13T10:59:18.705+0530] {processor.py:840} INFO - DAG(s) 'example_trigger_controller_dag' retrieved from /home/logi/txtai/venv/lib/python3.10/site-packages/airflow/example_dags/example_trigger_controller_dag.py
[2025-11-13T10:59:18.764+0530] {logging_mixin.py:188} INFO - [2025-11-13T10:59:18.764+0530] {dag.py:3089} INFO - Sync 1 DAGs
[2025-11-13T10:59:18.805+0530] {logging_mixin.py:188} INFO - [2025-11-13T10:59:18.804+0530] {dag.py:3947} INFO - Setting next_dagrun for example_trigger_controller_dag to 2021-01-01 00:00:00+00:00, run_after=2021-01-01 00:00:00+00:00
[2025-11-13T10:59:19.059+0530] {processor.py:183} INFO - Processing /home/logi/txtai/venv/lib/python3.10/site-packages/airflow/example_dags/example_trigger_controller_dag.py took 0.381 seconds
[2025-11-13T10:59:49.328+0530] {processor.py:161} INFO - Started process (PID=24635) to work on /home/logi/txtai/venv/lib/python3.10/site-packages/airflow/example_dags/example_trigger_controller_dag.py
[2025-11-13T10:59:49.330+0530] {processor.py:830} INFO - Processing file /home/logi/txtai/venv/lib/python3.10/site-packages/airflow/example_dags/example_trigger_controller_dag.py for tasks to queue
[2025-11-13T10:59:49.333+0530] {logging_mixin.py:188} INFO - [2025-11-13T10:59:49.332+0530] {dagbag.py:545} INFO - Filling up the DagBag from /home/logi/txtai/venv/lib/python3.10/site-packages/airflow/example_dags/example_trigger_controller_dag.py
[2025-11-13T10:59:49.341+0530] {processor.py:840} INFO - DAG(s) 'example_trigger_controller_dag' retrieved from /home/logi/txtai/venv/lib/python3.10/site-packages/airflow/example_dags/example_trigger_controller_dag.py
[2025-11-13T10:59:49.387+0530] {logging_mixin.py:188} INFO - [2025-11-13T10:59:49.387+0530] {dag.py:3089} INFO - Sync 1 DAGs
[2025-11-13T10:59:49.426+0530] {logging_mixin.py:188} INFO - [2025-11-13T10:59:49.425+0530] {dag.py:3947} INFO - Setting next_dagrun for example_trigger_controller_dag to 2021-01-01 00:00:00+00:00, run_after=2021-01-01 00:00:00+00:00
[2025-11-13T10:59:49.598+0530] {processor.py:183} INFO - Processing /home/logi/txtai/venv/lib/python3.10/site-packages/airflow/example_dags/example_trigger_controller_dag.py took 0.281 seconds
[2025-11-13T11:00:19.939+0530] {processor.py:161} INFO - Started process (PID=24988) to work on /home/logi/txtai/venv/lib/python3.10/site-packages/airflow/example_dags/example_trigger_controller_dag.py
[2025-11-13T11:00:19.945+0530] {processor.py:830} INFO - Processing file /home/logi/txtai/venv/lib/python3.10/site-packages/airflow/example_dags/example_trigger_controller_dag.py for tasks to queue
[2025-11-13T11:00:19.948+0530] {logging_mixin.py:188} INFO - [2025-11-13T11:00:19.948+0530] {dagbag.py:545} INFO - Filling up the DagBag from /home/logi/txtai/venv/lib/python3.10/site-packages/airflow/example_dags/example_trigger_controller_dag.py
[2025-11-13T11:00:19.956+0530] {processor.py:840} INFO - DAG(s) 'example_trigger_controller_dag' retrieved from /home/logi/txtai/venv/lib/python3.10/site-packages/airflow/example_dags/example_trigger_controller_dag.py
[2025-11-13T11:00:20.005+0530] {logging_mixin.py:188} INFO - [2025-11-13T11:00:20.004+0530] {dag.py:3089} INFO - Sync 1 DAGs
[2025-11-13T11:00:20.172+0530] {logging_mixin.py:188} INFO - [2025-11-13T11:00:20.172+0530] {dag.py:3947} INFO - Setting next_dagrun for example_trigger_controller_dag to 2021-01-01 00:00:00+00:00, run_after=2021-01-01 00:00:00+00:00
[2025-11-13T11:00:20.204+0530] {processor.py:183} INFO - Processing /home/logi/txtai/venv/lib/python3.10/site-packages/airflow/example_dags/example_trigger_controller_dag.py took 0.278 seconds
[2025-11-13T11:00:50.692+0530] {processor.py:161} INFO - Started process (PID=25538) to work on /home/logi/txtai/venv/lib/python3.10/site-packages/airflow/example_dags/example_trigger_controller_dag.py
[2025-11-13T11:00:50.694+0530] {processor.py:830} INFO - Processing file /home/logi/txtai/venv/lib/python3.10/site-packages/airflow/example_dags/example_trigger_controller_dag.py for tasks to queue
[2025-11-13T11:00:50.697+0530] {logging_mixin.py:188} INFO - [2025-11-13T11:00:50.696+0530] {dagbag.py:545} INFO - Filling up the DagBag from /home/logi/txtai/venv/lib/python3.10/site-packages/airflow/example_dags/example_trigger_controller_dag.py
[2025-11-13T11:00:50.705+0530] {processor.py:840} INFO - DAG(s) 'example_trigger_controller_dag' retrieved from /home/logi/txtai/venv/lib/python3.10/site-packages/airflow/example_dags/example_trigger_controller_dag.py
[2025-11-13T11:00:50.966+0530] {logging_mixin.py:188} INFO - [2025-11-13T11:00:50.965+0530] {dag.py:3089} INFO - Sync 1 DAGs
[2025-11-13T11:00:50.988+0530] {logging_mixin.py:188} INFO - [2025-11-13T11:00:50.987+0530] {dag.py:3947} INFO - Setting next_dagrun for example_trigger_controller_dag to 2021-01-01 00:00:00+00:00, run_after=2021-01-01 00:00:00+00:00
[2025-11-13T11:00:51.012+0530] {processor.py:183} INFO - Processing /home/logi/txtai/venv/lib/python3.10/site-packages/airflow/example_dags/example_trigger_controller_dag.py took 0.332 seconds
[2025-11-13T11:01:21.394+0530] {processor.py:161} INFO - Started process (PID=25681) to work on /home/logi/txtai/venv/lib/python3.10/site-packages/airflow/example_dags/example_trigger_controller_dag.py
[2025-11-13T11:01:21.408+0530] {processor.py:830} INFO - Processing file /home/logi/txtai/venv/lib/python3.10/site-packages/airflow/example_dags/example_trigger_controller_dag.py for tasks to queue
[2025-11-13T11:01:21.412+0530] {logging_mixin.py:188} INFO - [2025-11-13T11:01:21.411+0530] {dagbag.py:545} INFO - Filling up the DagBag from /home/logi/txtai/venv/lib/python3.10/site-packages/airflow/example_dags/example_trigger_controller_dag.py
[2025-11-13T11:01:21.420+0530] {processor.py:840} INFO - DAG(s) 'example_trigger_controller_dag' retrieved from /home/logi/txtai/venv/lib/python3.10/site-packages/airflow/example_dags/example_trigger_controller_dag.py
[2025-11-13T11:01:21.472+0530] {logging_mixin.py:188} INFO - [2025-11-13T11:01:21.471+0530] {dag.py:3089} INFO - Sync 1 DAGs
[2025-11-13T11:01:21.513+0530] {logging_mixin.py:188} INFO - [2025-11-13T11:01:21.512+0530] {dag.py:3947} INFO - Setting next_dagrun for example_trigger_controller_dag to 2021-01-01 00:00:00+00:00, run_after=2021-01-01 00:00:00+00:00
[2025-11-13T11:01:21.566+0530] {processor.py:183} INFO - Processing /home/logi/txtai/venv/lib/python3.10/site-packages/airflow/example_dags/example_trigger_controller_dag.py took 0.185 seconds
[2025-11-13T11:01:51.735+0530] {processor.py:161} INFO - Started process (PID=25826) to work on /home/logi/txtai/venv/lib/python3.10/site-packages/airflow/example_dags/example_trigger_controller_dag.py
[2025-11-13T11:01:51.737+0530] {processor.py:830} INFO - Processing file /home/logi/txtai/venv/lib/python3.10/site-packages/airflow/example_dags/example_trigger_controller_dag.py for tasks to queue
[2025-11-13T11:01:51.740+0530] {logging_mixin.py:188} INFO - [2025-11-13T11:01:51.740+0530] {dagbag.py:545} INFO - Filling up the DagBag from /home/logi/txtai/venv/lib/python3.10/site-packages/airflow/example_dags/example_trigger_controller_dag.py
[2025-11-13T11:01:51.749+0530] {processor.py:840} INFO - DAG(s) 'example_trigger_controller_dag' retrieved from /home/logi/txtai/venv/lib/python3.10/site-packages/airflow/example_dags/example_trigger_controller_dag.py
[2025-11-13T11:01:51.799+0530] {logging_mixin.py:188} INFO - [2025-11-13T11:01:51.798+0530] {dag.py:3089} INFO - Sync 1 DAGs
[2025-11-13T11:01:51.827+0530] {logging_mixin.py:188} INFO - [2025-11-13T11:01:51.827+0530] {dag.py:3947} INFO - Setting next_dagrun for example_trigger_controller_dag to 2021-01-01 00:00:00+00:00, run_after=2021-01-01 00:00:00+00:00
[2025-11-13T11:01:51.861+0530] {processor.py:183} INFO - Processing /home/logi/txtai/venv/lib/python3.10/site-packages/airflow/example_dags/example_trigger_controller_dag.py took 0.138 seconds
[2025-11-13T11:02:22.368+0530] {processor.py:161} INFO - Started process (PID=25990) to work on /home/logi/txtai/venv/lib/python3.10/site-packages/airflow/example_dags/example_trigger_controller_dag.py
[2025-11-13T11:02:22.370+0530] {processor.py:830} INFO - Processing file /home/logi/txtai/venv/lib/python3.10/site-packages/airflow/example_dags/example_trigger_controller_dag.py for tasks to queue
[2025-11-13T11:02:22.373+0530] {logging_mixin.py:188} INFO - [2025-11-13T11:02:22.372+0530] {dagbag.py:545} INFO - Filling up the DagBag from /home/logi/txtai/venv/lib/python3.10/site-packages/airflow/example_dags/example_trigger_controller_dag.py
[2025-11-13T11:02:22.381+0530] {processor.py:840} INFO - DAG(s) 'example_trigger_controller_dag' retrieved from /home/logi/txtai/venv/lib/python3.10/site-packages/airflow/example_dags/example_trigger_controller_dag.py
[2025-11-13T11:02:22.442+0530] {logging_mixin.py:188} INFO - [2025-11-13T11:02:22.441+0530] {dag.py:3089} INFO - Sync 1 DAGs
[2025-11-13T11:02:22.483+0530] {logging_mixin.py:188} INFO - [2025-11-13T11:02:22.483+0530] {dag.py:3947} INFO - Setting next_dagrun for example_trigger_controller_dag to 2021-01-01 00:00:00+00:00, run_after=2021-01-01 00:00:00+00:00
[2025-11-13T11:02:22.524+0530] {processor.py:183} INFO - Processing /home/logi/txtai/venv/lib/python3.10/site-packages/airflow/example_dags/example_trigger_controller_dag.py took 0.168 seconds
[2025-11-13T11:02:52.636+0530] {processor.py:161} INFO - Started process (PID=26163) to work on /home/logi/txtai/venv/lib/python3.10/site-packages/airflow/example_dags/example_trigger_controller_dag.py
[2025-11-13T11:02:52.640+0530] {processor.py:830} INFO - Processing file /home/logi/txtai/venv/lib/python3.10/site-packages/airflow/example_dags/example_trigger_controller_dag.py for tasks to queue
[2025-11-13T11:02:52.643+0530] {logging_mixin.py:188} INFO - [2025-11-13T11:02:52.642+0530] {dagbag.py:545} INFO - Filling up the DagBag from /home/logi/txtai/venv/lib/python3.10/site-packages/airflow/example_dags/example_trigger_controller_dag.py
[2025-11-13T11:02:52.657+0530] {processor.py:840} INFO - DAG(s) 'example_trigger_controller_dag' retrieved from /home/logi/txtai/venv/lib/python3.10/site-packages/airflow/example_dags/example_trigger_controller_dag.py
[2025-11-13T11:02:52.713+0530] {logging_mixin.py:188} INFO - [2025-11-13T11:02:52.712+0530] {dag.py:3089} INFO - Sync 1 DAGs
[2025-11-13T11:02:52.739+0530] {logging_mixin.py:188} INFO - [2025-11-13T11:02:52.739+0530] {dag.py:3947} INFO - Setting next_dagrun for example_trigger_controller_dag to 2021-01-01 00:00:00+00:00, run_after=2021-01-01 00:00:00+00:00
[2025-11-13T11:02:52.768+0530] {processor.py:183} INFO - Processing /home/logi/txtai/venv/lib/python3.10/site-packages/airflow/example_dags/example_trigger_controller_dag.py took 0.141 seconds
[2025-11-13T11:03:23.280+0530] {processor.py:161} INFO - Started process (PID=26311) to work on /home/logi/txtai/venv/lib/python3.10/site-packages/airflow/example_dags/example_trigger_controller_dag.py
[2025-11-13T11:03:23.282+0530] {processor.py:830} INFO - Processing file /home/logi/txtai/venv/lib/python3.10/site-packages/airflow/example_dags/example_trigger_controller_dag.py for tasks to queue
[2025-11-13T11:03:23.284+0530] {logging_mixin.py:188} INFO - [2025-11-13T11:03:23.283+0530] {dagbag.py:545} INFO - Filling up the DagBag from /home/logi/txtai/venv/lib/python3.10/site-packages/airflow/example_dags/example_trigger_controller_dag.py
[2025-11-13T11:03:23.289+0530] {processor.py:840} INFO - DAG(s) 'example_trigger_controller_dag' retrieved from /home/logi/txtai/venv/lib/python3.10/site-packages/airflow/example_dags/example_trigger_controller_dag.py
[2025-11-13T11:03:23.347+0530] {logging_mixin.py:188} INFO - [2025-11-13T11:03:23.346+0530] {dag.py:3089} INFO - Sync 1 DAGs
[2025-11-13T11:03:23.372+0530] {logging_mixin.py:188} INFO - [2025-11-13T11:03:23.372+0530] {dag.py:3947} INFO - Setting next_dagrun for example_trigger_controller_dag to 2021-01-01 00:00:00+00:00, run_after=2021-01-01 00:00:00+00:00
[2025-11-13T11:03:23.401+0530] {processor.py:183} INFO - Processing /home/logi/txtai/venv/lib/python3.10/site-packages/airflow/example_dags/example_trigger_controller_dag.py took 0.133 seconds
[2025-11-13T11:03:54.296+0530] {processor.py:161} INFO - Started process (PID=26452) to work on /home/logi/txtai/venv/lib/python3.10/site-packages/airflow/example_dags/example_trigger_controller_dag.py
[2025-11-13T11:03:54.298+0530] {processor.py:830} INFO - Processing file /home/logi/txtai/venv/lib/python3.10/site-packages/airflow/example_dags/example_trigger_controller_dag.py for tasks to queue
[2025-11-13T11:03:54.301+0530] {logging_mixin.py:188} INFO - [2025-11-13T11:03:54.300+0530] {dagbag.py:545} INFO - Filling up the DagBag from /home/logi/txtai/venv/lib/python3.10/site-packages/airflow/example_dags/example_trigger_controller_dag.py
[2025-11-13T11:03:54.309+0530] {processor.py:840} INFO - DAG(s) 'example_trigger_controller_dag' retrieved from /home/logi/txtai/venv/lib/python3.10/site-packages/airflow/example_dags/example_trigger_controller_dag.py
[2025-11-13T11:03:54.367+0530] {logging_mixin.py:188} INFO - [2025-11-13T11:03:54.366+0530] {dag.py:3089} INFO - Sync 1 DAGs
[2025-11-13T11:03:54.397+0530] {logging_mixin.py:188} INFO - [2025-11-13T11:03:54.396+0530] {dag.py:3947} INFO - Setting next_dagrun for example_trigger_controller_dag to 2021-01-01 00:00:00+00:00, run_after=2021-01-01 00:00:00+00:00
[2025-11-13T11:03:54.437+0530] {processor.py:183} INFO - Processing /home/logi/txtai/venv/lib/python3.10/site-packages/airflow/example_dags/example_trigger_controller_dag.py took 0.153 seconds
[2025-11-13T11:04:24.591+0530] {processor.py:161} INFO - Started process (PID=26585) to work on /home/logi/txtai/venv/lib/python3.10/site-packages/airflow/example_dags/example_trigger_controller_dag.py
[2025-11-13T11:04:24.592+0530] {processor.py:830} INFO - Processing file /home/logi/txtai/venv/lib/python3.10/site-packages/airflow/example_dags/example_trigger_controller_dag.py for tasks to queue
[2025-11-13T11:04:24.596+0530] {logging_mixin.py:188} INFO - [2025-11-13T11:04:24.595+0530] {dagbag.py:545} INFO - Filling up the DagBag from /home/logi/txtai/venv/lib/python3.10/site-packages/airflow/example_dags/example_trigger_controller_dag.py
[2025-11-13T11:04:24.601+0530] {processor.py:840} INFO - DAG(s) 'example_trigger_controller_dag' retrieved from /home/logi/txtai/venv/lib/python3.10/site-packages/airflow/example_dags/example_trigger_controller_dag.py
[2025-11-13T11:04:24.628+0530] {logging_mixin.py:188} INFO - [2025-11-13T11:04:24.627+0530] {dag.py:3089} INFO - Sync 1 DAGs
[2025-11-13T11:04:24.647+0530] {logging_mixin.py:188} INFO - [2025-11-13T11:04:24.646+0530] {dag.py:3947} INFO - Setting next_dagrun for example_trigger_controller_dag to 2021-01-01 00:00:00+00:00, run_after=2021-01-01 00:00:00+00:00
[2025-11-13T11:04:24.675+0530] {processor.py:183} INFO - Processing /home/logi/txtai/venv/lib/python3.10/site-packages/airflow/example_dags/example_trigger_controller_dag.py took 0.100 seconds
[2025-11-13T11:04:54.993+0530] {processor.py:161} INFO - Started process (PID=26725) to work on /home/logi/txtai/venv/lib/python3.10/site-packages/airflow/example_dags/example_trigger_controller_dag.py
[2025-11-13T11:04:54.995+0530] {processor.py:830} INFO - Processing file /home/logi/txtai/venv/lib/python3.10/site-packages/airflow/example_dags/example_trigger_controller_dag.py for tasks to queue
[2025-11-13T11:04:54.999+0530] {logging_mixin.py:188} INFO - [2025-11-13T11:04:54.998+0530] {dagbag.py:545} INFO - Filling up the DagBag from /home/logi/txtai/venv/lib/python3.10/site-packages/airflow/example_dags/example_trigger_controller_dag.py
[2025-11-13T11:04:55.007+0530] {processor.py:840} INFO - DAG(s) 'example_trigger_controller_dag' retrieved from /home/logi/txtai/venv/lib/python3.10/site-packages/airflow/example_dags/example_trigger_controller_dag.py
[2025-11-13T11:04:55.056+0530] {logging_mixin.py:188} INFO - [2025-11-13T11:04:55.056+0530] {dag.py:3089} INFO - Sync 1 DAGs
[2025-11-13T11:04:55.087+0530] {logging_mixin.py:188} INFO - [2025-11-13T11:04:55.086+0530] {dag.py:3947} INFO - Setting next_dagrun for example_trigger_controller_dag to 2021-01-01 00:00:00+00:00, run_after=2021-01-01 00:00:00+00:00
[2025-11-13T11:04:55.120+0530] {processor.py:183} INFO - Processing /home/logi/txtai/venv/lib/python3.10/site-packages/airflow/example_dags/example_trigger_controller_dag.py took 0.139 seconds
[2025-11-13T11:05:26.190+0530] {processor.py:161} INFO - Started process (PID=26911) to work on /home/logi/txtai/venv/lib/python3.10/site-packages/airflow/example_dags/example_trigger_controller_dag.py
[2025-11-13T11:05:26.192+0530] {processor.py:830} INFO - Processing file /home/logi/txtai/venv/lib/python3.10/site-packages/airflow/example_dags/example_trigger_controller_dag.py for tasks to queue
[2025-11-13T11:05:26.195+0530] {logging_mixin.py:188} INFO - [2025-11-13T11:05:26.195+0530] {dagbag.py:545} INFO - Filling up the DagBag from /home/logi/txtai/venv/lib/python3.10/site-packages/airflow/example_dags/example_trigger_controller_dag.py
[2025-11-13T11:05:26.203+0530] {processor.py:840} INFO - DAG(s) 'example_trigger_controller_dag' retrieved from /home/logi/txtai/venv/lib/python3.10/site-packages/airflow/example_dags/example_trigger_controller_dag.py
[2025-11-13T11:05:26.260+0530] {logging_mixin.py:188} INFO - [2025-11-13T11:05:26.259+0530] {dag.py:3089} INFO - Sync 1 DAGs
[2025-11-13T11:05:26.308+0530] {logging_mixin.py:188} INFO - [2025-11-13T11:05:26.307+0530] {dag.py:3947} INFO - Setting next_dagrun for example_trigger_controller_dag to 2021-01-01 00:00:00+00:00, run_after=2021-01-01 00:00:00+00:00
[2025-11-13T11:05:26.463+0530] {processor.py:183} INFO - Processing /home/logi/txtai/venv/lib/python3.10/site-packages/airflow/example_dags/example_trigger_controller_dag.py took 0.287 seconds
[2025-11-13T17:53:55.592+0530] {processor.py:161} INFO - Started process (PID=30986) to work on /home/logi/txtai/venv/lib/python3.10/site-packages/airflow/example_dags/example_trigger_controller_dag.py
[2025-11-13T17:53:55.597+0530] {processor.py:830} INFO - Processing file /home/logi/txtai/venv/lib/python3.10/site-packages/airflow/example_dags/example_trigger_controller_dag.py for tasks to queue
[2025-11-13T17:53:55.599+0530] {logging_mixin.py:188} INFO - [2025-11-13T17:53:55.598+0530] {dagbag.py:545} INFO - Filling up the DagBag from /home/logi/txtai/venv/lib/python3.10/site-packages/airflow/example_dags/example_trigger_controller_dag.py
[2025-11-13T17:53:55.613+0530] {processor.py:840} INFO - DAG(s) 'example_trigger_controller_dag' retrieved from /home/logi/txtai/venv/lib/python3.10/site-packages/airflow/example_dags/example_trigger_controller_dag.py
[2025-11-13T17:53:55.686+0530] {logging_mixin.py:188} INFO - [2025-11-13T17:53:55.685+0530] {dag.py:3089} INFO - Sync 1 DAGs
[2025-11-13T17:53:55.750+0530] {logging_mixin.py:188} INFO - [2025-11-13T17:53:55.750+0530] {dag.py:3947} INFO - Setting next_dagrun for example_trigger_controller_dag to 2021-01-01 00:00:00+00:00, run_after=2021-01-01 00:00:00+00:00
[2025-11-13T17:53:55.812+0530] {processor.py:183} INFO - Processing /home/logi/txtai/venv/lib/python3.10/site-packages/airflow/example_dags/example_trigger_controller_dag.py took 0.240 seconds
[2025-11-13T17:54:26.561+0530] {processor.py:161} INFO - Started process (PID=31394) to work on /home/logi/txtai/venv/lib/python3.10/site-packages/airflow/example_dags/example_trigger_controller_dag.py
[2025-11-13T17:54:26.562+0530] {processor.py:830} INFO - Processing file /home/logi/txtai/venv/lib/python3.10/site-packages/airflow/example_dags/example_trigger_controller_dag.py for tasks to queue
[2025-11-13T17:54:26.563+0530] {logging_mixin.py:188} INFO - [2025-11-13T17:54:26.562+0530] {dagbag.py:545} INFO - Filling up the DagBag from /home/logi/txtai/venv/lib/python3.10/site-packages/airflow/example_dags/example_trigger_controller_dag.py
[2025-11-13T17:54:26.568+0530] {processor.py:840} INFO - DAG(s) 'example_trigger_controller_dag' retrieved from /home/logi/txtai/venv/lib/python3.10/site-packages/airflow/example_dags/example_trigger_controller_dag.py
[2025-11-13T17:54:26.623+0530] {logging_mixin.py:188} INFO - [2025-11-13T17:54:26.623+0530] {dag.py:3089} INFO - Sync 1 DAGs
[2025-11-13T17:54:26.677+0530] {logging_mixin.py:188} INFO - [2025-11-13T17:54:26.676+0530] {dag.py:3947} INFO - Setting next_dagrun for example_trigger_controller_dag to 2021-01-01 00:00:00+00:00, run_after=2021-01-01 00:00:00+00:00
[2025-11-13T17:54:26.745+0530] {processor.py:183} INFO - Processing /home/logi/txtai/venv/lib/python3.10/site-packages/airflow/example_dags/example_trigger_controller_dag.py took 0.190 seconds
[2025-11-13T17:56:08.997+0530] {processor.py:161} INFO - Started process (PID=32279) to work on /home/logi/txtai/venv/lib/python3.10/site-packages/airflow/example_dags/example_trigger_controller_dag.py
[2025-11-13T17:56:08.999+0530] {processor.py:830} INFO - Processing file /home/logi/txtai/venv/lib/python3.10/site-packages/airflow/example_dags/example_trigger_controller_dag.py for tasks to queue
[2025-11-13T17:56:09.001+0530] {logging_mixin.py:188} INFO - [2025-11-13T17:56:09.001+0530] {dagbag.py:545} INFO - Filling up the DagBag from /home/logi/txtai/venv/lib/python3.10/site-packages/airflow/example_dags/example_trigger_controller_dag.py
[2025-11-13T17:56:09.012+0530] {processor.py:840} INFO - DAG(s) 'example_trigger_controller_dag' retrieved from /home/logi/txtai/venv/lib/python3.10/site-packages/airflow/example_dags/example_trigger_controller_dag.py
[2025-11-13T17:56:09.054+0530] {logging_mixin.py:188} INFO - [2025-11-13T17:56:09.054+0530] {dag.py:3089} INFO - Sync 1 DAGs
[2025-11-13T17:56:09.088+0530] {logging_mixin.py:188} INFO - [2025-11-13T17:56:09.087+0530] {dag.py:3947} INFO - Setting next_dagrun for example_trigger_controller_dag to 2021-01-01 00:00:00+00:00, run_after=2021-01-01 00:00:00+00:00
[2025-11-13T17:56:09.109+0530] {processor.py:183} INFO - Processing /home/logi/txtai/venv/lib/python3.10/site-packages/airflow/example_dags/example_trigger_controller_dag.py took 0.138 seconds
[2025-11-13T17:56:40.035+0530] {processor.py:161} INFO - Started process (PID=32973) to work on /home/logi/txtai/venv/lib/python3.10/site-packages/airflow/example_dags/example_trigger_controller_dag.py
[2025-11-13T17:56:40.037+0530] {processor.py:830} INFO - Processing file /home/logi/txtai/venv/lib/python3.10/site-packages/airflow/example_dags/example_trigger_controller_dag.py for tasks to queue
[2025-11-13T17:56:40.040+0530] {logging_mixin.py:188} INFO - [2025-11-13T17:56:40.040+0530] {dagbag.py:545} INFO - Filling up the DagBag from /home/logi/txtai/venv/lib/python3.10/site-packages/airflow/example_dags/example_trigger_controller_dag.py
[2025-11-13T17:56:40.050+0530] {processor.py:840} INFO - DAG(s) 'example_trigger_controller_dag' retrieved from /home/logi/txtai/venv/lib/python3.10/site-packages/airflow/example_dags/example_trigger_controller_dag.py
[2025-11-13T17:56:40.112+0530] {logging_mixin.py:188} INFO - [2025-11-13T17:56:40.111+0530] {dag.py:3089} INFO - Sync 1 DAGs
[2025-11-13T17:56:40.140+0530] {logging_mixin.py:188} INFO - [2025-11-13T17:56:40.140+0530] {dag.py:3947} INFO - Setting next_dagrun for example_trigger_controller_dag to 2021-01-01 00:00:00+00:00, run_after=2021-01-01 00:00:00+00:00
[2025-11-13T17:56:40.159+0530] {processor.py:183} INFO - Processing /home/logi/txtai/venv/lib/python3.10/site-packages/airflow/example_dags/example_trigger_controller_dag.py took 0.142 seconds
[2025-11-13T17:57:11.061+0530] {processor.py:161} INFO - Started process (PID=33708) to work on /home/logi/txtai/venv/lib/python3.10/site-packages/airflow/example_dags/example_trigger_controller_dag.py
[2025-11-13T17:57:11.062+0530] {processor.py:830} INFO - Processing file /home/logi/txtai/venv/lib/python3.10/site-packages/airflow/example_dags/example_trigger_controller_dag.py for tasks to queue
[2025-11-13T17:57:11.065+0530] {logging_mixin.py:188} INFO - [2025-11-13T17:57:11.065+0530] {dagbag.py:545} INFO - Filling up the DagBag from /home/logi/txtai/venv/lib/python3.10/site-packages/airflow/example_dags/example_trigger_controller_dag.py
[2025-11-13T17:57:11.074+0530] {processor.py:840} INFO - DAG(s) 'example_trigger_controller_dag' retrieved from /home/logi/txtai/venv/lib/python3.10/site-packages/airflow/example_dags/example_trigger_controller_dag.py
[2025-11-13T17:57:11.113+0530] {logging_mixin.py:188} INFO - [2025-11-13T17:57:11.113+0530] {dag.py:3089} INFO - Sync 1 DAGs
[2025-11-13T17:57:11.137+0530] {logging_mixin.py:188} INFO - [2025-11-13T17:57:11.137+0530] {dag.py:3947} INFO - Setting next_dagrun for example_trigger_controller_dag to 2021-01-01 00:00:00+00:00, run_after=2021-01-01 00:00:00+00:00
[2025-11-13T17:57:11.161+0530] {processor.py:183} INFO - Processing /home/logi/txtai/venv/lib/python3.10/site-packages/airflow/example_dags/example_trigger_controller_dag.py took 0.112 seconds
[2025-11-13T17:57:41.991+0530] {processor.py:161} INFO - Started process (PID=34086) to work on /home/logi/txtai/venv/lib/python3.10/site-packages/airflow/example_dags/example_trigger_controller_dag.py
[2025-11-13T17:57:41.992+0530] {processor.py:830} INFO - Processing file /home/logi/txtai/venv/lib/python3.10/site-packages/airflow/example_dags/example_trigger_controller_dag.py for tasks to queue
[2025-11-13T17:57:41.995+0530] {logging_mixin.py:188} INFO - [2025-11-13T17:57:41.995+0530] {dagbag.py:545} INFO - Filling up the DagBag from /home/logi/txtai/venv/lib/python3.10/site-packages/airflow/example_dags/example_trigger_controller_dag.py
[2025-11-13T17:57:42.003+0530] {processor.py:840} INFO - DAG(s) 'example_trigger_controller_dag' retrieved from /home/logi/txtai/venv/lib/python3.10/site-packages/airflow/example_dags/example_trigger_controller_dag.py
[2025-11-13T17:57:42.054+0530] {logging_mixin.py:188} INFO - [2025-11-13T17:57:42.053+0530] {dag.py:3089} INFO - Sync 1 DAGs
[2025-11-13T17:57:42.101+0530] {logging_mixin.py:188} INFO - [2025-11-13T17:57:42.101+0530] {dag.py:3947} INFO - Setting next_dagrun for example_trigger_controller_dag to 2021-01-01 00:00:00+00:00, run_after=2021-01-01 00:00:00+00:00
[2025-11-13T17:57:42.130+0530] {processor.py:183} INFO - Processing /home/logi/txtai/venv/lib/python3.10/site-packages/airflow/example_dags/example_trigger_controller_dag.py took 0.150 seconds
[2025-11-13T17:58:13.231+0530] {processor.py:161} INFO - Started process (PID=34729) to work on /home/logi/txtai/venv/lib/python3.10/site-packages/airflow/example_dags/example_trigger_controller_dag.py
[2025-11-13T17:58:13.248+0530] {processor.py:830} INFO - Processing file /home/logi/txtai/venv/lib/python3.10/site-packages/airflow/example_dags/example_trigger_controller_dag.py for tasks to queue
[2025-11-13T17:58:13.254+0530] {logging_mixin.py:188} INFO - [2025-11-13T17:58:13.253+0530] {dagbag.py:545} INFO - Filling up the DagBag from /home/logi/txtai/venv/lib/python3.10/site-packages/airflow/example_dags/example_trigger_controller_dag.py
[2025-11-13T17:58:13.275+0530] {processor.py:840} INFO - DAG(s) 'example_trigger_controller_dag' retrieved from /home/logi/txtai/venv/lib/python3.10/site-packages/airflow/example_dags/example_trigger_controller_dag.py
[2025-11-13T17:58:13.353+0530] {logging_mixin.py:188} INFO - [2025-11-13T17:58:13.353+0530] {dag.py:3089} INFO - Sync 1 DAGs
[2025-11-13T17:58:13.400+0530] {logging_mixin.py:188} INFO - [2025-11-13T17:58:13.399+0530] {dag.py:3947} INFO - Setting next_dagrun for example_trigger_controller_dag to 2021-01-01 00:00:00+00:00, run_after=2021-01-01 00:00:00+00:00
[2025-11-13T17:58:13.460+0530] {processor.py:183} INFO - Processing /home/logi/txtai/venv/lib/python3.10/site-packages/airflow/example_dags/example_trigger_controller_dag.py took 0.256 seconds
[2025-11-13T23:22:11.083+0530] {processor.py:161} INFO - Started process (PID=5762) to work on /home/logi/txtai/venv/lib/python3.10/site-packages/airflow/example_dags/example_trigger_controller_dag.py
[2025-11-13T23:22:11.085+0530] {processor.py:830} INFO - Processing file /home/logi/txtai/venv/lib/python3.10/site-packages/airflow/example_dags/example_trigger_controller_dag.py for tasks to queue
[2025-11-13T23:22:11.087+0530] {logging_mixin.py:188} INFO - [2025-11-13T23:22:11.087+0530] {dagbag.py:545} INFO - Filling up the DagBag from /home/logi/txtai/venv/lib/python3.10/site-packages/airflow/example_dags/example_trigger_controller_dag.py
[2025-11-13T23:22:11.098+0530] {processor.py:840} INFO - DAG(s) 'example_trigger_controller_dag' retrieved from /home/logi/txtai/venv/lib/python3.10/site-packages/airflow/example_dags/example_trigger_controller_dag.py
[2025-11-13T23:22:11.158+0530] {logging_mixin.py:188} INFO - [2025-11-13T23:22:11.157+0530] {dag.py:3089} INFO - Sync 1 DAGs
[2025-11-13T23:22:11.199+0530] {logging_mixin.py:188} INFO - [2025-11-13T23:22:11.198+0530] {dag.py:3947} INFO - Setting next_dagrun for example_trigger_controller_dag to 2021-01-01 00:00:00+00:00, run_after=2021-01-01 00:00:00+00:00
[2025-11-13T23:22:11.239+0530] {processor.py:183} INFO - Processing /home/logi/txtai/venv/lib/python3.10/site-packages/airflow/example_dags/example_trigger_controller_dag.py took 0.167 seconds
[2025-11-13T23:22:42.370+0530] {processor.py:161} INFO - Started process (PID=6511) to work on /home/logi/txtai/venv/lib/python3.10/site-packages/airflow/example_dags/example_trigger_controller_dag.py
[2025-11-13T23:22:42.371+0530] {processor.py:830} INFO - Processing file /home/logi/txtai/venv/lib/python3.10/site-packages/airflow/example_dags/example_trigger_controller_dag.py for tasks to queue
[2025-11-13T23:22:42.373+0530] {logging_mixin.py:188} INFO - [2025-11-13T23:22:42.373+0530] {dagbag.py:545} INFO - Filling up the DagBag from /home/logi/txtai/venv/lib/python3.10/site-packages/airflow/example_dags/example_trigger_controller_dag.py
[2025-11-13T23:22:42.379+0530] {processor.py:840} INFO - DAG(s) 'example_trigger_controller_dag' retrieved from /home/logi/txtai/venv/lib/python3.10/site-packages/airflow/example_dags/example_trigger_controller_dag.py
[2025-11-13T23:22:42.415+0530] {logging_mixin.py:188} INFO - [2025-11-13T23:22:42.415+0530] {dag.py:3089} INFO - Sync 1 DAGs
[2025-11-13T23:22:42.441+0530] {logging_mixin.py:188} INFO - [2025-11-13T23:22:42.440+0530] {dag.py:3947} INFO - Setting next_dagrun for example_trigger_controller_dag to 2021-01-01 00:00:00+00:00, run_after=2021-01-01 00:00:00+00:00
[2025-11-13T23:22:42.466+0530] {processor.py:183} INFO - Processing /home/logi/txtai/venv/lib/python3.10/site-packages/airflow/example_dags/example_trigger_controller_dag.py took 0.103 seconds
[2025-11-13T23:23:13.674+0530] {processor.py:161} INFO - Started process (PID=7198) to work on /home/logi/txtai/venv/lib/python3.10/site-packages/airflow/example_dags/example_trigger_controller_dag.py
[2025-11-13T23:23:13.676+0530] {processor.py:830} INFO - Processing file /home/logi/txtai/venv/lib/python3.10/site-packages/airflow/example_dags/example_trigger_controller_dag.py for tasks to queue
[2025-11-13T23:23:13.678+0530] {logging_mixin.py:188} INFO - [2025-11-13T23:23:13.677+0530] {dagbag.py:545} INFO - Filling up the DagBag from /home/logi/txtai/venv/lib/python3.10/site-packages/airflow/example_dags/example_trigger_controller_dag.py
[2025-11-13T23:23:13.683+0530] {processor.py:840} INFO - DAG(s) 'example_trigger_controller_dag' retrieved from /home/logi/txtai/venv/lib/python3.10/site-packages/airflow/example_dags/example_trigger_controller_dag.py
[2025-11-13T23:23:13.720+0530] {logging_mixin.py:188} INFO - [2025-11-13T23:23:13.720+0530] {dag.py:3089} INFO - Sync 1 DAGs
[2025-11-13T23:23:13.752+0530] {logging_mixin.py:188} INFO - [2025-11-13T23:23:13.752+0530] {dag.py:3947} INFO - Setting next_dagrun for example_trigger_controller_dag to 2021-01-01 00:00:00+00:00, run_after=2021-01-01 00:00:00+00:00
[2025-11-13T23:23:13.785+0530] {processor.py:183} INFO - Processing /home/logi/txtai/venv/lib/python3.10/site-packages/airflow/example_dags/example_trigger_controller_dag.py took 0.118 seconds
[2025-11-13T23:23:45.574+0530] {processor.py:161} INFO - Started process (PID=7442) to work on /home/logi/txtai/venv/lib/python3.10/site-packages/airflow/example_dags/example_trigger_controller_dag.py
[2025-11-13T23:23:45.578+0530] {processor.py:830} INFO - Processing file /home/logi/txtai/venv/lib/python3.10/site-packages/airflow/example_dags/example_trigger_controller_dag.py for tasks to queue
[2025-11-13T23:23:45.581+0530] {logging_mixin.py:188} INFO - [2025-11-13T23:23:45.581+0530] {dagbag.py:545} INFO - Filling up the DagBag from /home/logi/txtai/venv/lib/python3.10/site-packages/airflow/example_dags/example_trigger_controller_dag.py
[2025-11-13T23:23:45.589+0530] {processor.py:840} INFO - DAG(s) 'example_trigger_controller_dag' retrieved from /home/logi/txtai/venv/lib/python3.10/site-packages/airflow/example_dags/example_trigger_controller_dag.py
[2025-11-13T23:23:45.631+0530] {logging_mixin.py:188} INFO - [2025-11-13T23:23:45.631+0530] {dag.py:3089} INFO - Sync 1 DAGs
[2025-11-13T23:23:45.651+0530] {logging_mixin.py:188} INFO - [2025-11-13T23:23:45.651+0530] {dag.py:3947} INFO - Setting next_dagrun for example_trigger_controller_dag to 2021-01-01 00:00:00+00:00, run_after=2021-01-01 00:00:00+00:00
[2025-11-13T23:23:45.669+0530] {processor.py:183} INFO - Processing /home/logi/txtai/venv/lib/python3.10/site-packages/airflow/example_dags/example_trigger_controller_dag.py took 0.110 seconds
