[2025-11-13T05:51:34.891+0530] {processor.py:161} INFO - Started process (PID=7033) to work on /home/logi/txtai/venv/lib/python3.10/site-packages/airflow/example_dags/example_branch_python_dop_operator_3.py
[2025-11-13T05:51:34.893+0530] {processor.py:830} INFO - Processing file /home/logi/txtai/venv/lib/python3.10/site-packages/airflow/example_dags/example_branch_python_dop_operator_3.py for tasks to queue
[2025-11-13T05:51:34.896+0530] {logging_mixin.py:188} INFO - [2025-11-13T05:51:34.895+0530] {dagbag.py:545} INFO - Filling up the DagBag from /home/logi/txtai/venv/lib/python3.10/site-packages/airflow/example_dags/example_branch_python_dop_operator_3.py
[2025-11-13T05:51:34.908+0530] {processor.py:840} INFO - DAG(s) 'example_branch_dop_operator_v3' retrieved from /home/logi/txtai/venv/lib/python3.10/site-packages/airflow/example_dags/example_branch_python_dop_operator_3.py
[2025-11-13T05:51:34.981+0530] {logging_mixin.py:188} INFO - [2025-11-13T05:51:34.981+0530] {dag.py:3089} INFO - Sync 1 DAGs
[2025-11-13T05:51:34.998+0530] {logging_mixin.py:188} INFO - [2025-11-13T05:51:34.998+0530] {dag.py:3947} INFO - Setting next_dagrun for example_branch_dop_operator_v3 to 2025-11-13 00:20:00+00:00, run_after=2025-11-13 00:21:00+00:00
[2025-11-13T05:51:35.018+0530] {processor.py:183} INFO - Processing /home/logi/txtai/venv/lib/python3.10/site-packages/airflow/example_dags/example_branch_python_dop_operator_3.py took 0.138 seconds
[2025-11-13T05:54:57.499+0530] {processor.py:161} INFO - Started process (PID=9345) to work on /home/logi/txtai/venv/lib/python3.10/site-packages/airflow/example_dags/example_branch_python_dop_operator_3.py
[2025-11-13T05:54:57.502+0530] {processor.py:830} INFO - Processing file /home/logi/txtai/venv/lib/python3.10/site-packages/airflow/example_dags/example_branch_python_dop_operator_3.py for tasks to queue
[2025-11-13T05:54:57.506+0530] {logging_mixin.py:188} INFO - [2025-11-13T05:54:57.505+0530] {dagbag.py:545} INFO - Filling up the DagBag from /home/logi/txtai/venv/lib/python3.10/site-packages/airflow/example_dags/example_branch_python_dop_operator_3.py
[2025-11-13T05:54:57.532+0530] {processor.py:840} INFO - DAG(s) 'example_branch_dop_operator_v3' retrieved from /home/logi/txtai/venv/lib/python3.10/site-packages/airflow/example_dags/example_branch_python_dop_operator_3.py
[2025-11-13T05:54:57.554+0530] {logging_mixin.py:188} INFO - [2025-11-13T05:54:57.553+0530] {dag.py:3089} INFO - Sync 1 DAGs
[2025-11-13T05:54:57.576+0530] {logging_mixin.py:188} INFO - [2025-11-13T05:54:57.576+0530] {dag.py:3947} INFO - Setting next_dagrun for example_branch_dop_operator_v3 to 2025-11-13 00:23:00+00:00, run_after=2025-11-13 00:24:00+00:00
[2025-11-13T05:54:57.598+0530] {processor.py:183} INFO - Processing /home/logi/txtai/venv/lib/python3.10/site-packages/airflow/example_dags/example_branch_python_dop_operator_3.py took 0.119 seconds
[2025-11-13T05:57:47.333+0530] {processor.py:161} INFO - Started process (PID=11054) to work on /home/logi/txtai/venv/lib/python3.10/site-packages/airflow/example_dags/example_branch_python_dop_operator_3.py
[2025-11-13T05:57:47.348+0530] {processor.py:830} INFO - Processing file /home/logi/txtai/venv/lib/python3.10/site-packages/airflow/example_dags/example_branch_python_dop_operator_3.py for tasks to queue
[2025-11-13T05:57:47.351+0530] {logging_mixin.py:188} INFO - [2025-11-13T05:57:47.351+0530] {dagbag.py:545} INFO - Filling up the DagBag from /home/logi/txtai/venv/lib/python3.10/site-packages/airflow/example_dags/example_branch_python_dop_operator_3.py
[2025-11-13T05:57:47.368+0530] {processor.py:840} INFO - DAG(s) 'example_branch_dop_operator_v3' retrieved from /home/logi/txtai/venv/lib/python3.10/site-packages/airflow/example_dags/example_branch_python_dop_operator_3.py
[2025-11-13T05:57:47.394+0530] {logging_mixin.py:188} INFO - [2025-11-13T05:57:47.394+0530] {dag.py:3089} INFO - Sync 1 DAGs
[2025-11-13T05:57:47.418+0530] {logging_mixin.py:188} INFO - [2025-11-13T05:57:47.418+0530] {dag.py:3947} INFO - Setting next_dagrun for example_branch_dop_operator_v3 to 2025-11-13 00:26:00+00:00, run_after=2025-11-13 00:27:00+00:00
[2025-11-13T05:57:47.446+0530] {processor.py:183} INFO - Processing /home/logi/txtai/venv/lib/python3.10/site-packages/airflow/example_dags/example_branch_python_dop_operator_3.py took 0.123 seconds
[2025-11-13T06:02:09.516+0530] {processor.py:161} INFO - Started process (PID=13931) to work on /home/logi/txtai/venv/lib/python3.10/site-packages/airflow/example_dags/example_branch_python_dop_operator_3.py
[2025-11-13T06:02:09.534+0530] {processor.py:830} INFO - Processing file /home/logi/txtai/venv/lib/python3.10/site-packages/airflow/example_dags/example_branch_python_dop_operator_3.py for tasks to queue
[2025-11-13T06:02:09.538+0530] {logging_mixin.py:188} INFO - [2025-11-13T06:02:09.537+0530] {dagbag.py:545} INFO - Filling up the DagBag from /home/logi/txtai/venv/lib/python3.10/site-packages/airflow/example_dags/example_branch_python_dop_operator_3.py
[2025-11-13T06:02:09.566+0530] {processor.py:840} INFO - DAG(s) 'example_branch_dop_operator_v3' retrieved from /home/logi/txtai/venv/lib/python3.10/site-packages/airflow/example_dags/example_branch_python_dop_operator_3.py
[2025-11-13T06:02:09.599+0530] {logging_mixin.py:188} INFO - [2025-11-13T06:02:09.599+0530] {dag.py:3089} INFO - Sync 1 DAGs
[2025-11-13T06:02:09.623+0530] {logging_mixin.py:188} INFO - [2025-11-13T06:02:09.623+0530] {dag.py:3947} INFO - Setting next_dagrun for example_branch_dop_operator_v3 to 2025-11-13 00:31:00+00:00, run_after=2025-11-13 00:32:00+00:00
[2025-11-13T06:02:09.649+0530] {processor.py:183} INFO - Processing /home/logi/txtai/venv/lib/python3.10/site-packages/airflow/example_dags/example_branch_python_dop_operator_3.py took 0.154 seconds
[2025-11-13T10:40:45.630+0530] {processor.py:161} INFO - Started process (PID=17185) to work on /home/logi/txtai/venv/lib/python3.10/site-packages/airflow/example_dags/example_branch_python_dop_operator_3.py
[2025-11-13T10:40:45.633+0530] {processor.py:830} INFO - Processing file /home/logi/txtai/venv/lib/python3.10/site-packages/airflow/example_dags/example_branch_python_dop_operator_3.py for tasks to queue
[2025-11-13T10:40:45.635+0530] {logging_mixin.py:188} INFO - [2025-11-13T10:40:45.635+0530] {dagbag.py:545} INFO - Filling up the DagBag from /home/logi/txtai/venv/lib/python3.10/site-packages/airflow/example_dags/example_branch_python_dop_operator_3.py
[2025-11-13T10:40:45.649+0530] {processor.py:840} INFO - DAG(s) 'example_branch_dop_operator_v3' retrieved from /home/logi/txtai/venv/lib/python3.10/site-packages/airflow/example_dags/example_branch_python_dop_operator_3.py
[2025-11-13T10:40:45.813+0530] {logging_mixin.py:188} INFO - [2025-11-13T10:40:45.812+0530] {override.py:1858} INFO - Created Permission View: can edit on DAG:example_branch_dop_operator_v3
[2025-11-13T10:40:45.832+0530] {logging_mixin.py:188} INFO - [2025-11-13T10:40:45.831+0530] {override.py:1858} INFO - Created Permission View: can read on DAG:example_branch_dop_operator_v3
[2025-11-13T10:40:45.845+0530] {logging_mixin.py:188} INFO - [2025-11-13T10:40:45.844+0530] {override.py:1858} INFO - Created Permission View: can delete on DAG:example_branch_dop_operator_v3
[2025-11-13T10:40:45.845+0530] {logging_mixin.py:188} INFO - [2025-11-13T10:40:45.845+0530] {dag.py:3089} INFO - Sync 1 DAGs
[2025-11-13T10:40:45.865+0530] {logging_mixin.py:188} INFO - [2025-11-13T10:40:45.864+0530] {dag.py:3111} INFO - Creating ORM DAG for example_branch_dop_operator_v3
[2025-11-13T10:40:45.889+0530] {logging_mixin.py:188} INFO - [2025-11-13T10:40:45.889+0530] {dag.py:3947} INFO - Setting next_dagrun for example_branch_dop_operator_v3 to 2025-11-13 05:09:00+00:00, run_after=2025-11-13 05:10:00+00:00
[2025-11-13T10:40:45.920+0530] {processor.py:183} INFO - Processing /home/logi/txtai/venv/lib/python3.10/site-packages/airflow/example_dags/example_branch_python_dop_operator_3.py took 0.301 seconds
[2025-11-13T10:41:16.404+0530] {processor.py:161} INFO - Started process (PID=17585) to work on /home/logi/txtai/venv/lib/python3.10/site-packages/airflow/example_dags/example_branch_python_dop_operator_3.py
[2025-11-13T10:41:16.406+0530] {processor.py:830} INFO - Processing file /home/logi/txtai/venv/lib/python3.10/site-packages/airflow/example_dags/example_branch_python_dop_operator_3.py for tasks to queue
[2025-11-13T10:41:16.409+0530] {logging_mixin.py:188} INFO - [2025-11-13T10:41:16.408+0530] {dagbag.py:545} INFO - Filling up the DagBag from /home/logi/txtai/venv/lib/python3.10/site-packages/airflow/example_dags/example_branch_python_dop_operator_3.py
[2025-11-13T10:41:16.421+0530] {processor.py:840} INFO - DAG(s) 'example_branch_dop_operator_v3' retrieved from /home/logi/txtai/venv/lib/python3.10/site-packages/airflow/example_dags/example_branch_python_dop_operator_3.py
[2025-11-13T10:41:16.460+0530] {logging_mixin.py:188} INFO - [2025-11-13T10:41:16.460+0530] {dag.py:3089} INFO - Sync 1 DAGs
[2025-11-13T10:41:16.493+0530] {logging_mixin.py:188} INFO - [2025-11-13T10:41:16.493+0530] {dag.py:3947} INFO - Setting next_dagrun for example_branch_dop_operator_v3 to 2025-11-13 05:10:00+00:00, run_after=2025-11-13 05:11:00+00:00
[2025-11-13T10:41:16.523+0530] {processor.py:183} INFO - Processing /home/logi/txtai/venv/lib/python3.10/site-packages/airflow/example_dags/example_branch_python_dop_operator_3.py took 0.130 seconds
[2025-11-13T10:41:47.406+0530] {processor.py:161} INFO - Started process (PID=18210) to work on /home/logi/txtai/venv/lib/python3.10/site-packages/airflow/example_dags/example_branch_python_dop_operator_3.py
[2025-11-13T10:41:47.408+0530] {processor.py:830} INFO - Processing file /home/logi/txtai/venv/lib/python3.10/site-packages/airflow/example_dags/example_branch_python_dop_operator_3.py for tasks to queue
[2025-11-13T10:41:47.413+0530] {logging_mixin.py:188} INFO - [2025-11-13T10:41:47.412+0530] {dagbag.py:545} INFO - Filling up the DagBag from /home/logi/txtai/venv/lib/python3.10/site-packages/airflow/example_dags/example_branch_python_dop_operator_3.py
[2025-11-13T10:41:47.435+0530] {processor.py:840} INFO - DAG(s) 'example_branch_dop_operator_v3' retrieved from /home/logi/txtai/venv/lib/python3.10/site-packages/airflow/example_dags/example_branch_python_dop_operator_3.py
[2025-11-13T10:41:47.507+0530] {logging_mixin.py:188} INFO - [2025-11-13T10:41:47.506+0530] {dag.py:3089} INFO - Sync 1 DAGs
[2025-11-13T10:41:47.579+0530] {logging_mixin.py:188} INFO - [2025-11-13T10:41:47.579+0530] {dag.py:3947} INFO - Setting next_dagrun for example_branch_dop_operator_v3 to 2025-11-13 05:10:00+00:00, run_after=2025-11-13 05:11:00+00:00
[2025-11-13T10:41:47.650+0530] {processor.py:183} INFO - Processing /home/logi/txtai/venv/lib/python3.10/site-packages/airflow/example_dags/example_branch_python_dop_operator_3.py took 0.268 seconds
[2025-11-13T10:42:18.493+0530] {processor.py:161} INFO - Started process (PID=18809) to work on /home/logi/txtai/venv/lib/python3.10/site-packages/airflow/example_dags/example_branch_python_dop_operator_3.py
[2025-11-13T10:42:18.495+0530] {processor.py:830} INFO - Processing file /home/logi/txtai/venv/lib/python3.10/site-packages/airflow/example_dags/example_branch_python_dop_operator_3.py for tasks to queue
[2025-11-13T10:42:18.498+0530] {logging_mixin.py:188} INFO - [2025-11-13T10:42:18.498+0530] {dagbag.py:545} INFO - Filling up the DagBag from /home/logi/txtai/venv/lib/python3.10/site-packages/airflow/example_dags/example_branch_python_dop_operator_3.py
[2025-11-13T10:42:18.513+0530] {processor.py:840} INFO - DAG(s) 'example_branch_dop_operator_v3' retrieved from /home/logi/txtai/venv/lib/python3.10/site-packages/airflow/example_dags/example_branch_python_dop_operator_3.py
[2025-11-13T10:42:18.561+0530] {logging_mixin.py:188} INFO - [2025-11-13T10:42:18.561+0530] {dag.py:3089} INFO - Sync 1 DAGs
[2025-11-13T10:42:18.594+0530] {logging_mixin.py:188} INFO - [2025-11-13T10:42:18.593+0530] {dag.py:3947} INFO - Setting next_dagrun for example_branch_dop_operator_v3 to 2025-11-13 05:11:00+00:00, run_after=2025-11-13 05:12:00+00:00
[2025-11-13T10:42:18.626+0530] {processor.py:183} INFO - Processing /home/logi/txtai/venv/lib/python3.10/site-packages/airflow/example_dags/example_branch_python_dop_operator_3.py took 0.144 seconds
[2025-11-13T10:42:49.074+0530] {processor.py:161} INFO - Started process (PID=19024) to work on /home/logi/txtai/venv/lib/python3.10/site-packages/airflow/example_dags/example_branch_python_dop_operator_3.py
[2025-11-13T10:42:49.076+0530] {processor.py:830} INFO - Processing file /home/logi/txtai/venv/lib/python3.10/site-packages/airflow/example_dags/example_branch_python_dop_operator_3.py for tasks to queue
[2025-11-13T10:42:49.078+0530] {logging_mixin.py:188} INFO - [2025-11-13T10:42:49.078+0530] {dagbag.py:545} INFO - Filling up the DagBag from /home/logi/txtai/venv/lib/python3.10/site-packages/airflow/example_dags/example_branch_python_dop_operator_3.py
[2025-11-13T10:42:49.094+0530] {processor.py:840} INFO - DAG(s) 'example_branch_dop_operator_v3' retrieved from /home/logi/txtai/venv/lib/python3.10/site-packages/airflow/example_dags/example_branch_python_dop_operator_3.py
[2025-11-13T10:42:49.151+0530] {logging_mixin.py:188} INFO - [2025-11-13T10:42:49.150+0530] {dag.py:3089} INFO - Sync 1 DAGs
[2025-11-13T10:42:49.196+0530] {logging_mixin.py:188} INFO - [2025-11-13T10:42:49.196+0530] {dag.py:3947} INFO - Setting next_dagrun for example_branch_dop_operator_v3 to 2025-11-13 05:11:00+00:00, run_after=2025-11-13 05:12:00+00:00
[2025-11-13T10:42:49.242+0530] {processor.py:183} INFO - Processing /home/logi/txtai/venv/lib/python3.10/site-packages/airflow/example_dags/example_branch_python_dop_operator_3.py took 0.180 seconds
[2025-11-13T10:43:19.395+0530] {processor.py:161} INFO - Started process (PID=19165) to work on /home/logi/txtai/venv/lib/python3.10/site-packages/airflow/example_dags/example_branch_python_dop_operator_3.py
[2025-11-13T10:43:19.399+0530] {processor.py:830} INFO - Processing file /home/logi/txtai/venv/lib/python3.10/site-packages/airflow/example_dags/example_branch_python_dop_operator_3.py for tasks to queue
[2025-11-13T10:43:19.401+0530] {logging_mixin.py:188} INFO - [2025-11-13T10:43:19.401+0530] {dagbag.py:545} INFO - Filling up the DagBag from /home/logi/txtai/venv/lib/python3.10/site-packages/airflow/example_dags/example_branch_python_dop_operator_3.py
[2025-11-13T10:43:19.415+0530] {processor.py:840} INFO - DAG(s) 'example_branch_dop_operator_v3' retrieved from /home/logi/txtai/venv/lib/python3.10/site-packages/airflow/example_dags/example_branch_python_dop_operator_3.py
[2025-11-13T10:43:19.463+0530] {logging_mixin.py:188} INFO - [2025-11-13T10:43:19.463+0530] {dag.py:3089} INFO - Sync 1 DAGs
[2025-11-13T10:43:19.503+0530] {logging_mixin.py:188} INFO - [2025-11-13T10:43:19.502+0530] {dag.py:3947} INFO - Setting next_dagrun for example_branch_dop_operator_v3 to 2025-11-13 05:12:00+00:00, run_after=2025-11-13 05:13:00+00:00
[2025-11-13T10:43:19.534+0530] {processor.py:183} INFO - Processing /home/logi/txtai/venv/lib/python3.10/site-packages/airflow/example_dags/example_branch_python_dop_operator_3.py took 0.158 seconds
[2025-11-13T10:43:50.666+0530] {processor.py:161} INFO - Started process (PID=19307) to work on /home/logi/txtai/venv/lib/python3.10/site-packages/airflow/example_dags/example_branch_python_dop_operator_3.py
[2025-11-13T10:43:50.668+0530] {processor.py:830} INFO - Processing file /home/logi/txtai/venv/lib/python3.10/site-packages/airflow/example_dags/example_branch_python_dop_operator_3.py for tasks to queue
[2025-11-13T10:43:50.670+0530] {logging_mixin.py:188} INFO - [2025-11-13T10:43:50.670+0530] {dagbag.py:545} INFO - Filling up the DagBag from /home/logi/txtai/venv/lib/python3.10/site-packages/airflow/example_dags/example_branch_python_dop_operator_3.py
[2025-11-13T10:43:50.684+0530] {processor.py:840} INFO - DAG(s) 'example_branch_dop_operator_v3' retrieved from /home/logi/txtai/venv/lib/python3.10/site-packages/airflow/example_dags/example_branch_python_dop_operator_3.py
[2025-11-13T10:43:50.729+0530] {logging_mixin.py:188} INFO - [2025-11-13T10:43:50.728+0530] {dag.py:3089} INFO - Sync 1 DAGs
[2025-11-13T10:43:50.767+0530] {logging_mixin.py:188} INFO - [2025-11-13T10:43:50.767+0530] {dag.py:3947} INFO - Setting next_dagrun for example_branch_dop_operator_v3 to 2025-11-13 05:12:00+00:00, run_after=2025-11-13 05:13:00+00:00
[2025-11-13T10:43:50.796+0530] {processor.py:183} INFO - Processing /home/logi/txtai/venv/lib/python3.10/site-packages/airflow/example_dags/example_branch_python_dop_operator_3.py took 0.142 seconds
[2025-11-13T10:44:22.109+0530] {processor.py:161} INFO - Started process (PID=19451) to work on /home/logi/txtai/venv/lib/python3.10/site-packages/airflow/example_dags/example_branch_python_dop_operator_3.py
[2025-11-13T10:44:22.111+0530] {processor.py:830} INFO - Processing file /home/logi/txtai/venv/lib/python3.10/site-packages/airflow/example_dags/example_branch_python_dop_operator_3.py for tasks to queue
[2025-11-13T10:44:22.114+0530] {logging_mixin.py:188} INFO - [2025-11-13T10:44:22.113+0530] {dagbag.py:545} INFO - Filling up the DagBag from /home/logi/txtai/venv/lib/python3.10/site-packages/airflow/example_dags/example_branch_python_dop_operator_3.py
[2025-11-13T10:44:22.127+0530] {processor.py:840} INFO - DAG(s) 'example_branch_dop_operator_v3' retrieved from /home/logi/txtai/venv/lib/python3.10/site-packages/airflow/example_dags/example_branch_python_dop_operator_3.py
[2025-11-13T10:44:22.181+0530] {logging_mixin.py:188} INFO - [2025-11-13T10:44:22.181+0530] {dag.py:3089} INFO - Sync 1 DAGs
[2025-11-13T10:44:22.227+0530] {logging_mixin.py:188} INFO - [2025-11-13T10:44:22.226+0530] {dag.py:3947} INFO - Setting next_dagrun for example_branch_dop_operator_v3 to 2025-11-13 05:13:00+00:00, run_after=2025-11-13 05:14:00+00:00
[2025-11-13T10:44:22.262+0530] {processor.py:183} INFO - Processing /home/logi/txtai/venv/lib/python3.10/site-packages/airflow/example_dags/example_branch_python_dop_operator_3.py took 0.163 seconds
[2025-11-13T10:44:53.846+0530] {processor.py:161} INFO - Started process (PID=19592) to work on /home/logi/txtai/venv/lib/python3.10/site-packages/airflow/example_dags/example_branch_python_dop_operator_3.py
[2025-11-13T10:44:53.847+0530] {processor.py:830} INFO - Processing file /home/logi/txtai/venv/lib/python3.10/site-packages/airflow/example_dags/example_branch_python_dop_operator_3.py for tasks to queue
[2025-11-13T10:44:53.850+0530] {logging_mixin.py:188} INFO - [2025-11-13T10:44:53.850+0530] {dagbag.py:545} INFO - Filling up the DagBag from /home/logi/txtai/venv/lib/python3.10/site-packages/airflow/example_dags/example_branch_python_dop_operator_3.py
[2025-11-13T10:44:53.864+0530] {processor.py:840} INFO - DAG(s) 'example_branch_dop_operator_v3' retrieved from /home/logi/txtai/venv/lib/python3.10/site-packages/airflow/example_dags/example_branch_python_dop_operator_3.py
[2025-11-13T10:44:53.906+0530] {logging_mixin.py:188} INFO - [2025-11-13T10:44:53.906+0530] {dag.py:3089} INFO - Sync 1 DAGs
[2025-11-13T10:44:53.939+0530] {logging_mixin.py:188} INFO - [2025-11-13T10:44:53.939+0530] {dag.py:3947} INFO - Setting next_dagrun for example_branch_dop_operator_v3 to 2025-11-13 05:13:00+00:00, run_after=2025-11-13 05:14:00+00:00
[2025-11-13T10:44:53.970+0530] {processor.py:183} INFO - Processing /home/logi/txtai/venv/lib/python3.10/site-packages/airflow/example_dags/example_branch_python_dop_operator_3.py took 0.136 seconds
[2025-11-13T10:45:24.428+0530] {processor.py:161} INFO - Started process (PID=19736) to work on /home/logi/txtai/venv/lib/python3.10/site-packages/airflow/example_dags/example_branch_python_dop_operator_3.py
[2025-11-13T10:45:24.430+0530] {processor.py:830} INFO - Processing file /home/logi/txtai/venv/lib/python3.10/site-packages/airflow/example_dags/example_branch_python_dop_operator_3.py for tasks to queue
[2025-11-13T10:45:24.433+0530] {logging_mixin.py:188} INFO - [2025-11-13T10:45:24.432+0530] {dagbag.py:545} INFO - Filling up the DagBag from /home/logi/txtai/venv/lib/python3.10/site-packages/airflow/example_dags/example_branch_python_dop_operator_3.py
[2025-11-13T10:45:24.446+0530] {processor.py:840} INFO - DAG(s) 'example_branch_dop_operator_v3' retrieved from /home/logi/txtai/venv/lib/python3.10/site-packages/airflow/example_dags/example_branch_python_dop_operator_3.py
[2025-11-13T10:45:24.502+0530] {logging_mixin.py:188} INFO - [2025-11-13T10:45:24.502+0530] {dag.py:3089} INFO - Sync 1 DAGs
[2025-11-13T10:45:24.548+0530] {logging_mixin.py:188} INFO - [2025-11-13T10:45:24.548+0530] {dag.py:3947} INFO - Setting next_dagrun for example_branch_dop_operator_v3 to 2025-11-13 05:14:00+00:00, run_after=2025-11-13 05:15:00+00:00
[2025-11-13T10:45:24.583+0530] {processor.py:183} INFO - Processing /home/logi/txtai/venv/lib/python3.10/site-packages/airflow/example_dags/example_branch_python_dop_operator_3.py took 0.166 seconds
[2025-11-13T10:45:55.380+0530] {processor.py:161} INFO - Started process (PID=19906) to work on /home/logi/txtai/venv/lib/python3.10/site-packages/airflow/example_dags/example_branch_python_dop_operator_3.py
[2025-11-13T10:45:55.382+0530] {processor.py:830} INFO - Processing file /home/logi/txtai/venv/lib/python3.10/site-packages/airflow/example_dags/example_branch_python_dop_operator_3.py for tasks to queue
[2025-11-13T10:45:55.384+0530] {logging_mixin.py:188} INFO - [2025-11-13T10:45:55.384+0530] {dagbag.py:545} INFO - Filling up the DagBag from /home/logi/txtai/venv/lib/python3.10/site-packages/airflow/example_dags/example_branch_python_dop_operator_3.py
[2025-11-13T10:45:55.398+0530] {processor.py:840} INFO - DAG(s) 'example_branch_dop_operator_v3' retrieved from /home/logi/txtai/venv/lib/python3.10/site-packages/airflow/example_dags/example_branch_python_dop_operator_3.py
[2025-11-13T10:45:55.453+0530] {logging_mixin.py:188} INFO - [2025-11-13T10:45:55.453+0530] {dag.py:3089} INFO - Sync 1 DAGs
[2025-11-13T10:45:55.498+0530] {logging_mixin.py:188} INFO - [2025-11-13T10:45:55.498+0530] {dag.py:3947} INFO - Setting next_dagrun for example_branch_dop_operator_v3 to 2025-11-13 05:14:00+00:00, run_after=2025-11-13 05:15:00+00:00
[2025-11-13T10:45:55.544+0530] {processor.py:183} INFO - Processing /home/logi/txtai/venv/lib/python3.10/site-packages/airflow/example_dags/example_branch_python_dop_operator_3.py took 0.174 seconds
[2025-11-13T10:46:27.121+0530] {processor.py:161} INFO - Started process (PID=20049) to work on /home/logi/txtai/venv/lib/python3.10/site-packages/airflow/example_dags/example_branch_python_dop_operator_3.py
[2025-11-13T10:46:27.123+0530] {processor.py:830} INFO - Processing file /home/logi/txtai/venv/lib/python3.10/site-packages/airflow/example_dags/example_branch_python_dop_operator_3.py for tasks to queue
[2025-11-13T10:46:27.126+0530] {logging_mixin.py:188} INFO - [2025-11-13T10:46:27.126+0530] {dagbag.py:545} INFO - Filling up the DagBag from /home/logi/txtai/venv/lib/python3.10/site-packages/airflow/example_dags/example_branch_python_dop_operator_3.py
[2025-11-13T10:46:27.135+0530] {processor.py:840} INFO - DAG(s) 'example_branch_dop_operator_v3' retrieved from /home/logi/txtai/venv/lib/python3.10/site-packages/airflow/example_dags/example_branch_python_dop_operator_3.py
[2025-11-13T10:46:27.176+0530] {logging_mixin.py:188} INFO - [2025-11-13T10:46:27.176+0530] {dag.py:3089} INFO - Sync 1 DAGs
[2025-11-13T10:46:27.199+0530] {logging_mixin.py:188} INFO - [2025-11-13T10:46:27.199+0530] {dag.py:3947} INFO - Setting next_dagrun for example_branch_dop_operator_v3 to 2025-11-13 05:15:00+00:00, run_after=2025-11-13 05:16:00+00:00
[2025-11-13T10:46:27.217+0530] {processor.py:183} INFO - Processing /home/logi/txtai/venv/lib/python3.10/site-packages/airflow/example_dags/example_branch_python_dop_operator_3.py took 0.109 seconds
[2025-11-13T10:46:57.731+0530] {processor.py:161} INFO - Started process (PID=20192) to work on /home/logi/txtai/venv/lib/python3.10/site-packages/airflow/example_dags/example_branch_python_dop_operator_3.py
[2025-11-13T10:46:57.732+0530] {processor.py:830} INFO - Processing file /home/logi/txtai/venv/lib/python3.10/site-packages/airflow/example_dags/example_branch_python_dop_operator_3.py for tasks to queue
[2025-11-13T10:46:57.735+0530] {logging_mixin.py:188} INFO - [2025-11-13T10:46:57.734+0530] {dagbag.py:545} INFO - Filling up the DagBag from /home/logi/txtai/venv/lib/python3.10/site-packages/airflow/example_dags/example_branch_python_dop_operator_3.py
[2025-11-13T10:46:57.749+0530] {processor.py:840} INFO - DAG(s) 'example_branch_dop_operator_v3' retrieved from /home/logi/txtai/venv/lib/python3.10/site-packages/airflow/example_dags/example_branch_python_dop_operator_3.py
[2025-11-13T10:46:57.804+0530] {logging_mixin.py:188} INFO - [2025-11-13T10:46:57.804+0530] {dag.py:3089} INFO - Sync 1 DAGs
[2025-11-13T10:46:57.850+0530] {logging_mixin.py:188} INFO - [2025-11-13T10:46:57.850+0530] {dag.py:3947} INFO - Setting next_dagrun for example_branch_dop_operator_v3 to 2025-11-13 05:15:00+00:00, run_after=2025-11-13 05:16:00+00:00
[2025-11-13T10:46:57.884+0530] {processor.py:183} INFO - Processing /home/logi/txtai/venv/lib/python3.10/site-packages/airflow/example_dags/example_branch_python_dop_operator_3.py took 0.164 seconds
[2025-11-13T10:47:29.157+0530] {processor.py:161} INFO - Started process (PID=20336) to work on /home/logi/txtai/venv/lib/python3.10/site-packages/airflow/example_dags/example_branch_python_dop_operator_3.py
[2025-11-13T10:47:29.158+0530] {processor.py:830} INFO - Processing file /home/logi/txtai/venv/lib/python3.10/site-packages/airflow/example_dags/example_branch_python_dop_operator_3.py for tasks to queue
[2025-11-13T10:47:29.161+0530] {logging_mixin.py:188} INFO - [2025-11-13T10:47:29.160+0530] {dagbag.py:545} INFO - Filling up the DagBag from /home/logi/txtai/venv/lib/python3.10/site-packages/airflow/example_dags/example_branch_python_dop_operator_3.py
[2025-11-13T10:47:29.175+0530] {processor.py:840} INFO - DAG(s) 'example_branch_dop_operator_v3' retrieved from /home/logi/txtai/venv/lib/python3.10/site-packages/airflow/example_dags/example_branch_python_dop_operator_3.py
[2025-11-13T10:47:29.228+0530] {logging_mixin.py:188} INFO - [2025-11-13T10:47:29.227+0530] {dag.py:3089} INFO - Sync 1 DAGs
[2025-11-13T10:47:29.274+0530] {logging_mixin.py:188} INFO - [2025-11-13T10:47:29.273+0530] {dag.py:3947} INFO - Setting next_dagrun for example_branch_dop_operator_v3 to 2025-11-13 05:16:00+00:00, run_after=2025-11-13 05:17:00+00:00
[2025-11-13T10:47:29.320+0530] {processor.py:183} INFO - Processing /home/logi/txtai/venv/lib/python3.10/site-packages/airflow/example_dags/example_branch_python_dop_operator_3.py took 0.174 seconds
[2025-11-13T10:48:00.806+0530] {processor.py:161} INFO - Started process (PID=20478) to work on /home/logi/txtai/venv/lib/python3.10/site-packages/airflow/example_dags/example_branch_python_dop_operator_3.py
[2025-11-13T10:48:00.807+0530] {processor.py:830} INFO - Processing file /home/logi/txtai/venv/lib/python3.10/site-packages/airflow/example_dags/example_branch_python_dop_operator_3.py for tasks to queue
[2025-11-13T10:48:00.810+0530] {logging_mixin.py:188} INFO - [2025-11-13T10:48:00.810+0530] {dagbag.py:545} INFO - Filling up the DagBag from /home/logi/txtai/venv/lib/python3.10/site-packages/airflow/example_dags/example_branch_python_dop_operator_3.py
[2025-11-13T10:48:00.824+0530] {processor.py:840} INFO - DAG(s) 'example_branch_dop_operator_v3' retrieved from /home/logi/txtai/venv/lib/python3.10/site-packages/airflow/example_dags/example_branch_python_dop_operator_3.py
[2025-11-13T10:48:00.887+0530] {logging_mixin.py:188} INFO - [2025-11-13T10:48:00.887+0530] {dag.py:3089} INFO - Sync 1 DAGs
[2025-11-13T10:48:00.933+0530] {logging_mixin.py:188} INFO - [2025-11-13T10:48:00.932+0530] {dag.py:3947} INFO - Setting next_dagrun for example_branch_dop_operator_v3 to 2025-11-13 05:17:00+00:00, run_after=2025-11-13 05:18:00+00:00
[2025-11-13T10:48:00.966+0530] {processor.py:183} INFO - Processing /home/logi/txtai/venv/lib/python3.10/site-packages/airflow/example_dags/example_branch_python_dop_operator_3.py took 0.171 seconds
[2025-11-13T10:48:31.899+0530] {processor.py:161} INFO - Started process (PID=20620) to work on /home/logi/txtai/venv/lib/python3.10/site-packages/airflow/example_dags/example_branch_python_dop_operator_3.py
[2025-11-13T10:48:31.901+0530] {processor.py:830} INFO - Processing file /home/logi/txtai/venv/lib/python3.10/site-packages/airflow/example_dags/example_branch_python_dop_operator_3.py for tasks to queue
[2025-11-13T10:48:31.904+0530] {logging_mixin.py:188} INFO - [2025-11-13T10:48:31.904+0530] {dagbag.py:545} INFO - Filling up the DagBag from /home/logi/txtai/venv/lib/python3.10/site-packages/airflow/example_dags/example_branch_python_dop_operator_3.py
[2025-11-13T10:48:31.920+0530] {processor.py:840} INFO - DAG(s) 'example_branch_dop_operator_v3' retrieved from /home/logi/txtai/venv/lib/python3.10/site-packages/airflow/example_dags/example_branch_python_dop_operator_3.py
[2025-11-13T10:48:31.975+0530] {logging_mixin.py:188} INFO - [2025-11-13T10:48:31.974+0530] {dag.py:3089} INFO - Sync 1 DAGs
[2025-11-13T10:48:32.017+0530] {logging_mixin.py:188} INFO - [2025-11-13T10:48:32.017+0530] {dag.py:3947} INFO - Setting next_dagrun for example_branch_dop_operator_v3 to 2025-11-13 05:17:00+00:00, run_after=2025-11-13 05:18:00+00:00
[2025-11-13T10:48:32.049+0530] {processor.py:183} INFO - Processing /home/logi/txtai/venv/lib/python3.10/site-packages/airflow/example_dags/example_branch_python_dop_operator_3.py took 0.162 seconds
[2025-11-13T10:49:02.248+0530] {processor.py:161} INFO - Started process (PID=20763) to work on /home/logi/txtai/venv/lib/python3.10/site-packages/airflow/example_dags/example_branch_python_dop_operator_3.py
[2025-11-13T10:49:02.250+0530] {processor.py:830} INFO - Processing file /home/logi/txtai/venv/lib/python3.10/site-packages/airflow/example_dags/example_branch_python_dop_operator_3.py for tasks to queue
[2025-11-13T10:49:02.253+0530] {logging_mixin.py:188} INFO - [2025-11-13T10:49:02.252+0530] {dagbag.py:545} INFO - Filling up the DagBag from /home/logi/txtai/venv/lib/python3.10/site-packages/airflow/example_dags/example_branch_python_dop_operator_3.py
[2025-11-13T10:49:02.268+0530] {processor.py:840} INFO - DAG(s) 'example_branch_dop_operator_v3' retrieved from /home/logi/txtai/venv/lib/python3.10/site-packages/airflow/example_dags/example_branch_python_dop_operator_3.py
[2025-11-13T10:49:02.325+0530] {logging_mixin.py:188} INFO - [2025-11-13T10:49:02.325+0530] {dag.py:3089} INFO - Sync 1 DAGs
[2025-11-13T10:49:02.370+0530] {logging_mixin.py:188} INFO - [2025-11-13T10:49:02.370+0530] {dag.py:3947} INFO - Setting next_dagrun for example_branch_dop_operator_v3 to 2025-11-13 05:18:00+00:00, run_after=2025-11-13 05:19:00+00:00
[2025-11-13T10:49:02.404+0530] {processor.py:183} INFO - Processing /home/logi/txtai/venv/lib/python3.10/site-packages/airflow/example_dags/example_branch_python_dop_operator_3.py took 0.167 seconds
[2025-11-13T10:49:32.904+0530] {processor.py:161} INFO - Started process (PID=20908) to work on /home/logi/txtai/venv/lib/python3.10/site-packages/airflow/example_dags/example_branch_python_dop_operator_3.py
[2025-11-13T10:49:32.905+0530] {processor.py:830} INFO - Processing file /home/logi/txtai/venv/lib/python3.10/site-packages/airflow/example_dags/example_branch_python_dop_operator_3.py for tasks to queue
[2025-11-13T10:49:32.908+0530] {logging_mixin.py:188} INFO - [2025-11-13T10:49:32.908+0530] {dagbag.py:545} INFO - Filling up the DagBag from /home/logi/txtai/venv/lib/python3.10/site-packages/airflow/example_dags/example_branch_python_dop_operator_3.py
[2025-11-13T10:49:32.922+0530] {processor.py:840} INFO - DAG(s) 'example_branch_dop_operator_v3' retrieved from /home/logi/txtai/venv/lib/python3.10/site-packages/airflow/example_dags/example_branch_python_dop_operator_3.py
[2025-11-13T10:49:32.977+0530] {logging_mixin.py:188} INFO - [2025-11-13T10:49:32.977+0530] {dag.py:3089} INFO - Sync 1 DAGs
[2025-11-13T10:49:33.022+0530] {logging_mixin.py:188} INFO - [2025-11-13T10:49:33.022+0530] {dag.py:3947} INFO - Setting next_dagrun for example_branch_dop_operator_v3 to 2025-11-13 05:18:00+00:00, run_after=2025-11-13 05:19:00+00:00
[2025-11-13T10:49:33.056+0530] {processor.py:183} INFO - Processing /home/logi/txtai/venv/lib/python3.10/site-packages/airflow/example_dags/example_branch_python_dop_operator_3.py took 0.163 seconds
[2025-11-13T10:50:04.405+0530] {processor.py:161} INFO - Started process (PID=21051) to work on /home/logi/txtai/venv/lib/python3.10/site-packages/airflow/example_dags/example_branch_python_dop_operator_3.py
[2025-11-13T10:50:04.407+0530] {processor.py:830} INFO - Processing file /home/logi/txtai/venv/lib/python3.10/site-packages/airflow/example_dags/example_branch_python_dop_operator_3.py for tasks to queue
[2025-11-13T10:50:04.411+0530] {logging_mixin.py:188} INFO - [2025-11-13T10:50:04.410+0530] {dagbag.py:545} INFO - Filling up the DagBag from /home/logi/txtai/venv/lib/python3.10/site-packages/airflow/example_dags/example_branch_python_dop_operator_3.py
[2025-11-13T10:50:04.427+0530] {processor.py:840} INFO - DAG(s) 'example_branch_dop_operator_v3' retrieved from /home/logi/txtai/venv/lib/python3.10/site-packages/airflow/example_dags/example_branch_python_dop_operator_3.py
[2025-11-13T10:50:04.479+0530] {logging_mixin.py:188} INFO - [2025-11-13T10:50:04.479+0530] {dag.py:3089} INFO - Sync 1 DAGs
[2025-11-13T10:50:04.525+0530] {logging_mixin.py:188} INFO - [2025-11-13T10:50:04.524+0530] {dag.py:3947} INFO - Setting next_dagrun for example_branch_dop_operator_v3 to 2025-11-13 05:19:00+00:00, run_after=2025-11-13 05:20:00+00:00
[2025-11-13T10:50:04.568+0530] {processor.py:183} INFO - Processing /home/logi/txtai/venv/lib/python3.10/site-packages/airflow/example_dags/example_branch_python_dop_operator_3.py took 0.176 seconds
[2025-11-13T10:50:35.169+0530] {processor.py:161} INFO - Started process (PID=21192) to work on /home/logi/txtai/venv/lib/python3.10/site-packages/airflow/example_dags/example_branch_python_dop_operator_3.py
[2025-11-13T10:50:35.171+0530] {processor.py:830} INFO - Processing file /home/logi/txtai/venv/lib/python3.10/site-packages/airflow/example_dags/example_branch_python_dop_operator_3.py for tasks to queue
[2025-11-13T10:50:35.173+0530] {logging_mixin.py:188} INFO - [2025-11-13T10:50:35.173+0530] {dagbag.py:545} INFO - Filling up the DagBag from /home/logi/txtai/venv/lib/python3.10/site-packages/airflow/example_dags/example_branch_python_dop_operator_3.py
[2025-11-13T10:50:35.187+0530] {processor.py:840} INFO - DAG(s) 'example_branch_dop_operator_v3' retrieved from /home/logi/txtai/venv/lib/python3.10/site-packages/airflow/example_dags/example_branch_python_dop_operator_3.py
[2025-11-13T10:50:35.224+0530] {logging_mixin.py:188} INFO - [2025-11-13T10:50:35.224+0530] {dag.py:3089} INFO - Sync 1 DAGs
[2025-11-13T10:50:35.257+0530] {logging_mixin.py:188} INFO - [2025-11-13T10:50:35.257+0530] {dag.py:3947} INFO - Setting next_dagrun for example_branch_dop_operator_v3 to 2025-11-13 05:19:00+00:00, run_after=2025-11-13 05:20:00+00:00
[2025-11-13T10:50:35.289+0530] {processor.py:183} INFO - Processing /home/logi/txtai/venv/lib/python3.10/site-packages/airflow/example_dags/example_branch_python_dop_operator_3.py took 0.131 seconds
[2025-11-13T10:51:06.806+0530] {processor.py:161} INFO - Started process (PID=21374) to work on /home/logi/txtai/venv/lib/python3.10/site-packages/airflow/example_dags/example_branch_python_dop_operator_3.py
[2025-11-13T10:51:06.808+0530] {processor.py:830} INFO - Processing file /home/logi/txtai/venv/lib/python3.10/site-packages/airflow/example_dags/example_branch_python_dop_operator_3.py for tasks to queue
[2025-11-13T10:51:06.811+0530] {logging_mixin.py:188} INFO - [2025-11-13T10:51:06.811+0530] {dagbag.py:545} INFO - Filling up the DagBag from /home/logi/txtai/venv/lib/python3.10/site-packages/airflow/example_dags/example_branch_python_dop_operator_3.py
[2025-11-13T10:51:06.828+0530] {processor.py:840} INFO - DAG(s) 'example_branch_dop_operator_v3' retrieved from /home/logi/txtai/venv/lib/python3.10/site-packages/airflow/example_dags/example_branch_python_dop_operator_3.py
[2025-11-13T10:51:06.884+0530] {logging_mixin.py:188} INFO - [2025-11-13T10:51:06.884+0530] {dag.py:3089} INFO - Sync 1 DAGs
[2025-11-13T10:51:06.940+0530] {logging_mixin.py:188} INFO - [2025-11-13T10:51:06.939+0530] {dag.py:3947} INFO - Setting next_dagrun for example_branch_dop_operator_v3 to 2025-11-13 05:20:00+00:00, run_after=2025-11-13 05:21:00+00:00
[2025-11-13T10:51:06.977+0530] {processor.py:183} INFO - Processing /home/logi/txtai/venv/lib/python3.10/site-packages/airflow/example_dags/example_branch_python_dop_operator_3.py took 0.184 seconds
[2025-11-13T10:51:37.982+0530] {processor.py:161} INFO - Started process (PID=21516) to work on /home/logi/txtai/venv/lib/python3.10/site-packages/airflow/example_dags/example_branch_python_dop_operator_3.py
[2025-11-13T10:51:37.984+0530] {processor.py:830} INFO - Processing file /home/logi/txtai/venv/lib/python3.10/site-packages/airflow/example_dags/example_branch_python_dop_operator_3.py for tasks to queue
[2025-11-13T10:51:37.986+0530] {logging_mixin.py:188} INFO - [2025-11-13T10:51:37.986+0530] {dagbag.py:545} INFO - Filling up the DagBag from /home/logi/txtai/venv/lib/python3.10/site-packages/airflow/example_dags/example_branch_python_dop_operator_3.py
[2025-11-13T10:51:38.000+0530] {processor.py:840} INFO - DAG(s) 'example_branch_dop_operator_v3' retrieved from /home/logi/txtai/venv/lib/python3.10/site-packages/airflow/example_dags/example_branch_python_dop_operator_3.py
[2025-11-13T10:51:38.058+0530] {logging_mixin.py:188} INFO - [2025-11-13T10:51:38.057+0530] {dag.py:3089} INFO - Sync 1 DAGs
[2025-11-13T10:51:38.106+0530] {logging_mixin.py:188} INFO - [2025-11-13T10:51:38.105+0530] {dag.py:3947} INFO - Setting next_dagrun for example_branch_dop_operator_v3 to 2025-11-13 05:20:00+00:00, run_after=2025-11-13 05:21:00+00:00
[2025-11-13T10:51:38.150+0530] {processor.py:183} INFO - Processing /home/logi/txtai/venv/lib/python3.10/site-packages/airflow/example_dags/example_branch_python_dop_operator_3.py took 0.179 seconds
[2025-11-13T10:52:09.092+0530] {processor.py:161} INFO - Started process (PID=21691) to work on /home/logi/txtai/venv/lib/python3.10/site-packages/airflow/example_dags/example_branch_python_dop_operator_3.py
[2025-11-13T10:52:09.094+0530] {processor.py:830} INFO - Processing file /home/logi/txtai/venv/lib/python3.10/site-packages/airflow/example_dags/example_branch_python_dop_operator_3.py for tasks to queue
[2025-11-13T10:52:09.097+0530] {logging_mixin.py:188} INFO - [2025-11-13T10:52:09.096+0530] {dagbag.py:545} INFO - Filling up the DagBag from /home/logi/txtai/venv/lib/python3.10/site-packages/airflow/example_dags/example_branch_python_dop_operator_3.py
[2025-11-13T10:52:09.112+0530] {processor.py:840} INFO - DAG(s) 'example_branch_dop_operator_v3' retrieved from /home/logi/txtai/venv/lib/python3.10/site-packages/airflow/example_dags/example_branch_python_dop_operator_3.py
[2025-11-13T10:52:09.155+0530] {logging_mixin.py:188} INFO - [2025-11-13T10:52:09.154+0530] {dag.py:3089} INFO - Sync 1 DAGs
[2025-11-13T10:52:09.191+0530] {logging_mixin.py:188} INFO - [2025-11-13T10:52:09.190+0530] {dag.py:3947} INFO - Setting next_dagrun for example_branch_dop_operator_v3 to 2025-11-13 05:21:00+00:00, run_after=2025-11-13 05:22:00+00:00
[2025-11-13T10:52:09.217+0530] {processor.py:183} INFO - Processing /home/logi/txtai/venv/lib/python3.10/site-packages/airflow/example_dags/example_branch_python_dop_operator_3.py took 0.138 seconds
[2025-11-13T10:52:40.456+0530] {processor.py:161} INFO - Started process (PID=21861) to work on /home/logi/txtai/venv/lib/python3.10/site-packages/airflow/example_dags/example_branch_python_dop_operator_3.py
[2025-11-13T10:52:40.458+0530] {processor.py:830} INFO - Processing file /home/logi/txtai/venv/lib/python3.10/site-packages/airflow/example_dags/example_branch_python_dop_operator_3.py for tasks to queue
[2025-11-13T10:52:40.461+0530] {logging_mixin.py:188} INFO - [2025-11-13T10:52:40.461+0530] {dagbag.py:545} INFO - Filling up the DagBag from /home/logi/txtai/venv/lib/python3.10/site-packages/airflow/example_dags/example_branch_python_dop_operator_3.py
[2025-11-13T10:52:40.475+0530] {processor.py:840} INFO - DAG(s) 'example_branch_dop_operator_v3' retrieved from /home/logi/txtai/venv/lib/python3.10/site-packages/airflow/example_dags/example_branch_python_dop_operator_3.py
[2025-11-13T10:52:40.528+0530] {logging_mixin.py:188} INFO - [2025-11-13T10:52:40.527+0530] {dag.py:3089} INFO - Sync 1 DAGs
[2025-11-13T10:52:40.576+0530] {logging_mixin.py:188} INFO - [2025-11-13T10:52:40.576+0530] {dag.py:3947} INFO - Setting next_dagrun for example_branch_dop_operator_v3 to 2025-11-13 05:21:00+00:00, run_after=2025-11-13 05:22:00+00:00
[2025-11-13T10:52:40.617+0530] {processor.py:183} INFO - Processing /home/logi/txtai/venv/lib/python3.10/site-packages/airflow/example_dags/example_branch_python_dop_operator_3.py took 0.171 seconds
[2025-11-13T10:53:10.775+0530] {processor.py:161} INFO - Started process (PID=22083) to work on /home/logi/txtai/venv/lib/python3.10/site-packages/airflow/example_dags/example_branch_python_dop_operator_3.py
[2025-11-13T10:53:10.777+0530] {processor.py:830} INFO - Processing file /home/logi/txtai/venv/lib/python3.10/site-packages/airflow/example_dags/example_branch_python_dop_operator_3.py for tasks to queue
[2025-11-13T10:53:10.780+0530] {logging_mixin.py:188} INFO - [2025-11-13T10:53:10.779+0530] {dagbag.py:545} INFO - Filling up the DagBag from /home/logi/txtai/venv/lib/python3.10/site-packages/airflow/example_dags/example_branch_python_dop_operator_3.py
[2025-11-13T10:53:10.794+0530] {processor.py:840} INFO - DAG(s) 'example_branch_dop_operator_v3' retrieved from /home/logi/txtai/venv/lib/python3.10/site-packages/airflow/example_dags/example_branch_python_dop_operator_3.py
[2025-11-13T10:53:10.828+0530] {logging_mixin.py:188} INFO - [2025-11-13T10:53:10.828+0530] {dag.py:3089} INFO - Sync 1 DAGs
[2025-11-13T10:53:10.851+0530] {logging_mixin.py:188} INFO - [2025-11-13T10:53:10.850+0530] {dag.py:3947} INFO - Setting next_dagrun for example_branch_dop_operator_v3 to 2025-11-13 05:22:00+00:00, run_after=2025-11-13 05:23:00+00:00
[2025-11-13T10:53:10.870+0530] {processor.py:183} INFO - Processing /home/logi/txtai/venv/lib/python3.10/site-packages/airflow/example_dags/example_branch_python_dop_operator_3.py took 0.107 seconds
[2025-11-13T10:53:42.179+0530] {processor.py:161} INFO - Started process (PID=22301) to work on /home/logi/txtai/venv/lib/python3.10/site-packages/airflow/example_dags/example_branch_python_dop_operator_3.py
[2025-11-13T10:53:42.181+0530] {processor.py:830} INFO - Processing file /home/logi/txtai/venv/lib/python3.10/site-packages/airflow/example_dags/example_branch_python_dop_operator_3.py for tasks to queue
[2025-11-13T10:53:42.184+0530] {logging_mixin.py:188} INFO - [2025-11-13T10:53:42.184+0530] {dagbag.py:545} INFO - Filling up the DagBag from /home/logi/txtai/venv/lib/python3.10/site-packages/airflow/example_dags/example_branch_python_dop_operator_3.py
[2025-11-13T10:53:42.202+0530] {processor.py:840} INFO - DAG(s) 'example_branch_dop_operator_v3' retrieved from /home/logi/txtai/venv/lib/python3.10/site-packages/airflow/example_dags/example_branch_python_dop_operator_3.py
[2025-11-13T10:53:42.255+0530] {logging_mixin.py:188} INFO - [2025-11-13T10:53:42.254+0530] {dag.py:3089} INFO - Sync 1 DAGs
[2025-11-13T10:53:42.303+0530] {logging_mixin.py:188} INFO - [2025-11-13T10:53:42.302+0530] {dag.py:3947} INFO - Setting next_dagrun for example_branch_dop_operator_v3 to 2025-11-13 05:22:00+00:00, run_after=2025-11-13 05:23:00+00:00
[2025-11-13T10:53:42.358+0530] {processor.py:183} INFO - Processing /home/logi/txtai/venv/lib/python3.10/site-packages/airflow/example_dags/example_branch_python_dop_operator_3.py took 0.189 seconds
[2025-11-13T10:54:13.471+0530] {processor.py:161} INFO - Started process (PID=22443) to work on /home/logi/txtai/venv/lib/python3.10/site-packages/airflow/example_dags/example_branch_python_dop_operator_3.py
[2025-11-13T10:54:13.473+0530] {processor.py:830} INFO - Processing file /home/logi/txtai/venv/lib/python3.10/site-packages/airflow/example_dags/example_branch_python_dop_operator_3.py for tasks to queue
[2025-11-13T10:54:13.476+0530] {logging_mixin.py:188} INFO - [2025-11-13T10:54:13.475+0530] {dagbag.py:545} INFO - Filling up the DagBag from /home/logi/txtai/venv/lib/python3.10/site-packages/airflow/example_dags/example_branch_python_dop_operator_3.py
[2025-11-13T10:54:13.490+0530] {processor.py:840} INFO - DAG(s) 'example_branch_dop_operator_v3' retrieved from /home/logi/txtai/venv/lib/python3.10/site-packages/airflow/example_dags/example_branch_python_dop_operator_3.py
[2025-11-13T10:54:13.545+0530] {logging_mixin.py:188} INFO - [2025-11-13T10:54:13.545+0530] {dag.py:3089} INFO - Sync 1 DAGs
[2025-11-13T10:54:13.591+0530] {logging_mixin.py:188} INFO - [2025-11-13T10:54:13.591+0530] {dag.py:3947} INFO - Setting next_dagrun for example_branch_dop_operator_v3 to 2025-11-13 05:23:00+00:00, run_after=2025-11-13 05:24:00+00:00
[2025-11-13T10:54:13.627+0530] {processor.py:183} INFO - Processing /home/logi/txtai/venv/lib/python3.10/site-packages/airflow/example_dags/example_branch_python_dop_operator_3.py took 0.167 seconds
[2025-11-13T10:54:44.783+0530] {processor.py:161} INFO - Started process (PID=22646) to work on /home/logi/txtai/venv/lib/python3.10/site-packages/airflow/example_dags/example_branch_python_dop_operator_3.py
[2025-11-13T10:54:44.784+0530] {processor.py:830} INFO - Processing file /home/logi/txtai/venv/lib/python3.10/site-packages/airflow/example_dags/example_branch_python_dop_operator_3.py for tasks to queue
[2025-11-13T10:54:44.786+0530] {logging_mixin.py:188} INFO - [2025-11-13T10:54:44.785+0530] {dagbag.py:545} INFO - Filling up the DagBag from /home/logi/txtai/venv/lib/python3.10/site-packages/airflow/example_dags/example_branch_python_dop_operator_3.py
[2025-11-13T10:54:44.793+0530] {processor.py:840} INFO - DAG(s) 'example_branch_dop_operator_v3' retrieved from /home/logi/txtai/venv/lib/python3.10/site-packages/airflow/example_dags/example_branch_python_dop_operator_3.py
[2025-11-13T10:54:44.830+0530] {logging_mixin.py:188} INFO - [2025-11-13T10:54:44.830+0530] {dag.py:3089} INFO - Sync 1 DAGs
[2025-11-13T10:54:44.859+0530] {logging_mixin.py:188} INFO - [2025-11-13T10:54:44.859+0530] {dag.py:3947} INFO - Setting next_dagrun for example_branch_dop_operator_v3 to 2025-11-13 05:23:00+00:00, run_after=2025-11-13 05:24:00+00:00
[2025-11-13T10:54:44.879+0530] {processor.py:183} INFO - Processing /home/logi/txtai/venv/lib/python3.10/site-packages/airflow/example_dags/example_branch_python_dop_operator_3.py took 0.101 seconds
[2025-11-13T10:55:16.307+0530] {processor.py:161} INFO - Started process (PID=22945) to work on /home/logi/txtai/venv/lib/python3.10/site-packages/airflow/example_dags/example_branch_python_dop_operator_3.py
[2025-11-13T10:55:16.309+0530] {processor.py:830} INFO - Processing file /home/logi/txtai/venv/lib/python3.10/site-packages/airflow/example_dags/example_branch_python_dop_operator_3.py for tasks to queue
[2025-11-13T10:55:16.311+0530] {logging_mixin.py:188} INFO - [2025-11-13T10:55:16.311+0530] {dagbag.py:545} INFO - Filling up the DagBag from /home/logi/txtai/venv/lib/python3.10/site-packages/airflow/example_dags/example_branch_python_dop_operator_3.py
[2025-11-13T10:55:16.325+0530] {processor.py:840} INFO - DAG(s) 'example_branch_dop_operator_v3' retrieved from /home/logi/txtai/venv/lib/python3.10/site-packages/airflow/example_dags/example_branch_python_dop_operator_3.py
[2025-11-13T10:55:16.381+0530] {logging_mixin.py:188} INFO - [2025-11-13T10:55:16.380+0530] {dag.py:3089} INFO - Sync 1 DAGs
[2025-11-13T10:55:16.427+0530] {logging_mixin.py:188} INFO - [2025-11-13T10:55:16.426+0530] {dag.py:3947} INFO - Setting next_dagrun for example_branch_dop_operator_v3 to 2025-11-13 05:24:00+00:00, run_after=2025-11-13 05:25:00+00:00
[2025-11-13T10:55:16.465+0530] {processor.py:183} INFO - Processing /home/logi/txtai/venv/lib/python3.10/site-packages/airflow/example_dags/example_branch_python_dop_operator_3.py took 0.169 seconds
[2025-11-13T10:55:47.919+0530] {processor.py:161} INFO - Started process (PID=23374) to work on /home/logi/txtai/venv/lib/python3.10/site-packages/airflow/example_dags/example_branch_python_dop_operator_3.py
[2025-11-13T10:55:47.921+0530] {processor.py:830} INFO - Processing file /home/logi/txtai/venv/lib/python3.10/site-packages/airflow/example_dags/example_branch_python_dop_operator_3.py for tasks to queue
[2025-11-13T10:55:47.923+0530] {logging_mixin.py:188} INFO - [2025-11-13T10:55:47.923+0530] {dagbag.py:545} INFO - Filling up the DagBag from /home/logi/txtai/venv/lib/python3.10/site-packages/airflow/example_dags/example_branch_python_dop_operator_3.py
[2025-11-13T10:55:47.932+0530] {processor.py:840} INFO - DAG(s) 'example_branch_dop_operator_v3' retrieved from /home/logi/txtai/venv/lib/python3.10/site-packages/airflow/example_dags/example_branch_python_dop_operator_3.py
[2025-11-13T10:55:47.983+0530] {logging_mixin.py:188} INFO - [2025-11-13T10:55:47.983+0530] {dag.py:3089} INFO - Sync 1 DAGs
[2025-11-13T10:55:48.031+0530] {logging_mixin.py:188} INFO - [2025-11-13T10:55:48.031+0530] {dag.py:3947} INFO - Setting next_dagrun for example_branch_dop_operator_v3 to 2025-11-13 05:24:00+00:00, run_after=2025-11-13 05:25:00+00:00
[2025-11-13T10:55:48.072+0530] {processor.py:183} INFO - Processing /home/logi/txtai/venv/lib/python3.10/site-packages/airflow/example_dags/example_branch_python_dop_operator_3.py took 0.162 seconds
[2025-11-13T10:56:19.160+0530] {processor.py:161} INFO - Started process (PID=23659) to work on /home/logi/txtai/venv/lib/python3.10/site-packages/airflow/example_dags/example_branch_python_dop_operator_3.py
[2025-11-13T10:56:19.162+0530] {processor.py:830} INFO - Processing file /home/logi/txtai/venv/lib/python3.10/site-packages/airflow/example_dags/example_branch_python_dop_operator_3.py for tasks to queue
[2025-11-13T10:56:19.165+0530] {logging_mixin.py:188} INFO - [2025-11-13T10:56:19.164+0530] {dagbag.py:545} INFO - Filling up the DagBag from /home/logi/txtai/venv/lib/python3.10/site-packages/airflow/example_dags/example_branch_python_dop_operator_3.py
[2025-11-13T10:56:19.178+0530] {processor.py:840} INFO - DAG(s) 'example_branch_dop_operator_v3' retrieved from /home/logi/txtai/venv/lib/python3.10/site-packages/airflow/example_dags/example_branch_python_dop_operator_3.py
[2025-11-13T10:56:19.233+0530] {logging_mixin.py:188} INFO - [2025-11-13T10:56:19.233+0530] {dag.py:3089} INFO - Sync 1 DAGs
[2025-11-13T10:56:19.278+0530] {logging_mixin.py:188} INFO - [2025-11-13T10:56:19.278+0530] {dag.py:3947} INFO - Setting next_dagrun for example_branch_dop_operator_v3 to 2025-11-13 05:25:00+00:00, run_after=2025-11-13 05:26:00+00:00
[2025-11-13T10:56:19.312+0530] {processor.py:183} INFO - Processing /home/logi/txtai/venv/lib/python3.10/site-packages/airflow/example_dags/example_branch_python_dop_operator_3.py took 0.162 seconds
[2025-11-13T10:56:50.572+0530] {processor.py:161} INFO - Started process (PID=23810) to work on /home/logi/txtai/venv/lib/python3.10/site-packages/airflow/example_dags/example_branch_python_dop_operator_3.py
[2025-11-13T10:56:50.573+0530] {processor.py:830} INFO - Processing file /home/logi/txtai/venv/lib/python3.10/site-packages/airflow/example_dags/example_branch_python_dop_operator_3.py for tasks to queue
[2025-11-13T10:56:50.576+0530] {logging_mixin.py:188} INFO - [2025-11-13T10:56:50.575+0530] {dagbag.py:545} INFO - Filling up the DagBag from /home/logi/txtai/venv/lib/python3.10/site-packages/airflow/example_dags/example_branch_python_dop_operator_3.py
[2025-11-13T10:56:50.587+0530] {processor.py:840} INFO - DAG(s) 'example_branch_dop_operator_v3' retrieved from /home/logi/txtai/venv/lib/python3.10/site-packages/airflow/example_dags/example_branch_python_dop_operator_3.py
[2025-11-13T10:56:50.636+0530] {logging_mixin.py:188} INFO - [2025-11-13T10:56:50.635+0530] {dag.py:3089} INFO - Sync 1 DAGs
[2025-11-13T10:56:50.682+0530] {logging_mixin.py:188} INFO - [2025-11-13T10:56:50.681+0530] {dag.py:3947} INFO - Setting next_dagrun for example_branch_dop_operator_v3 to 2025-11-13 05:25:00+00:00, run_after=2025-11-13 05:26:00+00:00
[2025-11-13T10:56:50.713+0530] {processor.py:183} INFO - Processing /home/logi/txtai/venv/lib/python3.10/site-packages/airflow/example_dags/example_branch_python_dop_operator_3.py took 0.151 seconds
[2025-11-13T10:57:21.218+0530] {processor.py:161} INFO - Started process (PID=23954) to work on /home/logi/txtai/venv/lib/python3.10/site-packages/airflow/example_dags/example_branch_python_dop_operator_3.py
[2025-11-13T10:57:21.220+0530] {processor.py:830} INFO - Processing file /home/logi/txtai/venv/lib/python3.10/site-packages/airflow/example_dags/example_branch_python_dop_operator_3.py for tasks to queue
[2025-11-13T10:57:21.222+0530] {logging_mixin.py:188} INFO - [2025-11-13T10:57:21.222+0530] {dagbag.py:545} INFO - Filling up the DagBag from /home/logi/txtai/venv/lib/python3.10/site-packages/airflow/example_dags/example_branch_python_dop_operator_3.py
[2025-11-13T10:57:21.236+0530] {processor.py:840} INFO - DAG(s) 'example_branch_dop_operator_v3' retrieved from /home/logi/txtai/venv/lib/python3.10/site-packages/airflow/example_dags/example_branch_python_dop_operator_3.py
[2025-11-13T10:57:21.293+0530] {logging_mixin.py:188} INFO - [2025-11-13T10:57:21.292+0530] {dag.py:3089} INFO - Sync 1 DAGs
[2025-11-13T10:57:21.343+0530] {logging_mixin.py:188} INFO - [2025-11-13T10:57:21.343+0530] {dag.py:3947} INFO - Setting next_dagrun for example_branch_dop_operator_v3 to 2025-11-13 05:26:00+00:00, run_after=2025-11-13 05:27:00+00:00
[2025-11-13T10:57:21.383+0530] {processor.py:183} INFO - Processing /home/logi/txtai/venv/lib/python3.10/site-packages/airflow/example_dags/example_branch_python_dop_operator_3.py took 0.176 seconds
[2025-11-13T10:57:52.700+0530] {processor.py:161} INFO - Started process (PID=24096) to work on /home/logi/txtai/venv/lib/python3.10/site-packages/airflow/example_dags/example_branch_python_dop_operator_3.py
[2025-11-13T10:57:52.702+0530] {processor.py:830} INFO - Processing file /home/logi/txtai/venv/lib/python3.10/site-packages/airflow/example_dags/example_branch_python_dop_operator_3.py for tasks to queue
[2025-11-13T10:57:52.704+0530] {logging_mixin.py:188} INFO - [2025-11-13T10:57:52.704+0530] {dagbag.py:545} INFO - Filling up the DagBag from /home/logi/txtai/venv/lib/python3.10/site-packages/airflow/example_dags/example_branch_python_dop_operator_3.py
[2025-11-13T10:57:52.718+0530] {processor.py:840} INFO - DAG(s) 'example_branch_dop_operator_v3' retrieved from /home/logi/txtai/venv/lib/python3.10/site-packages/airflow/example_dags/example_branch_python_dop_operator_3.py
[2025-11-13T10:57:52.775+0530] {logging_mixin.py:188} INFO - [2025-11-13T10:57:52.774+0530] {dag.py:3089} INFO - Sync 1 DAGs
[2025-11-13T10:57:52.821+0530] {logging_mixin.py:188} INFO - [2025-11-13T10:57:52.820+0530] {dag.py:3947} INFO - Setting next_dagrun for example_branch_dop_operator_v3 to 2025-11-13 05:26:00+00:00, run_after=2025-11-13 05:27:00+00:00
[2025-11-13T10:57:52.859+0530] {processor.py:183} INFO - Processing /home/logi/txtai/venv/lib/python3.10/site-packages/airflow/example_dags/example_branch_python_dop_operator_3.py took 0.170 seconds
[2025-11-13T10:58:23.913+0530] {processor.py:161} INFO - Started process (PID=24239) to work on /home/logi/txtai/venv/lib/python3.10/site-packages/airflow/example_dags/example_branch_python_dop_operator_3.py
[2025-11-13T10:58:23.915+0530] {processor.py:830} INFO - Processing file /home/logi/txtai/venv/lib/python3.10/site-packages/airflow/example_dags/example_branch_python_dop_operator_3.py for tasks to queue
[2025-11-13T10:58:23.918+0530] {logging_mixin.py:188} INFO - [2025-11-13T10:58:23.917+0530] {dagbag.py:545} INFO - Filling up the DagBag from /home/logi/txtai/venv/lib/python3.10/site-packages/airflow/example_dags/example_branch_python_dop_operator_3.py
[2025-11-13T10:58:23.936+0530] {processor.py:840} INFO - DAG(s) 'example_branch_dop_operator_v3' retrieved from /home/logi/txtai/venv/lib/python3.10/site-packages/airflow/example_dags/example_branch_python_dop_operator_3.py
[2025-11-13T10:58:23.997+0530] {logging_mixin.py:188} INFO - [2025-11-13T10:58:23.996+0530] {dag.py:3089} INFO - Sync 1 DAGs
[2025-11-13T10:58:24.055+0530] {logging_mixin.py:188} INFO - [2025-11-13T10:58:24.054+0530] {dag.py:3947} INFO - Setting next_dagrun for example_branch_dop_operator_v3 to 2025-11-13 05:27:00+00:00, run_after=2025-11-13 05:28:00+00:00
[2025-11-13T10:58:24.095+0530] {processor.py:183} INFO - Processing /home/logi/txtai/venv/lib/python3.10/site-packages/airflow/example_dags/example_branch_python_dop_operator_3.py took 0.192 seconds
[2025-11-13T10:58:55.568+0530] {processor.py:161} INFO - Started process (PID=24382) to work on /home/logi/txtai/venv/lib/python3.10/site-packages/airflow/example_dags/example_branch_python_dop_operator_3.py
[2025-11-13T10:58:55.570+0530] {processor.py:830} INFO - Processing file /home/logi/txtai/venv/lib/python3.10/site-packages/airflow/example_dags/example_branch_python_dop_operator_3.py for tasks to queue
[2025-11-13T10:58:55.572+0530] {logging_mixin.py:188} INFO - [2025-11-13T10:58:55.572+0530] {dagbag.py:545} INFO - Filling up the DagBag from /home/logi/txtai/venv/lib/python3.10/site-packages/airflow/example_dags/example_branch_python_dop_operator_3.py
[2025-11-13T10:58:55.587+0530] {processor.py:840} INFO - DAG(s) 'example_branch_dop_operator_v3' retrieved from /home/logi/txtai/venv/lib/python3.10/site-packages/airflow/example_dags/example_branch_python_dop_operator_3.py
[2025-11-13T10:58:55.647+0530] {logging_mixin.py:188} INFO - [2025-11-13T10:58:55.646+0530] {dag.py:3089} INFO - Sync 1 DAGs
[2025-11-13T10:58:55.698+0530] {logging_mixin.py:188} INFO - [2025-11-13T10:58:55.698+0530] {dag.py:3947} INFO - Setting next_dagrun for example_branch_dop_operator_v3 to 2025-11-13 05:27:00+00:00, run_after=2025-11-13 05:28:00+00:00
[2025-11-13T10:58:55.741+0530] {processor.py:183} INFO - Processing /home/logi/txtai/venv/lib/python3.10/site-packages/airflow/example_dags/example_branch_python_dop_operator_3.py took 0.185 seconds
[2025-11-13T10:59:26.985+0530] {processor.py:161} INFO - Started process (PID=24586) to work on /home/logi/txtai/venv/lib/python3.10/site-packages/airflow/example_dags/example_branch_python_dop_operator_3.py
[2025-11-13T10:59:26.986+0530] {processor.py:830} INFO - Processing file /home/logi/txtai/venv/lib/python3.10/site-packages/airflow/example_dags/example_branch_python_dop_operator_3.py for tasks to queue
[2025-11-13T10:59:26.988+0530] {logging_mixin.py:188} INFO - [2025-11-13T10:59:26.988+0530] {dagbag.py:545} INFO - Filling up the DagBag from /home/logi/txtai/venv/lib/python3.10/site-packages/airflow/example_dags/example_branch_python_dop_operator_3.py
[2025-11-13T10:59:26.996+0530] {processor.py:840} INFO - DAG(s) 'example_branch_dop_operator_v3' retrieved from /home/logi/txtai/venv/lib/python3.10/site-packages/airflow/example_dags/example_branch_python_dop_operator_3.py
[2025-11-13T10:59:27.048+0530] {logging_mixin.py:188} INFO - [2025-11-13T10:59:27.047+0530] {dag.py:3089} INFO - Sync 1 DAGs
[2025-11-13T10:59:27.093+0530] {logging_mixin.py:188} INFO - [2025-11-13T10:59:27.093+0530] {dag.py:3947} INFO - Setting next_dagrun for example_branch_dop_operator_v3 to 2025-11-13 05:28:00+00:00, run_after=2025-11-13 05:29:00+00:00
[2025-11-13T10:59:27.139+0530] {processor.py:183} INFO - Processing /home/logi/txtai/venv/lib/python3.10/site-packages/airflow/example_dags/example_branch_python_dop_operator_3.py took 0.160 seconds
[2025-11-13T10:59:58.013+0530] {processor.py:161} INFO - Started process (PID=24756) to work on /home/logi/txtai/venv/lib/python3.10/site-packages/airflow/example_dags/example_branch_python_dop_operator_3.py
[2025-11-13T10:59:58.015+0530] {processor.py:830} INFO - Processing file /home/logi/txtai/venv/lib/python3.10/site-packages/airflow/example_dags/example_branch_python_dop_operator_3.py for tasks to queue
[2025-11-13T10:59:58.017+0530] {logging_mixin.py:188} INFO - [2025-11-13T10:59:58.017+0530] {dagbag.py:545} INFO - Filling up the DagBag from /home/logi/txtai/venv/lib/python3.10/site-packages/airflow/example_dags/example_branch_python_dop_operator_3.py
[2025-11-13T10:59:58.031+0530] {processor.py:840} INFO - DAG(s) 'example_branch_dop_operator_v3' retrieved from /home/logi/txtai/venv/lib/python3.10/site-packages/airflow/example_dags/example_branch_python_dop_operator_3.py
[2025-11-13T10:59:58.087+0530] {logging_mixin.py:188} INFO - [2025-11-13T10:59:58.087+0530] {dag.py:3089} INFO - Sync 1 DAGs
[2025-11-13T10:59:58.133+0530] {logging_mixin.py:188} INFO - [2025-11-13T10:59:58.132+0530] {dag.py:3947} INFO - Setting next_dagrun for example_branch_dop_operator_v3 to 2025-11-13 05:28:00+00:00, run_after=2025-11-13 05:29:00+00:00
[2025-11-13T10:59:58.179+0530] {processor.py:183} INFO - Processing /home/logi/txtai/venv/lib/python3.10/site-packages/airflow/example_dags/example_branch_python_dop_operator_3.py took 0.177 seconds
[2025-11-13T11:00:28.761+0530] {processor.py:161} INFO - Started process (PID=25283) to work on /home/logi/txtai/venv/lib/python3.10/site-packages/airflow/example_dags/example_branch_python_dop_operator_3.py
[2025-11-13T11:00:28.762+0530] {processor.py:830} INFO - Processing file /home/logi/txtai/venv/lib/python3.10/site-packages/airflow/example_dags/example_branch_python_dop_operator_3.py for tasks to queue
[2025-11-13T11:00:28.764+0530] {logging_mixin.py:188} INFO - [2025-11-13T11:00:28.764+0530] {dagbag.py:545} INFO - Filling up the DagBag from /home/logi/txtai/venv/lib/python3.10/site-packages/airflow/example_dags/example_branch_python_dop_operator_3.py
[2025-11-13T11:00:28.777+0530] {processor.py:840} INFO - DAG(s) 'example_branch_dop_operator_v3' retrieved from /home/logi/txtai/venv/lib/python3.10/site-packages/airflow/example_dags/example_branch_python_dop_operator_3.py
[2025-11-13T11:00:28.819+0530] {logging_mixin.py:188} INFO - [2025-11-13T11:00:28.819+0530] {dag.py:3089} INFO - Sync 1 DAGs
[2025-11-13T11:00:28.848+0530] {logging_mixin.py:188} INFO - [2025-11-13T11:00:28.848+0530] {dag.py:3947} INFO - Setting next_dagrun for example_branch_dop_operator_v3 to 2025-11-13 05:29:00+00:00, run_after=2025-11-13 05:30:00+00:00
[2025-11-13T11:00:29.034+0530] {processor.py:183} INFO - Processing /home/logi/txtai/venv/lib/python3.10/site-packages/airflow/example_dags/example_branch_python_dop_operator_3.py took 0.279 seconds
[2025-11-13T11:01:00.518+0530] {processor.py:161} INFO - Started process (PID=25632) to work on /home/logi/txtai/venv/lib/python3.10/site-packages/airflow/example_dags/example_branch_python_dop_operator_3.py
[2025-11-13T11:01:00.520+0530] {processor.py:830} INFO - Processing file /home/logi/txtai/venv/lib/python3.10/site-packages/airflow/example_dags/example_branch_python_dop_operator_3.py for tasks to queue
[2025-11-13T11:01:00.523+0530] {logging_mixin.py:188} INFO - [2025-11-13T11:01:00.523+0530] {dagbag.py:545} INFO - Filling up the DagBag from /home/logi/txtai/venv/lib/python3.10/site-packages/airflow/example_dags/example_branch_python_dop_operator_3.py
[2025-11-13T11:01:00.538+0530] {processor.py:840} INFO - DAG(s) 'example_branch_dop_operator_v3' retrieved from /home/logi/txtai/venv/lib/python3.10/site-packages/airflow/example_dags/example_branch_python_dop_operator_3.py
[2025-11-13T11:01:00.584+0530] {logging_mixin.py:188} INFO - [2025-11-13T11:01:00.583+0530] {dag.py:3089} INFO - Sync 1 DAGs
[2025-11-13T11:01:00.627+0530] {logging_mixin.py:188} INFO - [2025-11-13T11:01:00.627+0530] {dag.py:3947} INFO - Setting next_dagrun for example_branch_dop_operator_v3 to 2025-11-13 05:30:00+00:00, run_after=2025-11-13 05:31:00+00:00
[2025-11-13T11:01:00.684+0530] {processor.py:183} INFO - Processing /home/logi/txtai/venv/lib/python3.10/site-packages/airflow/example_dags/example_branch_python_dop_operator_3.py took 0.178 seconds
[2025-11-13T11:01:32.039+0530] {processor.py:161} INFO - Started process (PID=25775) to work on /home/logi/txtai/venv/lib/python3.10/site-packages/airflow/example_dags/example_branch_python_dop_operator_3.py
[2025-11-13T11:01:32.041+0530] {processor.py:830} INFO - Processing file /home/logi/txtai/venv/lib/python3.10/site-packages/airflow/example_dags/example_branch_python_dop_operator_3.py for tasks to queue
[2025-11-13T11:01:32.043+0530] {logging_mixin.py:188} INFO - [2025-11-13T11:01:32.043+0530] {dagbag.py:545} INFO - Filling up the DagBag from /home/logi/txtai/venv/lib/python3.10/site-packages/airflow/example_dags/example_branch_python_dop_operator_3.py
[2025-11-13T11:01:32.057+0530] {processor.py:840} INFO - DAG(s) 'example_branch_dop_operator_v3' retrieved from /home/logi/txtai/venv/lib/python3.10/site-packages/airflow/example_dags/example_branch_python_dop_operator_3.py
[2025-11-13T11:01:32.110+0530] {logging_mixin.py:188} INFO - [2025-11-13T11:01:32.109+0530] {dag.py:3089} INFO - Sync 1 DAGs
[2025-11-13T11:01:32.154+0530] {logging_mixin.py:188} INFO - [2025-11-13T11:01:32.153+0530] {dag.py:3947} INFO - Setting next_dagrun for example_branch_dop_operator_v3 to 2025-11-13 05:30:00+00:00, run_after=2025-11-13 05:31:00+00:00
[2025-11-13T11:01:32.203+0530] {processor.py:183} INFO - Processing /home/logi/txtai/venv/lib/python3.10/site-packages/airflow/example_dags/example_branch_python_dop_operator_3.py took 0.175 seconds
[2025-11-13T11:02:02.696+0530] {processor.py:161} INFO - Started process (PID=25929) to work on /home/logi/txtai/venv/lib/python3.10/site-packages/airflow/example_dags/example_branch_python_dop_operator_3.py
[2025-11-13T11:02:02.697+0530] {processor.py:830} INFO - Processing file /home/logi/txtai/venv/lib/python3.10/site-packages/airflow/example_dags/example_branch_python_dop_operator_3.py for tasks to queue
[2025-11-13T11:02:02.700+0530] {logging_mixin.py:188} INFO - [2025-11-13T11:02:02.700+0530] {dagbag.py:545} INFO - Filling up the DagBag from /home/logi/txtai/venv/lib/python3.10/site-packages/airflow/example_dags/example_branch_python_dop_operator_3.py
[2025-11-13T11:02:02.714+0530] {processor.py:840} INFO - DAG(s) 'example_branch_dop_operator_v3' retrieved from /home/logi/txtai/venv/lib/python3.10/site-packages/airflow/example_dags/example_branch_python_dop_operator_3.py
[2025-11-13T11:02:02.769+0530] {logging_mixin.py:188} INFO - [2025-11-13T11:02:02.768+0530] {dag.py:3089} INFO - Sync 1 DAGs
[2025-11-13T11:02:02.814+0530] {logging_mixin.py:188} INFO - [2025-11-13T11:02:02.814+0530] {dag.py:3947} INFO - Setting next_dagrun for example_branch_dop_operator_v3 to 2025-11-13 05:31:00+00:00, run_after=2025-11-13 05:32:00+00:00
[2025-11-13T11:02:02.860+0530] {processor.py:183} INFO - Processing /home/logi/txtai/venv/lib/python3.10/site-packages/airflow/example_dags/example_branch_python_dop_operator_3.py took 0.175 seconds
[2025-11-13T11:02:33.134+0530] {processor.py:161} INFO - Started process (PID=26116) to work on /home/logi/txtai/venv/lib/python3.10/site-packages/airflow/example_dags/example_branch_python_dop_operator_3.py
[2025-11-13T11:02:33.136+0530] {processor.py:830} INFO - Processing file /home/logi/txtai/venv/lib/python3.10/site-packages/airflow/example_dags/example_branch_python_dop_operator_3.py for tasks to queue
[2025-11-13T11:02:33.138+0530] {logging_mixin.py:188} INFO - [2025-11-13T11:02:33.138+0530] {dagbag.py:545} INFO - Filling up the DagBag from /home/logi/txtai/venv/lib/python3.10/site-packages/airflow/example_dags/example_branch_python_dop_operator_3.py
[2025-11-13T11:02:33.152+0530] {processor.py:840} INFO - DAG(s) 'example_branch_dop_operator_v3' retrieved from /home/logi/txtai/venv/lib/python3.10/site-packages/airflow/example_dags/example_branch_python_dop_operator_3.py
[2025-11-13T11:02:33.208+0530] {logging_mixin.py:188} INFO - [2025-11-13T11:02:33.207+0530] {dag.py:3089} INFO - Sync 1 DAGs
[2025-11-13T11:02:33.253+0530] {logging_mixin.py:188} INFO - [2025-11-13T11:02:33.252+0530] {dag.py:3947} INFO - Setting next_dagrun for example_branch_dop_operator_v3 to 2025-11-13 05:31:00+00:00, run_after=2025-11-13 05:32:00+00:00
[2025-11-13T11:02:33.302+0530] {processor.py:183} INFO - Processing /home/logi/txtai/venv/lib/python3.10/site-packages/airflow/example_dags/example_branch_python_dop_operator_3.py took 0.179 seconds
[2025-11-13T11:03:03.856+0530] {processor.py:161} INFO - Started process (PID=26263) to work on /home/logi/txtai/venv/lib/python3.10/site-packages/airflow/example_dags/example_branch_python_dop_operator_3.py
[2025-11-13T11:03:03.858+0530] {processor.py:830} INFO - Processing file /home/logi/txtai/venv/lib/python3.10/site-packages/airflow/example_dags/example_branch_python_dop_operator_3.py for tasks to queue
[2025-11-13T11:03:03.861+0530] {logging_mixin.py:188} INFO - [2025-11-13T11:03:03.861+0530] {dagbag.py:545} INFO - Filling up the DagBag from /home/logi/txtai/venv/lib/python3.10/site-packages/airflow/example_dags/example_branch_python_dop_operator_3.py
[2025-11-13T11:03:03.871+0530] {processor.py:840} INFO - DAG(s) 'example_branch_dop_operator_v3' retrieved from /home/logi/txtai/venv/lib/python3.10/site-packages/airflow/example_dags/example_branch_python_dop_operator_3.py
[2025-11-13T11:03:03.902+0530] {logging_mixin.py:188} INFO - [2025-11-13T11:03:03.901+0530] {dag.py:3089} INFO - Sync 1 DAGs
[2025-11-13T11:03:03.928+0530] {logging_mixin.py:188} INFO - [2025-11-13T11:03:03.928+0530] {dag.py:3947} INFO - Setting next_dagrun for example_branch_dop_operator_v3 to 2025-11-13 05:32:00+00:00, run_after=2025-11-13 05:33:00+00:00
[2025-11-13T11:03:03.952+0530] {processor.py:183} INFO - Processing /home/logi/txtai/venv/lib/python3.10/site-packages/airflow/example_dags/example_branch_python_dop_operator_3.py took 0.103 seconds
[2025-11-13T11:03:34.681+0530] {processor.py:161} INFO - Started process (PID=26405) to work on /home/logi/txtai/venv/lib/python3.10/site-packages/airflow/example_dags/example_branch_python_dop_operator_3.py
[2025-11-13T11:03:34.683+0530] {processor.py:830} INFO - Processing file /home/logi/txtai/venv/lib/python3.10/site-packages/airflow/example_dags/example_branch_python_dop_operator_3.py for tasks to queue
[2025-11-13T11:03:34.685+0530] {logging_mixin.py:188} INFO - [2025-11-13T11:03:34.685+0530] {dagbag.py:545} INFO - Filling up the DagBag from /home/logi/txtai/venv/lib/python3.10/site-packages/airflow/example_dags/example_branch_python_dop_operator_3.py
[2025-11-13T11:03:34.699+0530] {processor.py:840} INFO - DAG(s) 'example_branch_dop_operator_v3' retrieved from /home/logi/txtai/venv/lib/python3.10/site-packages/airflow/example_dags/example_branch_python_dop_operator_3.py
[2025-11-13T11:03:34.757+0530] {logging_mixin.py:188} INFO - [2025-11-13T11:03:34.756+0530] {dag.py:3089} INFO - Sync 1 DAGs
[2025-11-13T11:03:34.803+0530] {logging_mixin.py:188} INFO - [2025-11-13T11:03:34.803+0530] {dag.py:3947} INFO - Setting next_dagrun for example_branch_dop_operator_v3 to 2025-11-13 05:32:00+00:00, run_after=2025-11-13 05:33:00+00:00
[2025-11-13T11:03:34.837+0530] {processor.py:183} INFO - Processing /home/logi/txtai/venv/lib/python3.10/site-packages/airflow/example_dags/example_branch_python_dop_operator_3.py took 0.168 seconds
[2025-11-13T11:04:05.584+0530] {processor.py:161} INFO - Started process (PID=26547) to work on /home/logi/txtai/venv/lib/python3.10/site-packages/airflow/example_dags/example_branch_python_dop_operator_3.py
[2025-11-13T11:04:05.585+0530] {processor.py:830} INFO - Processing file /home/logi/txtai/venv/lib/python3.10/site-packages/airflow/example_dags/example_branch_python_dop_operator_3.py for tasks to queue
[2025-11-13T11:04:05.588+0530] {logging_mixin.py:188} INFO - [2025-11-13T11:04:05.587+0530] {dagbag.py:545} INFO - Filling up the DagBag from /home/logi/txtai/venv/lib/python3.10/site-packages/airflow/example_dags/example_branch_python_dop_operator_3.py
[2025-11-13T11:04:05.600+0530] {processor.py:840} INFO - DAG(s) 'example_branch_dop_operator_v3' retrieved from /home/logi/txtai/venv/lib/python3.10/site-packages/airflow/example_dags/example_branch_python_dop_operator_3.py
[2025-11-13T11:04:05.652+0530] {logging_mixin.py:188} INFO - [2025-11-13T11:04:05.652+0530] {dag.py:3089} INFO - Sync 1 DAGs
[2025-11-13T11:04:05.689+0530] {logging_mixin.py:188} INFO - [2025-11-13T11:04:05.689+0530] {dag.py:3947} INFO - Setting next_dagrun for example_branch_dop_operator_v3 to 2025-11-13 05:33:00+00:00, run_after=2025-11-13 05:34:00+00:00
[2025-11-13T11:04:05.721+0530] {processor.py:183} INFO - Processing /home/logi/txtai/venv/lib/python3.10/site-packages/airflow/example_dags/example_branch_python_dop_operator_3.py took 0.148 seconds
[2025-11-13T11:04:36.318+0530] {processor.py:161} INFO - Started process (PID=26690) to work on /home/logi/txtai/venv/lib/python3.10/site-packages/airflow/example_dags/example_branch_python_dop_operator_3.py
[2025-11-13T11:04:36.320+0530] {processor.py:830} INFO - Processing file /home/logi/txtai/venv/lib/python3.10/site-packages/airflow/example_dags/example_branch_python_dop_operator_3.py for tasks to queue
[2025-11-13T11:04:36.322+0530] {logging_mixin.py:188} INFO - [2025-11-13T11:04:36.322+0530] {dagbag.py:545} INFO - Filling up the DagBag from /home/logi/txtai/venv/lib/python3.10/site-packages/airflow/example_dags/example_branch_python_dop_operator_3.py
[2025-11-13T11:04:36.336+0530] {processor.py:840} INFO - DAG(s) 'example_branch_dop_operator_v3' retrieved from /home/logi/txtai/venv/lib/python3.10/site-packages/airflow/example_dags/example_branch_python_dop_operator_3.py
[2025-11-13T11:04:36.393+0530] {logging_mixin.py:188} INFO - [2025-11-13T11:04:36.392+0530] {dag.py:3089} INFO - Sync 1 DAGs
[2025-11-13T11:04:36.438+0530] {logging_mixin.py:188} INFO - [2025-11-13T11:04:36.438+0530] {dag.py:3947} INFO - Setting next_dagrun for example_branch_dop_operator_v3 to 2025-11-13 05:33:00+00:00, run_after=2025-11-13 05:34:00+00:00
[2025-11-13T11:04:36.482+0530] {processor.py:183} INFO - Processing /home/logi/txtai/venv/lib/python3.10/site-packages/airflow/example_dags/example_branch_python_dop_operator_3.py took 0.175 seconds
[2025-11-13T11:05:07.302+0530] {processor.py:161} INFO - Started process (PID=26834) to work on /home/logi/txtai/venv/lib/python3.10/site-packages/airflow/example_dags/example_branch_python_dop_operator_3.py
[2025-11-13T11:05:07.304+0530] {processor.py:830} INFO - Processing file /home/logi/txtai/venv/lib/python3.10/site-packages/airflow/example_dags/example_branch_python_dop_operator_3.py for tasks to queue
[2025-11-13T11:05:07.308+0530] {logging_mixin.py:188} INFO - [2025-11-13T11:05:07.308+0530] {dagbag.py:545} INFO - Filling up the DagBag from /home/logi/txtai/venv/lib/python3.10/site-packages/airflow/example_dags/example_branch_python_dop_operator_3.py
[2025-11-13T11:05:07.320+0530] {processor.py:840} INFO - DAG(s) 'example_branch_dop_operator_v3' retrieved from /home/logi/txtai/venv/lib/python3.10/site-packages/airflow/example_dags/example_branch_python_dop_operator_3.py
[2025-11-13T11:05:07.379+0530] {logging_mixin.py:188} INFO - [2025-11-13T11:05:07.378+0530] {dag.py:3089} INFO - Sync 1 DAGs
[2025-11-13T11:05:07.435+0530] {logging_mixin.py:188} INFO - [2025-11-13T11:05:07.435+0530] {dag.py:3947} INFO - Setting next_dagrun for example_branch_dop_operator_v3 to 2025-11-13 05:34:00+00:00, run_after=2025-11-13 05:35:00+00:00
[2025-11-13T11:05:07.489+0530] {processor.py:183} INFO - Processing /home/logi/txtai/venv/lib/python3.10/site-packages/airflow/example_dags/example_branch_python_dop_operator_3.py took 0.200 seconds
