[2025-11-13T05:51:01.226+0530] {processor.py:161} INFO - Started process (PID=6831) to work on /home/logi/txtai/venv/lib/python3.10/site-packages/airflow/example_dags/example_short_circuit_decorator.py
[2025-11-13T05:51:01.228+0530] {processor.py:830} INFO - Processing file /home/logi/txtai/venv/lib/python3.10/site-packages/airflow/example_dags/example_short_circuit_decorator.py for tasks to queue
[2025-11-13T05:51:01.231+0530] {logging_mixin.py:188} INFO - [2025-11-13T05:51:01.230+0530] {dagbag.py:545} INFO - Filling up the DagBag from /home/logi/txtai/venv/lib/python3.10/site-packages/airflow/example_dags/example_short_circuit_decorator.py
[2025-11-13T05:51:01.246+0530] {processor.py:840} INFO - DAG(s) 'example_short_circuit_decorator' retrieved from /home/logi/txtai/venv/lib/python3.10/site-packages/airflow/example_dags/example_short_circuit_decorator.py
[2025-11-13T05:51:01.318+0530] {logging_mixin.py:188} INFO - [2025-11-13T05:51:01.317+0530] {dag.py:3089} INFO - Sync 1 DAGs
[2025-11-13T05:51:01.332+0530] {logging_mixin.py:188} INFO - [2025-11-13T05:51:01.332+0530] {dag.py:3947} INFO - Setting next_dagrun for example_short_circuit_decorator to 2025-11-12 00:00:00+00:00, run_after=2025-11-13 00:00:00+00:00
[2025-11-13T05:51:01.362+0530] {processor.py:183} INFO - Processing /home/logi/txtai/venv/lib/python3.10/site-packages/airflow/example_dags/example_short_circuit_decorator.py took 0.147 seconds
[2025-11-13T05:52:52.894+0530] {processor.py:161} INFO - Started process (PID=8104) to work on /home/logi/txtai/venv/lib/python3.10/site-packages/airflow/example_dags/example_short_circuit_decorator.py
[2025-11-13T05:52:52.907+0530] {processor.py:830} INFO - Processing file /home/logi/txtai/venv/lib/python3.10/site-packages/airflow/example_dags/example_short_circuit_decorator.py for tasks to queue
[2025-11-13T05:52:52.911+0530] {logging_mixin.py:188} INFO - [2025-11-13T05:52:52.910+0530] {dagbag.py:545} INFO - Filling up the DagBag from /home/logi/txtai/venv/lib/python3.10/site-packages/airflow/example_dags/example_short_circuit_decorator.py
[2025-11-13T05:52:52.926+0530] {processor.py:840} INFO - DAG(s) 'example_short_circuit_decorator' retrieved from /home/logi/txtai/venv/lib/python3.10/site-packages/airflow/example_dags/example_short_circuit_decorator.py
[2025-11-13T05:52:52.956+0530] {logging_mixin.py:188} INFO - [2025-11-13T05:52:52.956+0530] {dag.py:3089} INFO - Sync 1 DAGs
[2025-11-13T05:52:52.973+0530] {logging_mixin.py:188} INFO - [2025-11-13T05:52:52.972+0530] {dag.py:3947} INFO - Setting next_dagrun for example_short_circuit_decorator to 2025-11-12 00:00:00+00:00, run_after=2025-11-13 00:00:00+00:00
[2025-11-13T05:52:52.994+0530] {processor.py:183} INFO - Processing /home/logi/txtai/venv/lib/python3.10/site-packages/airflow/example_dags/example_short_circuit_decorator.py took 0.111 seconds
[2025-11-13T05:56:39.643+0530] {processor.py:161} INFO - Started process (PID=10384) to work on /home/logi/txtai/venv/lib/python3.10/site-packages/airflow/example_dags/example_short_circuit_decorator.py
[2025-11-13T05:56:39.646+0530] {processor.py:830} INFO - Processing file /home/logi/txtai/venv/lib/python3.10/site-packages/airflow/example_dags/example_short_circuit_decorator.py for tasks to queue
[2025-11-13T05:56:39.652+0530] {logging_mixin.py:188} INFO - [2025-11-13T05:56:39.652+0530] {dagbag.py:545} INFO - Filling up the DagBag from /home/logi/txtai/venv/lib/python3.10/site-packages/airflow/example_dags/example_short_circuit_decorator.py
[2025-11-13T05:56:39.670+0530] {processor.py:840} INFO - DAG(s) 'example_short_circuit_decorator' retrieved from /home/logi/txtai/venv/lib/python3.10/site-packages/airflow/example_dags/example_short_circuit_decorator.py
[2025-11-13T05:56:39.699+0530] {logging_mixin.py:188} INFO - [2025-11-13T05:56:39.698+0530] {dag.py:3089} INFO - Sync 1 DAGs
[2025-11-13T05:56:39.726+0530] {logging_mixin.py:188} INFO - [2025-11-13T05:56:39.726+0530] {dag.py:3947} INFO - Setting next_dagrun for example_short_circuit_decorator to 2025-11-12 00:00:00+00:00, run_after=2025-11-13 00:00:00+00:00
[2025-11-13T05:56:39.755+0530] {processor.py:183} INFO - Processing /home/logi/txtai/venv/lib/python3.10/site-packages/airflow/example_dags/example_short_circuit_decorator.py took 0.135 seconds
[2025-11-13T05:58:46.597+0530] {processor.py:161} INFO - Started process (PID=11566) to work on /home/logi/txtai/venv/lib/python3.10/site-packages/airflow/example_dags/example_short_circuit_decorator.py
[2025-11-13T05:58:46.610+0530] {processor.py:830} INFO - Processing file /home/logi/txtai/venv/lib/python3.10/site-packages/airflow/example_dags/example_short_circuit_decorator.py for tasks to queue
[2025-11-13T05:58:46.614+0530] {logging_mixin.py:188} INFO - [2025-11-13T05:58:46.614+0530] {dagbag.py:545} INFO - Filling up the DagBag from /home/logi/txtai/venv/lib/python3.10/site-packages/airflow/example_dags/example_short_circuit_decorator.py
[2025-11-13T05:58:46.624+0530] {processor.py:840} INFO - DAG(s) 'example_short_circuit_decorator' retrieved from /home/logi/txtai/venv/lib/python3.10/site-packages/airflow/example_dags/example_short_circuit_decorator.py
[2025-11-13T05:58:46.643+0530] {logging_mixin.py:188} INFO - [2025-11-13T05:58:46.643+0530] {dag.py:3089} INFO - Sync 1 DAGs
[2025-11-13T05:58:46.662+0530] {logging_mixin.py:188} INFO - [2025-11-13T05:58:46.661+0530] {dag.py:3947} INFO - Setting next_dagrun for example_short_circuit_decorator to 2025-11-12 00:00:00+00:00, run_after=2025-11-13 00:00:00+00:00
[2025-11-13T05:58:46.682+0530] {processor.py:183} INFO - Processing /home/logi/txtai/venv/lib/python3.10/site-packages/airflow/example_dags/example_short_circuit_decorator.py took 0.093 seconds
[2025-11-13T06:00:46.536+0530] {processor.py:161} INFO - Started process (PID=12931) to work on /home/logi/txtai/venv/lib/python3.10/site-packages/airflow/example_dags/example_short_circuit_decorator.py
[2025-11-13T06:00:46.537+0530] {processor.py:830} INFO - Processing file /home/logi/txtai/venv/lib/python3.10/site-packages/airflow/example_dags/example_short_circuit_decorator.py for tasks to queue
[2025-11-13T06:00:46.540+0530] {logging_mixin.py:188} INFO - [2025-11-13T06:00:46.539+0530] {dagbag.py:545} INFO - Filling up the DagBag from /home/logi/txtai/venv/lib/python3.10/site-packages/airflow/example_dags/example_short_circuit_decorator.py
[2025-11-13T06:00:46.553+0530] {processor.py:840} INFO - DAG(s) 'example_short_circuit_decorator' retrieved from /home/logi/txtai/venv/lib/python3.10/site-packages/airflow/example_dags/example_short_circuit_decorator.py
[2025-11-13T06:00:46.575+0530] {logging_mixin.py:188} INFO - [2025-11-13T06:00:46.574+0530] {dag.py:3089} INFO - Sync 1 DAGs
[2025-11-13T06:00:46.595+0530] {logging_mixin.py:188} INFO - [2025-11-13T06:00:46.594+0530] {dag.py:3947} INFO - Setting next_dagrun for example_short_circuit_decorator to 2025-11-12 00:00:00+00:00, run_after=2025-11-13 00:00:00+00:00
[2025-11-13T06:00:46.618+0530] {processor.py:183} INFO - Processing /home/logi/txtai/venv/lib/python3.10/site-packages/airflow/example_dags/example_short_circuit_decorator.py took 0.093 seconds
[2025-11-13T06:03:06.827+0530] {processor.py:161} INFO - Started process (PID=14582) to work on /home/logi/txtai/venv/lib/python3.10/site-packages/airflow/example_dags/example_short_circuit_decorator.py
[2025-11-13T06:03:06.829+0530] {processor.py:830} INFO - Processing file /home/logi/txtai/venv/lib/python3.10/site-packages/airflow/example_dags/example_short_circuit_decorator.py for tasks to queue
[2025-11-13T06:03:06.832+0530] {logging_mixin.py:188} INFO - [2025-11-13T06:03:06.832+0530] {dagbag.py:545} INFO - Filling up the DagBag from /home/logi/txtai/venv/lib/python3.10/site-packages/airflow/example_dags/example_short_circuit_decorator.py
[2025-11-13T06:03:06.847+0530] {processor.py:840} INFO - DAG(s) 'example_short_circuit_decorator' retrieved from /home/logi/txtai/venv/lib/python3.10/site-packages/airflow/example_dags/example_short_circuit_decorator.py
[2025-11-13T06:03:06.869+0530] {logging_mixin.py:188} INFO - [2025-11-13T06:03:06.869+0530] {dag.py:3089} INFO - Sync 1 DAGs
[2025-11-13T06:03:06.883+0530] {logging_mixin.py:188} INFO - [2025-11-13T06:03:06.882+0530] {dag.py:3947} INFO - Setting next_dagrun for example_short_circuit_decorator to 2025-11-12 00:00:00+00:00, run_after=2025-11-13 00:00:00+00:00
[2025-11-13T06:03:06.900+0530] {processor.py:183} INFO - Processing /home/logi/txtai/venv/lib/python3.10/site-packages/airflow/example_dags/example_short_circuit_decorator.py took 0.083 seconds
[2025-11-13T10:40:40.123+0530] {processor.py:161} INFO - Started process (PID=17035) to work on /home/logi/txtai/venv/lib/python3.10/site-packages/airflow/example_dags/example_short_circuit_decorator.py
[2025-11-13T10:40:40.125+0530] {processor.py:830} INFO - Processing file /home/logi/txtai/venv/lib/python3.10/site-packages/airflow/example_dags/example_short_circuit_decorator.py for tasks to queue
[2025-11-13T10:40:40.130+0530] {logging_mixin.py:188} INFO - [2025-11-13T10:40:40.130+0530] {dagbag.py:545} INFO - Filling up the DagBag from /home/logi/txtai/venv/lib/python3.10/site-packages/airflow/example_dags/example_short_circuit_decorator.py
[2025-11-13T10:40:40.150+0530] {processor.py:840} INFO - DAG(s) 'example_short_circuit_decorator' retrieved from /home/logi/txtai/venv/lib/python3.10/site-packages/airflow/example_dags/example_short_circuit_decorator.py
[2025-11-13T10:40:40.311+0530] {logging_mixin.py:188} INFO - [2025-11-13T10:40:40.309+0530] {override.py:1858} INFO - Created Permission View: can edit on DAG:example_short_circuit_decorator
[2025-11-13T10:40:40.333+0530] {logging_mixin.py:188} INFO - [2025-11-13T10:40:40.332+0530] {override.py:1858} INFO - Created Permission View: can read on DAG:example_short_circuit_decorator
[2025-11-13T10:40:40.350+0530] {logging_mixin.py:188} INFO - [2025-11-13T10:40:40.349+0530] {override.py:1858} INFO - Created Permission View: can delete on DAG:example_short_circuit_decorator
[2025-11-13T10:40:40.350+0530] {logging_mixin.py:188} INFO - [2025-11-13T10:40:40.350+0530] {dag.py:3089} INFO - Sync 1 DAGs
[2025-11-13T10:40:40.370+0530] {logging_mixin.py:188} INFO - [2025-11-13T10:40:40.370+0530] {dag.py:3111} INFO - Creating ORM DAG for example_short_circuit_decorator
[2025-11-13T10:40:40.398+0530] {logging_mixin.py:188} INFO - [2025-11-13T10:40:40.397+0530] {dag.py:3947} INFO - Setting next_dagrun for example_short_circuit_decorator to 2025-11-12 00:00:00+00:00, run_after=2025-11-13 00:00:00+00:00
[2025-11-13T10:40:40.443+0530] {processor.py:183} INFO - Processing /home/logi/txtai/venv/lib/python3.10/site-packages/airflow/example_dags/example_short_circuit_decorator.py took 0.332 seconds
[2025-11-13T10:41:11.041+0530] {processor.py:161} INFO - Started process (PID=17431) to work on /home/logi/txtai/venv/lib/python3.10/site-packages/airflow/example_dags/example_short_circuit_decorator.py
[2025-11-13T10:41:11.044+0530] {processor.py:830} INFO - Processing file /home/logi/txtai/venv/lib/python3.10/site-packages/airflow/example_dags/example_short_circuit_decorator.py for tasks to queue
[2025-11-13T10:41:11.048+0530] {logging_mixin.py:188} INFO - [2025-11-13T10:41:11.047+0530] {dagbag.py:545} INFO - Filling up the DagBag from /home/logi/txtai/venv/lib/python3.10/site-packages/airflow/example_dags/example_short_circuit_decorator.py
[2025-11-13T10:41:11.068+0530] {processor.py:840} INFO - DAG(s) 'example_short_circuit_decorator' retrieved from /home/logi/txtai/venv/lib/python3.10/site-packages/airflow/example_dags/example_short_circuit_decorator.py
[2025-11-13T10:41:11.154+0530] {logging_mixin.py:188} INFO - [2025-11-13T10:41:11.153+0530] {dag.py:3089} INFO - Sync 1 DAGs
[2025-11-13T10:41:11.210+0530] {logging_mixin.py:188} INFO - [2025-11-13T10:41:11.209+0530] {dag.py:3947} INFO - Setting next_dagrun for example_short_circuit_decorator to 2025-11-12 00:00:00+00:00, run_after=2025-11-13 00:00:00+00:00
[2025-11-13T10:41:11.262+0530] {processor.py:183} INFO - Processing /home/logi/txtai/venv/lib/python3.10/site-packages/airflow/example_dags/example_short_circuit_decorator.py took 0.238 seconds
[2025-11-13T10:41:42.800+0530] {processor.py:161} INFO - Started process (PID=18104) to work on /home/logi/txtai/venv/lib/python3.10/site-packages/airflow/example_dags/example_short_circuit_decorator.py
[2025-11-13T10:41:42.802+0530] {processor.py:830} INFO - Processing file /home/logi/txtai/venv/lib/python3.10/site-packages/airflow/example_dags/example_short_circuit_decorator.py for tasks to queue
[2025-11-13T10:41:42.805+0530] {logging_mixin.py:188} INFO - [2025-11-13T10:41:42.805+0530] {dagbag.py:545} INFO - Filling up the DagBag from /home/logi/txtai/venv/lib/python3.10/site-packages/airflow/example_dags/example_short_circuit_decorator.py
[2025-11-13T10:41:42.819+0530] {processor.py:840} INFO - DAG(s) 'example_short_circuit_decorator' retrieved from /home/logi/txtai/venv/lib/python3.10/site-packages/airflow/example_dags/example_short_circuit_decorator.py
[2025-11-13T10:41:42.874+0530] {logging_mixin.py:188} INFO - [2025-11-13T10:41:42.874+0530] {dag.py:3089} INFO - Sync 1 DAGs
[2025-11-13T10:41:42.919+0530] {logging_mixin.py:188} INFO - [2025-11-13T10:41:42.918+0530] {dag.py:3947} INFO - Setting next_dagrun for example_short_circuit_decorator to 2025-11-12 00:00:00+00:00, run_after=2025-11-13 00:00:00+00:00
[2025-11-13T10:41:42.969+0530] {processor.py:183} INFO - Processing /home/logi/txtai/venv/lib/python3.10/site-packages/airflow/example_dags/example_short_circuit_decorator.py took 0.177 seconds
[2025-11-13T10:42:13.930+0530] {processor.py:161} INFO - Started process (PID=18706) to work on /home/logi/txtai/venv/lib/python3.10/site-packages/airflow/example_dags/example_short_circuit_decorator.py
[2025-11-13T10:42:13.931+0530] {processor.py:830} INFO - Processing file /home/logi/txtai/venv/lib/python3.10/site-packages/airflow/example_dags/example_short_circuit_decorator.py for tasks to queue
[2025-11-13T10:42:13.936+0530] {logging_mixin.py:188} INFO - [2025-11-13T10:42:13.936+0530] {dagbag.py:545} INFO - Filling up the DagBag from /home/logi/txtai/venv/lib/python3.10/site-packages/airflow/example_dags/example_short_circuit_decorator.py
[2025-11-13T10:42:13.954+0530] {processor.py:840} INFO - DAG(s) 'example_short_circuit_decorator' retrieved from /home/logi/txtai/venv/lib/python3.10/site-packages/airflow/example_dags/example_short_circuit_decorator.py
[2025-11-13T10:42:14.007+0530] {logging_mixin.py:188} INFO - [2025-11-13T10:42:14.006+0530] {dag.py:3089} INFO - Sync 1 DAGs
[2025-11-13T10:42:14.045+0530] {logging_mixin.py:188} INFO - [2025-11-13T10:42:14.044+0530] {dag.py:3947} INFO - Setting next_dagrun for example_short_circuit_decorator to 2025-11-12 00:00:00+00:00, run_after=2025-11-13 00:00:00+00:00
[2025-11-13T10:42:14.091+0530] {processor.py:183} INFO - Processing /home/logi/txtai/venv/lib/python3.10/site-packages/airflow/example_dags/example_short_circuit_decorator.py took 0.178 seconds
[2025-11-13T10:42:44.971+0530] {processor.py:161} INFO - Started process (PID=18964) to work on /home/logi/txtai/venv/lib/python3.10/site-packages/airflow/example_dags/example_short_circuit_decorator.py
[2025-11-13T10:42:44.973+0530] {processor.py:830} INFO - Processing file /home/logi/txtai/venv/lib/python3.10/site-packages/airflow/example_dags/example_short_circuit_decorator.py for tasks to queue
[2025-11-13T10:42:44.975+0530] {logging_mixin.py:188} INFO - [2025-11-13T10:42:44.975+0530] {dagbag.py:545} INFO - Filling up the DagBag from /home/logi/txtai/venv/lib/python3.10/site-packages/airflow/example_dags/example_short_circuit_decorator.py
[2025-11-13T10:42:44.990+0530] {processor.py:840} INFO - DAG(s) 'example_short_circuit_decorator' retrieved from /home/logi/txtai/venv/lib/python3.10/site-packages/airflow/example_dags/example_short_circuit_decorator.py
[2025-11-13T10:42:45.051+0530] {logging_mixin.py:188} INFO - [2025-11-13T10:42:45.051+0530] {dag.py:3089} INFO - Sync 1 DAGs
[2025-11-13T10:42:45.090+0530] {logging_mixin.py:188} INFO - [2025-11-13T10:42:45.090+0530] {dag.py:3947} INFO - Setting next_dagrun for example_short_circuit_decorator to 2025-11-12 00:00:00+00:00, run_after=2025-11-13 00:00:00+00:00
[2025-11-13T10:42:45.124+0530] {processor.py:183} INFO - Processing /home/logi/txtai/venv/lib/python3.10/site-packages/airflow/example_dags/example_short_circuit_decorator.py took 0.163 seconds
[2025-11-13T10:43:16.130+0530] {processor.py:161} INFO - Started process (PID=19107) to work on /home/logi/txtai/venv/lib/python3.10/site-packages/airflow/example_dags/example_short_circuit_decorator.py
[2025-11-13T10:43:16.133+0530] {processor.py:830} INFO - Processing file /home/logi/txtai/venv/lib/python3.10/site-packages/airflow/example_dags/example_short_circuit_decorator.py for tasks to queue
[2025-11-13T10:43:16.136+0530] {logging_mixin.py:188} INFO - [2025-11-13T10:43:16.135+0530] {dagbag.py:545} INFO - Filling up the DagBag from /home/logi/txtai/venv/lib/python3.10/site-packages/airflow/example_dags/example_short_circuit_decorator.py
[2025-11-13T10:43:16.153+0530] {processor.py:840} INFO - DAG(s) 'example_short_circuit_decorator' retrieved from /home/logi/txtai/venv/lib/python3.10/site-packages/airflow/example_dags/example_short_circuit_decorator.py
[2025-11-13T10:43:16.215+0530] {logging_mixin.py:188} INFO - [2025-11-13T10:43:16.215+0530] {dag.py:3089} INFO - Sync 1 DAGs
[2025-11-13T10:43:16.268+0530] {logging_mixin.py:188} INFO - [2025-11-13T10:43:16.267+0530] {dag.py:3947} INFO - Setting next_dagrun for example_short_circuit_decorator to 2025-11-12 00:00:00+00:00, run_after=2025-11-13 00:00:00+00:00
[2025-11-13T10:43:16.302+0530] {processor.py:183} INFO - Processing /home/logi/txtai/venv/lib/python3.10/site-packages/airflow/example_dags/example_short_circuit_decorator.py took 0.183 seconds
[2025-11-13T10:43:47.548+0530] {processor.py:161} INFO - Started process (PID=19248) to work on /home/logi/txtai/venv/lib/python3.10/site-packages/airflow/example_dags/example_short_circuit_decorator.py
[2025-11-13T10:43:47.550+0530] {processor.py:830} INFO - Processing file /home/logi/txtai/venv/lib/python3.10/site-packages/airflow/example_dags/example_short_circuit_decorator.py for tasks to queue
[2025-11-13T10:43:47.553+0530] {logging_mixin.py:188} INFO - [2025-11-13T10:43:47.553+0530] {dagbag.py:545} INFO - Filling up the DagBag from /home/logi/txtai/venv/lib/python3.10/site-packages/airflow/example_dags/example_short_circuit_decorator.py
[2025-11-13T10:43:47.571+0530] {processor.py:840} INFO - DAG(s) 'example_short_circuit_decorator' retrieved from /home/logi/txtai/venv/lib/python3.10/site-packages/airflow/example_dags/example_short_circuit_decorator.py
[2025-11-13T10:43:47.639+0530] {logging_mixin.py:188} INFO - [2025-11-13T10:43:47.639+0530] {dag.py:3089} INFO - Sync 1 DAGs
[2025-11-13T10:43:47.682+0530] {logging_mixin.py:188} INFO - [2025-11-13T10:43:47.682+0530] {dag.py:3947} INFO - Setting next_dagrun for example_short_circuit_decorator to 2025-11-12 00:00:00+00:00, run_after=2025-11-13 00:00:00+00:00
[2025-11-13T10:43:47.723+0530] {processor.py:183} INFO - Processing /home/logi/txtai/venv/lib/python3.10/site-packages/airflow/example_dags/example_short_circuit_decorator.py took 0.188 seconds
[2025-11-13T10:44:18.901+0530] {processor.py:161} INFO - Started process (PID=19392) to work on /home/logi/txtai/venv/lib/python3.10/site-packages/airflow/example_dags/example_short_circuit_decorator.py
[2025-11-13T10:44:18.903+0530] {processor.py:830} INFO - Processing file /home/logi/txtai/venv/lib/python3.10/site-packages/airflow/example_dags/example_short_circuit_decorator.py for tasks to queue
[2025-11-13T10:44:18.906+0530] {logging_mixin.py:188} INFO - [2025-11-13T10:44:18.906+0530] {dagbag.py:545} INFO - Filling up the DagBag from /home/logi/txtai/venv/lib/python3.10/site-packages/airflow/example_dags/example_short_circuit_decorator.py
[2025-11-13T10:44:18.921+0530] {processor.py:840} INFO - DAG(s) 'example_short_circuit_decorator' retrieved from /home/logi/txtai/venv/lib/python3.10/site-packages/airflow/example_dags/example_short_circuit_decorator.py
[2025-11-13T10:44:18.981+0530] {logging_mixin.py:188} INFO - [2025-11-13T10:44:18.981+0530] {dag.py:3089} INFO - Sync 1 DAGs
[2025-11-13T10:44:19.019+0530] {logging_mixin.py:188} INFO - [2025-11-13T10:44:19.019+0530] {dag.py:3947} INFO - Setting next_dagrun for example_short_circuit_decorator to 2025-11-12 00:00:00+00:00, run_after=2025-11-13 00:00:00+00:00
[2025-11-13T10:44:19.053+0530] {processor.py:183} INFO - Processing /home/logi/txtai/venv/lib/python3.10/site-packages/airflow/example_dags/example_short_circuit_decorator.py took 0.164 seconds
[2025-11-13T10:44:50.708+0530] {processor.py:161} INFO - Started process (PID=19534) to work on /home/logi/txtai/venv/lib/python3.10/site-packages/airflow/example_dags/example_short_circuit_decorator.py
[2025-11-13T10:44:50.710+0530] {processor.py:830} INFO - Processing file /home/logi/txtai/venv/lib/python3.10/site-packages/airflow/example_dags/example_short_circuit_decorator.py for tasks to queue
[2025-11-13T10:44:50.712+0530] {logging_mixin.py:188} INFO - [2025-11-13T10:44:50.712+0530] {dagbag.py:545} INFO - Filling up the DagBag from /home/logi/txtai/venv/lib/python3.10/site-packages/airflow/example_dags/example_short_circuit_decorator.py
[2025-11-13T10:44:50.727+0530] {processor.py:840} INFO - DAG(s) 'example_short_circuit_decorator' retrieved from /home/logi/txtai/venv/lib/python3.10/site-packages/airflow/example_dags/example_short_circuit_decorator.py
[2025-11-13T10:44:50.790+0530] {logging_mixin.py:188} INFO - [2025-11-13T10:44:50.789+0530] {dag.py:3089} INFO - Sync 1 DAGs
[2025-11-13T10:44:50.822+0530] {logging_mixin.py:188} INFO - [2025-11-13T10:44:50.821+0530] {dag.py:3947} INFO - Setting next_dagrun for example_short_circuit_decorator to 2025-11-12 00:00:00+00:00, run_after=2025-11-13 00:00:00+00:00
[2025-11-13T10:44:50.862+0530] {processor.py:183} INFO - Processing /home/logi/txtai/venv/lib/python3.10/site-packages/airflow/example_dags/example_short_circuit_decorator.py took 0.165 seconds
[2025-11-13T10:45:21.491+0530] {processor.py:161} INFO - Started process (PID=19679) to work on /home/logi/txtai/venv/lib/python3.10/site-packages/airflow/example_dags/example_short_circuit_decorator.py
[2025-11-13T10:45:21.493+0530] {processor.py:830} INFO - Processing file /home/logi/txtai/venv/lib/python3.10/site-packages/airflow/example_dags/example_short_circuit_decorator.py for tasks to queue
[2025-11-13T10:45:21.495+0530] {logging_mixin.py:188} INFO - [2025-11-13T10:45:21.495+0530] {dagbag.py:545} INFO - Filling up the DagBag from /home/logi/txtai/venv/lib/python3.10/site-packages/airflow/example_dags/example_short_circuit_decorator.py
[2025-11-13T10:45:21.506+0530] {processor.py:840} INFO - DAG(s) 'example_short_circuit_decorator' retrieved from /home/logi/txtai/venv/lib/python3.10/site-packages/airflow/example_dags/example_short_circuit_decorator.py
[2025-11-13T10:45:21.541+0530] {logging_mixin.py:188} INFO - [2025-11-13T10:45:21.541+0530] {dag.py:3089} INFO - Sync 1 DAGs
[2025-11-13T10:45:21.562+0530] {logging_mixin.py:188} INFO - [2025-11-13T10:45:21.562+0530] {dag.py:3947} INFO - Setting next_dagrun for example_short_circuit_decorator to 2025-11-12 00:00:00+00:00, run_after=2025-11-13 00:00:00+00:00
[2025-11-13T10:45:21.581+0530] {processor.py:183} INFO - Processing /home/logi/txtai/venv/lib/python3.10/site-packages/airflow/example_dags/example_short_circuit_decorator.py took 0.101 seconds
[2025-11-13T10:45:52.089+0530] {processor.py:161} INFO - Started process (PID=19848) to work on /home/logi/txtai/venv/lib/python3.10/site-packages/airflow/example_dags/example_short_circuit_decorator.py
[2025-11-13T10:45:52.091+0530] {processor.py:830} INFO - Processing file /home/logi/txtai/venv/lib/python3.10/site-packages/airflow/example_dags/example_short_circuit_decorator.py for tasks to queue
[2025-11-13T10:45:52.094+0530] {logging_mixin.py:188} INFO - [2025-11-13T10:45:52.093+0530] {dagbag.py:545} INFO - Filling up the DagBag from /home/logi/txtai/venv/lib/python3.10/site-packages/airflow/example_dags/example_short_circuit_decorator.py
[2025-11-13T10:45:52.107+0530] {processor.py:840} INFO - DAG(s) 'example_short_circuit_decorator' retrieved from /home/logi/txtai/venv/lib/python3.10/site-packages/airflow/example_dags/example_short_circuit_decorator.py
[2025-11-13T10:45:52.169+0530] {logging_mixin.py:188} INFO - [2025-11-13T10:45:52.168+0530] {dag.py:3089} INFO - Sync 1 DAGs
[2025-11-13T10:45:52.206+0530] {logging_mixin.py:188} INFO - [2025-11-13T10:45:52.206+0530] {dag.py:3947} INFO - Setting next_dagrun for example_short_circuit_decorator to 2025-11-12 00:00:00+00:00, run_after=2025-11-13 00:00:00+00:00
[2025-11-13T10:45:52.251+0530] {processor.py:183} INFO - Processing /home/logi/txtai/venv/lib/python3.10/site-packages/airflow/example_dags/example_short_circuit_decorator.py took 0.173 seconds
[2025-11-13T10:46:23.884+0530] {processor.py:161} INFO - Started process (PID=19992) to work on /home/logi/txtai/venv/lib/python3.10/site-packages/airflow/example_dags/example_short_circuit_decorator.py
[2025-11-13T10:46:23.886+0530] {processor.py:830} INFO - Processing file /home/logi/txtai/venv/lib/python3.10/site-packages/airflow/example_dags/example_short_circuit_decorator.py for tasks to queue
[2025-11-13T10:46:23.889+0530] {logging_mixin.py:188} INFO - [2025-11-13T10:46:23.888+0530] {dagbag.py:545} INFO - Filling up the DagBag from /home/logi/txtai/venv/lib/python3.10/site-packages/airflow/example_dags/example_short_circuit_decorator.py
[2025-11-13T10:46:23.903+0530] {processor.py:840} INFO - DAG(s) 'example_short_circuit_decorator' retrieved from /home/logi/txtai/venv/lib/python3.10/site-packages/airflow/example_dags/example_short_circuit_decorator.py
[2025-11-13T10:46:23.975+0530] {logging_mixin.py:188} INFO - [2025-11-13T10:46:23.975+0530] {dag.py:3089} INFO - Sync 1 DAGs
[2025-11-13T10:46:24.015+0530] {logging_mixin.py:188} INFO - [2025-11-13T10:46:24.015+0530] {dag.py:3947} INFO - Setting next_dagrun for example_short_circuit_decorator to 2025-11-12 00:00:00+00:00, run_after=2025-11-13 00:00:00+00:00
[2025-11-13T10:46:24.054+0530] {processor.py:183} INFO - Processing /home/logi/txtai/venv/lib/python3.10/site-packages/airflow/example_dags/example_short_circuit_decorator.py took 0.182 seconds
[2025-11-13T10:46:54.605+0530] {processor.py:161} INFO - Started process (PID=20134) to work on /home/logi/txtai/venv/lib/python3.10/site-packages/airflow/example_dags/example_short_circuit_decorator.py
[2025-11-13T10:46:54.607+0530] {processor.py:830} INFO - Processing file /home/logi/txtai/venv/lib/python3.10/site-packages/airflow/example_dags/example_short_circuit_decorator.py for tasks to queue
[2025-11-13T10:46:54.610+0530] {logging_mixin.py:188} INFO - [2025-11-13T10:46:54.609+0530] {dagbag.py:545} INFO - Filling up the DagBag from /home/logi/txtai/venv/lib/python3.10/site-packages/airflow/example_dags/example_short_circuit_decorator.py
[2025-11-13T10:46:54.625+0530] {processor.py:840} INFO - DAG(s) 'example_short_circuit_decorator' retrieved from /home/logi/txtai/venv/lib/python3.10/site-packages/airflow/example_dags/example_short_circuit_decorator.py
[2025-11-13T10:46:54.692+0530] {logging_mixin.py:188} INFO - [2025-11-13T10:46:54.692+0530] {dag.py:3089} INFO - Sync 1 DAGs
[2025-11-13T10:46:54.733+0530] {logging_mixin.py:188} INFO - [2025-11-13T10:46:54.733+0530] {dag.py:3947} INFO - Setting next_dagrun for example_short_circuit_decorator to 2025-11-12 00:00:00+00:00, run_after=2025-11-13 00:00:00+00:00
[2025-11-13T10:46:54.772+0530] {processor.py:183} INFO - Processing /home/logi/txtai/venv/lib/python3.10/site-packages/airflow/example_dags/example_short_circuit_decorator.py took 0.179 seconds
[2025-11-13T10:47:25.731+0530] {processor.py:161} INFO - Started process (PID=20277) to work on /home/logi/txtai/venv/lib/python3.10/site-packages/airflow/example_dags/example_short_circuit_decorator.py
[2025-11-13T10:47:25.733+0530] {processor.py:830} INFO - Processing file /home/logi/txtai/venv/lib/python3.10/site-packages/airflow/example_dags/example_short_circuit_decorator.py for tasks to queue
[2025-11-13T10:47:25.736+0530] {logging_mixin.py:188} INFO - [2025-11-13T10:47:25.735+0530] {dagbag.py:545} INFO - Filling up the DagBag from /home/logi/txtai/venv/lib/python3.10/site-packages/airflow/example_dags/example_short_circuit_decorator.py
[2025-11-13T10:47:25.750+0530] {processor.py:840} INFO - DAG(s) 'example_short_circuit_decorator' retrieved from /home/logi/txtai/venv/lib/python3.10/site-packages/airflow/example_dags/example_short_circuit_decorator.py
[2025-11-13T10:47:25.814+0530] {logging_mixin.py:188} INFO - [2025-11-13T10:47:25.813+0530] {dag.py:3089} INFO - Sync 1 DAGs
[2025-11-13T10:47:25.847+0530] {logging_mixin.py:188} INFO - [2025-11-13T10:47:25.847+0530] {dag.py:3947} INFO - Setting next_dagrun for example_short_circuit_decorator to 2025-11-12 00:00:00+00:00, run_after=2025-11-13 00:00:00+00:00
[2025-11-13T10:47:25.881+0530] {processor.py:183} INFO - Processing /home/logi/txtai/venv/lib/python3.10/site-packages/airflow/example_dags/example_short_circuit_decorator.py took 0.163 seconds
[2025-11-13T10:47:57.196+0530] {processor.py:161} INFO - Started process (PID=20419) to work on /home/logi/txtai/venv/lib/python3.10/site-packages/airflow/example_dags/example_short_circuit_decorator.py
[2025-11-13T10:47:57.198+0530] {processor.py:830} INFO - Processing file /home/logi/txtai/venv/lib/python3.10/site-packages/airflow/example_dags/example_short_circuit_decorator.py for tasks to queue
[2025-11-13T10:47:57.201+0530] {logging_mixin.py:188} INFO - [2025-11-13T10:47:57.200+0530] {dagbag.py:545} INFO - Filling up the DagBag from /home/logi/txtai/venv/lib/python3.10/site-packages/airflow/example_dags/example_short_circuit_decorator.py
[2025-11-13T10:47:57.216+0530] {processor.py:840} INFO - DAG(s) 'example_short_circuit_decorator' retrieved from /home/logi/txtai/venv/lib/python3.10/site-packages/airflow/example_dags/example_short_circuit_decorator.py
[2025-11-13T10:47:57.282+0530] {logging_mixin.py:188} INFO - [2025-11-13T10:47:57.282+0530] {dag.py:3089} INFO - Sync 1 DAGs
[2025-11-13T10:47:57.330+0530] {logging_mixin.py:188} INFO - [2025-11-13T10:47:57.330+0530] {dag.py:3947} INFO - Setting next_dagrun for example_short_circuit_decorator to 2025-11-12 00:00:00+00:00, run_after=2025-11-13 00:00:00+00:00
[2025-11-13T10:47:57.369+0530] {processor.py:183} INFO - Processing /home/logi/txtai/venv/lib/python3.10/site-packages/airflow/example_dags/example_short_circuit_decorator.py took 0.186 seconds
[2025-11-13T10:48:28.251+0530] {processor.py:161} INFO - Started process (PID=20561) to work on /home/logi/txtai/venv/lib/python3.10/site-packages/airflow/example_dags/example_short_circuit_decorator.py
[2025-11-13T10:48:28.253+0530] {processor.py:830} INFO - Processing file /home/logi/txtai/venv/lib/python3.10/site-packages/airflow/example_dags/example_short_circuit_decorator.py for tasks to queue
[2025-11-13T10:48:28.256+0530] {logging_mixin.py:188} INFO - [2025-11-13T10:48:28.256+0530] {dagbag.py:545} INFO - Filling up the DagBag from /home/logi/txtai/venv/lib/python3.10/site-packages/airflow/example_dags/example_short_circuit_decorator.py
[2025-11-13T10:48:28.272+0530] {processor.py:840} INFO - DAG(s) 'example_short_circuit_decorator' retrieved from /home/logi/txtai/venv/lib/python3.10/site-packages/airflow/example_dags/example_short_circuit_decorator.py
[2025-11-13T10:48:28.338+0530] {logging_mixin.py:188} INFO - [2025-11-13T10:48:28.337+0530] {dag.py:3089} INFO - Sync 1 DAGs
[2025-11-13T10:48:28.385+0530] {logging_mixin.py:188} INFO - [2025-11-13T10:48:28.385+0530] {dag.py:3947} INFO - Setting next_dagrun for example_short_circuit_decorator to 2025-11-12 00:00:00+00:00, run_after=2025-11-13 00:00:00+00:00
[2025-11-13T10:48:28.431+0530] {processor.py:183} INFO - Processing /home/logi/txtai/venv/lib/python3.10/site-packages/airflow/example_dags/example_short_circuit_decorator.py took 0.192 seconds
[2025-11-13T10:48:58.921+0530] {processor.py:161} INFO - Started process (PID=20705) to work on /home/logi/txtai/venv/lib/python3.10/site-packages/airflow/example_dags/example_short_circuit_decorator.py
[2025-11-13T10:48:58.923+0530] {processor.py:830} INFO - Processing file /home/logi/txtai/venv/lib/python3.10/site-packages/airflow/example_dags/example_short_circuit_decorator.py for tasks to queue
[2025-11-13T10:48:58.925+0530] {logging_mixin.py:188} INFO - [2025-11-13T10:48:58.925+0530] {dagbag.py:545} INFO - Filling up the DagBag from /home/logi/txtai/venv/lib/python3.10/site-packages/airflow/example_dags/example_short_circuit_decorator.py
[2025-11-13T10:48:58.943+0530] {processor.py:840} INFO - DAG(s) 'example_short_circuit_decorator' retrieved from /home/logi/txtai/venv/lib/python3.10/site-packages/airflow/example_dags/example_short_circuit_decorator.py
[2025-11-13T10:48:59.013+0530] {logging_mixin.py:188} INFO - [2025-11-13T10:48:59.012+0530] {dag.py:3089} INFO - Sync 1 DAGs
[2025-11-13T10:48:59.052+0530] {logging_mixin.py:188} INFO - [2025-11-13T10:48:59.052+0530] {dag.py:3947} INFO - Setting next_dagrun for example_short_circuit_decorator to 2025-11-12 00:00:00+00:00, run_after=2025-11-13 00:00:00+00:00
[2025-11-13T10:48:59.091+0530] {processor.py:183} INFO - Processing /home/logi/txtai/venv/lib/python3.10/site-packages/airflow/example_dags/example_short_circuit_decorator.py took 0.181 seconds
[2025-11-13T10:49:29.954+0530] {processor.py:161} INFO - Started process (PID=20850) to work on /home/logi/txtai/venv/lib/python3.10/site-packages/airflow/example_dags/example_short_circuit_decorator.py
[2025-11-13T10:49:29.956+0530] {processor.py:830} INFO - Processing file /home/logi/txtai/venv/lib/python3.10/site-packages/airflow/example_dags/example_short_circuit_decorator.py for tasks to queue
[2025-11-13T10:49:29.959+0530] {logging_mixin.py:188} INFO - [2025-11-13T10:49:29.958+0530] {dagbag.py:545} INFO - Filling up the DagBag from /home/logi/txtai/venv/lib/python3.10/site-packages/airflow/example_dags/example_short_circuit_decorator.py
[2025-11-13T10:49:29.974+0530] {processor.py:840} INFO - DAG(s) 'example_short_circuit_decorator' retrieved from /home/logi/txtai/venv/lib/python3.10/site-packages/airflow/example_dags/example_short_circuit_decorator.py
[2025-11-13T10:49:30.041+0530] {logging_mixin.py:188} INFO - [2025-11-13T10:49:30.040+0530] {dag.py:3089} INFO - Sync 1 DAGs
[2025-11-13T10:49:30.084+0530] {logging_mixin.py:188} INFO - [2025-11-13T10:49:30.083+0530] {dag.py:3947} INFO - Setting next_dagrun for example_short_circuit_decorator to 2025-11-12 00:00:00+00:00, run_after=2025-11-13 00:00:00+00:00
[2025-11-13T10:49:30.127+0530] {processor.py:183} INFO - Processing /home/logi/txtai/venv/lib/python3.10/site-packages/airflow/example_dags/example_short_circuit_decorator.py took 0.185 seconds
[2025-11-13T10:50:01.126+0530] {processor.py:161} INFO - Started process (PID=20992) to work on /home/logi/txtai/venv/lib/python3.10/site-packages/airflow/example_dags/example_short_circuit_decorator.py
[2025-11-13T10:50:01.128+0530] {processor.py:830} INFO - Processing file /home/logi/txtai/venv/lib/python3.10/site-packages/airflow/example_dags/example_short_circuit_decorator.py for tasks to queue
[2025-11-13T10:50:01.130+0530] {logging_mixin.py:188} INFO - [2025-11-13T10:50:01.130+0530] {dagbag.py:545} INFO - Filling up the DagBag from /home/logi/txtai/venv/lib/python3.10/site-packages/airflow/example_dags/example_short_circuit_decorator.py
[2025-11-13T10:50:01.142+0530] {processor.py:840} INFO - DAG(s) 'example_short_circuit_decorator' retrieved from /home/logi/txtai/venv/lib/python3.10/site-packages/airflow/example_dags/example_short_circuit_decorator.py
[2025-11-13T10:50:01.196+0530] {logging_mixin.py:188} INFO - [2025-11-13T10:50:01.196+0530] {dag.py:3089} INFO - Sync 1 DAGs
[2025-11-13T10:50:01.220+0530] {logging_mixin.py:188} INFO - [2025-11-13T10:50:01.220+0530] {dag.py:3947} INFO - Setting next_dagrun for example_short_circuit_decorator to 2025-11-12 00:00:00+00:00, run_after=2025-11-13 00:00:00+00:00
[2025-11-13T10:50:01.243+0530] {processor.py:183} INFO - Processing /home/logi/txtai/venv/lib/python3.10/site-packages/airflow/example_dags/example_short_circuit_decorator.py took 0.128 seconds
[2025-11-13T10:50:32.167+0530] {processor.py:161} INFO - Started process (PID=21135) to work on /home/logi/txtai/venv/lib/python3.10/site-packages/airflow/example_dags/example_short_circuit_decorator.py
[2025-11-13T10:50:32.170+0530] {processor.py:830} INFO - Processing file /home/logi/txtai/venv/lib/python3.10/site-packages/airflow/example_dags/example_short_circuit_decorator.py for tasks to queue
[2025-11-13T10:50:32.173+0530] {logging_mixin.py:188} INFO - [2025-11-13T10:50:32.172+0530] {dagbag.py:545} INFO - Filling up the DagBag from /home/logi/txtai/venv/lib/python3.10/site-packages/airflow/example_dags/example_short_circuit_decorator.py
[2025-11-13T10:50:32.189+0530] {processor.py:840} INFO - DAG(s) 'example_short_circuit_decorator' retrieved from /home/logi/txtai/venv/lib/python3.10/site-packages/airflow/example_dags/example_short_circuit_decorator.py
[2025-11-13T10:50:32.253+0530] {logging_mixin.py:188} INFO - [2025-11-13T10:50:32.252+0530] {dag.py:3089} INFO - Sync 1 DAGs
[2025-11-13T10:50:32.294+0530] {logging_mixin.py:188} INFO - [2025-11-13T10:50:32.294+0530] {dag.py:3947} INFO - Setting next_dagrun for example_short_circuit_decorator to 2025-11-12 00:00:00+00:00, run_after=2025-11-13 00:00:00+00:00
[2025-11-13T10:50:32.333+0530] {processor.py:183} INFO - Processing /home/logi/txtai/venv/lib/python3.10/site-packages/airflow/example_dags/example_short_circuit_decorator.py took 0.182 seconds
[2025-11-13T10:51:03.565+0530] {processor.py:161} INFO - Started process (PID=21316) to work on /home/logi/txtai/venv/lib/python3.10/site-packages/airflow/example_dags/example_short_circuit_decorator.py
[2025-11-13T10:51:03.566+0530] {processor.py:830} INFO - Processing file /home/logi/txtai/venv/lib/python3.10/site-packages/airflow/example_dags/example_short_circuit_decorator.py for tasks to queue
[2025-11-13T10:51:03.567+0530] {logging_mixin.py:188} INFO - [2025-11-13T10:51:03.567+0530] {dagbag.py:545} INFO - Filling up the DagBag from /home/logi/txtai/venv/lib/python3.10/site-packages/airflow/example_dags/example_short_circuit_decorator.py
[2025-11-13T10:51:03.575+0530] {processor.py:840} INFO - DAG(s) 'example_short_circuit_decorator' retrieved from /home/logi/txtai/venv/lib/python3.10/site-packages/airflow/example_dags/example_short_circuit_decorator.py
[2025-11-13T10:51:03.627+0530] {logging_mixin.py:188} INFO - [2025-11-13T10:51:03.627+0530] {dag.py:3089} INFO - Sync 1 DAGs
[2025-11-13T10:51:03.663+0530] {logging_mixin.py:188} INFO - [2025-11-13T10:51:03.662+0530] {dag.py:3947} INFO - Setting next_dagrun for example_short_circuit_decorator to 2025-11-12 00:00:00+00:00, run_after=2025-11-13 00:00:00+00:00
[2025-11-13T10:51:03.702+0530] {processor.py:183} INFO - Processing /home/logi/txtai/venv/lib/python3.10/site-packages/airflow/example_dags/example_short_circuit_decorator.py took 0.144 seconds
[2025-11-13T10:51:34.705+0530] {processor.py:161} INFO - Started process (PID=21458) to work on /home/logi/txtai/venv/lib/python3.10/site-packages/airflow/example_dags/example_short_circuit_decorator.py
[2025-11-13T10:51:34.707+0530] {processor.py:830} INFO - Processing file /home/logi/txtai/venv/lib/python3.10/site-packages/airflow/example_dags/example_short_circuit_decorator.py for tasks to queue
[2025-11-13T10:51:34.711+0530] {logging_mixin.py:188} INFO - [2025-11-13T10:51:34.710+0530] {dagbag.py:545} INFO - Filling up the DagBag from /home/logi/txtai/venv/lib/python3.10/site-packages/airflow/example_dags/example_short_circuit_decorator.py
[2025-11-13T10:51:34.727+0530] {processor.py:840} INFO - DAG(s) 'example_short_circuit_decorator' retrieved from /home/logi/txtai/venv/lib/python3.10/site-packages/airflow/example_dags/example_short_circuit_decorator.py
[2025-11-13T10:51:34.794+0530] {logging_mixin.py:188} INFO - [2025-11-13T10:51:34.793+0530] {dag.py:3089} INFO - Sync 1 DAGs
[2025-11-13T10:51:34.839+0530] {logging_mixin.py:188} INFO - [2025-11-13T10:51:34.838+0530] {dag.py:3947} INFO - Setting next_dagrun for example_short_circuit_decorator to 2025-11-12 00:00:00+00:00, run_after=2025-11-13 00:00:00+00:00
[2025-11-13T10:51:34.879+0530] {processor.py:183} INFO - Processing /home/logi/txtai/venv/lib/python3.10/site-packages/airflow/example_dags/example_short_circuit_decorator.py took 0.186 seconds
[2025-11-13T10:52:05.951+0530] {processor.py:161} INFO - Started process (PID=21600) to work on /home/logi/txtai/venv/lib/python3.10/site-packages/airflow/example_dags/example_short_circuit_decorator.py
[2025-11-13T10:52:05.953+0530] {processor.py:830} INFO - Processing file /home/logi/txtai/venv/lib/python3.10/site-packages/airflow/example_dags/example_short_circuit_decorator.py for tasks to queue
[2025-11-13T10:52:05.956+0530] {logging_mixin.py:188} INFO - [2025-11-13T10:52:05.956+0530] {dagbag.py:545} INFO - Filling up the DagBag from /home/logi/txtai/venv/lib/python3.10/site-packages/airflow/example_dags/example_short_circuit_decorator.py
[2025-11-13T10:52:05.971+0530] {processor.py:840} INFO - DAG(s) 'example_short_circuit_decorator' retrieved from /home/logi/txtai/venv/lib/python3.10/site-packages/airflow/example_dags/example_short_circuit_decorator.py
[2025-11-13T10:52:06.023+0530] {logging_mixin.py:188} INFO - [2025-11-13T10:52:06.022+0530] {dag.py:3089} INFO - Sync 1 DAGs
[2025-11-13T10:52:06.066+0530] {logging_mixin.py:188} INFO - [2025-11-13T10:52:06.066+0530] {dag.py:3947} INFO - Setting next_dagrun for example_short_circuit_decorator to 2025-11-12 00:00:00+00:00, run_after=2025-11-13 00:00:00+00:00
[2025-11-13T10:52:06.098+0530] {processor.py:183} INFO - Processing /home/logi/txtai/venv/lib/python3.10/site-packages/airflow/example_dags/example_short_circuit_decorator.py took 0.158 seconds
[2025-11-13T10:52:37.119+0530] {processor.py:161} INFO - Started process (PID=21803) to work on /home/logi/txtai/venv/lib/python3.10/site-packages/airflow/example_dags/example_short_circuit_decorator.py
[2025-11-13T10:52:37.121+0530] {processor.py:830} INFO - Processing file /home/logi/txtai/venv/lib/python3.10/site-packages/airflow/example_dags/example_short_circuit_decorator.py for tasks to queue
[2025-11-13T10:52:37.123+0530] {logging_mixin.py:188} INFO - [2025-11-13T10:52:37.123+0530] {dagbag.py:545} INFO - Filling up the DagBag from /home/logi/txtai/venv/lib/python3.10/site-packages/airflow/example_dags/example_short_circuit_decorator.py
[2025-11-13T10:52:37.138+0530] {processor.py:840} INFO - DAG(s) 'example_short_circuit_decorator' retrieved from /home/logi/txtai/venv/lib/python3.10/site-packages/airflow/example_dags/example_short_circuit_decorator.py
[2025-11-13T10:52:37.198+0530] {logging_mixin.py:188} INFO - [2025-11-13T10:52:37.197+0530] {dag.py:3089} INFO - Sync 1 DAGs
[2025-11-13T10:52:37.235+0530] {logging_mixin.py:188} INFO - [2025-11-13T10:52:37.235+0530] {dag.py:3947} INFO - Setting next_dagrun for example_short_circuit_decorator to 2025-11-12 00:00:00+00:00, run_after=2025-11-13 00:00:00+00:00
[2025-11-13T10:52:37.271+0530] {processor.py:183} INFO - Processing /home/logi/txtai/venv/lib/python3.10/site-packages/airflow/example_dags/example_short_circuit_decorator.py took 0.162 seconds
[2025-11-13T10:53:07.990+0530] {processor.py:161} INFO - Started process (PID=22011) to work on /home/logi/txtai/venv/lib/python3.10/site-packages/airflow/example_dags/example_short_circuit_decorator.py
[2025-11-13T10:53:07.991+0530] {processor.py:830} INFO - Processing file /home/logi/txtai/venv/lib/python3.10/site-packages/airflow/example_dags/example_short_circuit_decorator.py for tasks to queue
[2025-11-13T10:53:07.992+0530] {logging_mixin.py:188} INFO - [2025-11-13T10:53:07.992+0530] {dagbag.py:545} INFO - Filling up the DagBag from /home/logi/txtai/venv/lib/python3.10/site-packages/airflow/example_dags/example_short_circuit_decorator.py
[2025-11-13T10:53:08.001+0530] {processor.py:840} INFO - DAG(s) 'example_short_circuit_decorator' retrieved from /home/logi/txtai/venv/lib/python3.10/site-packages/airflow/example_dags/example_short_circuit_decorator.py
[2025-11-13T10:53:08.045+0530] {logging_mixin.py:188} INFO - [2025-11-13T10:53:08.045+0530] {dag.py:3089} INFO - Sync 1 DAGs
[2025-11-13T10:53:08.081+0530] {logging_mixin.py:188} INFO - [2025-11-13T10:53:08.081+0530] {dag.py:3947} INFO - Setting next_dagrun for example_short_circuit_decorator to 2025-11-12 00:00:00+00:00, run_after=2025-11-13 00:00:00+00:00
[2025-11-13T10:53:08.104+0530] {processor.py:183} INFO - Processing /home/logi/txtai/venv/lib/python3.10/site-packages/airflow/example_dags/example_short_circuit_decorator.py took 0.121 seconds
[2025-11-13T10:53:39.185+0530] {processor.py:161} INFO - Started process (PID=22243) to work on /home/logi/txtai/venv/lib/python3.10/site-packages/airflow/example_dags/example_short_circuit_decorator.py
[2025-11-13T10:53:39.188+0530] {processor.py:830} INFO - Processing file /home/logi/txtai/venv/lib/python3.10/site-packages/airflow/example_dags/example_short_circuit_decorator.py for tasks to queue
[2025-11-13T10:53:39.190+0530] {logging_mixin.py:188} INFO - [2025-11-13T10:53:39.190+0530] {dagbag.py:545} INFO - Filling up the DagBag from /home/logi/txtai/venv/lib/python3.10/site-packages/airflow/example_dags/example_short_circuit_decorator.py
[2025-11-13T10:53:39.206+0530] {processor.py:840} INFO - DAG(s) 'example_short_circuit_decorator' retrieved from /home/logi/txtai/venv/lib/python3.10/site-packages/airflow/example_dags/example_short_circuit_decorator.py
[2025-11-13T10:53:39.266+0530] {logging_mixin.py:188} INFO - [2025-11-13T10:53:39.266+0530] {dag.py:3089} INFO - Sync 1 DAGs
[2025-11-13T10:53:39.305+0530] {logging_mixin.py:188} INFO - [2025-11-13T10:53:39.305+0530] {dag.py:3947} INFO - Setting next_dagrun for example_short_circuit_decorator to 2025-11-12 00:00:00+00:00, run_after=2025-11-13 00:00:00+00:00
[2025-11-13T10:53:39.340+0530] {processor.py:183} INFO - Processing /home/logi/txtai/venv/lib/python3.10/site-packages/airflow/example_dags/example_short_circuit_decorator.py took 0.169 seconds
[2025-11-13T10:54:10.503+0530] {processor.py:161} INFO - Started process (PID=22385) to work on /home/logi/txtai/venv/lib/python3.10/site-packages/airflow/example_dags/example_short_circuit_decorator.py
[2025-11-13T10:54:10.505+0530] {processor.py:830} INFO - Processing file /home/logi/txtai/venv/lib/python3.10/site-packages/airflow/example_dags/example_short_circuit_decorator.py for tasks to queue
[2025-11-13T10:54:10.508+0530] {logging_mixin.py:188} INFO - [2025-11-13T10:54:10.507+0530] {dagbag.py:545} INFO - Filling up the DagBag from /home/logi/txtai/venv/lib/python3.10/site-packages/airflow/example_dags/example_short_circuit_decorator.py
[2025-11-13T10:54:10.523+0530] {processor.py:840} INFO - DAG(s) 'example_short_circuit_decorator' retrieved from /home/logi/txtai/venv/lib/python3.10/site-packages/airflow/example_dags/example_short_circuit_decorator.py
[2025-11-13T10:54:10.588+0530] {logging_mixin.py:188} INFO - [2025-11-13T10:54:10.587+0530] {dag.py:3089} INFO - Sync 1 DAGs
[2025-11-13T10:54:10.629+0530] {logging_mixin.py:188} INFO - [2025-11-13T10:54:10.629+0530] {dag.py:3947} INFO - Setting next_dagrun for example_short_circuit_decorator to 2025-11-12 00:00:00+00:00, run_after=2025-11-13 00:00:00+00:00
[2025-11-13T10:54:10.666+0530] {processor.py:183} INFO - Processing /home/logi/txtai/venv/lib/python3.10/site-packages/airflow/example_dags/example_short_circuit_decorator.py took 0.175 seconds
[2025-11-13T10:54:41.779+0530] {processor.py:161} INFO - Started process (PID=22587) to work on /home/logi/txtai/venv/lib/python3.10/site-packages/airflow/example_dags/example_short_circuit_decorator.py
[2025-11-13T10:54:41.781+0530] {processor.py:830} INFO - Processing file /home/logi/txtai/venv/lib/python3.10/site-packages/airflow/example_dags/example_short_circuit_decorator.py for tasks to queue
[2025-11-13T10:54:41.784+0530] {logging_mixin.py:188} INFO - [2025-11-13T10:54:41.783+0530] {dagbag.py:545} INFO - Filling up the DagBag from /home/logi/txtai/venv/lib/python3.10/site-packages/airflow/example_dags/example_short_circuit_decorator.py
[2025-11-13T10:54:41.799+0530] {processor.py:840} INFO - DAG(s) 'example_short_circuit_decorator' retrieved from /home/logi/txtai/venv/lib/python3.10/site-packages/airflow/example_dags/example_short_circuit_decorator.py
[2025-11-13T10:54:41.863+0530] {logging_mixin.py:188} INFO - [2025-11-13T10:54:41.863+0530] {dag.py:3089} INFO - Sync 1 DAGs
[2025-11-13T10:54:41.901+0530] {logging_mixin.py:188} INFO - [2025-11-13T10:54:41.901+0530] {dag.py:3947} INFO - Setting next_dagrun for example_short_circuit_decorator to 2025-11-12 00:00:00+00:00, run_after=2025-11-13 00:00:00+00:00
[2025-11-13T10:54:41.936+0530] {processor.py:183} INFO - Processing /home/logi/txtai/venv/lib/python3.10/site-packages/airflow/example_dags/example_short_circuit_decorator.py took 0.169 seconds
[2025-11-13T10:55:13.273+0530] {processor.py:161} INFO - Started process (PID=22877) to work on /home/logi/txtai/venv/lib/python3.10/site-packages/airflow/example_dags/example_short_circuit_decorator.py
[2025-11-13T10:55:13.275+0530] {processor.py:830} INFO - Processing file /home/logi/txtai/venv/lib/python3.10/site-packages/airflow/example_dags/example_short_circuit_decorator.py for tasks to queue
[2025-11-13T10:55:13.277+0530] {logging_mixin.py:188} INFO - [2025-11-13T10:55:13.276+0530] {dagbag.py:545} INFO - Filling up the DagBag from /home/logi/txtai/venv/lib/python3.10/site-packages/airflow/example_dags/example_short_circuit_decorator.py
[2025-11-13T10:55:13.287+0530] {processor.py:840} INFO - DAG(s) 'example_short_circuit_decorator' retrieved from /home/logi/txtai/venv/lib/python3.10/site-packages/airflow/example_dags/example_short_circuit_decorator.py
[2025-11-13T10:55:13.328+0530] {logging_mixin.py:188} INFO - [2025-11-13T10:55:13.328+0530] {dag.py:3089} INFO - Sync 1 DAGs
[2025-11-13T10:55:13.353+0530] {logging_mixin.py:188} INFO - [2025-11-13T10:55:13.352+0530] {dag.py:3947} INFO - Setting next_dagrun for example_short_circuit_decorator to 2025-11-12 00:00:00+00:00, run_after=2025-11-13 00:00:00+00:00
[2025-11-13T10:55:13.372+0530] {processor.py:183} INFO - Processing /home/logi/txtai/venv/lib/python3.10/site-packages/airflow/example_dags/example_short_circuit_decorator.py took 0.105 seconds
[2025-11-13T10:55:44.924+0530] {processor.py:161} INFO - Started process (PID=23282) to work on /home/logi/txtai/venv/lib/python3.10/site-packages/airflow/example_dags/example_short_circuit_decorator.py
[2025-11-13T10:55:44.926+0530] {processor.py:830} INFO - Processing file /home/logi/txtai/venv/lib/python3.10/site-packages/airflow/example_dags/example_short_circuit_decorator.py for tasks to queue
[2025-11-13T10:55:44.929+0530] {logging_mixin.py:188} INFO - [2025-11-13T10:55:44.928+0530] {dagbag.py:545} INFO - Filling up the DagBag from /home/logi/txtai/venv/lib/python3.10/site-packages/airflow/example_dags/example_short_circuit_decorator.py
[2025-11-13T10:55:44.944+0530] {processor.py:840} INFO - DAG(s) 'example_short_circuit_decorator' retrieved from /home/logi/txtai/venv/lib/python3.10/site-packages/airflow/example_dags/example_short_circuit_decorator.py
[2025-11-13T10:55:44.996+0530] {logging_mixin.py:188} INFO - [2025-11-13T10:55:44.995+0530] {dag.py:3089} INFO - Sync 1 DAGs
[2025-11-13T10:55:45.031+0530] {logging_mixin.py:188} INFO - [2025-11-13T10:55:45.030+0530] {dag.py:3947} INFO - Setting next_dagrun for example_short_circuit_decorator to 2025-11-12 00:00:00+00:00, run_after=2025-11-13 00:00:00+00:00
[2025-11-13T10:55:45.064+0530] {processor.py:183} INFO - Processing /home/logi/txtai/venv/lib/python3.10/site-packages/airflow/example_dags/example_short_circuit_decorator.py took 0.154 seconds
[2025-11-13T10:56:15.988+0530] {processor.py:161} INFO - Started process (PID=23601) to work on /home/logi/txtai/venv/lib/python3.10/site-packages/airflow/example_dags/example_short_circuit_decorator.py
[2025-11-13T10:56:15.990+0530] {processor.py:830} INFO - Processing file /home/logi/txtai/venv/lib/python3.10/site-packages/airflow/example_dags/example_short_circuit_decorator.py for tasks to queue
[2025-11-13T10:56:15.993+0530] {logging_mixin.py:188} INFO - [2025-11-13T10:56:15.993+0530] {dagbag.py:545} INFO - Filling up the DagBag from /home/logi/txtai/venv/lib/python3.10/site-packages/airflow/example_dags/example_short_circuit_decorator.py
[2025-11-13T10:56:16.009+0530] {processor.py:840} INFO - DAG(s) 'example_short_circuit_decorator' retrieved from /home/logi/txtai/venv/lib/python3.10/site-packages/airflow/example_dags/example_short_circuit_decorator.py
[2025-11-13T10:56:16.073+0530] {logging_mixin.py:188} INFO - [2025-11-13T10:56:16.073+0530] {dag.py:3089} INFO - Sync 1 DAGs
[2025-11-13T10:56:16.117+0530] {logging_mixin.py:188} INFO - [2025-11-13T10:56:16.117+0530] {dag.py:3947} INFO - Setting next_dagrun for example_short_circuit_decorator to 2025-11-12 00:00:00+00:00, run_after=2025-11-13 00:00:00+00:00
[2025-11-13T10:56:16.156+0530] {processor.py:183} INFO - Processing /home/logi/txtai/venv/lib/python3.10/site-packages/airflow/example_dags/example_short_circuit_decorator.py took 0.180 seconds
[2025-11-13T10:56:47.385+0530] {processor.py:161} INFO - Started process (PID=23752) to work on /home/logi/txtai/venv/lib/python3.10/site-packages/airflow/example_dags/example_short_circuit_decorator.py
[2025-11-13T10:56:47.386+0530] {processor.py:830} INFO - Processing file /home/logi/txtai/venv/lib/python3.10/site-packages/airflow/example_dags/example_short_circuit_decorator.py for tasks to queue
[2025-11-13T10:56:47.388+0530] {logging_mixin.py:188} INFO - [2025-11-13T10:56:47.387+0530] {dagbag.py:545} INFO - Filling up the DagBag from /home/logi/txtai/venv/lib/python3.10/site-packages/airflow/example_dags/example_short_circuit_decorator.py
[2025-11-13T10:56:47.395+0530] {processor.py:840} INFO - DAG(s) 'example_short_circuit_decorator' retrieved from /home/logi/txtai/venv/lib/python3.10/site-packages/airflow/example_dags/example_short_circuit_decorator.py
[2025-11-13T10:56:47.429+0530] {logging_mixin.py:188} INFO - [2025-11-13T10:56:47.429+0530] {dag.py:3089} INFO - Sync 1 DAGs
[2025-11-13T10:56:47.452+0530] {logging_mixin.py:188} INFO - [2025-11-13T10:56:47.451+0530] {dag.py:3947} INFO - Setting next_dagrun for example_short_circuit_decorator to 2025-11-12 00:00:00+00:00, run_after=2025-11-13 00:00:00+00:00
[2025-11-13T10:56:47.471+0530] {processor.py:183} INFO - Processing /home/logi/txtai/venv/lib/python3.10/site-packages/airflow/example_dags/example_short_circuit_decorator.py took 0.092 seconds
[2025-11-13T10:57:17.780+0530] {processor.py:161} INFO - Started process (PID=23881) to work on /home/logi/txtai/venv/lib/python3.10/site-packages/airflow/example_dags/example_short_circuit_decorator.py
[2025-11-13T10:57:17.783+0530] {processor.py:830} INFO - Processing file /home/logi/txtai/venv/lib/python3.10/site-packages/airflow/example_dags/example_short_circuit_decorator.py for tasks to queue
[2025-11-13T10:57:17.786+0530] {logging_mixin.py:188} INFO - [2025-11-13T10:57:17.785+0530] {dagbag.py:545} INFO - Filling up the DagBag from /home/logi/txtai/venv/lib/python3.10/site-packages/airflow/example_dags/example_short_circuit_decorator.py
[2025-11-13T10:57:17.801+0530] {processor.py:840} INFO - DAG(s) 'example_short_circuit_decorator' retrieved from /home/logi/txtai/venv/lib/python3.10/site-packages/airflow/example_dags/example_short_circuit_decorator.py
[2025-11-13T10:57:17.862+0530] {logging_mixin.py:188} INFO - [2025-11-13T10:57:17.862+0530] {dag.py:3089} INFO - Sync 1 DAGs
[2025-11-13T10:57:17.905+0530] {logging_mixin.py:188} INFO - [2025-11-13T10:57:17.904+0530] {dag.py:3947} INFO - Setting next_dagrun for example_short_circuit_decorator to 2025-11-12 00:00:00+00:00, run_after=2025-11-13 00:00:00+00:00
[2025-11-13T10:57:17.953+0530] {processor.py:183} INFO - Processing /home/logi/txtai/venv/lib/python3.10/site-packages/airflow/example_dags/example_short_circuit_decorator.py took 0.185 seconds
[2025-11-13T10:57:48.151+0530] {processor.py:161} INFO - Started process (PID=24013) to work on /home/logi/txtai/venv/lib/python3.10/site-packages/airflow/example_dags/example_short_circuit_decorator.py
[2025-11-13T10:57:48.153+0530] {processor.py:830} INFO - Processing file /home/logi/txtai/venv/lib/python3.10/site-packages/airflow/example_dags/example_short_circuit_decorator.py for tasks to queue
[2025-11-13T10:57:48.157+0530] {logging_mixin.py:188} INFO - [2025-11-13T10:57:48.156+0530] {dagbag.py:545} INFO - Filling up the DagBag from /home/logi/txtai/venv/lib/python3.10/site-packages/airflow/example_dags/example_short_circuit_decorator.py
[2025-11-13T10:57:48.174+0530] {processor.py:840} INFO - DAG(s) 'example_short_circuit_decorator' retrieved from /home/logi/txtai/venv/lib/python3.10/site-packages/airflow/example_dags/example_short_circuit_decorator.py
[2025-11-13T10:57:48.231+0530] {logging_mixin.py:188} INFO - [2025-11-13T10:57:48.230+0530] {dag.py:3089} INFO - Sync 1 DAGs
[2025-11-13T10:57:48.262+0530] {logging_mixin.py:188} INFO - [2025-11-13T10:57:48.262+0530] {dag.py:3947} INFO - Setting next_dagrun for example_short_circuit_decorator to 2025-11-12 00:00:00+00:00, run_after=2025-11-13 00:00:00+00:00
[2025-11-13T10:57:48.296+0530] {processor.py:183} INFO - Processing /home/logi/txtai/venv/lib/python3.10/site-packages/airflow/example_dags/example_short_circuit_decorator.py took 0.157 seconds
[2025-11-13T10:58:18.487+0530] {processor.py:161} INFO - Started process (PID=24154) to work on /home/logi/txtai/venv/lib/python3.10/site-packages/airflow/example_dags/example_short_circuit_decorator.py
[2025-11-13T10:58:18.489+0530] {processor.py:830} INFO - Processing file /home/logi/txtai/venv/lib/python3.10/site-packages/airflow/example_dags/example_short_circuit_decorator.py for tasks to queue
[2025-11-13T10:58:18.492+0530] {logging_mixin.py:188} INFO - [2025-11-13T10:58:18.492+0530] {dagbag.py:545} INFO - Filling up the DagBag from /home/logi/txtai/venv/lib/python3.10/site-packages/airflow/example_dags/example_short_circuit_decorator.py
[2025-11-13T10:58:18.508+0530] {processor.py:840} INFO - DAG(s) 'example_short_circuit_decorator' retrieved from /home/logi/txtai/venv/lib/python3.10/site-packages/airflow/example_dags/example_short_circuit_decorator.py
[2025-11-13T10:58:18.573+0530] {logging_mixin.py:188} INFO - [2025-11-13T10:58:18.572+0530] {dag.py:3089} INFO - Sync 1 DAGs
[2025-11-13T10:58:18.613+0530] {logging_mixin.py:188} INFO - [2025-11-13T10:58:18.613+0530] {dag.py:3947} INFO - Setting next_dagrun for example_short_circuit_decorator to 2025-11-12 00:00:00+00:00, run_after=2025-11-13 00:00:00+00:00
[2025-11-13T10:58:18.665+0530] {processor.py:183} INFO - Processing /home/logi/txtai/venv/lib/python3.10/site-packages/airflow/example_dags/example_short_circuit_decorator.py took 0.190 seconds
[2025-11-13T10:58:48.885+0530] {processor.py:161} INFO - Started process (PID=24296) to work on /home/logi/txtai/venv/lib/python3.10/site-packages/airflow/example_dags/example_short_circuit_decorator.py
[2025-11-13T10:58:48.887+0530] {processor.py:830} INFO - Processing file /home/logi/txtai/venv/lib/python3.10/site-packages/airflow/example_dags/example_short_circuit_decorator.py for tasks to queue
[2025-11-13T10:58:48.890+0530] {logging_mixin.py:188} INFO - [2025-11-13T10:58:48.889+0530] {dagbag.py:545} INFO - Filling up the DagBag from /home/logi/txtai/venv/lib/python3.10/site-packages/airflow/example_dags/example_short_circuit_decorator.py
[2025-11-13T10:58:48.904+0530] {processor.py:840} INFO - DAG(s) 'example_short_circuit_decorator' retrieved from /home/logi/txtai/venv/lib/python3.10/site-packages/airflow/example_dags/example_short_circuit_decorator.py
[2025-11-13T10:58:48.970+0530] {logging_mixin.py:188} INFO - [2025-11-13T10:58:48.970+0530] {dag.py:3089} INFO - Sync 1 DAGs
[2025-11-13T10:58:49.011+0530] {logging_mixin.py:188} INFO - [2025-11-13T10:58:49.011+0530] {dag.py:3947} INFO - Setting next_dagrun for example_short_circuit_decorator to 2025-11-12 00:00:00+00:00, run_after=2025-11-13 00:00:00+00:00
[2025-11-13T10:58:49.258+0530] {processor.py:183} INFO - Processing /home/logi/txtai/venv/lib/python3.10/site-packages/airflow/example_dags/example_short_circuit_decorator.py took 0.384 seconds
[2025-11-13T10:59:19.317+0530] {processor.py:161} INFO - Started process (PID=24499) to work on /home/logi/txtai/venv/lib/python3.10/site-packages/airflow/example_dags/example_short_circuit_decorator.py
[2025-11-13T10:59:19.319+0530] {processor.py:830} INFO - Processing file /home/logi/txtai/venv/lib/python3.10/site-packages/airflow/example_dags/example_short_circuit_decorator.py for tasks to queue
[2025-11-13T10:59:19.322+0530] {logging_mixin.py:188} INFO - [2025-11-13T10:59:19.321+0530] {dagbag.py:545} INFO - Filling up the DagBag from /home/logi/txtai/venv/lib/python3.10/site-packages/airflow/example_dags/example_short_circuit_decorator.py
[2025-11-13T10:59:19.334+0530] {processor.py:840} INFO - DAG(s) 'example_short_circuit_decorator' retrieved from /home/logi/txtai/venv/lib/python3.10/site-packages/airflow/example_dags/example_short_circuit_decorator.py
[2025-11-13T10:59:19.399+0530] {logging_mixin.py:188} INFO - [2025-11-13T10:59:19.398+0530] {dag.py:3089} INFO - Sync 1 DAGs
[2025-11-13T10:59:19.443+0530] {logging_mixin.py:188} INFO - [2025-11-13T10:59:19.443+0530] {dag.py:3947} INFO - Setting next_dagrun for example_short_circuit_decorator to 2025-11-12 00:00:00+00:00, run_after=2025-11-13 00:00:00+00:00
[2025-11-13T10:59:19.668+0530] {processor.py:183} INFO - Processing /home/logi/txtai/venv/lib/python3.10/site-packages/airflow/example_dags/example_short_circuit_decorator.py took 0.363 seconds
[2025-11-13T10:59:49.950+0530] {processor.py:161} INFO - Started process (PID=24641) to work on /home/logi/txtai/venv/lib/python3.10/site-packages/airflow/example_dags/example_short_circuit_decorator.py
[2025-11-13T10:59:49.952+0530] {processor.py:830} INFO - Processing file /home/logi/txtai/venv/lib/python3.10/site-packages/airflow/example_dags/example_short_circuit_decorator.py for tasks to queue
[2025-11-13T10:59:49.955+0530] {logging_mixin.py:188} INFO - [2025-11-13T10:59:49.954+0530] {dagbag.py:545} INFO - Filling up the DagBag from /home/logi/txtai/venv/lib/python3.10/site-packages/airflow/example_dags/example_short_circuit_decorator.py
[2025-11-13T10:59:49.968+0530] {processor.py:840} INFO - DAG(s) 'example_short_circuit_decorator' retrieved from /home/logi/txtai/venv/lib/python3.10/site-packages/airflow/example_dags/example_short_circuit_decorator.py
[2025-11-13T10:59:50.030+0530] {logging_mixin.py:188} INFO - [2025-11-13T10:59:50.030+0530] {dag.py:3089} INFO - Sync 1 DAGs
[2025-11-13T10:59:50.173+0530] {logging_mixin.py:188} INFO - [2025-11-13T10:59:50.173+0530] {dag.py:3947} INFO - Setting next_dagrun for example_short_circuit_decorator to 2025-11-12 00:00:00+00:00, run_after=2025-11-13 00:00:00+00:00
[2025-11-13T10:59:50.206+0530] {processor.py:183} INFO - Processing /home/logi/txtai/venv/lib/python3.10/site-packages/airflow/example_dags/example_short_circuit_decorator.py took 0.268 seconds
[2025-11-13T11:00:20.311+0530] {processor.py:161} INFO - Started process (PID=24994) to work on /home/logi/txtai/venv/lib/python3.10/site-packages/airflow/example_dags/example_short_circuit_decorator.py
[2025-11-13T11:00:20.313+0530] {processor.py:830} INFO - Processing file /home/logi/txtai/venv/lib/python3.10/site-packages/airflow/example_dags/example_short_circuit_decorator.py for tasks to queue
[2025-11-13T11:00:20.315+0530] {logging_mixin.py:188} INFO - [2025-11-13T11:00:20.315+0530] {dagbag.py:545} INFO - Filling up the DagBag from /home/logi/txtai/venv/lib/python3.10/site-packages/airflow/example_dags/example_short_circuit_decorator.py
[2025-11-13T11:00:20.329+0530] {processor.py:840} INFO - DAG(s) 'example_short_circuit_decorator' retrieved from /home/logi/txtai/venv/lib/python3.10/site-packages/airflow/example_dags/example_short_circuit_decorator.py
[2025-11-13T11:00:20.392+0530] {logging_mixin.py:188} INFO - [2025-11-13T11:00:20.392+0530] {dag.py:3089} INFO - Sync 1 DAGs
[2025-11-13T11:00:20.547+0530] {logging_mixin.py:188} INFO - [2025-11-13T11:00:20.547+0530] {dag.py:3947} INFO - Setting next_dagrun for example_short_circuit_decorator to 2025-11-12 00:00:00+00:00, run_after=2025-11-13 00:00:00+00:00
[2025-11-13T11:00:20.570+0530] {processor.py:183} INFO - Processing /home/logi/txtai/venv/lib/python3.10/site-packages/airflow/example_dags/example_short_circuit_decorator.py took 0.270 seconds
[2025-11-13T11:00:51.307+0530] {processor.py:161} INFO - Started process (PID=25545) to work on /home/logi/txtai/venv/lib/python3.10/site-packages/airflow/example_dags/example_short_circuit_decorator.py
[2025-11-13T11:00:51.308+0530] {processor.py:830} INFO - Processing file /home/logi/txtai/venv/lib/python3.10/site-packages/airflow/example_dags/example_short_circuit_decorator.py for tasks to queue
[2025-11-13T11:00:51.310+0530] {logging_mixin.py:188} INFO - [2025-11-13T11:00:51.310+0530] {dagbag.py:545} INFO - Filling up the DagBag from /home/logi/txtai/venv/lib/python3.10/site-packages/airflow/example_dags/example_short_circuit_decorator.py
[2025-11-13T11:00:51.318+0530] {processor.py:840} INFO - DAG(s) 'example_short_circuit_decorator' retrieved from /home/logi/txtai/venv/lib/python3.10/site-packages/airflow/example_dags/example_short_circuit_decorator.py
[2025-11-13T11:00:51.533+0530] {logging_mixin.py:188} INFO - [2025-11-13T11:00:51.532+0530] {dag.py:3089} INFO - Sync 1 DAGs
[2025-11-13T11:00:51.554+0530] {logging_mixin.py:188} INFO - [2025-11-13T11:00:51.554+0530] {dag.py:3947} INFO - Setting next_dagrun for example_short_circuit_decorator to 2025-11-12 00:00:00+00:00, run_after=2025-11-13 00:00:00+00:00
[2025-11-13T11:00:51.589+0530] {processor.py:183} INFO - Processing /home/logi/txtai/venv/lib/python3.10/site-packages/airflow/example_dags/example_short_circuit_decorator.py took 0.289 seconds
[2025-11-13T11:01:21.781+0530] {processor.py:161} INFO - Started process (PID=25687) to work on /home/logi/txtai/venv/lib/python3.10/site-packages/airflow/example_dags/example_short_circuit_decorator.py
[2025-11-13T11:01:21.783+0530] {processor.py:830} INFO - Processing file /home/logi/txtai/venv/lib/python3.10/site-packages/airflow/example_dags/example_short_circuit_decorator.py for tasks to queue
[2025-11-13T11:01:21.786+0530] {logging_mixin.py:188} INFO - [2025-11-13T11:01:21.785+0530] {dagbag.py:545} INFO - Filling up the DagBag from /home/logi/txtai/venv/lib/python3.10/site-packages/airflow/example_dags/example_short_circuit_decorator.py
[2025-11-13T11:01:21.801+0530] {processor.py:840} INFO - DAG(s) 'example_short_circuit_decorator' retrieved from /home/logi/txtai/venv/lib/python3.10/site-packages/airflow/example_dags/example_short_circuit_decorator.py
[2025-11-13T11:01:21.846+0530] {logging_mixin.py:188} INFO - [2025-11-13T11:01:21.846+0530] {dag.py:3089} INFO - Sync 1 DAGs
[2025-11-13T11:01:21.869+0530] {logging_mixin.py:188} INFO - [2025-11-13T11:01:21.869+0530] {dag.py:3947} INFO - Setting next_dagrun for example_short_circuit_decorator to 2025-11-12 00:00:00+00:00, run_after=2025-11-13 00:00:00+00:00
[2025-11-13T11:01:21.892+0530] {processor.py:183} INFO - Processing /home/logi/txtai/venv/lib/python3.10/site-packages/airflow/example_dags/example_short_circuit_decorator.py took 0.123 seconds
[2025-11-13T11:01:52.043+0530] {processor.py:161} INFO - Started process (PID=25833) to work on /home/logi/txtai/venv/lib/python3.10/site-packages/airflow/example_dags/example_short_circuit_decorator.py
[2025-11-13T11:01:52.045+0530] {processor.py:830} INFO - Processing file /home/logi/txtai/venv/lib/python3.10/site-packages/airflow/example_dags/example_short_circuit_decorator.py for tasks to queue
[2025-11-13T11:01:52.048+0530] {logging_mixin.py:188} INFO - [2025-11-13T11:01:52.047+0530] {dagbag.py:545} INFO - Filling up the DagBag from /home/logi/txtai/venv/lib/python3.10/site-packages/airflow/example_dags/example_short_circuit_decorator.py
[2025-11-13T11:01:52.063+0530] {processor.py:840} INFO - DAG(s) 'example_short_circuit_decorator' retrieved from /home/logi/txtai/venv/lib/python3.10/site-packages/airflow/example_dags/example_short_circuit_decorator.py
[2025-11-13T11:01:52.130+0530] {logging_mixin.py:188} INFO - [2025-11-13T11:01:52.129+0530] {dag.py:3089} INFO - Sync 1 DAGs
[2025-11-13T11:01:52.171+0530] {logging_mixin.py:188} INFO - [2025-11-13T11:01:52.170+0530] {dag.py:3947} INFO - Setting next_dagrun for example_short_circuit_decorator to 2025-11-12 00:00:00+00:00, run_after=2025-11-13 00:00:00+00:00
[2025-11-13T11:01:52.222+0530] {processor.py:183} INFO - Processing /home/logi/txtai/venv/lib/python3.10/site-packages/airflow/example_dags/example_short_circuit_decorator.py took 0.192 seconds
[2025-11-13T11:02:22.671+0530] {processor.py:161} INFO - Started process (PID=25997) to work on /home/logi/txtai/venv/lib/python3.10/site-packages/airflow/example_dags/example_short_circuit_decorator.py
[2025-11-13T11:02:22.673+0530] {processor.py:830} INFO - Processing file /home/logi/txtai/venv/lib/python3.10/site-packages/airflow/example_dags/example_short_circuit_decorator.py for tasks to queue
[2025-11-13T11:02:22.676+0530] {logging_mixin.py:188} INFO - [2025-11-13T11:02:22.675+0530] {dagbag.py:545} INFO - Filling up the DagBag from /home/logi/txtai/venv/lib/python3.10/site-packages/airflow/example_dags/example_short_circuit_decorator.py
[2025-11-13T11:02:22.693+0530] {processor.py:840} INFO - DAG(s) 'example_short_circuit_decorator' retrieved from /home/logi/txtai/venv/lib/python3.10/site-packages/airflow/example_dags/example_short_circuit_decorator.py
[2025-11-13T11:02:22.759+0530] {logging_mixin.py:188} INFO - [2025-11-13T11:02:22.758+0530] {dag.py:3089} INFO - Sync 1 DAGs
[2025-11-13T11:02:22.800+0530] {logging_mixin.py:188} INFO - [2025-11-13T11:02:22.800+0530] {dag.py:3947} INFO - Setting next_dagrun for example_short_circuit_decorator to 2025-11-12 00:00:00+00:00, run_after=2025-11-13 00:00:00+00:00
[2025-11-13T11:02:22.839+0530] {processor.py:183} INFO - Processing /home/logi/txtai/venv/lib/python3.10/site-packages/airflow/example_dags/example_short_circuit_decorator.py took 0.181 seconds
[2025-11-13T11:02:53.011+0530] {processor.py:161} INFO - Started process (PID=26170) to work on /home/logi/txtai/venv/lib/python3.10/site-packages/airflow/example_dags/example_short_circuit_decorator.py
[2025-11-13T11:02:53.014+0530] {processor.py:830} INFO - Processing file /home/logi/txtai/venv/lib/python3.10/site-packages/airflow/example_dags/example_short_circuit_decorator.py for tasks to queue
[2025-11-13T11:02:53.017+0530] {logging_mixin.py:188} INFO - [2025-11-13T11:02:53.016+0530] {dagbag.py:545} INFO - Filling up the DagBag from /home/logi/txtai/venv/lib/python3.10/site-packages/airflow/example_dags/example_short_circuit_decorator.py
[2025-11-13T11:02:53.034+0530] {processor.py:840} INFO - DAG(s) 'example_short_circuit_decorator' retrieved from /home/logi/txtai/venv/lib/python3.10/site-packages/airflow/example_dags/example_short_circuit_decorator.py
[2025-11-13T11:02:53.106+0530] {logging_mixin.py:188} INFO - [2025-11-13T11:02:53.105+0530] {dag.py:3089} INFO - Sync 1 DAGs
[2025-11-13T11:02:53.142+0530] {logging_mixin.py:188} INFO - [2025-11-13T11:02:53.141+0530] {dag.py:3947} INFO - Setting next_dagrun for example_short_circuit_decorator to 2025-11-12 00:00:00+00:00, run_after=2025-11-13 00:00:00+00:00
[2025-11-13T11:02:53.172+0530] {processor.py:183} INFO - Processing /home/logi/txtai/venv/lib/python3.10/site-packages/airflow/example_dags/example_short_circuit_decorator.py took 0.174 seconds
[2025-11-13T11:03:23.643+0530] {processor.py:161} INFO - Started process (PID=26318) to work on /home/logi/txtai/venv/lib/python3.10/site-packages/airflow/example_dags/example_short_circuit_decorator.py
[2025-11-13T11:03:23.645+0530] {processor.py:830} INFO - Processing file /home/logi/txtai/venv/lib/python3.10/site-packages/airflow/example_dags/example_short_circuit_decorator.py for tasks to queue
[2025-11-13T11:03:23.648+0530] {logging_mixin.py:188} INFO - [2025-11-13T11:03:23.647+0530] {dagbag.py:545} INFO - Filling up the DagBag from /home/logi/txtai/venv/lib/python3.10/site-packages/airflow/example_dags/example_short_circuit_decorator.py
[2025-11-13T11:03:23.665+0530] {processor.py:840} INFO - DAG(s) 'example_short_circuit_decorator' retrieved from /home/logi/txtai/venv/lib/python3.10/site-packages/airflow/example_dags/example_short_circuit_decorator.py
[2025-11-13T11:03:23.729+0530] {logging_mixin.py:188} INFO - [2025-11-13T11:03:23.728+0530] {dag.py:3089} INFO - Sync 1 DAGs
[2025-11-13T11:03:23.773+0530] {logging_mixin.py:188} INFO - [2025-11-13T11:03:23.773+0530] {dag.py:3947} INFO - Setting next_dagrun for example_short_circuit_decorator to 2025-11-12 00:00:00+00:00, run_after=2025-11-13 00:00:00+00:00
[2025-11-13T11:03:23.822+0530] {processor.py:183} INFO - Processing /home/logi/txtai/venv/lib/python3.10/site-packages/airflow/example_dags/example_short_circuit_decorator.py took 0.192 seconds
[2025-11-13T11:03:54.657+0530] {processor.py:161} INFO - Started process (PID=26459) to work on /home/logi/txtai/venv/lib/python3.10/site-packages/airflow/example_dags/example_short_circuit_decorator.py
[2025-11-13T11:03:54.659+0530] {processor.py:830} INFO - Processing file /home/logi/txtai/venv/lib/python3.10/site-packages/airflow/example_dags/example_short_circuit_decorator.py for tasks to queue
[2025-11-13T11:03:54.662+0530] {logging_mixin.py:188} INFO - [2025-11-13T11:03:54.662+0530] {dagbag.py:545} INFO - Filling up the DagBag from /home/logi/txtai/venv/lib/python3.10/site-packages/airflow/example_dags/example_short_circuit_decorator.py
[2025-11-13T11:03:54.678+0530] {processor.py:840} INFO - DAG(s) 'example_short_circuit_decorator' retrieved from /home/logi/txtai/venv/lib/python3.10/site-packages/airflow/example_dags/example_short_circuit_decorator.py
[2025-11-13T11:03:54.754+0530] {logging_mixin.py:188} INFO - [2025-11-13T11:03:54.754+0530] {dag.py:3089} INFO - Sync 1 DAGs
[2025-11-13T11:03:54.799+0530] {logging_mixin.py:188} INFO - [2025-11-13T11:03:54.798+0530] {dag.py:3947} INFO - Setting next_dagrun for example_short_circuit_decorator to 2025-11-12 00:00:00+00:00, run_after=2025-11-13 00:00:00+00:00
[2025-11-13T11:03:54.854+0530] {processor.py:183} INFO - Processing /home/logi/txtai/venv/lib/python3.10/site-packages/airflow/example_dags/example_short_circuit_decorator.py took 0.209 seconds
[2025-11-13T11:04:24.943+0530] {processor.py:161} INFO - Started process (PID=26603) to work on /home/logi/txtai/venv/lib/python3.10/site-packages/airflow/example_dags/example_short_circuit_decorator.py
[2025-11-13T11:04:24.944+0530] {processor.py:830} INFO - Processing file /home/logi/txtai/venv/lib/python3.10/site-packages/airflow/example_dags/example_short_circuit_decorator.py for tasks to queue
[2025-11-13T11:04:24.947+0530] {logging_mixin.py:188} INFO - [2025-11-13T11:04:24.947+0530] {dagbag.py:545} INFO - Filling up the DagBag from /home/logi/txtai/venv/lib/python3.10/site-packages/airflow/example_dags/example_short_circuit_decorator.py
[2025-11-13T11:04:24.958+0530] {processor.py:840} INFO - DAG(s) 'example_short_circuit_decorator' retrieved from /home/logi/txtai/venv/lib/python3.10/site-packages/airflow/example_dags/example_short_circuit_decorator.py
[2025-11-13T11:04:25.007+0530] {logging_mixin.py:188} INFO - [2025-11-13T11:04:25.006+0530] {dag.py:3089} INFO - Sync 1 DAGs
[2025-11-13T11:04:25.050+0530] {logging_mixin.py:188} INFO - [2025-11-13T11:04:25.049+0530] {dag.py:3947} INFO - Setting next_dagrun for example_short_circuit_decorator to 2025-11-12 00:00:00+00:00, run_after=2025-11-13 00:00:00+00:00
[2025-11-13T11:04:25.098+0530] {processor.py:183} INFO - Processing /home/logi/txtai/venv/lib/python3.10/site-packages/airflow/example_dags/example_short_circuit_decorator.py took 0.166 seconds
[2025-11-13T11:04:55.386+0530] {processor.py:161} INFO - Started process (PID=26744) to work on /home/logi/txtai/venv/lib/python3.10/site-packages/airflow/example_dags/example_short_circuit_decorator.py
[2025-11-13T11:04:55.388+0530] {processor.py:830} INFO - Processing file /home/logi/txtai/venv/lib/python3.10/site-packages/airflow/example_dags/example_short_circuit_decorator.py for tasks to queue
[2025-11-13T11:04:55.391+0530] {logging_mixin.py:188} INFO - [2025-11-13T11:04:55.390+0530] {dagbag.py:545} INFO - Filling up the DagBag from /home/logi/txtai/venv/lib/python3.10/site-packages/airflow/example_dags/example_short_circuit_decorator.py
[2025-11-13T11:04:55.401+0530] {processor.py:840} INFO - DAG(s) 'example_short_circuit_decorator' retrieved from /home/logi/txtai/venv/lib/python3.10/site-packages/airflow/example_dags/example_short_circuit_decorator.py
[2025-11-13T11:04:55.447+0530] {logging_mixin.py:188} INFO - [2025-11-13T11:04:55.447+0530] {dag.py:3089} INFO - Sync 1 DAGs
[2025-11-13T11:04:55.471+0530] {logging_mixin.py:188} INFO - [2025-11-13T11:04:55.471+0530] {dag.py:3947} INFO - Setting next_dagrun for example_short_circuit_decorator to 2025-11-12 00:00:00+00:00, run_after=2025-11-13 00:00:00+00:00
[2025-11-13T11:04:55.497+0530] {processor.py:183} INFO - Processing /home/logi/txtai/venv/lib/python3.10/site-packages/airflow/example_dags/example_short_circuit_decorator.py took 0.122 seconds
[2025-11-13T11:05:27.167+0530] {processor.py:161} INFO - Started process (PID=26940) to work on /home/logi/txtai/venv/lib/python3.10/site-packages/airflow/example_dags/example_short_circuit_decorator.py
[2025-11-13T11:05:27.169+0530] {processor.py:830} INFO - Processing file /home/logi/txtai/venv/lib/python3.10/site-packages/airflow/example_dags/example_short_circuit_decorator.py for tasks to queue
[2025-11-13T11:05:27.172+0530] {logging_mixin.py:188} INFO - [2025-11-13T11:05:27.172+0530] {dagbag.py:545} INFO - Filling up the DagBag from /home/logi/txtai/venv/lib/python3.10/site-packages/airflow/example_dags/example_short_circuit_decorator.py
[2025-11-13T11:05:27.184+0530] {processor.py:840} INFO - DAG(s) 'example_short_circuit_decorator' retrieved from /home/logi/txtai/venv/lib/python3.10/site-packages/airflow/example_dags/example_short_circuit_decorator.py
[2025-11-13T11:05:27.252+0530] {logging_mixin.py:188} INFO - [2025-11-13T11:05:27.252+0530] {dag.py:3089} INFO - Sync 1 DAGs
[2025-11-13T11:05:27.291+0530] {logging_mixin.py:188} INFO - [2025-11-13T11:05:27.291+0530] {dag.py:3947} INFO - Setting next_dagrun for example_short_circuit_decorator to 2025-11-12 00:00:00+00:00, run_after=2025-11-13 00:00:00+00:00
[2025-11-13T11:05:27.341+0530] {processor.py:183} INFO - Processing /home/logi/txtai/venv/lib/python3.10/site-packages/airflow/example_dags/example_short_circuit_decorator.py took 0.195 seconds
