[2025-11-13T05:50:50.247+0530] {processor.py:161} INFO - Started process (PID=6815) to work on /home/logi/txtai/venv/lib/python3.10/site-packages/airflow/example_dags/tutorial_objectstorage.py
[2025-11-13T05:50:50.248+0530] {processor.py:830} INFO - Processing file /home/logi/txtai/venv/lib/python3.10/site-packages/airflow/example_dags/tutorial_objectstorage.py for tasks to queue
[2025-11-13T05:50:50.251+0530] {logging_mixin.py:188} INFO - [2025-11-13T05:50:50.251+0530] {dagbag.py:545} INFO - Filling up the DagBag from /home/logi/txtai/venv/lib/python3.10/site-packages/airflow/example_dags/tutorial_objectstorage.py
[2025-11-13T05:50:50.262+0530] {processor.py:840} INFO - DAG(s) 'tutorial_objectstorage' retrieved from /home/logi/txtai/venv/lib/python3.10/site-packages/airflow/example_dags/tutorial_objectstorage.py
[2025-11-13T05:50:50.339+0530] {logging_mixin.py:188} INFO - [2025-11-13T05:50:50.339+0530] {dag.py:3089} INFO - Sync 1 DAGs
[2025-11-13T05:50:50.347+0530] {logging_mixin.py:188} INFO - [2025-11-13T05:50:50.347+0530] {dag.py:3947} INFO - Setting next_dagrun for tutorial_objectstorage to None, run_after=None
[2025-11-13T05:50:50.382+0530] {processor.py:183} INFO - Processing /home/logi/txtai/venv/lib/python3.10/site-packages/airflow/example_dags/tutorial_objectstorage.py took 0.146 seconds
[2025-11-13T05:52:39.000+0530] {processor.py:161} INFO - Started process (PID=7993) to work on /home/logi/txtai/venv/lib/python3.10/site-packages/airflow/example_dags/tutorial_objectstorage.py
[2025-11-13T05:52:39.002+0530] {processor.py:830} INFO - Processing file /home/logi/txtai/venv/lib/python3.10/site-packages/airflow/example_dags/tutorial_objectstorage.py for tasks to queue
[2025-11-13T05:52:39.005+0530] {logging_mixin.py:188} INFO - [2025-11-13T05:52:39.004+0530] {dagbag.py:545} INFO - Filling up the DagBag from /home/logi/txtai/venv/lib/python3.10/site-packages/airflow/example_dags/tutorial_objectstorage.py
[2025-11-13T05:52:39.017+0530] {processor.py:840} INFO - DAG(s) 'tutorial_objectstorage' retrieved from /home/logi/txtai/venv/lib/python3.10/site-packages/airflow/example_dags/tutorial_objectstorage.py
[2025-11-13T05:52:39.039+0530] {logging_mixin.py:188} INFO - [2025-11-13T05:52:39.039+0530] {dag.py:3089} INFO - Sync 1 DAGs
[2025-11-13T05:52:39.048+0530] {logging_mixin.py:188} INFO - [2025-11-13T05:52:39.047+0530] {dag.py:3947} INFO - Setting next_dagrun for tutorial_objectstorage to None, run_after=None
[2025-11-13T05:52:39.065+0530] {processor.py:183} INFO - Processing /home/logi/txtai/venv/lib/python3.10/site-packages/airflow/example_dags/tutorial_objectstorage.py took 0.075 seconds
[2025-11-13T05:53:56.478+0530] {processor.py:161} INFO - Started process (PID=8659) to work on /home/logi/txtai/venv/lib/python3.10/site-packages/airflow/example_dags/tutorial_objectstorage.py
[2025-11-13T05:53:56.493+0530] {processor.py:830} INFO - Processing file /home/logi/txtai/venv/lib/python3.10/site-packages/airflow/example_dags/tutorial_objectstorage.py for tasks to queue
[2025-11-13T05:53:56.497+0530] {logging_mixin.py:188} INFO - [2025-11-13T05:53:56.496+0530] {dagbag.py:545} INFO - Filling up the DagBag from /home/logi/txtai/venv/lib/python3.10/site-packages/airflow/example_dags/tutorial_objectstorage.py
[2025-11-13T05:53:56.515+0530] {processor.py:840} INFO - DAG(s) 'tutorial_objectstorage' retrieved from /home/logi/txtai/venv/lib/python3.10/site-packages/airflow/example_dags/tutorial_objectstorage.py
[2025-11-13T05:53:56.553+0530] {logging_mixin.py:188} INFO - [2025-11-13T05:53:56.552+0530] {dag.py:3089} INFO - Sync 1 DAGs
[2025-11-13T05:53:56.577+0530] {logging_mixin.py:188} INFO - [2025-11-13T05:53:56.576+0530] {dag.py:3947} INFO - Setting next_dagrun for tutorial_objectstorage to None, run_after=None
[2025-11-13T05:53:56.639+0530] {processor.py:183} INFO - Processing /home/logi/txtai/venv/lib/python3.10/site-packages/airflow/example_dags/tutorial_objectstorage.py took 0.176 seconds
[2025-11-13T05:55:53.307+0530] {processor.py:161} INFO - Started process (PID=9938) to work on /home/logi/txtai/venv/lib/python3.10/site-packages/airflow/example_dags/tutorial_objectstorage.py
[2025-11-13T05:55:53.326+0530] {processor.py:830} INFO - Processing file /home/logi/txtai/venv/lib/python3.10/site-packages/airflow/example_dags/tutorial_objectstorage.py for tasks to queue
[2025-11-13T05:55:53.332+0530] {logging_mixin.py:188} INFO - [2025-11-13T05:55:53.331+0530] {dagbag.py:545} INFO - Filling up the DagBag from /home/logi/txtai/venv/lib/python3.10/site-packages/airflow/example_dags/tutorial_objectstorage.py
[2025-11-13T05:55:53.355+0530] {processor.py:840} INFO - DAG(s) 'tutorial_objectstorage' retrieved from /home/logi/txtai/venv/lib/python3.10/site-packages/airflow/example_dags/tutorial_objectstorage.py
[2025-11-13T05:55:53.399+0530] {logging_mixin.py:188} INFO - [2025-11-13T05:55:53.398+0530] {dag.py:3089} INFO - Sync 1 DAGs
[2025-11-13T05:55:53.422+0530] {logging_mixin.py:188} INFO - [2025-11-13T05:55:53.421+0530] {dag.py:3947} INFO - Setting next_dagrun for tutorial_objectstorage to None, run_after=None
[2025-11-13T05:55:53.479+0530] {processor.py:183} INFO - Processing /home/logi/txtai/venv/lib/python3.10/site-packages/airflow/example_dags/tutorial_objectstorage.py took 0.195 seconds
[2025-11-13T05:58:01.382+0530] {processor.py:161} INFO - Started process (PID=11104) to work on /home/logi/txtai/venv/lib/python3.10/site-packages/airflow/example_dags/tutorial_objectstorage.py
[2025-11-13T05:58:01.397+0530] {processor.py:830} INFO - Processing file /home/logi/txtai/venv/lib/python3.10/site-packages/airflow/example_dags/tutorial_objectstorage.py for tasks to queue
[2025-11-13T05:58:01.400+0530] {logging_mixin.py:188} INFO - [2025-11-13T05:58:01.399+0530] {dagbag.py:545} INFO - Filling up the DagBag from /home/logi/txtai/venv/lib/python3.10/site-packages/airflow/example_dags/tutorial_objectstorage.py
[2025-11-13T05:58:01.413+0530] {processor.py:840} INFO - DAG(s) 'tutorial_objectstorage' retrieved from /home/logi/txtai/venv/lib/python3.10/site-packages/airflow/example_dags/tutorial_objectstorage.py
[2025-11-13T05:58:01.438+0530] {logging_mixin.py:188} INFO - [2025-11-13T05:58:01.438+0530] {dag.py:3089} INFO - Sync 1 DAGs
[2025-11-13T05:58:01.453+0530] {logging_mixin.py:188} INFO - [2025-11-13T05:58:01.453+0530] {dag.py:3947} INFO - Setting next_dagrun for tutorial_objectstorage to None, run_after=None
[2025-11-13T05:58:01.473+0530] {processor.py:183} INFO - Processing /home/logi/txtai/venv/lib/python3.10/site-packages/airflow/example_dags/tutorial_objectstorage.py took 0.107 seconds
[2025-11-13T06:00:35.390+0530] {processor.py:161} INFO - Started process (PID=12878) to work on /home/logi/txtai/venv/lib/python3.10/site-packages/airflow/example_dags/tutorial_objectstorage.py
[2025-11-13T06:00:35.403+0530] {processor.py:830} INFO - Processing file /home/logi/txtai/venv/lib/python3.10/site-packages/airflow/example_dags/tutorial_objectstorage.py for tasks to queue
[2025-11-13T06:00:35.406+0530] {logging_mixin.py:188} INFO - [2025-11-13T06:00:35.405+0530] {dagbag.py:545} INFO - Filling up the DagBag from /home/logi/txtai/venv/lib/python3.10/site-packages/airflow/example_dags/tutorial_objectstorage.py
[2025-11-13T06:00:35.419+0530] {processor.py:840} INFO - DAG(s) 'tutorial_objectstorage' retrieved from /home/logi/txtai/venv/lib/python3.10/site-packages/airflow/example_dags/tutorial_objectstorage.py
[2025-11-13T06:00:35.444+0530] {logging_mixin.py:188} INFO - [2025-11-13T06:00:35.444+0530] {dag.py:3089} INFO - Sync 1 DAGs
[2025-11-13T06:00:35.459+0530] {logging_mixin.py:188} INFO - [2025-11-13T06:00:35.459+0530] {dag.py:3947} INFO - Setting next_dagrun for tutorial_objectstorage to None, run_after=None
[2025-11-13T06:00:35.485+0530] {processor.py:183} INFO - Processing /home/logi/txtai/venv/lib/python3.10/site-packages/airflow/example_dags/tutorial_objectstorage.py took 0.108 seconds
[2025-11-13T06:02:50.574+0530] {processor.py:161} INFO - Started process (PID=14456) to work on /home/logi/txtai/venv/lib/python3.10/site-packages/airflow/example_dags/tutorial_objectstorage.py
[2025-11-13T06:02:50.576+0530] {processor.py:830} INFO - Processing file /home/logi/txtai/venv/lib/python3.10/site-packages/airflow/example_dags/tutorial_objectstorage.py for tasks to queue
[2025-11-13T06:02:50.580+0530] {logging_mixin.py:188} INFO - [2025-11-13T06:02:50.579+0530] {dagbag.py:545} INFO - Filling up the DagBag from /home/logi/txtai/venv/lib/python3.10/site-packages/airflow/example_dags/tutorial_objectstorage.py
[2025-11-13T06:02:50.594+0530] {processor.py:840} INFO - DAG(s) 'tutorial_objectstorage' retrieved from /home/logi/txtai/venv/lib/python3.10/site-packages/airflow/example_dags/tutorial_objectstorage.py
[2025-11-13T06:02:50.621+0530] {logging_mixin.py:188} INFO - [2025-11-13T06:02:50.621+0530] {dag.py:3089} INFO - Sync 1 DAGs
[2025-11-13T06:02:50.634+0530] {logging_mixin.py:188} INFO - [2025-11-13T06:02:50.634+0530] {dag.py:3947} INFO - Setting next_dagrun for tutorial_objectstorage to None, run_after=None
[2025-11-13T06:02:50.658+0530] {processor.py:183} INFO - Processing /home/logi/txtai/venv/lib/python3.10/site-packages/airflow/example_dags/tutorial_objectstorage.py took 0.097 seconds
[2025-11-13T10:40:38.486+0530] {processor.py:161} INFO - Started process (PID=16999) to work on /home/logi/txtai/venv/lib/python3.10/site-packages/airflow/example_dags/tutorial_objectstorage.py
[2025-11-13T10:40:38.488+0530] {processor.py:830} INFO - Processing file /home/logi/txtai/venv/lib/python3.10/site-packages/airflow/example_dags/tutorial_objectstorage.py for tasks to queue
[2025-11-13T10:40:38.491+0530] {logging_mixin.py:188} INFO - [2025-11-13T10:40:38.490+0530] {dagbag.py:545} INFO - Filling up the DagBag from /home/logi/txtai/venv/lib/python3.10/site-packages/airflow/example_dags/tutorial_objectstorage.py
[2025-11-13T10:40:38.505+0530] {processor.py:840} INFO - DAG(s) 'tutorial_objectstorage' retrieved from /home/logi/txtai/venv/lib/python3.10/site-packages/airflow/example_dags/tutorial_objectstorage.py
[2025-11-13T10:40:38.664+0530] {logging_mixin.py:188} INFO - [2025-11-13T10:40:38.664+0530] {override.py:1858} INFO - Created Permission View: can edit on DAG:tutorial_objectstorage
[2025-11-13T10:40:38.673+0530] {logging_mixin.py:188} INFO - [2025-11-13T10:40:38.673+0530] {override.py:1858} INFO - Created Permission View: can read on DAG:tutorial_objectstorage
[2025-11-13T10:40:38.681+0530] {logging_mixin.py:188} INFO - [2025-11-13T10:40:38.680+0530] {override.py:1858} INFO - Created Permission View: can delete on DAG:tutorial_objectstorage
[2025-11-13T10:40:38.681+0530] {logging_mixin.py:188} INFO - [2025-11-13T10:40:38.681+0530] {dag.py:3089} INFO - Sync 1 DAGs
[2025-11-13T10:40:38.693+0530] {logging_mixin.py:188} INFO - [2025-11-13T10:40:38.692+0530] {dag.py:3111} INFO - Creating ORM DAG for tutorial_objectstorage
[2025-11-13T10:40:38.693+0530] {logging_mixin.py:188} INFO - [2025-11-13T10:40:38.693+0530] {dag.py:3947} INFO - Setting next_dagrun for tutorial_objectstorage to None, run_after=None
[2025-11-13T10:40:38.711+0530] {processor.py:183} INFO - Processing /home/logi/txtai/venv/lib/python3.10/site-packages/airflow/example_dags/tutorial_objectstorage.py took 0.236 seconds
[2025-11-13T10:41:09.866+0530] {processor.py:161} INFO - Started process (PID=17389) to work on /home/logi/txtai/venv/lib/python3.10/site-packages/airflow/example_dags/tutorial_objectstorage.py
[2025-11-13T10:41:09.867+0530] {processor.py:830} INFO - Processing file /home/logi/txtai/venv/lib/python3.10/site-packages/airflow/example_dags/tutorial_objectstorage.py for tasks to queue
[2025-11-13T10:41:09.869+0530] {logging_mixin.py:188} INFO - [2025-11-13T10:41:09.868+0530] {dagbag.py:545} INFO - Filling up the DagBag from /home/logi/txtai/venv/lib/python3.10/site-packages/airflow/example_dags/tutorial_objectstorage.py
[2025-11-13T10:41:09.876+0530] {processor.py:840} INFO - DAG(s) 'tutorial_objectstorage' retrieved from /home/logi/txtai/venv/lib/python3.10/site-packages/airflow/example_dags/tutorial_objectstorage.py
[2025-11-13T10:41:09.915+0530] {logging_mixin.py:188} INFO - [2025-11-13T10:41:09.915+0530] {dag.py:3089} INFO - Sync 1 DAGs
[2025-11-13T10:41:09.929+0530] {logging_mixin.py:188} INFO - [2025-11-13T10:41:09.929+0530] {dag.py:3947} INFO - Setting next_dagrun for tutorial_objectstorage to None, run_after=None
[2025-11-13T10:41:09.949+0530] {processor.py:183} INFO - Processing /home/logi/txtai/venv/lib/python3.10/site-packages/airflow/example_dags/tutorial_objectstorage.py took 0.089 seconds
[2025-11-13T10:41:41.665+0530] {processor.py:161} INFO - Started process (PID=18066) to work on /home/logi/txtai/venv/lib/python3.10/site-packages/airflow/example_dags/tutorial_objectstorage.py
[2025-11-13T10:41:41.667+0530] {processor.py:830} INFO - Processing file /home/logi/txtai/venv/lib/python3.10/site-packages/airflow/example_dags/tutorial_objectstorage.py for tasks to queue
[2025-11-13T10:41:41.670+0530] {logging_mixin.py:188} INFO - [2025-11-13T10:41:41.669+0530] {dagbag.py:545} INFO - Filling up the DagBag from /home/logi/txtai/venv/lib/python3.10/site-packages/airflow/example_dags/tutorial_objectstorage.py
[2025-11-13T10:41:41.681+0530] {processor.py:840} INFO - DAG(s) 'tutorial_objectstorage' retrieved from /home/logi/txtai/venv/lib/python3.10/site-packages/airflow/example_dags/tutorial_objectstorage.py
[2025-11-13T10:41:41.729+0530] {logging_mixin.py:188} INFO - [2025-11-13T10:41:41.729+0530] {dag.py:3089} INFO - Sync 1 DAGs
[2025-11-13T10:41:41.748+0530] {logging_mixin.py:188} INFO - [2025-11-13T10:41:41.748+0530] {dag.py:3947} INFO - Setting next_dagrun for tutorial_objectstorage to None, run_after=None
[2025-11-13T10:41:41.785+0530] {processor.py:183} INFO - Processing /home/logi/txtai/venv/lib/python3.10/site-packages/airflow/example_dags/tutorial_objectstorage.py took 0.130 seconds
[2025-11-13T10:42:12.867+0530] {processor.py:161} INFO - Started process (PID=18656) to work on /home/logi/txtai/venv/lib/python3.10/site-packages/airflow/example_dags/tutorial_objectstorage.py
[2025-11-13T10:42:12.869+0530] {processor.py:830} INFO - Processing file /home/logi/txtai/venv/lib/python3.10/site-packages/airflow/example_dags/tutorial_objectstorage.py for tasks to queue
[2025-11-13T10:42:12.872+0530] {logging_mixin.py:188} INFO - [2025-11-13T10:42:12.871+0530] {dagbag.py:545} INFO - Filling up the DagBag from /home/logi/txtai/venv/lib/python3.10/site-packages/airflow/example_dags/tutorial_objectstorage.py
[2025-11-13T10:42:12.883+0530] {processor.py:840} INFO - DAG(s) 'tutorial_objectstorage' retrieved from /home/logi/txtai/venv/lib/python3.10/site-packages/airflow/example_dags/tutorial_objectstorage.py
[2025-11-13T10:42:12.930+0530] {logging_mixin.py:188} INFO - [2025-11-13T10:42:12.930+0530] {dag.py:3089} INFO - Sync 1 DAGs
[2025-11-13T10:42:12.953+0530] {logging_mixin.py:188} INFO - [2025-11-13T10:42:12.953+0530] {dag.py:3947} INFO - Setting next_dagrun for tutorial_objectstorage to None, run_after=None
[2025-11-13T10:42:12.992+0530] {processor.py:183} INFO - Processing /home/logi/txtai/venv/lib/python3.10/site-packages/airflow/example_dags/tutorial_objectstorage.py took 0.131 seconds
[2025-11-13T10:42:44.003+0530] {processor.py:161} INFO - Started process (PID=18944) to work on /home/logi/txtai/venv/lib/python3.10/site-packages/airflow/example_dags/tutorial_objectstorage.py
[2025-11-13T10:42:44.006+0530] {processor.py:830} INFO - Processing file /home/logi/txtai/venv/lib/python3.10/site-packages/airflow/example_dags/tutorial_objectstorage.py for tasks to queue
[2025-11-13T10:42:44.009+0530] {logging_mixin.py:188} INFO - [2025-11-13T10:42:44.008+0530] {dagbag.py:545} INFO - Filling up the DagBag from /home/logi/txtai/venv/lib/python3.10/site-packages/airflow/example_dags/tutorial_objectstorage.py
[2025-11-13T10:42:44.023+0530] {processor.py:840} INFO - DAG(s) 'tutorial_objectstorage' retrieved from /home/logi/txtai/venv/lib/python3.10/site-packages/airflow/example_dags/tutorial_objectstorage.py
[2025-11-13T10:42:44.077+0530] {logging_mixin.py:188} INFO - [2025-11-13T10:42:44.077+0530] {dag.py:3089} INFO - Sync 1 DAGs
[2025-11-13T10:42:44.101+0530] {logging_mixin.py:188} INFO - [2025-11-13T10:42:44.101+0530] {dag.py:3947} INFO - Setting next_dagrun for tutorial_objectstorage to None, run_after=None
[2025-11-13T10:42:44.141+0530] {processor.py:183} INFO - Processing /home/logi/txtai/venv/lib/python3.10/site-packages/airflow/example_dags/tutorial_objectstorage.py took 0.151 seconds
[2025-11-13T10:43:15.012+0530] {processor.py:161} INFO - Started process (PID=19084) to work on /home/logi/txtai/venv/lib/python3.10/site-packages/airflow/example_dags/tutorial_objectstorage.py
[2025-11-13T10:43:15.014+0530] {processor.py:830} INFO - Processing file /home/logi/txtai/venv/lib/python3.10/site-packages/airflow/example_dags/tutorial_objectstorage.py for tasks to queue
[2025-11-13T10:43:15.017+0530] {logging_mixin.py:188} INFO - [2025-11-13T10:43:15.017+0530] {dagbag.py:545} INFO - Filling up the DagBag from /home/logi/txtai/venv/lib/python3.10/site-packages/airflow/example_dags/tutorial_objectstorage.py
[2025-11-13T10:43:15.029+0530] {processor.py:840} INFO - DAG(s) 'tutorial_objectstorage' retrieved from /home/logi/txtai/venv/lib/python3.10/site-packages/airflow/example_dags/tutorial_objectstorage.py
[2025-11-13T10:43:15.078+0530] {logging_mixin.py:188} INFO - [2025-11-13T10:43:15.078+0530] {dag.py:3089} INFO - Sync 1 DAGs
[2025-11-13T10:43:15.099+0530] {logging_mixin.py:188} INFO - [2025-11-13T10:43:15.099+0530] {dag.py:3947} INFO - Setting next_dagrun for tutorial_objectstorage to None, run_after=None
[2025-11-13T10:43:15.133+0530] {processor.py:183} INFO - Processing /home/logi/txtai/venv/lib/python3.10/site-packages/airflow/example_dags/tutorial_objectstorage.py took 0.134 seconds
[2025-11-13T10:43:46.103+0530] {processor.py:161} INFO - Started process (PID=19215) to work on /home/logi/txtai/venv/lib/python3.10/site-packages/airflow/example_dags/tutorial_objectstorage.py
[2025-11-13T10:43:46.105+0530] {processor.py:830} INFO - Processing file /home/logi/txtai/venv/lib/python3.10/site-packages/airflow/example_dags/tutorial_objectstorage.py for tasks to queue
[2025-11-13T10:43:46.109+0530] {logging_mixin.py:188} INFO - [2025-11-13T10:43:46.108+0530] {dagbag.py:545} INFO - Filling up the DagBag from /home/logi/txtai/venv/lib/python3.10/site-packages/airflow/example_dags/tutorial_objectstorage.py
[2025-11-13T10:43:46.123+0530] {processor.py:840} INFO - DAG(s) 'tutorial_objectstorage' retrieved from /home/logi/txtai/venv/lib/python3.10/site-packages/airflow/example_dags/tutorial_objectstorage.py
[2025-11-13T10:43:46.177+0530] {logging_mixin.py:188} INFO - [2025-11-13T10:43:46.176+0530] {dag.py:3089} INFO - Sync 1 DAGs
[2025-11-13T10:43:46.200+0530] {logging_mixin.py:188} INFO - [2025-11-13T10:43:46.200+0530] {dag.py:3947} INFO - Setting next_dagrun for tutorial_objectstorage to None, run_after=None
[2025-11-13T10:43:46.244+0530] {processor.py:183} INFO - Processing /home/logi/txtai/venv/lib/python3.10/site-packages/airflow/example_dags/tutorial_objectstorage.py took 0.154 seconds
[2025-11-13T10:44:17.445+0530] {processor.py:161} INFO - Started process (PID=19357) to work on /home/logi/txtai/venv/lib/python3.10/site-packages/airflow/example_dags/tutorial_objectstorage.py
[2025-11-13T10:44:17.447+0530] {processor.py:830} INFO - Processing file /home/logi/txtai/venv/lib/python3.10/site-packages/airflow/example_dags/tutorial_objectstorage.py for tasks to queue
[2025-11-13T10:44:17.450+0530] {logging_mixin.py:188} INFO - [2025-11-13T10:44:17.449+0530] {dagbag.py:545} INFO - Filling up the DagBag from /home/logi/txtai/venv/lib/python3.10/site-packages/airflow/example_dags/tutorial_objectstorage.py
[2025-11-13T10:44:17.463+0530] {processor.py:840} INFO - DAG(s) 'tutorial_objectstorage' retrieved from /home/logi/txtai/venv/lib/python3.10/site-packages/airflow/example_dags/tutorial_objectstorage.py
[2025-11-13T10:44:17.525+0530] {logging_mixin.py:188} INFO - [2025-11-13T10:44:17.525+0530] {dag.py:3089} INFO - Sync 1 DAGs
[2025-11-13T10:44:17.550+0530] {logging_mixin.py:188} INFO - [2025-11-13T10:44:17.549+0530] {dag.py:3947} INFO - Setting next_dagrun for tutorial_objectstorage to None, run_after=None
[2025-11-13T10:44:17.588+0530] {processor.py:183} INFO - Processing /home/logi/txtai/venv/lib/python3.10/site-packages/airflow/example_dags/tutorial_objectstorage.py took 0.156 seconds
[2025-11-13T10:44:48.924+0530] {processor.py:161} INFO - Started process (PID=19499) to work on /home/logi/txtai/venv/lib/python3.10/site-packages/airflow/example_dags/tutorial_objectstorage.py
[2025-11-13T10:44:48.926+0530] {processor.py:830} INFO - Processing file /home/logi/txtai/venv/lib/python3.10/site-packages/airflow/example_dags/tutorial_objectstorage.py for tasks to queue
[2025-11-13T10:44:48.929+0530] {logging_mixin.py:188} INFO - [2025-11-13T10:44:48.928+0530] {dagbag.py:545} INFO - Filling up the DagBag from /home/logi/txtai/venv/lib/python3.10/site-packages/airflow/example_dags/tutorial_objectstorage.py
[2025-11-13T10:44:48.941+0530] {processor.py:840} INFO - DAG(s) 'tutorial_objectstorage' retrieved from /home/logi/txtai/venv/lib/python3.10/site-packages/airflow/example_dags/tutorial_objectstorage.py
[2025-11-13T10:44:48.976+0530] {logging_mixin.py:188} INFO - [2025-11-13T10:44:48.976+0530] {dag.py:3089} INFO - Sync 1 DAGs
[2025-11-13T10:44:48.990+0530] {logging_mixin.py:188} INFO - [2025-11-13T10:44:48.989+0530] {dag.py:3947} INFO - Setting next_dagrun for tutorial_objectstorage to None, run_after=None
[2025-11-13T10:44:49.012+0530] {processor.py:183} INFO - Processing /home/logi/txtai/venv/lib/python3.10/site-packages/airflow/example_dags/tutorial_objectstorage.py took 0.101 seconds
[2025-11-13T10:45:19.480+0530] {processor.py:161} INFO - Started process (PID=19642) to work on /home/logi/txtai/venv/lib/python3.10/site-packages/airflow/example_dags/tutorial_objectstorage.py
[2025-11-13T10:45:19.482+0530] {processor.py:830} INFO - Processing file /home/logi/txtai/venv/lib/python3.10/site-packages/airflow/example_dags/tutorial_objectstorage.py for tasks to queue
[2025-11-13T10:45:19.484+0530] {logging_mixin.py:188} INFO - [2025-11-13T10:45:19.484+0530] {dagbag.py:545} INFO - Filling up the DagBag from /home/logi/txtai/venv/lib/python3.10/site-packages/airflow/example_dags/tutorial_objectstorage.py
[2025-11-13T10:45:19.494+0530] {processor.py:840} INFO - DAG(s) 'tutorial_objectstorage' retrieved from /home/logi/txtai/venv/lib/python3.10/site-packages/airflow/example_dags/tutorial_objectstorage.py
[2025-11-13T10:45:19.529+0530] {logging_mixin.py:188} INFO - [2025-11-13T10:45:19.529+0530] {dag.py:3089} INFO - Sync 1 DAGs
[2025-11-13T10:45:19.543+0530] {logging_mixin.py:188} INFO - [2025-11-13T10:45:19.542+0530] {dag.py:3947} INFO - Setting next_dagrun for tutorial_objectstorage to None, run_after=None
[2025-11-13T10:45:19.564+0530] {processor.py:183} INFO - Processing /home/logi/txtai/venv/lib/python3.10/site-packages/airflow/example_dags/tutorial_objectstorage.py took 0.093 seconds
[2025-11-13T10:45:49.871+0530] {processor.py:161} INFO - Started process (PID=19800) to work on /home/logi/txtai/venv/lib/python3.10/site-packages/airflow/example_dags/tutorial_objectstorage.py
[2025-11-13T10:45:49.884+0530] {processor.py:830} INFO - Processing file /home/logi/txtai/venv/lib/python3.10/site-packages/airflow/example_dags/tutorial_objectstorage.py for tasks to queue
[2025-11-13T10:45:49.887+0530] {logging_mixin.py:188} INFO - [2025-11-13T10:45:49.886+0530] {dagbag.py:545} INFO - Filling up the DagBag from /home/logi/txtai/venv/lib/python3.10/site-packages/airflow/example_dags/tutorial_objectstorage.py
[2025-11-13T10:45:49.900+0530] {processor.py:840} INFO - DAG(s) 'tutorial_objectstorage' retrieved from /home/logi/txtai/venv/lib/python3.10/site-packages/airflow/example_dags/tutorial_objectstorage.py
[2025-11-13T10:45:49.953+0530] {logging_mixin.py:188} INFO - [2025-11-13T10:45:49.953+0530] {dag.py:3089} INFO - Sync 1 DAGs
[2025-11-13T10:45:49.978+0530] {logging_mixin.py:188} INFO - [2025-11-13T10:45:49.977+0530] {dag.py:3947} INFO - Setting next_dagrun for tutorial_objectstorage to None, run_after=None
[2025-11-13T10:45:50.016+0530] {processor.py:183} INFO - Processing /home/logi/txtai/venv/lib/python3.10/site-packages/airflow/example_dags/tutorial_objectstorage.py took 0.158 seconds
[2025-11-13T10:46:20.474+0530] {processor.py:161} INFO - Started process (PID=19941) to work on /home/logi/txtai/venv/lib/python3.10/site-packages/airflow/example_dags/tutorial_objectstorage.py
[2025-11-13T10:46:20.476+0530] {processor.py:830} INFO - Processing file /home/logi/txtai/venv/lib/python3.10/site-packages/airflow/example_dags/tutorial_objectstorage.py for tasks to queue
[2025-11-13T10:46:20.478+0530] {logging_mixin.py:188} INFO - [2025-11-13T10:46:20.478+0530] {dagbag.py:545} INFO - Filling up the DagBag from /home/logi/txtai/venv/lib/python3.10/site-packages/airflow/example_dags/tutorial_objectstorage.py
[2025-11-13T10:46:20.488+0530] {processor.py:840} INFO - DAG(s) 'tutorial_objectstorage' retrieved from /home/logi/txtai/venv/lib/python3.10/site-packages/airflow/example_dags/tutorial_objectstorage.py
[2025-11-13T10:46:20.540+0530] {logging_mixin.py:188} INFO - [2025-11-13T10:46:20.539+0530] {dag.py:3089} INFO - Sync 1 DAGs
[2025-11-13T10:46:20.562+0530] {logging_mixin.py:188} INFO - [2025-11-13T10:46:20.562+0530] {dag.py:3947} INFO - Setting next_dagrun for tutorial_objectstorage to None, run_after=None
[2025-11-13T10:46:20.599+0530] {processor.py:183} INFO - Processing /home/logi/txtai/venv/lib/python3.10/site-packages/airflow/example_dags/tutorial_objectstorage.py took 0.135 seconds
[2025-11-13T10:46:50.924+0530] {processor.py:161} INFO - Started process (PID=20073) to work on /home/logi/txtai/venv/lib/python3.10/site-packages/airflow/example_dags/tutorial_objectstorage.py
[2025-11-13T10:46:50.926+0530] {processor.py:830} INFO - Processing file /home/logi/txtai/venv/lib/python3.10/site-packages/airflow/example_dags/tutorial_objectstorage.py for tasks to queue
[2025-11-13T10:46:50.929+0530] {logging_mixin.py:188} INFO - [2025-11-13T10:46:50.928+0530] {dagbag.py:545} INFO - Filling up the DagBag from /home/logi/txtai/venv/lib/python3.10/site-packages/airflow/example_dags/tutorial_objectstorage.py
[2025-11-13T10:46:50.941+0530] {processor.py:840} INFO - DAG(s) 'tutorial_objectstorage' retrieved from /home/logi/txtai/venv/lib/python3.10/site-packages/airflow/example_dags/tutorial_objectstorage.py
[2025-11-13T10:46:51.001+0530] {logging_mixin.py:188} INFO - [2025-11-13T10:46:51.000+0530] {dag.py:3089} INFO - Sync 1 DAGs
[2025-11-13T10:46:51.025+0530] {logging_mixin.py:188} INFO - [2025-11-13T10:46:51.024+0530] {dag.py:3947} INFO - Setting next_dagrun for tutorial_objectstorage to None, run_after=None
[2025-11-13T10:46:51.075+0530] {processor.py:183} INFO - Processing /home/logi/txtai/venv/lib/python3.10/site-packages/airflow/example_dags/tutorial_objectstorage.py took 0.163 seconds
[2025-11-13T10:47:21.659+0530] {processor.py:161} INFO - Started process (PID=20216) to work on /home/logi/txtai/venv/lib/python3.10/site-packages/airflow/example_dags/tutorial_objectstorage.py
[2025-11-13T10:47:21.673+0530] {processor.py:830} INFO - Processing file /home/logi/txtai/venv/lib/python3.10/site-packages/airflow/example_dags/tutorial_objectstorage.py for tasks to queue
[2025-11-13T10:47:21.677+0530] {logging_mixin.py:188} INFO - [2025-11-13T10:47:21.676+0530] {dagbag.py:545} INFO - Filling up the DagBag from /home/logi/txtai/venv/lib/python3.10/site-packages/airflow/example_dags/tutorial_objectstorage.py
[2025-11-13T10:47:21.690+0530] {processor.py:840} INFO - DAG(s) 'tutorial_objectstorage' retrieved from /home/logi/txtai/venv/lib/python3.10/site-packages/airflow/example_dags/tutorial_objectstorage.py
[2025-11-13T10:47:21.724+0530] {logging_mixin.py:188} INFO - [2025-11-13T10:47:21.724+0530] {dag.py:3089} INFO - Sync 1 DAGs
[2025-11-13T10:47:21.738+0530] {logging_mixin.py:188} INFO - [2025-11-13T10:47:21.737+0530] {dag.py:3947} INFO - Setting next_dagrun for tutorial_objectstorage to None, run_after=None
[2025-11-13T10:47:21.763+0530] {processor.py:183} INFO - Processing /home/logi/txtai/venv/lib/python3.10/site-packages/airflow/example_dags/tutorial_objectstorage.py took 0.118 seconds
[2025-11-13T10:47:52.089+0530] {processor.py:161} INFO - Started process (PID=20358) to work on /home/logi/txtai/venv/lib/python3.10/site-packages/airflow/example_dags/tutorial_objectstorage.py
[2025-11-13T10:47:52.090+0530] {processor.py:830} INFO - Processing file /home/logi/txtai/venv/lib/python3.10/site-packages/airflow/example_dags/tutorial_objectstorage.py for tasks to queue
[2025-11-13T10:47:52.093+0530] {logging_mixin.py:188} INFO - [2025-11-13T10:47:52.093+0530] {dagbag.py:545} INFO - Filling up the DagBag from /home/logi/txtai/venv/lib/python3.10/site-packages/airflow/example_dags/tutorial_objectstorage.py
[2025-11-13T10:47:52.104+0530] {processor.py:840} INFO - DAG(s) 'tutorial_objectstorage' retrieved from /home/logi/txtai/venv/lib/python3.10/site-packages/airflow/example_dags/tutorial_objectstorage.py
[2025-11-13T10:47:52.158+0530] {logging_mixin.py:188} INFO - [2025-11-13T10:47:52.157+0530] {dag.py:3089} INFO - Sync 1 DAGs
[2025-11-13T10:47:52.182+0530] {logging_mixin.py:188} INFO - [2025-11-13T10:47:52.181+0530] {dag.py:3947} INFO - Setting next_dagrun for tutorial_objectstorage to None, run_after=None
[2025-11-13T10:47:52.220+0530] {processor.py:183} INFO - Processing /home/logi/txtai/venv/lib/python3.10/site-packages/airflow/example_dags/tutorial_objectstorage.py took 0.139 seconds
[2025-11-13T10:48:22.617+0530] {processor.py:161} INFO - Started process (PID=20499) to work on /home/logi/txtai/venv/lib/python3.10/site-packages/airflow/example_dags/tutorial_objectstorage.py
[2025-11-13T10:48:22.619+0530] {processor.py:830} INFO - Processing file /home/logi/txtai/venv/lib/python3.10/site-packages/airflow/example_dags/tutorial_objectstorage.py for tasks to queue
[2025-11-13T10:48:22.623+0530] {logging_mixin.py:188} INFO - [2025-11-13T10:48:22.622+0530] {dagbag.py:545} INFO - Filling up the DagBag from /home/logi/txtai/venv/lib/python3.10/site-packages/airflow/example_dags/tutorial_objectstorage.py
[2025-11-13T10:48:22.636+0530] {processor.py:840} INFO - DAG(s) 'tutorial_objectstorage' retrieved from /home/logi/txtai/venv/lib/python3.10/site-packages/airflow/example_dags/tutorial_objectstorage.py
[2025-11-13T10:48:22.696+0530] {logging_mixin.py:188} INFO - [2025-11-13T10:48:22.696+0530] {dag.py:3089} INFO - Sync 1 DAGs
[2025-11-13T10:48:22.725+0530] {logging_mixin.py:188} INFO - [2025-11-13T10:48:22.725+0530] {dag.py:3947} INFO - Setting next_dagrun for tutorial_objectstorage to None, run_after=None
[2025-11-13T10:48:22.767+0530] {processor.py:183} INFO - Processing /home/logi/txtai/venv/lib/python3.10/site-packages/airflow/example_dags/tutorial_objectstorage.py took 0.164 seconds
[2025-11-13T10:48:52.883+0530] {processor.py:161} INFO - Started process (PID=20643) to work on /home/logi/txtai/venv/lib/python3.10/site-packages/airflow/example_dags/tutorial_objectstorage.py
[2025-11-13T10:48:52.885+0530] {processor.py:830} INFO - Processing file /home/logi/txtai/venv/lib/python3.10/site-packages/airflow/example_dags/tutorial_objectstorage.py for tasks to queue
[2025-11-13T10:48:52.888+0530] {logging_mixin.py:188} INFO - [2025-11-13T10:48:52.888+0530] {dagbag.py:545} INFO - Filling up the DagBag from /home/logi/txtai/venv/lib/python3.10/site-packages/airflow/example_dags/tutorial_objectstorage.py
[2025-11-13T10:48:52.901+0530] {processor.py:840} INFO - DAG(s) 'tutorial_objectstorage' retrieved from /home/logi/txtai/venv/lib/python3.10/site-packages/airflow/example_dags/tutorial_objectstorage.py
[2025-11-13T10:48:52.959+0530] {logging_mixin.py:188} INFO - [2025-11-13T10:48:52.958+0530] {dag.py:3089} INFO - Sync 1 DAGs
[2025-11-13T10:48:52.983+0530] {logging_mixin.py:188} INFO - [2025-11-13T10:48:52.983+0530] {dag.py:3947} INFO - Setting next_dagrun for tutorial_objectstorage to None, run_after=None
[2025-11-13T10:48:53.035+0530] {processor.py:183} INFO - Processing /home/logi/txtai/venv/lib/python3.10/site-packages/airflow/example_dags/tutorial_objectstorage.py took 0.164 seconds
[2025-11-13T10:49:23.961+0530] {processor.py:161} INFO - Started process (PID=20787) to work on /home/logi/txtai/venv/lib/python3.10/site-packages/airflow/example_dags/tutorial_objectstorage.py
[2025-11-13T10:49:23.974+0530] {processor.py:830} INFO - Processing file /home/logi/txtai/venv/lib/python3.10/site-packages/airflow/example_dags/tutorial_objectstorage.py for tasks to queue
[2025-11-13T10:49:23.978+0530] {logging_mixin.py:188} INFO - [2025-11-13T10:49:23.977+0530] {dagbag.py:545} INFO - Filling up the DagBag from /home/logi/txtai/venv/lib/python3.10/site-packages/airflow/example_dags/tutorial_objectstorage.py
[2025-11-13T10:49:23.990+0530] {processor.py:840} INFO - DAG(s) 'tutorial_objectstorage' retrieved from /home/logi/txtai/venv/lib/python3.10/site-packages/airflow/example_dags/tutorial_objectstorage.py
[2025-11-13T10:49:24.050+0530] {logging_mixin.py:188} INFO - [2025-11-13T10:49:24.050+0530] {dag.py:3089} INFO - Sync 1 DAGs
[2025-11-13T10:49:24.074+0530] {logging_mixin.py:188} INFO - [2025-11-13T10:49:24.074+0530] {dag.py:3947} INFO - Setting next_dagrun for tutorial_objectstorage to None, run_after=None
[2025-11-13T10:49:24.121+0530] {processor.py:183} INFO - Processing /home/logi/txtai/venv/lib/python3.10/site-packages/airflow/example_dags/tutorial_objectstorage.py took 0.173 seconds
[2025-11-13T10:49:54.716+0530] {processor.py:161} INFO - Started process (PID=20930) to work on /home/logi/txtai/venv/lib/python3.10/site-packages/airflow/example_dags/tutorial_objectstorage.py
[2025-11-13T10:49:54.729+0530] {processor.py:830} INFO - Processing file /home/logi/txtai/venv/lib/python3.10/site-packages/airflow/example_dags/tutorial_objectstorage.py for tasks to queue
[2025-11-13T10:49:54.732+0530] {logging_mixin.py:188} INFO - [2025-11-13T10:49:54.731+0530] {dagbag.py:545} INFO - Filling up the DagBag from /home/logi/txtai/venv/lib/python3.10/site-packages/airflow/example_dags/tutorial_objectstorage.py
[2025-11-13T10:49:54.745+0530] {processor.py:840} INFO - DAG(s) 'tutorial_objectstorage' retrieved from /home/logi/txtai/venv/lib/python3.10/site-packages/airflow/example_dags/tutorial_objectstorage.py
[2025-11-13T10:49:54.806+0530] {logging_mixin.py:188} INFO - [2025-11-13T10:49:54.805+0530] {dag.py:3089} INFO - Sync 1 DAGs
[2025-11-13T10:49:54.830+0530] {logging_mixin.py:188} INFO - [2025-11-13T10:49:54.829+0530] {dag.py:3947} INFO - Setting next_dagrun for tutorial_objectstorage to None, run_after=None
[2025-11-13T10:49:54.874+0530] {processor.py:183} INFO - Processing /home/logi/txtai/venv/lib/python3.10/site-packages/airflow/example_dags/tutorial_objectstorage.py took 0.166 seconds
[2025-11-13T10:50:25.249+0530] {processor.py:161} INFO - Started process (PID=21073) to work on /home/logi/txtai/venv/lib/python3.10/site-packages/airflow/example_dags/tutorial_objectstorage.py
[2025-11-13T10:50:25.262+0530] {processor.py:830} INFO - Processing file /home/logi/txtai/venv/lib/python3.10/site-packages/airflow/example_dags/tutorial_objectstorage.py for tasks to queue
[2025-11-13T10:50:25.265+0530] {logging_mixin.py:188} INFO - [2025-11-13T10:50:25.265+0530] {dagbag.py:545} INFO - Filling up the DagBag from /home/logi/txtai/venv/lib/python3.10/site-packages/airflow/example_dags/tutorial_objectstorage.py
[2025-11-13T10:50:25.278+0530] {processor.py:840} INFO - DAG(s) 'tutorial_objectstorage' retrieved from /home/logi/txtai/venv/lib/python3.10/site-packages/airflow/example_dags/tutorial_objectstorage.py
[2025-11-13T10:50:25.317+0530] {logging_mixin.py:188} INFO - [2025-11-13T10:50:25.316+0530] {dag.py:3089} INFO - Sync 1 DAGs
[2025-11-13T10:50:25.331+0530] {logging_mixin.py:188} INFO - [2025-11-13T10:50:25.330+0530] {dag.py:3947} INFO - Setting next_dagrun for tutorial_objectstorage to None, run_after=None
[2025-11-13T10:50:25.365+0530] {processor.py:183} INFO - Processing /home/logi/txtai/venv/lib/python3.10/site-packages/airflow/example_dags/tutorial_objectstorage.py took 0.128 seconds
[2025-11-13T10:50:55.468+0530] {processor.py:161} INFO - Started process (PID=21242) to work on /home/logi/txtai/venv/lib/python3.10/site-packages/airflow/example_dags/tutorial_objectstorage.py
[2025-11-13T10:50:55.483+0530] {processor.py:830} INFO - Processing file /home/logi/txtai/venv/lib/python3.10/site-packages/airflow/example_dags/tutorial_objectstorage.py for tasks to queue
[2025-11-13T10:50:55.489+0530] {logging_mixin.py:188} INFO - [2025-11-13T10:50:55.488+0530] {dagbag.py:545} INFO - Filling up the DagBag from /home/logi/txtai/venv/lib/python3.10/site-packages/airflow/example_dags/tutorial_objectstorage.py
[2025-11-13T10:50:55.511+0530] {processor.py:840} INFO - DAG(s) 'tutorial_objectstorage' retrieved from /home/logi/txtai/venv/lib/python3.10/site-packages/airflow/example_dags/tutorial_objectstorage.py
[2025-11-13T10:50:55.568+0530] {logging_mixin.py:188} INFO - [2025-11-13T10:50:55.567+0530] {dag.py:3089} INFO - Sync 1 DAGs
[2025-11-13T10:50:55.589+0530] {logging_mixin.py:188} INFO - [2025-11-13T10:50:55.588+0530] {dag.py:3947} INFO - Setting next_dagrun for tutorial_objectstorage to None, run_after=None
[2025-11-13T10:50:55.618+0530] {processor.py:183} INFO - Processing /home/logi/txtai/venv/lib/python3.10/site-packages/airflow/example_dags/tutorial_objectstorage.py took 0.170 seconds
[2025-11-13T10:51:25.683+0530] {processor.py:161} INFO - Started process (PID=21396) to work on /home/logi/txtai/venv/lib/python3.10/site-packages/airflow/example_dags/tutorial_objectstorage.py
[2025-11-13T10:51:25.697+0530] {processor.py:830} INFO - Processing file /home/logi/txtai/venv/lib/python3.10/site-packages/airflow/example_dags/tutorial_objectstorage.py for tasks to queue
[2025-11-13T10:51:25.700+0530] {logging_mixin.py:188} INFO - [2025-11-13T10:51:25.699+0530] {dagbag.py:545} INFO - Filling up the DagBag from /home/logi/txtai/venv/lib/python3.10/site-packages/airflow/example_dags/tutorial_objectstorage.py
[2025-11-13T10:51:25.711+0530] {processor.py:840} INFO - DAG(s) 'tutorial_objectstorage' retrieved from /home/logi/txtai/venv/lib/python3.10/site-packages/airflow/example_dags/tutorial_objectstorage.py
[2025-11-13T10:51:25.768+0530] {logging_mixin.py:188} INFO - [2025-11-13T10:51:25.768+0530] {dag.py:3089} INFO - Sync 1 DAGs
[2025-11-13T10:51:25.794+0530] {logging_mixin.py:188} INFO - [2025-11-13T10:51:25.793+0530] {dag.py:3947} INFO - Setting next_dagrun for tutorial_objectstorage to None, run_after=None
[2025-11-13T10:51:25.838+0530] {processor.py:183} INFO - Processing /home/logi/txtai/venv/lib/python3.10/site-packages/airflow/example_dags/tutorial_objectstorage.py took 0.166 seconds
[2025-11-13T10:51:55.899+0530] {processor.py:161} INFO - Started process (PID=21538) to work on /home/logi/txtai/venv/lib/python3.10/site-packages/airflow/example_dags/tutorial_objectstorage.py
[2025-11-13T10:51:55.901+0530] {processor.py:830} INFO - Processing file /home/logi/txtai/venv/lib/python3.10/site-packages/airflow/example_dags/tutorial_objectstorage.py for tasks to queue
[2025-11-13T10:51:55.904+0530] {logging_mixin.py:188} INFO - [2025-11-13T10:51:55.903+0530] {dagbag.py:545} INFO - Filling up the DagBag from /home/logi/txtai/venv/lib/python3.10/site-packages/airflow/example_dags/tutorial_objectstorage.py
[2025-11-13T10:51:55.916+0530] {processor.py:840} INFO - DAG(s) 'tutorial_objectstorage' retrieved from /home/logi/txtai/venv/lib/python3.10/site-packages/airflow/example_dags/tutorial_objectstorage.py
[2025-11-13T10:51:55.972+0530] {logging_mixin.py:188} INFO - [2025-11-13T10:51:55.971+0530] {dag.py:3089} INFO - Sync 1 DAGs
[2025-11-13T10:51:55.994+0530] {logging_mixin.py:188} INFO - [2025-11-13T10:51:55.994+0530] {dag.py:3947} INFO - Setting next_dagrun for tutorial_objectstorage to None, run_after=None
[2025-11-13T10:51:56.033+0530] {processor.py:183} INFO - Processing /home/logi/txtai/venv/lib/python3.10/site-packages/airflow/example_dags/tutorial_objectstorage.py took 0.147 seconds
[2025-11-13T10:52:26.778+0530] {processor.py:161} INFO - Started process (PID=21741) to work on /home/logi/txtai/venv/lib/python3.10/site-packages/airflow/example_dags/tutorial_objectstorage.py
[2025-11-13T10:52:26.792+0530] {processor.py:830} INFO - Processing file /home/logi/txtai/venv/lib/python3.10/site-packages/airflow/example_dags/tutorial_objectstorage.py for tasks to queue
[2025-11-13T10:52:26.796+0530] {logging_mixin.py:188} INFO - [2025-11-13T10:52:26.795+0530] {dagbag.py:545} INFO - Filling up the DagBag from /home/logi/txtai/venv/lib/python3.10/site-packages/airflow/example_dags/tutorial_objectstorage.py
[2025-11-13T10:52:26.813+0530] {processor.py:840} INFO - DAG(s) 'tutorial_objectstorage' retrieved from /home/logi/txtai/venv/lib/python3.10/site-packages/airflow/example_dags/tutorial_objectstorage.py
[2025-11-13T10:52:26.876+0530] {logging_mixin.py:188} INFO - [2025-11-13T10:52:26.875+0530] {dag.py:3089} INFO - Sync 1 DAGs
[2025-11-13T10:52:26.900+0530] {logging_mixin.py:188} INFO - [2025-11-13T10:52:26.899+0530] {dag.py:3947} INFO - Setting next_dagrun for tutorial_objectstorage to None, run_after=None
[2025-11-13T10:52:26.949+0530] {processor.py:183} INFO - Processing /home/logi/txtai/venv/lib/python3.10/site-packages/airflow/example_dags/tutorial_objectstorage.py took 0.187 seconds
[2025-11-13T10:52:57.237+0530] {processor.py:161} INFO - Started process (PID=21887) to work on /home/logi/txtai/venv/lib/python3.10/site-packages/airflow/example_dags/tutorial_objectstorage.py
[2025-11-13T10:52:57.239+0530] {processor.py:830} INFO - Processing file /home/logi/txtai/venv/lib/python3.10/site-packages/airflow/example_dags/tutorial_objectstorage.py for tasks to queue
[2025-11-13T10:52:57.242+0530] {logging_mixin.py:188} INFO - [2025-11-13T10:52:57.242+0530] {dagbag.py:545} INFO - Filling up the DagBag from /home/logi/txtai/venv/lib/python3.10/site-packages/airflow/example_dags/tutorial_objectstorage.py
[2025-11-13T10:52:57.253+0530] {processor.py:840} INFO - DAG(s) 'tutorial_objectstorage' retrieved from /home/logi/txtai/venv/lib/python3.10/site-packages/airflow/example_dags/tutorial_objectstorage.py
[2025-11-13T10:52:57.295+0530] {logging_mixin.py:188} INFO - [2025-11-13T10:52:57.295+0530] {dag.py:3089} INFO - Sync 1 DAGs
[2025-11-13T10:52:57.312+0530] {logging_mixin.py:188} INFO - [2025-11-13T10:52:57.311+0530] {dag.py:3947} INFO - Setting next_dagrun for tutorial_objectstorage to None, run_after=None
[2025-11-13T10:52:57.332+0530] {processor.py:183} INFO - Processing /home/logi/txtai/venv/lib/python3.10/site-packages/airflow/example_dags/tutorial_objectstorage.py took 0.106 seconds
[2025-11-13T10:53:27.528+0530] {processor.py:161} INFO - Started process (PID=22181) to work on /home/logi/txtai/venv/lib/python3.10/site-packages/airflow/example_dags/tutorial_objectstorage.py
[2025-11-13T10:53:27.541+0530] {processor.py:830} INFO - Processing file /home/logi/txtai/venv/lib/python3.10/site-packages/airflow/example_dags/tutorial_objectstorage.py for tasks to queue
[2025-11-13T10:53:27.545+0530] {logging_mixin.py:188} INFO - [2025-11-13T10:53:27.544+0530] {dagbag.py:545} INFO - Filling up the DagBag from /home/logi/txtai/venv/lib/python3.10/site-packages/airflow/example_dags/tutorial_objectstorage.py
[2025-11-13T10:53:27.557+0530] {processor.py:840} INFO - DAG(s) 'tutorial_objectstorage' retrieved from /home/logi/txtai/venv/lib/python3.10/site-packages/airflow/example_dags/tutorial_objectstorage.py
[2025-11-13T10:53:27.616+0530] {logging_mixin.py:188} INFO - [2025-11-13T10:53:27.615+0530] {dag.py:3089} INFO - Sync 1 DAGs
[2025-11-13T10:53:27.640+0530] {logging_mixin.py:188} INFO - [2025-11-13T10:53:27.640+0530] {dag.py:3947} INFO - Setting next_dagrun for tutorial_objectstorage to None, run_after=None
[2025-11-13T10:53:27.687+0530] {processor.py:183} INFO - Processing /home/logi/txtai/venv/lib/python3.10/site-packages/airflow/example_dags/tutorial_objectstorage.py took 0.171 seconds
[2025-11-13T10:53:58.144+0530] {processor.py:161} INFO - Started process (PID=22323) to work on /home/logi/txtai/venv/lib/python3.10/site-packages/airflow/example_dags/tutorial_objectstorage.py
[2025-11-13T10:53:58.158+0530] {processor.py:830} INFO - Processing file /home/logi/txtai/venv/lib/python3.10/site-packages/airflow/example_dags/tutorial_objectstorage.py for tasks to queue
[2025-11-13T10:53:58.161+0530] {logging_mixin.py:188} INFO - [2025-11-13T10:53:58.161+0530] {dagbag.py:545} INFO - Filling up the DagBag from /home/logi/txtai/venv/lib/python3.10/site-packages/airflow/example_dags/tutorial_objectstorage.py
[2025-11-13T10:53:58.175+0530] {processor.py:840} INFO - DAG(s) 'tutorial_objectstorage' retrieved from /home/logi/txtai/venv/lib/python3.10/site-packages/airflow/example_dags/tutorial_objectstorage.py
[2025-11-13T10:53:58.235+0530] {logging_mixin.py:188} INFO - [2025-11-13T10:53:58.234+0530] {dag.py:3089} INFO - Sync 1 DAGs
[2025-11-13T10:53:58.259+0530] {logging_mixin.py:188} INFO - [2025-11-13T10:53:58.258+0530] {dag.py:3947} INFO - Setting next_dagrun for tutorial_objectstorage to None, run_after=None
[2025-11-13T10:53:58.301+0530] {processor.py:183} INFO - Processing /home/logi/txtai/venv/lib/python3.10/site-packages/airflow/example_dags/tutorial_objectstorage.py took 0.168 seconds
[2025-11-13T10:54:28.404+0530] {processor.py:161} INFO - Started process (PID=22495) to work on /home/logi/txtai/venv/lib/python3.10/site-packages/airflow/example_dags/tutorial_objectstorage.py
[2025-11-13T10:54:28.406+0530] {processor.py:830} INFO - Processing file /home/logi/txtai/venv/lib/python3.10/site-packages/airflow/example_dags/tutorial_objectstorage.py for tasks to queue
[2025-11-13T10:54:28.409+0530] {logging_mixin.py:188} INFO - [2025-11-13T10:54:28.409+0530] {dagbag.py:545} INFO - Filling up the DagBag from /home/logi/txtai/venv/lib/python3.10/site-packages/airflow/example_dags/tutorial_objectstorage.py
[2025-11-13T10:54:28.422+0530] {processor.py:840} INFO - DAG(s) 'tutorial_objectstorage' retrieved from /home/logi/txtai/venv/lib/python3.10/site-packages/airflow/example_dags/tutorial_objectstorage.py
[2025-11-13T10:54:28.475+0530] {logging_mixin.py:188} INFO - [2025-11-13T10:54:28.475+0530] {dag.py:3089} INFO - Sync 1 DAGs
[2025-11-13T10:54:28.498+0530] {logging_mixin.py:188} INFO - [2025-11-13T10:54:28.498+0530] {dag.py:3947} INFO - Setting next_dagrun for tutorial_objectstorage to None, run_after=None
[2025-11-13T10:54:28.544+0530] {processor.py:183} INFO - Processing /home/logi/txtai/venv/lib/python3.10/site-packages/airflow/example_dags/tutorial_objectstorage.py took 0.152 seconds
[2025-11-13T10:54:59.485+0530] {processor.py:161} INFO - Started process (PID=22671) to work on /home/logi/txtai/venv/lib/python3.10/site-packages/airflow/example_dags/tutorial_objectstorage.py
[2025-11-13T10:54:59.487+0530] {processor.py:830} INFO - Processing file /home/logi/txtai/venv/lib/python3.10/site-packages/airflow/example_dags/tutorial_objectstorage.py for tasks to queue
[2025-11-13T10:54:59.490+0530] {logging_mixin.py:188} INFO - [2025-11-13T10:54:59.490+0530] {dagbag.py:545} INFO - Filling up the DagBag from /home/logi/txtai/venv/lib/python3.10/site-packages/airflow/example_dags/tutorial_objectstorage.py
[2025-11-13T10:54:59.505+0530] {processor.py:840} INFO - DAG(s) 'tutorial_objectstorage' retrieved from /home/logi/txtai/venv/lib/python3.10/site-packages/airflow/example_dags/tutorial_objectstorage.py
[2025-11-13T10:54:59.565+0530] {logging_mixin.py:188} INFO - [2025-11-13T10:54:59.565+0530] {dag.py:3089} INFO - Sync 1 DAGs
[2025-11-13T10:54:59.593+0530] {logging_mixin.py:188} INFO - [2025-11-13T10:54:59.593+0530] {dag.py:3947} INFO - Setting next_dagrun for tutorial_objectstorage to None, run_after=None
[2025-11-13T10:54:59.644+0530] {processor.py:183} INFO - Processing /home/logi/txtai/venv/lib/python3.10/site-packages/airflow/example_dags/tutorial_objectstorage.py took 0.173 seconds
[2025-11-13T10:55:30.184+0530] {processor.py:161} INFO - Started process (PID=23118) to work on /home/logi/txtai/venv/lib/python3.10/site-packages/airflow/example_dags/tutorial_objectstorage.py
[2025-11-13T10:55:30.198+0530] {processor.py:830} INFO - Processing file /home/logi/txtai/venv/lib/python3.10/site-packages/airflow/example_dags/tutorial_objectstorage.py for tasks to queue
[2025-11-13T10:55:30.201+0530] {logging_mixin.py:188} INFO - [2025-11-13T10:55:30.201+0530] {dagbag.py:545} INFO - Filling up the DagBag from /home/logi/txtai/venv/lib/python3.10/site-packages/airflow/example_dags/tutorial_objectstorage.py
[2025-11-13T10:55:30.215+0530] {processor.py:840} INFO - DAG(s) 'tutorial_objectstorage' retrieved from /home/logi/txtai/venv/lib/python3.10/site-packages/airflow/example_dags/tutorial_objectstorage.py
[2025-11-13T10:55:30.274+0530] {logging_mixin.py:188} INFO - [2025-11-13T10:55:30.274+0530] {dag.py:3089} INFO - Sync 1 DAGs
[2025-11-13T10:55:30.288+0530] {logging_mixin.py:188} INFO - [2025-11-13T10:55:30.288+0530] {dag.py:3947} INFO - Setting next_dagrun for tutorial_objectstorage to None, run_after=None
[2025-11-13T10:55:30.314+0530] {processor.py:183} INFO - Processing /home/logi/txtai/venv/lib/python3.10/site-packages/airflow/example_dags/tutorial_objectstorage.py took 0.142 seconds
[2025-11-13T10:56:00.647+0530] {processor.py:161} INFO - Started process (PID=23429) to work on /home/logi/txtai/venv/lib/python3.10/site-packages/airflow/example_dags/tutorial_objectstorage.py
[2025-11-13T10:56:00.660+0530] {processor.py:830} INFO - Processing file /home/logi/txtai/venv/lib/python3.10/site-packages/airflow/example_dags/tutorial_objectstorage.py for tasks to queue
[2025-11-13T10:56:00.664+0530] {logging_mixin.py:188} INFO - [2025-11-13T10:56:00.663+0530] {dagbag.py:545} INFO - Filling up the DagBag from /home/logi/txtai/venv/lib/python3.10/site-packages/airflow/example_dags/tutorial_objectstorage.py
[2025-11-13T10:56:00.676+0530] {processor.py:840} INFO - DAG(s) 'tutorial_objectstorage' retrieved from /home/logi/txtai/venv/lib/python3.10/site-packages/airflow/example_dags/tutorial_objectstorage.py
[2025-11-13T10:56:00.732+0530] {logging_mixin.py:188} INFO - [2025-11-13T10:56:00.732+0530] {dag.py:3089} INFO - Sync 1 DAGs
[2025-11-13T10:56:00.757+0530] {logging_mixin.py:188} INFO - [2025-11-13T10:56:00.756+0530] {dag.py:3947} INFO - Setting next_dagrun for tutorial_objectstorage to None, run_after=None
[2025-11-13T10:56:00.803+0530] {processor.py:183} INFO - Processing /home/logi/txtai/venv/lib/python3.10/site-packages/airflow/example_dags/tutorial_objectstorage.py took 0.168 seconds
[2025-11-13T10:56:30.902+0530] {processor.py:161} INFO - Started process (PID=23686) to work on /home/logi/txtai/venv/lib/python3.10/site-packages/airflow/example_dags/tutorial_objectstorage.py
[2025-11-13T10:56:30.916+0530] {processor.py:830} INFO - Processing file /home/logi/txtai/venv/lib/python3.10/site-packages/airflow/example_dags/tutorial_objectstorage.py for tasks to queue
[2025-11-13T10:56:30.919+0530] {logging_mixin.py:188} INFO - [2025-11-13T10:56:30.919+0530] {dagbag.py:545} INFO - Filling up the DagBag from /home/logi/txtai/venv/lib/python3.10/site-packages/airflow/example_dags/tutorial_objectstorage.py
[2025-11-13T10:56:30.932+0530] {processor.py:840} INFO - DAG(s) 'tutorial_objectstorage' retrieved from /home/logi/txtai/venv/lib/python3.10/site-packages/airflow/example_dags/tutorial_objectstorage.py
[2025-11-13T10:56:30.989+0530] {logging_mixin.py:188} INFO - [2025-11-13T10:56:30.988+0530] {dag.py:3089} INFO - Sync 1 DAGs
[2025-11-13T10:56:31.012+0530] {logging_mixin.py:188} INFO - [2025-11-13T10:56:31.012+0530] {dag.py:3947} INFO - Setting next_dagrun for tutorial_objectstorage to None, run_after=None
[2025-11-13T10:56:31.048+0530] {processor.py:183} INFO - Processing /home/logi/txtai/venv/lib/python3.10/site-packages/airflow/example_dags/tutorial_objectstorage.py took 0.159 seconds
[2025-11-13T10:57:01.371+0530] {processor.py:161} INFO - Started process (PID=23832) to work on /home/logi/txtai/venv/lib/python3.10/site-packages/airflow/example_dags/tutorial_objectstorage.py
[2025-11-13T10:57:01.385+0530] {processor.py:830} INFO - Processing file /home/logi/txtai/venv/lib/python3.10/site-packages/airflow/example_dags/tutorial_objectstorage.py for tasks to queue
[2025-11-13T10:57:01.388+0530] {logging_mixin.py:188} INFO - [2025-11-13T10:57:01.388+0530] {dagbag.py:545} INFO - Filling up the DagBag from /home/logi/txtai/venv/lib/python3.10/site-packages/airflow/example_dags/tutorial_objectstorage.py
[2025-11-13T10:57:01.401+0530] {processor.py:840} INFO - DAG(s) 'tutorial_objectstorage' retrieved from /home/logi/txtai/venv/lib/python3.10/site-packages/airflow/example_dags/tutorial_objectstorage.py
[2025-11-13T10:57:01.462+0530] {logging_mixin.py:188} INFO - [2025-11-13T10:57:01.461+0530] {dag.py:3089} INFO - Sync 1 DAGs
[2025-11-13T10:57:01.486+0530] {logging_mixin.py:188} INFO - [2025-11-13T10:57:01.485+0530] {dag.py:3947} INFO - Setting next_dagrun for tutorial_objectstorage to None, run_after=None
[2025-11-13T10:57:01.528+0530] {processor.py:183} INFO - Processing /home/logi/txtai/venv/lib/python3.10/site-packages/airflow/example_dags/tutorial_objectstorage.py took 0.169 seconds
[2025-11-13T10:57:32.084+0530] {processor.py:161} INFO - Started process (PID=23977) to work on /home/logi/txtai/venv/lib/python3.10/site-packages/airflow/example_dags/tutorial_objectstorage.py
[2025-11-13T10:57:32.096+0530] {processor.py:830} INFO - Processing file /home/logi/txtai/venv/lib/python3.10/site-packages/airflow/example_dags/tutorial_objectstorage.py for tasks to queue
[2025-11-13T10:57:32.099+0530] {logging_mixin.py:188} INFO - [2025-11-13T10:57:32.098+0530] {dagbag.py:545} INFO - Filling up the DagBag from /home/logi/txtai/venv/lib/python3.10/site-packages/airflow/example_dags/tutorial_objectstorage.py
[2025-11-13T10:57:32.112+0530] {processor.py:840} INFO - DAG(s) 'tutorial_objectstorage' retrieved from /home/logi/txtai/venv/lib/python3.10/site-packages/airflow/example_dags/tutorial_objectstorage.py
[2025-11-13T10:57:32.170+0530] {logging_mixin.py:188} INFO - [2025-11-13T10:57:32.169+0530] {dag.py:3089} INFO - Sync 1 DAGs
[2025-11-13T10:57:32.195+0530] {logging_mixin.py:188} INFO - [2025-11-13T10:57:32.194+0530] {dag.py:3947} INFO - Setting next_dagrun for tutorial_objectstorage to None, run_after=None
[2025-11-13T10:57:32.245+0530] {processor.py:183} INFO - Processing /home/logi/txtai/venv/lib/python3.10/site-packages/airflow/example_dags/tutorial_objectstorage.py took 0.173 seconds
[2025-11-13T10:58:02.494+0530] {processor.py:161} INFO - Started process (PID=24118) to work on /home/logi/txtai/venv/lib/python3.10/site-packages/airflow/example_dags/tutorial_objectstorage.py
[2025-11-13T10:58:02.507+0530] {processor.py:830} INFO - Processing file /home/logi/txtai/venv/lib/python3.10/site-packages/airflow/example_dags/tutorial_objectstorage.py for tasks to queue
[2025-11-13T10:58:02.510+0530] {logging_mixin.py:188} INFO - [2025-11-13T10:58:02.509+0530] {dagbag.py:545} INFO - Filling up the DagBag from /home/logi/txtai/venv/lib/python3.10/site-packages/airflow/example_dags/tutorial_objectstorage.py
[2025-11-13T10:58:02.519+0530] {processor.py:840} INFO - DAG(s) 'tutorial_objectstorage' retrieved from /home/logi/txtai/venv/lib/python3.10/site-packages/airflow/example_dags/tutorial_objectstorage.py
[2025-11-13T10:58:02.574+0530] {logging_mixin.py:188} INFO - [2025-11-13T10:58:02.574+0530] {dag.py:3089} INFO - Sync 1 DAGs
[2025-11-13T10:58:02.598+0530] {logging_mixin.py:188} INFO - [2025-11-13T10:58:02.598+0530] {dag.py:3947} INFO - Setting next_dagrun for tutorial_objectstorage to None, run_after=None
[2025-11-13T10:58:02.637+0530] {processor.py:183} INFO - Processing /home/logi/txtai/venv/lib/python3.10/site-packages/airflow/example_dags/tutorial_objectstorage.py took 0.154 seconds
[2025-11-13T10:58:32.764+0530] {processor.py:161} INFO - Started process (PID=24261) to work on /home/logi/txtai/venv/lib/python3.10/site-packages/airflow/example_dags/tutorial_objectstorage.py
[2025-11-13T10:58:32.778+0530] {processor.py:830} INFO - Processing file /home/logi/txtai/venv/lib/python3.10/site-packages/airflow/example_dags/tutorial_objectstorage.py for tasks to queue
[2025-11-13T10:58:32.781+0530] {logging_mixin.py:188} INFO - [2025-11-13T10:58:32.780+0530] {dagbag.py:545} INFO - Filling up the DagBag from /home/logi/txtai/venv/lib/python3.10/site-packages/airflow/example_dags/tutorial_objectstorage.py
[2025-11-13T10:58:32.794+0530] {processor.py:840} INFO - DAG(s) 'tutorial_objectstorage' retrieved from /home/logi/txtai/venv/lib/python3.10/site-packages/airflow/example_dags/tutorial_objectstorage.py
[2025-11-13T10:58:32.853+0530] {logging_mixin.py:188} INFO - [2025-11-13T10:58:32.853+0530] {dag.py:3089} INFO - Sync 1 DAGs
[2025-11-13T10:58:32.877+0530] {logging_mixin.py:188} INFO - [2025-11-13T10:58:32.877+0530] {dag.py:3947} INFO - Setting next_dagrun for tutorial_objectstorage to None, run_after=None
[2025-11-13T10:58:32.920+0530] {processor.py:183} INFO - Processing /home/logi/txtai/venv/lib/python3.10/site-packages/airflow/example_dags/tutorial_objectstorage.py took 0.168 seconds
[2025-11-13T10:59:03.189+0530] {processor.py:161} INFO - Started process (PID=24403) to work on /home/logi/txtai/venv/lib/python3.10/site-packages/airflow/example_dags/tutorial_objectstorage.py
[2025-11-13T10:59:03.191+0530] {processor.py:830} INFO - Processing file /home/logi/txtai/venv/lib/python3.10/site-packages/airflow/example_dags/tutorial_objectstorage.py for tasks to queue
[2025-11-13T10:59:03.195+0530] {logging_mixin.py:188} INFO - [2025-11-13T10:59:03.194+0530] {dagbag.py:545} INFO - Filling up the DagBag from /home/logi/txtai/venv/lib/python3.10/site-packages/airflow/example_dags/tutorial_objectstorage.py
[2025-11-13T10:59:03.209+0530] {processor.py:840} INFO - DAG(s) 'tutorial_objectstorage' retrieved from /home/logi/txtai/venv/lib/python3.10/site-packages/airflow/example_dags/tutorial_objectstorage.py
[2025-11-13T10:59:03.268+0530] {logging_mixin.py:188} INFO - [2025-11-13T10:59:03.267+0530] {dag.py:3089} INFO - Sync 1 DAGs
[2025-11-13T10:59:03.291+0530] {logging_mixin.py:188} INFO - [2025-11-13T10:59:03.291+0530] {dag.py:3947} INFO - Setting next_dagrun for tutorial_objectstorage to None, run_after=None
[2025-11-13T10:59:03.329+0530] {processor.py:183} INFO - Processing /home/logi/txtai/venv/lib/python3.10/site-packages/airflow/example_dags/tutorial_objectstorage.py took 0.154 seconds
[2025-11-13T10:59:33.666+0530] {processor.py:161} INFO - Started process (PID=24605) to work on /home/logi/txtai/venv/lib/python3.10/site-packages/airflow/example_dags/tutorial_objectstorage.py
[2025-11-13T10:59:33.679+0530] {processor.py:830} INFO - Processing file /home/logi/txtai/venv/lib/python3.10/site-packages/airflow/example_dags/tutorial_objectstorage.py for tasks to queue
[2025-11-13T10:59:33.682+0530] {logging_mixin.py:188} INFO - [2025-11-13T10:59:33.681+0530] {dagbag.py:545} INFO - Filling up the DagBag from /home/logi/txtai/venv/lib/python3.10/site-packages/airflow/example_dags/tutorial_objectstorage.py
[2025-11-13T10:59:33.695+0530] {processor.py:840} INFO - DAG(s) 'tutorial_objectstorage' retrieved from /home/logi/txtai/venv/lib/python3.10/site-packages/airflow/example_dags/tutorial_objectstorage.py
[2025-11-13T10:59:33.753+0530] {logging_mixin.py:188} INFO - [2025-11-13T10:59:33.753+0530] {dag.py:3089} INFO - Sync 1 DAGs
[2025-11-13T10:59:33.777+0530] {logging_mixin.py:188} INFO - [2025-11-13T10:59:33.777+0530] {dag.py:3947} INFO - Setting next_dagrun for tutorial_objectstorage to None, run_after=None
[2025-11-13T10:59:33.821+0530] {processor.py:183} INFO - Processing /home/logi/txtai/venv/lib/python3.10/site-packages/airflow/example_dags/tutorial_objectstorage.py took 0.167 seconds
[2025-11-13T11:00:04.009+0530] {processor.py:161} INFO - Started process (PID=24807) to work on /home/logi/txtai/venv/lib/python3.10/site-packages/airflow/example_dags/tutorial_objectstorage.py
[2025-11-13T11:00:04.023+0530] {processor.py:830} INFO - Processing file /home/logi/txtai/venv/lib/python3.10/site-packages/airflow/example_dags/tutorial_objectstorage.py for tasks to queue
[2025-11-13T11:00:04.028+0530] {logging_mixin.py:188} INFO - [2025-11-13T11:00:04.027+0530] {dagbag.py:545} INFO - Filling up the DagBag from /home/logi/txtai/venv/lib/python3.10/site-packages/airflow/example_dags/tutorial_objectstorage.py
[2025-11-13T11:00:04.047+0530] {processor.py:840} INFO - DAG(s) 'tutorial_objectstorage' retrieved from /home/logi/txtai/venv/lib/python3.10/site-packages/airflow/example_dags/tutorial_objectstorage.py
[2025-11-13T11:00:04.110+0530] {logging_mixin.py:188} INFO - [2025-11-13T11:00:04.109+0530] {dag.py:3089} INFO - Sync 1 DAGs
[2025-11-13T11:00:04.137+0530] {logging_mixin.py:188} INFO - [2025-11-13T11:00:04.137+0530] {dag.py:3947} INFO - Setting next_dagrun for tutorial_objectstorage to None, run_after=None
[2025-11-13T11:00:04.412+0530] {processor.py:183} INFO - Processing /home/logi/txtai/venv/lib/python3.10/site-packages/airflow/example_dags/tutorial_objectstorage.py took 0.421 seconds
[2025-11-13T11:00:34.581+0530] {processor.py:161} INFO - Started process (PID=25395) to work on /home/logi/txtai/venv/lib/python3.10/site-packages/airflow/example_dags/tutorial_objectstorage.py
[2025-11-13T11:00:34.596+0530] {processor.py:830} INFO - Processing file /home/logi/txtai/venv/lib/python3.10/site-packages/airflow/example_dags/tutorial_objectstorage.py for tasks to queue
[2025-11-13T11:00:34.599+0530] {logging_mixin.py:188} INFO - [2025-11-13T11:00:34.598+0530] {dagbag.py:545} INFO - Filling up the DagBag from /home/logi/txtai/venv/lib/python3.10/site-packages/airflow/example_dags/tutorial_objectstorage.py
[2025-11-13T11:00:34.612+0530] {processor.py:840} INFO - DAG(s) 'tutorial_objectstorage' retrieved from /home/logi/txtai/venv/lib/python3.10/site-packages/airflow/example_dags/tutorial_objectstorage.py
[2025-11-13T11:00:34.658+0530] {logging_mixin.py:188} INFO - [2025-11-13T11:00:34.658+0530] {dag.py:3089} INFO - Sync 1 DAGs
[2025-11-13T11:00:34.856+0530] {logging_mixin.py:188} INFO - [2025-11-13T11:00:34.856+0530] {dag.py:3947} INFO - Setting next_dagrun for tutorial_objectstorage to None, run_after=None
[2025-11-13T11:00:34.889+0530] {processor.py:183} INFO - Processing /home/logi/txtai/venv/lib/python3.10/site-packages/airflow/example_dags/tutorial_objectstorage.py took 0.320 seconds
[2025-11-13T11:01:05.282+0530] {processor.py:161} INFO - Started process (PID=25650) to work on /home/logi/txtai/venv/lib/python3.10/site-packages/airflow/example_dags/tutorial_objectstorage.py
[2025-11-13T11:01:05.296+0530] {processor.py:830} INFO - Processing file /home/logi/txtai/venv/lib/python3.10/site-packages/airflow/example_dags/tutorial_objectstorage.py for tasks to queue
[2025-11-13T11:01:05.299+0530] {logging_mixin.py:188} INFO - [2025-11-13T11:01:05.299+0530] {dagbag.py:545} INFO - Filling up the DagBag from /home/logi/txtai/venv/lib/python3.10/site-packages/airflow/example_dags/tutorial_objectstorage.py
[2025-11-13T11:01:05.312+0530] {processor.py:840} INFO - DAG(s) 'tutorial_objectstorage' retrieved from /home/logi/txtai/venv/lib/python3.10/site-packages/airflow/example_dags/tutorial_objectstorage.py
[2025-11-13T11:01:05.369+0530] {logging_mixin.py:188} INFO - [2025-11-13T11:01:05.369+0530] {dag.py:3089} INFO - Sync 1 DAGs
[2025-11-13T11:01:05.393+0530] {logging_mixin.py:188} INFO - [2025-11-13T11:01:05.392+0530] {dag.py:3947} INFO - Setting next_dagrun for tutorial_objectstorage to None, run_after=None
[2025-11-13T11:01:05.430+0530] {processor.py:183} INFO - Processing /home/logi/txtai/venv/lib/python3.10/site-packages/airflow/example_dags/tutorial_objectstorage.py took 0.160 seconds
[2025-11-13T11:01:35.768+0530] {processor.py:161} INFO - Started process (PID=25793) to work on /home/logi/txtai/venv/lib/python3.10/site-packages/airflow/example_dags/tutorial_objectstorage.py
[2025-11-13T11:01:35.770+0530] {processor.py:830} INFO - Processing file /home/logi/txtai/venv/lib/python3.10/site-packages/airflow/example_dags/tutorial_objectstorage.py for tasks to queue
[2025-11-13T11:01:35.772+0530] {logging_mixin.py:188} INFO - [2025-11-13T11:01:35.772+0530] {dagbag.py:545} INFO - Filling up the DagBag from /home/logi/txtai/venv/lib/python3.10/site-packages/airflow/example_dags/tutorial_objectstorage.py
[2025-11-13T11:01:35.784+0530] {processor.py:840} INFO - DAG(s) 'tutorial_objectstorage' retrieved from /home/logi/txtai/venv/lib/python3.10/site-packages/airflow/example_dags/tutorial_objectstorage.py
[2025-11-13T11:01:35.834+0530] {logging_mixin.py:188} INFO - [2025-11-13T11:01:35.833+0530] {dag.py:3089} INFO - Sync 1 DAGs
[2025-11-13T11:01:35.857+0530] {logging_mixin.py:188} INFO - [2025-11-13T11:01:35.856+0530] {dag.py:3947} INFO - Setting next_dagrun for tutorial_objectstorage to None, run_after=None
[2025-11-13T11:01:35.895+0530] {processor.py:183} INFO - Processing /home/logi/txtai/venv/lib/python3.10/site-packages/airflow/example_dags/tutorial_objectstorage.py took 0.136 seconds
[2025-11-13T11:02:06.422+0530] {processor.py:161} INFO - Started process (PID=25951) to work on /home/logi/txtai/venv/lib/python3.10/site-packages/airflow/example_dags/tutorial_objectstorage.py
[2025-11-13T11:02:06.435+0530] {processor.py:830} INFO - Processing file /home/logi/txtai/venv/lib/python3.10/site-packages/airflow/example_dags/tutorial_objectstorage.py for tasks to queue
[2025-11-13T11:02:06.438+0530] {logging_mixin.py:188} INFO - [2025-11-13T11:02:06.438+0530] {dagbag.py:545} INFO - Filling up the DagBag from /home/logi/txtai/venv/lib/python3.10/site-packages/airflow/example_dags/tutorial_objectstorage.py
[2025-11-13T11:02:06.451+0530] {processor.py:840} INFO - DAG(s) 'tutorial_objectstorage' retrieved from /home/logi/txtai/venv/lib/python3.10/site-packages/airflow/example_dags/tutorial_objectstorage.py
[2025-11-13T11:02:06.509+0530] {logging_mixin.py:188} INFO - [2025-11-13T11:02:06.508+0530] {dag.py:3089} INFO - Sync 1 DAGs
[2025-11-13T11:02:06.533+0530] {logging_mixin.py:188} INFO - [2025-11-13T11:02:06.532+0530] {dag.py:3947} INFO - Setting next_dagrun for tutorial_objectstorage to None, run_after=None
[2025-11-13T11:02:06.577+0530] {processor.py:183} INFO - Processing /home/logi/txtai/venv/lib/python3.10/site-packages/airflow/example_dags/tutorial_objectstorage.py took 0.167 seconds
[2025-11-13T11:02:36.806+0530] {processor.py:161} INFO - Started process (PID=26134) to work on /home/logi/txtai/venv/lib/python3.10/site-packages/airflow/example_dags/tutorial_objectstorage.py
[2025-11-13T11:02:36.820+0530] {processor.py:830} INFO - Processing file /home/logi/txtai/venv/lib/python3.10/site-packages/airflow/example_dags/tutorial_objectstorage.py for tasks to queue
[2025-11-13T11:02:36.824+0530] {logging_mixin.py:188} INFO - [2025-11-13T11:02:36.823+0530] {dagbag.py:545} INFO - Filling up the DagBag from /home/logi/txtai/venv/lib/python3.10/site-packages/airflow/example_dags/tutorial_objectstorage.py
[2025-11-13T11:02:36.843+0530] {processor.py:840} INFO - DAG(s) 'tutorial_objectstorage' retrieved from /home/logi/txtai/venv/lib/python3.10/site-packages/airflow/example_dags/tutorial_objectstorage.py
[2025-11-13T11:02:36.920+0530] {logging_mixin.py:188} INFO - [2025-11-13T11:02:36.919+0530] {dag.py:3089} INFO - Sync 1 DAGs
[2025-11-13T11:02:36.951+0530] {logging_mixin.py:188} INFO - [2025-11-13T11:02:36.951+0530] {dag.py:3947} INFO - Setting next_dagrun for tutorial_objectstorage to None, run_after=None
[2025-11-13T11:02:37.011+0530] {processor.py:183} INFO - Processing /home/logi/txtai/venv/lib/python3.10/site-packages/airflow/example_dags/tutorial_objectstorage.py took 0.223 seconds
[2025-11-13T11:03:07.463+0530] {processor.py:161} INFO - Started process (PID=26281) to work on /home/logi/txtai/venv/lib/python3.10/site-packages/airflow/example_dags/tutorial_objectstorage.py
[2025-11-13T11:03:07.465+0530] {processor.py:830} INFO - Processing file /home/logi/txtai/venv/lib/python3.10/site-packages/airflow/example_dags/tutorial_objectstorage.py for tasks to queue
[2025-11-13T11:03:07.467+0530] {logging_mixin.py:188} INFO - [2025-11-13T11:03:07.467+0530] {dagbag.py:545} INFO - Filling up the DagBag from /home/logi/txtai/venv/lib/python3.10/site-packages/airflow/example_dags/tutorial_objectstorage.py
[2025-11-13T11:03:07.480+0530] {processor.py:840} INFO - DAG(s) 'tutorial_objectstorage' retrieved from /home/logi/txtai/venv/lib/python3.10/site-packages/airflow/example_dags/tutorial_objectstorage.py
[2025-11-13T11:03:07.538+0530] {logging_mixin.py:188} INFO - [2025-11-13T11:03:07.538+0530] {dag.py:3089} INFO - Sync 1 DAGs
[2025-11-13T11:03:07.561+0530] {logging_mixin.py:188} INFO - [2025-11-13T11:03:07.561+0530] {dag.py:3947} INFO - Setting next_dagrun for tutorial_objectstorage to None, run_after=None
[2025-11-13T11:03:07.606+0530] {processor.py:183} INFO - Processing /home/logi/txtai/venv/lib/python3.10/site-packages/airflow/example_dags/tutorial_objectstorage.py took 0.155 seconds
[2025-11-13T11:03:38.290+0530] {processor.py:161} INFO - Started process (PID=26423) to work on /home/logi/txtai/venv/lib/python3.10/site-packages/airflow/example_dags/tutorial_objectstorage.py
[2025-11-13T11:03:38.292+0530] {processor.py:830} INFO - Processing file /home/logi/txtai/venv/lib/python3.10/site-packages/airflow/example_dags/tutorial_objectstorage.py for tasks to queue
[2025-11-13T11:03:38.293+0530] {logging_mixin.py:188} INFO - [2025-11-13T11:03:38.293+0530] {dagbag.py:545} INFO - Filling up the DagBag from /home/logi/txtai/venv/lib/python3.10/site-packages/airflow/example_dags/tutorial_objectstorage.py
[2025-11-13T11:03:38.301+0530] {processor.py:840} INFO - DAG(s) 'tutorial_objectstorage' retrieved from /home/logi/txtai/venv/lib/python3.10/site-packages/airflow/example_dags/tutorial_objectstorage.py
[2025-11-13T11:03:38.350+0530] {logging_mixin.py:188} INFO - [2025-11-13T11:03:38.350+0530] {dag.py:3089} INFO - Sync 1 DAGs
[2025-11-13T11:03:38.364+0530] {logging_mixin.py:188} INFO - [2025-11-13T11:03:38.364+0530] {dag.py:3947} INFO - Setting next_dagrun for tutorial_objectstorage to None, run_after=None
[2025-11-13T11:03:38.388+0530] {processor.py:183} INFO - Processing /home/logi/txtai/venv/lib/python3.10/site-packages/airflow/example_dags/tutorial_objectstorage.py took 0.105 seconds
[2025-11-13T11:04:08.483+0530] {processor.py:161} INFO - Started process (PID=26566) to work on /home/logi/txtai/venv/lib/python3.10/site-packages/airflow/example_dags/tutorial_objectstorage.py
[2025-11-13T11:04:08.484+0530] {processor.py:830} INFO - Processing file /home/logi/txtai/venv/lib/python3.10/site-packages/airflow/example_dags/tutorial_objectstorage.py for tasks to queue
[2025-11-13T11:04:08.487+0530] {logging_mixin.py:188} INFO - [2025-11-13T11:04:08.486+0530] {dagbag.py:545} INFO - Filling up the DagBag from /home/logi/txtai/venv/lib/python3.10/site-packages/airflow/example_dags/tutorial_objectstorage.py
[2025-11-13T11:04:08.499+0530] {processor.py:840} INFO - DAG(s) 'tutorial_objectstorage' retrieved from /home/logi/txtai/venv/lib/python3.10/site-packages/airflow/example_dags/tutorial_objectstorage.py
[2025-11-13T11:04:08.553+0530] {logging_mixin.py:188} INFO - [2025-11-13T11:04:08.553+0530] {dag.py:3089} INFO - Sync 1 DAGs
[2025-11-13T11:04:08.577+0530] {logging_mixin.py:188} INFO - [2025-11-13T11:04:08.576+0530] {dag.py:3947} INFO - Setting next_dagrun for tutorial_objectstorage to None, run_after=None
[2025-11-13T11:04:08.616+0530] {processor.py:183} INFO - Processing /home/logi/txtai/venv/lib/python3.10/site-packages/airflow/example_dags/tutorial_objectstorage.py took 0.145 seconds
[2025-11-13T11:04:39.180+0530] {processor.py:161} INFO - Started process (PID=26708) to work on /home/logi/txtai/venv/lib/python3.10/site-packages/airflow/example_dags/tutorial_objectstorage.py
[2025-11-13T11:04:39.194+0530] {processor.py:830} INFO - Processing file /home/logi/txtai/venv/lib/python3.10/site-packages/airflow/example_dags/tutorial_objectstorage.py for tasks to queue
[2025-11-13T11:04:39.197+0530] {logging_mixin.py:188} INFO - [2025-11-13T11:04:39.197+0530] {dagbag.py:545} INFO - Filling up the DagBag from /home/logi/txtai/venv/lib/python3.10/site-packages/airflow/example_dags/tutorial_objectstorage.py
[2025-11-13T11:04:39.211+0530] {processor.py:840} INFO - DAG(s) 'tutorial_objectstorage' retrieved from /home/logi/txtai/venv/lib/python3.10/site-packages/airflow/example_dags/tutorial_objectstorage.py
[2025-11-13T11:04:39.267+0530] {logging_mixin.py:188} INFO - [2025-11-13T11:04:39.267+0530] {dag.py:3089} INFO - Sync 1 DAGs
[2025-11-13T11:04:39.292+0530] {logging_mixin.py:188} INFO - [2025-11-13T11:04:39.291+0530] {dag.py:3947} INFO - Setting next_dagrun for tutorial_objectstorage to None, run_after=None
[2025-11-13T11:04:39.326+0530] {processor.py:183} INFO - Processing /home/logi/txtai/venv/lib/python3.10/site-packages/airflow/example_dags/tutorial_objectstorage.py took 0.158 seconds
[2025-11-13T11:05:09.994+0530] {processor.py:161} INFO - Started process (PID=26853) to work on /home/logi/txtai/venv/lib/python3.10/site-packages/airflow/example_dags/tutorial_objectstorage.py
[2025-11-13T11:05:10.007+0530] {processor.py:830} INFO - Processing file /home/logi/txtai/venv/lib/python3.10/site-packages/airflow/example_dags/tutorial_objectstorage.py for tasks to queue
[2025-11-13T11:05:10.011+0530] {logging_mixin.py:188} INFO - [2025-11-13T11:05:10.010+0530] {dagbag.py:545} INFO - Filling up the DagBag from /home/logi/txtai/venv/lib/python3.10/site-packages/airflow/example_dags/tutorial_objectstorage.py
[2025-11-13T11:05:10.025+0530] {processor.py:840} INFO - DAG(s) 'tutorial_objectstorage' retrieved from /home/logi/txtai/venv/lib/python3.10/site-packages/airflow/example_dags/tutorial_objectstorage.py
[2025-11-13T11:05:10.085+0530] {logging_mixin.py:188} INFO - [2025-11-13T11:05:10.085+0530] {dag.py:3089} INFO - Sync 1 DAGs
[2025-11-13T11:05:10.109+0530] {logging_mixin.py:188} INFO - [2025-11-13T11:05:10.109+0530] {dag.py:3947} INFO - Setting next_dagrun for tutorial_objectstorage to None, run_after=None
[2025-11-13T11:05:10.155+0530] {processor.py:183} INFO - Processing /home/logi/txtai/venv/lib/python3.10/site-packages/airflow/example_dags/tutorial_objectstorage.py took 0.174 seconds
