[2025-11-12T06:03:16.440+0530] {processor.py:161} INFO - Started process (PID=5752) to work on /home/logi/txtai/venv/lib/python3.10/site-packages/airflow/example_dags/plugins/event_listener.py
[2025-11-12T06:03:16.441+0530] {processor.py:830} INFO - Processing file /home/logi/txtai/venv/lib/python3.10/site-packages/airflow/example_dags/plugins/event_listener.py for tasks to queue
[2025-11-12T06:03:16.444+0530] {logging_mixin.py:188} INFO - [2025-11-12T06:03:16.444+0530] {dagbag.py:545} INFO - Filling up the DagBag from /home/logi/txtai/venv/lib/python3.10/site-packages/airflow/example_dags/plugins/event_listener.py
[2025-11-12T06:03:16.448+0530] {processor.py:842} WARNING - No viable dags retrieved from /home/logi/txtai/venv/lib/python3.10/site-packages/airflow/example_dags/plugins/event_listener.py
[2025-11-12T06:03:16.461+0530] {processor.py:183} INFO - Processing /home/logi/txtai/venv/lib/python3.10/site-packages/airflow/example_dags/plugins/event_listener.py took 0.033 seconds
[2025-11-12T06:04:25.936+0530] {processor.py:161} INFO - Started process (PID=6124) to work on /home/logi/txtai/venv/lib/python3.10/site-packages/airflow/example_dags/plugins/event_listener.py
[2025-11-12T06:04:25.949+0530] {processor.py:830} INFO - Processing file /home/logi/txtai/venv/lib/python3.10/site-packages/airflow/example_dags/plugins/event_listener.py for tasks to queue
[2025-11-12T06:04:25.951+0530] {logging_mixin.py:188} INFO - [2025-11-12T06:04:25.951+0530] {dagbag.py:545} INFO - Filling up the DagBag from /home/logi/txtai/venv/lib/python3.10/site-packages/airflow/example_dags/plugins/event_listener.py
[2025-11-12T06:04:25.953+0530] {processor.py:842} WARNING - No viable dags retrieved from /home/logi/txtai/venv/lib/python3.10/site-packages/airflow/example_dags/plugins/event_listener.py
[2025-11-12T06:04:25.966+0530] {processor.py:183} INFO - Processing /home/logi/txtai/venv/lib/python3.10/site-packages/airflow/example_dags/plugins/event_listener.py took 0.035 seconds
[2025-11-12T06:05:29.332+0530] {processor.py:161} INFO - Started process (PID=6325) to work on /home/logi/txtai/venv/lib/python3.10/site-packages/airflow/example_dags/plugins/event_listener.py
[2025-11-12T06:05:29.346+0530] {processor.py:830} INFO - Processing file /home/logi/txtai/venv/lib/python3.10/site-packages/airflow/example_dags/plugins/event_listener.py for tasks to queue
[2025-11-12T06:05:29.348+0530] {logging_mixin.py:188} INFO - [2025-11-12T06:05:29.348+0530] {dagbag.py:545} INFO - Filling up the DagBag from /home/logi/txtai/venv/lib/python3.10/site-packages/airflow/example_dags/plugins/event_listener.py
[2025-11-12T06:05:29.352+0530] {processor.py:842} WARNING - No viable dags retrieved from /home/logi/txtai/venv/lib/python3.10/site-packages/airflow/example_dags/plugins/event_listener.py
[2025-11-12T06:05:29.369+0530] {processor.py:183} INFO - Processing /home/logi/txtai/venv/lib/python3.10/site-packages/airflow/example_dags/plugins/event_listener.py took 0.048 seconds
[2025-11-12T06:06:28.912+0530] {processor.py:161} INFO - Started process (PID=6732) to work on /home/logi/txtai/venv/lib/python3.10/site-packages/airflow/example_dags/plugins/event_listener.py
[2025-11-12T06:06:28.914+0530] {processor.py:830} INFO - Processing file /home/logi/txtai/venv/lib/python3.10/site-packages/airflow/example_dags/plugins/event_listener.py for tasks to queue
[2025-11-12T06:06:28.917+0530] {logging_mixin.py:188} INFO - [2025-11-12T06:06:28.916+0530] {dagbag.py:545} INFO - Filling up the DagBag from /home/logi/txtai/venv/lib/python3.10/site-packages/airflow/example_dags/plugins/event_listener.py
[2025-11-12T06:06:28.921+0530] {processor.py:842} WARNING - No viable dags retrieved from /home/logi/txtai/venv/lib/python3.10/site-packages/airflow/example_dags/plugins/event_listener.py
[2025-11-12T06:06:28.940+0530] {processor.py:183} INFO - Processing /home/logi/txtai/venv/lib/python3.10/site-packages/airflow/example_dags/plugins/event_listener.py took 0.040 seconds
[2025-11-12T06:07:26.065+0530] {processor.py:161} INFO - Started process (PID=6812) to work on /home/logi/txtai/venv/lib/python3.10/site-packages/airflow/example_dags/plugins/event_listener.py
[2025-11-12T06:07:26.079+0530] {processor.py:830} INFO - Processing file /home/logi/txtai/venv/lib/python3.10/site-packages/airflow/example_dags/plugins/event_listener.py for tasks to queue
[2025-11-12T06:07:26.082+0530] {logging_mixin.py:188} INFO - [2025-11-12T06:07:26.081+0530] {dagbag.py:545} INFO - Filling up the DagBag from /home/logi/txtai/venv/lib/python3.10/site-packages/airflow/example_dags/plugins/event_listener.py
[2025-11-12T06:07:26.085+0530] {processor.py:842} WARNING - No viable dags retrieved from /home/logi/txtai/venv/lib/python3.10/site-packages/airflow/example_dags/plugins/event_listener.py
[2025-11-12T06:07:26.101+0530] {processor.py:183} INFO - Processing /home/logi/txtai/venv/lib/python3.10/site-packages/airflow/example_dags/plugins/event_listener.py took 0.047 seconds
[2025-11-12T06:08:27.983+0530] {processor.py:161} INFO - Started process (PID=7388) to work on /home/logi/txtai/venv/lib/python3.10/site-packages/airflow/example_dags/plugins/event_listener.py
[2025-11-12T06:08:27.996+0530] {processor.py:830} INFO - Processing file /home/logi/txtai/venv/lib/python3.10/site-packages/airflow/example_dags/plugins/event_listener.py for tasks to queue
[2025-11-12T06:08:28.000+0530] {logging_mixin.py:188} INFO - [2025-11-12T06:08:27.999+0530] {dagbag.py:545} INFO - Filling up the DagBag from /home/logi/txtai/venv/lib/python3.10/site-packages/airflow/example_dags/plugins/event_listener.py
[2025-11-12T06:08:28.004+0530] {processor.py:842} WARNING - No viable dags retrieved from /home/logi/txtai/venv/lib/python3.10/site-packages/airflow/example_dags/plugins/event_listener.py
[2025-11-12T06:08:28.023+0530] {processor.py:183} INFO - Processing /home/logi/txtai/venv/lib/python3.10/site-packages/airflow/example_dags/plugins/event_listener.py took 0.051 seconds
[2025-11-12T08:07:48.341+0530] {processor.py:161} INFO - Started process (PID=9906) to work on /home/logi/txtai/venv/lib/python3.10/site-packages/airflow/example_dags/plugins/event_listener.py
[2025-11-12T08:07:48.355+0530] {processor.py:830} INFO - Processing file /home/logi/txtai/venv/lib/python3.10/site-packages/airflow/example_dags/plugins/event_listener.py for tasks to queue
[2025-11-12T08:07:48.359+0530] {logging_mixin.py:188} INFO - [2025-11-12T08:07:48.358+0530] {dagbag.py:545} INFO - Filling up the DagBag from /home/logi/txtai/venv/lib/python3.10/site-packages/airflow/example_dags/plugins/event_listener.py
[2025-11-12T08:07:48.363+0530] {processor.py:842} WARNING - No viable dags retrieved from /home/logi/txtai/venv/lib/python3.10/site-packages/airflow/example_dags/plugins/event_listener.py
[2025-11-12T08:07:48.388+0530] {processor.py:183} INFO - Processing /home/logi/txtai/venv/lib/python3.10/site-packages/airflow/example_dags/plugins/event_listener.py took 0.060 seconds
[2025-11-12T08:08:48.329+0530] {processor.py:161} INFO - Started process (PID=10380) to work on /home/logi/txtai/venv/lib/python3.10/site-packages/airflow/example_dags/plugins/event_listener.py
[2025-11-12T08:08:48.343+0530] {processor.py:830} INFO - Processing file /home/logi/txtai/venv/lib/python3.10/site-packages/airflow/example_dags/plugins/event_listener.py for tasks to queue
[2025-11-12T08:08:48.346+0530] {logging_mixin.py:188} INFO - [2025-11-12T08:08:48.346+0530] {dagbag.py:545} INFO - Filling up the DagBag from /home/logi/txtai/venv/lib/python3.10/site-packages/airflow/example_dags/plugins/event_listener.py
[2025-11-12T08:08:48.351+0530] {processor.py:842} WARNING - No viable dags retrieved from /home/logi/txtai/venv/lib/python3.10/site-packages/airflow/example_dags/plugins/event_listener.py
[2025-11-12T08:08:48.376+0530] {processor.py:183} INFO - Processing /home/logi/txtai/venv/lib/python3.10/site-packages/airflow/example_dags/plugins/event_listener.py took 0.062 seconds
[2025-11-12T08:09:47.109+0530] {processor.py:161} INFO - Started process (PID=10809) to work on /home/logi/txtai/venv/lib/python3.10/site-packages/airflow/example_dags/plugins/event_listener.py
[2025-11-12T08:09:47.125+0530] {processor.py:830} INFO - Processing file /home/logi/txtai/venv/lib/python3.10/site-packages/airflow/example_dags/plugins/event_listener.py for tasks to queue
[2025-11-12T08:09:47.129+0530] {logging_mixin.py:188} INFO - [2025-11-12T08:09:47.128+0530] {dagbag.py:545} INFO - Filling up the DagBag from /home/logi/txtai/venv/lib/python3.10/site-packages/airflow/example_dags/plugins/event_listener.py
[2025-11-12T08:09:47.133+0530] {processor.py:842} WARNING - No viable dags retrieved from /home/logi/txtai/venv/lib/python3.10/site-packages/airflow/example_dags/plugins/event_listener.py
[2025-11-12T08:09:47.156+0530] {processor.py:183} INFO - Processing /home/logi/txtai/venv/lib/python3.10/site-packages/airflow/example_dags/plugins/event_listener.py took 0.059 seconds
[2025-11-12T08:10:46.476+0530] {processor.py:161} INFO - Started process (PID=11127) to work on /home/logi/txtai/venv/lib/python3.10/site-packages/airflow/example_dags/plugins/event_listener.py
[2025-11-12T08:10:46.490+0530] {processor.py:830} INFO - Processing file /home/logi/txtai/venv/lib/python3.10/site-packages/airflow/example_dags/plugins/event_listener.py for tasks to queue
[2025-11-12T08:10:46.494+0530] {logging_mixin.py:188} INFO - [2025-11-12T08:10:46.493+0530] {dagbag.py:545} INFO - Filling up the DagBag from /home/logi/txtai/venv/lib/python3.10/site-packages/airflow/example_dags/plugins/event_listener.py
[2025-11-12T08:10:46.498+0530] {processor.py:842} WARNING - No viable dags retrieved from /home/logi/txtai/venv/lib/python3.10/site-packages/airflow/example_dags/plugins/event_listener.py
[2025-11-12T08:10:46.525+0530] {processor.py:183} INFO - Processing /home/logi/txtai/venv/lib/python3.10/site-packages/airflow/example_dags/plugins/event_listener.py took 0.061 seconds
[2025-11-12T08:11:48.948+0530] {processor.py:161} INFO - Started process (PID=11379) to work on /home/logi/txtai/venv/lib/python3.10/site-packages/airflow/example_dags/plugins/event_listener.py
[2025-11-12T08:11:48.962+0530] {processor.py:830} INFO - Processing file /home/logi/txtai/venv/lib/python3.10/site-packages/airflow/example_dags/plugins/event_listener.py for tasks to queue
[2025-11-12T08:11:48.965+0530] {logging_mixin.py:188} INFO - [2025-11-12T08:11:48.964+0530] {dagbag.py:545} INFO - Filling up the DagBag from /home/logi/txtai/venv/lib/python3.10/site-packages/airflow/example_dags/plugins/event_listener.py
[2025-11-12T08:11:48.969+0530] {processor.py:842} WARNING - No viable dags retrieved from /home/logi/txtai/venv/lib/python3.10/site-packages/airflow/example_dags/plugins/event_listener.py
[2025-11-12T08:11:48.988+0530] {processor.py:183} INFO - Processing /home/logi/txtai/venv/lib/python3.10/site-packages/airflow/example_dags/plugins/event_listener.py took 0.051 seconds
[2025-11-12T08:13:15.005+0530] {processor.py:161} INFO - Started process (PID=12407) to work on /home/logi/txtai/venv/lib/python3.10/site-packages/airflow/example_dags/plugins/event_listener.py
[2025-11-12T08:13:15.018+0530] {processor.py:830} INFO - Processing file /home/logi/txtai/venv/lib/python3.10/site-packages/airflow/example_dags/plugins/event_listener.py for tasks to queue
[2025-11-12T08:13:15.021+0530] {logging_mixin.py:188} INFO - [2025-11-12T08:13:15.021+0530] {dagbag.py:545} INFO - Filling up the DagBag from /home/logi/txtai/venv/lib/python3.10/site-packages/airflow/example_dags/plugins/event_listener.py
[2025-11-12T08:13:15.025+0530] {processor.py:842} WARNING - No viable dags retrieved from /home/logi/txtai/venv/lib/python3.10/site-packages/airflow/example_dags/plugins/event_listener.py
[2025-11-12T08:13:15.044+0530] {processor.py:183} INFO - Processing /home/logi/txtai/venv/lib/python3.10/site-packages/airflow/example_dags/plugins/event_listener.py took 0.050 seconds
[2025-11-12T08:14:06.307+0530] {processor.py:161} INFO - Started process (PID=12819) to work on /home/logi/txtai/venv/lib/python3.10/site-packages/airflow/example_dags/plugins/event_listener.py
[2025-11-12T08:14:06.320+0530] {processor.py:830} INFO - Processing file /home/logi/txtai/venv/lib/python3.10/site-packages/airflow/example_dags/plugins/event_listener.py for tasks to queue
[2025-11-12T08:14:06.323+0530] {logging_mixin.py:188} INFO - [2025-11-12T08:14:06.323+0530] {dagbag.py:545} INFO - Filling up the DagBag from /home/logi/txtai/venv/lib/python3.10/site-packages/airflow/example_dags/plugins/event_listener.py
[2025-11-12T08:14:06.327+0530] {processor.py:842} WARNING - No viable dags retrieved from /home/logi/txtai/venv/lib/python3.10/site-packages/airflow/example_dags/plugins/event_listener.py
[2025-11-12T08:14:06.347+0530] {processor.py:183} INFO - Processing /home/logi/txtai/venv/lib/python3.10/site-packages/airflow/example_dags/plugins/event_listener.py took 0.051 seconds
[2025-11-12T08:15:05.142+0530] {processor.py:161} INFO - Started process (PID=13312) to work on /home/logi/txtai/venv/lib/python3.10/site-packages/airflow/example_dags/plugins/event_listener.py
[2025-11-12T08:15:05.156+0530] {processor.py:830} INFO - Processing file /home/logi/txtai/venv/lib/python3.10/site-packages/airflow/example_dags/plugins/event_listener.py for tasks to queue
[2025-11-12T08:15:05.159+0530] {logging_mixin.py:188} INFO - [2025-11-12T08:15:05.159+0530] {dagbag.py:545} INFO - Filling up the DagBag from /home/logi/txtai/venv/lib/python3.10/site-packages/airflow/example_dags/plugins/event_listener.py
[2025-11-12T08:15:05.163+0530] {processor.py:842} WARNING - No viable dags retrieved from /home/logi/txtai/venv/lib/python3.10/site-packages/airflow/example_dags/plugins/event_listener.py
[2025-11-12T08:15:05.182+0530] {processor.py:183} INFO - Processing /home/logi/txtai/venv/lib/python3.10/site-packages/airflow/example_dags/plugins/event_listener.py took 0.050 seconds
[2025-11-12T08:16:02.755+0530] {processor.py:161} INFO - Started process (PID=13763) to work on /home/logi/txtai/venv/lib/python3.10/site-packages/airflow/example_dags/plugins/event_listener.py
[2025-11-12T08:16:02.769+0530] {processor.py:830} INFO - Processing file /home/logi/txtai/venv/lib/python3.10/site-packages/airflow/example_dags/plugins/event_listener.py for tasks to queue
[2025-11-12T08:16:02.772+0530] {logging_mixin.py:188} INFO - [2025-11-12T08:16:02.772+0530] {dagbag.py:545} INFO - Filling up the DagBag from /home/logi/txtai/venv/lib/python3.10/site-packages/airflow/example_dags/plugins/event_listener.py
[2025-11-12T08:16:02.776+0530] {processor.py:842} WARNING - No viable dags retrieved from /home/logi/txtai/venv/lib/python3.10/site-packages/airflow/example_dags/plugins/event_listener.py
[2025-11-12T08:16:02.795+0530] {processor.py:183} INFO - Processing /home/logi/txtai/venv/lib/python3.10/site-packages/airflow/example_dags/plugins/event_listener.py took 0.051 seconds
[2025-11-12T08:17:03.643+0530] {processor.py:161} INFO - Started process (PID=14270) to work on /home/logi/txtai/venv/lib/python3.10/site-packages/airflow/example_dags/plugins/event_listener.py
[2025-11-12T08:17:03.656+0530] {processor.py:830} INFO - Processing file /home/logi/txtai/venv/lib/python3.10/site-packages/airflow/example_dags/plugins/event_listener.py for tasks to queue
[2025-11-12T08:17:03.660+0530] {logging_mixin.py:188} INFO - [2025-11-12T08:17:03.659+0530] {dagbag.py:545} INFO - Filling up the DagBag from /home/logi/txtai/venv/lib/python3.10/site-packages/airflow/example_dags/plugins/event_listener.py
[2025-11-12T08:17:03.663+0530] {processor.py:842} WARNING - No viable dags retrieved from /home/logi/txtai/venv/lib/python3.10/site-packages/airflow/example_dags/plugins/event_listener.py
[2025-11-12T08:17:03.682+0530] {processor.py:183} INFO - Processing /home/logi/txtai/venv/lib/python3.10/site-packages/airflow/example_dags/plugins/event_listener.py took 0.050 seconds
[2025-11-12T08:18:01.635+0530] {processor.py:161} INFO - Started process (PID=14768) to work on /home/logi/txtai/venv/lib/python3.10/site-packages/airflow/example_dags/plugins/event_listener.py
[2025-11-12T08:18:01.648+0530] {processor.py:830} INFO - Processing file /home/logi/txtai/venv/lib/python3.10/site-packages/airflow/example_dags/plugins/event_listener.py for tasks to queue
[2025-11-12T08:18:01.651+0530] {logging_mixin.py:188} INFO - [2025-11-12T08:18:01.651+0530] {dagbag.py:545} INFO - Filling up the DagBag from /home/logi/txtai/venv/lib/python3.10/site-packages/airflow/example_dags/plugins/event_listener.py
[2025-11-12T08:18:01.655+0530] {processor.py:842} WARNING - No viable dags retrieved from /home/logi/txtai/venv/lib/python3.10/site-packages/airflow/example_dags/plugins/event_listener.py
[2025-11-12T08:18:01.674+0530] {processor.py:183} INFO - Processing /home/logi/txtai/venv/lib/python3.10/site-packages/airflow/example_dags/plugins/event_listener.py took 0.050 seconds
[2025-11-12T08:19:14.077+0530] {processor.py:161} INFO - Started process (PID=15514) to work on /home/logi/txtai/venv/lib/python3.10/site-packages/airflow/example_dags/plugins/event_listener.py
[2025-11-12T08:19:14.090+0530] {processor.py:830} INFO - Processing file /home/logi/txtai/venv/lib/python3.10/site-packages/airflow/example_dags/plugins/event_listener.py for tasks to queue
[2025-11-12T08:19:14.093+0530] {logging_mixin.py:188} INFO - [2025-11-12T08:19:14.093+0530] {dagbag.py:545} INFO - Filling up the DagBag from /home/logi/txtai/venv/lib/python3.10/site-packages/airflow/example_dags/plugins/event_listener.py
[2025-11-12T08:19:14.096+0530] {processor.py:842} WARNING - No viable dags retrieved from /home/logi/txtai/venv/lib/python3.10/site-packages/airflow/example_dags/plugins/event_listener.py
[2025-11-12T08:19:14.108+0530] {processor.py:183} INFO - Processing /home/logi/txtai/venv/lib/python3.10/site-packages/airflow/example_dags/plugins/event_listener.py took 0.037 seconds
[2025-11-12T08:20:12.318+0530] {processor.py:161} INFO - Started process (PID=15972) to work on /home/logi/txtai/venv/lib/python3.10/site-packages/airflow/example_dags/plugins/event_listener.py
[2025-11-12T08:20:12.322+0530] {processor.py:830} INFO - Processing file /home/logi/txtai/venv/lib/python3.10/site-packages/airflow/example_dags/plugins/event_listener.py for tasks to queue
[2025-11-12T08:20:12.325+0530] {logging_mixin.py:188} INFO - [2025-11-12T08:20:12.324+0530] {dagbag.py:545} INFO - Filling up the DagBag from /home/logi/txtai/venv/lib/python3.10/site-packages/airflow/example_dags/plugins/event_listener.py
[2025-11-12T08:20:12.329+0530] {processor.py:842} WARNING - No viable dags retrieved from /home/logi/txtai/venv/lib/python3.10/site-packages/airflow/example_dags/plugins/event_listener.py
[2025-11-12T08:20:12.347+0530] {processor.py:183} INFO - Processing /home/logi/txtai/venv/lib/python3.10/site-packages/airflow/example_dags/plugins/event_listener.py took 0.040 seconds
[2025-11-12T08:21:17.977+0530] {processor.py:161} INFO - Started process (PID=16496) to work on /home/logi/txtai/venv/lib/python3.10/site-packages/airflow/example_dags/plugins/event_listener.py
[2025-11-12T08:21:17.995+0530] {processor.py:830} INFO - Processing file /home/logi/txtai/venv/lib/python3.10/site-packages/airflow/example_dags/plugins/event_listener.py for tasks to queue
[2025-11-12T08:21:17.998+0530] {logging_mixin.py:188} INFO - [2025-11-12T08:21:17.997+0530] {dagbag.py:545} INFO - Filling up the DagBag from /home/logi/txtai/venv/lib/python3.10/site-packages/airflow/example_dags/plugins/event_listener.py
[2025-11-12T08:21:18.002+0530] {processor.py:842} WARNING - No viable dags retrieved from /home/logi/txtai/venv/lib/python3.10/site-packages/airflow/example_dags/plugins/event_listener.py
[2025-11-12T08:21:18.021+0530] {processor.py:183} INFO - Processing /home/logi/txtai/venv/lib/python3.10/site-packages/airflow/example_dags/plugins/event_listener.py took 0.055 seconds
[2025-11-12T08:22:19.644+0530] {processor.py:161} INFO - Started process (PID=17017) to work on /home/logi/txtai/venv/lib/python3.10/site-packages/airflow/example_dags/plugins/event_listener.py
[2025-11-12T08:22:19.658+0530] {processor.py:830} INFO - Processing file /home/logi/txtai/venv/lib/python3.10/site-packages/airflow/example_dags/plugins/event_listener.py for tasks to queue
[2025-11-12T08:22:19.661+0530] {logging_mixin.py:188} INFO - [2025-11-12T08:22:19.660+0530] {dagbag.py:545} INFO - Filling up the DagBag from /home/logi/txtai/venv/lib/python3.10/site-packages/airflow/example_dags/plugins/event_listener.py
[2025-11-12T08:22:19.665+0530] {processor.py:842} WARNING - No viable dags retrieved from /home/logi/txtai/venv/lib/python3.10/site-packages/airflow/example_dags/plugins/event_listener.py
[2025-11-12T08:22:19.683+0530] {processor.py:183} INFO - Processing /home/logi/txtai/venv/lib/python3.10/site-packages/airflow/example_dags/plugins/event_listener.py took 0.050 seconds
[2025-11-12T08:23:41.685+0530] {processor.py:161} INFO - Started process (PID=17914) to work on /home/logi/txtai/venv/lib/python3.10/site-packages/airflow/example_dags/plugins/event_listener.py
[2025-11-12T08:23:41.701+0530] {processor.py:830} INFO - Processing file /home/logi/txtai/venv/lib/python3.10/site-packages/airflow/example_dags/plugins/event_listener.py for tasks to queue
[2025-11-12T08:23:41.704+0530] {logging_mixin.py:188} INFO - [2025-11-12T08:23:41.704+0530] {dagbag.py:545} INFO - Filling up the DagBag from /home/logi/txtai/venv/lib/python3.10/site-packages/airflow/example_dags/plugins/event_listener.py
[2025-11-12T08:23:41.708+0530] {processor.py:842} WARNING - No viable dags retrieved from /home/logi/txtai/venv/lib/python3.10/site-packages/airflow/example_dags/plugins/event_listener.py
[2025-11-12T08:23:41.728+0530] {processor.py:183} INFO - Processing /home/logi/txtai/venv/lib/python3.10/site-packages/airflow/example_dags/plugins/event_listener.py took 0.054 seconds
[2025-11-12T08:24:21.151+0530] {processor.py:161} INFO - Started process (PID=18085) to work on /home/logi/txtai/venv/lib/python3.10/site-packages/airflow/example_dags/plugins/event_listener.py
[2025-11-12T08:24:21.164+0530] {processor.py:830} INFO - Processing file /home/logi/txtai/venv/lib/python3.10/site-packages/airflow/example_dags/plugins/event_listener.py for tasks to queue
[2025-11-12T08:24:21.167+0530] {logging_mixin.py:188} INFO - [2025-11-12T08:24:21.167+0530] {dagbag.py:545} INFO - Filling up the DagBag from /home/logi/txtai/venv/lib/python3.10/site-packages/airflow/example_dags/plugins/event_listener.py
[2025-11-12T08:24:21.171+0530] {processor.py:842} WARNING - No viable dags retrieved from /home/logi/txtai/venv/lib/python3.10/site-packages/airflow/example_dags/plugins/event_listener.py
[2025-11-12T08:24:21.189+0530] {processor.py:183} INFO - Processing /home/logi/txtai/venv/lib/python3.10/site-packages/airflow/example_dags/plugins/event_listener.py took 0.050 seconds
[2025-11-12T08:25:23.750+0530] {processor.py:161} INFO - Started process (PID=18188) to work on /home/logi/txtai/venv/lib/python3.10/site-packages/airflow/example_dags/plugins/event_listener.py
[2025-11-12T08:25:23.763+0530] {processor.py:830} INFO - Processing file /home/logi/txtai/venv/lib/python3.10/site-packages/airflow/example_dags/plugins/event_listener.py for tasks to queue
[2025-11-12T08:25:23.766+0530] {logging_mixin.py:188} INFO - [2025-11-12T08:25:23.765+0530] {dagbag.py:545} INFO - Filling up the DagBag from /home/logi/txtai/venv/lib/python3.10/site-packages/airflow/example_dags/plugins/event_listener.py
[2025-11-12T08:25:23.770+0530] {processor.py:842} WARNING - No viable dags retrieved from /home/logi/txtai/venv/lib/python3.10/site-packages/airflow/example_dags/plugins/event_listener.py
[2025-11-12T08:25:23.788+0530] {processor.py:183} INFO - Processing /home/logi/txtai/venv/lib/python3.10/site-packages/airflow/example_dags/plugins/event_listener.py took 0.050 seconds
[2025-11-12T08:26:22.523+0530] {processor.py:161} INFO - Started process (PID=18310) to work on /home/logi/txtai/venv/lib/python3.10/site-packages/airflow/example_dags/plugins/event_listener.py
[2025-11-12T08:26:22.525+0530] {processor.py:830} INFO - Processing file /home/logi/txtai/venv/lib/python3.10/site-packages/airflow/example_dags/plugins/event_listener.py for tasks to queue
[2025-11-12T08:26:22.528+0530] {logging_mixin.py:188} INFO - [2025-11-12T08:26:22.528+0530] {dagbag.py:545} INFO - Filling up the DagBag from /home/logi/txtai/venv/lib/python3.10/site-packages/airflow/example_dags/plugins/event_listener.py
[2025-11-12T08:26:22.532+0530] {processor.py:842} WARNING - No viable dags retrieved from /home/logi/txtai/venv/lib/python3.10/site-packages/airflow/example_dags/plugins/event_listener.py
[2025-11-12T08:26:22.552+0530] {processor.py:183} INFO - Processing /home/logi/txtai/venv/lib/python3.10/site-packages/airflow/example_dags/plugins/event_listener.py took 0.042 seconds
[2025-11-12T08:27:27.550+0530] {processor.py:161} INFO - Started process (PID=18451) to work on /home/logi/txtai/venv/lib/python3.10/site-packages/airflow/example_dags/plugins/event_listener.py
[2025-11-12T08:27:27.563+0530] {processor.py:830} INFO - Processing file /home/logi/txtai/venv/lib/python3.10/site-packages/airflow/example_dags/plugins/event_listener.py for tasks to queue
[2025-11-12T08:27:27.567+0530] {logging_mixin.py:188} INFO - [2025-11-12T08:27:27.566+0530] {dagbag.py:545} INFO - Filling up the DagBag from /home/logi/txtai/venv/lib/python3.10/site-packages/airflow/example_dags/plugins/event_listener.py
[2025-11-12T08:27:27.572+0530] {processor.py:842} WARNING - No viable dags retrieved from /home/logi/txtai/venv/lib/python3.10/site-packages/airflow/example_dags/plugins/event_listener.py
[2025-11-12T08:27:27.595+0530] {processor.py:183} INFO - Processing /home/logi/txtai/venv/lib/python3.10/site-packages/airflow/example_dags/plugins/event_listener.py took 0.059 seconds
[2025-11-12T08:28:28.898+0530] {processor.py:161} INFO - Started process (PID=18667) to work on /home/logi/txtai/venv/lib/python3.10/site-packages/airflow/example_dags/plugins/event_listener.py
[2025-11-12T08:28:28.912+0530] {processor.py:830} INFO - Processing file /home/logi/txtai/venv/lib/python3.10/site-packages/airflow/example_dags/plugins/event_listener.py for tasks to queue
[2025-11-12T08:28:28.915+0530] {logging_mixin.py:188} INFO - [2025-11-12T08:28:28.915+0530] {dagbag.py:545} INFO - Filling up the DagBag from /home/logi/txtai/venv/lib/python3.10/site-packages/airflow/example_dags/plugins/event_listener.py
[2025-11-12T08:28:28.919+0530] {processor.py:842} WARNING - No viable dags retrieved from /home/logi/txtai/venv/lib/python3.10/site-packages/airflow/example_dags/plugins/event_listener.py
[2025-11-12T08:28:28.941+0530] {processor.py:183} INFO - Processing /home/logi/txtai/venv/lib/python3.10/site-packages/airflow/example_dags/plugins/event_listener.py took 0.054 seconds
[2025-11-12T08:29:06.626+0530] {processor.py:161} INFO - Started process (PID=18844) to work on /home/logi/txtai/venv/lib/python3.10/site-packages/airflow/example_dags/plugins/event_listener.py
[2025-11-12T08:29:06.640+0530] {processor.py:830} INFO - Processing file /home/logi/txtai/venv/lib/python3.10/site-packages/airflow/example_dags/plugins/event_listener.py for tasks to queue
[2025-11-12T08:29:06.643+0530] {logging_mixin.py:188} INFO - [2025-11-12T08:29:06.642+0530] {dagbag.py:545} INFO - Filling up the DagBag from /home/logi/txtai/venv/lib/python3.10/site-packages/airflow/example_dags/plugins/event_listener.py
[2025-11-12T08:29:06.647+0530] {processor.py:842} WARNING - No viable dags retrieved from /home/logi/txtai/venv/lib/python3.10/site-packages/airflow/example_dags/plugins/event_listener.py
[2025-11-12T08:29:06.666+0530] {processor.py:183} INFO - Processing /home/logi/txtai/venv/lib/python3.10/site-packages/airflow/example_dags/plugins/event_listener.py took 0.051 seconds
[2025-11-12T08:30:07.143+0530] {processor.py:161} INFO - Started process (PID=19051) to work on /home/logi/txtai/venv/lib/python3.10/site-packages/airflow/example_dags/plugins/event_listener.py
[2025-11-12T08:30:07.157+0530] {processor.py:830} INFO - Processing file /home/logi/txtai/venv/lib/python3.10/site-packages/airflow/example_dags/plugins/event_listener.py for tasks to queue
[2025-11-12T08:30:07.160+0530] {logging_mixin.py:188} INFO - [2025-11-12T08:30:07.160+0530] {dagbag.py:545} INFO - Filling up the DagBag from /home/logi/txtai/venv/lib/python3.10/site-packages/airflow/example_dags/plugins/event_listener.py
[2025-11-12T08:30:07.164+0530] {processor.py:842} WARNING - No viable dags retrieved from /home/logi/txtai/venv/lib/python3.10/site-packages/airflow/example_dags/plugins/event_listener.py
[2025-11-12T08:30:07.182+0530] {processor.py:183} INFO - Processing /home/logi/txtai/venv/lib/python3.10/site-packages/airflow/example_dags/plugins/event_listener.py took 0.050 seconds
[2025-11-12T08:31:06.109+0530] {processor.py:161} INFO - Started process (PID=19340) to work on /home/logi/txtai/venv/lib/python3.10/site-packages/airflow/example_dags/plugins/event_listener.py
[2025-11-12T08:31:06.123+0530] {processor.py:830} INFO - Processing file /home/logi/txtai/venv/lib/python3.10/site-packages/airflow/example_dags/plugins/event_listener.py for tasks to queue
[2025-11-12T08:31:06.126+0530] {logging_mixin.py:188} INFO - [2025-11-12T08:31:06.125+0530] {dagbag.py:545} INFO - Filling up the DagBag from /home/logi/txtai/venv/lib/python3.10/site-packages/airflow/example_dags/plugins/event_listener.py
[2025-11-12T08:31:06.130+0530] {processor.py:842} WARNING - No viable dags retrieved from /home/logi/txtai/venv/lib/python3.10/site-packages/airflow/example_dags/plugins/event_listener.py
[2025-11-12T08:31:06.148+0530] {processor.py:183} INFO - Processing /home/logi/txtai/venv/lib/python3.10/site-packages/airflow/example_dags/plugins/event_listener.py took 0.050 seconds
[2025-11-12T08:32:05.021+0530] {processor.py:161} INFO - Started process (PID=19481) to work on /home/logi/txtai/venv/lib/python3.10/site-packages/airflow/example_dags/plugins/event_listener.py
[2025-11-12T08:32:05.034+0530] {processor.py:830} INFO - Processing file /home/logi/txtai/venv/lib/python3.10/site-packages/airflow/example_dags/plugins/event_listener.py for tasks to queue
[2025-11-12T08:32:05.037+0530] {logging_mixin.py:188} INFO - [2025-11-12T08:32:05.036+0530] {dagbag.py:545} INFO - Filling up the DagBag from /home/logi/txtai/venv/lib/python3.10/site-packages/airflow/example_dags/plugins/event_listener.py
[2025-11-12T08:32:05.046+0530] {processor.py:842} WARNING - No viable dags retrieved from /home/logi/txtai/venv/lib/python3.10/site-packages/airflow/example_dags/plugins/event_listener.py
[2025-11-12T08:32:05.059+0530] {processor.py:183} INFO - Processing /home/logi/txtai/venv/lib/python3.10/site-packages/airflow/example_dags/plugins/event_listener.py took 0.054 seconds
[2025-11-12T08:32:42.104+0530] {processor.py:161} INFO - Started process (PID=19577) to work on /home/logi/txtai/venv/lib/python3.10/site-packages/airflow/example_dags/plugins/event_listener.py
[2025-11-12T08:32:42.118+0530] {processor.py:830} INFO - Processing file /home/logi/txtai/venv/lib/python3.10/site-packages/airflow/example_dags/plugins/event_listener.py for tasks to queue
[2025-11-12T08:32:42.121+0530] {logging_mixin.py:188} INFO - [2025-11-12T08:32:42.121+0530] {dagbag.py:545} INFO - Filling up the DagBag from /home/logi/txtai/venv/lib/python3.10/site-packages/airflow/example_dags/plugins/event_listener.py
[2025-11-12T08:32:42.125+0530] {processor.py:842} WARNING - No viable dags retrieved from /home/logi/txtai/venv/lib/python3.10/site-packages/airflow/example_dags/plugins/event_listener.py
[2025-11-12T08:32:42.145+0530] {processor.py:183} INFO - Processing /home/logi/txtai/venv/lib/python3.10/site-packages/airflow/example_dags/plugins/event_listener.py took 0.052 seconds
[2025-11-12T08:33:57.919+0530] {processor.py:161} INFO - Started process (PID=19875) to work on /home/logi/txtai/venv/lib/python3.10/site-packages/airflow/example_dags/plugins/event_listener.py
[2025-11-12T08:33:57.921+0530] {processor.py:830} INFO - Processing file /home/logi/txtai/venv/lib/python3.10/site-packages/airflow/example_dags/plugins/event_listener.py for tasks to queue
[2025-11-12T08:33:57.924+0530] {logging_mixin.py:188} INFO - [2025-11-12T08:33:57.923+0530] {dagbag.py:545} INFO - Filling up the DagBag from /home/logi/txtai/venv/lib/python3.10/site-packages/airflow/example_dags/plugins/event_listener.py
[2025-11-12T08:33:57.927+0530] {processor.py:842} WARNING - No viable dags retrieved from /home/logi/txtai/venv/lib/python3.10/site-packages/airflow/example_dags/plugins/event_listener.py
[2025-11-12T08:33:57.945+0530] {processor.py:183} INFO - Processing /home/logi/txtai/venv/lib/python3.10/site-packages/airflow/example_dags/plugins/event_listener.py took 0.036 seconds
[2025-11-12T08:34:41.671+0530] {processor.py:161} INFO - Started process (PID=20058) to work on /home/logi/txtai/venv/lib/python3.10/site-packages/airflow/example_dags/plugins/event_listener.py
[2025-11-12T08:34:41.686+0530] {processor.py:830} INFO - Processing file /home/logi/txtai/venv/lib/python3.10/site-packages/airflow/example_dags/plugins/event_listener.py for tasks to queue
[2025-11-12T08:34:41.689+0530] {logging_mixin.py:188} INFO - [2025-11-12T08:34:41.689+0530] {dagbag.py:545} INFO - Filling up the DagBag from /home/logi/txtai/venv/lib/python3.10/site-packages/airflow/example_dags/plugins/event_listener.py
[2025-11-12T08:34:41.693+0530] {processor.py:842} WARNING - No viable dags retrieved from /home/logi/txtai/venv/lib/python3.10/site-packages/airflow/example_dags/plugins/event_listener.py
[2025-11-12T08:34:41.713+0530] {processor.py:183} INFO - Processing /home/logi/txtai/venv/lib/python3.10/site-packages/airflow/example_dags/plugins/event_listener.py took 0.053 seconds
[2025-11-12T08:35:39.400+0530] {processor.py:161} INFO - Started process (PID=20142) to work on /home/logi/txtai/venv/lib/python3.10/site-packages/airflow/example_dags/plugins/event_listener.py
[2025-11-12T08:35:39.403+0530] {processor.py:830} INFO - Processing file /home/logi/txtai/venv/lib/python3.10/site-packages/airflow/example_dags/plugins/event_listener.py for tasks to queue
[2025-11-12T08:35:39.406+0530] {logging_mixin.py:188} INFO - [2025-11-12T08:35:39.405+0530] {dagbag.py:545} INFO - Filling up the DagBag from /home/logi/txtai/venv/lib/python3.10/site-packages/airflow/example_dags/plugins/event_listener.py
[2025-11-12T08:35:39.410+0530] {processor.py:842} WARNING - No viable dags retrieved from /home/logi/txtai/venv/lib/python3.10/site-packages/airflow/example_dags/plugins/event_listener.py
[2025-11-12T08:35:39.430+0530] {processor.py:183} INFO - Processing /home/logi/txtai/venv/lib/python3.10/site-packages/airflow/example_dags/plugins/event_listener.py took 0.041 seconds
[2025-11-12T08:36:38.330+0530] {processor.py:161} INFO - Started process (PID=20223) to work on /home/logi/txtai/venv/lib/python3.10/site-packages/airflow/example_dags/plugins/event_listener.py
[2025-11-12T08:36:38.346+0530] {processor.py:830} INFO - Processing file /home/logi/txtai/venv/lib/python3.10/site-packages/airflow/example_dags/plugins/event_listener.py for tasks to queue
[2025-11-12T08:36:38.349+0530] {logging_mixin.py:188} INFO - [2025-11-12T08:36:38.348+0530] {dagbag.py:545} INFO - Filling up the DagBag from /home/logi/txtai/venv/lib/python3.10/site-packages/airflow/example_dags/plugins/event_listener.py
[2025-11-12T08:36:38.353+0530] {processor.py:842} WARNING - No viable dags retrieved from /home/logi/txtai/venv/lib/python3.10/site-packages/airflow/example_dags/plugins/event_listener.py
[2025-11-12T08:36:38.368+0530] {processor.py:183} INFO - Processing /home/logi/txtai/venv/lib/python3.10/site-packages/airflow/example_dags/plugins/event_listener.py took 0.050 seconds
[2025-11-12T08:37:39.772+0530] {processor.py:161} INFO - Started process (PID=20361) to work on /home/logi/txtai/venv/lib/python3.10/site-packages/airflow/example_dags/plugins/event_listener.py
[2025-11-12T08:37:39.774+0530] {processor.py:830} INFO - Processing file /home/logi/txtai/venv/lib/python3.10/site-packages/airflow/example_dags/plugins/event_listener.py for tasks to queue
[2025-11-12T08:37:39.777+0530] {logging_mixin.py:188} INFO - [2025-11-12T08:37:39.776+0530] {dagbag.py:545} INFO - Filling up the DagBag from /home/logi/txtai/venv/lib/python3.10/site-packages/airflow/example_dags/plugins/event_listener.py
[2025-11-12T08:37:39.781+0530] {processor.py:842} WARNING - No viable dags retrieved from /home/logi/txtai/venv/lib/python3.10/site-packages/airflow/example_dags/plugins/event_listener.py
[2025-11-12T08:37:39.799+0530] {processor.py:183} INFO - Processing /home/logi/txtai/venv/lib/python3.10/site-packages/airflow/example_dags/plugins/event_listener.py took 0.039 seconds
[2025-11-12T08:38:40.724+0530] {processor.py:161} INFO - Started process (PID=20511) to work on /home/logi/txtai/venv/lib/python3.10/site-packages/airflow/example_dags/plugins/event_listener.py
[2025-11-12T08:38:40.738+0530] {processor.py:830} INFO - Processing file /home/logi/txtai/venv/lib/python3.10/site-packages/airflow/example_dags/plugins/event_listener.py for tasks to queue
[2025-11-12T08:38:40.741+0530] {logging_mixin.py:188} INFO - [2025-11-12T08:38:40.741+0530] {dagbag.py:545} INFO - Filling up the DagBag from /home/logi/txtai/venv/lib/python3.10/site-packages/airflow/example_dags/plugins/event_listener.py
[2025-11-12T08:38:40.745+0530] {processor.py:842} WARNING - No viable dags retrieved from /home/logi/txtai/venv/lib/python3.10/site-packages/airflow/example_dags/plugins/event_listener.py
[2025-11-12T08:38:40.765+0530] {processor.py:183} INFO - Processing /home/logi/txtai/venv/lib/python3.10/site-packages/airflow/example_dags/plugins/event_listener.py took 0.052 seconds
[2025-11-12T08:39:20.147+0530] {processor.py:161} INFO - Started process (PID=20684) to work on /home/logi/txtai/venv/lib/python3.10/site-packages/airflow/example_dags/plugins/event_listener.py
[2025-11-12T08:39:20.160+0530] {processor.py:830} INFO - Processing file /home/logi/txtai/venv/lib/python3.10/site-packages/airflow/example_dags/plugins/event_listener.py for tasks to queue
[2025-11-12T08:39:20.164+0530] {logging_mixin.py:188} INFO - [2025-11-12T08:39:20.163+0530] {dagbag.py:545} INFO - Filling up the DagBag from /home/logi/txtai/venv/lib/python3.10/site-packages/airflow/example_dags/plugins/event_listener.py
[2025-11-12T08:39:20.168+0530] {processor.py:842} WARNING - No viable dags retrieved from /home/logi/txtai/venv/lib/python3.10/site-packages/airflow/example_dags/plugins/event_listener.py
[2025-11-12T08:39:20.190+0530] {processor.py:183} INFO - Processing /home/logi/txtai/venv/lib/python3.10/site-packages/airflow/example_dags/plugins/event_listener.py took 0.057 seconds
[2025-11-12T08:39:56.983+0530] {processor.py:161} INFO - Started process (PID=20742) to work on /home/logi/txtai/venv/lib/python3.10/site-packages/airflow/example_dags/plugins/event_listener.py
[2025-11-12T08:39:56.997+0530] {processor.py:830} INFO - Processing file /home/logi/txtai/venv/lib/python3.10/site-packages/airflow/example_dags/plugins/event_listener.py for tasks to queue
[2025-11-12T08:39:57.001+0530] {logging_mixin.py:188} INFO - [2025-11-12T08:39:57.000+0530] {dagbag.py:545} INFO - Filling up the DagBag from /home/logi/txtai/venv/lib/python3.10/site-packages/airflow/example_dags/plugins/event_listener.py
[2025-11-12T08:39:57.004+0530] {processor.py:842} WARNING - No viable dags retrieved from /home/logi/txtai/venv/lib/python3.10/site-packages/airflow/example_dags/plugins/event_listener.py
[2025-11-12T08:39:57.024+0530] {processor.py:183} INFO - Processing /home/logi/txtai/venv/lib/python3.10/site-packages/airflow/example_dags/plugins/event_listener.py took 0.052 seconds
[2025-11-12T08:41:02.477+0530] {processor.py:161} INFO - Started process (PID=20840) to work on /home/logi/txtai/venv/lib/python3.10/site-packages/airflow/example_dags/plugins/event_listener.py
[2025-11-12T08:41:02.490+0530] {processor.py:830} INFO - Processing file /home/logi/txtai/venv/lib/python3.10/site-packages/airflow/example_dags/plugins/event_listener.py for tasks to queue
[2025-11-12T08:41:02.494+0530] {logging_mixin.py:188} INFO - [2025-11-12T08:41:02.493+0530] {dagbag.py:545} INFO - Filling up the DagBag from /home/logi/txtai/venv/lib/python3.10/site-packages/airflow/example_dags/plugins/event_listener.py
[2025-11-12T08:41:02.498+0530] {processor.py:842} WARNING - No viable dags retrieved from /home/logi/txtai/venv/lib/python3.10/site-packages/airflow/example_dags/plugins/event_listener.py
[2025-11-12T08:41:02.518+0530] {processor.py:183} INFO - Processing /home/logi/txtai/venv/lib/python3.10/site-packages/airflow/example_dags/plugins/event_listener.py took 0.057 seconds
[2025-11-12T08:42:04.831+0530] {processor.py:161} INFO - Started process (PID=20948) to work on /home/logi/txtai/venv/lib/python3.10/site-packages/airflow/example_dags/plugins/event_listener.py
[2025-11-12T08:42:04.844+0530] {processor.py:830} INFO - Processing file /home/logi/txtai/venv/lib/python3.10/site-packages/airflow/example_dags/plugins/event_listener.py for tasks to queue
[2025-11-12T08:42:04.848+0530] {logging_mixin.py:188} INFO - [2025-11-12T08:42:04.847+0530] {dagbag.py:545} INFO - Filling up the DagBag from /home/logi/txtai/venv/lib/python3.10/site-packages/airflow/example_dags/plugins/event_listener.py
[2025-11-12T08:42:04.852+0530] {processor.py:842} WARNING - No viable dags retrieved from /home/logi/txtai/venv/lib/python3.10/site-packages/airflow/example_dags/plugins/event_listener.py
[2025-11-12T08:42:04.873+0530] {processor.py:183} INFO - Processing /home/logi/txtai/venv/lib/python3.10/site-packages/airflow/example_dags/plugins/event_listener.py took 0.054 seconds
[2025-11-12T08:43:09.996+0530] {processor.py:161} INFO - Started process (PID=21106) to work on /home/logi/txtai/venv/lib/python3.10/site-packages/airflow/example_dags/plugins/event_listener.py
[2025-11-12T08:43:10.010+0530] {processor.py:830} INFO - Processing file /home/logi/txtai/venv/lib/python3.10/site-packages/airflow/example_dags/plugins/event_listener.py for tasks to queue
[2025-11-12T08:43:10.014+0530] {logging_mixin.py:188} INFO - [2025-11-12T08:43:10.013+0530] {dagbag.py:545} INFO - Filling up the DagBag from /home/logi/txtai/venv/lib/python3.10/site-packages/airflow/example_dags/plugins/event_listener.py
[2025-11-12T08:43:10.018+0530] {processor.py:842} WARNING - No viable dags retrieved from /home/logi/txtai/venv/lib/python3.10/site-packages/airflow/example_dags/plugins/event_listener.py
[2025-11-12T08:43:10.038+0530] {processor.py:183} INFO - Processing /home/logi/txtai/venv/lib/python3.10/site-packages/airflow/example_dags/plugins/event_listener.py took 0.053 seconds
[2025-11-12T08:44:41.995+0530] {processor.py:161} INFO - Started process (PID=21585) to work on /home/logi/txtai/venv/lib/python3.10/site-packages/airflow/example_dags/plugins/event_listener.py
[2025-11-12T08:44:42.009+0530] {processor.py:830} INFO - Processing file /home/logi/txtai/venv/lib/python3.10/site-packages/airflow/example_dags/plugins/event_listener.py for tasks to queue
[2025-11-12T08:44:42.012+0530] {logging_mixin.py:188} INFO - [2025-11-12T08:44:42.011+0530] {dagbag.py:545} INFO - Filling up the DagBag from /home/logi/txtai/venv/lib/python3.10/site-packages/airflow/example_dags/plugins/event_listener.py
[2025-11-12T08:44:42.016+0530] {processor.py:842} WARNING - No viable dags retrieved from /home/logi/txtai/venv/lib/python3.10/site-packages/airflow/example_dags/plugins/event_listener.py
[2025-11-12T08:44:42.035+0530] {processor.py:183} INFO - Processing /home/logi/txtai/venv/lib/python3.10/site-packages/airflow/example_dags/plugins/event_listener.py took 0.051 seconds
[2025-11-12T08:45:32.266+0530] {processor.py:161} INFO - Started process (PID=21661) to work on /home/logi/txtai/venv/lib/python3.10/site-packages/airflow/example_dags/plugins/event_listener.py
[2025-11-12T08:45:32.280+0530] {processor.py:830} INFO - Processing file /home/logi/txtai/venv/lib/python3.10/site-packages/airflow/example_dags/plugins/event_listener.py for tasks to queue
[2025-11-12T08:45:32.284+0530] {logging_mixin.py:188} INFO - [2025-11-12T08:45:32.284+0530] {dagbag.py:545} INFO - Filling up the DagBag from /home/logi/txtai/venv/lib/python3.10/site-packages/airflow/example_dags/plugins/event_listener.py
[2025-11-12T08:45:32.289+0530] {processor.py:842} WARNING - No viable dags retrieved from /home/logi/txtai/venv/lib/python3.10/site-packages/airflow/example_dags/plugins/event_listener.py
[2025-11-12T08:45:32.309+0530] {processor.py:183} INFO - Processing /home/logi/txtai/venv/lib/python3.10/site-packages/airflow/example_dags/plugins/event_listener.py took 0.058 seconds
[2025-11-12T08:46:34.960+0530] {processor.py:161} INFO - Started process (PID=21741) to work on /home/logi/txtai/venv/lib/python3.10/site-packages/airflow/example_dags/plugins/event_listener.py
[2025-11-12T08:46:34.974+0530] {processor.py:830} INFO - Processing file /home/logi/txtai/venv/lib/python3.10/site-packages/airflow/example_dags/plugins/event_listener.py for tasks to queue
[2025-11-12T08:46:34.977+0530] {logging_mixin.py:188} INFO - [2025-11-12T08:46:34.976+0530] {dagbag.py:545} INFO - Filling up the DagBag from /home/logi/txtai/venv/lib/python3.10/site-packages/airflow/example_dags/plugins/event_listener.py
[2025-11-12T08:46:34.981+0530] {processor.py:842} WARNING - No viable dags retrieved from /home/logi/txtai/venv/lib/python3.10/site-packages/airflow/example_dags/plugins/event_listener.py
[2025-11-12T08:46:34.999+0530] {processor.py:183} INFO - Processing /home/logi/txtai/venv/lib/python3.10/site-packages/airflow/example_dags/plugins/event_listener.py took 0.050 seconds
[2025-11-12T08:47:34.315+0530] {processor.py:161} INFO - Started process (PID=21822) to work on /home/logi/txtai/venv/lib/python3.10/site-packages/airflow/example_dags/plugins/event_listener.py
[2025-11-12T08:47:34.328+0530] {processor.py:830} INFO - Processing file /home/logi/txtai/venv/lib/python3.10/site-packages/airflow/example_dags/plugins/event_listener.py for tasks to queue
[2025-11-12T08:47:34.331+0530] {logging_mixin.py:188} INFO - [2025-11-12T08:47:34.331+0530] {dagbag.py:545} INFO - Filling up the DagBag from /home/logi/txtai/venv/lib/python3.10/site-packages/airflow/example_dags/plugins/event_listener.py
[2025-11-12T08:47:34.335+0530] {processor.py:842} WARNING - No viable dags retrieved from /home/logi/txtai/venv/lib/python3.10/site-packages/airflow/example_dags/plugins/event_listener.py
[2025-11-12T08:47:34.354+0530] {processor.py:183} INFO - Processing /home/logi/txtai/venv/lib/python3.10/site-packages/airflow/example_dags/plugins/event_listener.py took 0.049 seconds
[2025-11-12T08:48:32.600+0530] {processor.py:161} INFO - Started process (PID=21927) to work on /home/logi/txtai/venv/lib/python3.10/site-packages/airflow/example_dags/plugins/event_listener.py
[2025-11-12T08:48:32.613+0530] {processor.py:830} INFO - Processing file /home/logi/txtai/venv/lib/python3.10/site-packages/airflow/example_dags/plugins/event_listener.py for tasks to queue
[2025-11-12T08:48:32.617+0530] {logging_mixin.py:188} INFO - [2025-11-12T08:48:32.616+0530] {dagbag.py:545} INFO - Filling up the DagBag from /home/logi/txtai/venv/lib/python3.10/site-packages/airflow/example_dags/plugins/event_listener.py
[2025-11-12T08:48:32.624+0530] {processor.py:842} WARNING - No viable dags retrieved from /home/logi/txtai/venv/lib/python3.10/site-packages/airflow/example_dags/plugins/event_listener.py
[2025-11-12T08:48:32.652+0530] {processor.py:183} INFO - Processing /home/logi/txtai/venv/lib/python3.10/site-packages/airflow/example_dags/plugins/event_listener.py took 0.063 seconds
[2025-11-12T08:49:41.434+0530] {processor.py:161} INFO - Started process (PID=22145) to work on /home/logi/txtai/venv/lib/python3.10/site-packages/airflow/example_dags/plugins/event_listener.py
[2025-11-12T08:49:41.436+0530] {processor.py:830} INFO - Processing file /home/logi/txtai/venv/lib/python3.10/site-packages/airflow/example_dags/plugins/event_listener.py for tasks to queue
[2025-11-12T08:49:41.440+0530] {logging_mixin.py:188} INFO - [2025-11-12T08:49:41.440+0530] {dagbag.py:545} INFO - Filling up the DagBag from /home/logi/txtai/venv/lib/python3.10/site-packages/airflow/example_dags/plugins/event_listener.py
[2025-11-12T08:49:41.445+0530] {processor.py:842} WARNING - No viable dags retrieved from /home/logi/txtai/venv/lib/python3.10/site-packages/airflow/example_dags/plugins/event_listener.py
[2025-11-12T08:49:41.472+0530] {processor.py:183} INFO - Processing /home/logi/txtai/venv/lib/python3.10/site-packages/airflow/example_dags/plugins/event_listener.py took 0.049 seconds
[2025-11-12T08:50:43.504+0530] {processor.py:161} INFO - Started process (PID=22328) to work on /home/logi/txtai/venv/lib/python3.10/site-packages/airflow/example_dags/plugins/event_listener.py
[2025-11-12T08:50:43.517+0530] {processor.py:830} INFO - Processing file /home/logi/txtai/venv/lib/python3.10/site-packages/airflow/example_dags/plugins/event_listener.py for tasks to queue
[2025-11-12T08:50:43.521+0530] {logging_mixin.py:188} INFO - [2025-11-12T08:50:43.520+0530] {dagbag.py:545} INFO - Filling up the DagBag from /home/logi/txtai/venv/lib/python3.10/site-packages/airflow/example_dags/plugins/event_listener.py
[2025-11-12T08:50:43.524+0530] {processor.py:842} WARNING - No viable dags retrieved from /home/logi/txtai/venv/lib/python3.10/site-packages/airflow/example_dags/plugins/event_listener.py
[2025-11-12T08:50:43.547+0530] {processor.py:183} INFO - Processing /home/logi/txtai/venv/lib/python3.10/site-packages/airflow/example_dags/plugins/event_listener.py took 0.054 seconds
[2025-11-12T08:51:42.634+0530] {processor.py:161} INFO - Started process (PID=22455) to work on /home/logi/txtai/venv/lib/python3.10/site-packages/airflow/example_dags/plugins/event_listener.py
[2025-11-12T08:51:42.647+0530] {processor.py:830} INFO - Processing file /home/logi/txtai/venv/lib/python3.10/site-packages/airflow/example_dags/plugins/event_listener.py for tasks to queue
[2025-11-12T08:51:42.650+0530] {logging_mixin.py:188} INFO - [2025-11-12T08:51:42.649+0530] {dagbag.py:545} INFO - Filling up the DagBag from /home/logi/txtai/venv/lib/python3.10/site-packages/airflow/example_dags/plugins/event_listener.py
[2025-11-12T08:51:42.654+0530] {processor.py:842} WARNING - No viable dags retrieved from /home/logi/txtai/venv/lib/python3.10/site-packages/airflow/example_dags/plugins/event_listener.py
[2025-11-12T08:51:42.672+0530] {processor.py:183} INFO - Processing /home/logi/txtai/venv/lib/python3.10/site-packages/airflow/example_dags/plugins/event_listener.py took 0.050 seconds
[2025-11-12T08:52:44.704+0530] {processor.py:161} INFO - Started process (PID=22623) to work on /home/logi/txtai/venv/lib/python3.10/site-packages/airflow/example_dags/plugins/event_listener.py
[2025-11-12T08:52:44.706+0530] {processor.py:830} INFO - Processing file /home/logi/txtai/venv/lib/python3.10/site-packages/airflow/example_dags/plugins/event_listener.py for tasks to queue
[2025-11-12T08:52:44.709+0530] {logging_mixin.py:188} INFO - [2025-11-12T08:52:44.709+0530] {dagbag.py:545} INFO - Filling up the DagBag from /home/logi/txtai/venv/lib/python3.10/site-packages/airflow/example_dags/plugins/event_listener.py
[2025-11-12T08:52:44.713+0530] {processor.py:842} WARNING - No viable dags retrieved from /home/logi/txtai/venv/lib/python3.10/site-packages/airflow/example_dags/plugins/event_listener.py
[2025-11-12T08:52:44.736+0530] {processor.py:183} INFO - Processing /home/logi/txtai/venv/lib/python3.10/site-packages/airflow/example_dags/plugins/event_listener.py took 0.044 seconds
[2025-11-12T08:53:46.819+0530] {processor.py:161} INFO - Started process (PID=22753) to work on /home/logi/txtai/venv/lib/python3.10/site-packages/airflow/example_dags/plugins/event_listener.py
[2025-11-12T08:53:46.833+0530] {processor.py:830} INFO - Processing file /home/logi/txtai/venv/lib/python3.10/site-packages/airflow/example_dags/plugins/event_listener.py for tasks to queue
[2025-11-12T08:53:46.836+0530] {logging_mixin.py:188} INFO - [2025-11-12T08:53:46.835+0530] {dagbag.py:545} INFO - Filling up the DagBag from /home/logi/txtai/venv/lib/python3.10/site-packages/airflow/example_dags/plugins/event_listener.py
[2025-11-12T08:53:46.840+0530] {processor.py:842} WARNING - No viable dags retrieved from /home/logi/txtai/venv/lib/python3.10/site-packages/airflow/example_dags/plugins/event_listener.py
[2025-11-12T08:53:46.858+0530] {processor.py:183} INFO - Processing /home/logi/txtai/venv/lib/python3.10/site-packages/airflow/example_dags/plugins/event_listener.py took 0.051 seconds
[2025-11-12T08:55:11.562+0530] {processor.py:161} INFO - Started process (PID=23232) to work on /home/logi/txtai/venv/lib/python3.10/site-packages/airflow/example_dags/plugins/event_listener.py
[2025-11-12T08:55:11.576+0530] {processor.py:830} INFO - Processing file /home/logi/txtai/venv/lib/python3.10/site-packages/airflow/example_dags/plugins/event_listener.py for tasks to queue
[2025-11-12T08:55:11.579+0530] {logging_mixin.py:188} INFO - [2025-11-12T08:55:11.578+0530] {dagbag.py:545} INFO - Filling up the DagBag from /home/logi/txtai/venv/lib/python3.10/site-packages/airflow/example_dags/plugins/event_listener.py
[2025-11-12T08:55:11.583+0530] {processor.py:842} WARNING - No viable dags retrieved from /home/logi/txtai/venv/lib/python3.10/site-packages/airflow/example_dags/plugins/event_listener.py
[2025-11-12T08:55:11.602+0530] {processor.py:183} INFO - Processing /home/logi/txtai/venv/lib/python3.10/site-packages/airflow/example_dags/plugins/event_listener.py took 0.052 seconds
[2025-11-12T08:55:59.643+0530] {processor.py:161} INFO - Started process (PID=23299) to work on /home/logi/txtai/venv/lib/python3.10/site-packages/airflow/example_dags/plugins/event_listener.py
[2025-11-12T08:55:59.657+0530] {processor.py:830} INFO - Processing file /home/logi/txtai/venv/lib/python3.10/site-packages/airflow/example_dags/plugins/event_listener.py for tasks to queue
[2025-11-12T08:55:59.660+0530] {logging_mixin.py:188} INFO - [2025-11-12T08:55:59.659+0530] {dagbag.py:545} INFO - Filling up the DagBag from /home/logi/txtai/venv/lib/python3.10/site-packages/airflow/example_dags/plugins/event_listener.py
[2025-11-12T08:55:59.664+0530] {processor.py:842} WARNING - No viable dags retrieved from /home/logi/txtai/venv/lib/python3.10/site-packages/airflow/example_dags/plugins/event_listener.py
[2025-11-12T08:55:59.682+0530] {processor.py:183} INFO - Processing /home/logi/txtai/venv/lib/python3.10/site-packages/airflow/example_dags/plugins/event_listener.py took 0.050 seconds
[2025-11-12T08:56:59.386+0530] {processor.py:161} INFO - Started process (PID=23425) to work on /home/logi/txtai/venv/lib/python3.10/site-packages/airflow/example_dags/plugins/event_listener.py
[2025-11-12T08:56:59.400+0530] {processor.py:830} INFO - Processing file /home/logi/txtai/venv/lib/python3.10/site-packages/airflow/example_dags/plugins/event_listener.py for tasks to queue
[2025-11-12T08:56:59.403+0530] {logging_mixin.py:188} INFO - [2025-11-12T08:56:59.402+0530] {dagbag.py:545} INFO - Filling up the DagBag from /home/logi/txtai/venv/lib/python3.10/site-packages/airflow/example_dags/plugins/event_listener.py
[2025-11-12T08:56:59.407+0530] {processor.py:842} WARNING - No viable dags retrieved from /home/logi/txtai/venv/lib/python3.10/site-packages/airflow/example_dags/plugins/event_listener.py
[2025-11-12T08:56:59.425+0530] {processor.py:183} INFO - Processing /home/logi/txtai/venv/lib/python3.10/site-packages/airflow/example_dags/plugins/event_listener.py took 0.049 seconds
[2025-11-12T08:58:02.588+0530] {processor.py:161} INFO - Started process (PID=23604) to work on /home/logi/txtai/venv/lib/python3.10/site-packages/airflow/example_dags/plugins/event_listener.py
[2025-11-12T08:58:02.602+0530] {processor.py:830} INFO - Processing file /home/logi/txtai/venv/lib/python3.10/site-packages/airflow/example_dags/plugins/event_listener.py for tasks to queue
[2025-11-12T08:58:02.605+0530] {logging_mixin.py:188} INFO - [2025-11-12T08:58:02.604+0530] {dagbag.py:545} INFO - Filling up the DagBag from /home/logi/txtai/venv/lib/python3.10/site-packages/airflow/example_dags/plugins/event_listener.py
[2025-11-12T08:58:02.609+0530] {processor.py:842} WARNING - No viable dags retrieved from /home/logi/txtai/venv/lib/python3.10/site-packages/airflow/example_dags/plugins/event_listener.py
[2025-11-12T08:58:02.629+0530] {processor.py:183} INFO - Processing /home/logi/txtai/venv/lib/python3.10/site-packages/airflow/example_dags/plugins/event_listener.py took 0.052 seconds
[2025-11-12T08:59:12.403+0530] {processor.py:161} INFO - Started process (PID=23767) to work on /home/logi/txtai/venv/lib/python3.10/site-packages/airflow/example_dags/plugins/event_listener.py
[2025-11-12T08:59:12.418+0530] {processor.py:830} INFO - Processing file /home/logi/txtai/venv/lib/python3.10/site-packages/airflow/example_dags/plugins/event_listener.py for tasks to queue
[2025-11-12T08:59:12.422+0530] {logging_mixin.py:188} INFO - [2025-11-12T08:59:12.421+0530] {dagbag.py:545} INFO - Filling up the DagBag from /home/logi/txtai/venv/lib/python3.10/site-packages/airflow/example_dags/plugins/event_listener.py
[2025-11-12T08:59:12.427+0530] {processor.py:842} WARNING - No viable dags retrieved from /home/logi/txtai/venv/lib/python3.10/site-packages/airflow/example_dags/plugins/event_listener.py
[2025-11-12T08:59:12.452+0530] {processor.py:183} INFO - Processing /home/logi/txtai/venv/lib/python3.10/site-packages/airflow/example_dags/plugins/event_listener.py took 0.066 seconds
[2025-11-12T09:00:26.749+0530] {processor.py:161} INFO - Started process (PID=24194) to work on /home/logi/txtai/venv/lib/python3.10/site-packages/airflow/example_dags/plugins/event_listener.py
[2025-11-12T09:00:26.760+0530] {processor.py:830} INFO - Processing file /home/logi/txtai/venv/lib/python3.10/site-packages/airflow/example_dags/plugins/event_listener.py for tasks to queue
[2025-11-12T09:00:26.763+0530] {logging_mixin.py:188} INFO - [2025-11-12T09:00:26.763+0530] {dagbag.py:545} INFO - Filling up the DagBag from /home/logi/txtai/venv/lib/python3.10/site-packages/airflow/example_dags/plugins/event_listener.py
[2025-11-12T09:00:26.767+0530] {processor.py:842} WARNING - No viable dags retrieved from /home/logi/txtai/venv/lib/python3.10/site-packages/airflow/example_dags/plugins/event_listener.py
[2025-11-12T09:00:26.785+0530] {processor.py:183} INFO - Processing /home/logi/txtai/venv/lib/python3.10/site-packages/airflow/example_dags/plugins/event_listener.py took 0.045 seconds
[2025-11-12T09:01:04.429+0530] {processor.py:161} INFO - Started process (PID=24464) to work on /home/logi/txtai/venv/lib/python3.10/site-packages/airflow/example_dags/plugins/event_listener.py
[2025-11-12T09:01:04.431+0530] {processor.py:830} INFO - Processing file /home/logi/txtai/venv/lib/python3.10/site-packages/airflow/example_dags/plugins/event_listener.py for tasks to queue
[2025-11-12T09:01:04.434+0530] {logging_mixin.py:188} INFO - [2025-11-12T09:01:04.433+0530] {dagbag.py:545} INFO - Filling up the DagBag from /home/logi/txtai/venv/lib/python3.10/site-packages/airflow/example_dags/plugins/event_listener.py
[2025-11-12T09:01:04.437+0530] {processor.py:842} WARNING - No viable dags retrieved from /home/logi/txtai/venv/lib/python3.10/site-packages/airflow/example_dags/plugins/event_listener.py
[2025-11-12T09:01:04.455+0530] {processor.py:183} INFO - Processing /home/logi/txtai/venv/lib/python3.10/site-packages/airflow/example_dags/plugins/event_listener.py took 0.036 seconds
[2025-11-12T09:02:01.909+0530] {processor.py:161} INFO - Started process (PID=24663) to work on /home/logi/txtai/venv/lib/python3.10/site-packages/airflow/example_dags/plugins/event_listener.py
[2025-11-12T09:02:01.922+0530] {processor.py:830} INFO - Processing file /home/logi/txtai/venv/lib/python3.10/site-packages/airflow/example_dags/plugins/event_listener.py for tasks to queue
[2025-11-12T09:02:01.926+0530] {logging_mixin.py:188} INFO - [2025-11-12T09:02:01.925+0530] {dagbag.py:545} INFO - Filling up the DagBag from /home/logi/txtai/venv/lib/python3.10/site-packages/airflow/example_dags/plugins/event_listener.py
[2025-11-12T09:02:01.930+0530] {processor.py:842} WARNING - No viable dags retrieved from /home/logi/txtai/venv/lib/python3.10/site-packages/airflow/example_dags/plugins/event_listener.py
[2025-11-12T09:02:01.944+0530] {processor.py:183} INFO - Processing /home/logi/txtai/venv/lib/python3.10/site-packages/airflow/example_dags/plugins/event_listener.py took 0.044 seconds
[2025-11-12T09:03:00.927+0530] {processor.py:161} INFO - Started process (PID=25085) to work on /home/logi/txtai/venv/lib/python3.10/site-packages/airflow/example_dags/plugins/event_listener.py
[2025-11-12T09:03:00.941+0530] {processor.py:830} INFO - Processing file /home/logi/txtai/venv/lib/python3.10/site-packages/airflow/example_dags/plugins/event_listener.py for tasks to queue
[2025-11-12T09:03:00.944+0530] {logging_mixin.py:188} INFO - [2025-11-12T09:03:00.943+0530] {dagbag.py:545} INFO - Filling up the DagBag from /home/logi/txtai/venv/lib/python3.10/site-packages/airflow/example_dags/plugins/event_listener.py
[2025-11-12T09:03:00.948+0530] {processor.py:842} WARNING - No viable dags retrieved from /home/logi/txtai/venv/lib/python3.10/site-packages/airflow/example_dags/plugins/event_listener.py
[2025-11-12T09:03:00.966+0530] {processor.py:183} INFO - Processing /home/logi/txtai/venv/lib/python3.10/site-packages/airflow/example_dags/plugins/event_listener.py took 0.050 seconds
[2025-11-12T09:04:01.980+0530] {processor.py:161} INFO - Started process (PID=25377) to work on /home/logi/txtai/venv/lib/python3.10/site-packages/airflow/example_dags/plugins/event_listener.py
[2025-11-12T09:04:01.993+0530] {processor.py:830} INFO - Processing file /home/logi/txtai/venv/lib/python3.10/site-packages/airflow/example_dags/plugins/event_listener.py for tasks to queue
[2025-11-12T09:04:01.996+0530] {logging_mixin.py:188} INFO - [2025-11-12T09:04:01.995+0530] {dagbag.py:545} INFO - Filling up the DagBag from /home/logi/txtai/venv/lib/python3.10/site-packages/airflow/example_dags/plugins/event_listener.py
[2025-11-12T09:04:02.000+0530] {processor.py:842} WARNING - No viable dags retrieved from /home/logi/txtai/venv/lib/python3.10/site-packages/airflow/example_dags/plugins/event_listener.py
[2025-11-12T09:04:02.018+0530] {processor.py:183} INFO - Processing /home/logi/txtai/venv/lib/python3.10/site-packages/airflow/example_dags/plugins/event_listener.py took 0.049 seconds
[2025-11-12T09:05:07.799+0530] {processor.py:161} INFO - Started process (PID=25977) to work on /home/logi/txtai/venv/lib/python3.10/site-packages/airflow/example_dags/plugins/event_listener.py
[2025-11-12T09:05:07.812+0530] {processor.py:830} INFO - Processing file /home/logi/txtai/venv/lib/python3.10/site-packages/airflow/example_dags/plugins/event_listener.py for tasks to queue
[2025-11-12T09:05:07.815+0530] {logging_mixin.py:188} INFO - [2025-11-12T09:05:07.814+0530] {dagbag.py:545} INFO - Filling up the DagBag from /home/logi/txtai/venv/lib/python3.10/site-packages/airflow/example_dags/plugins/event_listener.py
[2025-11-12T09:05:07.819+0530] {processor.py:842} WARNING - No viable dags retrieved from /home/logi/txtai/venv/lib/python3.10/site-packages/airflow/example_dags/plugins/event_listener.py
[2025-11-12T09:05:07.835+0530] {processor.py:183} INFO - Processing /home/logi/txtai/venv/lib/python3.10/site-packages/airflow/example_dags/plugins/event_listener.py took 0.047 seconds
[2025-11-12T09:05:50.856+0530] {processor.py:161} INFO - Started process (PID=26482) to work on /home/logi/txtai/venv/lib/python3.10/site-packages/airflow/example_dags/plugins/event_listener.py
[2025-11-12T09:05:50.869+0530] {processor.py:830} INFO - Processing file /home/logi/txtai/venv/lib/python3.10/site-packages/airflow/example_dags/plugins/event_listener.py for tasks to queue
[2025-11-12T09:05:50.872+0530] {logging_mixin.py:188} INFO - [2025-11-12T09:05:50.872+0530] {dagbag.py:545} INFO - Filling up the DagBag from /home/logi/txtai/venv/lib/python3.10/site-packages/airflow/example_dags/plugins/event_listener.py
[2025-11-12T09:05:50.876+0530] {processor.py:842} WARNING - No viable dags retrieved from /home/logi/txtai/venv/lib/python3.10/site-packages/airflow/example_dags/plugins/event_listener.py
[2025-11-12T09:05:50.894+0530] {processor.py:183} INFO - Processing /home/logi/txtai/venv/lib/python3.10/site-packages/airflow/example_dags/plugins/event_listener.py took 0.049 seconds
[2025-11-12T09:06:29.197+0530] {processor.py:161} INFO - Started process (PID=26781) to work on /home/logi/txtai/venv/lib/python3.10/site-packages/airflow/example_dags/plugins/event_listener.py
[2025-11-12T09:06:29.210+0530] {processor.py:830} INFO - Processing file /home/logi/txtai/venv/lib/python3.10/site-packages/airflow/example_dags/plugins/event_listener.py for tasks to queue
[2025-11-12T09:06:29.212+0530] {logging_mixin.py:188} INFO - [2025-11-12T09:06:29.212+0530] {dagbag.py:545} INFO - Filling up the DagBag from /home/logi/txtai/venv/lib/python3.10/site-packages/airflow/example_dags/plugins/event_listener.py
[2025-11-12T09:06:29.214+0530] {processor.py:842} WARNING - No viable dags retrieved from /home/logi/txtai/venv/lib/python3.10/site-packages/airflow/example_dags/plugins/event_listener.py
[2025-11-12T09:06:29.227+0530] {processor.py:183} INFO - Processing /home/logi/txtai/venv/lib/python3.10/site-packages/airflow/example_dags/plugins/event_listener.py took 0.038 seconds
[2025-11-12T09:07:30.334+0530] {processor.py:161} INFO - Started process (PID=27221) to work on /home/logi/txtai/venv/lib/python3.10/site-packages/airflow/example_dags/plugins/event_listener.py
[2025-11-12T09:07:30.347+0530] {processor.py:830} INFO - Processing file /home/logi/txtai/venv/lib/python3.10/site-packages/airflow/example_dags/plugins/event_listener.py for tasks to queue
[2025-11-12T09:07:30.350+0530] {logging_mixin.py:188} INFO - [2025-11-12T09:07:30.350+0530] {dagbag.py:545} INFO - Filling up the DagBag from /home/logi/txtai/venv/lib/python3.10/site-packages/airflow/example_dags/plugins/event_listener.py
[2025-11-12T09:07:30.354+0530] {processor.py:842} WARNING - No viable dags retrieved from /home/logi/txtai/venv/lib/python3.10/site-packages/airflow/example_dags/plugins/event_listener.py
[2025-11-12T09:07:30.371+0530] {processor.py:183} INFO - Processing /home/logi/txtai/venv/lib/python3.10/site-packages/airflow/example_dags/plugins/event_listener.py took 0.047 seconds
[2025-11-12T09:08:29.015+0530] {processor.py:161} INFO - Started process (PID=27539) to work on /home/logi/txtai/venv/lib/python3.10/site-packages/airflow/example_dags/plugins/event_listener.py
[2025-11-12T09:08:29.029+0530] {processor.py:830} INFO - Processing file /home/logi/txtai/venv/lib/python3.10/site-packages/airflow/example_dags/plugins/event_listener.py for tasks to queue
[2025-11-12T09:08:29.033+0530] {logging_mixin.py:188} INFO - [2025-11-12T09:08:29.032+0530] {dagbag.py:545} INFO - Filling up the DagBag from /home/logi/txtai/venv/lib/python3.10/site-packages/airflow/example_dags/plugins/event_listener.py
[2025-11-12T09:08:29.037+0530] {processor.py:842} WARNING - No viable dags retrieved from /home/logi/txtai/venv/lib/python3.10/site-packages/airflow/example_dags/plugins/event_listener.py
[2025-11-12T09:08:29.060+0530] {processor.py:183} INFO - Processing /home/logi/txtai/venv/lib/python3.10/site-packages/airflow/example_dags/plugins/event_listener.py took 0.060 seconds
[2025-11-12T09:09:32.755+0530] {processor.py:161} INFO - Started process (PID=27626) to work on /home/logi/txtai/venv/lib/python3.10/site-packages/airflow/example_dags/plugins/event_listener.py
[2025-11-12T09:09:32.768+0530] {processor.py:830} INFO - Processing file /home/logi/txtai/venv/lib/python3.10/site-packages/airflow/example_dags/plugins/event_listener.py for tasks to queue
[2025-11-12T09:09:32.771+0530] {logging_mixin.py:188} INFO - [2025-11-12T09:09:32.771+0530] {dagbag.py:545} INFO - Filling up the DagBag from /home/logi/txtai/venv/lib/python3.10/site-packages/airflow/example_dags/plugins/event_listener.py
[2025-11-12T09:09:32.775+0530] {processor.py:842} WARNING - No viable dags retrieved from /home/logi/txtai/venv/lib/python3.10/site-packages/airflow/example_dags/plugins/event_listener.py
[2025-11-12T09:09:32.794+0530] {processor.py:183} INFO - Processing /home/logi/txtai/venv/lib/python3.10/site-packages/airflow/example_dags/plugins/event_listener.py took 0.052 seconds
[2025-11-12T09:10:39.717+0530] {processor.py:161} INFO - Started process (PID=27898) to work on /home/logi/txtai/venv/lib/python3.10/site-packages/airflow/example_dags/plugins/event_listener.py
[2025-11-12T09:10:39.731+0530] {processor.py:830} INFO - Processing file /home/logi/txtai/venv/lib/python3.10/site-packages/airflow/example_dags/plugins/event_listener.py for tasks to queue
[2025-11-12T09:10:39.739+0530] {logging_mixin.py:188} INFO - [2025-11-12T09:10:39.738+0530] {dagbag.py:545} INFO - Filling up the DagBag from /home/logi/txtai/venv/lib/python3.10/site-packages/airflow/example_dags/plugins/event_listener.py
[2025-11-12T09:10:39.744+0530] {processor.py:842} WARNING - No viable dags retrieved from /home/logi/txtai/venv/lib/python3.10/site-packages/airflow/example_dags/plugins/event_listener.py
[2025-11-12T09:10:39.780+0530] {processor.py:183} INFO - Processing /home/logi/txtai/venv/lib/python3.10/site-packages/airflow/example_dags/plugins/event_listener.py took 0.082 seconds
[2025-11-12T09:11:40.049+0530] {processor.py:161} INFO - Started process (PID=28006) to work on /home/logi/txtai/venv/lib/python3.10/site-packages/airflow/example_dags/plugins/event_listener.py
[2025-11-12T09:11:40.066+0530] {processor.py:830} INFO - Processing file /home/logi/txtai/venv/lib/python3.10/site-packages/airflow/example_dags/plugins/event_listener.py for tasks to queue
[2025-11-12T09:11:40.070+0530] {logging_mixin.py:188} INFO - [2025-11-12T09:11:40.069+0530] {dagbag.py:545} INFO - Filling up the DagBag from /home/logi/txtai/venv/lib/python3.10/site-packages/airflow/example_dags/plugins/event_listener.py
[2025-11-12T09:11:40.075+0530] {processor.py:842} WARNING - No viable dags retrieved from /home/logi/txtai/venv/lib/python3.10/site-packages/airflow/example_dags/plugins/event_listener.py
[2025-11-12T09:11:40.104+0530] {processor.py:183} INFO - Processing /home/logi/txtai/venv/lib/python3.10/site-packages/airflow/example_dags/plugins/event_listener.py took 0.068 seconds
[2025-11-12T09:12:17.668+0530] {processor.py:161} INFO - Started process (PID=28079) to work on /home/logi/txtai/venv/lib/python3.10/site-packages/airflow/example_dags/plugins/event_listener.py
[2025-11-12T09:12:17.682+0530] {processor.py:830} INFO - Processing file /home/logi/txtai/venv/lib/python3.10/site-packages/airflow/example_dags/plugins/event_listener.py for tasks to queue
[2025-11-12T09:12:17.686+0530] {logging_mixin.py:188} INFO - [2025-11-12T09:12:17.685+0530] {dagbag.py:545} INFO - Filling up the DagBag from /home/logi/txtai/venv/lib/python3.10/site-packages/airflow/example_dags/plugins/event_listener.py
[2025-11-12T09:12:17.689+0530] {processor.py:842} WARNING - No viable dags retrieved from /home/logi/txtai/venv/lib/python3.10/site-packages/airflow/example_dags/plugins/event_listener.py
[2025-11-12T09:12:17.709+0530] {processor.py:183} INFO - Processing /home/logi/txtai/venv/lib/python3.10/site-packages/airflow/example_dags/plugins/event_listener.py took 0.053 seconds
[2025-11-12T09:13:18.350+0530] {processor.py:161} INFO - Started process (PID=28221) to work on /home/logi/txtai/venv/lib/python3.10/site-packages/airflow/example_dags/plugins/event_listener.py
[2025-11-12T09:13:18.363+0530] {processor.py:830} INFO - Processing file /home/logi/txtai/venv/lib/python3.10/site-packages/airflow/example_dags/plugins/event_listener.py for tasks to queue
[2025-11-12T09:13:18.367+0530] {logging_mixin.py:188} INFO - [2025-11-12T09:13:18.366+0530] {dagbag.py:545} INFO - Filling up the DagBag from /home/logi/txtai/venv/lib/python3.10/site-packages/airflow/example_dags/plugins/event_listener.py
[2025-11-12T09:13:18.370+0530] {processor.py:842} WARNING - No viable dags retrieved from /home/logi/txtai/venv/lib/python3.10/site-packages/airflow/example_dags/plugins/event_listener.py
[2025-11-12T09:13:18.389+0530] {processor.py:183} INFO - Processing /home/logi/txtai/venv/lib/python3.10/site-packages/airflow/example_dags/plugins/event_listener.py took 0.050 seconds
[2025-11-12T09:14:20.653+0530] {processor.py:161} INFO - Started process (PID=28449) to work on /home/logi/txtai/venv/lib/python3.10/site-packages/airflow/example_dags/plugins/event_listener.py
[2025-11-12T09:14:20.668+0530] {processor.py:830} INFO - Processing file /home/logi/txtai/venv/lib/python3.10/site-packages/airflow/example_dags/plugins/event_listener.py for tasks to queue
[2025-11-12T09:14:20.675+0530] {logging_mixin.py:188} INFO - [2025-11-12T09:14:20.674+0530] {dagbag.py:545} INFO - Filling up the DagBag from /home/logi/txtai/venv/lib/python3.10/site-packages/airflow/example_dags/plugins/event_listener.py
[2025-11-12T09:14:20.678+0530] {processor.py:842} WARNING - No viable dags retrieved from /home/logi/txtai/venv/lib/python3.10/site-packages/airflow/example_dags/plugins/event_listener.py
[2025-11-12T09:14:20.707+0530] {processor.py:183} INFO - Processing /home/logi/txtai/venv/lib/python3.10/site-packages/airflow/example_dags/plugins/event_listener.py took 0.071 seconds
[2025-11-12T09:15:18.528+0530] {processor.py:161} INFO - Started process (PID=28543) to work on /home/logi/txtai/venv/lib/python3.10/site-packages/airflow/example_dags/plugins/event_listener.py
[2025-11-12T09:15:18.530+0530] {processor.py:830} INFO - Processing file /home/logi/txtai/venv/lib/python3.10/site-packages/airflow/example_dags/plugins/event_listener.py for tasks to queue
[2025-11-12T09:15:18.532+0530] {logging_mixin.py:188} INFO - [2025-11-12T09:15:18.532+0530] {dagbag.py:545} INFO - Filling up the DagBag from /home/logi/txtai/venv/lib/python3.10/site-packages/airflow/example_dags/plugins/event_listener.py
[2025-11-12T09:15:18.536+0530] {processor.py:842} WARNING - No viable dags retrieved from /home/logi/txtai/venv/lib/python3.10/site-packages/airflow/example_dags/plugins/event_listener.py
[2025-11-12T09:15:18.552+0530] {processor.py:183} INFO - Processing /home/logi/txtai/venv/lib/python3.10/site-packages/airflow/example_dags/plugins/event_listener.py took 0.034 seconds
[2025-11-12T09:16:09.824+0530] {processor.py:161} INFO - Started process (PID=29065) to work on /home/logi/txtai/venv/lib/python3.10/site-packages/airflow/example_dags/plugins/event_listener.py
[2025-11-12T09:16:09.837+0530] {processor.py:830} INFO - Processing file /home/logi/txtai/venv/lib/python3.10/site-packages/airflow/example_dags/plugins/event_listener.py for tasks to queue
[2025-11-12T09:16:09.840+0530] {logging_mixin.py:188} INFO - [2025-11-12T09:16:09.839+0530] {dagbag.py:545} INFO - Filling up the DagBag from /home/logi/txtai/venv/lib/python3.10/site-packages/airflow/example_dags/plugins/event_listener.py
[2025-11-12T09:16:09.843+0530] {processor.py:842} WARNING - No viable dags retrieved from /home/logi/txtai/venv/lib/python3.10/site-packages/airflow/example_dags/plugins/event_listener.py
[2025-11-12T09:16:09.860+0530] {processor.py:183} INFO - Processing /home/logi/txtai/venv/lib/python3.10/site-packages/airflow/example_dags/plugins/event_listener.py took 0.046 seconds
[2025-11-12T09:16:54.598+0530] {processor.py:161} INFO - Started process (PID=29372) to work on /home/logi/txtai/venv/lib/python3.10/site-packages/airflow/example_dags/plugins/event_listener.py
[2025-11-12T09:16:54.612+0530] {processor.py:830} INFO - Processing file /home/logi/txtai/venv/lib/python3.10/site-packages/airflow/example_dags/plugins/event_listener.py for tasks to queue
[2025-11-12T09:16:54.615+0530] {logging_mixin.py:188} INFO - [2025-11-12T09:16:54.615+0530] {dagbag.py:545} INFO - Filling up the DagBag from /home/logi/txtai/venv/lib/python3.10/site-packages/airflow/example_dags/plugins/event_listener.py
[2025-11-12T09:16:54.619+0530] {processor.py:842} WARNING - No viable dags retrieved from /home/logi/txtai/venv/lib/python3.10/site-packages/airflow/example_dags/plugins/event_listener.py
[2025-11-12T09:16:54.636+0530] {processor.py:183} INFO - Processing /home/logi/txtai/venv/lib/python3.10/site-packages/airflow/example_dags/plugins/event_listener.py took 0.049 seconds
[2025-11-12T09:17:54.862+0530] {processor.py:161} INFO - Started process (PID=29798) to work on /home/logi/txtai/venv/lib/python3.10/site-packages/airflow/example_dags/plugins/event_listener.py
[2025-11-12T09:17:54.875+0530] {processor.py:830} INFO - Processing file /home/logi/txtai/venv/lib/python3.10/site-packages/airflow/example_dags/plugins/event_listener.py for tasks to queue
[2025-11-12T09:17:54.879+0530] {logging_mixin.py:188} INFO - [2025-11-12T09:17:54.878+0530] {dagbag.py:545} INFO - Filling up the DagBag from /home/logi/txtai/venv/lib/python3.10/site-packages/airflow/example_dags/plugins/event_listener.py
[2025-11-12T09:17:54.882+0530] {processor.py:842} WARNING - No viable dags retrieved from /home/logi/txtai/venv/lib/python3.10/site-packages/airflow/example_dags/plugins/event_listener.py
[2025-11-12T09:17:54.900+0530] {processor.py:183} INFO - Processing /home/logi/txtai/venv/lib/python3.10/site-packages/airflow/example_dags/plugins/event_listener.py took 0.049 seconds
