[2025-11-12T06:03:11.430+0530] {processor.py:161} INFO - Started process (PID=5694) to work on /home/logi/txtai/venv/lib/python3.10/site-packages/airflow/example_dags/plugins/listener_plugin.py
[2025-11-12T06:03:11.431+0530] {processor.py:830} INFO - Processing file /home/logi/txtai/venv/lib/python3.10/site-packages/airflow/example_dags/plugins/listener_plugin.py for tasks to queue
[2025-11-12T06:03:11.432+0530] {logging_mixin.py:188} INFO - [2025-11-12T06:03:11.432+0530] {dagbag.py:545} INFO - Filling up the DagBag from /home/logi/txtai/venv/lib/python3.10/site-packages/airflow/example_dags/plugins/listener_plugin.py
[2025-11-12T06:03:11.435+0530] {processor.py:842} WARNING - No viable dags retrieved from /home/logi/txtai/venv/lib/python3.10/site-packages/airflow/example_dags/plugins/listener_plugin.py
[2025-11-12T06:03:11.446+0530] {processor.py:183} INFO - Processing /home/logi/txtai/venv/lib/python3.10/site-packages/airflow/example_dags/plugins/listener_plugin.py took 0.023 seconds
[2025-11-12T06:04:14.968+0530] {processor.py:161} INFO - Started process (PID=6016) to work on /home/logi/txtai/venv/lib/python3.10/site-packages/airflow/example_dags/plugins/listener_plugin.py
[2025-11-12T06:04:14.971+0530] {processor.py:830} INFO - Processing file /home/logi/txtai/venv/lib/python3.10/site-packages/airflow/example_dags/plugins/listener_plugin.py for tasks to queue
[2025-11-12T06:04:14.977+0530] {logging_mixin.py:188} INFO - [2025-11-12T06:04:14.977+0530] {dagbag.py:545} INFO - Filling up the DagBag from /home/logi/txtai/venv/lib/python3.10/site-packages/airflow/example_dags/plugins/listener_plugin.py
[2025-11-12T06:04:14.982+0530] {processor.py:842} WARNING - No viable dags retrieved from /home/logi/txtai/venv/lib/python3.10/site-packages/airflow/example_dags/plugins/listener_plugin.py
[2025-11-12T06:04:15.003+0530] {processor.py:183} INFO - Processing /home/logi/txtai/venv/lib/python3.10/site-packages/airflow/example_dags/plugins/listener_plugin.py took 0.043 seconds
[2025-11-12T06:04:49.419+0530] {processor.py:161} INFO - Started process (PID=6172) to work on /home/logi/txtai/venv/lib/python3.10/site-packages/airflow/example_dags/plugins/listener_plugin.py
[2025-11-12T06:04:49.420+0530] {processor.py:830} INFO - Processing file /home/logi/txtai/venv/lib/python3.10/site-packages/airflow/example_dags/plugins/listener_plugin.py for tasks to queue
[2025-11-12T06:04:49.422+0530] {logging_mixin.py:188} INFO - [2025-11-12T06:04:49.422+0530] {dagbag.py:545} INFO - Filling up the DagBag from /home/logi/txtai/venv/lib/python3.10/site-packages/airflow/example_dags/plugins/listener_plugin.py
[2025-11-12T06:04:49.425+0530] {processor.py:842} WARNING - No viable dags retrieved from /home/logi/txtai/venv/lib/python3.10/site-packages/airflow/example_dags/plugins/listener_plugin.py
[2025-11-12T06:04:49.437+0530] {processor.py:183} INFO - Processing /home/logi/txtai/venv/lib/python3.10/site-packages/airflow/example_dags/plugins/listener_plugin.py took 0.028 seconds
[2025-11-12T06:05:25.531+0530] {processor.py:161} INFO - Started process (PID=6281) to work on /home/logi/txtai/venv/lib/python3.10/site-packages/airflow/example_dags/plugins/listener_plugin.py
[2025-11-12T06:05:25.539+0530] {processor.py:830} INFO - Processing file /home/logi/txtai/venv/lib/python3.10/site-packages/airflow/example_dags/plugins/listener_plugin.py for tasks to queue
[2025-11-12T06:05:25.542+0530] {logging_mixin.py:188} INFO - [2025-11-12T06:05:25.542+0530] {dagbag.py:545} INFO - Filling up the DagBag from /home/logi/txtai/venv/lib/python3.10/site-packages/airflow/example_dags/plugins/listener_plugin.py
[2025-11-12T06:05:25.547+0530] {processor.py:842} WARNING - No viable dags retrieved from /home/logi/txtai/venv/lib/python3.10/site-packages/airflow/example_dags/plugins/listener_plugin.py
[2025-11-12T06:05:25.564+0530] {processor.py:183} INFO - Processing /home/logi/txtai/venv/lib/python3.10/site-packages/airflow/example_dags/plugins/listener_plugin.py took 0.044 seconds
[2025-11-12T06:05:58.738+0530] {processor.py:161} INFO - Started process (PID=6555) to work on /home/logi/txtai/venv/lib/python3.10/site-packages/airflow/example_dags/plugins/listener_plugin.py
[2025-11-12T06:05:58.740+0530] {processor.py:830} INFO - Processing file /home/logi/txtai/venv/lib/python3.10/site-packages/airflow/example_dags/plugins/listener_plugin.py for tasks to queue
[2025-11-12T06:05:58.743+0530] {logging_mixin.py:188} INFO - [2025-11-12T06:05:58.742+0530] {dagbag.py:545} INFO - Filling up the DagBag from /home/logi/txtai/venv/lib/python3.10/site-packages/airflow/example_dags/plugins/listener_plugin.py
[2025-11-12T06:05:58.747+0530] {processor.py:842} WARNING - No viable dags retrieved from /home/logi/txtai/venv/lib/python3.10/site-packages/airflow/example_dags/plugins/listener_plugin.py
[2025-11-12T06:05:58.764+0530] {processor.py:183} INFO - Processing /home/logi/txtai/venv/lib/python3.10/site-packages/airflow/example_dags/plugins/listener_plugin.py took 0.038 seconds
[2025-11-12T06:06:56.784+0530] {processor.py:161} INFO - Started process (PID=6770) to work on /home/logi/txtai/venv/lib/python3.10/site-packages/airflow/example_dags/plugins/listener_plugin.py
[2025-11-12T06:06:56.797+0530] {processor.py:830} INFO - Processing file /home/logi/txtai/venv/lib/python3.10/site-packages/airflow/example_dags/plugins/listener_plugin.py for tasks to queue
[2025-11-12T06:06:56.801+0530] {logging_mixin.py:188} INFO - [2025-11-12T06:06:56.800+0530] {dagbag.py:545} INFO - Filling up the DagBag from /home/logi/txtai/venv/lib/python3.10/site-packages/airflow/example_dags/plugins/listener_plugin.py
[2025-11-12T06:06:56.805+0530] {processor.py:842} WARNING - No viable dags retrieved from /home/logi/txtai/venv/lib/python3.10/site-packages/airflow/example_dags/plugins/listener_plugin.py
[2025-11-12T06:06:56.823+0530] {processor.py:183} INFO - Processing /home/logi/txtai/venv/lib/python3.10/site-packages/airflow/example_dags/plugins/listener_plugin.py took 0.050 seconds
[2025-11-12T06:07:56.284+0530] {processor.py:161} INFO - Started process (PID=7130) to work on /home/logi/txtai/venv/lib/python3.10/site-packages/airflow/example_dags/plugins/listener_plugin.py
[2025-11-12T06:07:56.297+0530] {processor.py:830} INFO - Processing file /home/logi/txtai/venv/lib/python3.10/site-packages/airflow/example_dags/plugins/listener_plugin.py for tasks to queue
[2025-11-12T06:07:56.300+0530] {logging_mixin.py:188} INFO - [2025-11-12T06:07:56.300+0530] {dagbag.py:545} INFO - Filling up the DagBag from /home/logi/txtai/venv/lib/python3.10/site-packages/airflow/example_dags/plugins/listener_plugin.py
[2025-11-12T06:07:56.305+0530] {processor.py:842} WARNING - No viable dags retrieved from /home/logi/txtai/venv/lib/python3.10/site-packages/airflow/example_dags/plugins/listener_plugin.py
[2025-11-12T06:07:56.322+0530] {processor.py:183} INFO - Processing /home/logi/txtai/venv/lib/python3.10/site-packages/airflow/example_dags/plugins/listener_plugin.py took 0.048 seconds
[2025-11-12T06:08:56.447+0530] {processor.py:161} INFO - Started process (PID=7468) to work on /home/logi/txtai/venv/lib/python3.10/site-packages/airflow/example_dags/plugins/listener_plugin.py
[2025-11-12T06:08:56.451+0530] {processor.py:830} INFO - Processing file /home/logi/txtai/venv/lib/python3.10/site-packages/airflow/example_dags/plugins/listener_plugin.py for tasks to queue
[2025-11-12T06:08:56.456+0530] {logging_mixin.py:188} INFO - [2025-11-12T06:08:56.455+0530] {dagbag.py:545} INFO - Filling up the DagBag from /home/logi/txtai/venv/lib/python3.10/site-packages/airflow/example_dags/plugins/listener_plugin.py
[2025-11-12T06:08:56.468+0530] {processor.py:842} WARNING - No viable dags retrieved from /home/logi/txtai/venv/lib/python3.10/site-packages/airflow/example_dags/plugins/listener_plugin.py
[2025-11-12T06:08:56.501+0530] {processor.py:183} INFO - Processing /home/logi/txtai/venv/lib/python3.10/site-packages/airflow/example_dags/plugins/listener_plugin.py took 0.072 seconds
[2025-11-12T08:07:45.106+0530] {processor.py:161} INFO - Started process (PID=9880) to work on /home/logi/txtai/venv/lib/python3.10/site-packages/airflow/example_dags/plugins/listener_plugin.py
[2025-11-12T08:07:45.120+0530] {processor.py:830} INFO - Processing file /home/logi/txtai/venv/lib/python3.10/site-packages/airflow/example_dags/plugins/listener_plugin.py for tasks to queue
[2025-11-12T08:07:45.123+0530] {logging_mixin.py:188} INFO - [2025-11-12T08:07:45.123+0530] {dagbag.py:545} INFO - Filling up the DagBag from /home/logi/txtai/venv/lib/python3.10/site-packages/airflow/example_dags/plugins/listener_plugin.py
[2025-11-12T08:07:45.128+0530] {processor.py:842} WARNING - No viable dags retrieved from /home/logi/txtai/venv/lib/python3.10/site-packages/airflow/example_dags/plugins/listener_plugin.py
[2025-11-12T08:07:45.147+0530] {processor.py:183} INFO - Processing /home/logi/txtai/venv/lib/python3.10/site-packages/airflow/example_dags/plugins/listener_plugin.py took 0.052 seconds
[2025-11-12T08:08:44.715+0530] {processor.py:161} INFO - Started process (PID=10350) to work on /home/logi/txtai/venv/lib/python3.10/site-packages/airflow/example_dags/plugins/listener_plugin.py
[2025-11-12T08:08:44.717+0530] {processor.py:830} INFO - Processing file /home/logi/txtai/venv/lib/python3.10/site-packages/airflow/example_dags/plugins/listener_plugin.py for tasks to queue
[2025-11-12T08:08:44.720+0530] {logging_mixin.py:188} INFO - [2025-11-12T08:08:44.720+0530] {dagbag.py:545} INFO - Filling up the DagBag from /home/logi/txtai/venv/lib/python3.10/site-packages/airflow/example_dags/plugins/listener_plugin.py
[2025-11-12T08:08:44.724+0530] {processor.py:842} WARNING - No viable dags retrieved from /home/logi/txtai/venv/lib/python3.10/site-packages/airflow/example_dags/plugins/listener_plugin.py
[2025-11-12T08:08:44.742+0530] {processor.py:183} INFO - Processing /home/logi/txtai/venv/lib/python3.10/site-packages/airflow/example_dags/plugins/listener_plugin.py took 0.038 seconds
[2025-11-12T08:09:43.282+0530] {processor.py:161} INFO - Started process (PID=10780) to work on /home/logi/txtai/venv/lib/python3.10/site-packages/airflow/example_dags/plugins/listener_plugin.py
[2025-11-12T08:09:43.293+0530] {processor.py:830} INFO - Processing file /home/logi/txtai/venv/lib/python3.10/site-packages/airflow/example_dags/plugins/listener_plugin.py for tasks to queue
[2025-11-12T08:09:43.297+0530] {logging_mixin.py:188} INFO - [2025-11-12T08:09:43.296+0530] {dagbag.py:545} INFO - Filling up the DagBag from /home/logi/txtai/venv/lib/python3.10/site-packages/airflow/example_dags/plugins/listener_plugin.py
[2025-11-12T08:09:43.303+0530] {processor.py:842} WARNING - No viable dags retrieved from /home/logi/txtai/venv/lib/python3.10/site-packages/airflow/example_dags/plugins/listener_plugin.py
[2025-11-12T08:09:43.327+0530] {processor.py:183} INFO - Processing /home/logi/txtai/venv/lib/python3.10/site-packages/airflow/example_dags/plugins/listener_plugin.py took 0.061 seconds
[2025-11-12T08:10:42.661+0530] {processor.py:161} INFO - Started process (PID=11113) to work on /home/logi/txtai/venv/lib/python3.10/site-packages/airflow/example_dags/plugins/listener_plugin.py
[2025-11-12T08:10:42.675+0530] {processor.py:830} INFO - Processing file /home/logi/txtai/venv/lib/python3.10/site-packages/airflow/example_dags/plugins/listener_plugin.py for tasks to queue
[2025-11-12T08:10:42.678+0530] {logging_mixin.py:188} INFO - [2025-11-12T08:10:42.677+0530] {dagbag.py:545} INFO - Filling up the DagBag from /home/logi/txtai/venv/lib/python3.10/site-packages/airflow/example_dags/plugins/listener_plugin.py
[2025-11-12T08:10:42.681+0530] {processor.py:842} WARNING - No viable dags retrieved from /home/logi/txtai/venv/lib/python3.10/site-packages/airflow/example_dags/plugins/listener_plugin.py
[2025-11-12T08:10:42.692+0530] {processor.py:183} INFO - Processing /home/logi/txtai/venv/lib/python3.10/site-packages/airflow/example_dags/plugins/listener_plugin.py took 0.037 seconds
[2025-11-12T08:11:44.981+0530] {processor.py:161} INFO - Started process (PID=11345) to work on /home/logi/txtai/venv/lib/python3.10/site-packages/airflow/example_dags/plugins/listener_plugin.py
[2025-11-12T08:11:44.994+0530] {processor.py:830} INFO - Processing file /home/logi/txtai/venv/lib/python3.10/site-packages/airflow/example_dags/plugins/listener_plugin.py for tasks to queue
[2025-11-12T08:11:44.997+0530] {logging_mixin.py:188} INFO - [2025-11-12T08:11:44.997+0530] {dagbag.py:545} INFO - Filling up the DagBag from /home/logi/txtai/venv/lib/python3.10/site-packages/airflow/example_dags/plugins/listener_plugin.py
[2025-11-12T08:11:45.001+0530] {processor.py:842} WARNING - No viable dags retrieved from /home/logi/txtai/venv/lib/python3.10/site-packages/airflow/example_dags/plugins/listener_plugin.py
[2025-11-12T08:11:45.019+0530] {processor.py:183} INFO - Processing /home/logi/txtai/venv/lib/python3.10/site-packages/airflow/example_dags/plugins/listener_plugin.py took 0.048 seconds
[2025-11-12T08:13:11.914+0530] {processor.py:161} INFO - Started process (PID=12359) to work on /home/logi/txtai/venv/lib/python3.10/site-packages/airflow/example_dags/plugins/listener_plugin.py
[2025-11-12T08:13:11.927+0530] {processor.py:830} INFO - Processing file /home/logi/txtai/venv/lib/python3.10/site-packages/airflow/example_dags/plugins/listener_plugin.py for tasks to queue
[2025-11-12T08:13:11.931+0530] {logging_mixin.py:188} INFO - [2025-11-12T08:13:11.930+0530] {dagbag.py:545} INFO - Filling up the DagBag from /home/logi/txtai/venv/lib/python3.10/site-packages/airflow/example_dags/plugins/listener_plugin.py
[2025-11-12T08:13:11.935+0530] {processor.py:842} WARNING - No viable dags retrieved from /home/logi/txtai/venv/lib/python3.10/site-packages/airflow/example_dags/plugins/listener_plugin.py
[2025-11-12T08:13:11.953+0530] {processor.py:183} INFO - Processing /home/logi/txtai/venv/lib/python3.10/site-packages/airflow/example_dags/plugins/listener_plugin.py took 0.051 seconds
[2025-11-12T08:14:02.983+0530] {processor.py:161} INFO - Started process (PID=12774) to work on /home/logi/txtai/venv/lib/python3.10/site-packages/airflow/example_dags/plugins/listener_plugin.py
[2025-11-12T08:14:02.996+0530] {processor.py:830} INFO - Processing file /home/logi/txtai/venv/lib/python3.10/site-packages/airflow/example_dags/plugins/listener_plugin.py for tasks to queue
[2025-11-12T08:14:02.998+0530] {logging_mixin.py:188} INFO - [2025-11-12T08:14:02.997+0530] {dagbag.py:545} INFO - Filling up the DagBag from /home/logi/txtai/venv/lib/python3.10/site-packages/airflow/example_dags/plugins/listener_plugin.py
[2025-11-12T08:14:03.000+0530] {processor.py:842} WARNING - No viable dags retrieved from /home/logi/txtai/venv/lib/python3.10/site-packages/airflow/example_dags/plugins/listener_plugin.py
[2025-11-12T08:14:03.013+0530] {processor.py:183} INFO - Processing /home/logi/txtai/venv/lib/python3.10/site-packages/airflow/example_dags/plugins/listener_plugin.py took 0.042 seconds
[2025-11-12T08:15:01.249+0530] {processor.py:161} INFO - Started process (PID=13260) to work on /home/logi/txtai/venv/lib/python3.10/site-packages/airflow/example_dags/plugins/listener_plugin.py
[2025-11-12T08:15:01.263+0530] {processor.py:830} INFO - Processing file /home/logi/txtai/venv/lib/python3.10/site-packages/airflow/example_dags/plugins/listener_plugin.py for tasks to queue
[2025-11-12T08:15:01.266+0530] {logging_mixin.py:188} INFO - [2025-11-12T08:15:01.265+0530] {dagbag.py:545} INFO - Filling up the DagBag from /home/logi/txtai/venv/lib/python3.10/site-packages/airflow/example_dags/plugins/listener_plugin.py
[2025-11-12T08:15:01.270+0530] {processor.py:842} WARNING - No viable dags retrieved from /home/logi/txtai/venv/lib/python3.10/site-packages/airflow/example_dags/plugins/listener_plugin.py
[2025-11-12T08:15:01.289+0530] {processor.py:183} INFO - Processing /home/logi/txtai/venv/lib/python3.10/site-packages/airflow/example_dags/plugins/listener_plugin.py took 0.051 seconds
[2025-11-12T08:15:59.330+0530] {processor.py:161} INFO - Started process (PID=13749) to work on /home/logi/txtai/venv/lib/python3.10/site-packages/airflow/example_dags/plugins/listener_plugin.py
[2025-11-12T08:15:59.344+0530] {processor.py:830} INFO - Processing file /home/logi/txtai/venv/lib/python3.10/site-packages/airflow/example_dags/plugins/listener_plugin.py for tasks to queue
[2025-11-12T08:15:59.347+0530] {logging_mixin.py:188} INFO - [2025-11-12T08:15:59.346+0530] {dagbag.py:545} INFO - Filling up the DagBag from /home/logi/txtai/venv/lib/python3.10/site-packages/airflow/example_dags/plugins/listener_plugin.py
[2025-11-12T08:15:59.351+0530] {processor.py:842} WARNING - No viable dags retrieved from /home/logi/txtai/venv/lib/python3.10/site-packages/airflow/example_dags/plugins/listener_plugin.py
[2025-11-12T08:15:59.370+0530] {processor.py:183} INFO - Processing /home/logi/txtai/venv/lib/python3.10/site-packages/airflow/example_dags/plugins/listener_plugin.py took 0.052 seconds
[2025-11-12T08:16:59.886+0530] {processor.py:161} INFO - Started process (PID=14233) to work on /home/logi/txtai/venv/lib/python3.10/site-packages/airflow/example_dags/plugins/listener_plugin.py
[2025-11-12T08:16:59.900+0530] {processor.py:830} INFO - Processing file /home/logi/txtai/venv/lib/python3.10/site-packages/airflow/example_dags/plugins/listener_plugin.py for tasks to queue
[2025-11-12T08:16:59.903+0530] {logging_mixin.py:188} INFO - [2025-11-12T08:16:59.902+0530] {dagbag.py:545} INFO - Filling up the DagBag from /home/logi/txtai/venv/lib/python3.10/site-packages/airflow/example_dags/plugins/listener_plugin.py
[2025-11-12T08:16:59.907+0530] {processor.py:842} WARNING - No viable dags retrieved from /home/logi/txtai/venv/lib/python3.10/site-packages/airflow/example_dags/plugins/listener_plugin.py
[2025-11-12T08:16:59.925+0530] {processor.py:183} INFO - Processing /home/logi/txtai/venv/lib/python3.10/site-packages/airflow/example_dags/plugins/listener_plugin.py took 0.050 seconds
[2025-11-12T08:17:57.785+0530] {processor.py:161} INFO - Started process (PID=14724) to work on /home/logi/txtai/venv/lib/python3.10/site-packages/airflow/example_dags/plugins/listener_plugin.py
[2025-11-12T08:17:57.798+0530] {processor.py:830} INFO - Processing file /home/logi/txtai/venv/lib/python3.10/site-packages/airflow/example_dags/plugins/listener_plugin.py for tasks to queue
[2025-11-12T08:17:57.801+0530] {logging_mixin.py:188} INFO - [2025-11-12T08:17:57.800+0530] {dagbag.py:545} INFO - Filling up the DagBag from /home/logi/txtai/venv/lib/python3.10/site-packages/airflow/example_dags/plugins/listener_plugin.py
[2025-11-12T08:17:57.805+0530] {processor.py:842} WARNING - No viable dags retrieved from /home/logi/txtai/venv/lib/python3.10/site-packages/airflow/example_dags/plugins/listener_plugin.py
[2025-11-12T08:17:57.825+0530] {processor.py:183} INFO - Processing /home/logi/txtai/venv/lib/python3.10/site-packages/airflow/example_dags/plugins/listener_plugin.py took 0.051 seconds
[2025-11-12T08:18:34.191+0530] {processor.py:161} INFO - Started process (PID=15182) to work on /home/logi/txtai/venv/lib/python3.10/site-packages/airflow/example_dags/plugins/listener_plugin.py
[2025-11-12T08:18:34.205+0530] {processor.py:830} INFO - Processing file /home/logi/txtai/venv/lib/python3.10/site-packages/airflow/example_dags/plugins/listener_plugin.py for tasks to queue
[2025-11-12T08:18:34.208+0530] {logging_mixin.py:188} INFO - [2025-11-12T08:18:34.208+0530] {dagbag.py:545} INFO - Filling up the DagBag from /home/logi/txtai/venv/lib/python3.10/site-packages/airflow/example_dags/plugins/listener_plugin.py
[2025-11-12T08:18:34.213+0530] {processor.py:842} WARNING - No viable dags retrieved from /home/logi/txtai/venv/lib/python3.10/site-packages/airflow/example_dags/plugins/listener_plugin.py
[2025-11-12T08:18:34.232+0530] {processor.py:183} INFO - Processing /home/logi/txtai/venv/lib/python3.10/site-packages/airflow/example_dags/plugins/listener_plugin.py took 0.053 seconds
[2025-11-12T08:19:10.706+0530] {processor.py:161} INFO - Started process (PID=15476) to work on /home/logi/txtai/venv/lib/python3.10/site-packages/airflow/example_dags/plugins/listener_plugin.py
[2025-11-12T08:19:10.719+0530] {processor.py:830} INFO - Processing file /home/logi/txtai/venv/lib/python3.10/site-packages/airflow/example_dags/plugins/listener_plugin.py for tasks to queue
[2025-11-12T08:19:10.723+0530] {logging_mixin.py:188} INFO - [2025-11-12T08:19:10.722+0530] {dagbag.py:545} INFO - Filling up the DagBag from /home/logi/txtai/venv/lib/python3.10/site-packages/airflow/example_dags/plugins/listener_plugin.py
[2025-11-12T08:19:10.727+0530] {processor.py:842} WARNING - No viable dags retrieved from /home/logi/txtai/venv/lib/python3.10/site-packages/airflow/example_dags/plugins/listener_plugin.py
[2025-11-12T08:19:10.747+0530] {processor.py:183} INFO - Processing /home/logi/txtai/venv/lib/python3.10/site-packages/airflow/example_dags/plugins/listener_plugin.py took 0.053 seconds
[2025-11-12T08:20:08.819+0530] {processor.py:161} INFO - Started process (PID=15943) to work on /home/logi/txtai/venv/lib/python3.10/site-packages/airflow/example_dags/plugins/listener_plugin.py
[2025-11-12T08:20:08.833+0530] {processor.py:830} INFO - Processing file /home/logi/txtai/venv/lib/python3.10/site-packages/airflow/example_dags/plugins/listener_plugin.py for tasks to queue
[2025-11-12T08:20:08.836+0530] {logging_mixin.py:188} INFO - [2025-11-12T08:20:08.836+0530] {dagbag.py:545} INFO - Filling up the DagBag from /home/logi/txtai/venv/lib/python3.10/site-packages/airflow/example_dags/plugins/listener_plugin.py
[2025-11-12T08:20:08.841+0530] {processor.py:842} WARNING - No viable dags retrieved from /home/logi/txtai/venv/lib/python3.10/site-packages/airflow/example_dags/plugins/listener_plugin.py
[2025-11-12T08:20:08.860+0530] {processor.py:183} INFO - Processing /home/logi/txtai/venv/lib/python3.10/site-packages/airflow/example_dags/plugins/listener_plugin.py took 0.052 seconds
[2025-11-12T08:21:14.027+0530] {processor.py:161} INFO - Started process (PID=16466) to work on /home/logi/txtai/venv/lib/python3.10/site-packages/airflow/example_dags/plugins/listener_plugin.py
[2025-11-12T08:21:14.040+0530] {processor.py:830} INFO - Processing file /home/logi/txtai/venv/lib/python3.10/site-packages/airflow/example_dags/plugins/listener_plugin.py for tasks to queue
[2025-11-12T08:21:14.044+0530] {logging_mixin.py:188} INFO - [2025-11-12T08:21:14.044+0530] {dagbag.py:545} INFO - Filling up the DagBag from /home/logi/txtai/venv/lib/python3.10/site-packages/airflow/example_dags/plugins/listener_plugin.py
[2025-11-12T08:21:14.050+0530] {processor.py:842} WARNING - No viable dags retrieved from /home/logi/txtai/venv/lib/python3.10/site-packages/airflow/example_dags/plugins/listener_plugin.py
[2025-11-12T08:21:14.073+0530] {processor.py:183} INFO - Processing /home/logi/txtai/venv/lib/python3.10/site-packages/airflow/example_dags/plugins/listener_plugin.py took 0.058 seconds
[2025-11-12T08:21:48.309+0530] {processor.py:161} INFO - Started process (PID=16756) to work on /home/logi/txtai/venv/lib/python3.10/site-packages/airflow/example_dags/plugins/listener_plugin.py
[2025-11-12T08:21:48.323+0530] {processor.py:830} INFO - Processing file /home/logi/txtai/venv/lib/python3.10/site-packages/airflow/example_dags/plugins/listener_plugin.py for tasks to queue
[2025-11-12T08:21:48.326+0530] {logging_mixin.py:188} INFO - [2025-11-12T08:21:48.325+0530] {dagbag.py:545} INFO - Filling up the DagBag from /home/logi/txtai/venv/lib/python3.10/site-packages/airflow/example_dags/plugins/listener_plugin.py
[2025-11-12T08:21:48.330+0530] {processor.py:842} WARNING - No viable dags retrieved from /home/logi/txtai/venv/lib/python3.10/site-packages/airflow/example_dags/plugins/listener_plugin.py
[2025-11-12T08:21:48.350+0530] {processor.py:183} INFO - Processing /home/logi/txtai/venv/lib/python3.10/site-packages/airflow/example_dags/plugins/listener_plugin.py took 0.053 seconds
[2025-11-12T08:22:50.002+0530] {processor.py:161} INFO - Started process (PID=17289) to work on /home/logi/txtai/venv/lib/python3.10/site-packages/airflow/example_dags/plugins/listener_plugin.py
[2025-11-12T08:22:50.015+0530] {processor.py:830} INFO - Processing file /home/logi/txtai/venv/lib/python3.10/site-packages/airflow/example_dags/plugins/listener_plugin.py for tasks to queue
[2025-11-12T08:22:50.019+0530] {logging_mixin.py:188} INFO - [2025-11-12T08:22:50.018+0530] {dagbag.py:545} INFO - Filling up the DagBag from /home/logi/txtai/venv/lib/python3.10/site-packages/airflow/example_dags/plugins/listener_plugin.py
[2025-11-12T08:22:50.023+0530] {processor.py:842} WARNING - No viable dags retrieved from /home/logi/txtai/venv/lib/python3.10/site-packages/airflow/example_dags/plugins/listener_plugin.py
[2025-11-12T08:22:50.043+0530] {processor.py:183} INFO - Processing /home/logi/txtai/venv/lib/python3.10/site-packages/airflow/example_dags/plugins/listener_plugin.py took 0.053 seconds
[2025-11-12T08:23:31.683+0530] {processor.py:161} INFO - Started process (PID=17792) to work on /home/logi/txtai/venv/lib/python3.10/site-packages/airflow/example_dags/plugins/listener_plugin.py
[2025-11-12T08:23:31.685+0530] {processor.py:830} INFO - Processing file /home/logi/txtai/venv/lib/python3.10/site-packages/airflow/example_dags/plugins/listener_plugin.py for tasks to queue
[2025-11-12T08:23:31.687+0530] {logging_mixin.py:188} INFO - [2025-11-12T08:23:31.687+0530] {dagbag.py:545} INFO - Filling up the DagBag from /home/logi/txtai/venv/lib/python3.10/site-packages/airflow/example_dags/plugins/listener_plugin.py
[2025-11-12T08:23:31.691+0530] {processor.py:842} WARNING - No viable dags retrieved from /home/logi/txtai/venv/lib/python3.10/site-packages/airflow/example_dags/plugins/listener_plugin.py
[2025-11-12T08:23:31.707+0530] {processor.py:183} INFO - Processing /home/logi/txtai/venv/lib/python3.10/site-packages/airflow/example_dags/plugins/listener_plugin.py took 0.034 seconds
[2025-11-12T08:24:17.168+0530] {processor.py:161} INFO - Started process (PID=18068) to work on /home/logi/txtai/venv/lib/python3.10/site-packages/airflow/example_dags/plugins/listener_plugin.py
[2025-11-12T08:24:17.182+0530] {processor.py:830} INFO - Processing file /home/logi/txtai/venv/lib/python3.10/site-packages/airflow/example_dags/plugins/listener_plugin.py for tasks to queue
[2025-11-12T08:24:17.185+0530] {logging_mixin.py:188} INFO - [2025-11-12T08:24:17.185+0530] {dagbag.py:545} INFO - Filling up the DagBag from /home/logi/txtai/venv/lib/python3.10/site-packages/airflow/example_dags/plugins/listener_plugin.py
[2025-11-12T08:24:17.190+0530] {processor.py:842} WARNING - No viable dags retrieved from /home/logi/txtai/venv/lib/python3.10/site-packages/airflow/example_dags/plugins/listener_plugin.py
[2025-11-12T08:24:17.210+0530] {processor.py:183} INFO - Processing /home/logi/txtai/venv/lib/python3.10/site-packages/airflow/example_dags/plugins/listener_plugin.py took 0.052 seconds
[2025-11-12T08:24:50.754+0530] {processor.py:161} INFO - Started process (PID=18130) to work on /home/logi/txtai/venv/lib/python3.10/site-packages/airflow/example_dags/plugins/listener_plugin.py
[2025-11-12T08:24:50.768+0530] {processor.py:830} INFO - Processing file /home/logi/txtai/venv/lib/python3.10/site-packages/airflow/example_dags/plugins/listener_plugin.py for tasks to queue
[2025-11-12T08:24:50.771+0530] {logging_mixin.py:188} INFO - [2025-11-12T08:24:50.771+0530] {dagbag.py:545} INFO - Filling up the DagBag from /home/logi/txtai/venv/lib/python3.10/site-packages/airflow/example_dags/plugins/listener_plugin.py
[2025-11-12T08:24:50.776+0530] {processor.py:842} WARNING - No viable dags retrieved from /home/logi/txtai/venv/lib/python3.10/site-packages/airflow/example_dags/plugins/listener_plugin.py
[2025-11-12T08:24:50.794+0530] {processor.py:183} INFO - Processing /home/logi/txtai/venv/lib/python3.10/site-packages/airflow/example_dags/plugins/listener_plugin.py took 0.051 seconds
[2025-11-12T08:25:48.242+0530] {processor.py:161} INFO - Started process (PID=18227) to work on /home/logi/txtai/venv/lib/python3.10/site-packages/airflow/example_dags/plugins/listener_plugin.py
[2025-11-12T08:25:48.256+0530] {processor.py:830} INFO - Processing file /home/logi/txtai/venv/lib/python3.10/site-packages/airflow/example_dags/plugins/listener_plugin.py for tasks to queue
[2025-11-12T08:25:48.259+0530] {logging_mixin.py:188} INFO - [2025-11-12T08:25:48.258+0530] {dagbag.py:545} INFO - Filling up the DagBag from /home/logi/txtai/venv/lib/python3.10/site-packages/airflow/example_dags/plugins/listener_plugin.py
[2025-11-12T08:25:48.264+0530] {processor.py:842} WARNING - No viable dags retrieved from /home/logi/txtai/venv/lib/python3.10/site-packages/airflow/example_dags/plugins/listener_plugin.py
[2025-11-12T08:25:48.283+0530] {processor.py:183} INFO - Processing /home/logi/txtai/venv/lib/python3.10/site-packages/airflow/example_dags/plugins/listener_plugin.py took 0.052 seconds
[2025-11-12T08:26:52.339+0530] {processor.py:161} INFO - Started process (PID=18373) to work on /home/logi/txtai/venv/lib/python3.10/site-packages/airflow/example_dags/plugins/listener_plugin.py
[2025-11-12T08:26:52.353+0530] {processor.py:830} INFO - Processing file /home/logi/txtai/venv/lib/python3.10/site-packages/airflow/example_dags/plugins/listener_plugin.py for tasks to queue
[2025-11-12T08:26:52.356+0530] {logging_mixin.py:188} INFO - [2025-11-12T08:26:52.355+0530] {dagbag.py:545} INFO - Filling up the DagBag from /home/logi/txtai/venv/lib/python3.10/site-packages/airflow/example_dags/plugins/listener_plugin.py
[2025-11-12T08:26:52.362+0530] {processor.py:842} WARNING - No viable dags retrieved from /home/logi/txtai/venv/lib/python3.10/site-packages/airflow/example_dags/plugins/listener_plugin.py
[2025-11-12T08:26:52.382+0530] {processor.py:183} INFO - Processing /home/logi/txtai/venv/lib/python3.10/site-packages/airflow/example_dags/plugins/listener_plugin.py took 0.054 seconds
[2025-11-12T08:27:54.134+0530] {processor.py:161} INFO - Started process (PID=18542) to work on /home/logi/txtai/venv/lib/python3.10/site-packages/airflow/example_dags/plugins/listener_plugin.py
[2025-11-12T08:27:54.153+0530] {processor.py:830} INFO - Processing file /home/logi/txtai/venv/lib/python3.10/site-packages/airflow/example_dags/plugins/listener_plugin.py for tasks to queue
[2025-11-12T08:27:54.158+0530] {logging_mixin.py:188} INFO - [2025-11-12T08:27:54.157+0530] {dagbag.py:545} INFO - Filling up the DagBag from /home/logi/txtai/venv/lib/python3.10/site-packages/airflow/example_dags/plugins/listener_plugin.py
[2025-11-12T08:27:54.165+0530] {processor.py:842} WARNING - No viable dags retrieved from /home/logi/txtai/venv/lib/python3.10/site-packages/airflow/example_dags/plugins/listener_plugin.py
[2025-11-12T08:27:54.195+0530] {processor.py:183} INFO - Processing /home/logi/txtai/venv/lib/python3.10/site-packages/airflow/example_dags/plugins/listener_plugin.py took 0.115 seconds
[2025-11-12T08:29:03.330+0530] {processor.py:161} INFO - Started process (PID=18830) to work on /home/logi/txtai/venv/lib/python3.10/site-packages/airflow/example_dags/plugins/listener_plugin.py
[2025-11-12T08:29:03.343+0530] {processor.py:830} INFO - Processing file /home/logi/txtai/venv/lib/python3.10/site-packages/airflow/example_dags/plugins/listener_plugin.py for tasks to queue
[2025-11-12T08:29:03.346+0530] {logging_mixin.py:188} INFO - [2025-11-12T08:29:03.346+0530] {dagbag.py:545} INFO - Filling up the DagBag from /home/logi/txtai/venv/lib/python3.10/site-packages/airflow/example_dags/plugins/listener_plugin.py
[2025-11-12T08:29:03.351+0530] {processor.py:842} WARNING - No viable dags retrieved from /home/logi/txtai/venv/lib/python3.10/site-packages/airflow/example_dags/plugins/listener_plugin.py
[2025-11-12T08:29:03.369+0530] {processor.py:183} INFO - Processing /home/logi/txtai/venv/lib/python3.10/site-packages/airflow/example_dags/plugins/listener_plugin.py took 0.051 seconds
[2025-11-12T08:29:38.701+0530] {processor.py:161} INFO - Started process (PID=18918) to work on /home/logi/txtai/venv/lib/python3.10/site-packages/airflow/example_dags/plugins/listener_plugin.py
[2025-11-12T08:29:38.714+0530] {processor.py:830} INFO - Processing file /home/logi/txtai/venv/lib/python3.10/site-packages/airflow/example_dags/plugins/listener_plugin.py for tasks to queue
[2025-11-12T08:29:38.718+0530] {logging_mixin.py:188} INFO - [2025-11-12T08:29:38.717+0530] {dagbag.py:545} INFO - Filling up the DagBag from /home/logi/txtai/venv/lib/python3.10/site-packages/airflow/example_dags/plugins/listener_plugin.py
[2025-11-12T08:29:38.726+0530] {processor.py:842} WARNING - No viable dags retrieved from /home/logi/txtai/venv/lib/python3.10/site-packages/airflow/example_dags/plugins/listener_plugin.py
[2025-11-12T08:29:38.747+0530] {processor.py:183} INFO - Processing /home/logi/txtai/venv/lib/python3.10/site-packages/airflow/example_dags/plugins/listener_plugin.py took 0.057 seconds
[2025-11-12T08:30:37.614+0530] {processor.py:161} INFO - Started process (PID=19271) to work on /home/logi/txtai/venv/lib/python3.10/site-packages/airflow/example_dags/plugins/listener_plugin.py
[2025-11-12T08:30:37.627+0530] {processor.py:830} INFO - Processing file /home/logi/txtai/venv/lib/python3.10/site-packages/airflow/example_dags/plugins/listener_plugin.py for tasks to queue
[2025-11-12T08:30:37.630+0530] {logging_mixin.py:188} INFO - [2025-11-12T08:30:37.630+0530] {dagbag.py:545} INFO - Filling up the DagBag from /home/logi/txtai/venv/lib/python3.10/site-packages/airflow/example_dags/plugins/listener_plugin.py
[2025-11-12T08:30:37.635+0530] {processor.py:842} WARNING - No viable dags retrieved from /home/logi/txtai/venv/lib/python3.10/site-packages/airflow/example_dags/plugins/listener_plugin.py
[2025-11-12T08:30:37.653+0530] {processor.py:183} INFO - Processing /home/logi/txtai/venv/lib/python3.10/site-packages/airflow/example_dags/plugins/listener_plugin.py took 0.050 seconds
[2025-11-12T08:31:37.506+0530] {processor.py:161} INFO - Started process (PID=19407) to work on /home/logi/txtai/venv/lib/python3.10/site-packages/airflow/example_dags/plugins/listener_plugin.py
[2025-11-12T08:31:37.520+0530] {processor.py:830} INFO - Processing file /home/logi/txtai/venv/lib/python3.10/site-packages/airflow/example_dags/plugins/listener_plugin.py for tasks to queue
[2025-11-12T08:31:37.523+0530] {logging_mixin.py:188} INFO - [2025-11-12T08:31:37.523+0530] {dagbag.py:545} INFO - Filling up the DagBag from /home/logi/txtai/venv/lib/python3.10/site-packages/airflow/example_dags/plugins/listener_plugin.py
[2025-11-12T08:31:37.529+0530] {processor.py:842} WARNING - No viable dags retrieved from /home/logi/txtai/venv/lib/python3.10/site-packages/airflow/example_dags/plugins/listener_plugin.py
[2025-11-12T08:31:37.551+0530] {processor.py:183} INFO - Processing /home/logi/txtai/venv/lib/python3.10/site-packages/airflow/example_dags/plugins/listener_plugin.py took 0.058 seconds
[2025-11-12T08:32:38.865+0530] {processor.py:161} INFO - Started process (PID=19559) to work on /home/logi/txtai/venv/lib/python3.10/site-packages/airflow/example_dags/plugins/listener_plugin.py
[2025-11-12T08:32:38.879+0530] {processor.py:830} INFO - Processing file /home/logi/txtai/venv/lib/python3.10/site-packages/airflow/example_dags/plugins/listener_plugin.py for tasks to queue
[2025-11-12T08:32:38.885+0530] {logging_mixin.py:188} INFO - [2025-11-12T08:32:38.884+0530] {dagbag.py:545} INFO - Filling up the DagBag from /home/logi/txtai/venv/lib/python3.10/site-packages/airflow/example_dags/plugins/listener_plugin.py
[2025-11-12T08:32:38.892+0530] {processor.py:842} WARNING - No viable dags retrieved from /home/logi/txtai/venv/lib/python3.10/site-packages/airflow/example_dags/plugins/listener_plugin.py
[2025-11-12T08:32:38.936+0530] {processor.py:183} INFO - Processing /home/logi/txtai/venv/lib/python3.10/site-packages/airflow/example_dags/plugins/listener_plugin.py took 0.089 seconds
[2025-11-12T08:33:47.561+0530] {processor.py:161} INFO - Started process (PID=19759) to work on /home/logi/txtai/venv/lib/python3.10/site-packages/airflow/example_dags/plugins/listener_plugin.py
[2025-11-12T08:33:47.576+0530] {processor.py:830} INFO - Processing file /home/logi/txtai/venv/lib/python3.10/site-packages/airflow/example_dags/plugins/listener_plugin.py for tasks to queue
[2025-11-12T08:33:47.579+0530] {logging_mixin.py:188} INFO - [2025-11-12T08:33:47.578+0530] {dagbag.py:545} INFO - Filling up the DagBag from /home/logi/txtai/venv/lib/python3.10/site-packages/airflow/example_dags/plugins/listener_plugin.py
[2025-11-12T08:33:47.583+0530] {processor.py:842} WARNING - No viable dags retrieved from /home/logi/txtai/venv/lib/python3.10/site-packages/airflow/example_dags/plugins/listener_plugin.py
[2025-11-12T08:33:47.602+0530] {processor.py:183} INFO - Processing /home/logi/txtai/venv/lib/python3.10/site-packages/airflow/example_dags/plugins/listener_plugin.py took 0.052 seconds
[2025-11-12T08:34:37.885+0530] {processor.py:161} INFO - Started process (PID=20043) to work on /home/logi/txtai/venv/lib/python3.10/site-packages/airflow/example_dags/plugins/listener_plugin.py
[2025-11-12T08:34:37.899+0530] {processor.py:830} INFO - Processing file /home/logi/txtai/venv/lib/python3.10/site-packages/airflow/example_dags/plugins/listener_plugin.py for tasks to queue
[2025-11-12T08:34:37.902+0530] {logging_mixin.py:188} INFO - [2025-11-12T08:34:37.901+0530] {dagbag.py:545} INFO - Filling up the DagBag from /home/logi/txtai/venv/lib/python3.10/site-packages/airflow/example_dags/plugins/listener_plugin.py
[2025-11-12T08:34:37.907+0530] {processor.py:842} WARNING - No viable dags retrieved from /home/logi/txtai/venv/lib/python3.10/site-packages/airflow/example_dags/plugins/listener_plugin.py
[2025-11-12T08:34:37.929+0530] {processor.py:183} INFO - Processing /home/logi/txtai/venv/lib/python3.10/site-packages/airflow/example_dags/plugins/listener_plugin.py took 0.056 seconds
[2025-11-12T08:35:37.294+0530] {processor.py:161} INFO - Started process (PID=20128) to work on /home/logi/txtai/venv/lib/python3.10/site-packages/airflow/example_dags/plugins/listener_plugin.py
[2025-11-12T08:35:37.307+0530] {processor.py:830} INFO - Processing file /home/logi/txtai/venv/lib/python3.10/site-packages/airflow/example_dags/plugins/listener_plugin.py for tasks to queue
[2025-11-12T08:35:37.311+0530] {logging_mixin.py:188} INFO - [2025-11-12T08:35:37.310+0530] {dagbag.py:545} INFO - Filling up the DagBag from /home/logi/txtai/venv/lib/python3.10/site-packages/airflow/example_dags/plugins/listener_plugin.py
[2025-11-12T08:35:37.316+0530] {processor.py:842} WARNING - No viable dags retrieved from /home/logi/txtai/venv/lib/python3.10/site-packages/airflow/example_dags/plugins/listener_plugin.py
[2025-11-12T08:35:37.335+0530] {processor.py:183} INFO - Processing /home/logi/txtai/venv/lib/python3.10/site-packages/airflow/example_dags/plugins/listener_plugin.py took 0.053 seconds
[2025-11-12T08:36:34.317+0530] {processor.py:161} INFO - Started process (PID=20209) to work on /home/logi/txtai/venv/lib/python3.10/site-packages/airflow/example_dags/plugins/listener_plugin.py
[2025-11-12T08:36:34.330+0530] {processor.py:830} INFO - Processing file /home/logi/txtai/venv/lib/python3.10/site-packages/airflow/example_dags/plugins/listener_plugin.py for tasks to queue
[2025-11-12T08:36:34.333+0530] {logging_mixin.py:188} INFO - [2025-11-12T08:36:34.332+0530] {dagbag.py:545} INFO - Filling up the DagBag from /home/logi/txtai/venv/lib/python3.10/site-packages/airflow/example_dags/plugins/listener_plugin.py
[2025-11-12T08:36:34.335+0530] {processor.py:842} WARNING - No viable dags retrieved from /home/logi/txtai/venv/lib/python3.10/site-packages/airflow/example_dags/plugins/listener_plugin.py
[2025-11-12T08:36:34.347+0530] {processor.py:183} INFO - Processing /home/logi/txtai/venv/lib/python3.10/site-packages/airflow/example_dags/plugins/listener_plugin.py took 0.036 seconds
[2025-11-12T08:37:36.675+0530] {processor.py:161} INFO - Started process (PID=20327) to work on /home/logi/txtai/venv/lib/python3.10/site-packages/airflow/example_dags/plugins/listener_plugin.py
[2025-11-12T08:37:36.689+0530] {processor.py:830} INFO - Processing file /home/logi/txtai/venv/lib/python3.10/site-packages/airflow/example_dags/plugins/listener_plugin.py for tasks to queue
[2025-11-12T08:37:36.692+0530] {logging_mixin.py:188} INFO - [2025-11-12T08:37:36.691+0530] {dagbag.py:545} INFO - Filling up the DagBag from /home/logi/txtai/venv/lib/python3.10/site-packages/airflow/example_dags/plugins/listener_plugin.py
[2025-11-12T08:37:36.698+0530] {processor.py:842} WARNING - No viable dags retrieved from /home/logi/txtai/venv/lib/python3.10/site-packages/airflow/example_dags/plugins/listener_plugin.py
[2025-11-12T08:37:36.717+0530] {processor.py:183} INFO - Processing /home/logi/txtai/venv/lib/python3.10/site-packages/airflow/example_dags/plugins/listener_plugin.py took 0.053 seconds
[2025-11-12T08:38:38.099+0530] {processor.py:161} INFO - Started process (PID=20496) to work on /home/logi/txtai/venv/lib/python3.10/site-packages/airflow/example_dags/plugins/listener_plugin.py
[2025-11-12T08:38:38.113+0530] {processor.py:830} INFO - Processing file /home/logi/txtai/venv/lib/python3.10/site-packages/airflow/example_dags/plugins/listener_plugin.py for tasks to queue
[2025-11-12T08:38:38.116+0530] {logging_mixin.py:188} INFO - [2025-11-12T08:38:38.116+0530] {dagbag.py:545} INFO - Filling up the DagBag from /home/logi/txtai/venv/lib/python3.10/site-packages/airflow/example_dags/plugins/listener_plugin.py
[2025-11-12T08:38:38.121+0530] {processor.py:842} WARNING - No viable dags retrieved from /home/logi/txtai/venv/lib/python3.10/site-packages/airflow/example_dags/plugins/listener_plugin.py
[2025-11-12T08:38:38.141+0530] {processor.py:183} INFO - Processing /home/logi/txtai/venv/lib/python3.10/site-packages/airflow/example_dags/plugins/listener_plugin.py took 0.053 seconds
[2025-11-12T08:39:16.725+0530] {processor.py:161} INFO - Started process (PID=20669) to work on /home/logi/txtai/venv/lib/python3.10/site-packages/airflow/example_dags/plugins/listener_plugin.py
[2025-11-12T08:39:16.727+0530] {processor.py:830} INFO - Processing file /home/logi/txtai/venv/lib/python3.10/site-packages/airflow/example_dags/plugins/listener_plugin.py for tasks to queue
[2025-11-12T08:39:16.730+0530] {logging_mixin.py:188} INFO - [2025-11-12T08:39:16.729+0530] {dagbag.py:545} INFO - Filling up the DagBag from /home/logi/txtai/venv/lib/python3.10/site-packages/airflow/example_dags/plugins/listener_plugin.py
[2025-11-12T08:39:16.735+0530] {processor.py:842} WARNING - No viable dags retrieved from /home/logi/txtai/venv/lib/python3.10/site-packages/airflow/example_dags/plugins/listener_plugin.py
[2025-11-12T08:39:16.754+0530] {processor.py:183} INFO - Processing /home/logi/txtai/venv/lib/python3.10/site-packages/airflow/example_dags/plugins/listener_plugin.py took 0.041 seconds
[2025-11-12T08:39:53.748+0530] {processor.py:161} INFO - Started process (PID=20728) to work on /home/logi/txtai/venv/lib/python3.10/site-packages/airflow/example_dags/plugins/listener_plugin.py
[2025-11-12T08:39:53.761+0530] {processor.py:830} INFO - Processing file /home/logi/txtai/venv/lib/python3.10/site-packages/airflow/example_dags/plugins/listener_plugin.py for tasks to queue
[2025-11-12T08:39:53.764+0530] {logging_mixin.py:188} INFO - [2025-11-12T08:39:53.764+0530] {dagbag.py:545} INFO - Filling up the DagBag from /home/logi/txtai/venv/lib/python3.10/site-packages/airflow/example_dags/plugins/listener_plugin.py
[2025-11-12T08:39:53.769+0530] {processor.py:842} WARNING - No viable dags retrieved from /home/logi/txtai/venv/lib/python3.10/site-packages/airflow/example_dags/plugins/listener_plugin.py
[2025-11-12T08:39:53.784+0530] {processor.py:183} INFO - Processing /home/logi/txtai/venv/lib/python3.10/site-packages/airflow/example_dags/plugins/listener_plugin.py took 0.047 seconds
[2025-11-12T08:40:59.214+0530] {processor.py:161} INFO - Started process (PID=20826) to work on /home/logi/txtai/venv/lib/python3.10/site-packages/airflow/example_dags/plugins/listener_plugin.py
[2025-11-12T08:40:59.228+0530] {processor.py:830} INFO - Processing file /home/logi/txtai/venv/lib/python3.10/site-packages/airflow/example_dags/plugins/listener_plugin.py for tasks to queue
[2025-11-12T08:40:59.230+0530] {logging_mixin.py:188} INFO - [2025-11-12T08:40:59.229+0530] {dagbag.py:545} INFO - Filling up the DagBag from /home/logi/txtai/venv/lib/python3.10/site-packages/airflow/example_dags/plugins/listener_plugin.py
[2025-11-12T08:40:59.232+0530] {processor.py:842} WARNING - No viable dags retrieved from /home/logi/txtai/venv/lib/python3.10/site-packages/airflow/example_dags/plugins/listener_plugin.py
[2025-11-12T08:40:59.245+0530] {processor.py:183} INFO - Processing /home/logi/txtai/venv/lib/python3.10/site-packages/airflow/example_dags/plugins/listener_plugin.py took 0.042 seconds
[2025-11-12T08:42:01.240+0530] {processor.py:161} INFO - Started process (PID=20933) to work on /home/logi/txtai/venv/lib/python3.10/site-packages/airflow/example_dags/plugins/listener_plugin.py
[2025-11-12T08:42:01.253+0530] {processor.py:830} INFO - Processing file /home/logi/txtai/venv/lib/python3.10/site-packages/airflow/example_dags/plugins/listener_plugin.py for tasks to queue
[2025-11-12T08:42:01.258+0530] {logging_mixin.py:188} INFO - [2025-11-12T08:42:01.257+0530] {dagbag.py:545} INFO - Filling up the DagBag from /home/logi/txtai/venv/lib/python3.10/site-packages/airflow/example_dags/plugins/listener_plugin.py
[2025-11-12T08:42:01.263+0530] {processor.py:842} WARNING - No viable dags retrieved from /home/logi/txtai/venv/lib/python3.10/site-packages/airflow/example_dags/plugins/listener_plugin.py
[2025-11-12T08:42:01.282+0530] {processor.py:183} INFO - Processing /home/logi/txtai/venv/lib/python3.10/site-packages/airflow/example_dags/plugins/listener_plugin.py took 0.055 seconds
[2025-11-12T08:43:06.015+0530] {processor.py:161} INFO - Started process (PID=21090) to work on /home/logi/txtai/venv/lib/python3.10/site-packages/airflow/example_dags/plugins/listener_plugin.py
[2025-11-12T08:43:06.030+0530] {processor.py:830} INFO - Processing file /home/logi/txtai/venv/lib/python3.10/site-packages/airflow/example_dags/plugins/listener_plugin.py for tasks to queue
[2025-11-12T08:43:06.036+0530] {logging_mixin.py:188} INFO - [2025-11-12T08:43:06.035+0530] {dagbag.py:545} INFO - Filling up the DagBag from /home/logi/txtai/venv/lib/python3.10/site-packages/airflow/example_dags/plugins/listener_plugin.py
[2025-11-12T08:43:06.047+0530] {processor.py:842} WARNING - No viable dags retrieved from /home/logi/txtai/venv/lib/python3.10/site-packages/airflow/example_dags/plugins/listener_plugin.py
[2025-11-12T08:43:06.072+0530] {processor.py:183} INFO - Processing /home/logi/txtai/venv/lib/python3.10/site-packages/airflow/example_dags/plugins/listener_plugin.py took 0.074 seconds
[2025-11-12T08:43:43.249+0530] {processor.py:161} INFO - Started process (PID=21160) to work on /home/logi/txtai/venv/lib/python3.10/site-packages/airflow/example_dags/plugins/listener_plugin.py
[2025-11-12T08:43:43.262+0530] {processor.py:830} INFO - Processing file /home/logi/txtai/venv/lib/python3.10/site-packages/airflow/example_dags/plugins/listener_plugin.py for tasks to queue
[2025-11-12T08:43:43.265+0530] {logging_mixin.py:188} INFO - [2025-11-12T08:43:43.264+0530] {dagbag.py:545} INFO - Filling up the DagBag from /home/logi/txtai/venv/lib/python3.10/site-packages/airflow/example_dags/plugins/listener_plugin.py
[2025-11-12T08:43:43.270+0530] {processor.py:842} WARNING - No viable dags retrieved from /home/logi/txtai/venv/lib/python3.10/site-packages/airflow/example_dags/plugins/listener_plugin.py
[2025-11-12T08:43:43.289+0530] {processor.py:183} INFO - Processing /home/logi/txtai/venv/lib/python3.10/site-packages/airflow/example_dags/plugins/listener_plugin.py took 0.047 seconds
[2025-11-12T08:44:38.110+0530] {processor.py:161} INFO - Started process (PID=21571) to work on /home/logi/txtai/venv/lib/python3.10/site-packages/airflow/example_dags/plugins/listener_plugin.py
[2025-11-12T08:44:38.123+0530] {processor.py:830} INFO - Processing file /home/logi/txtai/venv/lib/python3.10/site-packages/airflow/example_dags/plugins/listener_plugin.py for tasks to queue
[2025-11-12T08:44:38.128+0530] {logging_mixin.py:188} INFO - [2025-11-12T08:44:38.127+0530] {dagbag.py:545} INFO - Filling up the DagBag from /home/logi/txtai/venv/lib/python3.10/site-packages/airflow/example_dags/plugins/listener_plugin.py
[2025-11-12T08:44:38.132+0530] {processor.py:842} WARNING - No viable dags retrieved from /home/logi/txtai/venv/lib/python3.10/site-packages/airflow/example_dags/plugins/listener_plugin.py
[2025-11-12T08:44:38.150+0530] {processor.py:183} INFO - Processing /home/logi/txtai/venv/lib/python3.10/site-packages/airflow/example_dags/plugins/listener_plugin.py took 0.051 seconds
[2025-11-12T08:45:28.222+0530] {processor.py:161} INFO - Started process (PID=21647) to work on /home/logi/txtai/venv/lib/python3.10/site-packages/airflow/example_dags/plugins/listener_plugin.py
[2025-11-12T08:45:28.235+0530] {processor.py:830} INFO - Processing file /home/logi/txtai/venv/lib/python3.10/site-packages/airflow/example_dags/plugins/listener_plugin.py for tasks to queue
[2025-11-12T08:45:28.239+0530] {logging_mixin.py:188} INFO - [2025-11-12T08:45:28.238+0530] {dagbag.py:545} INFO - Filling up the DagBag from /home/logi/txtai/venv/lib/python3.10/site-packages/airflow/example_dags/plugins/listener_plugin.py
[2025-11-12T08:45:28.243+0530] {processor.py:842} WARNING - No viable dags retrieved from /home/logi/txtai/venv/lib/python3.10/site-packages/airflow/example_dags/plugins/listener_plugin.py
[2025-11-12T08:45:28.262+0530] {processor.py:183} INFO - Processing /home/logi/txtai/venv/lib/python3.10/site-packages/airflow/example_dags/plugins/listener_plugin.py took 0.051 seconds
[2025-11-12T08:46:31.882+0530] {processor.py:161} INFO - Started process (PID=21726) to work on /home/logi/txtai/venv/lib/python3.10/site-packages/airflow/example_dags/plugins/listener_plugin.py
[2025-11-12T08:46:31.896+0530] {processor.py:830} INFO - Processing file /home/logi/txtai/venv/lib/python3.10/site-packages/airflow/example_dags/plugins/listener_plugin.py for tasks to queue
[2025-11-12T08:46:31.899+0530] {logging_mixin.py:188} INFO - [2025-11-12T08:46:31.899+0530] {dagbag.py:545} INFO - Filling up the DagBag from /home/logi/txtai/venv/lib/python3.10/site-packages/airflow/example_dags/plugins/listener_plugin.py
[2025-11-12T08:46:31.904+0530] {processor.py:842} WARNING - No viable dags retrieved from /home/logi/txtai/venv/lib/python3.10/site-packages/airflow/example_dags/plugins/listener_plugin.py
[2025-11-12T08:46:31.923+0530] {processor.py:183} INFO - Processing /home/logi/txtai/venv/lib/python3.10/site-packages/airflow/example_dags/plugins/listener_plugin.py took 0.054 seconds
[2025-11-12T08:47:31.184+0530] {processor.py:161} INFO - Started process (PID=21807) to work on /home/logi/txtai/venv/lib/python3.10/site-packages/airflow/example_dags/plugins/listener_plugin.py
[2025-11-12T08:47:31.198+0530] {processor.py:830} INFO - Processing file /home/logi/txtai/venv/lib/python3.10/site-packages/airflow/example_dags/plugins/listener_plugin.py for tasks to queue
[2025-11-12T08:47:31.201+0530] {logging_mixin.py:188} INFO - [2025-11-12T08:47:31.200+0530] {dagbag.py:545} INFO - Filling up the DagBag from /home/logi/txtai/venv/lib/python3.10/site-packages/airflow/example_dags/plugins/listener_plugin.py
[2025-11-12T08:47:31.205+0530] {processor.py:842} WARNING - No viable dags retrieved from /home/logi/txtai/venv/lib/python3.10/site-packages/airflow/example_dags/plugins/listener_plugin.py
[2025-11-12T08:47:31.224+0530] {processor.py:183} INFO - Processing /home/logi/txtai/venv/lib/python3.10/site-packages/airflow/example_dags/plugins/listener_plugin.py took 0.051 seconds
[2025-11-12T08:48:29.451+0530] {processor.py:161} INFO - Started process (PID=21913) to work on /home/logi/txtai/venv/lib/python3.10/site-packages/airflow/example_dags/plugins/listener_plugin.py
[2025-11-12T08:48:29.465+0530] {processor.py:830} INFO - Processing file /home/logi/txtai/venv/lib/python3.10/site-packages/airflow/example_dags/plugins/listener_plugin.py for tasks to queue
[2025-11-12T08:48:29.470+0530] {logging_mixin.py:188} INFO - [2025-11-12T08:48:29.469+0530] {dagbag.py:545} INFO - Filling up the DagBag from /home/logi/txtai/venv/lib/python3.10/site-packages/airflow/example_dags/plugins/listener_plugin.py
[2025-11-12T08:48:29.474+0530] {processor.py:842} WARNING - No viable dags retrieved from /home/logi/txtai/venv/lib/python3.10/site-packages/airflow/example_dags/plugins/listener_plugin.py
[2025-11-12T08:48:29.495+0530] {processor.py:183} INFO - Processing /home/logi/txtai/venv/lib/python3.10/site-packages/airflow/example_dags/plugins/listener_plugin.py took 0.054 seconds
[2025-11-12T08:49:02.745+0530] {processor.py:161} INFO - Started process (PID=21971) to work on /home/logi/txtai/venv/lib/python3.10/site-packages/airflow/example_dags/plugins/listener_plugin.py
[2025-11-12T08:49:02.758+0530] {processor.py:830} INFO - Processing file /home/logi/txtai/venv/lib/python3.10/site-packages/airflow/example_dags/plugins/listener_plugin.py for tasks to queue
[2025-11-12T08:49:02.762+0530] {logging_mixin.py:188} INFO - [2025-11-12T08:49:02.761+0530] {dagbag.py:545} INFO - Filling up the DagBag from /home/logi/txtai/venv/lib/python3.10/site-packages/airflow/example_dags/plugins/listener_plugin.py
[2025-11-12T08:49:02.766+0530] {processor.py:842} WARNING - No viable dags retrieved from /home/logi/txtai/venv/lib/python3.10/site-packages/airflow/example_dags/plugins/listener_plugin.py
[2025-11-12T08:49:02.785+0530] {processor.py:183} INFO - Processing /home/logi/txtai/venv/lib/python3.10/site-packages/airflow/example_dags/plugins/listener_plugin.py took 0.051 seconds
[2025-11-12T08:49:37.623+0530] {processor.py:161} INFO - Started process (PID=22104) to work on /home/logi/txtai/venv/lib/python3.10/site-packages/airflow/example_dags/plugins/listener_plugin.py
[2025-11-12T08:49:37.636+0530] {processor.py:830} INFO - Processing file /home/logi/txtai/venv/lib/python3.10/site-packages/airflow/example_dags/plugins/listener_plugin.py for tasks to queue
[2025-11-12T08:49:37.639+0530] {logging_mixin.py:188} INFO - [2025-11-12T08:49:37.639+0530] {dagbag.py:545} INFO - Filling up the DagBag from /home/logi/txtai/venv/lib/python3.10/site-packages/airflow/example_dags/plugins/listener_plugin.py
[2025-11-12T08:49:37.644+0530] {processor.py:842} WARNING - No viable dags retrieved from /home/logi/txtai/venv/lib/python3.10/site-packages/airflow/example_dags/plugins/listener_plugin.py
[2025-11-12T08:49:37.663+0530] {processor.py:183} INFO - Processing /home/logi/txtai/venv/lib/python3.10/site-packages/airflow/example_dags/plugins/listener_plugin.py took 0.051 seconds
[2025-11-12T08:50:11.481+0530] {processor.py:161} INFO - Started process (PID=22253) to work on /home/logi/txtai/venv/lib/python3.10/site-packages/airflow/example_dags/plugins/listener_plugin.py
[2025-11-12T08:50:11.495+0530] {processor.py:830} INFO - Processing file /home/logi/txtai/venv/lib/python3.10/site-packages/airflow/example_dags/plugins/listener_plugin.py for tasks to queue
[2025-11-12T08:50:11.498+0530] {logging_mixin.py:188} INFO - [2025-11-12T08:50:11.497+0530] {dagbag.py:545} INFO - Filling up the DagBag from /home/logi/txtai/venv/lib/python3.10/site-packages/airflow/example_dags/plugins/listener_plugin.py
[2025-11-12T08:50:11.502+0530] {processor.py:842} WARNING - No viable dags retrieved from /home/logi/txtai/venv/lib/python3.10/site-packages/airflow/example_dags/plugins/listener_plugin.py
[2025-11-12T08:50:11.523+0530] {processor.py:183} INFO - Processing /home/logi/txtai/venv/lib/python3.10/site-packages/airflow/example_dags/plugins/listener_plugin.py took 0.053 seconds
[2025-11-12T08:51:12.675+0530] {processor.py:161} INFO - Started process (PID=22392) to work on /home/logi/txtai/venv/lib/python3.10/site-packages/airflow/example_dags/plugins/listener_plugin.py
[2025-11-12T08:51:12.688+0530] {processor.py:830} INFO - Processing file /home/logi/txtai/venv/lib/python3.10/site-packages/airflow/example_dags/plugins/listener_plugin.py for tasks to queue
[2025-11-12T08:51:12.691+0530] {logging_mixin.py:188} INFO - [2025-11-12T08:51:12.690+0530] {dagbag.py:545} INFO - Filling up the DagBag from /home/logi/txtai/venv/lib/python3.10/site-packages/airflow/example_dags/plugins/listener_plugin.py
[2025-11-12T08:51:12.695+0530] {processor.py:842} WARNING - No viable dags retrieved from /home/logi/txtai/venv/lib/python3.10/site-packages/airflow/example_dags/plugins/listener_plugin.py
[2025-11-12T08:51:12.714+0530] {processor.py:183} INFO - Processing /home/logi/txtai/venv/lib/python3.10/site-packages/airflow/example_dags/plugins/listener_plugin.py took 0.051 seconds
[2025-11-12T08:52:11.809+0530] {processor.py:161} INFO - Started process (PID=22518) to work on /home/logi/txtai/venv/lib/python3.10/site-packages/airflow/example_dags/plugins/listener_plugin.py
[2025-11-12T08:52:11.822+0530] {processor.py:830} INFO - Processing file /home/logi/txtai/venv/lib/python3.10/site-packages/airflow/example_dags/plugins/listener_plugin.py for tasks to queue
[2025-11-12T08:52:11.825+0530] {logging_mixin.py:188} INFO - [2025-11-12T08:52:11.824+0530] {dagbag.py:545} INFO - Filling up the DagBag from /home/logi/txtai/venv/lib/python3.10/site-packages/airflow/example_dags/plugins/listener_plugin.py
[2025-11-12T08:52:11.829+0530] {processor.py:842} WARNING - No viable dags retrieved from /home/logi/txtai/venv/lib/python3.10/site-packages/airflow/example_dags/plugins/listener_plugin.py
[2025-11-12T08:52:11.840+0530] {processor.py:183} INFO - Processing /home/logi/txtai/venv/lib/python3.10/site-packages/airflow/example_dags/plugins/listener_plugin.py took 0.036 seconds
[2025-11-12T08:53:12.029+0530] {processor.py:161} INFO - Started process (PID=22670) to work on /home/logi/txtai/venv/lib/python3.10/site-packages/airflow/example_dags/plugins/listener_plugin.py
[2025-11-12T08:53:12.043+0530] {processor.py:830} INFO - Processing file /home/logi/txtai/venv/lib/python3.10/site-packages/airflow/example_dags/plugins/listener_plugin.py for tasks to queue
[2025-11-12T08:53:12.046+0530] {logging_mixin.py:188} INFO - [2025-11-12T08:53:12.046+0530] {dagbag.py:545} INFO - Filling up the DagBag from /home/logi/txtai/venv/lib/python3.10/site-packages/airflow/example_dags/plugins/listener_plugin.py
[2025-11-12T08:53:12.051+0530] {processor.py:842} WARNING - No viable dags retrieved from /home/logi/txtai/venv/lib/python3.10/site-packages/airflow/example_dags/plugins/listener_plugin.py
[2025-11-12T08:53:12.070+0530] {processor.py:183} INFO - Processing /home/logi/txtai/venv/lib/python3.10/site-packages/airflow/example_dags/plugins/listener_plugin.py took 0.052 seconds
[2025-11-12T08:54:16.307+0530] {processor.py:161} INFO - Started process (PID=22816) to work on /home/logi/txtai/venv/lib/python3.10/site-packages/airflow/example_dags/plugins/listener_plugin.py
[2025-11-12T08:54:16.309+0530] {processor.py:830} INFO - Processing file /home/logi/txtai/venv/lib/python3.10/site-packages/airflow/example_dags/plugins/listener_plugin.py for tasks to queue
[2025-11-12T08:54:16.312+0530] {logging_mixin.py:188} INFO - [2025-11-12T08:54:16.311+0530] {dagbag.py:545} INFO - Filling up the DagBag from /home/logi/txtai/venv/lib/python3.10/site-packages/airflow/example_dags/plugins/listener_plugin.py
[2025-11-12T08:54:16.317+0530] {processor.py:842} WARNING - No viable dags retrieved from /home/logi/txtai/venv/lib/python3.10/site-packages/airflow/example_dags/plugins/listener_plugin.py
[2025-11-12T08:54:16.337+0530] {processor.py:183} INFO - Processing /home/logi/txtai/venv/lib/python3.10/site-packages/airflow/example_dags/plugins/listener_plugin.py took 0.042 seconds
[2025-11-12T08:55:08.427+0530] {processor.py:161} INFO - Started process (PID=23218) to work on /home/logi/txtai/venv/lib/python3.10/site-packages/airflow/example_dags/plugins/listener_plugin.py
[2025-11-12T08:55:08.445+0530] {processor.py:830} INFO - Processing file /home/logi/txtai/venv/lib/python3.10/site-packages/airflow/example_dags/plugins/listener_plugin.py for tasks to queue
[2025-11-12T08:55:08.448+0530] {logging_mixin.py:188} INFO - [2025-11-12T08:55:08.447+0530] {dagbag.py:545} INFO - Filling up the DagBag from /home/logi/txtai/venv/lib/python3.10/site-packages/airflow/example_dags/plugins/listener_plugin.py
[2025-11-12T08:55:08.455+0530] {processor.py:842} WARNING - No viable dags retrieved from /home/logi/txtai/venv/lib/python3.10/site-packages/airflow/example_dags/plugins/listener_plugin.py
[2025-11-12T08:55:08.475+0530] {processor.py:183} INFO - Processing /home/logi/txtai/venv/lib/python3.10/site-packages/airflow/example_dags/plugins/listener_plugin.py took 0.074 seconds
[2025-11-12T08:55:56.213+0530] {processor.py:161} INFO - Started process (PID=23285) to work on /home/logi/txtai/venv/lib/python3.10/site-packages/airflow/example_dags/plugins/listener_plugin.py
[2025-11-12T08:55:56.216+0530] {processor.py:830} INFO - Processing file /home/logi/txtai/venv/lib/python3.10/site-packages/airflow/example_dags/plugins/listener_plugin.py for tasks to queue
[2025-11-12T08:55:56.220+0530] {logging_mixin.py:188} INFO - [2025-11-12T08:55:56.219+0530] {dagbag.py:545} INFO - Filling up the DagBag from /home/logi/txtai/venv/lib/python3.10/site-packages/airflow/example_dags/plugins/listener_plugin.py
[2025-11-12T08:55:56.227+0530] {processor.py:842} WARNING - No viable dags retrieved from /home/logi/txtai/venv/lib/python3.10/site-packages/airflow/example_dags/plugins/listener_plugin.py
[2025-11-12T08:55:56.254+0530] {processor.py:183} INFO - Processing /home/logi/txtai/venv/lib/python3.10/site-packages/airflow/example_dags/plugins/listener_plugin.py took 0.056 seconds
[2025-11-12T08:56:55.410+0530] {processor.py:161} INFO - Started process (PID=23407) to work on /home/logi/txtai/venv/lib/python3.10/site-packages/airflow/example_dags/plugins/listener_plugin.py
[2025-11-12T08:56:55.424+0530] {processor.py:830} INFO - Processing file /home/logi/txtai/venv/lib/python3.10/site-packages/airflow/example_dags/plugins/listener_plugin.py for tasks to queue
[2025-11-12T08:56:55.427+0530] {logging_mixin.py:188} INFO - [2025-11-12T08:56:55.426+0530] {dagbag.py:545} INFO - Filling up the DagBag from /home/logi/txtai/venv/lib/python3.10/site-packages/airflow/example_dags/plugins/listener_plugin.py
[2025-11-12T08:56:55.431+0530] {processor.py:842} WARNING - No viable dags retrieved from /home/logi/txtai/venv/lib/python3.10/site-packages/airflow/example_dags/plugins/listener_plugin.py
[2025-11-12T08:56:55.450+0530] {processor.py:183} INFO - Processing /home/logi/txtai/venv/lib/python3.10/site-packages/airflow/example_dags/plugins/listener_plugin.py took 0.051 seconds
[2025-11-12T08:57:58.596+0530] {processor.py:161} INFO - Started process (PID=23589) to work on /home/logi/txtai/venv/lib/python3.10/site-packages/airflow/example_dags/plugins/listener_plugin.py
[2025-11-12T08:57:58.600+0530] {processor.py:830} INFO - Processing file /home/logi/txtai/venv/lib/python3.10/site-packages/airflow/example_dags/plugins/listener_plugin.py for tasks to queue
[2025-11-12T08:57:58.605+0530] {logging_mixin.py:188} INFO - [2025-11-12T08:57:58.604+0530] {dagbag.py:545} INFO - Filling up the DagBag from /home/logi/txtai/venv/lib/python3.10/site-packages/airflow/example_dags/plugins/listener_plugin.py
[2025-11-12T08:57:58.611+0530] {processor.py:842} WARNING - No viable dags retrieved from /home/logi/txtai/venv/lib/python3.10/site-packages/airflow/example_dags/plugins/listener_plugin.py
[2025-11-12T08:57:58.637+0530] {processor.py:183} INFO - Processing /home/logi/txtai/venv/lib/python3.10/site-packages/airflow/example_dags/plugins/listener_plugin.py took 0.057 seconds
[2025-11-12T08:58:33.388+0530] {processor.py:161} INFO - Started process (PID=23667) to work on /home/logi/txtai/venv/lib/python3.10/site-packages/airflow/example_dags/plugins/listener_plugin.py
[2025-11-12T08:58:33.402+0530] {processor.py:830} INFO - Processing file /home/logi/txtai/venv/lib/python3.10/site-packages/airflow/example_dags/plugins/listener_plugin.py for tasks to queue
[2025-11-12T08:58:33.405+0530] {logging_mixin.py:188} INFO - [2025-11-12T08:58:33.405+0530] {dagbag.py:545} INFO - Filling up the DagBag from /home/logi/txtai/venv/lib/python3.10/site-packages/airflow/example_dags/plugins/listener_plugin.py
[2025-11-12T08:58:33.410+0530] {processor.py:842} WARNING - No viable dags retrieved from /home/logi/txtai/venv/lib/python3.10/site-packages/airflow/example_dags/plugins/listener_plugin.py
[2025-11-12T08:58:33.434+0530] {processor.py:183} INFO - Processing /home/logi/txtai/venv/lib/python3.10/site-packages/airflow/example_dags/plugins/listener_plugin.py took 0.063 seconds
[2025-11-12T08:59:08.508+0530] {processor.py:161} INFO - Started process (PID=23749) to work on /home/logi/txtai/venv/lib/python3.10/site-packages/airflow/example_dags/plugins/listener_plugin.py
[2025-11-12T08:59:08.521+0530] {processor.py:830} INFO - Processing file /home/logi/txtai/venv/lib/python3.10/site-packages/airflow/example_dags/plugins/listener_plugin.py for tasks to queue
[2025-11-12T08:59:08.525+0530] {logging_mixin.py:188} INFO - [2025-11-12T08:59:08.524+0530] {dagbag.py:545} INFO - Filling up the DagBag from /home/logi/txtai/venv/lib/python3.10/site-packages/airflow/example_dags/plugins/listener_plugin.py
[2025-11-12T08:59:08.536+0530] {processor.py:842} WARNING - No viable dags retrieved from /home/logi/txtai/venv/lib/python3.10/site-packages/airflow/example_dags/plugins/listener_plugin.py
[2025-11-12T08:59:08.551+0530] {processor.py:183} INFO - Processing /home/logi/txtai/venv/lib/python3.10/site-packages/airflow/example_dags/plugins/listener_plugin.py took 0.064 seconds
[2025-11-12T08:59:42.467+0530] {processor.py:161} INFO - Started process (PID=23818) to work on /home/logi/txtai/venv/lib/python3.10/site-packages/airflow/example_dags/plugins/listener_plugin.py
[2025-11-12T08:59:42.481+0530] {processor.py:830} INFO - Processing file /home/logi/txtai/venv/lib/python3.10/site-packages/airflow/example_dags/plugins/listener_plugin.py for tasks to queue
[2025-11-12T08:59:42.484+0530] {logging_mixin.py:188} INFO - [2025-11-12T08:59:42.483+0530] {dagbag.py:545} INFO - Filling up the DagBag from /home/logi/txtai/venv/lib/python3.10/site-packages/airflow/example_dags/plugins/listener_plugin.py
[2025-11-12T08:59:42.487+0530] {processor.py:842} WARNING - No viable dags retrieved from /home/logi/txtai/venv/lib/python3.10/site-packages/airflow/example_dags/plugins/listener_plugin.py
[2025-11-12T08:59:42.502+0530] {processor.py:183} INFO - Processing /home/logi/txtai/venv/lib/python3.10/site-packages/airflow/example_dags/plugins/listener_plugin.py took 0.043 seconds
[2025-11-12T09:00:22.977+0530] {processor.py:161} INFO - Started process (PID=24150) to work on /home/logi/txtai/venv/lib/python3.10/site-packages/airflow/example_dags/plugins/listener_plugin.py
[2025-11-12T09:00:22.980+0530] {processor.py:830} INFO - Processing file /home/logi/txtai/venv/lib/python3.10/site-packages/airflow/example_dags/plugins/listener_plugin.py for tasks to queue
[2025-11-12T09:00:22.983+0530] {logging_mixin.py:188} INFO - [2025-11-12T09:00:22.982+0530] {dagbag.py:545} INFO - Filling up the DagBag from /home/logi/txtai/venv/lib/python3.10/site-packages/airflow/example_dags/plugins/listener_plugin.py
[2025-11-12T09:00:22.988+0530] {processor.py:842} WARNING - No viable dags retrieved from /home/logi/txtai/venv/lib/python3.10/site-packages/airflow/example_dags/plugins/listener_plugin.py
[2025-11-12T09:00:23.009+0530] {processor.py:183} INFO - Processing /home/logi/txtai/venv/lib/python3.10/site-packages/airflow/example_dags/plugins/listener_plugin.py took 0.043 seconds
[2025-11-12T09:01:00.456+0530] {processor.py:161} INFO - Started process (PID=24434) to work on /home/logi/txtai/venv/lib/python3.10/site-packages/airflow/example_dags/plugins/listener_plugin.py
[2025-11-12T09:01:00.470+0530] {processor.py:830} INFO - Processing file /home/logi/txtai/venv/lib/python3.10/site-packages/airflow/example_dags/plugins/listener_plugin.py for tasks to queue
[2025-11-12T09:01:00.473+0530] {logging_mixin.py:188} INFO - [2025-11-12T09:01:00.472+0530] {dagbag.py:545} INFO - Filling up the DagBag from /home/logi/txtai/venv/lib/python3.10/site-packages/airflow/example_dags/plugins/listener_plugin.py
[2025-11-12T09:01:00.478+0530] {processor.py:842} WARNING - No viable dags retrieved from /home/logi/txtai/venv/lib/python3.10/site-packages/airflow/example_dags/plugins/listener_plugin.py
[2025-11-12T09:01:00.498+0530] {processor.py:183} INFO - Processing /home/logi/txtai/venv/lib/python3.10/site-packages/airflow/example_dags/plugins/listener_plugin.py took 0.050 seconds
[2025-11-12T09:01:57.921+0530] {processor.py:161} INFO - Started process (PID=24649) to work on /home/logi/txtai/venv/lib/python3.10/site-packages/airflow/example_dags/plugins/listener_plugin.py
[2025-11-12T09:01:57.923+0530] {processor.py:830} INFO - Processing file /home/logi/txtai/venv/lib/python3.10/site-packages/airflow/example_dags/plugins/listener_plugin.py for tasks to queue
[2025-11-12T09:01:57.926+0530] {logging_mixin.py:188} INFO - [2025-11-12T09:01:57.926+0530] {dagbag.py:545} INFO - Filling up the DagBag from /home/logi/txtai/venv/lib/python3.10/site-packages/airflow/example_dags/plugins/listener_plugin.py
[2025-11-12T09:01:57.931+0530] {processor.py:842} WARNING - No viable dags retrieved from /home/logi/txtai/venv/lib/python3.10/site-packages/airflow/example_dags/plugins/listener_plugin.py
[2025-11-12T09:01:57.949+0530] {processor.py:183} INFO - Processing /home/logi/txtai/venv/lib/python3.10/site-packages/airflow/example_dags/plugins/listener_plugin.py took 0.039 seconds
[2025-11-12T09:02:56.950+0530] {processor.py:161} INFO - Started process (PID=25056) to work on /home/logi/txtai/venv/lib/python3.10/site-packages/airflow/example_dags/plugins/listener_plugin.py
[2025-11-12T09:02:56.964+0530] {processor.py:830} INFO - Processing file /home/logi/txtai/venv/lib/python3.10/site-packages/airflow/example_dags/plugins/listener_plugin.py for tasks to queue
[2025-11-12T09:02:56.968+0530] {logging_mixin.py:188} INFO - [2025-11-12T09:02:56.966+0530] {dagbag.py:545} INFO - Filling up the DagBag from /home/logi/txtai/venv/lib/python3.10/site-packages/airflow/example_dags/plugins/listener_plugin.py
[2025-11-12T09:02:56.972+0530] {processor.py:842} WARNING - No viable dags retrieved from /home/logi/txtai/venv/lib/python3.10/site-packages/airflow/example_dags/plugins/listener_plugin.py
[2025-11-12T09:02:56.992+0530] {processor.py:183} INFO - Processing /home/logi/txtai/venv/lib/python3.10/site-packages/airflow/example_dags/plugins/listener_plugin.py took 0.053 seconds
[2025-11-12T09:03:58.097+0530] {processor.py:161} INFO - Started process (PID=25348) to work on /home/logi/txtai/venv/lib/python3.10/site-packages/airflow/example_dags/plugins/listener_plugin.py
[2025-11-12T09:03:58.111+0530] {processor.py:830} INFO - Processing file /home/logi/txtai/venv/lib/python3.10/site-packages/airflow/example_dags/plugins/listener_plugin.py for tasks to queue
[2025-11-12T09:03:58.114+0530] {logging_mixin.py:188} INFO - [2025-11-12T09:03:58.113+0530] {dagbag.py:545} INFO - Filling up the DagBag from /home/logi/txtai/venv/lib/python3.10/site-packages/airflow/example_dags/plugins/listener_plugin.py
[2025-11-12T09:03:58.118+0530] {processor.py:842} WARNING - No viable dags retrieved from /home/logi/txtai/venv/lib/python3.10/site-packages/airflow/example_dags/plugins/listener_plugin.py
[2025-11-12T09:03:58.135+0530] {processor.py:183} INFO - Processing /home/logi/txtai/venv/lib/python3.10/site-packages/airflow/example_dags/plugins/listener_plugin.py took 0.050 seconds
[2025-11-12T09:04:59.538+0530] {processor.py:161} INFO - Started process (PID=25830) to work on /home/logi/txtai/venv/lib/python3.10/site-packages/airflow/example_dags/plugins/listener_plugin.py
[2025-11-12T09:04:59.540+0530] {processor.py:830} INFO - Processing file /home/logi/txtai/venv/lib/python3.10/site-packages/airflow/example_dags/plugins/listener_plugin.py for tasks to queue
[2025-11-12T09:04:59.543+0530] {logging_mixin.py:188} INFO - [2025-11-12T09:04:59.542+0530] {dagbag.py:545} INFO - Filling up the DagBag from /home/logi/txtai/venv/lib/python3.10/site-packages/airflow/example_dags/plugins/listener_plugin.py
[2025-11-12T09:04:59.548+0530] {processor.py:842} WARNING - No viable dags retrieved from /home/logi/txtai/venv/lib/python3.10/site-packages/airflow/example_dags/plugins/listener_plugin.py
[2025-11-12T09:04:59.571+0530] {processor.py:183} INFO - Processing /home/logi/txtai/venv/lib/python3.10/site-packages/airflow/example_dags/plugins/listener_plugin.py took 0.046 seconds
[2025-11-12T09:05:46.887+0530] {processor.py:161} INFO - Started process (PID=26452) to work on /home/logi/txtai/venv/lib/python3.10/site-packages/airflow/example_dags/plugins/listener_plugin.py
[2025-11-12T09:05:46.889+0530] {processor.py:830} INFO - Processing file /home/logi/txtai/venv/lib/python3.10/site-packages/airflow/example_dags/plugins/listener_plugin.py for tasks to queue
[2025-11-12T09:05:46.892+0530] {logging_mixin.py:188} INFO - [2025-11-12T09:05:46.891+0530] {dagbag.py:545} INFO - Filling up the DagBag from /home/logi/txtai/venv/lib/python3.10/site-packages/airflow/example_dags/plugins/listener_plugin.py
[2025-11-12T09:05:46.896+0530] {processor.py:842} WARNING - No viable dags retrieved from /home/logi/txtai/venv/lib/python3.10/site-packages/airflow/example_dags/plugins/listener_plugin.py
[2025-11-12T09:05:46.913+0530] {processor.py:183} INFO - Processing /home/logi/txtai/venv/lib/python3.10/site-packages/airflow/example_dags/plugins/listener_plugin.py took 0.036 seconds
[2025-11-12T09:06:27.013+0530] {processor.py:161} INFO - Started process (PID=26752) to work on /home/logi/txtai/venv/lib/python3.10/site-packages/airflow/example_dags/plugins/listener_plugin.py
[2025-11-12T09:06:27.026+0530] {processor.py:830} INFO - Processing file /home/logi/txtai/venv/lib/python3.10/site-packages/airflow/example_dags/plugins/listener_plugin.py for tasks to queue
[2025-11-12T09:06:27.029+0530] {logging_mixin.py:188} INFO - [2025-11-12T09:06:27.028+0530] {dagbag.py:545} INFO - Filling up the DagBag from /home/logi/txtai/venv/lib/python3.10/site-packages/airflow/example_dags/plugins/listener_plugin.py
[2025-11-12T09:06:27.033+0530] {processor.py:842} WARNING - No viable dags retrieved from /home/logi/txtai/venv/lib/python3.10/site-packages/airflow/example_dags/plugins/listener_plugin.py
[2025-11-12T09:06:27.050+0530] {processor.py:183} INFO - Processing /home/logi/txtai/venv/lib/python3.10/site-packages/airflow/example_dags/plugins/listener_plugin.py took 0.047 seconds
[2025-11-12T09:07:26.524+0530] {processor.py:161} INFO - Started process (PID=27192) to work on /home/logi/txtai/venv/lib/python3.10/site-packages/airflow/example_dags/plugins/listener_plugin.py
[2025-11-12T09:07:26.537+0530] {processor.py:830} INFO - Processing file /home/logi/txtai/venv/lib/python3.10/site-packages/airflow/example_dags/plugins/listener_plugin.py for tasks to queue
[2025-11-12T09:07:26.540+0530] {logging_mixin.py:188} INFO - [2025-11-12T09:07:26.540+0530] {dagbag.py:545} INFO - Filling up the DagBag from /home/logi/txtai/venv/lib/python3.10/site-packages/airflow/example_dags/plugins/listener_plugin.py
[2025-11-12T09:07:26.544+0530] {processor.py:842} WARNING - No viable dags retrieved from /home/logi/txtai/venv/lib/python3.10/site-packages/airflow/example_dags/plugins/listener_plugin.py
[2025-11-12T09:07:26.562+0530] {processor.py:183} INFO - Processing /home/logi/txtai/venv/lib/python3.10/site-packages/airflow/example_dags/plugins/listener_plugin.py took 0.050 seconds
[2025-11-12T09:08:25.171+0530] {processor.py:161} INFO - Started process (PID=27525) to work on /home/logi/txtai/venv/lib/python3.10/site-packages/airflow/example_dags/plugins/listener_plugin.py
[2025-11-12T09:08:25.184+0530] {processor.py:830} INFO - Processing file /home/logi/txtai/venv/lib/python3.10/site-packages/airflow/example_dags/plugins/listener_plugin.py for tasks to queue
[2025-11-12T09:08:25.187+0530] {logging_mixin.py:188} INFO - [2025-11-12T09:08:25.187+0530] {dagbag.py:545} INFO - Filling up the DagBag from /home/logi/txtai/venv/lib/python3.10/site-packages/airflow/example_dags/plugins/listener_plugin.py
[2025-11-12T09:08:25.192+0530] {processor.py:842} WARNING - No viable dags retrieved from /home/logi/txtai/venv/lib/python3.10/site-packages/airflow/example_dags/plugins/listener_plugin.py
[2025-11-12T09:08:25.205+0530] {processor.py:183} INFO - Processing /home/logi/txtai/venv/lib/python3.10/site-packages/airflow/example_dags/plugins/listener_plugin.py took 0.045 seconds
[2025-11-12T09:09:28.728+0530] {processor.py:161} INFO - Started process (PID=27607) to work on /home/logi/txtai/venv/lib/python3.10/site-packages/airflow/example_dags/plugins/listener_plugin.py
[2025-11-12T09:09:28.741+0530] {processor.py:830} INFO - Processing file /home/logi/txtai/venv/lib/python3.10/site-packages/airflow/example_dags/plugins/listener_plugin.py for tasks to queue
[2025-11-12T09:09:28.745+0530] {logging_mixin.py:188} INFO - [2025-11-12T09:09:28.744+0530] {dagbag.py:545} INFO - Filling up the DagBag from /home/logi/txtai/venv/lib/python3.10/site-packages/airflow/example_dags/plugins/listener_plugin.py
[2025-11-12T09:09:28.749+0530] {processor.py:842} WARNING - No viable dags retrieved from /home/logi/txtai/venv/lib/python3.10/site-packages/airflow/example_dags/plugins/listener_plugin.py
[2025-11-12T09:09:28.763+0530] {processor.py:183} INFO - Processing /home/logi/txtai/venv/lib/python3.10/site-packages/airflow/example_dags/plugins/listener_plugin.py took 0.041 seconds
[2025-11-12T09:10:35.992+0530] {processor.py:161} INFO - Started process (PID=27880) to work on /home/logi/txtai/venv/lib/python3.10/site-packages/airflow/example_dags/plugins/listener_plugin.py
[2025-11-12T09:10:36.006+0530] {processor.py:830} INFO - Processing file /home/logi/txtai/venv/lib/python3.10/site-packages/airflow/example_dags/plugins/listener_plugin.py for tasks to queue
[2025-11-12T09:10:36.011+0530] {logging_mixin.py:188} INFO - [2025-11-12T09:10:36.010+0530] {dagbag.py:545} INFO - Filling up the DagBag from /home/logi/txtai/venv/lib/python3.10/site-packages/airflow/example_dags/plugins/listener_plugin.py
[2025-11-12T09:10:36.019+0530] {processor.py:842} WARNING - No viable dags retrieved from /home/logi/txtai/venv/lib/python3.10/site-packages/airflow/example_dags/plugins/listener_plugin.py
[2025-11-12T09:10:36.044+0530] {processor.py:183} INFO - Processing /home/logi/txtai/venv/lib/python3.10/site-packages/airflow/example_dags/plugins/listener_plugin.py took 0.061 seconds
[2025-11-12T09:11:12.486+0530] {processor.py:161} INFO - Started process (PID=27965) to work on /home/logi/txtai/venv/lib/python3.10/site-packages/airflow/example_dags/plugins/listener_plugin.py
[2025-11-12T09:11:12.500+0530] {processor.py:830} INFO - Processing file /home/logi/txtai/venv/lib/python3.10/site-packages/airflow/example_dags/plugins/listener_plugin.py for tasks to queue
[2025-11-12T09:11:12.503+0530] {logging_mixin.py:188} INFO - [2025-11-12T09:11:12.502+0530] {dagbag.py:545} INFO - Filling up the DagBag from /home/logi/txtai/venv/lib/python3.10/site-packages/airflow/example_dags/plugins/listener_plugin.py
[2025-11-12T09:11:12.507+0530] {processor.py:842} WARNING - No viable dags retrieved from /home/logi/txtai/venv/lib/python3.10/site-packages/airflow/example_dags/plugins/listener_plugin.py
[2025-11-12T09:11:12.526+0530] {processor.py:183} INFO - Processing /home/logi/txtai/venv/lib/python3.10/site-packages/airflow/example_dags/plugins/listener_plugin.py took 0.051 seconds
[2025-11-12T09:12:13.695+0530] {processor.py:161} INFO - Started process (PID=28065) to work on /home/logi/txtai/venv/lib/python3.10/site-packages/airflow/example_dags/plugins/listener_plugin.py
[2025-11-12T09:12:13.709+0530] {processor.py:830} INFO - Processing file /home/logi/txtai/venv/lib/python3.10/site-packages/airflow/example_dags/plugins/listener_plugin.py for tasks to queue
[2025-11-12T09:12:13.712+0530] {logging_mixin.py:188} INFO - [2025-11-12T09:12:13.712+0530] {dagbag.py:545} INFO - Filling up the DagBag from /home/logi/txtai/venv/lib/python3.10/site-packages/airflow/example_dags/plugins/listener_plugin.py
[2025-11-12T09:12:13.717+0530] {processor.py:842} WARNING - No viable dags retrieved from /home/logi/txtai/venv/lib/python3.10/site-packages/airflow/example_dags/plugins/listener_plugin.py
[2025-11-12T09:12:13.737+0530] {processor.py:183} INFO - Processing /home/logi/txtai/venv/lib/python3.10/site-packages/airflow/example_dags/plugins/listener_plugin.py took 0.054 seconds
[2025-11-12T09:13:14.251+0530] {processor.py:161} INFO - Started process (PID=28203) to work on /home/logi/txtai/venv/lib/python3.10/site-packages/airflow/example_dags/plugins/listener_plugin.py
[2025-11-12T09:13:14.265+0530] {processor.py:830} INFO - Processing file /home/logi/txtai/venv/lib/python3.10/site-packages/airflow/example_dags/plugins/listener_plugin.py for tasks to queue
[2025-11-12T09:13:14.269+0530] {logging_mixin.py:188} INFO - [2025-11-12T09:13:14.268+0530] {dagbag.py:545} INFO - Filling up the DagBag from /home/logi/txtai/venv/lib/python3.10/site-packages/airflow/example_dags/plugins/listener_plugin.py
[2025-11-12T09:13:14.273+0530] {processor.py:842} WARNING - No viable dags retrieved from /home/logi/txtai/venv/lib/python3.10/site-packages/airflow/example_dags/plugins/listener_plugin.py
[2025-11-12T09:13:14.292+0530] {processor.py:183} INFO - Processing /home/logi/txtai/venv/lib/python3.10/site-packages/airflow/example_dags/plugins/listener_plugin.py took 0.052 seconds
[2025-11-12T09:13:47.137+0530] {processor.py:161} INFO - Started process (PID=28388) to work on /home/logi/txtai/venv/lib/python3.10/site-packages/airflow/example_dags/plugins/listener_plugin.py
[2025-11-12T09:13:47.154+0530] {processor.py:830} INFO - Processing file /home/logi/txtai/venv/lib/python3.10/site-packages/airflow/example_dags/plugins/listener_plugin.py for tasks to queue
[2025-11-12T09:13:47.158+0530] {logging_mixin.py:188} INFO - [2025-11-12T09:13:47.157+0530] {dagbag.py:545} INFO - Filling up the DagBag from /home/logi/txtai/venv/lib/python3.10/site-packages/airflow/example_dags/plugins/listener_plugin.py
[2025-11-12T09:13:47.162+0530] {processor.py:842} WARNING - No viable dags retrieved from /home/logi/txtai/venv/lib/python3.10/site-packages/airflow/example_dags/plugins/listener_plugin.py
[2025-11-12T09:13:47.185+0530] {processor.py:183} INFO - Processing /home/logi/txtai/venv/lib/python3.10/site-packages/airflow/example_dags/plugins/listener_plugin.py took 0.059 seconds
[2025-11-12T09:14:46.049+0530] {processor.py:161} INFO - Started process (PID=28487) to work on /home/logi/txtai/venv/lib/python3.10/site-packages/airflow/example_dags/plugins/listener_plugin.py
[2025-11-12T09:14:46.063+0530] {processor.py:830} INFO - Processing file /home/logi/txtai/venv/lib/python3.10/site-packages/airflow/example_dags/plugins/listener_plugin.py for tasks to queue
[2025-11-12T09:14:46.066+0530] {logging_mixin.py:188} INFO - [2025-11-12T09:14:46.066+0530] {dagbag.py:545} INFO - Filling up the DagBag from /home/logi/txtai/venv/lib/python3.10/site-packages/airflow/example_dags/plugins/listener_plugin.py
[2025-11-12T09:14:46.071+0530] {processor.py:842} WARNING - No viable dags retrieved from /home/logi/txtai/venv/lib/python3.10/site-packages/airflow/example_dags/plugins/listener_plugin.py
[2025-11-12T09:14:46.093+0530] {processor.py:183} INFO - Processing /home/logi/txtai/venv/lib/python3.10/site-packages/airflow/example_dags/plugins/listener_plugin.py took 0.056 seconds
[2025-11-12T09:16:06.445+0530] {processor.py:161} INFO - Started process (PID=29021) to work on /home/logi/txtai/venv/lib/python3.10/site-packages/airflow/example_dags/plugins/listener_plugin.py
[2025-11-12T09:16:06.458+0530] {processor.py:830} INFO - Processing file /home/logi/txtai/venv/lib/python3.10/site-packages/airflow/example_dags/plugins/listener_plugin.py for tasks to queue
[2025-11-12T09:16:06.461+0530] {logging_mixin.py:188} INFO - [2025-11-12T09:16:06.461+0530] {dagbag.py:545} INFO - Filling up the DagBag from /home/logi/txtai/venv/lib/python3.10/site-packages/airflow/example_dags/plugins/listener_plugin.py
[2025-11-12T09:16:06.466+0530] {processor.py:842} WARNING - No viable dags retrieved from /home/logi/txtai/venv/lib/python3.10/site-packages/airflow/example_dags/plugins/listener_plugin.py
[2025-11-12T09:16:06.482+0530] {processor.py:183} INFO - Processing /home/logi/txtai/venv/lib/python3.10/site-packages/airflow/example_dags/plugins/listener_plugin.py took 0.048 seconds
[2025-11-12T09:16:50.621+0530] {processor.py:161} INFO - Started process (PID=29343) to work on /home/logi/txtai/venv/lib/python3.10/site-packages/airflow/example_dags/plugins/listener_plugin.py
[2025-11-12T09:16:50.634+0530] {processor.py:830} INFO - Processing file /home/logi/txtai/venv/lib/python3.10/site-packages/airflow/example_dags/plugins/listener_plugin.py for tasks to queue
[2025-11-12T09:16:50.638+0530] {logging_mixin.py:188} INFO - [2025-11-12T09:16:50.637+0530] {dagbag.py:545} INFO - Filling up the DagBag from /home/logi/txtai/venv/lib/python3.10/site-packages/airflow/example_dags/plugins/listener_plugin.py
[2025-11-12T09:16:50.643+0530] {processor.py:842} WARNING - No viable dags retrieved from /home/logi/txtai/venv/lib/python3.10/site-packages/airflow/example_dags/plugins/listener_plugin.py
[2025-11-12T09:16:50.672+0530] {processor.py:183} INFO - Processing /home/logi/txtai/venv/lib/python3.10/site-packages/airflow/example_dags/plugins/listener_plugin.py took 0.065 seconds
[2025-11-12T09:17:52.170+0530] {processor.py:161} INFO - Started process (PID=29784) to work on /home/logi/txtai/venv/lib/python3.10/site-packages/airflow/example_dags/plugins/listener_plugin.py
[2025-11-12T09:17:52.184+0530] {processor.py:830} INFO - Processing file /home/logi/txtai/venv/lib/python3.10/site-packages/airflow/example_dags/plugins/listener_plugin.py for tasks to queue
[2025-11-12T09:17:52.187+0530] {logging_mixin.py:188} INFO - [2025-11-12T09:17:52.186+0530] {dagbag.py:545} INFO - Filling up the DagBag from /home/logi/txtai/venv/lib/python3.10/site-packages/airflow/example_dags/plugins/listener_plugin.py
[2025-11-12T09:17:52.191+0530] {processor.py:842} WARNING - No viable dags retrieved from /home/logi/txtai/venv/lib/python3.10/site-packages/airflow/example_dags/plugins/listener_plugin.py
[2025-11-12T09:17:52.210+0530] {processor.py:183} INFO - Processing /home/logi/txtai/venv/lib/python3.10/site-packages/airflow/example_dags/plugins/listener_plugin.py took 0.050 seconds
