[2025-11-14T11:46:07.256+0530] {local_task_job_runner.py:120} INFO - ::group::Pre task execution logs
[2025-11-14T11:46:07.295+0530] {taskinstance.py:2076} INFO - Dependencies all met for dep_context=non-requeueable deps ti=<TaskInstance: structured_data_pipeline.extract_products scheduled__2025-11-14T06:14:00+00:00 [queued]>
[2025-11-14T11:46:07.314+0530] {taskinstance.py:2076} INFO - Dependencies all met for dep_context=requeueable deps ti=<TaskInstance: structured_data_pipeline.extract_products scheduled__2025-11-14T06:14:00+00:00 [queued]>
[2025-11-14T11:46:07.314+0530] {taskinstance.py:2306} INFO - Starting attempt 1 of 1
[2025-11-14T11:46:07.353+0530] {taskinstance.py:2330} INFO - Executing <Task(PythonOperator): extract_products> on 2025-11-14 06:14:00+00:00
[2025-11-14T11:46:07.363+0530] {standard_task_runner.py:64} INFO - Started process 28705 to run task
[2025-11-14T11:46:07.369+0530] {standard_task_runner.py:90} INFO - Running: ['airflow', 'tasks', 'run', 'structured_data_pipeline', 'extract_products', 'scheduled__2025-11-14T06:14:00+00:00', '--job-id', '613', '--raw', '--subdir', 'DAGS_FOLDER/dag.py', '--cfg-path', '/tmp/tmp7agu7pnr']
[2025-11-14T11:46:07.369+0530] {standard_task_runner.py:91} INFO - Job 613: Subtask extract_products
[2025-11-14T11:46:07.464+0530] {task_command.py:426} INFO - Running <TaskInstance: structured_data_pipeline.extract_products scheduled__2025-11-14T06:14:00+00:00 [running]> on host logi-Inspiron-15-3525
[2025-11-14T11:46:07.645+0530] {taskinstance.py:2648} INFO - Exporting env vars: AIRFLOW_CTX_DAG_OWNER='data_engineering' AIRFLOW_CTX_DAG_ID='structured_data_pipeline' AIRFLOW_CTX_TASK_ID='extract_products' AIRFLOW_CTX_EXECUTION_DATE='2025-11-14T06:14:00+00:00' AIRFLOW_CTX_TRY_NUMBER='1' AIRFLOW_CTX_DAG_RUN_ID='scheduled__2025-11-14T06:14:00+00:00'
[2025-11-14T11:46:07.646+0530] {taskinstance.py:430} INFO - ::endgroup::
[2025-11-14T11:46:07.647+0530] {tasks.py:122} INFO - Extracting data from table: products
[2025-11-14T11:46:07.677+0530] {tasks.py:132} INFO - Using postgres connector: postgres_source, found: False
[2025-11-14T11:46:07.677+0530] {tasks.py:37} INFO - Creating Airflow-managed PostgreSQL connector
[2025-11-14T11:46:07.678+0530] {factory.py:68} INFO - Created airflow_postgres connector
[2025-11-14T11:46:07.707+0530] {base.py:84} INFO - Using connection ID 'postgres_structured_source' for task execution.
[2025-11-14T11:46:07.724+0530] {postgres.py:43} INFO - Airflow Postgres connection established successfully
[2025-11-14T11:46:07.725+0530] {postgres.py:83} INFO - Airflow Postgres connection test successful
[2025-11-14T11:46:07.725+0530] {tasks.py:57} INFO - Airflow PostgreSQL connector created and registered: postgres_source
[2025-11-14T11:46:07.768+0530] {factory.py:64} INFO - Created postgres extractor
[2025-11-14T11:46:07.769+0530] {state_manager.py:38} INFO - Loaded state from /home/logi/txtai/etl_pipeline/etl_state.json
[2025-11-14T11:46:07.770+0530] {state_manager.py:79} INFO - Last extracted value for products.updated_at: None
[2025-11-14T11:46:07.770+0530] {postgres_extractor.py:145} INFO - Performing incremental date extraction from products using column updated_at
[2025-11-14T11:46:07.786+0530] {logging_mixin.py:188} WARNING - /home/logi/txtai/etl_pipeline/structure/extractor/postgres_extractor.py:188 UserWarning: pandas only supports SQLAlchemy connectable (engine/connection) or database string URI or sqlite3 DBAPI2 connection. Other DBAPI2 objects are not tested. Please consider using SQLAlchemy.
[2025-11-14T11:46:07.803+0530] {postgres_extractor.py:191} INFO - Extracted 4 rows from products (date range: None to None)
[2025-11-14T11:46:07.805+0530] {state_manager.py:100} INFO - Set last extracted value for products.updated_at: 2025-11-13T00:33:59.242802
[2025-11-14T11:46:07.805+0530] {state_manager.py:55} INFO - Saved state to /home/logi/txtai/etl_pipeline/etl_state.json
[2025-11-14T11:46:07.806+0530] {tasks.py:185} INFO - Updated date state: 2025-11-13T00:33:59.242802
[2025-11-14T11:46:07.809+0530] {tasks.py:203} INFO - Extracted 4 rows from products
[2025-11-14T11:46:07.809+0530] {python.py:237} INFO - Done. Returned value was: {'table_name': 'products', 'row_count': 4, 'data': [{'id': 1, 'name': 'laptop', 'price': 1200.0, 'stock': 10, 'created_at': '2025-11-11T23:41:51.240184', 'updated_at': '2025-11-11T23:41:51.240184'}, {'id': 2, 'name': 'mouse', 'price': 25.0, 'stock': 50, 'created_at': '2025-11-11T23:41:51.240184', 'updated_at': '2025-11-11T23:41:51.240184'}, {'id': 3, 'name': 'keyboard', 'price': 45.75, 'stock': 40, 'created_at': '2025-11-11T23:41:51.240184', 'updated_at': '2025-11-11T23:41:51.240184'}, {'id': 4, 'name': 'mobile', 'price': 56.0, 'stock': 34, 'created_at': '2025-11-13T00:33:59.242802', 'updated_at': '2025-11-13T00:33:59.242802'}], 'columns': ['id', 'name', 'price', 'stock', 'created_at', 'updated_at']}
[2025-11-14T11:46:07.810+0530] {taskinstance.py:441} INFO - ::group::Post task execution logs
[2025-11-14T11:46:07.859+0530] {taskinstance.py:1206} INFO - Marking task as SUCCESS. dag_id=structured_data_pipeline, task_id=extract_products, run_id=scheduled__2025-11-14T06:14:00+00:00, execution_date=20251114T061400, start_date=20251114T061607, end_date=20251114T061607
[2025-11-14T11:46:07.902+0530] {local_task_job_runner.py:243} INFO - Task exited with return code 0
[2025-11-14T11:46:07.954+0530] {taskinstance.py:3503} INFO - 1 downstream tasks scheduled from follow-on schedule check
[2025-11-14T11:46:07.956+0530] {local_task_job_runner.py:222} INFO - ::endgroup::
