[2025-11-12T23:54:19.784+0530] {local_task_job_runner.py:120} INFO - ::group::Pre task execution logs
[2025-11-12T23:54:19.796+0530] {taskinstance.py:2076} INFO - Dependencies all met for dep_context=non-requeueable deps ti=<TaskInstance: structured_data_pipeline.transform_orders scheduled__2025-11-12T18:23:00+00:00 [queued]>
[2025-11-12T23:54:19.801+0530] {taskinstance.py:2076} INFO - Dependencies all met for dep_context=requeueable deps ti=<TaskInstance: structured_data_pipeline.transform_orders scheduled__2025-11-12T18:23:00+00:00 [queued]>
[2025-11-12T23:54:19.801+0530] {taskinstance.py:2306} INFO - Starting attempt 1 of 1
[2025-11-12T23:54:19.811+0530] {taskinstance.py:2330} INFO - Executing <Task(PythonOperator): transform_orders> on 2025-11-12 18:23:00+00:00
[2025-11-12T23:54:19.817+0530] {standard_task_runner.py:64} INFO - Started process 45135 to run task
[2025-11-12T23:54:19.821+0530] {standard_task_runner.py:90} INFO - Running: ['airflow', 'tasks', 'run', 'structured_data_pipeline', 'transform_orders', 'scheduled__2025-11-12T18:23:00+00:00', '--job-id', '340', '--raw', '--subdir', 'DAGS_FOLDER/dag.py', '--cfg-path', '/tmp/tmpqpktqc3i']
[2025-11-12T23:54:19.822+0530] {standard_task_runner.py:91} INFO - Job 340: Subtask transform_orders
[2025-11-12T23:54:19.862+0530] {task_command.py:426} INFO - Running <TaskInstance: structured_data_pipeline.transform_orders scheduled__2025-11-12T18:23:00+00:00 [running]> on host logi-Inspiron-15-3525
[2025-11-12T23:54:19.911+0530] {taskinstance.py:2648} INFO - Exporting env vars: AIRFLOW_CTX_DAG_OWNER='data_engineering' AIRFLOW_CTX_DAG_ID='structured_data_pipeline' AIRFLOW_CTX_TASK_ID='transform_orders' AIRFLOW_CTX_EXECUTION_DATE='2025-11-12T18:23:00+00:00' AIRFLOW_CTX_TRY_NUMBER='1' AIRFLOW_CTX_DAG_RUN_ID='scheduled__2025-11-12T18:23:00+00:00'
[2025-11-12T23:54:19.912+0530] {taskinstance.py:430} INFO - ::endgroup::
[2025-11-12T23:54:19.915+0530] {tasks.py:220} INFO - Transforming data for table: orders
[2025-11-12T23:54:19.917+0530] {factory.py:60} INFO - Created json transformer
[2025-11-12T23:54:19.921+0530] {json_transformer.py:101} INFO - Transformed 3 rows to JSON format
[2025-11-12T23:54:19.921+0530] {tasks.py:245} INFO - Transformed 3 rows for orders
[2025-11-12T23:54:19.922+0530] {python.py:237} INFO - Done. Returned value was: {'table_name': 'orders', 'row_count': 3, 'data': [{'order_id': 1, 'user_id': 1, 'order_date': '2025-11-11T23:37:14.168459', 'total_amount': 100.5, 'status': 'pending'}, {'order_id': 2, 'user_id': 2, 'order_date': '2025-11-11T23:37:14.168459', 'total_amount': 200.0, 'status': 'completed'}, {'order_id': 3, 'user_id': 3, 'order_date': '2025-11-11T23:37:14.168459', 'total_amount': 150.0, 'status': 'shipped'}]}
[2025-11-12T23:54:19.922+0530] {taskinstance.py:441} INFO - ::group::Post task execution logs
[2025-11-12T23:54:19.935+0530] {taskinstance.py:1206} INFO - Marking task as SUCCESS. dag_id=structured_data_pipeline, task_id=transform_orders, run_id=scheduled__2025-11-12T18:23:00+00:00, execution_date=20251112T182300, start_date=20251112T182419, end_date=20251112T182419
[2025-11-12T23:54:19.992+0530] {local_task_job_runner.py:243} INFO - Task exited with return code 0
[2025-11-12T23:54:20.033+0530] {taskinstance.py:3503} INFO - 1 downstream tasks scheduled from follow-on schedule check
[2025-11-12T23:54:20.037+0530] {local_task_job_runner.py:222} INFO - ::endgroup::
