[2025-11-14T10:48:43.516+0530] {processor.py:161} INFO - Started process (PID=5873) to work on /home/logi/txtai/venv/lib/python3.10/site-packages/airflow/example_dags/plugins/workday.py
[2025-11-14T10:48:43.519+0530] {processor.py:830} INFO - Processing file /home/logi/txtai/venv/lib/python3.10/site-packages/airflow/example_dags/plugins/workday.py for tasks to queue
[2025-11-14T10:48:43.522+0530] {logging_mixin.py:188} INFO - [2025-11-14T10:48:43.521+0530] {dagbag.py:545} INFO - Filling up the DagBag from /home/logi/txtai/venv/lib/python3.10/site-packages/airflow/example_dags/plugins/workday.py
[2025-11-14T10:48:44.120+0530] {processor.py:842} WARNING - No viable dags retrieved from /home/logi/txtai/venv/lib/python3.10/site-packages/airflow/example_dags/plugins/workday.py
[2025-11-14T10:48:44.149+0530] {processor.py:183} INFO - Processing /home/logi/txtai/venv/lib/python3.10/site-packages/airflow/example_dags/plugins/workday.py took 0.652 seconds
[2025-11-14T10:49:14.877+0530] {processor.py:161} INFO - Started process (PID=6491) to work on /home/logi/txtai/venv/lib/python3.10/site-packages/airflow/example_dags/plugins/workday.py
[2025-11-14T10:49:14.881+0530] {processor.py:830} INFO - Processing file /home/logi/txtai/venv/lib/python3.10/site-packages/airflow/example_dags/plugins/workday.py for tasks to queue
[2025-11-14T10:49:14.889+0530] {logging_mixin.py:188} INFO - [2025-11-14T10:49:14.887+0530] {dagbag.py:545} INFO - Filling up the DagBag from /home/logi/txtai/venv/lib/python3.10/site-packages/airflow/example_dags/plugins/workday.py
[2025-11-14T10:49:15.529+0530] {processor.py:842} WARNING - No viable dags retrieved from /home/logi/txtai/venv/lib/python3.10/site-packages/airflow/example_dags/plugins/workday.py
[2025-11-14T10:49:15.599+0530] {processor.py:183} INFO - Processing /home/logi/txtai/venv/lib/python3.10/site-packages/airflow/example_dags/plugins/workday.py took 0.743 seconds
[2025-11-14T10:49:46.213+0530] {processor.py:161} INFO - Started process (PID=7124) to work on /home/logi/txtai/venv/lib/python3.10/site-packages/airflow/example_dags/plugins/workday.py
[2025-11-14T10:49:46.218+0530] {processor.py:830} INFO - Processing file /home/logi/txtai/venv/lib/python3.10/site-packages/airflow/example_dags/plugins/workday.py for tasks to queue
[2025-11-14T10:49:46.221+0530] {logging_mixin.py:188} INFO - [2025-11-14T10:49:46.220+0530] {dagbag.py:545} INFO - Filling up the DagBag from /home/logi/txtai/venv/lib/python3.10/site-packages/airflow/example_dags/plugins/workday.py
[2025-11-14T10:49:46.675+0530] {processor.py:842} WARNING - No viable dags retrieved from /home/logi/txtai/venv/lib/python3.10/site-packages/airflow/example_dags/plugins/workday.py
[2025-11-14T10:49:46.716+0530] {processor.py:183} INFO - Processing /home/logi/txtai/venv/lib/python3.10/site-packages/airflow/example_dags/plugins/workday.py took 0.529 seconds
[2025-11-14T10:50:16.851+0530] {processor.py:161} INFO - Started process (PID=7742) to work on /home/logi/txtai/venv/lib/python3.10/site-packages/airflow/example_dags/plugins/workday.py
[2025-11-14T10:50:16.853+0530] {processor.py:830} INFO - Processing file /home/logi/txtai/venv/lib/python3.10/site-packages/airflow/example_dags/plugins/workday.py for tasks to queue
[2025-11-14T10:50:16.861+0530] {logging_mixin.py:188} INFO - [2025-11-14T10:50:16.859+0530] {dagbag.py:545} INFO - Filling up the DagBag from /home/logi/txtai/venv/lib/python3.10/site-packages/airflow/example_dags/plugins/workday.py
[2025-11-14T10:50:17.287+0530] {processor.py:842} WARNING - No viable dags retrieved from /home/logi/txtai/venv/lib/python3.10/site-packages/airflow/example_dags/plugins/workday.py
[2025-11-14T10:50:17.319+0530] {processor.py:183} INFO - Processing /home/logi/txtai/venv/lib/python3.10/site-packages/airflow/example_dags/plugins/workday.py took 0.484 seconds
[2025-11-14T10:50:47.408+0530] {processor.py:161} INFO - Started process (PID=8016) to work on /home/logi/txtai/venv/lib/python3.10/site-packages/airflow/example_dags/plugins/workday.py
[2025-11-14T10:50:47.421+0530] {processor.py:830} INFO - Processing file /home/logi/txtai/venv/lib/python3.10/site-packages/airflow/example_dags/plugins/workday.py for tasks to queue
[2025-11-14T10:50:47.424+0530] {logging_mixin.py:188} INFO - [2025-11-14T10:50:47.424+0530] {dagbag.py:545} INFO - Filling up the DagBag from /home/logi/txtai/venv/lib/python3.10/site-packages/airflow/example_dags/plugins/workday.py
[2025-11-14T10:50:47.775+0530] {processor.py:842} WARNING - No viable dags retrieved from /home/logi/txtai/venv/lib/python3.10/site-packages/airflow/example_dags/plugins/workday.py
[2025-11-14T10:50:47.821+0530] {processor.py:183} INFO - Processing /home/logi/txtai/venv/lib/python3.10/site-packages/airflow/example_dags/plugins/workday.py took 0.425 seconds
[2025-11-14T10:51:18.672+0530] {processor.py:161} INFO - Started process (PID=8200) to work on /home/logi/txtai/venv/lib/python3.10/site-packages/airflow/example_dags/plugins/workday.py
[2025-11-14T10:51:18.687+0530] {processor.py:830} INFO - Processing file /home/logi/txtai/venv/lib/python3.10/site-packages/airflow/example_dags/plugins/workday.py for tasks to queue
[2025-11-14T10:51:18.689+0530] {logging_mixin.py:188} INFO - [2025-11-14T10:51:18.689+0530] {dagbag.py:545} INFO - Filling up the DagBag from /home/logi/txtai/venv/lib/python3.10/site-packages/airflow/example_dags/plugins/workday.py
[2025-11-14T10:51:19.128+0530] {processor.py:842} WARNING - No viable dags retrieved from /home/logi/txtai/venv/lib/python3.10/site-packages/airflow/example_dags/plugins/workday.py
[2025-11-14T10:51:19.162+0530] {processor.py:183} INFO - Processing /home/logi/txtai/venv/lib/python3.10/site-packages/airflow/example_dags/plugins/workday.py took 0.504 seconds
[2025-11-14T10:51:49.959+0530] {processor.py:161} INFO - Started process (PID=8354) to work on /home/logi/txtai/venv/lib/python3.10/site-packages/airflow/example_dags/plugins/workday.py
[2025-11-14T10:51:49.961+0530] {processor.py:830} INFO - Processing file /home/logi/txtai/venv/lib/python3.10/site-packages/airflow/example_dags/plugins/workday.py for tasks to queue
[2025-11-14T10:51:49.964+0530] {logging_mixin.py:188} INFO - [2025-11-14T10:51:49.964+0530] {dagbag.py:545} INFO - Filling up the DagBag from /home/logi/txtai/venv/lib/python3.10/site-packages/airflow/example_dags/plugins/workday.py
[2025-11-14T10:51:50.272+0530] {processor.py:842} WARNING - No viable dags retrieved from /home/logi/txtai/venv/lib/python3.10/site-packages/airflow/example_dags/plugins/workday.py
[2025-11-14T10:51:50.305+0530] {processor.py:183} INFO - Processing /home/logi/txtai/venv/lib/python3.10/site-packages/airflow/example_dags/plugins/workday.py took 0.360 seconds
[2025-11-14T10:52:20.651+0530] {processor.py:161} INFO - Started process (PID=8516) to work on /home/logi/txtai/venv/lib/python3.10/site-packages/airflow/example_dags/plugins/workday.py
[2025-11-14T10:52:20.670+0530] {processor.py:830} INFO - Processing file /home/logi/txtai/venv/lib/python3.10/site-packages/airflow/example_dags/plugins/workday.py for tasks to queue
[2025-11-14T10:52:20.686+0530] {logging_mixin.py:188} INFO - [2025-11-14T10:52:20.685+0530] {dagbag.py:545} INFO - Filling up the DagBag from /home/logi/txtai/venv/lib/python3.10/site-packages/airflow/example_dags/plugins/workday.py
[2025-11-14T10:52:21.491+0530] {processor.py:842} WARNING - No viable dags retrieved from /home/logi/txtai/venv/lib/python3.10/site-packages/airflow/example_dags/plugins/workday.py
[2025-11-14T10:52:21.590+0530] {processor.py:183} INFO - Processing /home/logi/txtai/venv/lib/python3.10/site-packages/airflow/example_dags/plugins/workday.py took 0.970 seconds
[2025-11-14T10:52:52.232+0530] {processor.py:161} INFO - Started process (PID=8667) to work on /home/logi/txtai/venv/lib/python3.10/site-packages/airflow/example_dags/plugins/workday.py
[2025-11-14T10:52:52.235+0530] {processor.py:830} INFO - Processing file /home/logi/txtai/venv/lib/python3.10/site-packages/airflow/example_dags/plugins/workday.py for tasks to queue
[2025-11-14T10:52:52.238+0530] {logging_mixin.py:188} INFO - [2025-11-14T10:52:52.238+0530] {dagbag.py:545} INFO - Filling up the DagBag from /home/logi/txtai/venv/lib/python3.10/site-packages/airflow/example_dags/plugins/workday.py
[2025-11-14T10:52:52.590+0530] {processor.py:842} WARNING - No viable dags retrieved from /home/logi/txtai/venv/lib/python3.10/site-packages/airflow/example_dags/plugins/workday.py
[2025-11-14T10:52:52.610+0530] {processor.py:183} INFO - Processing /home/logi/txtai/venv/lib/python3.10/site-packages/airflow/example_dags/plugins/workday.py took 0.397 seconds
[2025-11-14T10:53:22.830+0530] {processor.py:161} INFO - Started process (PID=8802) to work on /home/logi/txtai/venv/lib/python3.10/site-packages/airflow/example_dags/plugins/workday.py
[2025-11-14T10:53:22.831+0530] {processor.py:830} INFO - Processing file /home/logi/txtai/venv/lib/python3.10/site-packages/airflow/example_dags/plugins/workday.py for tasks to queue
[2025-11-14T10:53:22.833+0530] {logging_mixin.py:188} INFO - [2025-11-14T10:53:22.833+0530] {dagbag.py:545} INFO - Filling up the DagBag from /home/logi/txtai/venv/lib/python3.10/site-packages/airflow/example_dags/plugins/workday.py
[2025-11-14T10:53:23.105+0530] {processor.py:842} WARNING - No viable dags retrieved from /home/logi/txtai/venv/lib/python3.10/site-packages/airflow/example_dags/plugins/workday.py
[2025-11-14T10:53:23.135+0530] {processor.py:183} INFO - Processing /home/logi/txtai/venv/lib/python3.10/site-packages/airflow/example_dags/plugins/workday.py took 0.315 seconds
[2025-11-14T10:53:54.131+0530] {processor.py:161} INFO - Started process (PID=8966) to work on /home/logi/txtai/venv/lib/python3.10/site-packages/airflow/example_dags/plugins/workday.py
[2025-11-14T10:53:54.144+0530] {processor.py:830} INFO - Processing file /home/logi/txtai/venv/lib/python3.10/site-packages/airflow/example_dags/plugins/workday.py for tasks to queue
[2025-11-14T10:53:54.147+0530] {logging_mixin.py:188} INFO - [2025-11-14T10:53:54.146+0530] {dagbag.py:545} INFO - Filling up the DagBag from /home/logi/txtai/venv/lib/python3.10/site-packages/airflow/example_dags/plugins/workday.py
[2025-11-14T10:53:54.738+0530] {processor.py:842} WARNING - No viable dags retrieved from /home/logi/txtai/venv/lib/python3.10/site-packages/airflow/example_dags/plugins/workday.py
[2025-11-14T10:53:54.812+0530] {processor.py:183} INFO - Processing /home/logi/txtai/venv/lib/python3.10/site-packages/airflow/example_dags/plugins/workday.py took 0.698 seconds
[2025-11-14T10:54:24.977+0530] {processor.py:161} INFO - Started process (PID=9224) to work on /home/logi/txtai/venv/lib/python3.10/site-packages/airflow/example_dags/plugins/workday.py
[2025-11-14T10:54:24.979+0530] {processor.py:830} INFO - Processing file /home/logi/txtai/venv/lib/python3.10/site-packages/airflow/example_dags/plugins/workday.py for tasks to queue
[2025-11-14T10:54:24.982+0530] {logging_mixin.py:188} INFO - [2025-11-14T10:54:24.981+0530] {dagbag.py:545} INFO - Filling up the DagBag from /home/logi/txtai/venv/lib/python3.10/site-packages/airflow/example_dags/plugins/workday.py
[2025-11-14T10:54:25.459+0530] {processor.py:842} WARNING - No viable dags retrieved from /home/logi/txtai/venv/lib/python3.10/site-packages/airflow/example_dags/plugins/workday.py
[2025-11-14T10:54:25.488+0530] {processor.py:183} INFO - Processing /home/logi/txtai/venv/lib/python3.10/site-packages/airflow/example_dags/plugins/workday.py took 0.524 seconds
[2025-11-14T10:54:55.540+0530] {processor.py:161} INFO - Started process (PID=9371) to work on /home/logi/txtai/venv/lib/python3.10/site-packages/airflow/example_dags/plugins/workday.py
[2025-11-14T10:54:55.542+0530] {processor.py:830} INFO - Processing file /home/logi/txtai/venv/lib/python3.10/site-packages/airflow/example_dags/plugins/workday.py for tasks to queue
[2025-11-14T10:54:55.545+0530] {logging_mixin.py:188} INFO - [2025-11-14T10:54:55.544+0530] {dagbag.py:545} INFO - Filling up the DagBag from /home/logi/txtai/venv/lib/python3.10/site-packages/airflow/example_dags/plugins/workday.py
[2025-11-14T10:54:55.937+0530] {processor.py:842} WARNING - No viable dags retrieved from /home/logi/txtai/venv/lib/python3.10/site-packages/airflow/example_dags/plugins/workday.py
[2025-11-14T10:54:55.957+0530] {processor.py:183} INFO - Processing /home/logi/txtai/venv/lib/python3.10/site-packages/airflow/example_dags/plugins/workday.py took 0.432 seconds
[2025-11-14T10:55:26.773+0530] {processor.py:161} INFO - Started process (PID=9520) to work on /home/logi/txtai/venv/lib/python3.10/site-packages/airflow/example_dags/plugins/workday.py
[2025-11-14T10:55:26.785+0530] {processor.py:830} INFO - Processing file /home/logi/txtai/venv/lib/python3.10/site-packages/airflow/example_dags/plugins/workday.py for tasks to queue
[2025-11-14T10:55:26.788+0530] {logging_mixin.py:188} INFO - [2025-11-14T10:55:26.788+0530] {dagbag.py:545} INFO - Filling up the DagBag from /home/logi/txtai/venv/lib/python3.10/site-packages/airflow/example_dags/plugins/workday.py
[2025-11-14T10:55:27.290+0530] {processor.py:842} WARNING - No viable dags retrieved from /home/logi/txtai/venv/lib/python3.10/site-packages/airflow/example_dags/plugins/workday.py
[2025-11-14T10:55:27.315+0530] {processor.py:183} INFO - Processing /home/logi/txtai/venv/lib/python3.10/site-packages/airflow/example_dags/plugins/workday.py took 0.556 seconds
[2025-11-14T10:55:57.512+0530] {processor.py:161} INFO - Started process (PID=9652) to work on /home/logi/txtai/venv/lib/python3.10/site-packages/airflow/example_dags/plugins/workday.py
[2025-11-14T10:55:57.514+0530] {processor.py:830} INFO - Processing file /home/logi/txtai/venv/lib/python3.10/site-packages/airflow/example_dags/plugins/workday.py for tasks to queue
[2025-11-14T10:55:57.517+0530] {logging_mixin.py:188} INFO - [2025-11-14T10:55:57.516+0530] {dagbag.py:545} INFO - Filling up the DagBag from /home/logi/txtai/venv/lib/python3.10/site-packages/airflow/example_dags/plugins/workday.py
[2025-11-14T10:55:57.969+0530] {processor.py:842} WARNING - No viable dags retrieved from /home/logi/txtai/venv/lib/python3.10/site-packages/airflow/example_dags/plugins/workday.py
[2025-11-14T10:55:57.998+0530] {processor.py:183} INFO - Processing /home/logi/txtai/venv/lib/python3.10/site-packages/airflow/example_dags/plugins/workday.py took 0.503 seconds
[2025-11-14T10:56:28.437+0530] {processor.py:161} INFO - Started process (PID=9819) to work on /home/logi/txtai/venv/lib/python3.10/site-packages/airflow/example_dags/plugins/workday.py
[2025-11-14T10:56:28.442+0530] {processor.py:830} INFO - Processing file /home/logi/txtai/venv/lib/python3.10/site-packages/airflow/example_dags/plugins/workday.py for tasks to queue
[2025-11-14T10:56:28.448+0530] {logging_mixin.py:188} INFO - [2025-11-14T10:56:28.446+0530] {dagbag.py:545} INFO - Filling up the DagBag from /home/logi/txtai/venv/lib/python3.10/site-packages/airflow/example_dags/plugins/workday.py
[2025-11-14T10:56:29.360+0530] {processor.py:842} WARNING - No viable dags retrieved from /home/logi/txtai/venv/lib/python3.10/site-packages/airflow/example_dags/plugins/workday.py
[2025-11-14T10:56:29.391+0530] {processor.py:183} INFO - Processing /home/logi/txtai/venv/lib/python3.10/site-packages/airflow/example_dags/plugins/workday.py took 0.999 seconds
[2025-11-14T10:56:59.711+0530] {processor.py:161} INFO - Started process (PID=9961) to work on /home/logi/txtai/venv/lib/python3.10/site-packages/airflow/example_dags/plugins/workday.py
[2025-11-14T10:56:59.714+0530] {processor.py:830} INFO - Processing file /home/logi/txtai/venv/lib/python3.10/site-packages/airflow/example_dags/plugins/workday.py for tasks to queue
[2025-11-14T10:56:59.716+0530] {logging_mixin.py:188} INFO - [2025-11-14T10:56:59.715+0530] {dagbag.py:545} INFO - Filling up the DagBag from /home/logi/txtai/venv/lib/python3.10/site-packages/airflow/example_dags/plugins/workday.py
[2025-11-14T10:57:00.266+0530] {processor.py:842} WARNING - No viable dags retrieved from /home/logi/txtai/venv/lib/python3.10/site-packages/airflow/example_dags/plugins/workday.py
[2025-11-14T10:57:00.298+0530] {processor.py:183} INFO - Processing /home/logi/txtai/venv/lib/python3.10/site-packages/airflow/example_dags/plugins/workday.py took 0.593 seconds
[2025-11-14T10:57:31.174+0530] {processor.py:161} INFO - Started process (PID=10096) to work on /home/logi/txtai/venv/lib/python3.10/site-packages/airflow/example_dags/plugins/workday.py
[2025-11-14T10:57:31.187+0530] {processor.py:830} INFO - Processing file /home/logi/txtai/venv/lib/python3.10/site-packages/airflow/example_dags/plugins/workday.py for tasks to queue
[2025-11-14T10:57:31.190+0530] {logging_mixin.py:188} INFO - [2025-11-14T10:57:31.190+0530] {dagbag.py:545} INFO - Filling up the DagBag from /home/logi/txtai/venv/lib/python3.10/site-packages/airflow/example_dags/plugins/workday.py
[2025-11-14T10:57:31.664+0530] {processor.py:842} WARNING - No viable dags retrieved from /home/logi/txtai/venv/lib/python3.10/site-packages/airflow/example_dags/plugins/workday.py
[2025-11-14T10:57:31.692+0530] {processor.py:183} INFO - Processing /home/logi/txtai/venv/lib/python3.10/site-packages/airflow/example_dags/plugins/workday.py took 0.532 seconds
[2025-11-14T10:58:01.762+0530] {processor.py:161} INFO - Started process (PID=10232) to work on /home/logi/txtai/venv/lib/python3.10/site-packages/airflow/example_dags/plugins/workday.py
[2025-11-14T10:58:01.765+0530] {processor.py:830} INFO - Processing file /home/logi/txtai/venv/lib/python3.10/site-packages/airflow/example_dags/plugins/workday.py for tasks to queue
[2025-11-14T10:58:01.768+0530] {logging_mixin.py:188} INFO - [2025-11-14T10:58:01.767+0530] {dagbag.py:545} INFO - Filling up the DagBag from /home/logi/txtai/venv/lib/python3.10/site-packages/airflow/example_dags/plugins/workday.py
[2025-11-14T10:58:02.255+0530] {processor.py:842} WARNING - No viable dags retrieved from /home/logi/txtai/venv/lib/python3.10/site-packages/airflow/example_dags/plugins/workday.py
[2025-11-14T10:58:02.277+0530] {processor.py:183} INFO - Processing /home/logi/txtai/venv/lib/python3.10/site-packages/airflow/example_dags/plugins/workday.py took 0.522 seconds
[2025-11-14T10:58:32.490+0530] {processor.py:161} INFO - Started process (PID=10365) to work on /home/logi/txtai/venv/lib/python3.10/site-packages/airflow/example_dags/plugins/workday.py
[2025-11-14T10:58:32.492+0530] {processor.py:830} INFO - Processing file /home/logi/txtai/venv/lib/python3.10/site-packages/airflow/example_dags/plugins/workday.py for tasks to queue
[2025-11-14T10:58:32.494+0530] {logging_mixin.py:188} INFO - [2025-11-14T10:58:32.494+0530] {dagbag.py:545} INFO - Filling up the DagBag from /home/logi/txtai/venv/lib/python3.10/site-packages/airflow/example_dags/plugins/workday.py
[2025-11-14T10:58:32.934+0530] {processor.py:842} WARNING - No viable dags retrieved from /home/logi/txtai/venv/lib/python3.10/site-packages/airflow/example_dags/plugins/workday.py
[2025-11-14T10:58:32.957+0530] {processor.py:183} INFO - Processing /home/logi/txtai/venv/lib/python3.10/site-packages/airflow/example_dags/plugins/workday.py took 0.480 seconds
[2025-11-14T10:59:03.477+0530] {processor.py:161} INFO - Started process (PID=10531) to work on /home/logi/txtai/venv/lib/python3.10/site-packages/airflow/example_dags/plugins/workday.py
[2025-11-14T10:59:03.479+0530] {processor.py:830} INFO - Processing file /home/logi/txtai/venv/lib/python3.10/site-packages/airflow/example_dags/plugins/workday.py for tasks to queue
[2025-11-14T10:59:03.481+0530] {logging_mixin.py:188} INFO - [2025-11-14T10:59:03.481+0530] {dagbag.py:545} INFO - Filling up the DagBag from /home/logi/txtai/venv/lib/python3.10/site-packages/airflow/example_dags/plugins/workday.py
[2025-11-14T10:59:04.004+0530] {processor.py:842} WARNING - No viable dags retrieved from /home/logi/txtai/venv/lib/python3.10/site-packages/airflow/example_dags/plugins/workday.py
[2025-11-14T10:59:04.035+0530] {processor.py:183} INFO - Processing /home/logi/txtai/venv/lib/python3.10/site-packages/airflow/example_dags/plugins/workday.py took 0.573 seconds
[2025-11-14T10:59:34.414+0530] {processor.py:161} INFO - Started process (PID=10657) to work on /home/logi/txtai/venv/lib/python3.10/site-packages/airflow/example_dags/plugins/workday.py
[2025-11-14T10:59:34.427+0530] {processor.py:830} INFO - Processing file /home/logi/txtai/venv/lib/python3.10/site-packages/airflow/example_dags/plugins/workday.py for tasks to queue
[2025-11-14T10:59:34.431+0530] {logging_mixin.py:188} INFO - [2025-11-14T10:59:34.430+0530] {dagbag.py:545} INFO - Filling up the DagBag from /home/logi/txtai/venv/lib/python3.10/site-packages/airflow/example_dags/plugins/workday.py
[2025-11-14T10:59:34.900+0530] {processor.py:842} WARNING - No viable dags retrieved from /home/logi/txtai/venv/lib/python3.10/site-packages/airflow/example_dags/plugins/workday.py
[2025-11-14T10:59:34.928+0530] {processor.py:183} INFO - Processing /home/logi/txtai/venv/lib/python3.10/site-packages/airflow/example_dags/plugins/workday.py took 0.532 seconds
[2025-11-14T11:00:05.050+0530] {processor.py:161} INFO - Started process (PID=10793) to work on /home/logi/txtai/venv/lib/python3.10/site-packages/airflow/example_dags/plugins/workday.py
[2025-11-14T11:00:05.052+0530] {processor.py:830} INFO - Processing file /home/logi/txtai/venv/lib/python3.10/site-packages/airflow/example_dags/plugins/workday.py for tasks to queue
[2025-11-14T11:00:05.057+0530] {logging_mixin.py:188} INFO - [2025-11-14T11:00:05.056+0530] {dagbag.py:545} INFO - Filling up the DagBag from /home/logi/txtai/venv/lib/python3.10/site-packages/airflow/example_dags/plugins/workday.py
[2025-11-14T11:00:05.546+0530] {processor.py:842} WARNING - No viable dags retrieved from /home/logi/txtai/venv/lib/python3.10/site-packages/airflow/example_dags/plugins/workday.py
[2025-11-14T11:00:05.569+0530] {processor.py:183} INFO - Processing /home/logi/txtai/venv/lib/python3.10/site-packages/airflow/example_dags/plugins/workday.py took 0.530 seconds
[2025-11-14T11:00:35.704+0530] {processor.py:161} INFO - Started process (PID=10929) to work on /home/logi/txtai/venv/lib/python3.10/site-packages/airflow/example_dags/plugins/workday.py
[2025-11-14T11:00:35.706+0530] {processor.py:830} INFO - Processing file /home/logi/txtai/venv/lib/python3.10/site-packages/airflow/example_dags/plugins/workday.py for tasks to queue
[2025-11-14T11:00:35.709+0530] {logging_mixin.py:188} INFO - [2025-11-14T11:00:35.708+0530] {dagbag.py:545} INFO - Filling up the DagBag from /home/logi/txtai/venv/lib/python3.10/site-packages/airflow/example_dags/plugins/workday.py
[2025-11-14T11:00:36.149+0530] {processor.py:842} WARNING - No viable dags retrieved from /home/logi/txtai/venv/lib/python3.10/site-packages/airflow/example_dags/plugins/workday.py
[2025-11-14T11:00:36.176+0530] {processor.py:183} INFO - Processing /home/logi/txtai/venv/lib/python3.10/site-packages/airflow/example_dags/plugins/workday.py took 0.482 seconds
[2025-11-14T11:01:06.320+0530] {processor.py:161} INFO - Started process (PID=11062) to work on /home/logi/txtai/venv/lib/python3.10/site-packages/airflow/example_dags/plugins/workday.py
[2025-11-14T11:01:06.322+0530] {processor.py:830} INFO - Processing file /home/logi/txtai/venv/lib/python3.10/site-packages/airflow/example_dags/plugins/workday.py for tasks to queue
[2025-11-14T11:01:06.324+0530] {logging_mixin.py:188} INFO - [2025-11-14T11:01:06.324+0530] {dagbag.py:545} INFO - Filling up the DagBag from /home/logi/txtai/venv/lib/python3.10/site-packages/airflow/example_dags/plugins/workday.py
[2025-11-14T11:01:06.707+0530] {processor.py:842} WARNING - No viable dags retrieved from /home/logi/txtai/venv/lib/python3.10/site-packages/airflow/example_dags/plugins/workday.py
[2025-11-14T11:01:06.732+0530] {processor.py:183} INFO - Processing /home/logi/txtai/venv/lib/python3.10/site-packages/airflow/example_dags/plugins/workday.py took 0.422 seconds
[2025-11-14T11:01:37.040+0530] {processor.py:161} INFO - Started process (PID=11187) to work on /home/logi/txtai/venv/lib/python3.10/site-packages/airflow/example_dags/plugins/workday.py
[2025-11-14T11:01:37.041+0530] {processor.py:830} INFO - Processing file /home/logi/txtai/venv/lib/python3.10/site-packages/airflow/example_dags/plugins/workday.py for tasks to queue
[2025-11-14T11:01:37.042+0530] {logging_mixin.py:188} INFO - [2025-11-14T11:01:37.042+0530] {dagbag.py:545} INFO - Filling up the DagBag from /home/logi/txtai/venv/lib/python3.10/site-packages/airflow/example_dags/plugins/workday.py
[2025-11-14T11:01:37.422+0530] {processor.py:842} WARNING - No viable dags retrieved from /home/logi/txtai/venv/lib/python3.10/site-packages/airflow/example_dags/plugins/workday.py
[2025-11-14T11:01:37.446+0530] {processor.py:183} INFO - Processing /home/logi/txtai/venv/lib/python3.10/site-packages/airflow/example_dags/plugins/workday.py took 0.413 seconds
[2025-11-14T11:02:07.648+0530] {processor.py:161} INFO - Started process (PID=11321) to work on /home/logi/txtai/venv/lib/python3.10/site-packages/airflow/example_dags/plugins/workday.py
[2025-11-14T11:02:07.650+0530] {processor.py:830} INFO - Processing file /home/logi/txtai/venv/lib/python3.10/site-packages/airflow/example_dags/plugins/workday.py for tasks to queue
[2025-11-14T11:02:07.653+0530] {logging_mixin.py:188} INFO - [2025-11-14T11:02:07.652+0530] {dagbag.py:545} INFO - Filling up the DagBag from /home/logi/txtai/venv/lib/python3.10/site-packages/airflow/example_dags/plugins/workday.py
[2025-11-14T11:02:08.041+0530] {processor.py:842} WARNING - No viable dags retrieved from /home/logi/txtai/venv/lib/python3.10/site-packages/airflow/example_dags/plugins/workday.py
[2025-11-14T11:02:08.066+0530] {processor.py:183} INFO - Processing /home/logi/txtai/venv/lib/python3.10/site-packages/airflow/example_dags/plugins/workday.py took 0.428 seconds
[2025-11-14T11:02:38.293+0530] {processor.py:161} INFO - Started process (PID=11537) to work on /home/logi/txtai/venv/lib/python3.10/site-packages/airflow/example_dags/plugins/workday.py
[2025-11-14T11:02:38.300+0530] {processor.py:830} INFO - Processing file /home/logi/txtai/venv/lib/python3.10/site-packages/airflow/example_dags/plugins/workday.py for tasks to queue
[2025-11-14T11:02:38.303+0530] {logging_mixin.py:188} INFO - [2025-11-14T11:02:38.302+0530] {dagbag.py:545} INFO - Filling up the DagBag from /home/logi/txtai/venv/lib/python3.10/site-packages/airflow/example_dags/plugins/workday.py
[2025-11-14T11:02:38.815+0530] {processor.py:842} WARNING - No viable dags retrieved from /home/logi/txtai/venv/lib/python3.10/site-packages/airflow/example_dags/plugins/workday.py
[2025-11-14T11:02:38.843+0530] {processor.py:183} INFO - Processing /home/logi/txtai/venv/lib/python3.10/site-packages/airflow/example_dags/plugins/workday.py took 0.564 seconds
[2025-11-14T11:03:09.213+0530] {processor.py:161} INFO - Started process (PID=11836) to work on /home/logi/txtai/venv/lib/python3.10/site-packages/airflow/example_dags/plugins/workday.py
[2025-11-14T11:03:09.216+0530] {processor.py:830} INFO - Processing file /home/logi/txtai/venv/lib/python3.10/site-packages/airflow/example_dags/plugins/workday.py for tasks to queue
[2025-11-14T11:03:09.219+0530] {logging_mixin.py:188} INFO - [2025-11-14T11:03:09.218+0530] {dagbag.py:545} INFO - Filling up the DagBag from /home/logi/txtai/venv/lib/python3.10/site-packages/airflow/example_dags/plugins/workday.py
[2025-11-14T11:03:09.716+0530] {processor.py:842} WARNING - No viable dags retrieved from /home/logi/txtai/venv/lib/python3.10/site-packages/airflow/example_dags/plugins/workday.py
[2025-11-14T11:03:09.745+0530] {processor.py:183} INFO - Processing /home/logi/txtai/venv/lib/python3.10/site-packages/airflow/example_dags/plugins/workday.py took 0.545 seconds
[2025-11-14T11:03:39.893+0530] {processor.py:161} INFO - Started process (PID=12630) to work on /home/logi/txtai/venv/lib/python3.10/site-packages/airflow/example_dags/plugins/workday.py
[2025-11-14T11:03:39.895+0530] {processor.py:830} INFO - Processing file /home/logi/txtai/venv/lib/python3.10/site-packages/airflow/example_dags/plugins/workday.py for tasks to queue
[2025-11-14T11:03:39.897+0530] {logging_mixin.py:188} INFO - [2025-11-14T11:03:39.897+0530] {dagbag.py:545} INFO - Filling up the DagBag from /home/logi/txtai/venv/lib/python3.10/site-packages/airflow/example_dags/plugins/workday.py
[2025-11-14T11:03:40.407+0530] {processor.py:842} WARNING - No viable dags retrieved from /home/logi/txtai/venv/lib/python3.10/site-packages/airflow/example_dags/plugins/workday.py
[2025-11-14T11:03:40.437+0530] {processor.py:183} INFO - Processing /home/logi/txtai/venv/lib/python3.10/site-packages/airflow/example_dags/plugins/workday.py took 0.556 seconds
[2025-11-14T11:04:10.592+0530] {processor.py:161} INFO - Started process (PID=12764) to work on /home/logi/txtai/venv/lib/python3.10/site-packages/airflow/example_dags/plugins/workday.py
[2025-11-14T11:04:10.594+0530] {processor.py:830} INFO - Processing file /home/logi/txtai/venv/lib/python3.10/site-packages/airflow/example_dags/plugins/workday.py for tasks to queue
[2025-11-14T11:04:10.597+0530] {logging_mixin.py:188} INFO - [2025-11-14T11:04:10.596+0530] {dagbag.py:545} INFO - Filling up the DagBag from /home/logi/txtai/venv/lib/python3.10/site-packages/airflow/example_dags/plugins/workday.py
[2025-11-14T11:04:11.104+0530] {processor.py:842} WARNING - No viable dags retrieved from /home/logi/txtai/venv/lib/python3.10/site-packages/airflow/example_dags/plugins/workday.py
[2025-11-14T11:04:11.132+0530] {processor.py:183} INFO - Processing /home/logi/txtai/venv/lib/python3.10/site-packages/airflow/example_dags/plugins/workday.py took 0.554 seconds
[2025-11-14T11:04:41.412+0530] {processor.py:161} INFO - Started process (PID=12895) to work on /home/logi/txtai/venv/lib/python3.10/site-packages/airflow/example_dags/plugins/workday.py
[2025-11-14T11:04:41.426+0530] {processor.py:830} INFO - Processing file /home/logi/txtai/venv/lib/python3.10/site-packages/airflow/example_dags/plugins/workday.py for tasks to queue
[2025-11-14T11:04:41.429+0530] {logging_mixin.py:188} INFO - [2025-11-14T11:04:41.429+0530] {dagbag.py:545} INFO - Filling up the DagBag from /home/logi/txtai/venv/lib/python3.10/site-packages/airflow/example_dags/plugins/workday.py
[2025-11-14T11:04:41.937+0530] {processor.py:842} WARNING - No viable dags retrieved from /home/logi/txtai/venv/lib/python3.10/site-packages/airflow/example_dags/plugins/workday.py
[2025-11-14T11:04:41.968+0530] {processor.py:183} INFO - Processing /home/logi/txtai/venv/lib/python3.10/site-packages/airflow/example_dags/plugins/workday.py took 0.568 seconds
[2025-11-14T11:05:12.136+0530] {processor.py:161} INFO - Started process (PID=13049) to work on /home/logi/txtai/venv/lib/python3.10/site-packages/airflow/example_dags/plugins/workday.py
[2025-11-14T11:05:12.138+0530] {processor.py:830} INFO - Processing file /home/logi/txtai/venv/lib/python3.10/site-packages/airflow/example_dags/plugins/workday.py for tasks to queue
[2025-11-14T11:05:12.140+0530] {logging_mixin.py:188} INFO - [2025-11-14T11:05:12.140+0530] {dagbag.py:545} INFO - Filling up the DagBag from /home/logi/txtai/venv/lib/python3.10/site-packages/airflow/example_dags/plugins/workday.py
[2025-11-14T11:05:12.575+0530] {processor.py:842} WARNING - No viable dags retrieved from /home/logi/txtai/venv/lib/python3.10/site-packages/airflow/example_dags/plugins/workday.py
[2025-11-14T11:05:12.603+0530] {processor.py:183} INFO - Processing /home/logi/txtai/venv/lib/python3.10/site-packages/airflow/example_dags/plugins/workday.py took 0.480 seconds
[2025-11-14T11:05:42.687+0530] {processor.py:161} INFO - Started process (PID=13177) to work on /home/logi/txtai/venv/lib/python3.10/site-packages/airflow/example_dags/plugins/workday.py
[2025-11-14T11:05:42.688+0530] {processor.py:830} INFO - Processing file /home/logi/txtai/venv/lib/python3.10/site-packages/airflow/example_dags/plugins/workday.py for tasks to queue
[2025-11-14T11:05:42.692+0530] {logging_mixin.py:188} INFO - [2025-11-14T11:05:42.690+0530] {dagbag.py:545} INFO - Filling up the DagBag from /home/logi/txtai/venv/lib/python3.10/site-packages/airflow/example_dags/plugins/workday.py
[2025-11-14T11:05:43.185+0530] {processor.py:842} WARNING - No viable dags retrieved from /home/logi/txtai/venv/lib/python3.10/site-packages/airflow/example_dags/plugins/workday.py
[2025-11-14T11:05:43.215+0530] {processor.py:183} INFO - Processing /home/logi/txtai/venv/lib/python3.10/site-packages/airflow/example_dags/plugins/workday.py took 0.544 seconds
[2025-11-14T11:06:13.440+0530] {processor.py:161} INFO - Started process (PID=13311) to work on /home/logi/txtai/venv/lib/python3.10/site-packages/airflow/example_dags/plugins/workday.py
[2025-11-14T11:06:13.442+0530] {processor.py:830} INFO - Processing file /home/logi/txtai/venv/lib/python3.10/site-packages/airflow/example_dags/plugins/workday.py for tasks to queue
[2025-11-14T11:06:13.445+0530] {logging_mixin.py:188} INFO - [2025-11-14T11:06:13.445+0530] {dagbag.py:545} INFO - Filling up the DagBag from /home/logi/txtai/venv/lib/python3.10/site-packages/airflow/example_dags/plugins/workday.py
[2025-11-14T11:06:13.960+0530] {processor.py:842} WARNING - No viable dags retrieved from /home/logi/txtai/venv/lib/python3.10/site-packages/airflow/example_dags/plugins/workday.py
[2025-11-14T11:06:13.985+0530] {processor.py:183} INFO - Processing /home/logi/txtai/venv/lib/python3.10/site-packages/airflow/example_dags/plugins/workday.py took 0.557 seconds
[2025-11-14T11:06:44.704+0530] {processor.py:161} INFO - Started process (PID=13443) to work on /home/logi/txtai/venv/lib/python3.10/site-packages/airflow/example_dags/plugins/workday.py
[2025-11-14T11:06:44.717+0530] {processor.py:830} INFO - Processing file /home/logi/txtai/venv/lib/python3.10/site-packages/airflow/example_dags/plugins/workday.py for tasks to queue
[2025-11-14T11:06:44.720+0530] {logging_mixin.py:188} INFO - [2025-11-14T11:06:44.719+0530] {dagbag.py:545} INFO - Filling up the DagBag from /home/logi/txtai/venv/lib/python3.10/site-packages/airflow/example_dags/plugins/workday.py
[2025-11-14T11:06:45.097+0530] {processor.py:842} WARNING - No viable dags retrieved from /home/logi/txtai/venv/lib/python3.10/site-packages/airflow/example_dags/plugins/workday.py
[2025-11-14T11:06:45.127+0530] {processor.py:183} INFO - Processing /home/logi/txtai/venv/lib/python3.10/site-packages/airflow/example_dags/plugins/workday.py took 0.434 seconds
[2025-11-14T11:07:15.477+0530] {processor.py:161} INFO - Started process (PID=13627) to work on /home/logi/txtai/venv/lib/python3.10/site-packages/airflow/example_dags/plugins/workday.py
[2025-11-14T11:07:15.487+0530] {processor.py:830} INFO - Processing file /home/logi/txtai/venv/lib/python3.10/site-packages/airflow/example_dags/plugins/workday.py for tasks to queue
[2025-11-14T11:07:15.490+0530] {logging_mixin.py:188} INFO - [2025-11-14T11:07:15.490+0530] {dagbag.py:545} INFO - Filling up the DagBag from /home/logi/txtai/venv/lib/python3.10/site-packages/airflow/example_dags/plugins/workday.py
[2025-11-14T11:07:15.932+0530] {processor.py:842} WARNING - No viable dags retrieved from /home/logi/txtai/venv/lib/python3.10/site-packages/airflow/example_dags/plugins/workday.py
[2025-11-14T11:07:15.962+0530] {processor.py:183} INFO - Processing /home/logi/txtai/venv/lib/python3.10/site-packages/airflow/example_dags/plugins/workday.py took 0.496 seconds
[2025-11-14T11:07:46.153+0530] {processor.py:161} INFO - Started process (PID=13864) to work on /home/logi/txtai/venv/lib/python3.10/site-packages/airflow/example_dags/plugins/workday.py
[2025-11-14T11:07:46.166+0530] {processor.py:830} INFO - Processing file /home/logi/txtai/venv/lib/python3.10/site-packages/airflow/example_dags/plugins/workday.py for tasks to queue
[2025-11-14T11:07:46.170+0530] {logging_mixin.py:188} INFO - [2025-11-14T11:07:46.169+0530] {dagbag.py:545} INFO - Filling up the DagBag from /home/logi/txtai/venv/lib/python3.10/site-packages/airflow/example_dags/plugins/workday.py
[2025-11-14T11:07:46.657+0530] {processor.py:842} WARNING - No viable dags retrieved from /home/logi/txtai/venv/lib/python3.10/site-packages/airflow/example_dags/plugins/workday.py
[2025-11-14T11:07:46.686+0530] {processor.py:183} INFO - Processing /home/logi/txtai/venv/lib/python3.10/site-packages/airflow/example_dags/plugins/workday.py took 0.545 seconds
[2025-11-14T11:08:16.956+0530] {processor.py:161} INFO - Started process (PID=14471) to work on /home/logi/txtai/venv/lib/python3.10/site-packages/airflow/example_dags/plugins/workday.py
[2025-11-14T11:08:16.959+0530] {processor.py:830} INFO - Processing file /home/logi/txtai/venv/lib/python3.10/site-packages/airflow/example_dags/plugins/workday.py for tasks to queue
[2025-11-14T11:08:16.962+0530] {logging_mixin.py:188} INFO - [2025-11-14T11:08:16.961+0530] {dagbag.py:545} INFO - Filling up the DagBag from /home/logi/txtai/venv/lib/python3.10/site-packages/airflow/example_dags/plugins/workday.py
[2025-11-14T11:08:17.407+0530] {processor.py:842} WARNING - No viable dags retrieved from /home/logi/txtai/venv/lib/python3.10/site-packages/airflow/example_dags/plugins/workday.py
[2025-11-14T11:08:17.431+0530] {processor.py:183} INFO - Processing /home/logi/txtai/venv/lib/python3.10/site-packages/airflow/example_dags/plugins/workday.py took 0.487 seconds
[2025-11-14T11:08:47.580+0530] {processor.py:161} INFO - Started process (PID=14633) to work on /home/logi/txtai/venv/lib/python3.10/site-packages/airflow/example_dags/plugins/workday.py
[2025-11-14T11:08:47.582+0530] {processor.py:830} INFO - Processing file /home/logi/txtai/venv/lib/python3.10/site-packages/airflow/example_dags/plugins/workday.py for tasks to queue
[2025-11-14T11:08:47.585+0530] {logging_mixin.py:188} INFO - [2025-11-14T11:08:47.585+0530] {dagbag.py:545} INFO - Filling up the DagBag from /home/logi/txtai/venv/lib/python3.10/site-packages/airflow/example_dags/plugins/workday.py
[2025-11-14T11:08:48.160+0530] {processor.py:842} WARNING - No viable dags retrieved from /home/logi/txtai/venv/lib/python3.10/site-packages/airflow/example_dags/plugins/workday.py
[2025-11-14T11:08:48.184+0530] {processor.py:183} INFO - Processing /home/logi/txtai/venv/lib/python3.10/site-packages/airflow/example_dags/plugins/workday.py took 0.616 seconds
[2025-11-14T11:09:18.355+0530] {processor.py:161} INFO - Started process (PID=14771) to work on /home/logi/txtai/venv/lib/python3.10/site-packages/airflow/example_dags/plugins/workday.py
[2025-11-14T11:09:18.357+0530] {processor.py:830} INFO - Processing file /home/logi/txtai/venv/lib/python3.10/site-packages/airflow/example_dags/plugins/workday.py for tasks to queue
[2025-11-14T11:09:18.360+0530] {logging_mixin.py:188} INFO - [2025-11-14T11:09:18.360+0530] {dagbag.py:545} INFO - Filling up the DagBag from /home/logi/txtai/venv/lib/python3.10/site-packages/airflow/example_dags/plugins/workday.py
[2025-11-14T11:09:18.796+0530] {processor.py:842} WARNING - No viable dags retrieved from /home/logi/txtai/venv/lib/python3.10/site-packages/airflow/example_dags/plugins/workday.py
[2025-11-14T11:09:18.822+0530] {processor.py:183} INFO - Processing /home/logi/txtai/venv/lib/python3.10/site-packages/airflow/example_dags/plugins/workday.py took 0.478 seconds
[2025-11-14T11:09:49.824+0530] {processor.py:161} INFO - Started process (PID=14900) to work on /home/logi/txtai/venv/lib/python3.10/site-packages/airflow/example_dags/plugins/workday.py
[2025-11-14T11:09:49.838+0530] {processor.py:830} INFO - Processing file /home/logi/txtai/venv/lib/python3.10/site-packages/airflow/example_dags/plugins/workday.py for tasks to queue
[2025-11-14T11:09:49.845+0530] {logging_mixin.py:188} INFO - [2025-11-14T11:09:49.844+0530] {dagbag.py:545} INFO - Filling up the DagBag from /home/logi/txtai/venv/lib/python3.10/site-packages/airflow/example_dags/plugins/workday.py
[2025-11-14T11:09:50.281+0530] {processor.py:842} WARNING - No viable dags retrieved from /home/logi/txtai/venv/lib/python3.10/site-packages/airflow/example_dags/plugins/workday.py
[2025-11-14T11:09:50.306+0530] {processor.py:183} INFO - Processing /home/logi/txtai/venv/lib/python3.10/site-packages/airflow/example_dags/plugins/workday.py took 0.506 seconds
[2025-11-14T11:10:20.666+0530] {processor.py:161} INFO - Started process (PID=15081) to work on /home/logi/txtai/venv/lib/python3.10/site-packages/airflow/example_dags/plugins/workday.py
[2025-11-14T11:10:20.680+0530] {processor.py:830} INFO - Processing file /home/logi/txtai/venv/lib/python3.10/site-packages/airflow/example_dags/plugins/workday.py for tasks to queue
[2025-11-14T11:10:20.682+0530] {logging_mixin.py:188} INFO - [2025-11-14T11:10:20.682+0530] {dagbag.py:545} INFO - Filling up the DagBag from /home/logi/txtai/venv/lib/python3.10/site-packages/airflow/example_dags/plugins/workday.py
[2025-11-14T11:10:21.077+0530] {processor.py:842} WARNING - No viable dags retrieved from /home/logi/txtai/venv/lib/python3.10/site-packages/airflow/example_dags/plugins/workday.py
[2025-11-14T11:10:21.102+0530] {processor.py:183} INFO - Processing /home/logi/txtai/venv/lib/python3.10/site-packages/airflow/example_dags/plugins/workday.py took 0.447 seconds
[2025-11-14T11:10:51.351+0530] {processor.py:161} INFO - Started process (PID=15360) to work on /home/logi/txtai/venv/lib/python3.10/site-packages/airflow/example_dags/plugins/workday.py
[2025-11-14T11:10:51.353+0530] {processor.py:830} INFO - Processing file /home/logi/txtai/venv/lib/python3.10/site-packages/airflow/example_dags/plugins/workday.py for tasks to queue
[2025-11-14T11:10:51.356+0530] {logging_mixin.py:188} INFO - [2025-11-14T11:10:51.356+0530] {dagbag.py:545} INFO - Filling up the DagBag from /home/logi/txtai/venv/lib/python3.10/site-packages/airflow/example_dags/plugins/workday.py
[2025-11-14T11:10:51.829+0530] {processor.py:842} WARNING - No viable dags retrieved from /home/logi/txtai/venv/lib/python3.10/site-packages/airflow/example_dags/plugins/workday.py
[2025-11-14T11:10:51.858+0530] {processor.py:183} INFO - Processing /home/logi/txtai/venv/lib/python3.10/site-packages/airflow/example_dags/plugins/workday.py took 0.518 seconds
[2025-11-14T11:11:22.030+0530] {processor.py:161} INFO - Started process (PID=15555) to work on /home/logi/txtai/venv/lib/python3.10/site-packages/airflow/example_dags/plugins/workday.py
[2025-11-14T11:11:22.032+0530] {processor.py:830} INFO - Processing file /home/logi/txtai/venv/lib/python3.10/site-packages/airflow/example_dags/plugins/workday.py for tasks to queue
[2025-11-14T11:11:22.035+0530] {logging_mixin.py:188} INFO - [2025-11-14T11:11:22.035+0530] {dagbag.py:545} INFO - Filling up the DagBag from /home/logi/txtai/venv/lib/python3.10/site-packages/airflow/example_dags/plugins/workday.py
[2025-11-14T11:11:22.431+0530] {processor.py:842} WARNING - No viable dags retrieved from /home/logi/txtai/venv/lib/python3.10/site-packages/airflow/example_dags/plugins/workday.py
[2025-11-14T11:11:22.450+0530] {processor.py:183} INFO - Processing /home/logi/txtai/venv/lib/python3.10/site-packages/airflow/example_dags/plugins/workday.py took 0.432 seconds
[2025-11-14T11:11:53.149+0530] {processor.py:161} INFO - Started process (PID=15714) to work on /home/logi/txtai/venv/lib/python3.10/site-packages/airflow/example_dags/plugins/workday.py
[2025-11-14T11:11:53.151+0530] {processor.py:830} INFO - Processing file /home/logi/txtai/venv/lib/python3.10/site-packages/airflow/example_dags/plugins/workday.py for tasks to queue
[2025-11-14T11:11:53.154+0530] {logging_mixin.py:188} INFO - [2025-11-14T11:11:53.153+0530] {dagbag.py:545} INFO - Filling up the DagBag from /home/logi/txtai/venv/lib/python3.10/site-packages/airflow/example_dags/plugins/workday.py
[2025-11-14T11:11:53.539+0530] {processor.py:842} WARNING - No viable dags retrieved from /home/logi/txtai/venv/lib/python3.10/site-packages/airflow/example_dags/plugins/workday.py
[2025-11-14T11:11:53.564+0530] {processor.py:183} INFO - Processing /home/logi/txtai/venv/lib/python3.10/site-packages/airflow/example_dags/plugins/workday.py took 0.427 seconds
[2025-11-14T11:12:23.716+0530] {processor.py:161} INFO - Started process (PID=15919) to work on /home/logi/txtai/venv/lib/python3.10/site-packages/airflow/example_dags/plugins/workday.py
[2025-11-14T11:12:23.718+0530] {processor.py:830} INFO - Processing file /home/logi/txtai/venv/lib/python3.10/site-packages/airflow/example_dags/plugins/workday.py for tasks to queue
[2025-11-14T11:12:23.720+0530] {logging_mixin.py:188} INFO - [2025-11-14T11:12:23.720+0530] {dagbag.py:545} INFO - Filling up the DagBag from /home/logi/txtai/venv/lib/python3.10/site-packages/airflow/example_dags/plugins/workday.py
[2025-11-14T11:12:24.043+0530] {processor.py:842} WARNING - No viable dags retrieved from /home/logi/txtai/venv/lib/python3.10/site-packages/airflow/example_dags/plugins/workday.py
[2025-11-14T11:12:24.062+0530] {processor.py:183} INFO - Processing /home/logi/txtai/venv/lib/python3.10/site-packages/airflow/example_dags/plugins/workday.py took 0.357 seconds
[2025-11-14T11:12:54.266+0530] {processor.py:161} INFO - Started process (PID=16122) to work on /home/logi/txtai/venv/lib/python3.10/site-packages/airflow/example_dags/plugins/workday.py
[2025-11-14T11:12:54.268+0530] {processor.py:830} INFO - Processing file /home/logi/txtai/venv/lib/python3.10/site-packages/airflow/example_dags/plugins/workday.py for tasks to queue
[2025-11-14T11:12:54.270+0530] {logging_mixin.py:188} INFO - [2025-11-14T11:12:54.270+0530] {dagbag.py:545} INFO - Filling up the DagBag from /home/logi/txtai/venv/lib/python3.10/site-packages/airflow/example_dags/plugins/workday.py
[2025-11-14T11:12:54.604+0530] {processor.py:842} WARNING - No viable dags retrieved from /home/logi/txtai/venv/lib/python3.10/site-packages/airflow/example_dags/plugins/workday.py
[2025-11-14T11:12:54.629+0530] {processor.py:183} INFO - Processing /home/logi/txtai/venv/lib/python3.10/site-packages/airflow/example_dags/plugins/workday.py took 0.374 seconds
[2025-11-14T11:13:24.708+0530] {processor.py:161} INFO - Started process (PID=16352) to work on /home/logi/txtai/venv/lib/python3.10/site-packages/airflow/example_dags/plugins/workday.py
[2025-11-14T11:13:24.710+0530] {processor.py:830} INFO - Processing file /home/logi/txtai/venv/lib/python3.10/site-packages/airflow/example_dags/plugins/workday.py for tasks to queue
[2025-11-14T11:13:24.712+0530] {logging_mixin.py:188} INFO - [2025-11-14T11:13:24.711+0530] {dagbag.py:545} INFO - Filling up the DagBag from /home/logi/txtai/venv/lib/python3.10/site-packages/airflow/example_dags/plugins/workday.py
[2025-11-14T11:13:25.491+0530] {processor.py:842} WARNING - No viable dags retrieved from /home/logi/txtai/venv/lib/python3.10/site-packages/airflow/example_dags/plugins/workday.py
[2025-11-14T11:13:25.528+0530] {processor.py:183} INFO - Processing /home/logi/txtai/venv/lib/python3.10/site-packages/airflow/example_dags/plugins/workday.py took 0.827 seconds
[2025-11-14T11:13:56.199+0530] {processor.py:161} INFO - Started process (PID=16603) to work on /home/logi/txtai/venv/lib/python3.10/site-packages/airflow/example_dags/plugins/workday.py
[2025-11-14T11:13:56.215+0530] {processor.py:830} INFO - Processing file /home/logi/txtai/venv/lib/python3.10/site-packages/airflow/example_dags/plugins/workday.py for tasks to queue
[2025-11-14T11:13:56.221+0530] {logging_mixin.py:188} INFO - [2025-11-14T11:13:56.221+0530] {dagbag.py:545} INFO - Filling up the DagBag from /home/logi/txtai/venv/lib/python3.10/site-packages/airflow/example_dags/plugins/workday.py
[2025-11-14T11:13:56.781+0530] {processor.py:842} WARNING - No viable dags retrieved from /home/logi/txtai/venv/lib/python3.10/site-packages/airflow/example_dags/plugins/workday.py
[2025-11-14T11:13:56.806+0530] {processor.py:183} INFO - Processing /home/logi/txtai/venv/lib/python3.10/site-packages/airflow/example_dags/plugins/workday.py took 0.637 seconds
[2025-11-14T11:14:26.941+0530] {processor.py:161} INFO - Started process (PID=16899) to work on /home/logi/txtai/venv/lib/python3.10/site-packages/airflow/example_dags/plugins/workday.py
[2025-11-14T11:14:26.955+0530] {processor.py:830} INFO - Processing file /home/logi/txtai/venv/lib/python3.10/site-packages/airflow/example_dags/plugins/workday.py for tasks to queue
[2025-11-14T11:14:26.959+0530] {logging_mixin.py:188} INFO - [2025-11-14T11:14:26.959+0530] {dagbag.py:545} INFO - Filling up the DagBag from /home/logi/txtai/venv/lib/python3.10/site-packages/airflow/example_dags/plugins/workday.py
[2025-11-14T11:14:27.407+0530] {processor.py:842} WARNING - No viable dags retrieved from /home/logi/txtai/venv/lib/python3.10/site-packages/airflow/example_dags/plugins/workday.py
[2025-11-14T11:14:27.430+0530] {processor.py:183} INFO - Processing /home/logi/txtai/venv/lib/python3.10/site-packages/airflow/example_dags/plugins/workday.py took 0.510 seconds
[2025-11-14T11:14:57.719+0530] {processor.py:161} INFO - Started process (PID=17101) to work on /home/logi/txtai/venv/lib/python3.10/site-packages/airflow/example_dags/plugins/workday.py
[2025-11-14T11:14:57.732+0530] {processor.py:830} INFO - Processing file /home/logi/txtai/venv/lib/python3.10/site-packages/airflow/example_dags/plugins/workday.py for tasks to queue
[2025-11-14T11:14:57.735+0530] {logging_mixin.py:188} INFO - [2025-11-14T11:14:57.735+0530] {dagbag.py:545} INFO - Filling up the DagBag from /home/logi/txtai/venv/lib/python3.10/site-packages/airflow/example_dags/plugins/workday.py
[2025-11-14T11:14:58.174+0530] {processor.py:842} WARNING - No viable dags retrieved from /home/logi/txtai/venv/lib/python3.10/site-packages/airflow/example_dags/plugins/workday.py
[2025-11-14T11:14:58.203+0530] {processor.py:183} INFO - Processing /home/logi/txtai/venv/lib/python3.10/site-packages/airflow/example_dags/plugins/workday.py took 0.496 seconds
[2025-11-14T11:15:28.265+0530] {processor.py:161} INFO - Started process (PID=17234) to work on /home/logi/txtai/venv/lib/python3.10/site-packages/airflow/example_dags/plugins/workday.py
[2025-11-14T11:15:28.278+0530] {processor.py:830} INFO - Processing file /home/logi/txtai/venv/lib/python3.10/site-packages/airflow/example_dags/plugins/workday.py for tasks to queue
[2025-11-14T11:15:28.281+0530] {logging_mixin.py:188} INFO - [2025-11-14T11:15:28.281+0530] {dagbag.py:545} INFO - Filling up the DagBag from /home/logi/txtai/venv/lib/python3.10/site-packages/airflow/example_dags/plugins/workday.py
[2025-11-14T11:15:28.672+0530] {processor.py:842} WARNING - No viable dags retrieved from /home/logi/txtai/venv/lib/python3.10/site-packages/airflow/example_dags/plugins/workday.py
[2025-11-14T11:15:28.701+0530] {processor.py:183} INFO - Processing /home/logi/txtai/venv/lib/python3.10/site-packages/airflow/example_dags/plugins/workday.py took 0.448 seconds
[2025-11-14T11:15:58.783+0530] {processor.py:161} INFO - Started process (PID=17379) to work on /home/logi/txtai/venv/lib/python3.10/site-packages/airflow/example_dags/plugins/workday.py
[2025-11-14T11:15:58.785+0530] {processor.py:830} INFO - Processing file /home/logi/txtai/venv/lib/python3.10/site-packages/airflow/example_dags/plugins/workday.py for tasks to queue
[2025-11-14T11:15:58.788+0530] {logging_mixin.py:188} INFO - [2025-11-14T11:15:58.788+0530] {dagbag.py:545} INFO - Filling up the DagBag from /home/logi/txtai/venv/lib/python3.10/site-packages/airflow/example_dags/plugins/workday.py
[2025-11-14T11:15:59.307+0530] {processor.py:842} WARNING - No viable dags retrieved from /home/logi/txtai/venv/lib/python3.10/site-packages/airflow/example_dags/plugins/workday.py
[2025-11-14T11:15:59.334+0530] {processor.py:183} INFO - Processing /home/logi/txtai/venv/lib/python3.10/site-packages/airflow/example_dags/plugins/workday.py took 0.563 seconds
[2025-11-14T11:16:30.013+0530] {processor.py:161} INFO - Started process (PID=17589) to work on /home/logi/txtai/venv/lib/python3.10/site-packages/airflow/example_dags/plugins/workday.py
[2025-11-14T11:16:30.015+0530] {processor.py:830} INFO - Processing file /home/logi/txtai/venv/lib/python3.10/site-packages/airflow/example_dags/plugins/workday.py for tasks to queue
[2025-11-14T11:16:30.018+0530] {logging_mixin.py:188} INFO - [2025-11-14T11:16:30.017+0530] {dagbag.py:545} INFO - Filling up the DagBag from /home/logi/txtai/venv/lib/python3.10/site-packages/airflow/example_dags/plugins/workday.py
[2025-11-14T11:16:30.381+0530] {processor.py:842} WARNING - No viable dags retrieved from /home/logi/txtai/venv/lib/python3.10/site-packages/airflow/example_dags/plugins/workday.py
[2025-11-14T11:16:30.403+0530] {processor.py:183} INFO - Processing /home/logi/txtai/venv/lib/python3.10/site-packages/airflow/example_dags/plugins/workday.py took 0.402 seconds
[2025-11-14T11:17:00.628+0530] {processor.py:161} INFO - Started process (PID=17740) to work on /home/logi/txtai/venv/lib/python3.10/site-packages/airflow/example_dags/plugins/workday.py
[2025-11-14T11:17:00.641+0530] {processor.py:830} INFO - Processing file /home/logi/txtai/venv/lib/python3.10/site-packages/airflow/example_dags/plugins/workday.py for tasks to queue
[2025-11-14T11:17:00.644+0530] {logging_mixin.py:188} INFO - [2025-11-14T11:17:00.644+0530] {dagbag.py:545} INFO - Filling up the DagBag from /home/logi/txtai/venv/lib/python3.10/site-packages/airflow/example_dags/plugins/workday.py
[2025-11-14T11:17:01.190+0530] {processor.py:842} WARNING - No viable dags retrieved from /home/logi/txtai/venv/lib/python3.10/site-packages/airflow/example_dags/plugins/workday.py
[2025-11-14T11:17:01.219+0530] {processor.py:183} INFO - Processing /home/logi/txtai/venv/lib/python3.10/site-packages/airflow/example_dags/plugins/workday.py took 0.604 seconds
[2025-11-14T11:17:31.279+0530] {processor.py:161} INFO - Started process (PID=17906) to work on /home/logi/txtai/venv/lib/python3.10/site-packages/airflow/example_dags/plugins/workday.py
[2025-11-14T11:17:31.295+0530] {processor.py:830} INFO - Processing file /home/logi/txtai/venv/lib/python3.10/site-packages/airflow/example_dags/plugins/workday.py for tasks to queue
[2025-11-14T11:17:31.298+0530] {logging_mixin.py:188} INFO - [2025-11-14T11:17:31.297+0530] {dagbag.py:545} INFO - Filling up the DagBag from /home/logi/txtai/venv/lib/python3.10/site-packages/airflow/example_dags/plugins/workday.py
[2025-11-14T11:17:31.754+0530] {processor.py:842} WARNING - No viable dags retrieved from /home/logi/txtai/venv/lib/python3.10/site-packages/airflow/example_dags/plugins/workday.py
[2025-11-14T11:17:31.790+0530] {processor.py:183} INFO - Processing /home/logi/txtai/venv/lib/python3.10/site-packages/airflow/example_dags/plugins/workday.py took 0.525 seconds
[2025-11-14T11:18:01.946+0530] {processor.py:161} INFO - Started process (PID=18077) to work on /home/logi/txtai/venv/lib/python3.10/site-packages/airflow/example_dags/plugins/workday.py
[2025-11-14T11:18:01.959+0530] {processor.py:830} INFO - Processing file /home/logi/txtai/venv/lib/python3.10/site-packages/airflow/example_dags/plugins/workday.py for tasks to queue
[2025-11-14T11:18:01.963+0530] {logging_mixin.py:188} INFO - [2025-11-14T11:18:01.962+0530] {dagbag.py:545} INFO - Filling up the DagBag from /home/logi/txtai/venv/lib/python3.10/site-packages/airflow/example_dags/plugins/workday.py
[2025-11-14T11:18:02.438+0530] {processor.py:842} WARNING - No viable dags retrieved from /home/logi/txtai/venv/lib/python3.10/site-packages/airflow/example_dags/plugins/workday.py
[2025-11-14T11:18:02.466+0530] {processor.py:183} INFO - Processing /home/logi/txtai/venv/lib/python3.10/site-packages/airflow/example_dags/plugins/workday.py took 0.531 seconds
[2025-11-14T11:18:32.694+0530] {processor.py:161} INFO - Started process (PID=18248) to work on /home/logi/txtai/venv/lib/python3.10/site-packages/airflow/example_dags/plugins/workday.py
[2025-11-14T11:18:32.707+0530] {processor.py:830} INFO - Processing file /home/logi/txtai/venv/lib/python3.10/site-packages/airflow/example_dags/plugins/workday.py for tasks to queue
[2025-11-14T11:18:32.710+0530] {logging_mixin.py:188} INFO - [2025-11-14T11:18:32.710+0530] {dagbag.py:545} INFO - Filling up the DagBag from /home/logi/txtai/venv/lib/python3.10/site-packages/airflow/example_dags/plugins/workday.py
[2025-11-14T11:18:33.171+0530] {processor.py:842} WARNING - No viable dags retrieved from /home/logi/txtai/venv/lib/python3.10/site-packages/airflow/example_dags/plugins/workday.py
[2025-11-14T11:18:33.200+0530] {processor.py:183} INFO - Processing /home/logi/txtai/venv/lib/python3.10/site-packages/airflow/example_dags/plugins/workday.py took 0.518 seconds
[2025-11-14T11:19:03.416+0530] {processor.py:161} INFO - Started process (PID=18422) to work on /home/logi/txtai/venv/lib/python3.10/site-packages/airflow/example_dags/plugins/workday.py
[2025-11-14T11:19:03.430+0530] {processor.py:830} INFO - Processing file /home/logi/txtai/venv/lib/python3.10/site-packages/airflow/example_dags/plugins/workday.py for tasks to queue
[2025-11-14T11:19:03.433+0530] {logging_mixin.py:188} INFO - [2025-11-14T11:19:03.433+0530] {dagbag.py:545} INFO - Filling up the DagBag from /home/logi/txtai/venv/lib/python3.10/site-packages/airflow/example_dags/plugins/workday.py
[2025-11-14T11:19:03.911+0530] {processor.py:842} WARNING - No viable dags retrieved from /home/logi/txtai/venv/lib/python3.10/site-packages/airflow/example_dags/plugins/workday.py
[2025-11-14T11:19:03.937+0530] {processor.py:183} INFO - Processing /home/logi/txtai/venv/lib/python3.10/site-packages/airflow/example_dags/plugins/workday.py took 0.539 seconds
[2025-11-14T11:19:34.529+0530] {processor.py:161} INFO - Started process (PID=18593) to work on /home/logi/txtai/venv/lib/python3.10/site-packages/airflow/example_dags/plugins/workday.py
[2025-11-14T11:19:34.542+0530] {processor.py:830} INFO - Processing file /home/logi/txtai/venv/lib/python3.10/site-packages/airflow/example_dags/plugins/workday.py for tasks to queue
[2025-11-14T11:19:34.545+0530] {logging_mixin.py:188} INFO - [2025-11-14T11:19:34.545+0530] {dagbag.py:545} INFO - Filling up the DagBag from /home/logi/txtai/venv/lib/python3.10/site-packages/airflow/example_dags/plugins/workday.py
[2025-11-14T11:19:35.005+0530] {processor.py:842} WARNING - No viable dags retrieved from /home/logi/txtai/venv/lib/python3.10/site-packages/airflow/example_dags/plugins/workday.py
[2025-11-14T11:19:35.032+0530] {processor.py:183} INFO - Processing /home/logi/txtai/venv/lib/python3.10/site-packages/airflow/example_dags/plugins/workday.py took 0.515 seconds
[2025-11-14T11:20:05.771+0530] {processor.py:161} INFO - Started process (PID=18765) to work on /home/logi/txtai/venv/lib/python3.10/site-packages/airflow/example_dags/plugins/workday.py
[2025-11-14T11:20:05.784+0530] {processor.py:830} INFO - Processing file /home/logi/txtai/venv/lib/python3.10/site-packages/airflow/example_dags/plugins/workday.py for tasks to queue
[2025-11-14T11:20:05.787+0530] {logging_mixin.py:188} INFO - [2025-11-14T11:20:05.787+0530] {dagbag.py:545} INFO - Filling up the DagBag from /home/logi/txtai/venv/lib/python3.10/site-packages/airflow/example_dags/plugins/workday.py
[2025-11-14T11:20:06.246+0530] {processor.py:842} WARNING - No viable dags retrieved from /home/logi/txtai/venv/lib/python3.10/site-packages/airflow/example_dags/plugins/workday.py
[2025-11-14T11:20:06.278+0530] {processor.py:183} INFO - Processing /home/logi/txtai/venv/lib/python3.10/site-packages/airflow/example_dags/plugins/workday.py took 0.515 seconds
[2025-11-14T11:20:36.465+0530] {processor.py:161} INFO - Started process (PID=18929) to work on /home/logi/txtai/venv/lib/python3.10/site-packages/airflow/example_dags/plugins/workday.py
[2025-11-14T11:20:36.479+0530] {processor.py:830} INFO - Processing file /home/logi/txtai/venv/lib/python3.10/site-packages/airflow/example_dags/plugins/workday.py for tasks to queue
[2025-11-14T11:20:36.482+0530] {logging_mixin.py:188} INFO - [2025-11-14T11:20:36.482+0530] {dagbag.py:545} INFO - Filling up the DagBag from /home/logi/txtai/venv/lib/python3.10/site-packages/airflow/example_dags/plugins/workday.py
[2025-11-14T11:20:37.012+0530] {processor.py:842} WARNING - No viable dags retrieved from /home/logi/txtai/venv/lib/python3.10/site-packages/airflow/example_dags/plugins/workday.py
[2025-11-14T11:20:37.045+0530] {processor.py:183} INFO - Processing /home/logi/txtai/venv/lib/python3.10/site-packages/airflow/example_dags/plugins/workday.py took 0.593 seconds
[2025-11-14T11:21:07.329+0530] {processor.py:161} INFO - Started process (PID=19101) to work on /home/logi/txtai/venv/lib/python3.10/site-packages/airflow/example_dags/plugins/workday.py
[2025-11-14T11:21:07.342+0530] {processor.py:830} INFO - Processing file /home/logi/txtai/venv/lib/python3.10/site-packages/airflow/example_dags/plugins/workday.py for tasks to queue
[2025-11-14T11:21:07.346+0530] {logging_mixin.py:188} INFO - [2025-11-14T11:21:07.345+0530] {dagbag.py:545} INFO - Filling up the DagBag from /home/logi/txtai/venv/lib/python3.10/site-packages/airflow/example_dags/plugins/workday.py
[2025-11-14T11:21:07.822+0530] {processor.py:842} WARNING - No viable dags retrieved from /home/logi/txtai/venv/lib/python3.10/site-packages/airflow/example_dags/plugins/workday.py
[2025-11-14T11:21:07.844+0530] {processor.py:183} INFO - Processing /home/logi/txtai/venv/lib/python3.10/site-packages/airflow/example_dags/plugins/workday.py took 0.528 seconds
[2025-11-14T11:21:37.922+0530] {processor.py:161} INFO - Started process (PID=19268) to work on /home/logi/txtai/venv/lib/python3.10/site-packages/airflow/example_dags/plugins/workday.py
[2025-11-14T11:21:37.936+0530] {processor.py:830} INFO - Processing file /home/logi/txtai/venv/lib/python3.10/site-packages/airflow/example_dags/plugins/workday.py for tasks to queue
[2025-11-14T11:21:37.939+0530] {logging_mixin.py:188} INFO - [2025-11-14T11:21:37.938+0530] {dagbag.py:545} INFO - Filling up the DagBag from /home/logi/txtai/venv/lib/python3.10/site-packages/airflow/example_dags/plugins/workday.py
[2025-11-14T11:21:38.428+0530] {processor.py:842} WARNING - No viable dags retrieved from /home/logi/txtai/venv/lib/python3.10/site-packages/airflow/example_dags/plugins/workday.py
[2025-11-14T11:21:38.459+0530] {processor.py:183} INFO - Processing /home/logi/txtai/venv/lib/python3.10/site-packages/airflow/example_dags/plugins/workday.py took 0.549 seconds
[2025-11-14T11:22:09.028+0530] {processor.py:161} INFO - Started process (PID=19438) to work on /home/logi/txtai/venv/lib/python3.10/site-packages/airflow/example_dags/plugins/workday.py
[2025-11-14T11:22:09.041+0530] {processor.py:830} INFO - Processing file /home/logi/txtai/venv/lib/python3.10/site-packages/airflow/example_dags/plugins/workday.py for tasks to queue
[2025-11-14T11:22:09.044+0530] {logging_mixin.py:188} INFO - [2025-11-14T11:22:09.043+0530] {dagbag.py:545} INFO - Filling up the DagBag from /home/logi/txtai/venv/lib/python3.10/site-packages/airflow/example_dags/plugins/workday.py
[2025-11-14T11:22:09.517+0530] {processor.py:842} WARNING - No viable dags retrieved from /home/logi/txtai/venv/lib/python3.10/site-packages/airflow/example_dags/plugins/workday.py
[2025-11-14T11:22:09.545+0530] {processor.py:183} INFO - Processing /home/logi/txtai/venv/lib/python3.10/site-packages/airflow/example_dags/plugins/workday.py took 0.530 seconds
[2025-11-14T11:22:39.684+0530] {processor.py:161} INFO - Started process (PID=19713) to work on /home/logi/txtai/venv/lib/python3.10/site-packages/airflow/example_dags/plugins/workday.py
[2025-11-14T11:22:39.700+0530] {processor.py:830} INFO - Processing file /home/logi/txtai/venv/lib/python3.10/site-packages/airflow/example_dags/plugins/workday.py for tasks to queue
[2025-11-14T11:22:39.703+0530] {logging_mixin.py:188} INFO - [2025-11-14T11:22:39.703+0530] {dagbag.py:545} INFO - Filling up the DagBag from /home/logi/txtai/venv/lib/python3.10/site-packages/airflow/example_dags/plugins/workday.py
[2025-11-14T11:22:40.396+0530] {processor.py:842} WARNING - No viable dags retrieved from /home/logi/txtai/venv/lib/python3.10/site-packages/airflow/example_dags/plugins/workday.py
[2025-11-14T11:22:40.435+0530] {processor.py:183} INFO - Processing /home/logi/txtai/venv/lib/python3.10/site-packages/airflow/example_dags/plugins/workday.py took 0.774 seconds
[2025-11-14T11:23:10.599+0530] {processor.py:161} INFO - Started process (PID=19886) to work on /home/logi/txtai/venv/lib/python3.10/site-packages/airflow/example_dags/plugins/workday.py
[2025-11-14T11:23:10.613+0530] {processor.py:830} INFO - Processing file /home/logi/txtai/venv/lib/python3.10/site-packages/airflow/example_dags/plugins/workday.py for tasks to queue
[2025-11-14T11:23:10.616+0530] {logging_mixin.py:188} INFO - [2025-11-14T11:23:10.616+0530] {dagbag.py:545} INFO - Filling up the DagBag from /home/logi/txtai/venv/lib/python3.10/site-packages/airflow/example_dags/plugins/workday.py
[2025-11-14T11:23:11.279+0530] {processor.py:842} WARNING - No viable dags retrieved from /home/logi/txtai/venv/lib/python3.10/site-packages/airflow/example_dags/plugins/workday.py
[2025-11-14T11:23:11.329+0530] {processor.py:183} INFO - Processing /home/logi/txtai/venv/lib/python3.10/site-packages/airflow/example_dags/plugins/workday.py took 0.749 seconds
[2025-11-14T11:23:41.553+0530] {processor.py:161} INFO - Started process (PID=20060) to work on /home/logi/txtai/venv/lib/python3.10/site-packages/airflow/example_dags/plugins/workday.py
[2025-11-14T11:23:41.568+0530] {processor.py:830} INFO - Processing file /home/logi/txtai/venv/lib/python3.10/site-packages/airflow/example_dags/plugins/workday.py for tasks to queue
[2025-11-14T11:23:41.571+0530] {logging_mixin.py:188} INFO - [2025-11-14T11:23:41.570+0530] {dagbag.py:545} INFO - Filling up the DagBag from /home/logi/txtai/venv/lib/python3.10/site-packages/airflow/example_dags/plugins/workday.py
[2025-11-14T11:23:42.074+0530] {processor.py:842} WARNING - No viable dags retrieved from /home/logi/txtai/venv/lib/python3.10/site-packages/airflow/example_dags/plugins/workday.py
[2025-11-14T11:23:42.096+0530] {processor.py:183} INFO - Processing /home/logi/txtai/venv/lib/python3.10/site-packages/airflow/example_dags/plugins/workday.py took 0.555 seconds
[2025-11-14T11:24:12.167+0530] {processor.py:161} INFO - Started process (PID=20213) to work on /home/logi/txtai/venv/lib/python3.10/site-packages/airflow/example_dags/plugins/workday.py
[2025-11-14T11:24:12.181+0530] {processor.py:830} INFO - Processing file /home/logi/txtai/venv/lib/python3.10/site-packages/airflow/example_dags/plugins/workday.py for tasks to queue
[2025-11-14T11:24:12.185+0530] {logging_mixin.py:188} INFO - [2025-11-14T11:24:12.184+0530] {dagbag.py:545} INFO - Filling up the DagBag from /home/logi/txtai/venv/lib/python3.10/site-packages/airflow/example_dags/plugins/workday.py
[2025-11-14T11:24:12.522+0530] {processor.py:842} WARNING - No viable dags retrieved from /home/logi/txtai/venv/lib/python3.10/site-packages/airflow/example_dags/plugins/workday.py
[2025-11-14T11:24:12.546+0530] {processor.py:183} INFO - Processing /home/logi/txtai/venv/lib/python3.10/site-packages/airflow/example_dags/plugins/workday.py took 0.392 seconds
[2025-11-14T11:24:42.635+0530] {processor.py:161} INFO - Started process (PID=20377) to work on /home/logi/txtai/venv/lib/python3.10/site-packages/airflow/example_dags/plugins/workday.py
[2025-11-14T11:24:42.649+0530] {processor.py:830} INFO - Processing file /home/logi/txtai/venv/lib/python3.10/site-packages/airflow/example_dags/plugins/workday.py for tasks to queue
[2025-11-14T11:24:42.652+0530] {logging_mixin.py:188} INFO - [2025-11-14T11:24:42.652+0530] {dagbag.py:545} INFO - Filling up the DagBag from /home/logi/txtai/venv/lib/python3.10/site-packages/airflow/example_dags/plugins/workday.py
[2025-11-14T11:24:42.900+0530] {processor.py:842} WARNING - No viable dags retrieved from /home/logi/txtai/venv/lib/python3.10/site-packages/airflow/example_dags/plugins/workday.py
[2025-11-14T11:24:42.927+0530] {processor.py:183} INFO - Processing /home/logi/txtai/venv/lib/python3.10/site-packages/airflow/example_dags/plugins/workday.py took 0.304 seconds
[2025-11-14T11:25:13.032+0530] {processor.py:161} INFO - Started process (PID=20526) to work on /home/logi/txtai/venv/lib/python3.10/site-packages/airflow/example_dags/plugins/workday.py
[2025-11-14T11:25:13.045+0530] {processor.py:830} INFO - Processing file /home/logi/txtai/venv/lib/python3.10/site-packages/airflow/example_dags/plugins/workday.py for tasks to queue
[2025-11-14T11:25:13.048+0530] {logging_mixin.py:188} INFO - [2025-11-14T11:25:13.048+0530] {dagbag.py:545} INFO - Filling up the DagBag from /home/logi/txtai/venv/lib/python3.10/site-packages/airflow/example_dags/plugins/workday.py
[2025-11-14T11:25:13.390+0530] {processor.py:842} WARNING - No viable dags retrieved from /home/logi/txtai/venv/lib/python3.10/site-packages/airflow/example_dags/plugins/workday.py
[2025-11-14T11:25:13.419+0530] {processor.py:183} INFO - Processing /home/logi/txtai/venv/lib/python3.10/site-packages/airflow/example_dags/plugins/workday.py took 0.399 seconds
[2025-11-14T11:25:43.680+0530] {processor.py:161} INFO - Started process (PID=20684) to work on /home/logi/txtai/venv/lib/python3.10/site-packages/airflow/example_dags/plugins/workday.py
[2025-11-14T11:25:43.695+0530] {processor.py:830} INFO - Processing file /home/logi/txtai/venv/lib/python3.10/site-packages/airflow/example_dags/plugins/workday.py for tasks to queue
[2025-11-14T11:25:43.700+0530] {logging_mixin.py:188} INFO - [2025-11-14T11:25:43.700+0530] {dagbag.py:545} INFO - Filling up the DagBag from /home/logi/txtai/venv/lib/python3.10/site-packages/airflow/example_dags/plugins/workday.py
[2025-11-14T11:25:44.151+0530] {processor.py:842} WARNING - No viable dags retrieved from /home/logi/txtai/venv/lib/python3.10/site-packages/airflow/example_dags/plugins/workday.py
[2025-11-14T11:25:44.191+0530] {processor.py:183} INFO - Processing /home/logi/txtai/venv/lib/python3.10/site-packages/airflow/example_dags/plugins/workday.py took 0.528 seconds
[2025-11-14T11:26:14.916+0530] {processor.py:161} INFO - Started process (PID=20843) to work on /home/logi/txtai/venv/lib/python3.10/site-packages/airflow/example_dags/plugins/workday.py
[2025-11-14T11:26:14.929+0530] {processor.py:830} INFO - Processing file /home/logi/txtai/venv/lib/python3.10/site-packages/airflow/example_dags/plugins/workday.py for tasks to queue
[2025-11-14T11:26:14.934+0530] {logging_mixin.py:188} INFO - [2025-11-14T11:26:14.933+0530] {dagbag.py:545} INFO - Filling up the DagBag from /home/logi/txtai/venv/lib/python3.10/site-packages/airflow/example_dags/plugins/workday.py
[2025-11-14T11:26:15.276+0530] {processor.py:842} WARNING - No viable dags retrieved from /home/logi/txtai/venv/lib/python3.10/site-packages/airflow/example_dags/plugins/workday.py
[2025-11-14T11:26:15.322+0530] {processor.py:183} INFO - Processing /home/logi/txtai/venv/lib/python3.10/site-packages/airflow/example_dags/plugins/workday.py took 0.421 seconds
[2025-11-14T11:26:45.806+0530] {processor.py:161} INFO - Started process (PID=21003) to work on /home/logi/txtai/venv/lib/python3.10/site-packages/airflow/example_dags/plugins/workday.py
[2025-11-14T11:26:45.821+0530] {processor.py:830} INFO - Processing file /home/logi/txtai/venv/lib/python3.10/site-packages/airflow/example_dags/plugins/workday.py for tasks to queue
[2025-11-14T11:26:45.825+0530] {logging_mixin.py:188} INFO - [2025-11-14T11:26:45.825+0530] {dagbag.py:545} INFO - Filling up the DagBag from /home/logi/txtai/venv/lib/python3.10/site-packages/airflow/example_dags/plugins/workday.py
[2025-11-14T11:26:46.187+0530] {processor.py:842} WARNING - No viable dags retrieved from /home/logi/txtai/venv/lib/python3.10/site-packages/airflow/example_dags/plugins/workday.py
[2025-11-14T11:26:46.223+0530] {processor.py:183} INFO - Processing /home/logi/txtai/venv/lib/python3.10/site-packages/airflow/example_dags/plugins/workday.py took 0.442 seconds
[2025-11-14T11:27:16.467+0530] {processor.py:161} INFO - Started process (PID=21163) to work on /home/logi/txtai/venv/lib/python3.10/site-packages/airflow/example_dags/plugins/workday.py
[2025-11-14T11:27:16.481+0530] {processor.py:830} INFO - Processing file /home/logi/txtai/venv/lib/python3.10/site-packages/airflow/example_dags/plugins/workday.py for tasks to queue
[2025-11-14T11:27:16.484+0530] {logging_mixin.py:188} INFO - [2025-11-14T11:27:16.484+0530] {dagbag.py:545} INFO - Filling up the DagBag from /home/logi/txtai/venv/lib/python3.10/site-packages/airflow/example_dags/plugins/workday.py
[2025-11-14T11:27:16.868+0530] {processor.py:842} WARNING - No viable dags retrieved from /home/logi/txtai/venv/lib/python3.10/site-packages/airflow/example_dags/plugins/workday.py
[2025-11-14T11:27:16.911+0530] {processor.py:183} INFO - Processing /home/logi/txtai/venv/lib/python3.10/site-packages/airflow/example_dags/plugins/workday.py took 0.463 seconds
[2025-11-14T11:27:47.107+0530] {processor.py:161} INFO - Started process (PID=21321) to work on /home/logi/txtai/venv/lib/python3.10/site-packages/airflow/example_dags/plugins/workday.py
[2025-11-14T11:27:47.121+0530] {processor.py:830} INFO - Processing file /home/logi/txtai/venv/lib/python3.10/site-packages/airflow/example_dags/plugins/workday.py for tasks to queue
[2025-11-14T11:27:47.124+0530] {logging_mixin.py:188} INFO - [2025-11-14T11:27:47.123+0530] {dagbag.py:545} INFO - Filling up the DagBag from /home/logi/txtai/venv/lib/python3.10/site-packages/airflow/example_dags/plugins/workday.py
[2025-11-14T11:27:47.508+0530] {processor.py:842} WARNING - No viable dags retrieved from /home/logi/txtai/venv/lib/python3.10/site-packages/airflow/example_dags/plugins/workday.py
[2025-11-14T11:27:47.552+0530] {processor.py:183} INFO - Processing /home/logi/txtai/venv/lib/python3.10/site-packages/airflow/example_dags/plugins/workday.py took 0.468 seconds
[2025-11-14T11:28:18.373+0530] {processor.py:161} INFO - Started process (PID=21482) to work on /home/logi/txtai/venv/lib/python3.10/site-packages/airflow/example_dags/plugins/workday.py
[2025-11-14T11:28:18.377+0530] {processor.py:830} INFO - Processing file /home/logi/txtai/venv/lib/python3.10/site-packages/airflow/example_dags/plugins/workday.py for tasks to queue
[2025-11-14T11:28:18.384+0530] {logging_mixin.py:188} INFO - [2025-11-14T11:28:18.382+0530] {dagbag.py:545} INFO - Filling up the DagBag from /home/logi/txtai/venv/lib/python3.10/site-packages/airflow/example_dags/plugins/workday.py
[2025-11-14T11:28:18.775+0530] {processor.py:842} WARNING - No viable dags retrieved from /home/logi/txtai/venv/lib/python3.10/site-packages/airflow/example_dags/plugins/workday.py
[2025-11-14T11:28:18.818+0530] {processor.py:183} INFO - Processing /home/logi/txtai/venv/lib/python3.10/site-packages/airflow/example_dags/plugins/workday.py took 0.460 seconds
[2025-11-14T11:28:48.915+0530] {processor.py:161} INFO - Started process (PID=21838) to work on /home/logi/txtai/venv/lib/python3.10/site-packages/airflow/example_dags/plugins/workday.py
[2025-11-14T11:28:48.924+0530] {processor.py:830} INFO - Processing file /home/logi/txtai/venv/lib/python3.10/site-packages/airflow/example_dags/plugins/workday.py for tasks to queue
[2025-11-14T11:28:48.928+0530] {logging_mixin.py:188} INFO - [2025-11-14T11:28:48.927+0530] {dagbag.py:545} INFO - Filling up the DagBag from /home/logi/txtai/venv/lib/python3.10/site-packages/airflow/example_dags/plugins/workday.py
[2025-11-14T11:28:49.250+0530] {processor.py:842} WARNING - No viable dags retrieved from /home/logi/txtai/venv/lib/python3.10/site-packages/airflow/example_dags/plugins/workday.py
[2025-11-14T11:28:49.282+0530] {processor.py:183} INFO - Processing /home/logi/txtai/venv/lib/python3.10/site-packages/airflow/example_dags/plugins/workday.py took 0.381 seconds
[2025-11-14T11:29:20.151+0530] {processor.py:161} INFO - Started process (PID=22040) to work on /home/logi/txtai/venv/lib/python3.10/site-packages/airflow/example_dags/plugins/workday.py
[2025-11-14T11:29:20.164+0530] {processor.py:830} INFO - Processing file /home/logi/txtai/venv/lib/python3.10/site-packages/airflow/example_dags/plugins/workday.py for tasks to queue
[2025-11-14T11:29:20.167+0530] {logging_mixin.py:188} INFO - [2025-11-14T11:29:20.166+0530] {dagbag.py:545} INFO - Filling up the DagBag from /home/logi/txtai/venv/lib/python3.10/site-packages/airflow/example_dags/plugins/workday.py
[2025-11-14T11:29:20.447+0530] {processor.py:842} WARNING - No viable dags retrieved from /home/logi/txtai/venv/lib/python3.10/site-packages/airflow/example_dags/plugins/workday.py
[2025-11-14T11:29:20.478+0530] {processor.py:183} INFO - Processing /home/logi/txtai/venv/lib/python3.10/site-packages/airflow/example_dags/plugins/workday.py took 0.336 seconds
[2025-11-14T11:29:51.325+0530] {processor.py:161} INFO - Started process (PID=22198) to work on /home/logi/txtai/venv/lib/python3.10/site-packages/airflow/example_dags/plugins/workday.py
[2025-11-14T11:29:51.329+0530] {processor.py:830} INFO - Processing file /home/logi/txtai/venv/lib/python3.10/site-packages/airflow/example_dags/plugins/workday.py for tasks to queue
[2025-11-14T11:29:51.331+0530] {logging_mixin.py:188} INFO - [2025-11-14T11:29:51.331+0530] {dagbag.py:545} INFO - Filling up the DagBag from /home/logi/txtai/venv/lib/python3.10/site-packages/airflow/example_dags/plugins/workday.py
[2025-11-14T11:29:51.822+0530] {processor.py:842} WARNING - No viable dags retrieved from /home/logi/txtai/venv/lib/python3.10/site-packages/airflow/example_dags/plugins/workday.py
[2025-11-14T11:29:51.860+0530] {processor.py:183} INFO - Processing /home/logi/txtai/venv/lib/python3.10/site-packages/airflow/example_dags/plugins/workday.py took 0.556 seconds
[2025-11-14T11:30:22.826+0530] {processor.py:161} INFO - Started process (PID=22574) to work on /home/logi/txtai/venv/lib/python3.10/site-packages/airflow/example_dags/plugins/workday.py
[2025-11-14T11:30:22.842+0530] {processor.py:830} INFO - Processing file /home/logi/txtai/venv/lib/python3.10/site-packages/airflow/example_dags/plugins/workday.py for tasks to queue
[2025-11-14T11:30:22.849+0530] {logging_mixin.py:188} INFO - [2025-11-14T11:30:22.848+0530] {dagbag.py:545} INFO - Filling up the DagBag from /home/logi/txtai/venv/lib/python3.10/site-packages/airflow/example_dags/plugins/workday.py
[2025-11-14T11:30:23.244+0530] {processor.py:842} WARNING - No viable dags retrieved from /home/logi/txtai/venv/lib/python3.10/site-packages/airflow/example_dags/plugins/workday.py
[2025-11-14T11:30:23.274+0530] {processor.py:183} INFO - Processing /home/logi/txtai/venv/lib/python3.10/site-packages/airflow/example_dags/plugins/workday.py took 0.472 seconds
[2025-11-14T11:30:53.382+0530] {processor.py:161} INFO - Started process (PID=22741) to work on /home/logi/txtai/venv/lib/python3.10/site-packages/airflow/example_dags/plugins/workday.py
[2025-11-14T11:30:53.397+0530] {processor.py:830} INFO - Processing file /home/logi/txtai/venv/lib/python3.10/site-packages/airflow/example_dags/plugins/workday.py for tasks to queue
[2025-11-14T11:30:53.403+0530] {logging_mixin.py:188} INFO - [2025-11-14T11:30:53.402+0530] {dagbag.py:545} INFO - Filling up the DagBag from /home/logi/txtai/venv/lib/python3.10/site-packages/airflow/example_dags/plugins/workday.py
[2025-11-14T11:30:53.789+0530] {processor.py:842} WARNING - No viable dags retrieved from /home/logi/txtai/venv/lib/python3.10/site-packages/airflow/example_dags/plugins/workday.py
[2025-11-14T11:30:53.834+0530] {processor.py:183} INFO - Processing /home/logi/txtai/venv/lib/python3.10/site-packages/airflow/example_dags/plugins/workday.py took 0.472 seconds
[2025-11-14T11:31:23.944+0530] {processor.py:161} INFO - Started process (PID=23282) to work on /home/logi/txtai/venv/lib/python3.10/site-packages/airflow/example_dags/plugins/workday.py
[2025-11-14T11:31:23.948+0530] {processor.py:830} INFO - Processing file /home/logi/txtai/venv/lib/python3.10/site-packages/airflow/example_dags/plugins/workday.py for tasks to queue
[2025-11-14T11:31:23.952+0530] {logging_mixin.py:188} INFO - [2025-11-14T11:31:23.952+0530] {dagbag.py:545} INFO - Filling up the DagBag from /home/logi/txtai/venv/lib/python3.10/site-packages/airflow/example_dags/plugins/workday.py
[2025-11-14T11:31:24.384+0530] {processor.py:842} WARNING - No viable dags retrieved from /home/logi/txtai/venv/lib/python3.10/site-packages/airflow/example_dags/plugins/workday.py
[2025-11-14T11:31:24.427+0530] {processor.py:183} INFO - Processing /home/logi/txtai/venv/lib/python3.10/site-packages/airflow/example_dags/plugins/workday.py took 0.492 seconds
[2025-11-14T11:31:55.245+0530] {processor.py:161} INFO - Started process (PID=23636) to work on /home/logi/txtai/venv/lib/python3.10/site-packages/airflow/example_dags/plugins/workday.py
[2025-11-14T11:31:55.260+0530] {processor.py:830} INFO - Processing file /home/logi/txtai/venv/lib/python3.10/site-packages/airflow/example_dags/plugins/workday.py for tasks to queue
[2025-11-14T11:31:55.265+0530] {logging_mixin.py:188} INFO - [2025-11-14T11:31:55.264+0530] {dagbag.py:545} INFO - Filling up the DagBag from /home/logi/txtai/venv/lib/python3.10/site-packages/airflow/example_dags/plugins/workday.py
[2025-11-14T11:31:55.723+0530] {processor.py:842} WARNING - No viable dags retrieved from /home/logi/txtai/venv/lib/python3.10/site-packages/airflow/example_dags/plugins/workday.py
[2025-11-14T11:31:55.767+0530] {processor.py:183} INFO - Processing /home/logi/txtai/venv/lib/python3.10/site-packages/airflow/example_dags/plugins/workday.py took 0.545 seconds
[2025-11-14T11:32:25.875+0530] {processor.py:161} INFO - Started process (PID=23803) to work on /home/logi/txtai/venv/lib/python3.10/site-packages/airflow/example_dags/plugins/workday.py
[2025-11-14T11:32:25.876+0530] {processor.py:830} INFO - Processing file /home/logi/txtai/venv/lib/python3.10/site-packages/airflow/example_dags/plugins/workday.py for tasks to queue
[2025-11-14T11:32:25.879+0530] {logging_mixin.py:188} INFO - [2025-11-14T11:32:25.879+0530] {dagbag.py:545} INFO - Filling up the DagBag from /home/logi/txtai/venv/lib/python3.10/site-packages/airflow/example_dags/plugins/workday.py
[2025-11-14T11:32:26.144+0530] {processor.py:842} WARNING - No viable dags retrieved from /home/logi/txtai/venv/lib/python3.10/site-packages/airflow/example_dags/plugins/workday.py
[2025-11-14T11:32:26.174+0530] {processor.py:183} INFO - Processing /home/logi/txtai/venv/lib/python3.10/site-packages/airflow/example_dags/plugins/workday.py took 0.313 seconds
[2025-11-14T11:32:56.713+0530] {processor.py:161} INFO - Started process (PID=23971) to work on /home/logi/txtai/venv/lib/python3.10/site-packages/airflow/example_dags/plugins/workday.py
[2025-11-14T11:32:56.729+0530] {processor.py:830} INFO - Processing file /home/logi/txtai/venv/lib/python3.10/site-packages/airflow/example_dags/plugins/workday.py for tasks to queue
[2025-11-14T11:32:56.732+0530] {logging_mixin.py:188} INFO - [2025-11-14T11:32:56.732+0530] {dagbag.py:545} INFO - Filling up the DagBag from /home/logi/txtai/venv/lib/python3.10/site-packages/airflow/example_dags/plugins/workday.py
[2025-11-14T11:32:57.009+0530] {processor.py:842} WARNING - No viable dags retrieved from /home/logi/txtai/venv/lib/python3.10/site-packages/airflow/example_dags/plugins/workday.py
[2025-11-14T11:32:57.028+0530] {processor.py:183} INFO - Processing /home/logi/txtai/venv/lib/python3.10/site-packages/airflow/example_dags/plugins/workday.py took 0.328 seconds
[2025-11-14T11:33:27.869+0530] {processor.py:161} INFO - Started process (PID=24172) to work on /home/logi/txtai/venv/lib/python3.10/site-packages/airflow/example_dags/plugins/workday.py
[2025-11-14T11:33:27.870+0530] {processor.py:830} INFO - Processing file /home/logi/txtai/venv/lib/python3.10/site-packages/airflow/example_dags/plugins/workday.py for tasks to queue
[2025-11-14T11:33:27.874+0530] {logging_mixin.py:188} INFO - [2025-11-14T11:33:27.873+0530] {dagbag.py:545} INFO - Filling up the DagBag from /home/logi/txtai/venv/lib/python3.10/site-packages/airflow/example_dags/plugins/workday.py
[2025-11-14T11:33:28.119+0530] {processor.py:842} WARNING - No viable dags retrieved from /home/logi/txtai/venv/lib/python3.10/site-packages/airflow/example_dags/plugins/workday.py
[2025-11-14T11:33:28.141+0530] {processor.py:183} INFO - Processing /home/logi/txtai/venv/lib/python3.10/site-packages/airflow/example_dags/plugins/workday.py took 0.285 seconds
[2025-11-14T11:35:00.538+0530] {processor.py:161} INFO - Started process (PID=24602) to work on /home/logi/txtai/venv/lib/python3.10/site-packages/airflow/example_dags/plugins/workday.py
[2025-11-14T11:35:00.540+0530] {processor.py:830} INFO - Processing file /home/logi/txtai/venv/lib/python3.10/site-packages/airflow/example_dags/plugins/workday.py for tasks to queue
[2025-11-14T11:35:00.541+0530] {logging_mixin.py:188} INFO - [2025-11-14T11:35:00.541+0530] {dagbag.py:545} INFO - Filling up the DagBag from /home/logi/txtai/venv/lib/python3.10/site-packages/airflow/example_dags/plugins/workday.py
[2025-11-14T11:35:00.821+0530] {processor.py:842} WARNING - No viable dags retrieved from /home/logi/txtai/venv/lib/python3.10/site-packages/airflow/example_dags/plugins/workday.py
[2025-11-14T11:35:00.841+0530] {processor.py:183} INFO - Processing /home/logi/txtai/venv/lib/python3.10/site-packages/airflow/example_dags/plugins/workday.py took 0.308 seconds
[2025-11-14T11:40:42.801+0530] {processor.py:161} INFO - Started process (PID=26127) to work on /home/logi/txtai/venv/lib/python3.10/site-packages/airflow/example_dags/plugins/workday.py
[2025-11-14T11:40:42.802+0530] {processor.py:830} INFO - Processing file /home/logi/txtai/venv/lib/python3.10/site-packages/airflow/example_dags/plugins/workday.py for tasks to queue
[2025-11-14T11:40:42.804+0530] {logging_mixin.py:188} INFO - [2025-11-14T11:40:42.803+0530] {dagbag.py:545} INFO - Filling up the DagBag from /home/logi/txtai/venv/lib/python3.10/site-packages/airflow/example_dags/plugins/workday.py
[2025-11-14T11:40:43.136+0530] {processor.py:842} WARNING - No viable dags retrieved from /home/logi/txtai/venv/lib/python3.10/site-packages/airflow/example_dags/plugins/workday.py
[2025-11-14T11:40:43.165+0530] {processor.py:183} INFO - Processing /home/logi/txtai/venv/lib/python3.10/site-packages/airflow/example_dags/plugins/workday.py took 0.375 seconds
[2025-11-14T11:41:13.426+0530] {processor.py:161} INFO - Started process (PID=26389) to work on /home/logi/txtai/venv/lib/python3.10/site-packages/airflow/example_dags/plugins/workday.py
[2025-11-14T11:41:13.428+0530] {processor.py:830} INFO - Processing file /home/logi/txtai/venv/lib/python3.10/site-packages/airflow/example_dags/plugins/workday.py for tasks to queue
[2025-11-14T11:41:13.431+0530] {logging_mixin.py:188} INFO - [2025-11-14T11:41:13.431+0530] {dagbag.py:545} INFO - Filling up the DagBag from /home/logi/txtai/venv/lib/python3.10/site-packages/airflow/example_dags/plugins/workday.py
[2025-11-14T11:41:13.675+0530] {processor.py:842} WARNING - No viable dags retrieved from /home/logi/txtai/venv/lib/python3.10/site-packages/airflow/example_dags/plugins/workday.py
[2025-11-14T11:41:13.697+0530] {processor.py:183} INFO - Processing /home/logi/txtai/venv/lib/python3.10/site-packages/airflow/example_dags/plugins/workday.py took 0.282 seconds
[2025-11-14T11:41:44.614+0530] {processor.py:161} INFO - Started process (PID=26547) to work on /home/logi/txtai/venv/lib/python3.10/site-packages/airflow/example_dags/plugins/workday.py
[2025-11-14T11:41:44.625+0530] {processor.py:830} INFO - Processing file /home/logi/txtai/venv/lib/python3.10/site-packages/airflow/example_dags/plugins/workday.py for tasks to queue
[2025-11-14T11:41:44.631+0530] {logging_mixin.py:188} INFO - [2025-11-14T11:41:44.630+0530] {dagbag.py:545} INFO - Filling up the DagBag from /home/logi/txtai/venv/lib/python3.10/site-packages/airflow/example_dags/plugins/workday.py
[2025-11-14T11:41:44.939+0530] {processor.py:842} WARNING - No viable dags retrieved from /home/logi/txtai/venv/lib/python3.10/site-packages/airflow/example_dags/plugins/workday.py
[2025-11-14T11:41:44.961+0530] {processor.py:183} INFO - Processing /home/logi/txtai/venv/lib/python3.10/site-packages/airflow/example_dags/plugins/workday.py took 0.369 seconds
[2025-11-14T11:42:15.309+0530] {processor.py:161} INFO - Started process (PID=26695) to work on /home/logi/txtai/venv/lib/python3.10/site-packages/airflow/example_dags/plugins/workday.py
[2025-11-14T11:42:15.323+0530] {processor.py:830} INFO - Processing file /home/logi/txtai/venv/lib/python3.10/site-packages/airflow/example_dags/plugins/workday.py for tasks to queue
[2025-11-14T11:42:15.326+0530] {logging_mixin.py:188} INFO - [2025-11-14T11:42:15.326+0530] {dagbag.py:545} INFO - Filling up the DagBag from /home/logi/txtai/venv/lib/python3.10/site-packages/airflow/example_dags/plugins/workday.py
[2025-11-14T11:42:15.590+0530] {processor.py:842} WARNING - No viable dags retrieved from /home/logi/txtai/venv/lib/python3.10/site-packages/airflow/example_dags/plugins/workday.py
[2025-11-14T11:42:15.617+0530] {processor.py:183} INFO - Processing /home/logi/txtai/venv/lib/python3.10/site-packages/airflow/example_dags/plugins/workday.py took 0.321 seconds
[2025-11-14T11:42:45.752+0530] {processor.py:161} INFO - Started process (PID=26922) to work on /home/logi/txtai/venv/lib/python3.10/site-packages/airflow/example_dags/plugins/workday.py
[2025-11-14T11:42:45.754+0530] {processor.py:830} INFO - Processing file /home/logi/txtai/venv/lib/python3.10/site-packages/airflow/example_dags/plugins/workday.py for tasks to queue
[2025-11-14T11:42:45.757+0530] {logging_mixin.py:188} INFO - [2025-11-14T11:42:45.757+0530] {dagbag.py:545} INFO - Filling up the DagBag from /home/logi/txtai/venv/lib/python3.10/site-packages/airflow/example_dags/plugins/workday.py
[2025-11-14T11:42:46.036+0530] {processor.py:842} WARNING - No viable dags retrieved from /home/logi/txtai/venv/lib/python3.10/site-packages/airflow/example_dags/plugins/workday.py
[2025-11-14T11:42:46.063+0530] {processor.py:183} INFO - Processing /home/logi/txtai/venv/lib/python3.10/site-packages/airflow/example_dags/plugins/workday.py took 0.324 seconds
[2025-11-14T11:43:11.612+0530] {processor.py:161} INFO - Started process (PID=27293) to work on /home/logi/txtai/venv/lib/python3.10/site-packages/airflow/example_dags/plugins/workday.py
[2025-11-14T11:43:11.614+0530] {processor.py:830} INFO - Processing file /home/logi/txtai/venv/lib/python3.10/site-packages/airflow/example_dags/plugins/workday.py for tasks to queue
[2025-11-14T11:43:11.616+0530] {logging_mixin.py:188} INFO - [2025-11-14T11:43:11.616+0530] {dagbag.py:545} INFO - Filling up the DagBag from /home/logi/txtai/venv/lib/python3.10/site-packages/airflow/example_dags/plugins/workday.py
[2025-11-14T11:43:11.934+0530] {processor.py:842} WARNING - No viable dags retrieved from /home/logi/txtai/venv/lib/python3.10/site-packages/airflow/example_dags/plugins/workday.py
[2025-11-14T11:43:11.961+0530] {processor.py:183} INFO - Processing /home/logi/txtai/venv/lib/python3.10/site-packages/airflow/example_dags/plugins/workday.py took 0.360 seconds
[2025-11-14T11:43:42.437+0530] {processor.py:161} INFO - Started process (PID=27542) to work on /home/logi/txtai/venv/lib/python3.10/site-packages/airflow/example_dags/plugins/workday.py
[2025-11-14T11:43:42.439+0530] {processor.py:830} INFO - Processing file /home/logi/txtai/venv/lib/python3.10/site-packages/airflow/example_dags/plugins/workday.py for tasks to queue
[2025-11-14T11:43:42.442+0530] {logging_mixin.py:188} INFO - [2025-11-14T11:43:42.442+0530] {dagbag.py:545} INFO - Filling up the DagBag from /home/logi/txtai/venv/lib/python3.10/site-packages/airflow/example_dags/plugins/workday.py
[2025-11-14T11:43:42.797+0530] {processor.py:842} WARNING - No viable dags retrieved from /home/logi/txtai/venv/lib/python3.10/site-packages/airflow/example_dags/plugins/workday.py
[2025-11-14T11:43:42.824+0530] {processor.py:183} INFO - Processing /home/logi/txtai/venv/lib/python3.10/site-packages/airflow/example_dags/plugins/workday.py took 0.401 seconds
[2025-11-14T11:44:13.868+0530] {processor.py:161} INFO - Started process (PID=27747) to work on /home/logi/txtai/venv/lib/python3.10/site-packages/airflow/example_dags/plugins/workday.py
[2025-11-14T11:44:13.871+0530] {processor.py:830} INFO - Processing file /home/logi/txtai/venv/lib/python3.10/site-packages/airflow/example_dags/plugins/workday.py for tasks to queue
[2025-11-14T11:44:13.874+0530] {logging_mixin.py:188} INFO - [2025-11-14T11:44:13.874+0530] {dagbag.py:545} INFO - Filling up the DagBag from /home/logi/txtai/venv/lib/python3.10/site-packages/airflow/example_dags/plugins/workday.py
[2025-11-14T11:44:14.228+0530] {processor.py:842} WARNING - No viable dags retrieved from /home/logi/txtai/venv/lib/python3.10/site-packages/airflow/example_dags/plugins/workday.py
[2025-11-14T11:44:14.248+0530] {processor.py:183} INFO - Processing /home/logi/txtai/venv/lib/python3.10/site-packages/airflow/example_dags/plugins/workday.py took 0.394 seconds
[2025-11-14T11:44:44.349+0530] {processor.py:161} INFO - Started process (PID=27937) to work on /home/logi/txtai/venv/lib/python3.10/site-packages/airflow/example_dags/plugins/workday.py
[2025-11-14T11:44:44.351+0530] {processor.py:830} INFO - Processing file /home/logi/txtai/venv/lib/python3.10/site-packages/airflow/example_dags/plugins/workday.py for tasks to queue
[2025-11-14T11:44:44.354+0530] {logging_mixin.py:188} INFO - [2025-11-14T11:44:44.354+0530] {dagbag.py:545} INFO - Filling up the DagBag from /home/logi/txtai/venv/lib/python3.10/site-packages/airflow/example_dags/plugins/workday.py
[2025-11-14T11:44:44.742+0530] {processor.py:842} WARNING - No viable dags retrieved from /home/logi/txtai/venv/lib/python3.10/site-packages/airflow/example_dags/plugins/workday.py
[2025-11-14T11:44:44.773+0530] {processor.py:183} INFO - Processing /home/logi/txtai/venv/lib/python3.10/site-packages/airflow/example_dags/plugins/workday.py took 0.450 seconds
[2025-11-14T11:45:15.037+0530] {processor.py:161} INFO - Started process (PID=28077) to work on /home/logi/txtai/venv/lib/python3.10/site-packages/airflow/example_dags/plugins/workday.py
[2025-11-14T11:45:15.052+0530] {processor.py:830} INFO - Processing file /home/logi/txtai/venv/lib/python3.10/site-packages/airflow/example_dags/plugins/workday.py for tasks to queue
[2025-11-14T11:45:15.055+0530] {logging_mixin.py:188} INFO - [2025-11-14T11:45:15.054+0530] {dagbag.py:545} INFO - Filling up the DagBag from /home/logi/txtai/venv/lib/python3.10/site-packages/airflow/example_dags/plugins/workday.py
[2025-11-14T11:45:15.457+0530] {processor.py:842} WARNING - No viable dags retrieved from /home/logi/txtai/venv/lib/python3.10/site-packages/airflow/example_dags/plugins/workday.py
[2025-11-14T11:45:15.484+0530] {processor.py:183} INFO - Processing /home/logi/txtai/venv/lib/python3.10/site-packages/airflow/example_dags/plugins/workday.py took 0.460 seconds
[2025-11-14T11:45:45.639+0530] {processor.py:161} INFO - Started process (PID=28295) to work on /home/logi/txtai/venv/lib/python3.10/site-packages/airflow/example_dags/plugins/workday.py
[2025-11-14T11:45:45.645+0530] {processor.py:830} INFO - Processing file /home/logi/txtai/venv/lib/python3.10/site-packages/airflow/example_dags/plugins/workday.py for tasks to queue
[2025-11-14T11:45:45.652+0530] {logging_mixin.py:188} INFO - [2025-11-14T11:45:45.651+0530] {dagbag.py:545} INFO - Filling up the DagBag from /home/logi/txtai/venv/lib/python3.10/site-packages/airflow/example_dags/plugins/workday.py
[2025-11-14T11:45:46.240+0530] {processor.py:842} WARNING - No viable dags retrieved from /home/logi/txtai/venv/lib/python3.10/site-packages/airflow/example_dags/plugins/workday.py
[2025-11-14T11:45:46.290+0530] {processor.py:183} INFO - Processing /home/logi/txtai/venv/lib/python3.10/site-packages/airflow/example_dags/plugins/workday.py took 0.680 seconds
[2025-11-14T11:46:17.190+0530] {processor.py:161} INFO - Started process (PID=28911) to work on /home/logi/txtai/venv/lib/python3.10/site-packages/airflow/example_dags/plugins/workday.py
[2025-11-14T11:46:17.191+0530] {processor.py:830} INFO - Processing file /home/logi/txtai/venv/lib/python3.10/site-packages/airflow/example_dags/plugins/workday.py for tasks to queue
[2025-11-14T11:46:17.195+0530] {logging_mixin.py:188} INFO - [2025-11-14T11:46:17.194+0530] {dagbag.py:545} INFO - Filling up the DagBag from /home/logi/txtai/venv/lib/python3.10/site-packages/airflow/example_dags/plugins/workday.py
[2025-11-14T11:46:17.530+0530] {processor.py:842} WARNING - No viable dags retrieved from /home/logi/txtai/venv/lib/python3.10/site-packages/airflow/example_dags/plugins/workday.py
[2025-11-14T11:46:17.555+0530] {processor.py:183} INFO - Processing /home/logi/txtai/venv/lib/python3.10/site-packages/airflow/example_dags/plugins/workday.py took 0.377 seconds
[2025-11-14T11:46:48.029+0530] {processor.py:161} INFO - Started process (PID=29632) to work on /home/logi/txtai/venv/lib/python3.10/site-packages/airflow/example_dags/plugins/workday.py
[2025-11-14T11:46:48.043+0530] {processor.py:830} INFO - Processing file /home/logi/txtai/venv/lib/python3.10/site-packages/airflow/example_dags/plugins/workday.py for tasks to queue
[2025-11-14T11:46:48.047+0530] {logging_mixin.py:188} INFO - [2025-11-14T11:46:48.046+0530] {dagbag.py:545} INFO - Filling up the DagBag from /home/logi/txtai/venv/lib/python3.10/site-packages/airflow/example_dags/plugins/workday.py
[2025-11-14T11:46:48.397+0530] {processor.py:842} WARNING - No viable dags retrieved from /home/logi/txtai/venv/lib/python3.10/site-packages/airflow/example_dags/plugins/workday.py
[2025-11-14T11:46:48.420+0530] {processor.py:183} INFO - Processing /home/logi/txtai/venv/lib/python3.10/site-packages/airflow/example_dags/plugins/workday.py took 0.405 seconds
[2025-11-14T11:47:18.641+0530] {processor.py:161} INFO - Started process (PID=30356) to work on /home/logi/txtai/venv/lib/python3.10/site-packages/airflow/example_dags/plugins/workday.py
[2025-11-14T11:47:18.655+0530] {processor.py:830} INFO - Processing file /home/logi/txtai/venv/lib/python3.10/site-packages/airflow/example_dags/plugins/workday.py for tasks to queue
[2025-11-14T11:47:18.659+0530] {logging_mixin.py:188} INFO - [2025-11-14T11:47:18.658+0530] {dagbag.py:545} INFO - Filling up the DagBag from /home/logi/txtai/venv/lib/python3.10/site-packages/airflow/example_dags/plugins/workday.py
[2025-11-14T11:47:19.053+0530] {processor.py:842} WARNING - No viable dags retrieved from /home/logi/txtai/venv/lib/python3.10/site-packages/airflow/example_dags/plugins/workday.py
[2025-11-14T11:47:19.081+0530] {processor.py:183} INFO - Processing /home/logi/txtai/venv/lib/python3.10/site-packages/airflow/example_dags/plugins/workday.py took 0.457 seconds
