[2025-11-14T11:46:10.641+0530] {local_task_job_runner.py:120} INFO - ::group::Pre task execution logs
[2025-11-14T11:46:10.689+0530] {taskinstance.py:2076} INFO - Dependencies all met for dep_context=non-requeueable deps ti=<TaskInstance: structured_data_pipeline.extract_orders scheduled__2025-11-14T06:14:00+00:00 [queued]>
[2025-11-14T11:46:10.701+0530] {taskinstance.py:2076} INFO - Dependencies all met for dep_context=requeueable deps ti=<TaskInstance: structured_data_pipeline.extract_orders scheduled__2025-11-14T06:14:00+00:00 [queued]>
[2025-11-14T11:46:10.702+0530] {taskinstance.py:2306} INFO - Starting attempt 1 of 1
[2025-11-14T11:46:10.722+0530] {taskinstance.py:2330} INFO - Executing <Task(PythonOperator): extract_orders> on 2025-11-14 06:14:00+00:00
[2025-11-14T11:46:10.730+0530] {standard_task_runner.py:64} INFO - Started process 28767 to run task
[2025-11-14T11:46:10.733+0530] {standard_task_runner.py:90} INFO - Running: ['airflow', 'tasks', 'run', 'structured_data_pipeline', 'extract_orders', 'scheduled__2025-11-14T06:14:00+00:00', '--job-id', '614', '--raw', '--subdir', 'DAGS_FOLDER/dag.py', '--cfg-path', '/tmp/tmpstynvfhn']
[2025-11-14T11:46:10.734+0530] {standard_task_runner.py:91} INFO - Job 614: Subtask extract_orders
[2025-11-14T11:46:10.841+0530] {task_command.py:426} INFO - Running <TaskInstance: structured_data_pipeline.extract_orders scheduled__2025-11-14T06:14:00+00:00 [running]> on host logi-Inspiron-15-3525
[2025-11-14T11:46:11.000+0530] {taskinstance.py:2648} INFO - Exporting env vars: AIRFLOW_CTX_DAG_OWNER='data_engineering' AIRFLOW_CTX_DAG_ID='structured_data_pipeline' AIRFLOW_CTX_TASK_ID='extract_orders' AIRFLOW_CTX_EXECUTION_DATE='2025-11-14T06:14:00+00:00' AIRFLOW_CTX_TRY_NUMBER='1' AIRFLOW_CTX_DAG_RUN_ID='scheduled__2025-11-14T06:14:00+00:00'
[2025-11-14T11:46:11.001+0530] {taskinstance.py:430} INFO - ::endgroup::
[2025-11-14T11:46:11.002+0530] {tasks.py:122} INFO - Extracting data from table: orders
[2025-11-14T11:46:11.026+0530] {tasks.py:132} INFO - Using postgres connector: postgres_source, found: False
[2025-11-14T11:46:11.027+0530] {tasks.py:37} INFO - Creating Airflow-managed PostgreSQL connector
[2025-11-14T11:46:11.027+0530] {factory.py:68} INFO - Created airflow_postgres connector
[2025-11-14T11:46:11.050+0530] {base.py:84} INFO - Using connection ID 'postgres_structured_source' for task execution.
[2025-11-14T11:46:11.076+0530] {postgres.py:43} INFO - Airflow Postgres connection established successfully
[2025-11-14T11:46:11.077+0530] {postgres.py:83} INFO - Airflow Postgres connection test successful
[2025-11-14T11:46:11.077+0530] {tasks.py:57} INFO - Airflow PostgreSQL connector created and registered: postgres_source
[2025-11-14T11:46:11.122+0530] {factory.py:64} INFO - Created postgres extractor
[2025-11-14T11:46:11.123+0530] {state_manager.py:38} INFO - Loaded state from /home/logi/txtai/etl_pipeline/etl_state.json
[2025-11-14T11:46:11.124+0530] {state_manager.py:79} INFO - Last extracted value for orders.order_date: None
[2025-11-14T11:46:11.124+0530] {postgres_extractor.py:145} INFO - Performing incremental date extraction from orders using column order_date
[2025-11-14T11:46:11.133+0530] {logging_mixin.py:188} WARNING - /home/logi/txtai/etl_pipeline/structure/extractor/postgres_extractor.py:188 UserWarning: pandas only supports SQLAlchemy connectable (engine/connection) or database string URI or sqlite3 DBAPI2 connection. Other DBAPI2 objects are not tested. Please consider using SQLAlchemy.
[2025-11-14T11:46:11.143+0530] {postgres_extractor.py:191} INFO - Extracted 4 rows from orders (date range: None to None)
[2025-11-14T11:46:11.145+0530] {state_manager.py:100} INFO - Set last extracted value for orders.order_date: 2025-11-13T00:40:08.845146
[2025-11-14T11:46:11.146+0530] {state_manager.py:55} INFO - Saved state to /home/logi/txtai/etl_pipeline/etl_state.json
[2025-11-14T11:46:11.146+0530] {tasks.py:185} INFO - Updated date state: 2025-11-13T00:40:08.845146
[2025-11-14T11:46:11.148+0530] {tasks.py:203} INFO - Extracted 4 rows from orders
[2025-11-14T11:46:11.148+0530] {python.py:237} INFO - Done. Returned value was: {'table_name': 'orders', 'row_count': 4, 'data': [{'order_id': 1, 'user_id': 1, 'order_date': '2025-11-11T23:37:14.168459', 'total_amount': 100.5, 'status': 'pending'}, {'order_id': 2, 'user_id': 2, 'order_date': '2025-11-11T23:37:14.168459', 'total_amount': 200.0, 'status': 'completed'}, {'order_id': 3, 'user_id': 3, 'order_date': '2025-11-11T23:37:14.168459', 'total_amount': 150.0, 'status': 'shipped'}, {'order_id': 4, 'user_id': 2, 'order_date': '2025-11-13T00:40:08.845146', 'total_amount': 175.25, 'status': 'pending'}], 'columns': ['order_id', 'user_id', 'order_date', 'total_amount', 'status']}
[2025-11-14T11:46:11.149+0530] {taskinstance.py:441} INFO - ::group::Post task execution logs
[2025-11-14T11:46:11.191+0530] {taskinstance.py:1206} INFO - Marking task as SUCCESS. dag_id=structured_data_pipeline, task_id=extract_orders, run_id=scheduled__2025-11-14T06:14:00+00:00, execution_date=20251114T061400, start_date=20251114T061610, end_date=20251114T061611
[2025-11-14T11:46:11.227+0530] {local_task_job_runner.py:243} INFO - Task exited with return code 0
[2025-11-14T11:46:11.294+0530] {taskinstance.py:3503} INFO - 1 downstream tasks scheduled from follow-on schedule check
[2025-11-14T11:46:11.296+0530] {local_task_job_runner.py:222} INFO - ::endgroup::
