[2025-11-14T10:49:26.401+0530] {local_task_job_runner.py:120} INFO - ::group::Pre task execution logs
[2025-11-14T10:49:26.461+0530] {taskinstance.py:2076} INFO - Dependencies all met for dep_context=non-requeueable deps ti=<TaskInstance: structured_data_pipeline.create_postgres_connector scheduled__2025-11-14T04:58:00+00:00 [queued]>
[2025-11-14T10:49:26.480+0530] {taskinstance.py:2076} INFO - Dependencies all met for dep_context=requeueable deps ti=<TaskInstance: structured_data_pipeline.create_postgres_connector scheduled__2025-11-14T04:58:00+00:00 [queued]>
[2025-11-14T10:49:26.480+0530] {taskinstance.py:2306} INFO - Starting attempt 1 of 1
[2025-11-14T10:49:26.505+0530] {taskinstance.py:2330} INFO - Executing <Task(PythonOperator): create_postgres_connector> on 2025-11-14 04:58:00+00:00
[2025-11-14T10:49:26.512+0530] {standard_task_runner.py:64} INFO - Started process 6790 to run task
[2025-11-14T10:49:26.521+0530] {standard_task_runner.py:90} INFO - Running: ['airflow', 'tasks', 'run', 'structured_data_pipeline', 'create_postgres_connector', 'scheduled__2025-11-14T04:58:00+00:00', '--job-id', '595', '--raw', '--subdir', 'DAGS_FOLDER/dag.py', '--cfg-path', '/tmp/tmp1gfpugbo']
[2025-11-14T10:49:26.522+0530] {standard_task_runner.py:91} INFO - Job 595: Subtask create_postgres_connector
[2025-11-14T10:49:26.630+0530] {task_command.py:426} INFO - Running <TaskInstance: structured_data_pipeline.create_postgres_connector scheduled__2025-11-14T04:58:00+00:00 [running]> on host logi-Inspiron-15-3525
[2025-11-14T10:49:26.813+0530] {taskinstance.py:2648} INFO - Exporting env vars: AIRFLOW_CTX_DAG_OWNER='data_engineering' AIRFLOW_CTX_DAG_ID='structured_data_pipeline' AIRFLOW_CTX_TASK_ID='create_postgres_connector' AIRFLOW_CTX_EXECUTION_DATE='2025-11-14T04:58:00+00:00' AIRFLOW_CTX_TRY_NUMBER='1' AIRFLOW_CTX_DAG_RUN_ID='scheduled__2025-11-14T04:58:00+00:00'
[2025-11-14T10:49:26.816+0530] {taskinstance.py:430} INFO - ::endgroup::
[2025-11-14T10:49:26.819+0530] {tasks.py:37} INFO - Creating Airflow-managed PostgreSQL connector
[2025-11-14T10:49:26.820+0530] {factory.py:68} INFO - Created airflow_postgres connector
[2025-11-14T10:49:26.859+0530] {base.py:84} INFO - Using connection ID 'postgres_structured_source' for task execution.
[2025-11-14T10:49:26.902+0530] {postgres.py:43} INFO - Airflow Postgres connection established successfully
[2025-11-14T10:49:26.904+0530] {postgres.py:83} INFO - Airflow Postgres connection test successful
[2025-11-14T10:49:26.904+0530] {tasks.py:57} INFO - Airflow PostgreSQL connector created and registered: postgres_source
[2025-11-14T10:49:26.939+0530] {python.py:237} INFO - Done. Returned value was: postgres_source
[2025-11-14T10:49:26.940+0530] {taskinstance.py:441} INFO - ::group::Post task execution logs
[2025-11-14T10:49:27.038+0530] {taskinstance.py:1206} INFO - Marking task as SUCCESS. dag_id=structured_data_pipeline, task_id=create_postgres_connector, run_id=scheduled__2025-11-14T04:58:00+00:00, execution_date=20251114T045800, start_date=20251114T051926, end_date=20251114T051927
[2025-11-14T10:49:27.136+0530] {local_task_job_runner.py:243} INFO - Task exited with return code 0
[2025-11-14T10:49:27.259+0530] {taskinstance.py:3503} INFO - 3 downstream tasks scheduled from follow-on schedule check
[2025-11-14T10:49:27.278+0530] {local_task_job_runner.py:222} INFO - ::endgroup::
