[2025-11-13T23:57:54.142+0530] {local_task_job_runner.py:120} INFO - ::group::Pre task execution logs
[2025-11-13T23:57:54.195+0530] {taskinstance.py:2076} INFO - Dependencies all met for dep_context=non-requeueable deps ti=<TaskInstance: structured_data_pipeline.extract_users scheduled__2025-11-13T18:26:00+00:00 [queued]>
[2025-11-13T23:57:54.209+0530] {taskinstance.py:2076} INFO - Dependencies all met for dep_context=requeueable deps ti=<TaskInstance: structured_data_pipeline.extract_users scheduled__2025-11-13T18:26:00+00:00 [queued]>
[2025-11-13T23:57:54.209+0530] {taskinstance.py:2306} INFO - Starting attempt 1 of 1
[2025-11-13T23:57:54.230+0530] {taskinstance.py:2330} INFO - Executing <Task(PythonOperator): extract_users> on 2025-11-13 18:26:00+00:00
[2025-11-13T23:57:54.243+0530] {standard_task_runner.py:64} INFO - Started process 35964 to run task
[2025-11-13T23:57:54.251+0530] {standard_task_runner.py:90} INFO - Running: ['airflow', 'tasks', 'run', 'structured_data_pipeline', 'extract_users', 'scheduled__2025-11-13T18:26:00+00:00', '--job-id', '572', '--raw', '--subdir', 'DAGS_FOLDER/dag.py', '--cfg-path', '/tmp/tmpp6urkbe4']
[2025-11-13T23:57:54.253+0530] {standard_task_runner.py:91} INFO - Job 572: Subtask extract_users
[2025-11-13T23:57:54.398+0530] {task_command.py:426} INFO - Running <TaskInstance: structured_data_pipeline.extract_users scheduled__2025-11-13T18:26:00+00:00 [running]> on host logi-Inspiron-15-3525
[2025-11-13T23:57:54.522+0530] {taskinstance.py:2648} INFO - Exporting env vars: AIRFLOW_CTX_DAG_OWNER='data_engineering' AIRFLOW_CTX_DAG_ID='structured_data_pipeline' AIRFLOW_CTX_TASK_ID='extract_users' AIRFLOW_CTX_EXECUTION_DATE='2025-11-13T18:26:00+00:00' AIRFLOW_CTX_TRY_NUMBER='1' AIRFLOW_CTX_DAG_RUN_ID='scheduled__2025-11-13T18:26:00+00:00'
[2025-11-13T23:57:54.523+0530] {taskinstance.py:430} INFO - ::endgroup::
[2025-11-13T23:57:54.524+0530] {tasks.py:122} INFO - Extracting data from table: users
[2025-11-13T23:57:54.565+0530] {tasks.py:132} INFO - Using postgres connector: postgres_source, found: False
[2025-11-13T23:57:54.565+0530] {tasks.py:37} INFO - Creating Airflow-managed PostgreSQL connector
[2025-11-13T23:57:54.566+0530] {factory.py:68} INFO - Created airflow_postgres connector
[2025-11-13T23:57:54.607+0530] {base.py:84} INFO - Using connection ID 'postgres_structured_source' for task execution.
[2025-11-13T23:57:54.649+0530] {postgres.py:43} INFO - Airflow Postgres connection established successfully
[2025-11-13T23:57:54.651+0530] {postgres.py:83} INFO - Airflow Postgres connection test successful
[2025-11-13T23:57:54.652+0530] {tasks.py:57} INFO - Airflow PostgreSQL connector created and registered: postgres_source
[2025-11-13T23:57:54.698+0530] {factory.py:64} INFO - Created postgres extractor
[2025-11-13T23:57:54.699+0530] {state_manager.py:38} INFO - Loaded state from /home/logi/txtai/etl_pipeline/etl_state.json
[2025-11-13T23:57:54.700+0530] {state_manager.py:79} INFO - Last extracted value for users.updated_at: 2025-11-13T05:27:33.628145
[2025-11-13T23:57:54.701+0530] {tasks.py:166} INFO - Using last date: 2025-11-13T05:27:33.628145
[2025-11-13T23:57:54.701+0530] {postgres_extractor.py:145} INFO - Performing incremental date extraction from users using column updated_at
[2025-11-13T23:57:54.722+0530] {logging_mixin.py:188} WARNING - /home/logi/txtai/etl_pipeline/extractor/postgres_extractor.py:188 UserWarning: pandas only supports SQLAlchemy connectable (engine/connection) or database string URI or sqlite3 DBAPI2 connection. Other DBAPI2 objects are not tested. Please consider using SQLAlchemy.
[2025-11-13T23:57:54.741+0530] {postgres_extractor.py:191} INFO - Extracted 0 rows from users (date range: 2025-11-13T05:27:33.628145 to None)
[2025-11-13T23:57:54.743+0530] {tasks.py:203} INFO - Extracted 0 rows from users
[2025-11-13T23:57:54.744+0530] {python.py:237} INFO - Done. Returned value was: {'table_name': 'users', 'row_count': 0, 'data': [], 'columns': ['id', 'username', 'email', 'created_at', 'updated_at']}
[2025-11-13T23:57:54.744+0530] {taskinstance.py:441} INFO - ::group::Post task execution logs
[2025-11-13T23:57:54.816+0530] {taskinstance.py:1206} INFO - Marking task as SUCCESS. dag_id=structured_data_pipeline, task_id=extract_users, run_id=scheduled__2025-11-13T18:26:00+00:00, execution_date=20251113T182600, start_date=20251113T182754, end_date=20251113T182754
[2025-11-13T23:57:54.865+0530] {local_task_job_runner.py:243} INFO - Task exited with return code 0
[2025-11-13T23:57:54.943+0530] {taskinstance.py:3503} INFO - 1 downstream tasks scheduled from follow-on schedule check
[2025-11-13T23:57:54.946+0530] {local_task_job_runner.py:222} INFO - ::endgroup::
