[2025-11-12T00:03:29.777+0530] {local_task_job_runner.py:120} INFO - ::group::Pre task execution logs
[2025-11-12T00:03:29.790+0530] {taskinstance.py:2076} INFO - Dependencies all met for dep_context=non-requeueable deps ti=<TaskInstance: structured_data_pipeline.extract_products scheduled__2025-11-11T18:27:00+00:00 [queued]>
[2025-11-12T00:03:29.795+0530] {taskinstance.py:2076} INFO - Dependencies all met for dep_context=requeueable deps ti=<TaskInstance: structured_data_pipeline.extract_products scheduled__2025-11-11T18:27:00+00:00 [queued]>
[2025-11-12T00:03:29.795+0530] {taskinstance.py:2306} INFO - Starting attempt 1 of 3
[2025-11-12T00:03:29.817+0530] {taskinstance.py:2330} INFO - Executing <Task(PythonOperator): extract_products> on 2025-11-11 18:27:00+00:00
[2025-11-12T00:03:29.823+0530] {standard_task_runner.py:64} INFO - Started process 13575 to run task
[2025-11-12T00:03:29.827+0530] {standard_task_runner.py:90} INFO - Running: ['airflow', 'tasks', 'run', 'structured_data_pipeline', 'extract_products', 'scheduled__2025-11-11T18:27:00+00:00', '--job-id', '11', '--raw', '--subdir', 'DAGS_FOLDER/dag.py', '--cfg-path', '/tmp/tmpy2kuz42y']
[2025-11-12T00:03:29.827+0530] {standard_task_runner.py:91} INFO - Job 11: Subtask extract_products
[2025-11-12T00:03:29.901+0530] {task_command.py:426} INFO - Running <TaskInstance: structured_data_pipeline.extract_products scheduled__2025-11-11T18:27:00+00:00 [running]> on host logi-Inspiron-15-3525
[2025-11-12T00:03:30.416+0530] {taskinstance.py:2648} INFO - Exporting env vars: AIRFLOW_CTX_DAG_OWNER='data_engineering' AIRFLOW_CTX_DAG_ID='structured_data_pipeline' AIRFLOW_CTX_TASK_ID='extract_products' AIRFLOW_CTX_EXECUTION_DATE='2025-11-11T18:27:00+00:00' AIRFLOW_CTX_TRY_NUMBER='1' AIRFLOW_CTX_DAG_RUN_ID='scheduled__2025-11-11T18:27:00+00:00'
[2025-11-12T00:03:30.418+0530] {taskinstance.py:430} INFO - ::endgroup::
[2025-11-12T00:03:30.419+0530] {tasks.py:126} INFO - Extracting data from table: products
[2025-11-12T00:03:30.428+0530] {tasks.py:191} ERROR - Error extracting data: PostgresSQL connector not found: postgres_source
[2025-11-12T00:03:30.428+0530] {taskinstance.py:441} INFO - ::group::Post task execution logs
[2025-11-12T00:03:30.429+0530] {taskinstance.py:2905} ERROR - Task failed with exception
Traceback (most recent call last):
  File "/home/logi/txtai/venv/lib/python3.10/site-packages/airflow/models/taskinstance.py", line 465, in _execute_task
    result = _execute_callable(context=context, **execute_callable_kwargs)
  File "/home/logi/txtai/venv/lib/python3.10/site-packages/airflow/models/taskinstance.py", line 432, in _execute_callable
    return execute_callable(context=context, **execute_callable_kwargs)
  File "/home/logi/txtai/venv/lib/python3.10/site-packages/airflow/models/baseoperator.py", line 401, in wrapper
    return func(self, *args, **kwargs)
  File "/home/logi/txtai/venv/lib/python3.10/site-packages/airflow/operators/python.py", line 235, in execute
    return_value = self.execute_callable()
  File "/home/logi/txtai/venv/lib/python3.10/site-packages/airflow/operators/python.py", line 252, in execute_callable
    return self.python_callable(*self.op_args, **self.op_kwargs)
  File "/home/logi/txtai/etl_pipeline/dags/tasks.py", line 137, in extract_table_data
    raise ValueError(f"PostgresSQL connector not found: {postgres_conn_id}")
ValueError: PostgresSQL connector not found: postgres_source
[2025-11-12T00:03:30.433+0530] {taskinstance.py:1206} INFO - Marking task as UP_FOR_RETRY. dag_id=structured_data_pipeline, task_id=extract_products, run_id=scheduled__2025-11-11T18:27:00+00:00, execution_date=20251111T182700, start_date=20251111T183329, end_date=20251111T183330
[2025-11-12T00:03:30.442+0530] {standard_task_runner.py:110} ERROR - Failed to execute job 11 for task extract_products (PostgresSQL connector not found: postgres_source; 13575)
[2025-11-12T00:03:30.480+0530] {local_task_job_runner.py:243} INFO - Task exited with return code 1
[2025-11-12T00:03:30.515+0530] {taskinstance.py:3503} INFO - 0 downstream tasks scheduled from follow-on schedule check
[2025-11-12T00:03:30.517+0530] {local_task_job_runner.py:222} INFO - ::endgroup::
