[2025-11-12T12:52:09.158+0530] {local_task_job_runner.py:120} INFO - ::group::Pre task execution logs
[2025-11-12T12:52:09.169+0530] {taskinstance.py:2076} INFO - Dependencies all met for dep_context=non-requeueable deps ti=<TaskInstance: structured_data_pipeline.transform_products manual__2025-11-12T07:13:03.353149+00:00 [queued]>
[2025-11-12T12:52:09.174+0530] {taskinstance.py:2076} INFO - Dependencies all met for dep_context=requeueable deps ti=<TaskInstance: structured_data_pipeline.transform_products manual__2025-11-12T07:13:03.353149+00:00 [queued]>
[2025-11-12T12:52:09.174+0530] {taskinstance.py:2306} INFO - Starting attempt 1 of 3
[2025-11-12T12:52:09.184+0530] {taskinstance.py:2330} INFO - Executing <Task(PythonOperator): transform_products> on 2025-11-12 07:13:03.353149+00:00
[2025-11-12T12:52:09.190+0530] {standard_task_runner.py:64} INFO - Started process 21157 to run task
[2025-11-12T12:52:09.194+0530] {standard_task_runner.py:90} INFO - Running: ['airflow', 'tasks', 'run', 'structured_data_pipeline', 'transform_products', 'manual__2025-11-12T07:13:03.353149+00:00', '--job-id', '170', '--raw', '--subdir', 'DAGS_FOLDER/dag.py', '--cfg-path', '/tmp/tmp0fwwk778']
[2025-11-12T12:52:09.195+0530] {standard_task_runner.py:91} INFO - Job 170: Subtask transform_products
[2025-11-12T12:52:09.233+0530] {task_command.py:426} INFO - Running <TaskInstance: structured_data_pipeline.transform_products manual__2025-11-12T07:13:03.353149+00:00 [running]> on host logi-Inspiron-15-3525
[2025-11-12T12:52:09.282+0530] {taskinstance.py:2648} INFO - Exporting env vars: AIRFLOW_CTX_DAG_OWNER='data_engineering' AIRFLOW_CTX_DAG_ID='structured_data_pipeline' AIRFLOW_CTX_TASK_ID='transform_products' AIRFLOW_CTX_EXECUTION_DATE='2025-11-12T07:13:03.353149+00:00' AIRFLOW_CTX_TRY_NUMBER='1' AIRFLOW_CTX_DAG_RUN_ID='manual__2025-11-12T07:13:03.353149+00:00'
[2025-11-12T12:52:09.283+0530] {taskinstance.py:430} INFO - ::endgroup::
[2025-11-12T12:52:09.287+0530] {tasks.py:209} INFO - Transforming data for table: products
[2025-11-12T12:52:09.289+0530] {factory.py:60} INFO - Created json transformer
[2025-11-12T12:52:09.293+0530] {json_transformer.py:101} INFO - Transformed 3 rows to JSON format
[2025-11-12T12:52:09.293+0530] {tasks.py:234} INFO - Transformed 3 rows for products
[2025-11-12T12:52:09.293+0530] {python.py:237} INFO - Done. Returned value was: {'table_name': 'products', 'row_count': 3, 'data': [{'id': 1, 'name': 'laptop', 'price': 1200.0, 'stock': 10, 'created_at': '2025-11-11T23:41:51.240184', 'updated_at': '2025-11-11T23:41:51.240184'}, {'id': 2, 'name': 'mouse', 'price': 25.0, 'stock': 50, 'created_at': '2025-11-11T23:41:51.240184', 'updated_at': '2025-11-11T23:41:51.240184'}, {'id': 3, 'name': 'keyboard', 'price': 45.75, 'stock': 40, 'created_at': '2025-11-11T23:41:51.240184', 'updated_at': '2025-11-11T23:41:51.240184'}]}
[2025-11-12T12:52:09.293+0530] {taskinstance.py:441} INFO - ::group::Post task execution logs
[2025-11-12T12:52:09.303+0530] {taskinstance.py:1206} INFO - Marking task as SUCCESS. dag_id=structured_data_pipeline, task_id=transform_products, run_id=manual__2025-11-12T07:13:03.353149+00:00, execution_date=20251112T071303, start_date=20251112T072209, end_date=20251112T072209
[2025-11-12T12:52:09.326+0530] {local_task_job_runner.py:243} INFO - Task exited with return code 0
[2025-11-12T12:52:09.361+0530] {taskinstance.py:3503} INFO - 1 downstream tasks scheduled from follow-on schedule check
[2025-11-12T12:52:09.365+0530] {local_task_job_runner.py:222} INFO - ::endgroup::
