[2025-11-13T23:55:47.744+0530] {local_task_job_runner.py:120} INFO - ::group::Pre task execution logs
[2025-11-13T23:55:47.801+0530] {taskinstance.py:2076} INFO - Dependencies all met for dep_context=non-requeueable deps ti=<TaskInstance: structured_data_pipeline.create_postgres_connector manual__2025-11-13T18:25:11.922865+00:00 [queued]>
[2025-11-13T23:55:47.813+0530] {taskinstance.py:2076} INFO - Dependencies all met for dep_context=requeueable deps ti=<TaskInstance: structured_data_pipeline.create_postgres_connector manual__2025-11-13T18:25:11.922865+00:00 [queued]>
[2025-11-13T23:55:47.814+0530] {taskinstance.py:2306} INFO - Starting attempt 1 of 1
[2025-11-13T23:55:47.846+0530] {taskinstance.py:2330} INFO - Executing <Task(PythonOperator): create_postgres_connector> on 2025-11-13 18:25:11.922865+00:00
[2025-11-13T23:55:47.854+0530] {standard_task_runner.py:64} INFO - Started process 32890 to run task
[2025-11-13T23:55:47.857+0530] {standard_task_runner.py:90} INFO - Running: ['airflow', 'tasks', 'run', 'structured_data_pipeline', 'create_postgres_connector', 'manual__2025-11-13T18:25:11.922865+00:00', '--job-id', '546', '--raw', '--subdir', 'DAGS_FOLDER/dag.py', '--cfg-path', '/tmp/tmpu6j1omze']
[2025-11-13T23:55:47.858+0530] {standard_task_runner.py:91} INFO - Job 546: Subtask create_postgres_connector
[2025-11-13T23:55:47.969+0530] {task_command.py:426} INFO - Running <TaskInstance: structured_data_pipeline.create_postgres_connector manual__2025-11-13T18:25:11.922865+00:00 [running]> on host logi-Inspiron-15-3525
[2025-11-13T23:55:48.193+0530] {taskinstance.py:2648} INFO - Exporting env vars: AIRFLOW_CTX_DAG_OWNER='data_engineering' AIRFLOW_CTX_DAG_ID='structured_data_pipeline' AIRFLOW_CTX_TASK_ID='create_postgres_connector' AIRFLOW_CTX_EXECUTION_DATE='2025-11-13T18:25:11.922865+00:00' AIRFLOW_CTX_TRY_NUMBER='1' AIRFLOW_CTX_DAG_RUN_ID='manual__2025-11-13T18:25:11.922865+00:00'
[2025-11-13T23:55:48.195+0530] {taskinstance.py:430} INFO - ::endgroup::
[2025-11-13T23:55:48.196+0530] {tasks.py:37} INFO - Creating Airflow-managed PostgreSQL connector
[2025-11-13T23:55:48.196+0530] {factory.py:68} INFO - Created airflow_postgres connector
[2025-11-13T23:55:48.227+0530] {base.py:84} INFO - Using connection ID 'postgres_structured_source' for task execution.
[2025-11-13T23:55:48.258+0530] {postgres.py:43} INFO - Airflow Postgres connection established successfully
[2025-11-13T23:55:48.260+0530] {postgres.py:83} INFO - Airflow Postgres connection test successful
[2025-11-13T23:55:48.261+0530] {tasks.py:57} INFO - Airflow PostgreSQL connector created and registered: postgres_source
[2025-11-13T23:55:48.315+0530] {python.py:237} INFO - Done. Returned value was: postgres_source
[2025-11-13T23:55:48.315+0530] {taskinstance.py:441} INFO - ::group::Post task execution logs
[2025-11-13T23:55:48.381+0530] {taskinstance.py:1206} INFO - Marking task as SUCCESS. dag_id=structured_data_pipeline, task_id=create_postgres_connector, run_id=manual__2025-11-13T18:25:11.922865+00:00, execution_date=20251113T182511, start_date=20251113T182547, end_date=20251113T182548
[2025-11-13T23:55:48.431+0530] {local_task_job_runner.py:243} INFO - Task exited with return code 0
[2025-11-13T23:55:48.506+0530] {taskinstance.py:3503} INFO - 3 downstream tasks scheduled from follow-on schedule check
[2025-11-13T23:55:48.520+0530] {local_task_job_runner.py:222} INFO - ::endgroup::
