[2025-11-13T23:59:01.867+0530] {local_task_job_runner.py:120} INFO - ::group::Pre task execution logs
[2025-11-13T23:59:01.911+0530] {taskinstance.py:2076} INFO - Dependencies all met for dep_context=non-requeueable deps ti=<TaskInstance: structured_data_pipeline.extract_products scheduled__2025-11-13T18:27:00+00:00 [queued]>
[2025-11-13T23:59:01.927+0530] {taskinstance.py:2076} INFO - Dependencies all met for dep_context=requeueable deps ti=<TaskInstance: structured_data_pipeline.extract_products scheduled__2025-11-13T18:27:00+00:00 [queued]>
[2025-11-13T23:59:01.928+0530] {taskinstance.py:2306} INFO - Starting attempt 1 of 1
[2025-11-13T23:59:01.954+0530] {taskinstance.py:2330} INFO - Executing <Task(PythonOperator): extract_products> on 2025-11-13 18:27:00+00:00
[2025-11-13T23:59:01.966+0530] {standard_task_runner.py:64} INFO - Started process 37764 to run task
[2025-11-13T23:59:01.971+0530] {standard_task_runner.py:90} INFO - Running: ['airflow', 'tasks', 'run', 'structured_data_pipeline', 'extract_products', 'scheduled__2025-11-13T18:27:00+00:00', '--job-id', '586', '--raw', '--subdir', 'DAGS_FOLDER/dag.py', '--cfg-path', '/tmp/tmp5iv17_yk']
[2025-11-13T23:59:01.973+0530] {standard_task_runner.py:91} INFO - Job 586: Subtask extract_products
[2025-11-13T23:59:02.154+0530] {task_command.py:426} INFO - Running <TaskInstance: structured_data_pipeline.extract_products scheduled__2025-11-13T18:27:00+00:00 [running]> on host logi-Inspiron-15-3525
[2025-11-13T23:59:02.402+0530] {taskinstance.py:2648} INFO - Exporting env vars: AIRFLOW_CTX_DAG_OWNER='data_engineering' AIRFLOW_CTX_DAG_ID='structured_data_pipeline' AIRFLOW_CTX_TASK_ID='extract_products' AIRFLOW_CTX_EXECUTION_DATE='2025-11-13T18:27:00+00:00' AIRFLOW_CTX_TRY_NUMBER='1' AIRFLOW_CTX_DAG_RUN_ID='scheduled__2025-11-13T18:27:00+00:00'
[2025-11-13T23:59:02.406+0530] {taskinstance.py:430} INFO - ::endgroup::
[2025-11-13T23:59:02.407+0530] {tasks.py:122} INFO - Extracting data from table: products
[2025-11-13T23:59:02.441+0530] {tasks.py:132} INFO - Using postgres connector: postgres_source, found: False
[2025-11-13T23:59:02.442+0530] {tasks.py:37} INFO - Creating Airflow-managed PostgreSQL connector
[2025-11-13T23:59:02.442+0530] {factory.py:68} INFO - Created airflow_postgres connector
[2025-11-13T23:59:02.474+0530] {base.py:84} INFO - Using connection ID 'postgres_structured_source' for task execution.
[2025-11-13T23:59:02.509+0530] {postgres.py:43} INFO - Airflow Postgres connection established successfully
[2025-11-13T23:59:02.511+0530] {postgres.py:83} INFO - Airflow Postgres connection test successful
[2025-11-13T23:59:02.512+0530] {tasks.py:57} INFO - Airflow PostgreSQL connector created and registered: postgres_source
[2025-11-13T23:59:02.572+0530] {factory.py:64} INFO - Created postgres extractor
[2025-11-13T23:59:02.575+0530] {state_manager.py:38} INFO - Loaded state from /home/logi/txtai/etl_pipeline/etl_state.json
[2025-11-13T23:59:02.575+0530] {state_manager.py:79} INFO - Last extracted value for products.updated_at: 2025-11-13T00:33:59.242802
[2025-11-13T23:59:02.576+0530] {tasks.py:166} INFO - Using last date: 2025-11-13T00:33:59.242802
[2025-11-13T23:59:02.576+0530] {postgres_extractor.py:145} INFO - Performing incremental date extraction from products using column updated_at
[2025-11-13T23:59:02.599+0530] {logging_mixin.py:188} WARNING - /home/logi/txtai/etl_pipeline/extractor/postgres_extractor.py:188 UserWarning: pandas only supports SQLAlchemy connectable (engine/connection) or database string URI or sqlite3 DBAPI2 connection. Other DBAPI2 objects are not tested. Please consider using SQLAlchemy.
[2025-11-13T23:59:02.621+0530] {postgres_extractor.py:191} INFO - Extracted 0 rows from products (date range: 2025-11-13T00:33:59.242802 to None)
[2025-11-13T23:59:02.626+0530] {tasks.py:203} INFO - Extracted 0 rows from products
[2025-11-13T23:59:02.627+0530] {python.py:237} INFO - Done. Returned value was: {'table_name': 'products', 'row_count': 0, 'data': [], 'columns': ['id', 'name', 'price', 'stock', 'created_at', 'updated_at']}
[2025-11-13T23:59:02.627+0530] {taskinstance.py:441} INFO - ::group::Post task execution logs
[2025-11-13T23:59:02.724+0530] {taskinstance.py:1206} INFO - Marking task as SUCCESS. dag_id=structured_data_pipeline, task_id=extract_products, run_id=scheduled__2025-11-13T18:27:00+00:00, execution_date=20251113T182700, start_date=20251113T182901, end_date=20251113T182902
[2025-11-13T23:59:02.787+0530] {local_task_job_runner.py:243} INFO - Task exited with return code 0
[2025-11-13T23:59:02.891+0530] {taskinstance.py:3503} INFO - 1 downstream tasks scheduled from follow-on schedule check
[2025-11-13T23:59:02.907+0530] {local_task_job_runner.py:222} INFO - ::endgroup::
