[2025-10-31T20:24:03.473+0530] {local_task_job_runner.py:120} INFO - ::group::Pre task execution logs
[2025-10-31T20:24:03.486+0530] {taskinstance.py:2076} INFO - Dependencies all met for dep_context=non-requeueable deps ti=<TaskInstance: esai_pipeline_dag.extract_data scheduled__2025-10-31T14:52:00+00:00 [queued]>
[2025-10-31T20:24:03.491+0530] {taskinstance.py:2076} INFO - Dependencies all met for dep_context=requeueable deps ti=<TaskInstance: esai_pipeline_dag.extract_data scheduled__2025-10-31T14:52:00+00:00 [queued]>
[2025-10-31T20:24:03.491+0530] {taskinstance.py:2306} INFO - Starting attempt 1 of 1
[2025-10-31T20:24:03.502+0530] {taskinstance.py:2330} INFO - Executing <Task(PythonOperator): extract_data> on 2025-10-31 14:52:00+00:00
[2025-10-31T20:24:03.508+0530] {standard_task_runner.py:64} INFO - Started process 19373 to run task
[2025-10-31T20:24:03.515+0530] {standard_task_runner.py:90} INFO - Running: ['airflow', 'tasks', 'run', 'esai_pipeline_dag', 'extract_data', 'scheduled__2025-10-31T14:52:00+00:00', '--job-id', '127', '--raw', '--subdir', 'DAGS_FOLDER/esai_dag.py', '--cfg-path', '/tmp/tmp4b67zgid']
[2025-10-31T20:24:03.515+0530] {standard_task_runner.py:91} INFO - Job 127: Subtask extract_data
[2025-10-31T20:24:03.569+0530] {task_command.py:426} INFO - Running <TaskInstance: esai_pipeline_dag.extract_data scheduled__2025-10-31T14:52:00+00:00 [running]> on host logi-Inspiron-15-3525
[2025-10-31T20:24:03.763+0530] {taskinstance.py:2648} INFO - Exporting env vars: AIRFLOW_CTX_DAG_OWNER='logi' AIRFLOW_CTX_DAG_ID='esai_pipeline_dag' AIRFLOW_CTX_TASK_ID='extract_data' AIRFLOW_CTX_EXECUTION_DATE='2025-10-31T14:52:00+00:00' AIRFLOW_CTX_TRY_NUMBER='1' AIRFLOW_CTX_DAG_RUN_ID='scheduled__2025-10-31T14:52:00+00:00'
[2025-10-31T20:24:03.764+0530] {taskinstance.py:430} INFO - ::endgroup::
[2025-10-31T20:24:03.766+0530] {database.py:30} INFO - Attempting to connect to PostgreSQL at: localhost:5432/paper_curator
[2025-10-31T20:24:03.785+0530] {logging_mixin.py:188} INFO - 2025-10-31 20:24:03,784 INFO sqlalchemy.engine.Engine select pg_catalog.version()
[2025-10-31T20:24:03.784+0530] {base.py:1863} INFO - select pg_catalog.version()
[2025-10-31T20:24:03.785+0530] {logging_mixin.py:188} INFO - 2025-10-31 20:24:03,785 INFO sqlalchemy.engine.Engine [raw sql] {}
[2025-10-31T20:24:03.785+0530] {base.py:1868} INFO - [raw sql] {}
[2025-10-31T20:24:03.786+0530] {logging_mixin.py:188} INFO - 2025-10-31 20:24:03,786 INFO sqlalchemy.engine.Engine select current_schema()
[2025-10-31T20:24:03.786+0530] {base.py:1863} INFO - select current_schema()
[2025-10-31T20:24:03.786+0530] {logging_mixin.py:188} INFO - 2025-10-31 20:24:03,786 INFO sqlalchemy.engine.Engine [raw sql] {}
[2025-10-31T20:24:03.786+0530] {base.py:1868} INFO - [raw sql] {}
[2025-10-31T20:24:03.787+0530] {logging_mixin.py:188} INFO - 2025-10-31 20:24:03,787 INFO sqlalchemy.engine.Engine show standard_conforming_strings
[2025-10-31T20:24:03.787+0530] {base.py:1863} INFO - show standard_conforming_strings
[2025-10-31T20:24:03.787+0530] {logging_mixin.py:188} INFO - 2025-10-31 20:24:03,787 INFO sqlalchemy.engine.Engine [raw sql] {}
[2025-10-31T20:24:03.787+0530] {base.py:1868} INFO - [raw sql] {}
[2025-10-31T20:24:03.788+0530] {logging_mixin.py:188} INFO - 2025-10-31 20:24:03,788 INFO sqlalchemy.engine.Engine SELECT 1
[2025-10-31T20:24:03.788+0530] {base.py:1863} INFO - SELECT 1
[2025-10-31T20:24:03.789+0530] {logging_mixin.py:188} INFO - 2025-10-31 20:24:03,789 INFO sqlalchemy.engine.Engine [generated in 0.00037s] {}
[2025-10-31T20:24:03.789+0530] {base.py:1868} INFO - [generated in 0.00037s] {}
[2025-10-31T20:24:03.789+0530] {database.py:48} INFO - Database connection test successful
[2025-10-31T20:24:03.791+0530] {logging_mixin.py:188} INFO - 2025-10-31 20:24:03,791 INFO sqlalchemy.engine.Engine SELECT c.relname FROM pg_class c JOIN pg_namespace n ON n.oid = c.relnamespace WHERE n.nspname = %(schema)s AND c.relkind in ('r', 'p')
[2025-10-31T20:24:03.791+0530] {base.py:1863} INFO - SELECT c.relname FROM pg_class c JOIN pg_namespace n ON n.oid = c.relnamespace WHERE n.nspname = %(schema)s AND c.relkind in ('r', 'p')
[2025-10-31T20:24:03.791+0530] {logging_mixin.py:188} INFO - 2025-10-31 20:24:03,791 INFO sqlalchemy.engine.Engine [generated in 0.00042s] {'schema': 'public'}
[2025-10-31T20:24:03.791+0530] {base.py:1868} INFO - [generated in 0.00042s] {'schema': 'public'}
[2025-10-31T20:24:03.793+0530] {logging_mixin.py:188} INFO - 2025-10-31 20:24:03,793 INFO sqlalchemy.engine.Engine BEGIN (implicit)
[2025-10-31T20:24:03.793+0530] {base.py:1032} INFO - BEGIN (implicit)
[2025-10-31T20:24:03.793+0530] {logging_mixin.py:188} INFO - 2025-10-31 20:24:03,793 INFO sqlalchemy.engine.Engine COMMIT
[2025-10-31T20:24:03.793+0530] {base.py:1092} INFO - COMMIT
[2025-10-31T20:24:03.795+0530] {database.py:64} INFO - All tables already exist - no new tables created
[2025-10-31T20:24:03.795+0530] {database.py:66} INFO - PostgreSQL database initialized successfully
[2025-10-31T20:24:03.795+0530] {database.py:68} INFO - Database: paper_curator
[2025-10-31T20:24:03.795+0530] {database.py:69} INFO - Total tables: students
[2025-10-31T20:24:03.795+0530] {database.py:70} INFO - Database connection established
[2025-10-31T20:24:03.795+0530] {logging_mixin.py:188} INFO - Database connection successful
[2025-10-31T20:24:03.795+0530] {dbextractor.py:13} INFO - DBExtractor initialized with a valid database connection.
[2025-10-31T20:24:03.796+0530] {logging_mixin.py:188} INFO - 2025-10-31 20:24:03,796 INFO sqlalchemy.engine.Engine BEGIN (implicit)
[2025-10-31T20:24:03.796+0530] {base.py:1032} INFO - BEGIN (implicit)
[2025-10-31T20:24:03.797+0530] {logging_mixin.py:188} INFO - 2025-10-31 20:24:03,797 INFO sqlalchemy.engine.Engine SELECT * FROM students
[2025-10-31T20:24:03.797+0530] {base.py:1863} INFO - SELECT * FROM students
[2025-10-31T20:24:03.797+0530] {logging_mixin.py:188} INFO - 2025-10-31 20:24:03,797 INFO sqlalchemy.engine.Engine [generated in 0.00033s] {}
[2025-10-31T20:24:03.797+0530] {base.py:1868} INFO - [generated in 0.00033s] {}
[2025-10-31T20:24:03.799+0530] {logging_mixin.py:188} INFO - 2025-10-31 20:24:03,799 INFO sqlalchemy.engine.Engine ROLLBACK
[2025-10-31T20:24:03.799+0530] {base.py:1060} INFO - ROLLBACK
[2025-10-31T20:24:03.800+0530] {dbextractor.py:30} INFO - Extracted 5 rows from 'students'.
[2025-10-31T20:24:03.803+0530] {dbextractor.py:35} INFO - Data exported to CSV: students_export.csv
[2025-10-31T20:24:03.812+0530] {python.py:237} INFO - Done. Returned value was: None
[2025-10-31T20:24:03.812+0530] {taskinstance.py:441} INFO - ::group::Post task execution logs
[2025-10-31T20:24:03.815+0530] {taskinstance.py:1206} INFO - Marking task as SUCCESS. dag_id=esai_pipeline_dag, task_id=extract_data, run_id=scheduled__2025-10-31T14:52:00+00:00, execution_date=20251031T145200, start_date=20251031T145403, end_date=20251031T145403
[2025-10-31T20:24:03.844+0530] {local_task_job_runner.py:243} INFO - Task exited with return code 0
[2025-10-31T20:24:03.881+0530] {taskinstance.py:3503} INFO - 1 downstream tasks scheduled from follow-on schedule check
[2025-10-31T20:24:03.885+0530] {local_task_job_runner.py:222} INFO - ::endgroup::
