[2025-10-31T19:58:03.425+0530] {local_task_job_runner.py:120} INFO - ::group::Pre task execution logs
[2025-10-31T19:58:03.437+0530] {taskinstance.py:2076} INFO - Dependencies all met for dep_context=non-requeueable deps ti=<TaskInstance: esai_pipeline_dag.extract_data scheduled__2025-10-31T14:26:00+00:00 [queued]>
[2025-10-31T19:58:03.442+0530] {taskinstance.py:2076} INFO - Dependencies all met for dep_context=requeueable deps ti=<TaskInstance: esai_pipeline_dag.extract_data scheduled__2025-10-31T14:26:00+00:00 [queued]>
[2025-10-31T19:58:03.442+0530] {taskinstance.py:2306} INFO - Starting attempt 1 of 1
[2025-10-31T19:58:03.452+0530] {taskinstance.py:2330} INFO - Executing <Task(PythonOperator): extract_data> on 2025-10-31 14:26:00+00:00
[2025-10-31T19:58:03.458+0530] {standard_task_runner.py:64} INFO - Started process 13587 to run task
[2025-10-31T19:58:03.462+0530] {standard_task_runner.py:90} INFO - Running: ['airflow', 'tasks', 'run', 'esai_pipeline_dag', 'extract_data', 'scheduled__2025-10-31T14:26:00+00:00', '--job-id', '88', '--raw', '--subdir', 'DAGS_FOLDER/esai_dag.py', '--cfg-path', '/tmp/tmprflp8fhd']
[2025-10-31T19:58:03.463+0530] {standard_task_runner.py:91} INFO - Job 88: Subtask extract_data
[2025-10-31T19:58:03.502+0530] {task_command.py:426} INFO - Running <TaskInstance: esai_pipeline_dag.extract_data scheduled__2025-10-31T14:26:00+00:00 [running]> on host logi-Inspiron-15-3525
[2025-10-31T19:58:03.673+0530] {taskinstance.py:2648} INFO - Exporting env vars: AIRFLOW_CTX_DAG_OWNER='logi' AIRFLOW_CTX_DAG_ID='esai_pipeline_dag' AIRFLOW_CTX_TASK_ID='extract_data' AIRFLOW_CTX_EXECUTION_DATE='2025-10-31T14:26:00+00:00' AIRFLOW_CTX_TRY_NUMBER='1' AIRFLOW_CTX_DAG_RUN_ID='scheduled__2025-10-31T14:26:00+00:00'
[2025-10-31T19:58:03.673+0530] {taskinstance.py:430} INFO - ::endgroup::
[2025-10-31T19:58:03.674+0530] {database.py:30} INFO - Attempting to connect to PostgreSQL at: localhost:5432/paper_curator
[2025-10-31T19:58:03.697+0530] {logging_mixin.py:188} INFO - 2025-10-31 19:58:03,697 INFO sqlalchemy.engine.Engine select pg_catalog.version()
[2025-10-31T19:58:03.697+0530] {base.py:1863} INFO - select pg_catalog.version()
[2025-10-31T19:58:03.697+0530] {logging_mixin.py:188} INFO - 2025-10-31 19:58:03,697 INFO sqlalchemy.engine.Engine [raw sql] {}
[2025-10-31T19:58:03.697+0530] {base.py:1868} INFO - [raw sql] {}
[2025-10-31T19:58:03.699+0530] {logging_mixin.py:188} INFO - 2025-10-31 19:58:03,699 INFO sqlalchemy.engine.Engine select current_schema()
[2025-10-31T19:58:03.699+0530] {base.py:1863} INFO - select current_schema()
[2025-10-31T19:58:03.699+0530] {logging_mixin.py:188} INFO - 2025-10-31 19:58:03,699 INFO sqlalchemy.engine.Engine [raw sql] {}
[2025-10-31T19:58:03.699+0530] {base.py:1868} INFO - [raw sql] {}
[2025-10-31T19:58:03.700+0530] {logging_mixin.py:188} INFO - 2025-10-31 19:58:03,700 INFO sqlalchemy.engine.Engine show standard_conforming_strings
[2025-10-31T19:58:03.700+0530] {base.py:1863} INFO - show standard_conforming_strings
[2025-10-31T19:58:03.700+0530] {logging_mixin.py:188} INFO - 2025-10-31 19:58:03,700 INFO sqlalchemy.engine.Engine [raw sql] {}
[2025-10-31T19:58:03.700+0530] {base.py:1868} INFO - [raw sql] {}
[2025-10-31T19:58:03.702+0530] {logging_mixin.py:188} INFO - 2025-10-31 19:58:03,702 INFO sqlalchemy.engine.Engine SELECT 1
[2025-10-31T19:58:03.702+0530] {base.py:1863} INFO - SELECT 1
[2025-10-31T19:58:03.702+0530] {logging_mixin.py:188} INFO - 2025-10-31 19:58:03,702 INFO sqlalchemy.engine.Engine [generated in 0.00035s] {}
[2025-10-31T19:58:03.702+0530] {base.py:1868} INFO - [generated in 0.00035s] {}
[2025-10-31T19:58:03.703+0530] {database.py:48} INFO - Database connection test successful
[2025-10-31T19:58:03.705+0530] {logging_mixin.py:188} INFO - 2025-10-31 19:58:03,704 INFO sqlalchemy.engine.Engine SELECT c.relname FROM pg_class c JOIN pg_namespace n ON n.oid = c.relnamespace WHERE n.nspname = %(schema)s AND c.relkind in ('r', 'p')
[2025-10-31T19:58:03.704+0530] {base.py:1863} INFO - SELECT c.relname FROM pg_class c JOIN pg_namespace n ON n.oid = c.relnamespace WHERE n.nspname = %(schema)s AND c.relkind in ('r', 'p')
[2025-10-31T19:58:03.705+0530] {logging_mixin.py:188} INFO - 2025-10-31 19:58:03,705 INFO sqlalchemy.engine.Engine [generated in 0.00049s] {'schema': 'public'}
[2025-10-31T19:58:03.705+0530] {base.py:1868} INFO - [generated in 0.00049s] {'schema': 'public'}
[2025-10-31T19:58:03.707+0530] {logging_mixin.py:188} INFO - 2025-10-31 19:58:03,707 INFO sqlalchemy.engine.Engine BEGIN (implicit)
[2025-10-31T19:58:03.707+0530] {base.py:1032} INFO - BEGIN (implicit)
[2025-10-31T19:58:03.708+0530] {logging_mixin.py:188} INFO - 2025-10-31 19:58:03,708 INFO sqlalchemy.engine.Engine COMMIT
[2025-10-31T19:58:03.708+0530] {base.py:1092} INFO - COMMIT
[2025-10-31T19:58:03.709+0530] {database.py:64} INFO - All tables already exist - no new tables created
[2025-10-31T19:58:03.709+0530] {database.py:66} INFO - PostgreSQL database initialized successfully
[2025-10-31T19:58:03.709+0530] {database.py:68} INFO - Database: paper_curator
[2025-10-31T19:58:03.709+0530] {database.py:69} INFO - Total tables: students
[2025-10-31T19:58:03.709+0530] {database.py:70} INFO - Database connection established
[2025-10-31T19:58:03.709+0530] {logging_mixin.py:188} INFO - Database connection successful
[2025-10-31T19:58:03.709+0530] {dbextractor.py:13} INFO - DBExtractor initialized with a valid database connection.
[2025-10-31T19:58:03.710+0530] {logging_mixin.py:188} INFO - 2025-10-31 19:58:03,710 INFO sqlalchemy.engine.Engine BEGIN (implicit)
[2025-10-31T19:58:03.710+0530] {base.py:1032} INFO - BEGIN (implicit)
[2025-10-31T19:58:03.711+0530] {logging_mixin.py:188} INFO - 2025-10-31 19:58:03,711 INFO sqlalchemy.engine.Engine SELECT * FROM students
[2025-10-31T19:58:03.711+0530] {base.py:1863} INFO - SELECT * FROM students
[2025-10-31T19:58:03.711+0530] {logging_mixin.py:188} INFO - 2025-10-31 19:58:03,711 INFO sqlalchemy.engine.Engine [generated in 0.00023s] {}
[2025-10-31T19:58:03.711+0530] {base.py:1868} INFO - [generated in 0.00023s] {}
[2025-10-31T19:58:03.714+0530] {logging_mixin.py:188} INFO - 2025-10-31 19:58:03,714 INFO sqlalchemy.engine.Engine ROLLBACK
[2025-10-31T19:58:03.714+0530] {base.py:1060} INFO - ROLLBACK
[2025-10-31T19:58:03.715+0530] {dbextractor.py:30} INFO - Extracted 4 rows from 'students'.
[2025-10-31T19:58:03.718+0530] {dbextractor.py:35} INFO - Data exported to CSV: students_export.csv
[2025-10-31T19:58:03.730+0530] {python.py:237} INFO - Done. Returned value was: None
[2025-10-31T19:58:03.730+0530] {taskinstance.py:441} INFO - ::group::Post task execution logs
[2025-10-31T19:58:03.734+0530] {taskinstance.py:1206} INFO - Marking task as SUCCESS. dag_id=esai_pipeline_dag, task_id=extract_data, run_id=scheduled__2025-10-31T14:26:00+00:00, execution_date=20251031T142600, start_date=20251031T142803, end_date=20251031T142803
[2025-10-31T19:58:03.794+0530] {local_task_job_runner.py:243} INFO - Task exited with return code 0
[2025-10-31T19:58:03.824+0530] {taskinstance.py:3503} INFO - 1 downstream tasks scheduled from follow-on schedule check
[2025-10-31T19:58:03.827+0530] {local_task_job_runner.py:222} INFO - ::endgroup::
