[2025-11-14T10:49:38.297+0530] {local_task_job_runner.py:120} INFO - ::group::Pre task execution logs
[2025-11-14T10:49:38.343+0530] {taskinstance.py:2076} INFO - Dependencies all met for dep_context=non-requeueable deps ti=<TaskInstance: structured_data_pipeline.extract_users scheduled__2025-11-14T04:58:00+00:00 [queued]>
[2025-11-14T10:49:38.371+0530] {taskinstance.py:2076} INFO - Dependencies all met for dep_context=requeueable deps ti=<TaskInstance: structured_data_pipeline.extract_users scheduled__2025-11-14T04:58:00+00:00 [queued]>
[2025-11-14T10:49:38.372+0530] {taskinstance.py:2306} INFO - Starting attempt 1 of 1
[2025-11-14T10:49:38.402+0530] {taskinstance.py:2330} INFO - Executing <Task(PythonOperator): extract_users> on 2025-11-14 04:58:00+00:00
[2025-11-14T10:49:38.408+0530] {standard_task_runner.py:64} INFO - Started process 6998 to run task
[2025-11-14T10:49:38.412+0530] {standard_task_runner.py:90} INFO - Running: ['airflow', 'tasks', 'run', 'structured_data_pipeline', 'extract_users', 'scheduled__2025-11-14T04:58:00+00:00', '--job-id', '597', '--raw', '--subdir', 'DAGS_FOLDER/dag.py', '--cfg-path', '/tmp/tmp6hyv85tc']
[2025-11-14T10:49:38.413+0530] {standard_task_runner.py:91} INFO - Job 597: Subtask extract_users
[2025-11-14T10:49:38.559+0530] {task_command.py:426} INFO - Running <TaskInstance: structured_data_pipeline.extract_users scheduled__2025-11-14T04:58:00+00:00 [running]> on host logi-Inspiron-15-3525
[2025-11-14T10:49:38.799+0530] {taskinstance.py:2648} INFO - Exporting env vars: AIRFLOW_CTX_DAG_OWNER='data_engineering' AIRFLOW_CTX_DAG_ID='structured_data_pipeline' AIRFLOW_CTX_TASK_ID='extract_users' AIRFLOW_CTX_EXECUTION_DATE='2025-11-14T04:58:00+00:00' AIRFLOW_CTX_TRY_NUMBER='1' AIRFLOW_CTX_DAG_RUN_ID='scheduled__2025-11-14T04:58:00+00:00'
[2025-11-14T10:49:38.801+0530] {taskinstance.py:430} INFO - ::endgroup::
[2025-11-14T10:49:38.803+0530] {tasks.py:122} INFO - Extracting data from table: users
[2025-11-14T10:49:38.823+0530] {tasks.py:132} INFO - Using postgres connector: postgres_source, found: False
[2025-11-14T10:49:38.824+0530] {tasks.py:37} INFO - Creating Airflow-managed PostgreSQL connector
[2025-11-14T10:49:38.824+0530] {factory.py:68} INFO - Created airflow_postgres connector
[2025-11-14T10:49:38.853+0530] {base.py:84} INFO - Using connection ID 'postgres_structured_source' for task execution.
[2025-11-14T10:49:38.873+0530] {postgres.py:43} INFO - Airflow Postgres connection established successfully
[2025-11-14T10:49:38.875+0530] {postgres.py:83} INFO - Airflow Postgres connection test successful
[2025-11-14T10:49:38.876+0530] {tasks.py:57} INFO - Airflow PostgreSQL connector created and registered: postgres_source
[2025-11-14T10:49:38.923+0530] {factory.py:64} INFO - Created postgres extractor
[2025-11-14T10:49:38.926+0530] {state_manager.py:38} INFO - Loaded state from /home/logi/txtai/etl_pipeline/etl_state.json
[2025-11-14T10:49:38.928+0530] {state_manager.py:79} INFO - Last extracted value for users.updated_at: 2025-11-13T05:27:33.628145
[2025-11-14T10:49:38.929+0530] {tasks.py:166} INFO - Using last date: 2025-11-13T05:27:33.628145
[2025-11-14T10:49:38.930+0530] {postgres_extractor.py:145} INFO - Performing incremental date extraction from users using column updated_at
[2025-11-14T10:49:38.956+0530] {logging_mixin.py:188} WARNING - /home/logi/txtai/etl_pipeline/extractor/postgres_extractor.py:188 UserWarning: pandas only supports SQLAlchemy connectable (engine/connection) or database string URI or sqlite3 DBAPI2 connection. Other DBAPI2 objects are not tested. Please consider using SQLAlchemy.
[2025-11-14T10:49:38.982+0530] {postgres_extractor.py:191} INFO - Extracted 0 rows from users (date range: 2025-11-13T05:27:33.628145 to None)
[2025-11-14T10:49:38.989+0530] {tasks.py:203} INFO - Extracted 0 rows from users
[2025-11-14T10:49:38.990+0530] {python.py:237} INFO - Done. Returned value was: {'table_name': 'users', 'row_count': 0, 'data': [], 'columns': ['id', 'username', 'email', 'created_at', 'updated_at']}
[2025-11-14T10:49:38.991+0530] {taskinstance.py:441} INFO - ::group::Post task execution logs
[2025-11-14T10:49:39.052+0530] {taskinstance.py:1206} INFO - Marking task as SUCCESS. dag_id=structured_data_pipeline, task_id=extract_users, run_id=scheduled__2025-11-14T04:58:00+00:00, execution_date=20251114T045800, start_date=20251114T051938, end_date=20251114T051939
[2025-11-14T10:49:39.109+0530] {local_task_job_runner.py:243} INFO - Task exited with return code 0
[2025-11-14T10:49:39.185+0530] {taskinstance.py:3503} INFO - 1 downstream tasks scheduled from follow-on schedule check
[2025-11-14T10:49:39.201+0530] {local_task_job_runner.py:222} INFO - ::endgroup::
