[2025-11-14T11:46:39.735+0530] {local_task_job_runner.py:120} INFO - ::group::Pre task execution logs
[2025-11-14T11:46:39.776+0530] {taskinstance.py:2076} INFO - Dependencies all met for dep_context=non-requeueable deps ti=<TaskInstance: structured_data_pipeline.create_postgres_connector scheduled__2025-11-14T06:15:00+00:00 [queued]>
[2025-11-14T11:46:39.788+0530] {taskinstance.py:2076} INFO - Dependencies all met for dep_context=requeueable deps ti=<TaskInstance: structured_data_pipeline.create_postgres_connector scheduled__2025-11-14T06:15:00+00:00 [queued]>
[2025-11-14T11:46:39.789+0530] {taskinstance.py:2306} INFO - Starting attempt 1 of 1
[2025-11-14T11:46:39.818+0530] {taskinstance.py:2330} INFO - Executing <Task(PythonOperator): create_postgres_connector> on 2025-11-14 06:15:00+00:00
[2025-11-14T11:46:39.826+0530] {standard_task_runner.py:64} INFO - Started process 29462 to run task
[2025-11-14T11:46:39.831+0530] {standard_task_runner.py:90} INFO - Running: ['airflow', 'tasks', 'run', 'structured_data_pipeline', 'create_postgres_connector', 'scheduled__2025-11-14T06:15:00+00:00', '--job-id', '622', '--raw', '--subdir', 'DAGS_FOLDER/dag.py', '--cfg-path', '/tmp/tmp_bfnc0u7']
[2025-11-14T11:46:39.831+0530] {standard_task_runner.py:91} INFO - Job 622: Subtask create_postgres_connector
[2025-11-14T11:46:39.932+0530] {task_command.py:426} INFO - Running <TaskInstance: structured_data_pipeline.create_postgres_connector scheduled__2025-11-14T06:15:00+00:00 [running]> on host logi-Inspiron-15-3525
[2025-11-14T11:46:40.164+0530] {taskinstance.py:2648} INFO - Exporting env vars: AIRFLOW_CTX_DAG_OWNER='data_engineering' AIRFLOW_CTX_DAG_ID='structured_data_pipeline' AIRFLOW_CTX_TASK_ID='create_postgres_connector' AIRFLOW_CTX_EXECUTION_DATE='2025-11-14T06:15:00+00:00' AIRFLOW_CTX_TRY_NUMBER='1' AIRFLOW_CTX_DAG_RUN_ID='scheduled__2025-11-14T06:15:00+00:00'
[2025-11-14T11:46:40.166+0530] {taskinstance.py:430} INFO - ::endgroup::
[2025-11-14T11:46:40.167+0530] {tasks.py:37} INFO - Creating Airflow-managed PostgreSQL connector
[2025-11-14T11:46:40.167+0530] {factory.py:68} INFO - Created airflow_postgres connector
[2025-11-14T11:46:40.199+0530] {base.py:84} INFO - Using connection ID 'postgres_structured_source' for task execution.
[2025-11-14T11:46:40.232+0530] {postgres.py:43} INFO - Airflow Postgres connection established successfully
[2025-11-14T11:46:40.233+0530] {postgres.py:83} INFO - Airflow Postgres connection test successful
[2025-11-14T11:46:40.234+0530] {tasks.py:57} INFO - Airflow PostgreSQL connector created and registered: postgres_source
[2025-11-14T11:46:40.284+0530] {python.py:237} INFO - Done. Returned value was: postgres_source
[2025-11-14T11:46:40.285+0530] {taskinstance.py:441} INFO - ::group::Post task execution logs
[2025-11-14T11:46:40.352+0530] {taskinstance.py:1206} INFO - Marking task as SUCCESS. dag_id=structured_data_pipeline, task_id=create_postgres_connector, run_id=scheduled__2025-11-14T06:15:00+00:00, execution_date=20251114T061500, start_date=20251114T061639, end_date=20251114T061640
[2025-11-14T11:46:40.404+0530] {local_task_job_runner.py:243} INFO - Task exited with return code 0
[2025-11-14T11:46:40.477+0530] {taskinstance.py:3503} INFO - 3 downstream tasks scheduled from follow-on schedule check
[2025-11-14T11:46:40.479+0530] {local_task_job_runner.py:222} INFO - ::endgroup::
