[2025-11-12T12:30:50.607+0530] {local_task_job_runner.py:120} INFO - ::group::Pre task execution logs
[2025-11-12T12:30:50.621+0530] {taskinstance.py:2076} INFO - Dependencies all met for dep_context=non-requeueable deps ti=<TaskInstance: structured_data_pipeline.extract_users manual__2025-11-12T06:40:40.587769+00:00 [queued]>
[2025-11-12T12:30:50.627+0530] {taskinstance.py:2076} INFO - Dependencies all met for dep_context=requeueable deps ti=<TaskInstance: structured_data_pipeline.extract_users manual__2025-11-12T06:40:40.587769+00:00 [queued]>
[2025-11-12T12:30:50.627+0530] {taskinstance.py:2306} INFO - Starting attempt 3 of 3
[2025-11-12T12:30:50.639+0530] {taskinstance.py:2330} INFO - Executing <Task(PythonOperator): extract_users> on 2025-11-12 06:40:40.587769+00:00
[2025-11-12T12:30:50.648+0530] {standard_task_runner.py:64} INFO - Started process 15950 to run task
[2025-11-12T12:30:50.653+0530] {standard_task_runner.py:90} INFO - Running: ['airflow', 'tasks', 'run', 'structured_data_pipeline', 'extract_users', 'manual__2025-11-12T06:40:40.587769+00:00', '--job-id', '140', '--raw', '--subdir', 'DAGS_FOLDER/dag.py', '--cfg-path', '/tmp/tmpqv5lnzuk']
[2025-11-12T12:30:50.654+0530] {standard_task_runner.py:91} INFO - Job 140: Subtask extract_users
[2025-11-12T12:30:50.687+0530] {task_command.py:426} INFO - Running <TaskInstance: structured_data_pipeline.extract_users manual__2025-11-12T06:40:40.587769+00:00 [running]> on host logi-Inspiron-15-3525
[2025-11-12T12:30:50.747+0530] {taskinstance.py:2648} INFO - Exporting env vars: AIRFLOW_CTX_DAG_OWNER='data_engineering' AIRFLOW_CTX_DAG_ID='structured_data_pipeline' AIRFLOW_CTX_TASK_ID='extract_users' AIRFLOW_CTX_EXECUTION_DATE='2025-11-12T06:40:40.587769+00:00' AIRFLOW_CTX_TRY_NUMBER='3' AIRFLOW_CTX_DAG_RUN_ID='manual__2025-11-12T06:40:40.587769+00:00'
[2025-11-12T12:30:50.748+0530] {taskinstance.py:430} INFO - ::endgroup::
[2025-11-12T12:30:50.748+0530] {tasks.py:126} INFO - Extracting data from table: users
[2025-11-12T12:30:50.753+0530] {tasks.py:136} INFO - Using postgres connector: postgres_source, found: False
[2025-11-12T12:30:50.753+0530] {tasks.py:37} INFO - Creating postgresql connector
[2025-11-12T12:30:50.753+0530] {factory.py:68} INFO - Created postgres connector
[2025-11-12T12:30:50.776+0530] {postgres.py:61} INFO - New connection established
[2025-11-12T12:30:50.783+0530] {postgres.py:100} INFO - PostgreSQL connection established successfully
[2025-11-12T12:30:50.784+0530] {postgres.py:188} INFO - PostgreSQL connection test successful: PostgreSQL 14.19 (Ubuntu 14.19-0ubuntu0.22.04.1) on x86_64-pc-linux-gnu, compiled by gcc (Ubuntu 11.4.0-1ubuntu1~22.04.2) 11.4.0, 64-bit
[2025-11-12T12:30:50.784+0530] {tasks.py:61} INFO - postgresql connector created and registered: postgres_source
[2025-11-12T12:30:50.785+0530] {postgres.py:61} INFO - New connection established
[2025-11-12T12:30:50.792+0530] {factory.py:64} INFO - Created postgres extractor
[2025-11-12T12:30:50.792+0530] {state_manager.py:38} INFO - Loaded state from /tmp/etl_state.json
[2025-11-12T12:30:50.792+0530] {postgres_extractor.py:209} INFO - Performing CDC extraction from users using column id
[2025-11-12T12:30:50.797+0530] {logging_mixin.py:188} WARNING - /home/logi/txtai/etl_pipeline/extractor/postgres_extractor.py:253 UserWarning: pandas only supports SQLAlchemy connectable (engine/connection) or database string URI or sqlite3 DBAPI2 connection. Other DBAPI2 objects are not tested. Please consider using SQLAlchemy.
[2025-11-12T12:30:50.803+0530] {postgres_extractor.py:263} ERROR - Error in CDC extraction: Invalid datetime unit in metadata string "[ns, tz]"
[2025-11-12T12:30:50.803+0530] {tasks.py:194} ERROR - Error extracting data: Invalid datetime unit in metadata string "[ns, tz]"
[2025-11-12T12:30:50.803+0530] {taskinstance.py:441} INFO - ::group::Post task execution logs
[2025-11-12T12:30:50.803+0530] {taskinstance.py:2905} ERROR - Task failed with exception
Traceback (most recent call last):
  File "/home/logi/txtai/venv/lib/python3.10/site-packages/airflow/models/taskinstance.py", line 465, in _execute_task
    result = _execute_callable(context=context, **execute_callable_kwargs)
  File "/home/logi/txtai/venv/lib/python3.10/site-packages/airflow/models/taskinstance.py", line 432, in _execute_callable
    return execute_callable(context=context, **execute_callable_kwargs)
  File "/home/logi/txtai/venv/lib/python3.10/site-packages/airflow/models/baseoperator.py", line 401, in wrapper
    return func(self, *args, **kwargs)
  File "/home/logi/txtai/venv/lib/python3.10/site-packages/airflow/operators/python.py", line 235, in execute
    return_value = self.execute_callable()
  File "/home/logi/txtai/venv/lib/python3.10/site-packages/airflow/operators/python.py", line 252, in execute_callable
    return self.python_callable(*self.op_args, **self.op_kwargs)
  File "/home/logi/txtai/etl_pipeline/dags/tasks.py", line 166, in extract_table_data
    df = extractor.extract_with_config(table_config)
  File "/home/logi/txtai/etl_pipeline/extractor/postgres_extractor.py", line 87, in extract_with_config
    return self._extract_incremental_cdc(config)
  File "/home/logi/txtai/etl_pipeline/extractor/postgres_extractor.py", line 254, in _extract_incremental_cdc
    df = self._serialize_timestamps(df)
  File "/home/logi/txtai/etl_pipeline/extractor/postgres_extractor.py", line 38, in _serialize_timestamps
    for col in df.select_dtypes(include=['datetime64[ns]', 'datetime64[ns, tz]']).columns:
  File "/home/logi/txtai/venv/lib/python3.10/site-packages/pandas/core/frame.py", line 5073, in select_dtypes
    include = check_int_infer_dtype(include)
  File "/home/logi/txtai/venv/lib/python3.10/site-packages/pandas/core/frame.py", line 5070, in check_int_infer_dtype
    converted_dtypes.append(infer_dtype_from_object(dtype))
  File "/home/logi/txtai/venv/lib/python3.10/site-packages/pandas/core/dtypes/common.py", line 1552, in infer_dtype_from_object
    return infer_dtype_from_object(np.dtype(dtype))
TypeError: Invalid datetime unit in metadata string "[ns, tz]"
[2025-11-12T12:30:50.807+0530] {postgres.py:61} INFO - New connection established
[2025-11-12T12:30:50.809+0530] {taskinstance.py:1206} INFO - Marking task as FAILED. dag_id=structured_data_pipeline, task_id=extract_users, run_id=manual__2025-11-12T06:40:40.587769+00:00, execution_date=20251112T064040, start_date=20251112T070050, end_date=20251112T070050
[2025-11-12T12:30:50.818+0530] {standard_task_runner.py:110} ERROR - Failed to execute job 140 for task extract_users (Invalid datetime unit in metadata string "[ns, tz]"; 15950)
[2025-11-12T12:30:50.865+0530] {local_task_job_runner.py:243} INFO - Task exited with return code 1
[2025-11-12T12:30:50.901+0530] {taskinstance.py:3503} INFO - 0 downstream tasks scheduled from follow-on schedule check
[2025-11-12T12:30:50.909+0530] {local_task_job_runner.py:222} INFO - ::endgroup::
