[2025-11-12T20:42:49.897+0530] {local_task_job_runner.py:120} INFO - ::group::Pre task execution logs
[2025-11-12T20:42:49.981+0530] {taskinstance.py:2076} INFO - Dependencies all met for dep_context=non-requeueable deps ti=<TaskInstance: structured_data_pipeline.extract_orders manual__2025-11-12T15:02:36.645215+00:00 [queued]>
[2025-11-12T20:42:50.015+0530] {taskinstance.py:2076} INFO - Dependencies all met for dep_context=requeueable deps ti=<TaskInstance: structured_data_pipeline.extract_orders manual__2025-11-12T15:02:36.645215+00:00 [queued]>
[2025-11-12T20:42:50.018+0530] {taskinstance.py:2306} INFO - Starting attempt 1 of 3
[2025-11-12T20:42:50.094+0530] {taskinstance.py:2330} INFO - Executing <Task(PythonOperator): extract_orders> on 2025-11-12 15:02:36.645215+00:00
[2025-11-12T20:42:50.119+0530] {standard_task_runner.py:64} INFO - Started process 11647 to run task
[2025-11-12T20:42:50.137+0530] {standard_task_runner.py:90} INFO - Running: ['airflow', 'tasks', 'run', 'structured_data_pipeline', 'extract_orders', 'manual__2025-11-12T15:02:36.645215+00:00', '--job-id', '202', '--raw', '--subdir', 'DAGS_FOLDER/dag.py', '--cfg-path', '/tmp/tmpofd6mfk6']
[2025-11-12T20:42:50.140+0530] {standard_task_runner.py:91} INFO - Job 202: Subtask extract_orders
[2025-11-12T20:42:50.342+0530] {task_command.py:426} INFO - Running <TaskInstance: structured_data_pipeline.extract_orders manual__2025-11-12T15:02:36.645215+00:00 [running]> on host logi-Inspiron-15-3525
[2025-11-12T20:42:50.630+0530] {taskinstance.py:2648} INFO - Exporting env vars: AIRFLOW_CTX_DAG_OWNER='data_engineering' AIRFLOW_CTX_DAG_ID='structured_data_pipeline' AIRFLOW_CTX_TASK_ID='extract_orders' AIRFLOW_CTX_EXECUTION_DATE='2025-11-12T15:02:36.645215+00:00' AIRFLOW_CTX_TRY_NUMBER='1' AIRFLOW_CTX_DAG_RUN_ID='manual__2025-11-12T15:02:36.645215+00:00'
[2025-11-12T20:42:50.634+0530] {taskinstance.py:430} INFO - ::endgroup::
[2025-11-12T20:42:50.636+0530] {tasks.py:126} INFO - Extracting data from table: orders
[2025-11-12T20:42:50.654+0530] {tasks.py:136} INFO - Using postgres connector: postgres_source, found: False
[2025-11-12T20:42:50.654+0530] {tasks.py:37} INFO - Creating postgresql connector
[2025-11-12T20:42:50.655+0530] {factory.py:68} INFO - Created postgres connector
[2025-11-12T20:42:50.706+0530] {postgres.py:61} INFO - New connection established
[2025-11-12T20:42:50.733+0530] {postgres.py:100} INFO - PostgreSQL connection established successfully
[2025-11-12T20:42:50.738+0530] {postgres.py:188} INFO - PostgreSQL connection test successful: PostgreSQL 14.19 (Ubuntu 14.19-0ubuntu0.22.04.1) on x86_64-pc-linux-gnu, compiled by gcc (Ubuntu 11.4.0-1ubuntu1~22.04.2) 11.4.0, 64-bit
[2025-11-12T20:42:50.741+0530] {tasks.py:61} INFO - postgresql connector created and registered: postgres_source
[2025-11-12T20:42:50.745+0530] {postgres.py:61} INFO - New connection established
[2025-11-12T20:42:50.800+0530] {factory.py:64} INFO - Created postgres extractor
[2025-11-12T20:42:50.808+0530] {state_manager.py:38} INFO - Loaded state from /tmp/etl_state.json
[2025-11-12T20:42:50.814+0530] {state_manager.py:79} INFO - Last extracted value for orders.order_date: 2025-11-11T23:37:14.168459
[2025-11-12T20:42:50.815+0530] {tasks.py:163} INFO - Using last date: 2025-11-11T23:37:14.168459
[2025-11-12T20:42:50.816+0530] {postgres_extractor.py:147} INFO - Performing incremental date extraction from orders using column order_date
[2025-11-12T20:42:50.843+0530] {logging_mixin.py:188} WARNING - /home/logi/txtai/etl_pipeline/extractor/postgres_extractor.py:190 UserWarning: pandas only supports SQLAlchemy connectable (engine/connection) or database string URI or sqlite3 DBAPI2 connection. Other DBAPI2 objects are not tested. Please consider using SQLAlchemy.
[2025-11-12T20:42:50.885+0530] {postgres_extractor.py:193} INFO - Extracted 3 rows from orders (date range: 2025-11-11 23:37:14.168459 to None)
[2025-11-12T20:42:50.887+0530] {state_manager.py:100} INFO - Set last extracted value for orders.order_date: 2025-11-11T23:37:14.168459
[2025-11-12T20:42:50.890+0530] {state_manager.py:55} INFO - Saved state to /tmp/etl_state.json
[2025-11-12T20:42:50.891+0530] {tasks.py:182} INFO - Updated date state: 2025-11-11T23:37:14.168459
[2025-11-12T20:42:50.895+0530] {tasks.py:200} INFO - Extracted 3 rows from orders
[2025-11-12T20:42:50.896+0530] {python.py:237} INFO - Done. Returned value was: {'table_name': 'orders', 'row_count': 3, 'data': [{'order_id': 1, 'user_id': 1, 'order_date': '2025-11-11T23:37:14.168459', 'total_amount': 100.5, 'status': 'pending'}, {'order_id': 2, 'user_id': 2, 'order_date': '2025-11-11T23:37:14.168459', 'total_amount': 200.0, 'status': 'completed'}, {'order_id': 3, 'user_id': 3, 'order_date': '2025-11-11T23:37:14.168459', 'total_amount': 150.0, 'status': 'shipped'}], 'columns': ['order_id', 'user_id', 'order_date', 'total_amount', 'status']}
[2025-11-12T20:42:50.896+0530] {taskinstance.py:441} INFO - ::group::Post task execution logs
[2025-11-12T20:42:50.898+0530] {postgres.py:61} INFO - New connection established
[2025-11-12T20:42:50.911+0530] {postgres.py:61} INFO - New connection established
[2025-11-12T20:42:50.917+0530] {taskinstance.py:1206} INFO - Marking task as SUCCESS. dag_id=structured_data_pipeline, task_id=extract_orders, run_id=manual__2025-11-12T15:02:36.645215+00:00, execution_date=20251112T150236, start_date=20251112T151249, end_date=20251112T151250
[2025-11-12T20:42:50.999+0530] {local_task_job_runner.py:243} INFO - Task exited with return code 0
[2025-11-12T20:42:51.025+0530] {taskinstance.py:3503} INFO - 1 downstream tasks scheduled from follow-on schedule check
[2025-11-12T20:42:51.030+0530] {local_task_job_runner.py:222} INFO - ::endgroup::
