[2025-11-12T20:33:13.013+0530] {local_task_job_runner.py:120} INFO - ::group::Pre task execution logs
[2025-11-12T20:33:13.027+0530] {taskinstance.py:2076} INFO - Dependencies all met for dep_context=non-requeueable deps ti=<TaskInstance: structured_data_pipeline.load_orders scheduled__2025-11-12T14:58:00+00:00 [queued]>
[2025-11-12T20:33:13.035+0530] {taskinstance.py:2076} INFO - Dependencies all met for dep_context=requeueable deps ti=<TaskInstance: structured_data_pipeline.load_orders scheduled__2025-11-12T14:58:00+00:00 [queued]>
[2025-11-12T20:33:13.035+0530] {taskinstance.py:2306} INFO - Starting attempt 1 of 3
[2025-11-12T20:33:13.048+0530] {taskinstance.py:2330} INFO - Executing <Task(PythonOperator): load_orders> on 2025-11-12 14:58:00+00:00
[2025-11-12T20:33:13.054+0530] {standard_task_runner.py:64} INFO - Started process 6497 to run task
[2025-11-12T20:33:13.061+0530] {standard_task_runner.py:90} INFO - Running: ['airflow', 'tasks', 'run', 'structured_data_pipeline', 'load_orders', 'scheduled__2025-11-12T14:58:00+00:00', '--job-id', '190', '--raw', '--subdir', 'DAGS_FOLDER/dag.py', '--cfg-path', '/tmp/tmpkno0qftz']
[2025-11-12T20:33:13.062+0530] {standard_task_runner.py:91} INFO - Job 190: Subtask load_orders
[2025-11-12T20:33:13.117+0530] {task_command.py:426} INFO - Running <TaskInstance: structured_data_pipeline.load_orders scheduled__2025-11-12T14:58:00+00:00 [running]> on host logi-Inspiron-15-3525
[2025-11-12T20:33:13.225+0530] {taskinstance.py:2648} INFO - Exporting env vars: AIRFLOW_CTX_DAG_OWNER='data_engineering' AIRFLOW_CTX_DAG_ID='structured_data_pipeline' AIRFLOW_CTX_TASK_ID='load_orders' AIRFLOW_CTX_EXECUTION_DATE='2025-11-12T14:58:00+00:00' AIRFLOW_CTX_TRY_NUMBER='1' AIRFLOW_CTX_DAG_RUN_ID='scheduled__2025-11-12T14:58:00+00:00'
[2025-11-12T20:33:13.227+0530] {taskinstance.py:430} INFO - ::endgroup::
[2025-11-12T20:33:13.229+0530] {tasks.py:372} ERROR - Error loading to elasticsearch: string indices must be integers
[2025-11-12T20:33:13.229+0530] {taskinstance.py:441} INFO - ::group::Post task execution logs
[2025-11-12T20:33:13.229+0530] {taskinstance.py:2905} ERROR - Task failed with exception
Traceback (most recent call last):
  File "/home/logi/txtai/venv/lib/python3.10/site-packages/airflow/models/taskinstance.py", line 465, in _execute_task
    result = _execute_callable(context=context, **execute_callable_kwargs)
  File "/home/logi/txtai/venv/lib/python3.10/site-packages/airflow/models/taskinstance.py", line 432, in _execute_callable
    return execute_callable(context=context, **execute_callable_kwargs)
  File "/home/logi/txtai/venv/lib/python3.10/site-packages/airflow/models/baseoperator.py", line 401, in wrapper
    return func(self, *args, **kwargs)
  File "/home/logi/txtai/venv/lib/python3.10/site-packages/airflow/operators/python.py", line 235, in execute
    return_value = self.execute_callable()
  File "/home/logi/txtai/venv/lib/python3.10/site-packages/airflow/operators/python.py", line 252, in execute_callable
    return self.python_callable(*self.op_args, **self.op_kwargs)
  File "/home/logi/txtai/etl_pipeline/dags/tasks.py", line 315, in load_to_elasticsearch
    table_name = transformation_result['table_name']
TypeError: string indices must be integers
[2025-11-12T20:33:13.237+0530] {taskinstance.py:1206} INFO - Marking task as UP_FOR_RETRY. dag_id=structured_data_pipeline, task_id=load_orders, run_id=scheduled__2025-11-12T14:58:00+00:00, execution_date=20251112T145800, start_date=20251112T150313, end_date=20251112T150313
[2025-11-12T20:33:13.254+0530] {standard_task_runner.py:110} ERROR - Failed to execute job 190 for task load_orders (string indices must be integers; 6497)
[2025-11-12T20:33:13.311+0530] {local_task_job_runner.py:243} INFO - Task exited with return code 1
[2025-11-12T20:33:13.376+0530] {taskinstance.py:3503} INFO - 0 downstream tasks scheduled from follow-on schedule check
[2025-11-12T20:33:13.380+0530] {local_task_job_runner.py:222} INFO - ::endgroup::
