[2025-11-14T10:48:47.888+0530] {processor.py:161} INFO - Started process (PID=6018) to work on /home/logi/txtai/venv/lib/python3.10/site-packages/airflow/example_dags/example_sensors.py
[2025-11-14T10:48:47.893+0530] {processor.py:830} INFO - Processing file /home/logi/txtai/venv/lib/python3.10/site-packages/airflow/example_dags/example_sensors.py for tasks to queue
[2025-11-14T10:48:47.898+0530] {logging_mixin.py:188} INFO - [2025-11-14T10:48:47.897+0530] {dagbag.py:545} INFO - Filling up the DagBag from /home/logi/txtai/venv/lib/python3.10/site-packages/airflow/example_dags/example_sensors.py
[2025-11-14T10:48:47.917+0530] {processor.py:840} INFO - DAG(s) 'example_sensors' retrieved from /home/logi/txtai/venv/lib/python3.10/site-packages/airflow/example_dags/example_sensors.py
[2025-11-14T10:48:47.976+0530] {logging_mixin.py:188} INFO - [2025-11-14T10:48:47.975+0530] {dag.py:3089} INFO - Sync 1 DAGs
[2025-11-14T10:48:48.007+0530] {logging_mixin.py:188} INFO - [2025-11-14T10:48:48.005+0530] {dag.py:3947} INFO - Setting next_dagrun for example_sensors to None, run_after=None
[2025-11-14T10:48:48.060+0530] {processor.py:183} INFO - Processing /home/logi/txtai/venv/lib/python3.10/site-packages/airflow/example_dags/example_sensors.py took 0.198 seconds
[2025-11-14T10:49:19.814+0530] {processor.py:161} INFO - Started process (PID=6653) to work on /home/logi/txtai/venv/lib/python3.10/site-packages/airflow/example_dags/example_sensors.py
[2025-11-14T10:49:19.817+0530] {processor.py:830} INFO - Processing file /home/logi/txtai/venv/lib/python3.10/site-packages/airflow/example_dags/example_sensors.py for tasks to queue
[2025-11-14T10:49:19.822+0530] {logging_mixin.py:188} INFO - [2025-11-14T10:49:19.821+0530] {dagbag.py:545} INFO - Filling up the DagBag from /home/logi/txtai/venv/lib/python3.10/site-packages/airflow/example_dags/example_sensors.py
[2025-11-14T10:49:19.853+0530] {processor.py:840} INFO - DAG(s) 'example_sensors' retrieved from /home/logi/txtai/venv/lib/python3.10/site-packages/airflow/example_dags/example_sensors.py
[2025-11-14T10:49:19.953+0530] {logging_mixin.py:188} INFO - [2025-11-14T10:49:19.951+0530] {dag.py:3089} INFO - Sync 1 DAGs
[2025-11-14T10:49:19.986+0530] {logging_mixin.py:188} INFO - [2025-11-14T10:49:19.985+0530] {dag.py:3947} INFO - Setting next_dagrun for example_sensors to None, run_after=None
[2025-11-14T10:49:20.033+0530] {processor.py:183} INFO - Processing /home/logi/txtai/venv/lib/python3.10/site-packages/airflow/example_dags/example_sensors.py took 0.255 seconds
[2025-11-14T10:49:50.503+0530] {processor.py:161} INFO - Started process (PID=7299) to work on /home/logi/txtai/venv/lib/python3.10/site-packages/airflow/example_dags/example_sensors.py
[2025-11-14T10:49:50.505+0530] {processor.py:830} INFO - Processing file /home/logi/txtai/venv/lib/python3.10/site-packages/airflow/example_dags/example_sensors.py for tasks to queue
[2025-11-14T10:49:50.509+0530] {logging_mixin.py:188} INFO - [2025-11-14T10:49:50.508+0530] {dagbag.py:545} INFO - Filling up the DagBag from /home/logi/txtai/venv/lib/python3.10/site-packages/airflow/example_dags/example_sensors.py
[2025-11-14T10:49:50.522+0530] {processor.py:840} INFO - DAG(s) 'example_sensors' retrieved from /home/logi/txtai/venv/lib/python3.10/site-packages/airflow/example_dags/example_sensors.py
[2025-11-14T10:49:50.564+0530] {logging_mixin.py:188} INFO - [2025-11-14T10:49:50.564+0530] {dag.py:3089} INFO - Sync 1 DAGs
[2025-11-14T10:49:50.578+0530] {logging_mixin.py:188} INFO - [2025-11-14T10:49:50.577+0530] {dag.py:3947} INFO - Setting next_dagrun for example_sensors to None, run_after=None
[2025-11-14T10:49:50.605+0530] {processor.py:183} INFO - Processing /home/logi/txtai/venv/lib/python3.10/site-packages/airflow/example_dags/example_sensors.py took 0.109 seconds
[2025-11-14T10:50:21.330+0530] {processor.py:161} INFO - Started process (PID=7851) to work on /home/logi/txtai/venv/lib/python3.10/site-packages/airflow/example_dags/example_sensors.py
[2025-11-14T10:50:21.331+0530] {processor.py:830} INFO - Processing file /home/logi/txtai/venv/lib/python3.10/site-packages/airflow/example_dags/example_sensors.py for tasks to queue
[2025-11-14T10:50:21.334+0530] {logging_mixin.py:188} INFO - [2025-11-14T10:50:21.333+0530] {dagbag.py:545} INFO - Filling up the DagBag from /home/logi/txtai/venv/lib/python3.10/site-packages/airflow/example_dags/example_sensors.py
[2025-11-14T10:50:21.359+0530] {processor.py:840} INFO - DAG(s) 'example_sensors' retrieved from /home/logi/txtai/venv/lib/python3.10/site-packages/airflow/example_dags/example_sensors.py
[2025-11-14T10:50:21.411+0530] {logging_mixin.py:188} INFO - [2025-11-14T10:50:21.410+0530] {dag.py:3089} INFO - Sync 1 DAGs
[2025-11-14T10:50:21.443+0530] {logging_mixin.py:188} INFO - [2025-11-14T10:50:21.443+0530] {dag.py:3947} INFO - Setting next_dagrun for example_sensors to None, run_after=None
[2025-11-14T10:50:21.484+0530] {processor.py:183} INFO - Processing /home/logi/txtai/venv/lib/python3.10/site-packages/airflow/example_dags/example_sensors.py took 0.161 seconds
[2025-11-14T10:50:52.516+0530] {processor.py:161} INFO - Started process (PID=8109) to work on /home/logi/txtai/venv/lib/python3.10/site-packages/airflow/example_dags/example_sensors.py
[2025-11-14T10:50:52.517+0530] {processor.py:830} INFO - Processing file /home/logi/txtai/venv/lib/python3.10/site-packages/airflow/example_dags/example_sensors.py for tasks to queue
[2025-11-14T10:50:52.519+0530] {logging_mixin.py:188} INFO - [2025-11-14T10:50:52.518+0530] {dagbag.py:545} INFO - Filling up the DagBag from /home/logi/txtai/venv/lib/python3.10/site-packages/airflow/example_dags/example_sensors.py
[2025-11-14T10:50:52.526+0530] {processor.py:840} INFO - DAG(s) 'example_sensors' retrieved from /home/logi/txtai/venv/lib/python3.10/site-packages/airflow/example_dags/example_sensors.py
[2025-11-14T10:50:52.571+0530] {logging_mixin.py:188} INFO - [2025-11-14T10:50:52.570+0530] {dag.py:3089} INFO - Sync 1 DAGs
[2025-11-14T10:50:52.587+0530] {logging_mixin.py:188} INFO - [2025-11-14T10:50:52.587+0530] {dag.py:3947} INFO - Setting next_dagrun for example_sensors to None, run_after=None
[2025-11-14T10:50:52.613+0530] {processor.py:183} INFO - Processing /home/logi/txtai/venv/lib/python3.10/site-packages/airflow/example_dags/example_sensors.py took 0.106 seconds
[2025-11-14T10:51:23.480+0530] {processor.py:161} INFO - Started process (PID=8290) to work on /home/logi/txtai/venv/lib/python3.10/site-packages/airflow/example_dags/example_sensors.py
[2025-11-14T10:51:23.481+0530] {processor.py:830} INFO - Processing file /home/logi/txtai/venv/lib/python3.10/site-packages/airflow/example_dags/example_sensors.py for tasks to queue
[2025-11-14T10:51:23.482+0530] {logging_mixin.py:188} INFO - [2025-11-14T10:51:23.482+0530] {dagbag.py:545} INFO - Filling up the DagBag from /home/logi/txtai/venv/lib/python3.10/site-packages/airflow/example_dags/example_sensors.py
[2025-11-14T10:51:23.490+0530] {processor.py:840} INFO - DAG(s) 'example_sensors' retrieved from /home/logi/txtai/venv/lib/python3.10/site-packages/airflow/example_dags/example_sensors.py
[2025-11-14T10:51:23.532+0530] {logging_mixin.py:188} INFO - [2025-11-14T10:51:23.532+0530] {dag.py:3089} INFO - Sync 1 DAGs
[2025-11-14T10:51:23.547+0530] {logging_mixin.py:188} INFO - [2025-11-14T10:51:23.546+0530] {dag.py:3947} INFO - Setting next_dagrun for example_sensors to None, run_after=None
[2025-11-14T10:51:23.567+0530] {processor.py:183} INFO - Processing /home/logi/txtai/venv/lib/python3.10/site-packages/airflow/example_dags/example_sensors.py took 0.093 seconds
[2025-11-14T10:51:54.006+0530] {processor.py:161} INFO - Started process (PID=8426) to work on /home/logi/txtai/venv/lib/python3.10/site-packages/airflow/example_dags/example_sensors.py
[2025-11-14T10:51:54.008+0530] {processor.py:830} INFO - Processing file /home/logi/txtai/venv/lib/python3.10/site-packages/airflow/example_dags/example_sensors.py for tasks to queue
[2025-11-14T10:51:54.011+0530] {logging_mixin.py:188} INFO - [2025-11-14T10:51:54.010+0530] {dagbag.py:545} INFO - Filling up the DagBag from /home/logi/txtai/venv/lib/python3.10/site-packages/airflow/example_dags/example_sensors.py
[2025-11-14T10:51:54.023+0530] {processor.py:840} INFO - DAG(s) 'example_sensors' retrieved from /home/logi/txtai/venv/lib/python3.10/site-packages/airflow/example_dags/example_sensors.py
[2025-11-14T10:51:54.062+0530] {logging_mixin.py:188} INFO - [2025-11-14T10:51:54.062+0530] {dag.py:3089} INFO - Sync 1 DAGs
[2025-11-14T10:51:54.078+0530] {logging_mixin.py:188} INFO - [2025-11-14T10:51:54.077+0530] {dag.py:3947} INFO - Setting next_dagrun for example_sensors to None, run_after=None
[2025-11-14T10:51:54.098+0530] {processor.py:183} INFO - Processing /home/logi/txtai/venv/lib/python3.10/site-packages/airflow/example_dags/example_sensors.py took 0.103 seconds
[2025-11-14T10:52:26.447+0530] {processor.py:161} INFO - Started process (PID=8607) to work on /home/logi/txtai/venv/lib/python3.10/site-packages/airflow/example_dags/example_sensors.py
[2025-11-14T10:52:26.451+0530] {processor.py:830} INFO - Processing file /home/logi/txtai/venv/lib/python3.10/site-packages/airflow/example_dags/example_sensors.py for tasks to queue
[2025-11-14T10:52:26.454+0530] {logging_mixin.py:188} INFO - [2025-11-14T10:52:26.454+0530] {dagbag.py:545} INFO - Filling up the DagBag from /home/logi/txtai/venv/lib/python3.10/site-packages/airflow/example_dags/example_sensors.py
[2025-11-14T10:52:26.475+0530] {processor.py:840} INFO - DAG(s) 'example_sensors' retrieved from /home/logi/txtai/venv/lib/python3.10/site-packages/airflow/example_dags/example_sensors.py
[2025-11-14T10:52:26.541+0530] {logging_mixin.py:188} INFO - [2025-11-14T10:52:26.541+0530] {dag.py:3089} INFO - Sync 1 DAGs
[2025-11-14T10:52:26.557+0530] {logging_mixin.py:188} INFO - [2025-11-14T10:52:26.557+0530] {dag.py:3947} INFO - Setting next_dagrun for example_sensors to None, run_after=None
[2025-11-14T10:52:26.597+0530] {processor.py:183} INFO - Processing /home/logi/txtai/venv/lib/python3.10/site-packages/airflow/example_dags/example_sensors.py took 0.172 seconds
[2025-11-14T10:52:57.204+0530] {processor.py:161} INFO - Started process (PID=8736) to work on /home/logi/txtai/venv/lib/python3.10/site-packages/airflow/example_dags/example_sensors.py
[2025-11-14T10:52:57.206+0530] {processor.py:830} INFO - Processing file /home/logi/txtai/venv/lib/python3.10/site-packages/airflow/example_dags/example_sensors.py for tasks to queue
[2025-11-14T10:52:57.208+0530] {logging_mixin.py:188} INFO - [2025-11-14T10:52:57.208+0530] {dagbag.py:545} INFO - Filling up the DagBag from /home/logi/txtai/venv/lib/python3.10/site-packages/airflow/example_dags/example_sensors.py
[2025-11-14T10:52:57.222+0530] {processor.py:840} INFO - DAG(s) 'example_sensors' retrieved from /home/logi/txtai/venv/lib/python3.10/site-packages/airflow/example_dags/example_sensors.py
[2025-11-14T10:52:57.274+0530] {logging_mixin.py:188} INFO - [2025-11-14T10:52:57.272+0530] {dag.py:3089} INFO - Sync 1 DAGs
[2025-11-14T10:52:57.288+0530] {logging_mixin.py:188} INFO - [2025-11-14T10:52:57.288+0530] {dag.py:3947} INFO - Setting next_dagrun for example_sensors to None, run_after=None
[2025-11-14T10:52:57.310+0530] {processor.py:183} INFO - Processing /home/logi/txtai/venv/lib/python3.10/site-packages/airflow/example_dags/example_sensors.py took 0.121 seconds
[2025-11-14T10:53:27.823+0530] {processor.py:161} INFO - Started process (PID=8855) to work on /home/logi/txtai/venv/lib/python3.10/site-packages/airflow/example_dags/example_sensors.py
[2025-11-14T10:53:27.824+0530] {processor.py:830} INFO - Processing file /home/logi/txtai/venv/lib/python3.10/site-packages/airflow/example_dags/example_sensors.py for tasks to queue
[2025-11-14T10:53:27.826+0530] {logging_mixin.py:188} INFO - [2025-11-14T10:53:27.826+0530] {dagbag.py:545} INFO - Filling up the DagBag from /home/logi/txtai/venv/lib/python3.10/site-packages/airflow/example_dags/example_sensors.py
[2025-11-14T10:53:27.834+0530] {processor.py:840} INFO - DAG(s) 'example_sensors' retrieved from /home/logi/txtai/venv/lib/python3.10/site-packages/airflow/example_dags/example_sensors.py
[2025-11-14T10:53:27.873+0530] {logging_mixin.py:188} INFO - [2025-11-14T10:53:27.873+0530] {dag.py:3089} INFO - Sync 1 DAGs
[2025-11-14T10:53:27.889+0530] {logging_mixin.py:188} INFO - [2025-11-14T10:53:27.888+0530] {dag.py:3947} INFO - Setting next_dagrun for example_sensors to None, run_after=None
[2025-11-14T10:53:27.908+0530] {processor.py:183} INFO - Processing /home/logi/txtai/venv/lib/python3.10/site-packages/airflow/example_dags/example_sensors.py took 0.091 seconds
[2025-11-14T10:53:58.257+0530] {processor.py:161} INFO - Started process (PID=9040) to work on /home/logi/txtai/venv/lib/python3.10/site-packages/airflow/example_dags/example_sensors.py
[2025-11-14T10:53:58.259+0530] {processor.py:830} INFO - Processing file /home/logi/txtai/venv/lib/python3.10/site-packages/airflow/example_dags/example_sensors.py for tasks to queue
[2025-11-14T10:53:58.261+0530] {logging_mixin.py:188} INFO - [2025-11-14T10:53:58.261+0530] {dagbag.py:545} INFO - Filling up the DagBag from /home/logi/txtai/venv/lib/python3.10/site-packages/airflow/example_dags/example_sensors.py
[2025-11-14T10:53:58.276+0530] {processor.py:840} INFO - DAG(s) 'example_sensors' retrieved from /home/logi/txtai/venv/lib/python3.10/site-packages/airflow/example_dags/example_sensors.py
[2025-11-14T10:53:58.356+0530] {logging_mixin.py:188} INFO - [2025-11-14T10:53:58.355+0530] {dag.py:3089} INFO - Sync 1 DAGs
[2025-11-14T10:53:58.373+0530] {logging_mixin.py:188} INFO - [2025-11-14T10:53:58.372+0530] {dag.py:3947} INFO - Setting next_dagrun for example_sensors to None, run_after=None
[2025-11-14T10:53:58.426+0530] {processor.py:183} INFO - Processing /home/logi/txtai/venv/lib/python3.10/site-packages/airflow/example_dags/example_sensors.py took 0.198 seconds
[2025-11-14T10:54:28.902+0530] {processor.py:161} INFO - Started process (PID=9275) to work on /home/logi/txtai/venv/lib/python3.10/site-packages/airflow/example_dags/example_sensors.py
[2025-11-14T10:54:28.903+0530] {processor.py:830} INFO - Processing file /home/logi/txtai/venv/lib/python3.10/site-packages/airflow/example_dags/example_sensors.py for tasks to queue
[2025-11-14T10:54:28.905+0530] {logging_mixin.py:188} INFO - [2025-11-14T10:54:28.905+0530] {dagbag.py:545} INFO - Filling up the DagBag from /home/logi/txtai/venv/lib/python3.10/site-packages/airflow/example_dags/example_sensors.py
[2025-11-14T10:54:28.912+0530] {processor.py:840} INFO - DAG(s) 'example_sensors' retrieved from /home/logi/txtai/venv/lib/python3.10/site-packages/airflow/example_dags/example_sensors.py
[2025-11-14T10:54:28.953+0530] {logging_mixin.py:188} INFO - [2025-11-14T10:54:28.952+0530] {dag.py:3089} INFO - Sync 1 DAGs
[2025-11-14T10:54:28.969+0530] {logging_mixin.py:188} INFO - [2025-11-14T10:54:28.968+0530] {dag.py:3947} INFO - Setting next_dagrun for example_sensors to None, run_after=None
[2025-11-14T10:54:28.989+0530] {processor.py:183} INFO - Processing /home/logi/txtai/venv/lib/python3.10/site-packages/airflow/example_dags/example_sensors.py took 0.096 seconds
[2025-11-14T10:54:59.401+0530] {processor.py:161} INFO - Started process (PID=9419) to work on /home/logi/txtai/venv/lib/python3.10/site-packages/airflow/example_dags/example_sensors.py
[2025-11-14T10:54:59.402+0530] {processor.py:830} INFO - Processing file /home/logi/txtai/venv/lib/python3.10/site-packages/airflow/example_dags/example_sensors.py for tasks to queue
[2025-11-14T10:54:59.405+0530] {logging_mixin.py:188} INFO - [2025-11-14T10:54:59.405+0530] {dagbag.py:545} INFO - Filling up the DagBag from /home/logi/txtai/venv/lib/python3.10/site-packages/airflow/example_dags/example_sensors.py
[2025-11-14T10:54:59.420+0530] {processor.py:840} INFO - DAG(s) 'example_sensors' retrieved from /home/logi/txtai/venv/lib/python3.10/site-packages/airflow/example_dags/example_sensors.py
[2025-11-14T10:54:59.462+0530] {logging_mixin.py:188} INFO - [2025-11-14T10:54:59.461+0530] {dag.py:3089} INFO - Sync 1 DAGs
[2025-11-14T10:54:59.473+0530] {logging_mixin.py:188} INFO - [2025-11-14T10:54:59.472+0530] {dag.py:3947} INFO - Setting next_dagrun for example_sensors to None, run_after=None
[2025-11-14T10:54:59.498+0530] {processor.py:183} INFO - Processing /home/logi/txtai/venv/lib/python3.10/site-packages/airflow/example_dags/example_sensors.py took 0.107 seconds
[2025-11-14T10:55:29.701+0530] {processor.py:161} INFO - Started process (PID=9565) to work on /home/logi/txtai/venv/lib/python3.10/site-packages/airflow/example_dags/example_sensors.py
[2025-11-14T10:55:29.702+0530] {processor.py:830} INFO - Processing file /home/logi/txtai/venv/lib/python3.10/site-packages/airflow/example_dags/example_sensors.py for tasks to queue
[2025-11-14T10:55:29.705+0530] {logging_mixin.py:188} INFO - [2025-11-14T10:55:29.704+0530] {dagbag.py:545} INFO - Filling up the DagBag from /home/logi/txtai/venv/lib/python3.10/site-packages/airflow/example_dags/example_sensors.py
[2025-11-14T10:55:29.730+0530] {processor.py:840} INFO - DAG(s) 'example_sensors' retrieved from /home/logi/txtai/venv/lib/python3.10/site-packages/airflow/example_dags/example_sensors.py
[2025-11-14T10:55:29.771+0530] {logging_mixin.py:188} INFO - [2025-11-14T10:55:29.771+0530] {dag.py:3089} INFO - Sync 1 DAGs
[2025-11-14T10:55:29.789+0530] {logging_mixin.py:188} INFO - [2025-11-14T10:55:29.788+0530] {dag.py:3947} INFO - Setting next_dagrun for example_sensors to None, run_after=None
[2025-11-14T10:55:29.822+0530] {processor.py:183} INFO - Processing /home/logi/txtai/venv/lib/python3.10/site-packages/airflow/example_dags/example_sensors.py took 0.139 seconds
[2025-11-14T10:56:00.138+0530] {processor.py:161} INFO - Started process (PID=9694) to work on /home/logi/txtai/venv/lib/python3.10/site-packages/airflow/example_dags/example_sensors.py
[2025-11-14T10:56:00.141+0530] {processor.py:830} INFO - Processing file /home/logi/txtai/venv/lib/python3.10/site-packages/airflow/example_dags/example_sensors.py for tasks to queue
[2025-11-14T10:56:00.143+0530] {logging_mixin.py:188} INFO - [2025-11-14T10:56:00.143+0530] {dagbag.py:545} INFO - Filling up the DagBag from /home/logi/txtai/venv/lib/python3.10/site-packages/airflow/example_dags/example_sensors.py
[2025-11-14T10:56:00.161+0530] {processor.py:840} INFO - DAG(s) 'example_sensors' retrieved from /home/logi/txtai/venv/lib/python3.10/site-packages/airflow/example_dags/example_sensors.py
[2025-11-14T10:56:00.231+0530] {logging_mixin.py:188} INFO - [2025-11-14T10:56:00.230+0530] {dag.py:3089} INFO - Sync 1 DAGs
[2025-11-14T10:56:00.251+0530] {logging_mixin.py:188} INFO - [2025-11-14T10:56:00.250+0530] {dag.py:3947} INFO - Setting next_dagrun for example_sensors to None, run_after=None
[2025-11-14T10:56:00.279+0530] {processor.py:183} INFO - Processing /home/logi/txtai/venv/lib/python3.10/site-packages/airflow/example_dags/example_sensors.py took 0.153 seconds
[2025-11-14T10:56:30.808+0530] {processor.py:161} INFO - Started process (PID=9868) to work on /home/logi/txtai/venv/lib/python3.10/site-packages/airflow/example_dags/example_sensors.py
[2025-11-14T10:56:30.813+0530] {processor.py:830} INFO - Processing file /home/logi/txtai/venv/lib/python3.10/site-packages/airflow/example_dags/example_sensors.py for tasks to queue
[2025-11-14T10:56:30.820+0530] {logging_mixin.py:188} INFO - [2025-11-14T10:56:30.819+0530] {dagbag.py:545} INFO - Filling up the DagBag from /home/logi/txtai/venv/lib/python3.10/site-packages/airflow/example_dags/example_sensors.py
[2025-11-14T10:56:30.833+0530] {processor.py:840} INFO - DAG(s) 'example_sensors' retrieved from /home/logi/txtai/venv/lib/python3.10/site-packages/airflow/example_dags/example_sensors.py
[2025-11-14T10:56:30.919+0530] {logging_mixin.py:188} INFO - [2025-11-14T10:56:30.919+0530] {dag.py:3089} INFO - Sync 1 DAGs
[2025-11-14T10:56:30.943+0530] {logging_mixin.py:188} INFO - [2025-11-14T10:56:30.942+0530] {dag.py:3947} INFO - Setting next_dagrun for example_sensors to None, run_after=None
[2025-11-14T10:56:30.992+0530] {processor.py:183} INFO - Processing /home/logi/txtai/venv/lib/python3.10/site-packages/airflow/example_dags/example_sensors.py took 0.201 seconds
[2025-11-14T10:57:01.166+0530] {processor.py:161} INFO - Started process (PID=10000) to work on /home/logi/txtai/venv/lib/python3.10/site-packages/airflow/example_dags/example_sensors.py
[2025-11-14T10:57:01.169+0530] {processor.py:830} INFO - Processing file /home/logi/txtai/venv/lib/python3.10/site-packages/airflow/example_dags/example_sensors.py for tasks to queue
[2025-11-14T10:57:01.173+0530] {logging_mixin.py:188} INFO - [2025-11-14T10:57:01.173+0530] {dagbag.py:545} INFO - Filling up the DagBag from /home/logi/txtai/venv/lib/python3.10/site-packages/airflow/example_dags/example_sensors.py
[2025-11-14T10:57:01.192+0530] {processor.py:840} INFO - DAG(s) 'example_sensors' retrieved from /home/logi/txtai/venv/lib/python3.10/site-packages/airflow/example_dags/example_sensors.py
[2025-11-14T10:57:01.247+0530] {logging_mixin.py:188} INFO - [2025-11-14T10:57:01.247+0530] {dag.py:3089} INFO - Sync 1 DAGs
[2025-11-14T10:57:01.269+0530] {logging_mixin.py:188} INFO - [2025-11-14T10:57:01.269+0530] {dag.py:3947} INFO - Setting next_dagrun for example_sensors to None, run_after=None
[2025-11-14T10:57:01.305+0530] {processor.py:183} INFO - Processing /home/logi/txtai/venv/lib/python3.10/site-packages/airflow/example_dags/example_sensors.py took 0.147 seconds
[2025-11-14T10:57:32.372+0530] {processor.py:161} INFO - Started process (PID=10131) to work on /home/logi/txtai/venv/lib/python3.10/site-packages/airflow/example_dags/example_sensors.py
[2025-11-14T10:57:32.373+0530] {processor.py:830} INFO - Processing file /home/logi/txtai/venv/lib/python3.10/site-packages/airflow/example_dags/example_sensors.py for tasks to queue
[2025-11-14T10:57:32.375+0530] {logging_mixin.py:188} INFO - [2025-11-14T10:57:32.375+0530] {dagbag.py:545} INFO - Filling up the DagBag from /home/logi/txtai/venv/lib/python3.10/site-packages/airflow/example_dags/example_sensors.py
[2025-11-14T10:57:32.392+0530] {processor.py:840} INFO - DAG(s) 'example_sensors' retrieved from /home/logi/txtai/venv/lib/python3.10/site-packages/airflow/example_dags/example_sensors.py
[2025-11-14T10:57:32.455+0530] {logging_mixin.py:188} INFO - [2025-11-14T10:57:32.454+0530] {dag.py:3089} INFO - Sync 1 DAGs
[2025-11-14T10:57:32.477+0530] {logging_mixin.py:188} INFO - [2025-11-14T10:57:32.477+0530] {dag.py:3947} INFO - Setting next_dagrun for example_sensors to None, run_after=None
[2025-11-14T10:57:32.509+0530] {processor.py:183} INFO - Processing /home/logi/txtai/venv/lib/python3.10/site-packages/airflow/example_dags/example_sensors.py took 0.147 seconds
[2025-11-14T10:58:02.740+0530] {processor.py:161} INFO - Started process (PID=10261) to work on /home/logi/txtai/venv/lib/python3.10/site-packages/airflow/example_dags/example_sensors.py
[2025-11-14T10:58:02.742+0530] {processor.py:830} INFO - Processing file /home/logi/txtai/venv/lib/python3.10/site-packages/airflow/example_dags/example_sensors.py for tasks to queue
[2025-11-14T10:58:02.745+0530] {logging_mixin.py:188} INFO - [2025-11-14T10:58:02.744+0530] {dagbag.py:545} INFO - Filling up the DagBag from /home/logi/txtai/venv/lib/python3.10/site-packages/airflow/example_dags/example_sensors.py
[2025-11-14T10:58:02.759+0530] {processor.py:840} INFO - DAG(s) 'example_sensors' retrieved from /home/logi/txtai/venv/lib/python3.10/site-packages/airflow/example_dags/example_sensors.py
[2025-11-14T10:58:02.807+0530] {logging_mixin.py:188} INFO - [2025-11-14T10:58:02.807+0530] {dag.py:3089} INFO - Sync 1 DAGs
[2025-11-14T10:58:02.819+0530] {logging_mixin.py:188} INFO - [2025-11-14T10:58:02.819+0530] {dag.py:3947} INFO - Setting next_dagrun for example_sensors to None, run_after=None
[2025-11-14T10:58:02.848+0530] {processor.py:183} INFO - Processing /home/logi/txtai/venv/lib/python3.10/site-packages/airflow/example_dags/example_sensors.py took 0.121 seconds
[2025-11-14T10:58:33.232+0530] {processor.py:161} INFO - Started process (PID=10390) to work on /home/logi/txtai/venv/lib/python3.10/site-packages/airflow/example_dags/example_sensors.py
[2025-11-14T10:58:33.233+0530] {processor.py:830} INFO - Processing file /home/logi/txtai/venv/lib/python3.10/site-packages/airflow/example_dags/example_sensors.py for tasks to queue
[2025-11-14T10:58:33.236+0530] {logging_mixin.py:188} INFO - [2025-11-14T10:58:33.236+0530] {dagbag.py:545} INFO - Filling up the DagBag from /home/logi/txtai/venv/lib/python3.10/site-packages/airflow/example_dags/example_sensors.py
[2025-11-14T10:58:33.250+0530] {processor.py:840} INFO - DAG(s) 'example_sensors' retrieved from /home/logi/txtai/venv/lib/python3.10/site-packages/airflow/example_dags/example_sensors.py
[2025-11-14T10:58:33.322+0530] {logging_mixin.py:188} INFO - [2025-11-14T10:58:33.321+0530] {dag.py:3089} INFO - Sync 1 DAGs
[2025-11-14T10:58:33.348+0530] {logging_mixin.py:188} INFO - [2025-11-14T10:58:33.348+0530] {dag.py:3947} INFO - Setting next_dagrun for example_sensors to None, run_after=None
[2025-11-14T10:58:33.402+0530] {processor.py:183} INFO - Processing /home/logi/txtai/venv/lib/python3.10/site-packages/airflow/example_dags/example_sensors.py took 0.185 seconds
[2025-11-14T10:59:04.030+0530] {processor.py:161} INFO - Started process (PID=10550) to work on /home/logi/txtai/venv/lib/python3.10/site-packages/airflow/example_dags/example_sensors.py
[2025-11-14T10:59:04.032+0530] {processor.py:830} INFO - Processing file /home/logi/txtai/venv/lib/python3.10/site-packages/airflow/example_dags/example_sensors.py for tasks to queue
[2025-11-14T10:59:04.036+0530] {logging_mixin.py:188} INFO - [2025-11-14T10:59:04.035+0530] {dagbag.py:545} INFO - Filling up the DagBag from /home/logi/txtai/venv/lib/python3.10/site-packages/airflow/example_dags/example_sensors.py
[2025-11-14T10:59:04.049+0530] {processor.py:840} INFO - DAG(s) 'example_sensors' retrieved from /home/logi/txtai/venv/lib/python3.10/site-packages/airflow/example_dags/example_sensors.py
[2025-11-14T10:59:04.113+0530] {logging_mixin.py:188} INFO - [2025-11-14T10:59:04.112+0530] {dag.py:3089} INFO - Sync 1 DAGs
[2025-11-14T10:59:04.135+0530] {logging_mixin.py:188} INFO - [2025-11-14T10:59:04.134+0530] {dag.py:3947} INFO - Setting next_dagrun for example_sensors to None, run_after=None
[2025-11-14T10:59:04.173+0530] {processor.py:183} INFO - Processing /home/logi/txtai/venv/lib/python3.10/site-packages/airflow/example_dags/example_sensors.py took 0.155 seconds
[2025-11-14T10:59:34.987+0530] {processor.py:161} INFO - Started process (PID=10678) to work on /home/logi/txtai/venv/lib/python3.10/site-packages/airflow/example_dags/example_sensors.py
[2025-11-14T10:59:34.989+0530] {processor.py:830} INFO - Processing file /home/logi/txtai/venv/lib/python3.10/site-packages/airflow/example_dags/example_sensors.py for tasks to queue
[2025-11-14T10:59:34.994+0530] {logging_mixin.py:188} INFO - [2025-11-14T10:59:34.993+0530] {dagbag.py:545} INFO - Filling up the DagBag from /home/logi/txtai/venv/lib/python3.10/site-packages/airflow/example_dags/example_sensors.py
[2025-11-14T10:59:35.011+0530] {processor.py:840} INFO - DAG(s) 'example_sensors' retrieved from /home/logi/txtai/venv/lib/python3.10/site-packages/airflow/example_dags/example_sensors.py
[2025-11-14T10:59:35.052+0530] {logging_mixin.py:188} INFO - [2025-11-14T10:59:35.052+0530] {dag.py:3089} INFO - Sync 1 DAGs
[2025-11-14T10:59:35.067+0530] {logging_mixin.py:188} INFO - [2025-11-14T10:59:35.066+0530] {dag.py:3947} INFO - Setting next_dagrun for example_sensors to None, run_after=None
[2025-11-14T10:59:35.097+0530] {processor.py:183} INFO - Processing /home/logi/txtai/venv/lib/python3.10/site-packages/airflow/example_dags/example_sensors.py took 0.121 seconds
[2025-11-14T11:00:05.202+0530] {processor.py:161} INFO - Started process (PID=10807) to work on /home/logi/txtai/venv/lib/python3.10/site-packages/airflow/example_dags/example_sensors.py
[2025-11-14T11:00:05.206+0530] {processor.py:830} INFO - Processing file /home/logi/txtai/venv/lib/python3.10/site-packages/airflow/example_dags/example_sensors.py for tasks to queue
[2025-11-14T11:00:05.209+0530] {logging_mixin.py:188} INFO - [2025-11-14T11:00:05.209+0530] {dagbag.py:545} INFO - Filling up the DagBag from /home/logi/txtai/venv/lib/python3.10/site-packages/airflow/example_dags/example_sensors.py
[2025-11-14T11:00:05.225+0530] {processor.py:840} INFO - DAG(s) 'example_sensors' retrieved from /home/logi/txtai/venv/lib/python3.10/site-packages/airflow/example_dags/example_sensors.py
[2025-11-14T11:00:05.259+0530] {logging_mixin.py:188} INFO - [2025-11-14T11:00:05.258+0530] {dag.py:3089} INFO - Sync 1 DAGs
[2025-11-14T11:00:05.270+0530] {logging_mixin.py:188} INFO - [2025-11-14T11:00:05.270+0530] {dag.py:3947} INFO - Setting next_dagrun for example_sensors to None, run_after=None
[2025-11-14T11:00:05.294+0530] {processor.py:183} INFO - Processing /home/logi/txtai/venv/lib/python3.10/site-packages/airflow/example_dags/example_sensors.py took 0.102 seconds
[2025-11-14T11:00:35.386+0530] {processor.py:161} INFO - Started process (PID=10925) to work on /home/logi/txtai/venv/lib/python3.10/site-packages/airflow/example_dags/example_sensors.py
[2025-11-14T11:00:35.387+0530] {processor.py:830} INFO - Processing file /home/logi/txtai/venv/lib/python3.10/site-packages/airflow/example_dags/example_sensors.py for tasks to queue
[2025-11-14T11:00:35.391+0530] {logging_mixin.py:188} INFO - [2025-11-14T11:00:35.390+0530] {dagbag.py:545} INFO - Filling up the DagBag from /home/logi/txtai/venv/lib/python3.10/site-packages/airflow/example_dags/example_sensors.py
[2025-11-14T11:00:35.404+0530] {processor.py:840} INFO - DAG(s) 'example_sensors' retrieved from /home/logi/txtai/venv/lib/python3.10/site-packages/airflow/example_dags/example_sensors.py
[2025-11-14T11:00:35.473+0530] {logging_mixin.py:188} INFO - [2025-11-14T11:00:35.472+0530] {dag.py:3089} INFO - Sync 1 DAGs
[2025-11-14T11:00:35.500+0530] {logging_mixin.py:188} INFO - [2025-11-14T11:00:35.499+0530] {dag.py:3947} INFO - Setting next_dagrun for example_sensors to None, run_after=None
[2025-11-14T11:00:35.543+0530] {processor.py:183} INFO - Processing /home/logi/txtai/venv/lib/python3.10/site-packages/airflow/example_dags/example_sensors.py took 0.167 seconds
[2025-11-14T11:01:05.735+0530] {processor.py:161} INFO - Started process (PID=11053) to work on /home/logi/txtai/venv/lib/python3.10/site-packages/airflow/example_dags/example_sensors.py
[2025-11-14T11:01:05.736+0530] {processor.py:830} INFO - Processing file /home/logi/txtai/venv/lib/python3.10/site-packages/airflow/example_dags/example_sensors.py for tasks to queue
[2025-11-14T11:01:05.739+0530] {logging_mixin.py:188} INFO - [2025-11-14T11:01:05.738+0530] {dagbag.py:545} INFO - Filling up the DagBag from /home/logi/txtai/venv/lib/python3.10/site-packages/airflow/example_dags/example_sensors.py
[2025-11-14T11:01:05.753+0530] {processor.py:840} INFO - DAG(s) 'example_sensors' retrieved from /home/logi/txtai/venv/lib/python3.10/site-packages/airflow/example_dags/example_sensors.py
[2025-11-14T11:01:05.803+0530] {logging_mixin.py:188} INFO - [2025-11-14T11:01:05.803+0530] {dag.py:3089} INFO - Sync 1 DAGs
[2025-11-14T11:01:05.815+0530] {logging_mixin.py:188} INFO - [2025-11-14T11:01:05.815+0530] {dag.py:3947} INFO - Setting next_dagrun for example_sensors to None, run_after=None
[2025-11-14T11:01:05.843+0530] {processor.py:183} INFO - Processing /home/logi/txtai/venv/lib/python3.10/site-packages/airflow/example_dags/example_sensors.py took 0.120 seconds
[2025-11-14T11:01:35.899+0530] {processor.py:161} INFO - Started process (PID=11183) to work on /home/logi/txtai/venv/lib/python3.10/site-packages/airflow/example_dags/example_sensors.py
[2025-11-14T11:01:35.900+0530] {processor.py:830} INFO - Processing file /home/logi/txtai/venv/lib/python3.10/site-packages/airflow/example_dags/example_sensors.py for tasks to queue
[2025-11-14T11:01:35.903+0530] {logging_mixin.py:188} INFO - [2025-11-14T11:01:35.903+0530] {dagbag.py:545} INFO - Filling up the DagBag from /home/logi/txtai/venv/lib/python3.10/site-packages/airflow/example_dags/example_sensors.py
[2025-11-14T11:01:35.918+0530] {processor.py:840} INFO - DAG(s) 'example_sensors' retrieved from /home/logi/txtai/venv/lib/python3.10/site-packages/airflow/example_dags/example_sensors.py
[2025-11-14T11:01:35.965+0530] {logging_mixin.py:188} INFO - [2025-11-14T11:01:35.964+0530] {dag.py:3089} INFO - Sync 1 DAGs
[2025-11-14T11:01:35.985+0530] {logging_mixin.py:188} INFO - [2025-11-14T11:01:35.985+0530] {dag.py:3947} INFO - Setting next_dagrun for example_sensors to None, run_after=None
[2025-11-14T11:01:36.020+0530] {processor.py:183} INFO - Processing /home/logi/txtai/venv/lib/python3.10/site-packages/airflow/example_dags/example_sensors.py took 0.132 seconds
[2025-11-14T11:02:06.331+0530] {processor.py:161} INFO - Started process (PID=11313) to work on /home/logi/txtai/venv/lib/python3.10/site-packages/airflow/example_dags/example_sensors.py
[2025-11-14T11:02:06.333+0530] {processor.py:830} INFO - Processing file /home/logi/txtai/venv/lib/python3.10/site-packages/airflow/example_dags/example_sensors.py for tasks to queue
[2025-11-14T11:02:06.335+0530] {logging_mixin.py:188} INFO - [2025-11-14T11:02:06.335+0530] {dagbag.py:545} INFO - Filling up the DagBag from /home/logi/txtai/venv/lib/python3.10/site-packages/airflow/example_dags/example_sensors.py
[2025-11-14T11:02:06.348+0530] {processor.py:840} INFO - DAG(s) 'example_sensors' retrieved from /home/logi/txtai/venv/lib/python3.10/site-packages/airflow/example_dags/example_sensors.py
[2025-11-14T11:02:06.395+0530] {logging_mixin.py:188} INFO - [2025-11-14T11:02:06.395+0530] {dag.py:3089} INFO - Sync 1 DAGs
[2025-11-14T11:02:06.412+0530] {logging_mixin.py:188} INFO - [2025-11-14T11:02:06.411+0530] {dag.py:3947} INFO - Setting next_dagrun for example_sensors to None, run_after=None
[2025-11-14T11:02:06.432+0530] {processor.py:183} INFO - Processing /home/logi/txtai/venv/lib/python3.10/site-packages/airflow/example_dags/example_sensors.py took 0.114 seconds
[2025-11-14T11:02:37.137+0530] {processor.py:161} INFO - Started process (PID=11534) to work on /home/logi/txtai/venv/lib/python3.10/site-packages/airflow/example_dags/example_sensors.py
[2025-11-14T11:02:37.138+0530] {processor.py:830} INFO - Processing file /home/logi/txtai/venv/lib/python3.10/site-packages/airflow/example_dags/example_sensors.py for tasks to queue
[2025-11-14T11:02:37.141+0530] {logging_mixin.py:188} INFO - [2025-11-14T11:02:37.140+0530] {dagbag.py:545} INFO - Filling up the DagBag from /home/logi/txtai/venv/lib/python3.10/site-packages/airflow/example_dags/example_sensors.py
[2025-11-14T11:02:37.156+0530] {processor.py:840} INFO - DAG(s) 'example_sensors' retrieved from /home/logi/txtai/venv/lib/python3.10/site-packages/airflow/example_dags/example_sensors.py
[2025-11-14T11:02:37.222+0530] {logging_mixin.py:188} INFO - [2025-11-14T11:02:37.222+0530] {dag.py:3089} INFO - Sync 1 DAGs
[2025-11-14T11:02:37.245+0530] {logging_mixin.py:188} INFO - [2025-11-14T11:02:37.245+0530] {dag.py:3947} INFO - Setting next_dagrun for example_sensors to None, run_after=None
[2025-11-14T11:02:37.279+0530] {processor.py:183} INFO - Processing /home/logi/txtai/venv/lib/python3.10/site-packages/airflow/example_dags/example_sensors.py took 0.153 seconds
[2025-11-14T11:03:08.023+0530] {processor.py:161} INFO - Started process (PID=11807) to work on /home/logi/txtai/venv/lib/python3.10/site-packages/airflow/example_dags/example_sensors.py
[2025-11-14T11:03:08.025+0530] {processor.py:830} INFO - Processing file /home/logi/txtai/venv/lib/python3.10/site-packages/airflow/example_dags/example_sensors.py for tasks to queue
[2025-11-14T11:03:08.028+0530] {logging_mixin.py:188} INFO - [2025-11-14T11:03:08.028+0530] {dagbag.py:545} INFO - Filling up the DagBag from /home/logi/txtai/venv/lib/python3.10/site-packages/airflow/example_dags/example_sensors.py
[2025-11-14T11:03:08.044+0530] {processor.py:840} INFO - DAG(s) 'example_sensors' retrieved from /home/logi/txtai/venv/lib/python3.10/site-packages/airflow/example_dags/example_sensors.py
[2025-11-14T11:03:08.105+0530] {logging_mixin.py:188} INFO - [2025-11-14T11:03:08.104+0530] {dag.py:3089} INFO - Sync 1 DAGs
[2025-11-14T11:03:08.122+0530] {logging_mixin.py:188} INFO - [2025-11-14T11:03:08.121+0530] {dag.py:3947} INFO - Setting next_dagrun for example_sensors to None, run_after=None
[2025-11-14T11:03:08.151+0530] {processor.py:183} INFO - Processing /home/logi/txtai/venv/lib/python3.10/site-packages/airflow/example_dags/example_sensors.py took 0.139 seconds
[2025-11-14T11:03:38.279+0530] {processor.py:161} INFO - Started process (PID=12623) to work on /home/logi/txtai/venv/lib/python3.10/site-packages/airflow/example_dags/example_sensors.py
[2025-11-14T11:03:38.281+0530] {processor.py:830} INFO - Processing file /home/logi/txtai/venv/lib/python3.10/site-packages/airflow/example_dags/example_sensors.py for tasks to queue
[2025-11-14T11:03:38.285+0530] {logging_mixin.py:188} INFO - [2025-11-14T11:03:38.284+0530] {dagbag.py:545} INFO - Filling up the DagBag from /home/logi/txtai/venv/lib/python3.10/site-packages/airflow/example_dags/example_sensors.py
[2025-11-14T11:03:38.299+0530] {processor.py:840} INFO - DAG(s) 'example_sensors' retrieved from /home/logi/txtai/venv/lib/python3.10/site-packages/airflow/example_dags/example_sensors.py
[2025-11-14T11:03:38.370+0530] {logging_mixin.py:188} INFO - [2025-11-14T11:03:38.369+0530] {dag.py:3089} INFO - Sync 1 DAGs
[2025-11-14T11:03:38.395+0530] {logging_mixin.py:188} INFO - [2025-11-14T11:03:38.394+0530] {dag.py:3947} INFO - Setting next_dagrun for example_sensors to None, run_after=None
[2025-11-14T11:03:38.434+0530] {processor.py:183} INFO - Processing /home/logi/txtai/venv/lib/python3.10/site-packages/airflow/example_dags/example_sensors.py took 0.169 seconds
[2025-11-14T11:04:08.720+0530] {processor.py:161} INFO - Started process (PID=12753) to work on /home/logi/txtai/venv/lib/python3.10/site-packages/airflow/example_dags/example_sensors.py
[2025-11-14T11:04:08.722+0530] {processor.py:830} INFO - Processing file /home/logi/txtai/venv/lib/python3.10/site-packages/airflow/example_dags/example_sensors.py for tasks to queue
[2025-11-14T11:04:08.725+0530] {logging_mixin.py:188} INFO - [2025-11-14T11:04:08.725+0530] {dagbag.py:545} INFO - Filling up the DagBag from /home/logi/txtai/venv/lib/python3.10/site-packages/airflow/example_dags/example_sensors.py
[2025-11-14T11:04:08.740+0530] {processor.py:840} INFO - DAG(s) 'example_sensors' retrieved from /home/logi/txtai/venv/lib/python3.10/site-packages/airflow/example_dags/example_sensors.py
[2025-11-14T11:04:08.810+0530] {logging_mixin.py:188} INFO - [2025-11-14T11:04:08.809+0530] {dag.py:3089} INFO - Sync 1 DAGs
[2025-11-14T11:04:08.834+0530] {logging_mixin.py:188} INFO - [2025-11-14T11:04:08.834+0530] {dag.py:3947} INFO - Setting next_dagrun for example_sensors to None, run_after=None
[2025-11-14T11:04:08.873+0530] {processor.py:183} INFO - Processing /home/logi/txtai/venv/lib/python3.10/site-packages/airflow/example_dags/example_sensors.py took 0.166 seconds
[2025-11-14T11:04:39.013+0530] {processor.py:161} INFO - Started process (PID=12886) to work on /home/logi/txtai/venv/lib/python3.10/site-packages/airflow/example_dags/example_sensors.py
[2025-11-14T11:04:39.015+0530] {processor.py:830} INFO - Processing file /home/logi/txtai/venv/lib/python3.10/site-packages/airflow/example_dags/example_sensors.py for tasks to queue
[2025-11-14T11:04:39.018+0530] {logging_mixin.py:188} INFO - [2025-11-14T11:04:39.017+0530] {dagbag.py:545} INFO - Filling up the DagBag from /home/logi/txtai/venv/lib/python3.10/site-packages/airflow/example_dags/example_sensors.py
[2025-11-14T11:04:39.032+0530] {processor.py:840} INFO - DAG(s) 'example_sensors' retrieved from /home/logi/txtai/venv/lib/python3.10/site-packages/airflow/example_dags/example_sensors.py
[2025-11-14T11:04:39.103+0530] {logging_mixin.py:188} INFO - [2025-11-14T11:04:39.102+0530] {dag.py:3089} INFO - Sync 1 DAGs
[2025-11-14T11:04:39.127+0530] {logging_mixin.py:188} INFO - [2025-11-14T11:04:39.126+0530] {dag.py:3947} INFO - Setting next_dagrun for example_sensors to None, run_after=None
[2025-11-14T11:04:39.165+0530] {processor.py:183} INFO - Processing /home/logi/txtai/venv/lib/python3.10/site-packages/airflow/example_dags/example_sensors.py took 0.165 seconds
[2025-11-14T11:05:09.354+0530] {processor.py:161} INFO - Started process (PID=13035) to work on /home/logi/txtai/venv/lib/python3.10/site-packages/airflow/example_dags/example_sensors.py
[2025-11-14T11:05:09.356+0530] {processor.py:830} INFO - Processing file /home/logi/txtai/venv/lib/python3.10/site-packages/airflow/example_dags/example_sensors.py for tasks to queue
[2025-11-14T11:05:09.359+0530] {logging_mixin.py:188} INFO - [2025-11-14T11:05:09.358+0530] {dagbag.py:545} INFO - Filling up the DagBag from /home/logi/txtai/venv/lib/python3.10/site-packages/airflow/example_dags/example_sensors.py
[2025-11-14T11:05:09.374+0530] {processor.py:840} INFO - DAG(s) 'example_sensors' retrieved from /home/logi/txtai/venv/lib/python3.10/site-packages/airflow/example_dags/example_sensors.py
[2025-11-14T11:05:09.441+0530] {logging_mixin.py:188} INFO - [2025-11-14T11:05:09.440+0530] {dag.py:3089} INFO - Sync 1 DAGs
[2025-11-14T11:05:09.463+0530] {logging_mixin.py:188} INFO - [2025-11-14T11:05:09.463+0530] {dag.py:3947} INFO - Setting next_dagrun for example_sensors to None, run_after=None
[2025-11-14T11:05:09.502+0530] {processor.py:183} INFO - Processing /home/logi/txtai/venv/lib/python3.10/site-packages/airflow/example_dags/example_sensors.py took 0.161 seconds
[2025-11-14T11:05:40.112+0530] {processor.py:161} INFO - Started process (PID=13165) to work on /home/logi/txtai/venv/lib/python3.10/site-packages/airflow/example_dags/example_sensors.py
[2025-11-14T11:05:40.113+0530] {processor.py:830} INFO - Processing file /home/logi/txtai/venv/lib/python3.10/site-packages/airflow/example_dags/example_sensors.py for tasks to queue
[2025-11-14T11:05:40.117+0530] {logging_mixin.py:188} INFO - [2025-11-14T11:05:40.116+0530] {dagbag.py:545} INFO - Filling up the DagBag from /home/logi/txtai/venv/lib/python3.10/site-packages/airflow/example_dags/example_sensors.py
[2025-11-14T11:05:40.126+0530] {processor.py:840} INFO - DAG(s) 'example_sensors' retrieved from /home/logi/txtai/venv/lib/python3.10/site-packages/airflow/example_dags/example_sensors.py
[2025-11-14T11:05:40.168+0530] {logging_mixin.py:188} INFO - [2025-11-14T11:05:40.168+0530] {dag.py:3089} INFO - Sync 1 DAGs
[2025-11-14T11:05:40.182+0530] {logging_mixin.py:188} INFO - [2025-11-14T11:05:40.182+0530] {dag.py:3947} INFO - Setting next_dagrun for example_sensors to None, run_after=None
[2025-11-14T11:05:40.206+0530] {processor.py:183} INFO - Processing /home/logi/txtai/venv/lib/python3.10/site-packages/airflow/example_dags/example_sensors.py took 0.103 seconds
[2025-11-14T11:06:10.709+0530] {processor.py:161} INFO - Started process (PID=13294) to work on /home/logi/txtai/venv/lib/python3.10/site-packages/airflow/example_dags/example_sensors.py
[2025-11-14T11:06:10.711+0530] {processor.py:830} INFO - Processing file /home/logi/txtai/venv/lib/python3.10/site-packages/airflow/example_dags/example_sensors.py for tasks to queue
[2025-11-14T11:06:10.714+0530] {logging_mixin.py:188} INFO - [2025-11-14T11:06:10.714+0530] {dagbag.py:545} INFO - Filling up the DagBag from /home/logi/txtai/venv/lib/python3.10/site-packages/airflow/example_dags/example_sensors.py
[2025-11-14T11:06:10.729+0530] {processor.py:840} INFO - DAG(s) 'example_sensors' retrieved from /home/logi/txtai/venv/lib/python3.10/site-packages/airflow/example_dags/example_sensors.py
[2025-11-14T11:06:10.794+0530] {logging_mixin.py:188} INFO - [2025-11-14T11:06:10.794+0530] {dag.py:3089} INFO - Sync 1 DAGs
[2025-11-14T11:06:10.816+0530] {logging_mixin.py:188} INFO - [2025-11-14T11:06:10.816+0530] {dag.py:3947} INFO - Setting next_dagrun for example_sensors to None, run_after=None
[2025-11-14T11:06:10.865+0530] {processor.py:183} INFO - Processing /home/logi/txtai/venv/lib/python3.10/site-packages/airflow/example_dags/example_sensors.py took 0.167 seconds
[2025-11-14T11:06:41.086+0530] {processor.py:161} INFO - Started process (PID=13425) to work on /home/logi/txtai/venv/lib/python3.10/site-packages/airflow/example_dags/example_sensors.py
[2025-11-14T11:06:41.087+0530] {processor.py:830} INFO - Processing file /home/logi/txtai/venv/lib/python3.10/site-packages/airflow/example_dags/example_sensors.py for tasks to queue
[2025-11-14T11:06:41.089+0530] {logging_mixin.py:188} INFO - [2025-11-14T11:06:41.088+0530] {dagbag.py:545} INFO - Filling up the DagBag from /home/logi/txtai/venv/lib/python3.10/site-packages/airflow/example_dags/example_sensors.py
[2025-11-14T11:06:41.096+0530] {processor.py:840} INFO - DAG(s) 'example_sensors' retrieved from /home/logi/txtai/venv/lib/python3.10/site-packages/airflow/example_dags/example_sensors.py
[2025-11-14T11:06:41.145+0530] {logging_mixin.py:188} INFO - [2025-11-14T11:06:41.145+0530] {dag.py:3089} INFO - Sync 1 DAGs
[2025-11-14T11:06:41.165+0530] {logging_mixin.py:188} INFO - [2025-11-14T11:06:41.164+0530] {dag.py:3947} INFO - Setting next_dagrun for example_sensors to None, run_after=None
[2025-11-14T11:06:41.195+0530] {processor.py:183} INFO - Processing /home/logi/txtai/venv/lib/python3.10/site-packages/airflow/example_dags/example_sensors.py took 0.115 seconds
[2025-11-14T11:07:11.879+0530] {processor.py:161} INFO - Started process (PID=13608) to work on /home/logi/txtai/venv/lib/python3.10/site-packages/airflow/example_dags/example_sensors.py
[2025-11-14T11:07:11.880+0530] {processor.py:830} INFO - Processing file /home/logi/txtai/venv/lib/python3.10/site-packages/airflow/example_dags/example_sensors.py for tasks to queue
[2025-11-14T11:07:11.883+0530] {logging_mixin.py:188} INFO - [2025-11-14T11:07:11.882+0530] {dagbag.py:545} INFO - Filling up the DagBag from /home/logi/txtai/venv/lib/python3.10/site-packages/airflow/example_dags/example_sensors.py
[2025-11-14T11:07:11.896+0530] {processor.py:840} INFO - DAG(s) 'example_sensors' retrieved from /home/logi/txtai/venv/lib/python3.10/site-packages/airflow/example_dags/example_sensors.py
[2025-11-14T11:07:11.963+0530] {logging_mixin.py:188} INFO - [2025-11-14T11:07:11.962+0530] {dag.py:3089} INFO - Sync 1 DAGs
[2025-11-14T11:07:11.986+0530] {logging_mixin.py:188} INFO - [2025-11-14T11:07:11.985+0530] {dag.py:3947} INFO - Setting next_dagrun for example_sensors to None, run_after=None
[2025-11-14T11:07:12.021+0530] {processor.py:183} INFO - Processing /home/logi/txtai/venv/lib/python3.10/site-packages/airflow/example_dags/example_sensors.py took 0.153 seconds
[2025-11-14T11:07:42.511+0530] {processor.py:161} INFO - Started process (PID=13833) to work on /home/logi/txtai/venv/lib/python3.10/site-packages/airflow/example_dags/example_sensors.py
[2025-11-14T11:07:42.513+0530] {processor.py:830} INFO - Processing file /home/logi/txtai/venv/lib/python3.10/site-packages/airflow/example_dags/example_sensors.py for tasks to queue
[2025-11-14T11:07:42.516+0530] {logging_mixin.py:188} INFO - [2025-11-14T11:07:42.515+0530] {dagbag.py:545} INFO - Filling up the DagBag from /home/logi/txtai/venv/lib/python3.10/site-packages/airflow/example_dags/example_sensors.py
[2025-11-14T11:07:42.532+0530] {processor.py:840} INFO - DAG(s) 'example_sensors' retrieved from /home/logi/txtai/venv/lib/python3.10/site-packages/airflow/example_dags/example_sensors.py
[2025-11-14T11:07:42.604+0530] {logging_mixin.py:188} INFO - [2025-11-14T11:07:42.604+0530] {dag.py:3089} INFO - Sync 1 DAGs
[2025-11-14T11:07:42.630+0530] {logging_mixin.py:188} INFO - [2025-11-14T11:07:42.629+0530] {dag.py:3947} INFO - Setting next_dagrun for example_sensors to None, run_after=None
[2025-11-14T11:07:42.670+0530] {processor.py:183} INFO - Processing /home/logi/txtai/venv/lib/python3.10/site-packages/airflow/example_dags/example_sensors.py took 0.175 seconds
[2025-11-14T11:08:13.551+0530] {processor.py:161} INFO - Started process (PID=14339) to work on /home/logi/txtai/venv/lib/python3.10/site-packages/airflow/example_dags/example_sensors.py
[2025-11-14T11:08:13.555+0530] {processor.py:830} INFO - Processing file /home/logi/txtai/venv/lib/python3.10/site-packages/airflow/example_dags/example_sensors.py for tasks to queue
[2025-11-14T11:08:13.560+0530] {logging_mixin.py:188} INFO - [2025-11-14T11:08:13.559+0530] {dagbag.py:545} INFO - Filling up the DagBag from /home/logi/txtai/venv/lib/python3.10/site-packages/airflow/example_dags/example_sensors.py
[2025-11-14T11:08:13.589+0530] {processor.py:840} INFO - DAG(s) 'example_sensors' retrieved from /home/logi/txtai/venv/lib/python3.10/site-packages/airflow/example_dags/example_sensors.py
[2025-11-14T11:08:13.674+0530] {logging_mixin.py:188} INFO - [2025-11-14T11:08:13.673+0530] {dag.py:3089} INFO - Sync 1 DAGs
[2025-11-14T11:08:13.702+0530] {logging_mixin.py:188} INFO - [2025-11-14T11:08:13.701+0530] {dag.py:3947} INFO - Setting next_dagrun for example_sensors to None, run_after=None
[2025-11-14T11:08:13.745+0530] {processor.py:183} INFO - Processing /home/logi/txtai/venv/lib/python3.10/site-packages/airflow/example_dags/example_sensors.py took 0.215 seconds
[2025-11-14T11:08:44.718+0530] {processor.py:161} INFO - Started process (PID=14606) to work on /home/logi/txtai/venv/lib/python3.10/site-packages/airflow/example_dags/example_sensors.py
[2025-11-14T11:08:44.721+0530] {processor.py:830} INFO - Processing file /home/logi/txtai/venv/lib/python3.10/site-packages/airflow/example_dags/example_sensors.py for tasks to queue
[2025-11-14T11:08:44.723+0530] {logging_mixin.py:188} INFO - [2025-11-14T11:08:44.723+0530] {dagbag.py:545} INFO - Filling up the DagBag from /home/logi/txtai/venv/lib/python3.10/site-packages/airflow/example_dags/example_sensors.py
[2025-11-14T11:08:44.738+0530] {processor.py:840} INFO - DAG(s) 'example_sensors' retrieved from /home/logi/txtai/venv/lib/python3.10/site-packages/airflow/example_dags/example_sensors.py
[2025-11-14T11:08:44.804+0530] {logging_mixin.py:188} INFO - [2025-11-14T11:08:44.803+0530] {dag.py:3089} INFO - Sync 1 DAGs
[2025-11-14T11:08:44.827+0530] {logging_mixin.py:188} INFO - [2025-11-14T11:08:44.827+0530] {dag.py:3947} INFO - Setting next_dagrun for example_sensors to None, run_after=None
[2025-11-14T11:08:44.878+0530] {processor.py:183} INFO - Processing /home/logi/txtai/venv/lib/python3.10/site-packages/airflow/example_dags/example_sensors.py took 0.172 seconds
[2025-11-14T11:09:15.558+0530] {processor.py:161} INFO - Started process (PID=14743) to work on /home/logi/txtai/venv/lib/python3.10/site-packages/airflow/example_dags/example_sensors.py
[2025-11-14T11:09:15.561+0530] {processor.py:830} INFO - Processing file /home/logi/txtai/venv/lib/python3.10/site-packages/airflow/example_dags/example_sensors.py for tasks to queue
[2025-11-14T11:09:15.564+0530] {logging_mixin.py:188} INFO - [2025-11-14T11:09:15.563+0530] {dagbag.py:545} INFO - Filling up the DagBag from /home/logi/txtai/venv/lib/python3.10/site-packages/airflow/example_dags/example_sensors.py
[2025-11-14T11:09:15.579+0530] {processor.py:840} INFO - DAG(s) 'example_sensors' retrieved from /home/logi/txtai/venv/lib/python3.10/site-packages/airflow/example_dags/example_sensors.py
[2025-11-14T11:09:15.636+0530] {logging_mixin.py:188} INFO - [2025-11-14T11:09:15.635+0530] {dag.py:3089} INFO - Sync 1 DAGs
[2025-11-14T11:09:15.654+0530] {logging_mixin.py:188} INFO - [2025-11-14T11:09:15.654+0530] {dag.py:3947} INFO - Setting next_dagrun for example_sensors to None, run_after=None
[2025-11-14T11:09:15.698+0530] {processor.py:183} INFO - Processing /home/logi/txtai/venv/lib/python3.10/site-packages/airflow/example_dags/example_sensors.py took 0.153 seconds
[2025-11-14T11:09:45.947+0530] {processor.py:161} INFO - Started process (PID=14871) to work on /home/logi/txtai/venv/lib/python3.10/site-packages/airflow/example_dags/example_sensors.py
[2025-11-14T11:09:45.949+0530] {processor.py:830} INFO - Processing file /home/logi/txtai/venv/lib/python3.10/site-packages/airflow/example_dags/example_sensors.py for tasks to queue
[2025-11-14T11:09:45.951+0530] {logging_mixin.py:188} INFO - [2025-11-14T11:09:45.951+0530] {dagbag.py:545} INFO - Filling up the DagBag from /home/logi/txtai/venv/lib/python3.10/site-packages/airflow/example_dags/example_sensors.py
[2025-11-14T11:09:45.966+0530] {processor.py:840} INFO - DAG(s) 'example_sensors' retrieved from /home/logi/txtai/venv/lib/python3.10/site-packages/airflow/example_dags/example_sensors.py
[2025-11-14T11:09:46.042+0530] {logging_mixin.py:188} INFO - [2025-11-14T11:09:46.041+0530] {dag.py:3089} INFO - Sync 1 DAGs
[2025-11-14T11:09:46.066+0530] {logging_mixin.py:188} INFO - [2025-11-14T11:09:46.065+0530] {dag.py:3947} INFO - Setting next_dagrun for example_sensors to None, run_after=None
[2025-11-14T11:09:46.115+0530] {processor.py:183} INFO - Processing /home/logi/txtai/venv/lib/python3.10/site-packages/airflow/example_dags/example_sensors.py took 0.180 seconds
[2025-11-14T11:10:16.286+0530] {processor.py:161} INFO - Started process (PID=15045) to work on /home/logi/txtai/venv/lib/python3.10/site-packages/airflow/example_dags/example_sensors.py
[2025-11-14T11:10:16.287+0530] {processor.py:830} INFO - Processing file /home/logi/txtai/venv/lib/python3.10/site-packages/airflow/example_dags/example_sensors.py for tasks to queue
[2025-11-14T11:10:16.289+0530] {logging_mixin.py:188} INFO - [2025-11-14T11:10:16.288+0530] {dagbag.py:545} INFO - Filling up the DagBag from /home/logi/txtai/venv/lib/python3.10/site-packages/airflow/example_dags/example_sensors.py
[2025-11-14T11:10:16.297+0530] {processor.py:840} INFO - DAG(s) 'example_sensors' retrieved from /home/logi/txtai/venv/lib/python3.10/site-packages/airflow/example_dags/example_sensors.py
[2025-11-14T11:10:16.332+0530] {logging_mixin.py:188} INFO - [2025-11-14T11:10:16.331+0530] {dag.py:3089} INFO - Sync 1 DAGs
[2025-11-14T11:10:16.344+0530] {logging_mixin.py:188} INFO - [2025-11-14T11:10:16.344+0530] {dag.py:3947} INFO - Setting next_dagrun for example_sensors to None, run_after=None
[2025-11-14T11:10:16.368+0530] {processor.py:183} INFO - Processing /home/logi/txtai/venv/lib/python3.10/site-packages/airflow/example_dags/example_sensors.py took 0.091 seconds
[2025-11-14T11:10:47.078+0530] {processor.py:161} INFO - Started process (PID=15295) to work on /home/logi/txtai/venv/lib/python3.10/site-packages/airflow/example_dags/example_sensors.py
[2025-11-14T11:10:47.080+0530] {processor.py:830} INFO - Processing file /home/logi/txtai/venv/lib/python3.10/site-packages/airflow/example_dags/example_sensors.py for tasks to queue
[2025-11-14T11:10:47.083+0530] {logging_mixin.py:188} INFO - [2025-11-14T11:10:47.082+0530] {dagbag.py:545} INFO - Filling up the DagBag from /home/logi/txtai/venv/lib/python3.10/site-packages/airflow/example_dags/example_sensors.py
[2025-11-14T11:10:47.097+0530] {processor.py:840} INFO - DAG(s) 'example_sensors' retrieved from /home/logi/txtai/venv/lib/python3.10/site-packages/airflow/example_dags/example_sensors.py
[2025-11-14T11:10:47.163+0530] {logging_mixin.py:188} INFO - [2025-11-14T11:10:47.162+0530] {dag.py:3089} INFO - Sync 1 DAGs
[2025-11-14T11:10:47.188+0530] {logging_mixin.py:188} INFO - [2025-11-14T11:10:47.188+0530] {dag.py:3947} INFO - Setting next_dagrun for example_sensors to None, run_after=None
[2025-11-14T11:10:47.226+0530] {processor.py:183} INFO - Processing /home/logi/txtai/venv/lib/python3.10/site-packages/airflow/example_dags/example_sensors.py took 0.160 seconds
[2025-11-14T11:11:17.381+0530] {processor.py:161} INFO - Started process (PID=15519) to work on /home/logi/txtai/venv/lib/python3.10/site-packages/airflow/example_dags/example_sensors.py
[2025-11-14T11:11:17.385+0530] {processor.py:830} INFO - Processing file /home/logi/txtai/venv/lib/python3.10/site-packages/airflow/example_dags/example_sensors.py for tasks to queue
[2025-11-14T11:11:17.389+0530] {logging_mixin.py:188} INFO - [2025-11-14T11:11:17.388+0530] {dagbag.py:545} INFO - Filling up the DagBag from /home/logi/txtai/venv/lib/python3.10/site-packages/airflow/example_dags/example_sensors.py
[2025-11-14T11:11:17.403+0530] {processor.py:840} INFO - DAG(s) 'example_sensors' retrieved from /home/logi/txtai/venv/lib/python3.10/site-packages/airflow/example_dags/example_sensors.py
[2025-11-14T11:11:17.450+0530] {logging_mixin.py:188} INFO - [2025-11-14T11:11:17.450+0530] {dag.py:3089} INFO - Sync 1 DAGs
[2025-11-14T11:11:17.471+0530] {logging_mixin.py:188} INFO - [2025-11-14T11:11:17.471+0530] {dag.py:3947} INFO - Setting next_dagrun for example_sensors to None, run_after=None
[2025-11-14T11:11:17.512+0530] {processor.py:183} INFO - Processing /home/logi/txtai/venv/lib/python3.10/site-packages/airflow/example_dags/example_sensors.py took 0.148 seconds
[2025-11-14T11:11:47.852+0530] {processor.py:161} INFO - Started process (PID=15673) to work on /home/logi/txtai/venv/lib/python3.10/site-packages/airflow/example_dags/example_sensors.py
[2025-11-14T11:11:47.855+0530] {processor.py:830} INFO - Processing file /home/logi/txtai/venv/lib/python3.10/site-packages/airflow/example_dags/example_sensors.py for tasks to queue
[2025-11-14T11:11:47.862+0530] {logging_mixin.py:188} INFO - [2025-11-14T11:11:47.860+0530] {dagbag.py:545} INFO - Filling up the DagBag from /home/logi/txtai/venv/lib/python3.10/site-packages/airflow/example_dags/example_sensors.py
[2025-11-14T11:11:47.883+0530] {processor.py:840} INFO - DAG(s) 'example_sensors' retrieved from /home/logi/txtai/venv/lib/python3.10/site-packages/airflow/example_dags/example_sensors.py
[2025-11-14T11:11:47.960+0530] {logging_mixin.py:188} INFO - [2025-11-14T11:11:47.960+0530] {dag.py:3089} INFO - Sync 1 DAGs
[2025-11-14T11:11:47.984+0530] {logging_mixin.py:188} INFO - [2025-11-14T11:11:47.983+0530] {dag.py:3947} INFO - Setting next_dagrun for example_sensors to None, run_after=None
[2025-11-14T11:11:48.028+0530] {processor.py:183} INFO - Processing /home/logi/txtai/venv/lib/python3.10/site-packages/airflow/example_dags/example_sensors.py took 0.190 seconds
[2025-11-14T11:12:18.098+0530] {processor.py:161} INFO - Started process (PID=15862) to work on /home/logi/txtai/venv/lib/python3.10/site-packages/airflow/example_dags/example_sensors.py
[2025-11-14T11:12:18.099+0530] {processor.py:830} INFO - Processing file /home/logi/txtai/venv/lib/python3.10/site-packages/airflow/example_dags/example_sensors.py for tasks to queue
[2025-11-14T11:12:18.102+0530] {logging_mixin.py:188} INFO - [2025-11-14T11:12:18.102+0530] {dagbag.py:545} INFO - Filling up the DagBag from /home/logi/txtai/venv/lib/python3.10/site-packages/airflow/example_dags/example_sensors.py
[2025-11-14T11:12:18.122+0530] {processor.py:840} INFO - DAG(s) 'example_sensors' retrieved from /home/logi/txtai/venv/lib/python3.10/site-packages/airflow/example_dags/example_sensors.py
[2025-11-14T11:12:18.242+0530] {logging_mixin.py:188} INFO - [2025-11-14T11:12:18.240+0530] {dag.py:3089} INFO - Sync 1 DAGs
[2025-11-14T11:12:18.274+0530] {logging_mixin.py:188} INFO - [2025-11-14T11:12:18.274+0530] {dag.py:3947} INFO - Setting next_dagrun for example_sensors to None, run_after=None
[2025-11-14T11:12:18.313+0530] {processor.py:183} INFO - Processing /home/logi/txtai/venv/lib/python3.10/site-packages/airflow/example_dags/example_sensors.py took 0.223 seconds
[2025-11-14T11:12:48.735+0530] {processor.py:161} INFO - Started process (PID=16065) to work on /home/logi/txtai/venv/lib/python3.10/site-packages/airflow/example_dags/example_sensors.py
[2025-11-14T11:12:48.739+0530] {processor.py:830} INFO - Processing file /home/logi/txtai/venv/lib/python3.10/site-packages/airflow/example_dags/example_sensors.py for tasks to queue
[2025-11-14T11:12:48.742+0530] {logging_mixin.py:188} INFO - [2025-11-14T11:12:48.742+0530] {dagbag.py:545} INFO - Filling up the DagBag from /home/logi/txtai/venv/lib/python3.10/site-packages/airflow/example_dags/example_sensors.py
[2025-11-14T11:12:48.759+0530] {processor.py:840} INFO - DAG(s) 'example_sensors' retrieved from /home/logi/txtai/venv/lib/python3.10/site-packages/airflow/example_dags/example_sensors.py
[2025-11-14T11:12:48.828+0530] {logging_mixin.py:188} INFO - [2025-11-14T11:12:48.828+0530] {dag.py:3089} INFO - Sync 1 DAGs
[2025-11-14T11:12:48.849+0530] {logging_mixin.py:188} INFO - [2025-11-14T11:12:48.848+0530] {dag.py:3947} INFO - Setting next_dagrun for example_sensors to None, run_after=None
[2025-11-14T11:12:48.912+0530] {processor.py:183} INFO - Processing /home/logi/txtai/venv/lib/python3.10/site-packages/airflow/example_dags/example_sensors.py took 0.215 seconds
[2025-11-14T11:13:19.409+0530] {processor.py:161} INFO - Started process (PID=16281) to work on /home/logi/txtai/venv/lib/python3.10/site-packages/airflow/example_dags/example_sensors.py
[2025-11-14T11:13:19.410+0530] {processor.py:830} INFO - Processing file /home/logi/txtai/venv/lib/python3.10/site-packages/airflow/example_dags/example_sensors.py for tasks to queue
[2025-11-14T11:13:19.411+0530] {logging_mixin.py:188} INFO - [2025-11-14T11:13:19.411+0530] {dagbag.py:545} INFO - Filling up the DagBag from /home/logi/txtai/venv/lib/python3.10/site-packages/airflow/example_dags/example_sensors.py
[2025-11-14T11:13:19.418+0530] {processor.py:840} INFO - DAG(s) 'example_sensors' retrieved from /home/logi/txtai/venv/lib/python3.10/site-packages/airflow/example_dags/example_sensors.py
[2025-11-14T11:13:19.471+0530] {logging_mixin.py:188} INFO - [2025-11-14T11:13:19.470+0530] {dag.py:3089} INFO - Sync 1 DAGs
[2025-11-14T11:13:19.490+0530] {logging_mixin.py:188} INFO - [2025-11-14T11:13:19.489+0530] {dag.py:3947} INFO - Setting next_dagrun for example_sensors to None, run_after=None
[2025-11-14T11:13:19.519+0530] {processor.py:183} INFO - Processing /home/logi/txtai/venv/lib/python3.10/site-packages/airflow/example_dags/example_sensors.py took 0.116 seconds
[2025-11-14T11:13:49.972+0530] {processor.py:161} INFO - Started process (PID=16518) to work on /home/logi/txtai/venv/lib/python3.10/site-packages/airflow/example_dags/example_sensors.py
[2025-11-14T11:13:49.974+0530] {processor.py:830} INFO - Processing file /home/logi/txtai/venv/lib/python3.10/site-packages/airflow/example_dags/example_sensors.py for tasks to queue
[2025-11-14T11:13:49.977+0530] {logging_mixin.py:188} INFO - [2025-11-14T11:13:49.976+0530] {dagbag.py:545} INFO - Filling up the DagBag from /home/logi/txtai/venv/lib/python3.10/site-packages/airflow/example_dags/example_sensors.py
[2025-11-14T11:13:49.994+0530] {processor.py:840} INFO - DAG(s) 'example_sensors' retrieved from /home/logi/txtai/venv/lib/python3.10/site-packages/airflow/example_dags/example_sensors.py
[2025-11-14T11:13:50.064+0530] {logging_mixin.py:188} INFO - [2025-11-14T11:13:50.063+0530] {dag.py:3089} INFO - Sync 1 DAGs
[2025-11-14T11:13:50.092+0530] {logging_mixin.py:188} INFO - [2025-11-14T11:13:50.091+0530] {dag.py:3947} INFO - Setting next_dagrun for example_sensors to None, run_after=None
[2025-11-14T11:13:50.129+0530] {processor.py:183} INFO - Processing /home/logi/txtai/venv/lib/python3.10/site-packages/airflow/example_dags/example_sensors.py took 0.168 seconds
