[2025-11-14T10:48:52.173+0530] {processor.py:161} INFO - Started process (PID=6100) to work on /home/logi/txtai/venv/lib/python3.10/site-packages/airflow/example_dags/example_branch_python_dop_operator_3.py
[2025-11-14T10:48:52.175+0530] {processor.py:830} INFO - Processing file /home/logi/txtai/venv/lib/python3.10/site-packages/airflow/example_dags/example_branch_python_dop_operator_3.py for tasks to queue
[2025-11-14T10:48:52.178+0530] {logging_mixin.py:188} INFO - [2025-11-14T10:48:52.177+0530] {dagbag.py:545} INFO - Filling up the DagBag from /home/logi/txtai/venv/lib/python3.10/site-packages/airflow/example_dags/example_branch_python_dop_operator_3.py
[2025-11-14T10:48:52.213+0530] {processor.py:840} INFO - DAG(s) 'example_branch_dop_operator_v3' retrieved from /home/logi/txtai/venv/lib/python3.10/site-packages/airflow/example_dags/example_branch_python_dop_operator_3.py
[2025-11-14T10:48:52.374+0530] {logging_mixin.py:188} INFO - [2025-11-14T10:48:52.373+0530] {dag.py:3089} INFO - Sync 1 DAGs
[2025-11-14T10:48:52.565+0530] {logging_mixin.py:188} INFO - [2025-11-14T10:48:52.564+0530] {dag.py:3947} INFO - Setting next_dagrun for example_branch_dop_operator_v3 to 2025-11-14 05:17:00+00:00, run_after=2025-11-14 05:18:00+00:00
[2025-11-14T10:48:52.691+0530] {processor.py:183} INFO - Processing /home/logi/txtai/venv/lib/python3.10/site-packages/airflow/example_dags/example_branch_python_dop_operator_3.py took 0.547 seconds
[2025-11-14T10:49:22.946+0530] {processor.py:161} INFO - Started process (PID=6732) to work on /home/logi/txtai/venv/lib/python3.10/site-packages/airflow/example_dags/example_branch_python_dop_operator_3.py
[2025-11-14T10:49:22.952+0530] {processor.py:830} INFO - Processing file /home/logi/txtai/venv/lib/python3.10/site-packages/airflow/example_dags/example_branch_python_dop_operator_3.py for tasks to queue
[2025-11-14T10:49:22.958+0530] {logging_mixin.py:188} INFO - [2025-11-14T10:49:22.957+0530] {dagbag.py:545} INFO - Filling up the DagBag from /home/logi/txtai/venv/lib/python3.10/site-packages/airflow/example_dags/example_branch_python_dop_operator_3.py
[2025-11-14T10:49:22.991+0530] {processor.py:840} INFO - DAG(s) 'example_branch_dop_operator_v3' retrieved from /home/logi/txtai/venv/lib/python3.10/site-packages/airflow/example_dags/example_branch_python_dop_operator_3.py
[2025-11-14T10:49:23.079+0530] {logging_mixin.py:188} INFO - [2025-11-14T10:49:23.078+0530] {dag.py:3089} INFO - Sync 1 DAGs
[2025-11-14T10:49:23.146+0530] {logging_mixin.py:188} INFO - [2025-11-14T10:49:23.146+0530] {dag.py:3947} INFO - Setting next_dagrun for example_branch_dop_operator_v3 to 2025-11-14 05:18:00+00:00, run_after=2025-11-14 05:19:00+00:00
[2025-11-14T10:49:23.222+0530] {processor.py:183} INFO - Processing /home/logi/txtai/venv/lib/python3.10/site-packages/airflow/example_dags/example_branch_python_dop_operator_3.py took 0.301 seconds
[2025-11-14T10:49:54.105+0530] {processor.py:161} INFO - Started process (PID=7427) to work on /home/logi/txtai/venv/lib/python3.10/site-packages/airflow/example_dags/example_branch_python_dop_operator_3.py
[2025-11-14T10:49:54.106+0530] {processor.py:830} INFO - Processing file /home/logi/txtai/venv/lib/python3.10/site-packages/airflow/example_dags/example_branch_python_dop_operator_3.py for tasks to queue
[2025-11-14T10:49:54.109+0530] {logging_mixin.py:188} INFO - [2025-11-14T10:49:54.109+0530] {dagbag.py:545} INFO - Filling up the DagBag from /home/logi/txtai/venv/lib/python3.10/site-packages/airflow/example_dags/example_branch_python_dop_operator_3.py
[2025-11-14T10:49:54.124+0530] {processor.py:840} INFO - DAG(s) 'example_branch_dop_operator_v3' retrieved from /home/logi/txtai/venv/lib/python3.10/site-packages/airflow/example_dags/example_branch_python_dop_operator_3.py
[2025-11-14T10:49:54.166+0530] {logging_mixin.py:188} INFO - [2025-11-14T10:49:54.166+0530] {dag.py:3089} INFO - Sync 1 DAGs
[2025-11-14T10:49:54.202+0530] {logging_mixin.py:188} INFO - [2025-11-14T10:49:54.202+0530] {dag.py:3947} INFO - Setting next_dagrun for example_branch_dop_operator_v3 to 2025-11-14 05:18:00+00:00, run_after=2025-11-14 05:19:00+00:00
[2025-11-14T10:49:54.237+0530] {processor.py:183} INFO - Processing /home/logi/txtai/venv/lib/python3.10/site-packages/airflow/example_dags/example_branch_python_dop_operator_3.py took 0.140 seconds
[2025-11-14T10:50:24.805+0530] {processor.py:161} INFO - Started process (PID=7927) to work on /home/logi/txtai/venv/lib/python3.10/site-packages/airflow/example_dags/example_branch_python_dop_operator_3.py
[2025-11-14T10:50:24.806+0530] {processor.py:830} INFO - Processing file /home/logi/txtai/venv/lib/python3.10/site-packages/airflow/example_dags/example_branch_python_dop_operator_3.py for tasks to queue
[2025-11-14T10:50:24.809+0530] {logging_mixin.py:188} INFO - [2025-11-14T10:50:24.809+0530] {dagbag.py:545} INFO - Filling up the DagBag from /home/logi/txtai/venv/lib/python3.10/site-packages/airflow/example_dags/example_branch_python_dop_operator_3.py
[2025-11-14T10:50:24.824+0530] {processor.py:840} INFO - DAG(s) 'example_branch_dop_operator_v3' retrieved from /home/logi/txtai/venv/lib/python3.10/site-packages/airflow/example_dags/example_branch_python_dop_operator_3.py
[2025-11-14T10:50:24.874+0530] {logging_mixin.py:188} INFO - [2025-11-14T10:50:24.874+0530] {dag.py:3089} INFO - Sync 1 DAGs
[2025-11-14T10:50:24.904+0530] {logging_mixin.py:188} INFO - [2025-11-14T10:50:24.904+0530] {dag.py:3947} INFO - Setting next_dagrun for example_branch_dop_operator_v3 to 2025-11-14 05:19:00+00:00, run_after=2025-11-14 05:20:00+00:00
[2025-11-14T10:50:24.925+0530] {processor.py:183} INFO - Processing /home/logi/txtai/venv/lib/python3.10/site-packages/airflow/example_dags/example_branch_python_dop_operator_3.py took 0.132 seconds
[2025-11-14T10:50:55.908+0530] {processor.py:161} INFO - Started process (PID=8155) to work on /home/logi/txtai/venv/lib/python3.10/site-packages/airflow/example_dags/example_branch_python_dop_operator_3.py
[2025-11-14T10:50:55.912+0530] {processor.py:830} INFO - Processing file /home/logi/txtai/venv/lib/python3.10/site-packages/airflow/example_dags/example_branch_python_dop_operator_3.py for tasks to queue
[2025-11-14T10:50:55.917+0530] {logging_mixin.py:188} INFO - [2025-11-14T10:50:55.917+0530] {dagbag.py:545} INFO - Filling up the DagBag from /home/logi/txtai/venv/lib/python3.10/site-packages/airflow/example_dags/example_branch_python_dop_operator_3.py
[2025-11-14T10:50:55.926+0530] {processor.py:840} INFO - DAG(s) 'example_branch_dop_operator_v3' retrieved from /home/logi/txtai/venv/lib/python3.10/site-packages/airflow/example_dags/example_branch_python_dop_operator_3.py
[2025-11-14T10:50:55.989+0530] {logging_mixin.py:188} INFO - [2025-11-14T10:50:55.988+0530] {dag.py:3089} INFO - Sync 1 DAGs
[2025-11-14T10:50:56.041+0530] {logging_mixin.py:188} INFO - [2025-11-14T10:50:56.041+0530] {dag.py:3947} INFO - Setting next_dagrun for example_branch_dop_operator_v3 to 2025-11-14 05:19:00+00:00, run_after=2025-11-14 05:20:00+00:00
[2025-11-14T10:50:56.093+0530] {processor.py:183} INFO - Processing /home/logi/txtai/venv/lib/python3.10/site-packages/airflow/example_dags/example_branch_python_dop_operator_3.py took 0.203 seconds
[2025-11-14T10:51:26.274+0530] {processor.py:161} INFO - Started process (PID=8324) to work on /home/logi/txtai/venv/lib/python3.10/site-packages/airflow/example_dags/example_branch_python_dop_operator_3.py
[2025-11-14T10:51:26.275+0530] {processor.py:830} INFO - Processing file /home/logi/txtai/venv/lib/python3.10/site-packages/airflow/example_dags/example_branch_python_dop_operator_3.py for tasks to queue
[2025-11-14T10:51:26.277+0530] {logging_mixin.py:188} INFO - [2025-11-14T10:51:26.276+0530] {dagbag.py:545} INFO - Filling up the DagBag from /home/logi/txtai/venv/lib/python3.10/site-packages/airflow/example_dags/example_branch_python_dop_operator_3.py
[2025-11-14T10:51:26.284+0530] {processor.py:840} INFO - DAG(s) 'example_branch_dop_operator_v3' retrieved from /home/logi/txtai/venv/lib/python3.10/site-packages/airflow/example_dags/example_branch_python_dop_operator_3.py
[2025-11-14T10:51:26.320+0530] {logging_mixin.py:188} INFO - [2025-11-14T10:51:26.320+0530] {dag.py:3089} INFO - Sync 1 DAGs
[2025-11-14T10:51:26.348+0530] {logging_mixin.py:188} INFO - [2025-11-14T10:51:26.348+0530] {dag.py:3947} INFO - Setting next_dagrun for example_branch_dop_operator_v3 to 2025-11-14 05:20:00+00:00, run_after=2025-11-14 05:21:00+00:00
[2025-11-14T10:51:26.368+0530] {processor.py:183} INFO - Processing /home/logi/txtai/venv/lib/python3.10/site-packages/airflow/example_dags/example_branch_python_dop_operator_3.py took 0.107 seconds
[2025-11-14T10:51:56.584+0530] {processor.py:161} INFO - Started process (PID=8459) to work on /home/logi/txtai/venv/lib/python3.10/site-packages/airflow/example_dags/example_branch_python_dop_operator_3.py
[2025-11-14T10:51:56.586+0530] {processor.py:830} INFO - Processing file /home/logi/txtai/venv/lib/python3.10/site-packages/airflow/example_dags/example_branch_python_dop_operator_3.py for tasks to queue
[2025-11-14T10:51:56.588+0530] {logging_mixin.py:188} INFO - [2025-11-14T10:51:56.588+0530] {dagbag.py:545} INFO - Filling up the DagBag from /home/logi/txtai/venv/lib/python3.10/site-packages/airflow/example_dags/example_branch_python_dop_operator_3.py
[2025-11-14T10:51:56.606+0530] {processor.py:840} INFO - DAG(s) 'example_branch_dop_operator_v3' retrieved from /home/logi/txtai/venv/lib/python3.10/site-packages/airflow/example_dags/example_branch_python_dop_operator_3.py
[2025-11-14T10:51:56.668+0530] {logging_mixin.py:188} INFO - [2025-11-14T10:51:56.668+0530] {dag.py:3089} INFO - Sync 1 DAGs
[2025-11-14T10:51:56.721+0530] {logging_mixin.py:188} INFO - [2025-11-14T10:51:56.721+0530] {dag.py:3947} INFO - Setting next_dagrun for example_branch_dop_operator_v3 to 2025-11-14 05:20:00+00:00, run_after=2025-11-14 05:21:00+00:00
[2025-11-14T10:51:56.760+0530] {processor.py:183} INFO - Processing /home/logi/txtai/venv/lib/python3.10/site-packages/airflow/example_dags/example_branch_python_dop_operator_3.py took 0.186 seconds
[2025-11-14T10:52:28.344+0530] {processor.py:161} INFO - Started process (PID=8641) to work on /home/logi/txtai/venv/lib/python3.10/site-packages/airflow/example_dags/example_branch_python_dop_operator_3.py
[2025-11-14T10:52:28.345+0530] {processor.py:830} INFO - Processing file /home/logi/txtai/venv/lib/python3.10/site-packages/airflow/example_dags/example_branch_python_dop_operator_3.py for tasks to queue
[2025-11-14T10:52:28.349+0530] {logging_mixin.py:188} INFO - [2025-11-14T10:52:28.349+0530] {dagbag.py:545} INFO - Filling up the DagBag from /home/logi/txtai/venv/lib/python3.10/site-packages/airflow/example_dags/example_branch_python_dop_operator_3.py
[2025-11-14T10:52:28.369+0530] {processor.py:840} INFO - DAG(s) 'example_branch_dop_operator_v3' retrieved from /home/logi/txtai/venv/lib/python3.10/site-packages/airflow/example_dags/example_branch_python_dop_operator_3.py
[2025-11-14T10:52:28.415+0530] {logging_mixin.py:188} INFO - [2025-11-14T10:52:28.414+0530] {dag.py:3089} INFO - Sync 1 DAGs
[2025-11-14T10:52:28.447+0530] {logging_mixin.py:188} INFO - [2025-11-14T10:52:28.446+0530] {dag.py:3947} INFO - Setting next_dagrun for example_branch_dop_operator_v3 to 2025-11-14 05:21:00+00:00, run_after=2025-11-14 05:22:00+00:00
[2025-11-14T10:52:28.479+0530] {processor.py:183} INFO - Processing /home/logi/txtai/venv/lib/python3.10/site-packages/airflow/example_dags/example_branch_python_dop_operator_3.py took 0.153 seconds
[2025-11-14T10:52:58.793+0530] {processor.py:161} INFO - Started process (PID=8770) to work on /home/logi/txtai/venv/lib/python3.10/site-packages/airflow/example_dags/example_branch_python_dop_operator_3.py
[2025-11-14T10:52:58.795+0530] {processor.py:830} INFO - Processing file /home/logi/txtai/venv/lib/python3.10/site-packages/airflow/example_dags/example_branch_python_dop_operator_3.py for tasks to queue
[2025-11-14T10:52:58.800+0530] {logging_mixin.py:188} INFO - [2025-11-14T10:52:58.799+0530] {dagbag.py:545} INFO - Filling up the DagBag from /home/logi/txtai/venv/lib/python3.10/site-packages/airflow/example_dags/example_branch_python_dop_operator_3.py
[2025-11-14T10:52:58.809+0530] {processor.py:840} INFO - DAG(s) 'example_branch_dop_operator_v3' retrieved from /home/logi/txtai/venv/lib/python3.10/site-packages/airflow/example_dags/example_branch_python_dop_operator_3.py
[2025-11-14T10:52:58.856+0530] {logging_mixin.py:188} INFO - [2025-11-14T10:52:58.855+0530] {dag.py:3089} INFO - Sync 1 DAGs
[2025-11-14T10:52:58.882+0530] {logging_mixin.py:188} INFO - [2025-11-14T10:52:58.882+0530] {dag.py:3947} INFO - Setting next_dagrun for example_branch_dop_operator_v3 to 2025-11-14 05:21:00+00:00, run_after=2025-11-14 05:22:00+00:00
[2025-11-14T10:52:58.914+0530] {processor.py:183} INFO - Processing /home/logi/txtai/venv/lib/python3.10/site-packages/airflow/example_dags/example_branch_python_dop_operator_3.py took 0.128 seconds
[2025-11-14T10:53:29.696+0530] {processor.py:161} INFO - Started process (PID=8901) to work on /home/logi/txtai/venv/lib/python3.10/site-packages/airflow/example_dags/example_branch_python_dop_operator_3.py
[2025-11-14T10:53:29.698+0530] {processor.py:830} INFO - Processing file /home/logi/txtai/venv/lib/python3.10/site-packages/airflow/example_dags/example_branch_python_dop_operator_3.py for tasks to queue
[2025-11-14T10:53:29.703+0530] {logging_mixin.py:188} INFO - [2025-11-14T10:53:29.702+0530] {dagbag.py:545} INFO - Filling up the DagBag from /home/logi/txtai/venv/lib/python3.10/site-packages/airflow/example_dags/example_branch_python_dop_operator_3.py
[2025-11-14T10:53:29.722+0530] {processor.py:840} INFO - DAG(s) 'example_branch_dop_operator_v3' retrieved from /home/logi/txtai/venv/lib/python3.10/site-packages/airflow/example_dags/example_branch_python_dop_operator_3.py
[2025-11-14T10:53:29.771+0530] {logging_mixin.py:188} INFO - [2025-11-14T10:53:29.770+0530] {dag.py:3089} INFO - Sync 1 DAGs
[2025-11-14T10:53:29.804+0530] {logging_mixin.py:188} INFO - [2025-11-14T10:53:29.804+0530] {dag.py:3947} INFO - Setting next_dagrun for example_branch_dop_operator_v3 to 2025-11-14 05:22:00+00:00, run_after=2025-11-14 05:23:00+00:00
[2025-11-14T10:53:29.829+0530] {processor.py:183} INFO - Processing /home/logi/txtai/venv/lib/python3.10/site-packages/airflow/example_dags/example_branch_python_dop_operator_3.py took 0.141 seconds
[2025-11-14T10:54:00.889+0530] {processor.py:161} INFO - Started process (PID=9089) to work on /home/logi/txtai/venv/lib/python3.10/site-packages/airflow/example_dags/example_branch_python_dop_operator_3.py
[2025-11-14T10:54:00.890+0530] {processor.py:830} INFO - Processing file /home/logi/txtai/venv/lib/python3.10/site-packages/airflow/example_dags/example_branch_python_dop_operator_3.py for tasks to queue
[2025-11-14T10:54:00.893+0530] {logging_mixin.py:188} INFO - [2025-11-14T10:54:00.893+0530] {dagbag.py:545} INFO - Filling up the DagBag from /home/logi/txtai/venv/lib/python3.10/site-packages/airflow/example_dags/example_branch_python_dop_operator_3.py
[2025-11-14T10:54:00.909+0530] {processor.py:840} INFO - DAG(s) 'example_branch_dop_operator_v3' retrieved from /home/logi/txtai/venv/lib/python3.10/site-packages/airflow/example_dags/example_branch_python_dop_operator_3.py
[2025-11-14T10:54:00.948+0530] {logging_mixin.py:188} INFO - [2025-11-14T10:54:00.948+0530] {dag.py:3089} INFO - Sync 1 DAGs
[2025-11-14T10:54:00.971+0530] {logging_mixin.py:188} INFO - [2025-11-14T10:54:00.971+0530] {dag.py:3947} INFO - Setting next_dagrun for example_branch_dop_operator_v3 to 2025-11-14 05:23:00+00:00, run_after=2025-11-14 05:24:00+00:00
[2025-11-14T10:54:00.991+0530] {processor.py:183} INFO - Processing /home/logi/txtai/venv/lib/python3.10/site-packages/airflow/example_dags/example_branch_python_dop_operator_3.py took 0.116 seconds
[2025-11-14T10:54:31.981+0530] {processor.py:161} INFO - Started process (PID=9322) to work on /home/logi/txtai/venv/lib/python3.10/site-packages/airflow/example_dags/example_branch_python_dop_operator_3.py
[2025-11-14T10:54:31.984+0530] {processor.py:830} INFO - Processing file /home/logi/txtai/venv/lib/python3.10/site-packages/airflow/example_dags/example_branch_python_dop_operator_3.py for tasks to queue
[2025-11-14T10:54:31.989+0530] {logging_mixin.py:188} INFO - [2025-11-14T10:54:31.988+0530] {dagbag.py:545} INFO - Filling up the DagBag from /home/logi/txtai/venv/lib/python3.10/site-packages/airflow/example_dags/example_branch_python_dop_operator_3.py
[2025-11-14T10:54:32.003+0530] {processor.py:840} INFO - DAG(s) 'example_branch_dop_operator_v3' retrieved from /home/logi/txtai/venv/lib/python3.10/site-packages/airflow/example_dags/example_branch_python_dop_operator_3.py
[2025-11-14T10:54:32.048+0530] {logging_mixin.py:188} INFO - [2025-11-14T10:54:32.048+0530] {dag.py:3089} INFO - Sync 1 DAGs
[2025-11-14T10:54:32.096+0530] {logging_mixin.py:188} INFO - [2025-11-14T10:54:32.095+0530] {dag.py:3947} INFO - Setting next_dagrun for example_branch_dop_operator_v3 to 2025-11-14 05:23:00+00:00, run_after=2025-11-14 05:24:00+00:00
[2025-11-14T10:54:32.125+0530] {processor.py:183} INFO - Processing /home/logi/txtai/venv/lib/python3.10/site-packages/airflow/example_dags/example_branch_python_dop_operator_3.py took 0.157 seconds
[2025-11-14T10:55:03.230+0530] {processor.py:161} INFO - Started process (PID=9469) to work on /home/logi/txtai/venv/lib/python3.10/site-packages/airflow/example_dags/example_branch_python_dop_operator_3.py
[2025-11-14T10:55:03.232+0530] {processor.py:830} INFO - Processing file /home/logi/txtai/venv/lib/python3.10/site-packages/airflow/example_dags/example_branch_python_dop_operator_3.py for tasks to queue
[2025-11-14T10:55:03.237+0530] {logging_mixin.py:188} INFO - [2025-11-14T10:55:03.236+0530] {dagbag.py:545} INFO - Filling up the DagBag from /home/logi/txtai/venv/lib/python3.10/site-packages/airflow/example_dags/example_branch_python_dop_operator_3.py
[2025-11-14T10:55:03.253+0530] {processor.py:840} INFO - DAG(s) 'example_branch_dop_operator_v3' retrieved from /home/logi/txtai/venv/lib/python3.10/site-packages/airflow/example_dags/example_branch_python_dop_operator_3.py
[2025-11-14T10:55:03.289+0530] {logging_mixin.py:188} INFO - [2025-11-14T10:55:03.288+0530] {dag.py:3089} INFO - Sync 1 DAGs
[2025-11-14T10:55:03.318+0530] {logging_mixin.py:188} INFO - [2025-11-14T10:55:03.318+0530] {dag.py:3947} INFO - Setting next_dagrun for example_branch_dop_operator_v3 to 2025-11-14 05:24:00+00:00, run_after=2025-11-14 05:25:00+00:00
[2025-11-14T10:55:03.338+0530] {processor.py:183} INFO - Processing /home/logi/txtai/venv/lib/python3.10/site-packages/airflow/example_dags/example_branch_python_dop_operator_3.py took 0.118 seconds
[2025-11-14T10:55:33.837+0530] {processor.py:161} INFO - Started process (PID=9612) to work on /home/logi/txtai/venv/lib/python3.10/site-packages/airflow/example_dags/example_branch_python_dop_operator_3.py
[2025-11-14T10:55:33.838+0530] {processor.py:830} INFO - Processing file /home/logi/txtai/venv/lib/python3.10/site-packages/airflow/example_dags/example_branch_python_dop_operator_3.py for tasks to queue
[2025-11-14T10:55:33.841+0530] {logging_mixin.py:188} INFO - [2025-11-14T10:55:33.840+0530] {dagbag.py:545} INFO - Filling up the DagBag from /home/logi/txtai/venv/lib/python3.10/site-packages/airflow/example_dags/example_branch_python_dop_operator_3.py
[2025-11-14T10:55:33.850+0530] {processor.py:840} INFO - DAG(s) 'example_branch_dop_operator_v3' retrieved from /home/logi/txtai/venv/lib/python3.10/site-packages/airflow/example_dags/example_branch_python_dop_operator_3.py
[2025-11-14T10:55:33.883+0530] {logging_mixin.py:188} INFO - [2025-11-14T10:55:33.883+0530] {dag.py:3089} INFO - Sync 1 DAGs
[2025-11-14T10:55:33.910+0530] {logging_mixin.py:188} INFO - [2025-11-14T10:55:33.909+0530] {dag.py:3947} INFO - Setting next_dagrun for example_branch_dop_operator_v3 to 2025-11-14 05:24:00+00:00, run_after=2025-11-14 05:25:00+00:00
[2025-11-14T10:55:33.934+0530] {processor.py:183} INFO - Processing /home/logi/txtai/venv/lib/python3.10/site-packages/airflow/example_dags/example_branch_python_dop_operator_3.py took 0.103 seconds
[2025-11-14T10:56:04.227+0530] {processor.py:161} INFO - Started process (PID=9740) to work on /home/logi/txtai/venv/lib/python3.10/site-packages/airflow/example_dags/example_branch_python_dop_operator_3.py
[2025-11-14T10:56:04.230+0530] {processor.py:830} INFO - Processing file /home/logi/txtai/venv/lib/python3.10/site-packages/airflow/example_dags/example_branch_python_dop_operator_3.py for tasks to queue
[2025-11-14T10:56:04.234+0530] {logging_mixin.py:188} INFO - [2025-11-14T10:56:04.233+0530] {dagbag.py:545} INFO - Filling up the DagBag from /home/logi/txtai/venv/lib/python3.10/site-packages/airflow/example_dags/example_branch_python_dop_operator_3.py
[2025-11-14T10:56:04.252+0530] {processor.py:840} INFO - DAG(s) 'example_branch_dop_operator_v3' retrieved from /home/logi/txtai/venv/lib/python3.10/site-packages/airflow/example_dags/example_branch_python_dop_operator_3.py
[2025-11-14T10:56:04.290+0530] {logging_mixin.py:188} INFO - [2025-11-14T10:56:04.290+0530] {dag.py:3089} INFO - Sync 1 DAGs
[2025-11-14T10:56:04.322+0530] {logging_mixin.py:188} INFO - [2025-11-14T10:56:04.322+0530] {dag.py:3947} INFO - Setting next_dagrun for example_branch_dop_operator_v3 to 2025-11-14 05:25:00+00:00, run_after=2025-11-14 05:26:00+00:00
[2025-11-14T10:56:04.348+0530] {processor.py:183} INFO - Processing /home/logi/txtai/venv/lib/python3.10/site-packages/airflow/example_dags/example_branch_python_dop_operator_3.py took 0.142 seconds
[2025-11-14T10:56:34.502+0530] {processor.py:161} INFO - Started process (PID=9902) to work on /home/logi/txtai/venv/lib/python3.10/site-packages/airflow/example_dags/example_branch_python_dop_operator_3.py
[2025-11-14T10:56:34.503+0530] {processor.py:830} INFO - Processing file /home/logi/txtai/venv/lib/python3.10/site-packages/airflow/example_dags/example_branch_python_dop_operator_3.py for tasks to queue
[2025-11-14T10:56:34.505+0530] {logging_mixin.py:188} INFO - [2025-11-14T10:56:34.505+0530] {dagbag.py:545} INFO - Filling up the DagBag from /home/logi/txtai/venv/lib/python3.10/site-packages/airflow/example_dags/example_branch_python_dop_operator_3.py
[2025-11-14T10:56:34.521+0530] {processor.py:840} INFO - DAG(s) 'example_branch_dop_operator_v3' retrieved from /home/logi/txtai/venv/lib/python3.10/site-packages/airflow/example_dags/example_branch_python_dop_operator_3.py
[2025-11-14T10:56:34.583+0530] {logging_mixin.py:188} INFO - [2025-11-14T10:56:34.583+0530] {dag.py:3089} INFO - Sync 1 DAGs
[2025-11-14T10:56:34.616+0530] {logging_mixin.py:188} INFO - [2025-11-14T10:56:34.616+0530] {dag.py:3947} INFO - Setting next_dagrun for example_branch_dop_operator_v3 to 2025-11-14 05:25:00+00:00, run_after=2025-11-14 05:26:00+00:00
[2025-11-14T10:56:34.651+0530] {processor.py:183} INFO - Processing /home/logi/txtai/venv/lib/python3.10/site-packages/airflow/example_dags/example_branch_python_dop_operator_3.py took 0.156 seconds
[2025-11-14T10:57:04.704+0530] {processor.py:161} INFO - Started process (PID=10034) to work on /home/logi/txtai/venv/lib/python3.10/site-packages/airflow/example_dags/example_branch_python_dop_operator_3.py
[2025-11-14T10:57:04.706+0530] {processor.py:830} INFO - Processing file /home/logi/txtai/venv/lib/python3.10/site-packages/airflow/example_dags/example_branch_python_dop_operator_3.py for tasks to queue
[2025-11-14T10:57:04.709+0530] {logging_mixin.py:188} INFO - [2025-11-14T10:57:04.708+0530] {dagbag.py:545} INFO - Filling up the DagBag from /home/logi/txtai/venv/lib/python3.10/site-packages/airflow/example_dags/example_branch_python_dop_operator_3.py
[2025-11-14T10:57:04.728+0530] {processor.py:840} INFO - DAG(s) 'example_branch_dop_operator_v3' retrieved from /home/logi/txtai/venv/lib/python3.10/site-packages/airflow/example_dags/example_branch_python_dop_operator_3.py
[2025-11-14T10:57:04.792+0530] {logging_mixin.py:188} INFO - [2025-11-14T10:57:04.792+0530] {dag.py:3089} INFO - Sync 1 DAGs
[2025-11-14T10:57:04.842+0530] {logging_mixin.py:188} INFO - [2025-11-14T10:57:04.841+0530] {dag.py:3947} INFO - Setting next_dagrun for example_branch_dop_operator_v3 to 2025-11-14 05:26:00+00:00, run_after=2025-11-14 05:27:00+00:00
[2025-11-14T10:57:04.892+0530] {processor.py:183} INFO - Processing /home/logi/txtai/venv/lib/python3.10/site-packages/airflow/example_dags/example_branch_python_dop_operator_3.py took 0.198 seconds
[2025-11-14T10:57:34.981+0530] {processor.py:161} INFO - Started process (PID=10165) to work on /home/logi/txtai/venv/lib/python3.10/site-packages/airflow/example_dags/example_branch_python_dop_operator_3.py
[2025-11-14T10:57:34.983+0530] {processor.py:830} INFO - Processing file /home/logi/txtai/venv/lib/python3.10/site-packages/airflow/example_dags/example_branch_python_dop_operator_3.py for tasks to queue
[2025-11-14T10:57:34.986+0530] {logging_mixin.py:188} INFO - [2025-11-14T10:57:34.985+0530] {dagbag.py:545} INFO - Filling up the DagBag from /home/logi/txtai/venv/lib/python3.10/site-packages/airflow/example_dags/example_branch_python_dop_operator_3.py
[2025-11-14T10:57:35.012+0530] {processor.py:840} INFO - DAG(s) 'example_branch_dop_operator_v3' retrieved from /home/logi/txtai/venv/lib/python3.10/site-packages/airflow/example_dags/example_branch_python_dop_operator_3.py
[2025-11-14T10:57:35.058+0530] {logging_mixin.py:188} INFO - [2025-11-14T10:57:35.058+0530] {dag.py:3089} INFO - Sync 1 DAGs
[2025-11-14T10:57:35.106+0530] {logging_mixin.py:188} INFO - [2025-11-14T10:57:35.105+0530] {dag.py:3947} INFO - Setting next_dagrun for example_branch_dop_operator_v3 to 2025-11-14 05:26:00+00:00, run_after=2025-11-14 05:27:00+00:00
[2025-11-14T10:57:35.137+0530] {processor.py:183} INFO - Processing /home/logi/txtai/venv/lib/python3.10/site-packages/airflow/example_dags/example_branch_python_dop_operator_3.py took 0.166 seconds
[2025-11-14T10:58:05.436+0530] {processor.py:161} INFO - Started process (PID=10296) to work on /home/logi/txtai/venv/lib/python3.10/site-packages/airflow/example_dags/example_branch_python_dop_operator_3.py
[2025-11-14T10:58:05.437+0530] {processor.py:830} INFO - Processing file /home/logi/txtai/venv/lib/python3.10/site-packages/airflow/example_dags/example_branch_python_dop_operator_3.py for tasks to queue
[2025-11-14T10:58:05.440+0530] {logging_mixin.py:188} INFO - [2025-11-14T10:58:05.439+0530] {dagbag.py:545} INFO - Filling up the DagBag from /home/logi/txtai/venv/lib/python3.10/site-packages/airflow/example_dags/example_branch_python_dop_operator_3.py
[2025-11-14T10:58:05.456+0530] {processor.py:840} INFO - DAG(s) 'example_branch_dop_operator_v3' retrieved from /home/logi/txtai/venv/lib/python3.10/site-packages/airflow/example_dags/example_branch_python_dop_operator_3.py
[2025-11-14T10:58:05.498+0530] {logging_mixin.py:188} INFO - [2025-11-14T10:58:05.498+0530] {dag.py:3089} INFO - Sync 1 DAGs
[2025-11-14T10:58:05.532+0530] {logging_mixin.py:188} INFO - [2025-11-14T10:58:05.532+0530] {dag.py:3947} INFO - Setting next_dagrun for example_branch_dop_operator_v3 to 2025-11-14 05:27:00+00:00, run_after=2025-11-14 05:28:00+00:00
[2025-11-14T10:58:05.551+0530] {processor.py:183} INFO - Processing /home/logi/txtai/venv/lib/python3.10/site-packages/airflow/example_dags/example_branch_python_dop_operator_3.py took 0.126 seconds
[2025-11-14T10:58:35.985+0530] {processor.py:161} INFO - Started process (PID=10426) to work on /home/logi/txtai/venv/lib/python3.10/site-packages/airflow/example_dags/example_branch_python_dop_operator_3.py
[2025-11-14T10:58:35.986+0530] {processor.py:830} INFO - Processing file /home/logi/txtai/venv/lib/python3.10/site-packages/airflow/example_dags/example_branch_python_dop_operator_3.py for tasks to queue
[2025-11-14T10:58:35.988+0530] {logging_mixin.py:188} INFO - [2025-11-14T10:58:35.988+0530] {dagbag.py:545} INFO - Filling up the DagBag from /home/logi/txtai/venv/lib/python3.10/site-packages/airflow/example_dags/example_branch_python_dop_operator_3.py
[2025-11-14T10:58:35.996+0530] {processor.py:840} INFO - DAG(s) 'example_branch_dop_operator_v3' retrieved from /home/logi/txtai/venv/lib/python3.10/site-packages/airflow/example_dags/example_branch_python_dop_operator_3.py
[2025-11-14T10:58:36.030+0530] {logging_mixin.py:188} INFO - [2025-11-14T10:58:36.029+0530] {dag.py:3089} INFO - Sync 1 DAGs
[2025-11-14T10:58:36.061+0530] {logging_mixin.py:188} INFO - [2025-11-14T10:58:36.061+0530] {dag.py:3947} INFO - Setting next_dagrun for example_branch_dop_operator_v3 to 2025-11-14 05:27:00+00:00, run_after=2025-11-14 05:28:00+00:00
[2025-11-14T10:58:36.088+0530] {processor.py:183} INFO - Processing /home/logi/txtai/venv/lib/python3.10/site-packages/airflow/example_dags/example_branch_python_dop_operator_3.py took 0.115 seconds
[2025-11-14T10:59:06.544+0530] {processor.py:161} INFO - Started process (PID=10583) to work on /home/logi/txtai/venv/lib/python3.10/site-packages/airflow/example_dags/example_branch_python_dop_operator_3.py
[2025-11-14T10:59:06.545+0530] {processor.py:830} INFO - Processing file /home/logi/txtai/venv/lib/python3.10/site-packages/airflow/example_dags/example_branch_python_dop_operator_3.py for tasks to queue
[2025-11-14T10:59:06.546+0530] {logging_mixin.py:188} INFO - [2025-11-14T10:59:06.546+0530] {dagbag.py:545} INFO - Filling up the DagBag from /home/logi/txtai/venv/lib/python3.10/site-packages/airflow/example_dags/example_branch_python_dop_operator_3.py
[2025-11-14T10:59:06.554+0530] {processor.py:840} INFO - DAG(s) 'example_branch_dop_operator_v3' retrieved from /home/logi/txtai/venv/lib/python3.10/site-packages/airflow/example_dags/example_branch_python_dop_operator_3.py
[2025-11-14T10:59:06.587+0530] {logging_mixin.py:188} INFO - [2025-11-14T10:59:06.587+0530] {dag.py:3089} INFO - Sync 1 DAGs
[2025-11-14T10:59:06.613+0530] {logging_mixin.py:188} INFO - [2025-11-14T10:59:06.613+0530] {dag.py:3947} INFO - Setting next_dagrun for example_branch_dop_operator_v3 to 2025-11-14 05:28:00+00:00, run_after=2025-11-14 05:29:00+00:00
[2025-11-14T10:59:06.638+0530] {processor.py:183} INFO - Processing /home/logi/txtai/venv/lib/python3.10/site-packages/airflow/example_dags/example_branch_python_dop_operator_3.py took 0.101 seconds
[2025-11-14T10:59:37.332+0530] {processor.py:161} INFO - Started process (PID=10711) to work on /home/logi/txtai/venv/lib/python3.10/site-packages/airflow/example_dags/example_branch_python_dop_operator_3.py
[2025-11-14T10:59:37.333+0530] {processor.py:830} INFO - Processing file /home/logi/txtai/venv/lib/python3.10/site-packages/airflow/example_dags/example_branch_python_dop_operator_3.py for tasks to queue
[2025-11-14T10:59:37.335+0530] {logging_mixin.py:188} INFO - [2025-11-14T10:59:37.334+0530] {dagbag.py:545} INFO - Filling up the DagBag from /home/logi/txtai/venv/lib/python3.10/site-packages/airflow/example_dags/example_branch_python_dop_operator_3.py
[2025-11-14T10:59:37.342+0530] {processor.py:840} INFO - DAG(s) 'example_branch_dop_operator_v3' retrieved from /home/logi/txtai/venv/lib/python3.10/site-packages/airflow/example_dags/example_branch_python_dop_operator_3.py
[2025-11-14T10:59:37.408+0530] {logging_mixin.py:188} INFO - [2025-11-14T10:59:37.408+0530] {dag.py:3089} INFO - Sync 1 DAGs
[2025-11-14T10:59:37.453+0530] {logging_mixin.py:188} INFO - [2025-11-14T10:59:37.452+0530] {dag.py:3947} INFO - Setting next_dagrun for example_branch_dop_operator_v3 to 2025-11-14 05:28:00+00:00, run_after=2025-11-14 05:29:00+00:00
[2025-11-14T10:59:37.484+0530] {processor.py:183} INFO - Processing /home/logi/txtai/venv/lib/python3.10/site-packages/airflow/example_dags/example_branch_python_dop_operator_3.py took 0.164 seconds
[2025-11-14T11:00:07.943+0530] {processor.py:161} INFO - Started process (PID=10842) to work on /home/logi/txtai/venv/lib/python3.10/site-packages/airflow/example_dags/example_branch_python_dop_operator_3.py
[2025-11-14T11:00:07.945+0530] {processor.py:830} INFO - Processing file /home/logi/txtai/venv/lib/python3.10/site-packages/airflow/example_dags/example_branch_python_dop_operator_3.py for tasks to queue
[2025-11-14T11:00:07.948+0530] {logging_mixin.py:188} INFO - [2025-11-14T11:00:07.947+0530] {dagbag.py:545} INFO - Filling up the DagBag from /home/logi/txtai/venv/lib/python3.10/site-packages/airflow/example_dags/example_branch_python_dop_operator_3.py
[2025-11-14T11:00:07.963+0530] {processor.py:840} INFO - DAG(s) 'example_branch_dop_operator_v3' retrieved from /home/logi/txtai/venv/lib/python3.10/site-packages/airflow/example_dags/example_branch_python_dop_operator_3.py
[2025-11-14T11:00:08.012+0530] {logging_mixin.py:188} INFO - [2025-11-14T11:00:08.011+0530] {dag.py:3089} INFO - Sync 1 DAGs
[2025-11-14T11:00:08.046+0530] {logging_mixin.py:188} INFO - [2025-11-14T11:00:08.046+0530] {dag.py:3947} INFO - Setting next_dagrun for example_branch_dop_operator_v3 to 2025-11-14 05:29:00+00:00, run_after=2025-11-14 05:30:00+00:00
[2025-11-14T11:00:08.068+0530] {processor.py:183} INFO - Processing /home/logi/txtai/venv/lib/python3.10/site-packages/airflow/example_dags/example_branch_python_dop_operator_3.py took 0.136 seconds
[2025-11-14T11:00:38.443+0530] {processor.py:161} INFO - Started process (PID=10972) to work on /home/logi/txtai/venv/lib/python3.10/site-packages/airflow/example_dags/example_branch_python_dop_operator_3.py
[2025-11-14T11:00:38.445+0530] {processor.py:830} INFO - Processing file /home/logi/txtai/venv/lib/python3.10/site-packages/airflow/example_dags/example_branch_python_dop_operator_3.py for tasks to queue
[2025-11-14T11:00:38.447+0530] {logging_mixin.py:188} INFO - [2025-11-14T11:00:38.447+0530] {dagbag.py:545} INFO - Filling up the DagBag from /home/logi/txtai/venv/lib/python3.10/site-packages/airflow/example_dags/example_branch_python_dop_operator_3.py
[2025-11-14T11:00:38.466+0530] {processor.py:840} INFO - DAG(s) 'example_branch_dop_operator_v3' retrieved from /home/logi/txtai/venv/lib/python3.10/site-packages/airflow/example_dags/example_branch_python_dop_operator_3.py
[2025-11-14T11:00:38.514+0530] {logging_mixin.py:188} INFO - [2025-11-14T11:00:38.514+0530] {dag.py:3089} INFO - Sync 1 DAGs
[2025-11-14T11:00:38.556+0530] {logging_mixin.py:188} INFO - [2025-11-14T11:00:38.556+0530] {dag.py:3947} INFO - Setting next_dagrun for example_branch_dop_operator_v3 to 2025-11-14 05:29:00+00:00, run_after=2025-11-14 05:30:00+00:00
[2025-11-14T11:00:38.583+0530] {processor.py:183} INFO - Processing /home/logi/txtai/venv/lib/python3.10/site-packages/airflow/example_dags/example_branch_python_dop_operator_3.py took 0.150 seconds
[2025-11-14T11:01:08.854+0530] {processor.py:161} INFO - Started process (PID=11100) to work on /home/logi/txtai/venv/lib/python3.10/site-packages/airflow/example_dags/example_branch_python_dop_operator_3.py
[2025-11-14T11:01:08.856+0530] {processor.py:830} INFO - Processing file /home/logi/txtai/venv/lib/python3.10/site-packages/airflow/example_dags/example_branch_python_dop_operator_3.py for tasks to queue
[2025-11-14T11:01:08.858+0530] {logging_mixin.py:188} INFO - [2025-11-14T11:01:08.858+0530] {dagbag.py:545} INFO - Filling up the DagBag from /home/logi/txtai/venv/lib/python3.10/site-packages/airflow/example_dags/example_branch_python_dop_operator_3.py
[2025-11-14T11:01:08.869+0530] {processor.py:840} INFO - DAG(s) 'example_branch_dop_operator_v3' retrieved from /home/logi/txtai/venv/lib/python3.10/site-packages/airflow/example_dags/example_branch_python_dop_operator_3.py
[2025-11-14T11:01:08.915+0530] {logging_mixin.py:188} INFO - [2025-11-14T11:01:08.915+0530] {dag.py:3089} INFO - Sync 1 DAGs
[2025-11-14T11:01:08.940+0530] {logging_mixin.py:188} INFO - [2025-11-14T11:01:08.940+0530] {dag.py:3947} INFO - Setting next_dagrun for example_branch_dop_operator_v3 to 2025-11-14 05:30:00+00:00, run_after=2025-11-14 05:31:00+00:00
[2025-11-14T11:01:08.967+0530] {processor.py:183} INFO - Processing /home/logi/txtai/venv/lib/python3.10/site-packages/airflow/example_dags/example_branch_python_dop_operator_3.py took 0.124 seconds
[2025-11-14T11:01:39.362+0530] {processor.py:161} INFO - Started process (PID=11232) to work on /home/logi/txtai/venv/lib/python3.10/site-packages/airflow/example_dags/example_branch_python_dop_operator_3.py
[2025-11-14T11:01:39.364+0530] {processor.py:830} INFO - Processing file /home/logi/txtai/venv/lib/python3.10/site-packages/airflow/example_dags/example_branch_python_dop_operator_3.py for tasks to queue
[2025-11-14T11:01:39.366+0530] {logging_mixin.py:188} INFO - [2025-11-14T11:01:39.366+0530] {dagbag.py:545} INFO - Filling up the DagBag from /home/logi/txtai/venv/lib/python3.10/site-packages/airflow/example_dags/example_branch_python_dop_operator_3.py
[2025-11-14T11:01:39.381+0530] {processor.py:840} INFO - DAG(s) 'example_branch_dop_operator_v3' retrieved from /home/logi/txtai/venv/lib/python3.10/site-packages/airflow/example_dags/example_branch_python_dop_operator_3.py
[2025-11-14T11:01:39.440+0530] {logging_mixin.py:188} INFO - [2025-11-14T11:01:39.440+0530] {dag.py:3089} INFO - Sync 1 DAGs
[2025-11-14T11:01:39.494+0530] {logging_mixin.py:188} INFO - [2025-11-14T11:01:39.494+0530] {dag.py:3947} INFO - Setting next_dagrun for example_branch_dop_operator_v3 to 2025-11-14 05:30:00+00:00, run_after=2025-11-14 05:31:00+00:00
[2025-11-14T11:01:39.534+0530] {processor.py:183} INFO - Processing /home/logi/txtai/venv/lib/python3.10/site-packages/airflow/example_dags/example_branch_python_dop_operator_3.py took 0.182 seconds
[2025-11-14T11:02:09.949+0530] {processor.py:161} INFO - Started process (PID=11359) to work on /home/logi/txtai/venv/lib/python3.10/site-packages/airflow/example_dags/example_branch_python_dop_operator_3.py
[2025-11-14T11:02:09.950+0530] {processor.py:830} INFO - Processing file /home/logi/txtai/venv/lib/python3.10/site-packages/airflow/example_dags/example_branch_python_dop_operator_3.py for tasks to queue
[2025-11-14T11:02:09.953+0530] {logging_mixin.py:188} INFO - [2025-11-14T11:02:09.953+0530] {dagbag.py:545} INFO - Filling up the DagBag from /home/logi/txtai/venv/lib/python3.10/site-packages/airflow/example_dags/example_branch_python_dop_operator_3.py
[2025-11-14T11:02:09.969+0530] {processor.py:840} INFO - DAG(s) 'example_branch_dop_operator_v3' retrieved from /home/logi/txtai/venv/lib/python3.10/site-packages/airflow/example_dags/example_branch_python_dop_operator_3.py
[2025-11-14T11:02:10.008+0530] {logging_mixin.py:188} INFO - [2025-11-14T11:02:10.008+0530] {dag.py:3089} INFO - Sync 1 DAGs
[2025-11-14T11:02:10.038+0530] {logging_mixin.py:188} INFO - [2025-11-14T11:02:10.038+0530] {dag.py:3947} INFO - Setting next_dagrun for example_branch_dop_operator_v3 to 2025-11-14 05:31:00+00:00, run_after=2025-11-14 05:32:00+00:00
[2025-11-14T11:02:10.060+0530] {processor.py:183} INFO - Processing /home/logi/txtai/venv/lib/python3.10/site-packages/airflow/example_dags/example_branch_python_dop_operator_3.py took 0.125 seconds
[2025-11-14T11:02:41.052+0530] {processor.py:161} INFO - Started process (PID=11584) to work on /home/logi/txtai/venv/lib/python3.10/site-packages/airflow/example_dags/example_branch_python_dop_operator_3.py
[2025-11-14T11:02:41.053+0530] {processor.py:830} INFO - Processing file /home/logi/txtai/venv/lib/python3.10/site-packages/airflow/example_dags/example_branch_python_dop_operator_3.py for tasks to queue
[2025-11-14T11:02:41.056+0530] {logging_mixin.py:188} INFO - [2025-11-14T11:02:41.055+0530] {dagbag.py:545} INFO - Filling up the DagBag from /home/logi/txtai/venv/lib/python3.10/site-packages/airflow/example_dags/example_branch_python_dop_operator_3.py
[2025-11-14T11:02:41.071+0530] {processor.py:840} INFO - DAG(s) 'example_branch_dop_operator_v3' retrieved from /home/logi/txtai/venv/lib/python3.10/site-packages/airflow/example_dags/example_branch_python_dop_operator_3.py
[2025-11-14T11:02:41.129+0530] {logging_mixin.py:188} INFO - [2025-11-14T11:02:41.128+0530] {dag.py:3089} INFO - Sync 1 DAGs
[2025-11-14T11:02:41.178+0530] {logging_mixin.py:188} INFO - [2025-11-14T11:02:41.178+0530] {dag.py:3947} INFO - Setting next_dagrun for example_branch_dop_operator_v3 to 2025-11-14 05:31:00+00:00, run_after=2025-11-14 05:32:00+00:00
[2025-11-14T11:02:41.213+0530] {processor.py:183} INFO - Processing /home/logi/txtai/venv/lib/python3.10/site-packages/airflow/example_dags/example_branch_python_dop_operator_3.py took 0.172 seconds
[2025-11-14T11:03:12.176+0530] {processor.py:161} INFO - Started process (PID=11882) to work on /home/logi/txtai/venv/lib/python3.10/site-packages/airflow/example_dags/example_branch_python_dop_operator_3.py
[2025-11-14T11:03:12.178+0530] {processor.py:830} INFO - Processing file /home/logi/txtai/venv/lib/python3.10/site-packages/airflow/example_dags/example_branch_python_dop_operator_3.py for tasks to queue
[2025-11-14T11:03:12.180+0530] {logging_mixin.py:188} INFO - [2025-11-14T11:03:12.180+0530] {dagbag.py:545} INFO - Filling up the DagBag from /home/logi/txtai/venv/lib/python3.10/site-packages/airflow/example_dags/example_branch_python_dop_operator_3.py
[2025-11-14T11:03:12.196+0530] {processor.py:840} INFO - DAG(s) 'example_branch_dop_operator_v3' retrieved from /home/logi/txtai/venv/lib/python3.10/site-packages/airflow/example_dags/example_branch_python_dop_operator_3.py
[2025-11-14T11:03:12.255+0530] {logging_mixin.py:188} INFO - [2025-11-14T11:03:12.254+0530] {dag.py:3089} INFO - Sync 1 DAGs
[2025-11-14T11:03:12.303+0530] {logging_mixin.py:188} INFO - [2025-11-14T11:03:12.303+0530] {dag.py:3947} INFO - Setting next_dagrun for example_branch_dop_operator_v3 to 2025-11-14 05:32:00+00:00, run_after=2025-11-14 05:33:00+00:00
[2025-11-14T11:03:12.353+0530] {processor.py:183} INFO - Processing /home/logi/txtai/venv/lib/python3.10/site-packages/airflow/example_dags/example_branch_python_dop_operator_3.py took 0.189 seconds
[2025-11-14T11:03:42.481+0530] {processor.py:161} INFO - Started process (PID=12671) to work on /home/logi/txtai/venv/lib/python3.10/site-packages/airflow/example_dags/example_branch_python_dop_operator_3.py
[2025-11-14T11:03:42.483+0530] {processor.py:830} INFO - Processing file /home/logi/txtai/venv/lib/python3.10/site-packages/airflow/example_dags/example_branch_python_dop_operator_3.py for tasks to queue
[2025-11-14T11:03:42.486+0530] {logging_mixin.py:188} INFO - [2025-11-14T11:03:42.486+0530] {dagbag.py:545} INFO - Filling up the DagBag from /home/logi/txtai/venv/lib/python3.10/site-packages/airflow/example_dags/example_branch_python_dop_operator_3.py
[2025-11-14T11:03:42.502+0530] {processor.py:840} INFO - DAG(s) 'example_branch_dop_operator_v3' retrieved from /home/logi/txtai/venv/lib/python3.10/site-packages/airflow/example_dags/example_branch_python_dop_operator_3.py
[2025-11-14T11:03:42.563+0530] {logging_mixin.py:188} INFO - [2025-11-14T11:03:42.563+0530] {dag.py:3089} INFO - Sync 1 DAGs
[2025-11-14T11:03:42.616+0530] {logging_mixin.py:188} INFO - [2025-11-14T11:03:42.616+0530] {dag.py:3947} INFO - Setting next_dagrun for example_branch_dop_operator_v3 to 2025-11-14 05:32:00+00:00, run_after=2025-11-14 05:33:00+00:00
[2025-11-14T11:03:42.658+0530] {processor.py:183} INFO - Processing /home/logi/txtai/venv/lib/python3.10/site-packages/airflow/example_dags/example_branch_python_dop_operator_3.py took 0.189 seconds
[2025-11-14T11:04:13.163+0530] {processor.py:161} INFO - Started process (PID=12802) to work on /home/logi/txtai/venv/lib/python3.10/site-packages/airflow/example_dags/example_branch_python_dop_operator_3.py
[2025-11-14T11:04:13.165+0530] {processor.py:830} INFO - Processing file /home/logi/txtai/venv/lib/python3.10/site-packages/airflow/example_dags/example_branch_python_dop_operator_3.py for tasks to queue
[2025-11-14T11:04:13.168+0530] {logging_mixin.py:188} INFO - [2025-11-14T11:04:13.167+0530] {dagbag.py:545} INFO - Filling up the DagBag from /home/logi/txtai/venv/lib/python3.10/site-packages/airflow/example_dags/example_branch_python_dop_operator_3.py
[2025-11-14T11:04:13.183+0530] {processor.py:840} INFO - DAG(s) 'example_branch_dop_operator_v3' retrieved from /home/logi/txtai/venv/lib/python3.10/site-packages/airflow/example_dags/example_branch_python_dop_operator_3.py
[2025-11-14T11:04:13.234+0530] {logging_mixin.py:188} INFO - [2025-11-14T11:04:13.234+0530] {dag.py:3089} INFO - Sync 1 DAGs
[2025-11-14T11:04:13.267+0530] {logging_mixin.py:188} INFO - [2025-11-14T11:04:13.267+0530] {dag.py:3947} INFO - Setting next_dagrun for example_branch_dop_operator_v3 to 2025-11-14 05:33:00+00:00, run_after=2025-11-14 05:34:00+00:00
[2025-11-14T11:04:13.308+0530] {processor.py:183} INFO - Processing /home/logi/txtai/venv/lib/python3.10/site-packages/airflow/example_dags/example_branch_python_dop_operator_3.py took 0.158 seconds
[2025-11-14T11:04:43.970+0530] {processor.py:161} INFO - Started process (PID=12937) to work on /home/logi/txtai/venv/lib/python3.10/site-packages/airflow/example_dags/example_branch_python_dop_operator_3.py
[2025-11-14T11:04:43.972+0530] {processor.py:830} INFO - Processing file /home/logi/txtai/venv/lib/python3.10/site-packages/airflow/example_dags/example_branch_python_dop_operator_3.py for tasks to queue
[2025-11-14T11:04:43.975+0530] {logging_mixin.py:188} INFO - [2025-11-14T11:04:43.974+0530] {dagbag.py:545} INFO - Filling up the DagBag from /home/logi/txtai/venv/lib/python3.10/site-packages/airflow/example_dags/example_branch_python_dop_operator_3.py
[2025-11-14T11:04:43.990+0530] {processor.py:840} INFO - DAG(s) 'example_branch_dop_operator_v3' retrieved from /home/logi/txtai/venv/lib/python3.10/site-packages/airflow/example_dags/example_branch_python_dop_operator_3.py
[2025-11-14T11:04:44.039+0530] {logging_mixin.py:188} INFO - [2025-11-14T11:04:44.038+0530] {dag.py:3089} INFO - Sync 1 DAGs
[2025-11-14T11:04:44.082+0530] {logging_mixin.py:188} INFO - [2025-11-14T11:04:44.082+0530] {dag.py:3947} INFO - Setting next_dagrun for example_branch_dop_operator_v3 to 2025-11-14 05:33:00+00:00, run_after=2025-11-14 05:34:00+00:00
[2025-11-14T11:04:44.117+0530] {processor.py:183} INFO - Processing /home/logi/txtai/venv/lib/python3.10/site-packages/airflow/example_dags/example_branch_python_dop_operator_3.py took 0.161 seconds
[2025-11-14T11:05:14.893+0530] {processor.py:161} INFO - Started process (PID=13083) to work on /home/logi/txtai/venv/lib/python3.10/site-packages/airflow/example_dags/example_branch_python_dop_operator_3.py
[2025-11-14T11:05:14.895+0530] {processor.py:830} INFO - Processing file /home/logi/txtai/venv/lib/python3.10/site-packages/airflow/example_dags/example_branch_python_dop_operator_3.py for tasks to queue
[2025-11-14T11:05:14.898+0530] {logging_mixin.py:188} INFO - [2025-11-14T11:05:14.897+0530] {dagbag.py:545} INFO - Filling up the DagBag from /home/logi/txtai/venv/lib/python3.10/site-packages/airflow/example_dags/example_branch_python_dop_operator_3.py
[2025-11-14T11:05:14.913+0530] {processor.py:840} INFO - DAG(s) 'example_branch_dop_operator_v3' retrieved from /home/logi/txtai/venv/lib/python3.10/site-packages/airflow/example_dags/example_branch_python_dop_operator_3.py
[2025-11-14T11:05:14.974+0530] {logging_mixin.py:188} INFO - [2025-11-14T11:05:14.974+0530] {dag.py:3089} INFO - Sync 1 DAGs
[2025-11-14T11:05:15.020+0530] {logging_mixin.py:188} INFO - [2025-11-14T11:05:15.019+0530] {dag.py:3947} INFO - Setting next_dagrun for example_branch_dop_operator_v3 to 2025-11-14 05:34:00+00:00, run_after=2025-11-14 05:35:00+00:00
[2025-11-14T11:05:15.058+0530] {processor.py:183} INFO - Processing /home/logi/txtai/venv/lib/python3.10/site-packages/airflow/example_dags/example_branch_python_dop_operator_3.py took 0.177 seconds
[2025-11-14T11:05:45.147+0530] {processor.py:161} INFO - Started process (PID=13211) to work on /home/logi/txtai/venv/lib/python3.10/site-packages/airflow/example_dags/example_branch_python_dop_operator_3.py
[2025-11-14T11:05:45.149+0530] {processor.py:830} INFO - Processing file /home/logi/txtai/venv/lib/python3.10/site-packages/airflow/example_dags/example_branch_python_dop_operator_3.py for tasks to queue
[2025-11-14T11:05:45.151+0530] {logging_mixin.py:188} INFO - [2025-11-14T11:05:45.151+0530] {dagbag.py:545} INFO - Filling up the DagBag from /home/logi/txtai/venv/lib/python3.10/site-packages/airflow/example_dags/example_branch_python_dop_operator_3.py
[2025-11-14T11:05:45.165+0530] {processor.py:840} INFO - DAG(s) 'example_branch_dop_operator_v3' retrieved from /home/logi/txtai/venv/lib/python3.10/site-packages/airflow/example_dags/example_branch_python_dop_operator_3.py
[2025-11-14T11:05:45.220+0530] {logging_mixin.py:188} INFO - [2025-11-14T11:05:45.219+0530] {dag.py:3089} INFO - Sync 1 DAGs
[2025-11-14T11:05:45.265+0530] {logging_mixin.py:188} INFO - [2025-11-14T11:05:45.265+0530] {dag.py:3947} INFO - Setting next_dagrun for example_branch_dop_operator_v3 to 2025-11-14 05:34:00+00:00, run_after=2025-11-14 05:35:00+00:00
[2025-11-14T11:05:45.298+0530] {processor.py:183} INFO - Processing /home/logi/txtai/venv/lib/python3.10/site-packages/airflow/example_dags/example_branch_python_dop_operator_3.py took 0.162 seconds
[2025-11-14T11:06:15.468+0530] {processor.py:161} INFO - Started process (PID=13341) to work on /home/logi/txtai/venv/lib/python3.10/site-packages/airflow/example_dags/example_branch_python_dop_operator_3.py
[2025-11-14T11:06:15.470+0530] {processor.py:830} INFO - Processing file /home/logi/txtai/venv/lib/python3.10/site-packages/airflow/example_dags/example_branch_python_dop_operator_3.py for tasks to queue
[2025-11-14T11:06:15.472+0530] {logging_mixin.py:188} INFO - [2025-11-14T11:06:15.472+0530] {dagbag.py:545} INFO - Filling up the DagBag from /home/logi/txtai/venv/lib/python3.10/site-packages/airflow/example_dags/example_branch_python_dop_operator_3.py
[2025-11-14T11:06:15.490+0530] {processor.py:840} INFO - DAG(s) 'example_branch_dop_operator_v3' retrieved from /home/logi/txtai/venv/lib/python3.10/site-packages/airflow/example_dags/example_branch_python_dop_operator_3.py
[2025-11-14T11:06:15.534+0530] {logging_mixin.py:188} INFO - [2025-11-14T11:06:15.533+0530] {dag.py:3089} INFO - Sync 1 DAGs
[2025-11-14T11:06:15.565+0530] {logging_mixin.py:188} INFO - [2025-11-14T11:06:15.565+0530] {dag.py:3947} INFO - Setting next_dagrun for example_branch_dop_operator_v3 to 2025-11-14 05:35:00+00:00, run_after=2025-11-14 05:36:00+00:00
[2025-11-14T11:06:15.594+0530] {processor.py:183} INFO - Processing /home/logi/txtai/venv/lib/python3.10/site-packages/airflow/example_dags/example_branch_python_dop_operator_3.py took 0.139 seconds
[2025-11-14T11:06:45.787+0530] {processor.py:161} INFO - Started process (PID=13471) to work on /home/logi/txtai/venv/lib/python3.10/site-packages/airflow/example_dags/example_branch_python_dop_operator_3.py
[2025-11-14T11:06:45.789+0530] {processor.py:830} INFO - Processing file /home/logi/txtai/venv/lib/python3.10/site-packages/airflow/example_dags/example_branch_python_dop_operator_3.py for tasks to queue
[2025-11-14T11:06:45.792+0530] {logging_mixin.py:188} INFO - [2025-11-14T11:06:45.791+0530] {dagbag.py:545} INFO - Filling up the DagBag from /home/logi/txtai/venv/lib/python3.10/site-packages/airflow/example_dags/example_branch_python_dop_operator_3.py
[2025-11-14T11:06:45.808+0530] {processor.py:840} INFO - DAG(s) 'example_branch_dop_operator_v3' retrieved from /home/logi/txtai/venv/lib/python3.10/site-packages/airflow/example_dags/example_branch_python_dop_operator_3.py
[2025-11-14T11:06:45.866+0530] {logging_mixin.py:188} INFO - [2025-11-14T11:06:45.865+0530] {dag.py:3089} INFO - Sync 1 DAGs
[2025-11-14T11:06:45.907+0530] {logging_mixin.py:188} INFO - [2025-11-14T11:06:45.907+0530] {dag.py:3947} INFO - Setting next_dagrun for example_branch_dop_operator_v3 to 2025-11-14 05:35:00+00:00, run_after=2025-11-14 05:36:00+00:00
[2025-11-14T11:06:45.942+0530] {processor.py:183} INFO - Processing /home/logi/txtai/venv/lib/python3.10/site-packages/airflow/example_dags/example_branch_python_dop_operator_3.py took 0.169 seconds
[2025-11-14T11:07:16.843+0530] {processor.py:161} INFO - Started process (PID=13656) to work on /home/logi/txtai/venv/lib/python3.10/site-packages/airflow/example_dags/example_branch_python_dop_operator_3.py
[2025-11-14T11:07:16.887+0530] {processor.py:830} INFO - Processing file /home/logi/txtai/venv/lib/python3.10/site-packages/airflow/example_dags/example_branch_python_dop_operator_3.py for tasks to queue
[2025-11-14T11:07:16.890+0530] {logging_mixin.py:188} INFO - [2025-11-14T11:07:16.889+0530] {dagbag.py:545} INFO - Filling up the DagBag from /home/logi/txtai/venv/lib/python3.10/site-packages/airflow/example_dags/example_branch_python_dop_operator_3.py
[2025-11-14T11:07:16.906+0530] {processor.py:840} INFO - DAG(s) 'example_branch_dop_operator_v3' retrieved from /home/logi/txtai/venv/lib/python3.10/site-packages/airflow/example_dags/example_branch_python_dop_operator_3.py
[2025-11-14T11:07:16.965+0530] {logging_mixin.py:188} INFO - [2025-11-14T11:07:16.964+0530] {dag.py:3089} INFO - Sync 1 DAGs
[2025-11-14T11:07:17.016+0530] {logging_mixin.py:188} INFO - [2025-11-14T11:07:17.016+0530] {dag.py:3947} INFO - Setting next_dagrun for example_branch_dop_operator_v3 to 2025-11-14 05:36:00+00:00, run_after=2025-11-14 05:37:00+00:00
[2025-11-14T11:07:17.065+0530] {processor.py:183} INFO - Processing /home/logi/txtai/venv/lib/python3.10/site-packages/airflow/example_dags/example_branch_python_dop_operator_3.py took 0.233 seconds
[2025-11-14T11:07:47.234+0530] {processor.py:161} INFO - Started process (PID=13893) to work on /home/logi/txtai/venv/lib/python3.10/site-packages/airflow/example_dags/example_branch_python_dop_operator_3.py
[2025-11-14T11:07:47.236+0530] {processor.py:830} INFO - Processing file /home/logi/txtai/venv/lib/python3.10/site-packages/airflow/example_dags/example_branch_python_dop_operator_3.py for tasks to queue
[2025-11-14T11:07:47.240+0530] {logging_mixin.py:188} INFO - [2025-11-14T11:07:47.239+0530] {dagbag.py:545} INFO - Filling up the DagBag from /home/logi/txtai/venv/lib/python3.10/site-packages/airflow/example_dags/example_branch_python_dop_operator_3.py
[2025-11-14T11:07:47.254+0530] {processor.py:840} INFO - DAG(s) 'example_branch_dop_operator_v3' retrieved from /home/logi/txtai/venv/lib/python3.10/site-packages/airflow/example_dags/example_branch_python_dop_operator_3.py
[2025-11-14T11:07:47.305+0530] {logging_mixin.py:188} INFO - [2025-11-14T11:07:47.304+0530] {dag.py:3089} INFO - Sync 1 DAGs
[2025-11-14T11:07:47.348+0530] {logging_mixin.py:188} INFO - [2025-11-14T11:07:47.348+0530] {dag.py:3947} INFO - Setting next_dagrun for example_branch_dop_operator_v3 to 2025-11-14 05:36:00+00:00, run_after=2025-11-14 05:37:00+00:00
[2025-11-14T11:07:47.382+0530] {processor.py:183} INFO - Processing /home/logi/txtai/venv/lib/python3.10/site-packages/airflow/example_dags/example_branch_python_dop_operator_3.py took 0.160 seconds
[2025-11-14T11:08:17.812+0530] {processor.py:161} INFO - Started process (PID=14499) to work on /home/logi/txtai/venv/lib/python3.10/site-packages/airflow/example_dags/example_branch_python_dop_operator_3.py
[2025-11-14T11:08:17.814+0530] {processor.py:830} INFO - Processing file /home/logi/txtai/venv/lib/python3.10/site-packages/airflow/example_dags/example_branch_python_dop_operator_3.py for tasks to queue
[2025-11-14T11:08:17.817+0530] {logging_mixin.py:188} INFO - [2025-11-14T11:08:17.816+0530] {dagbag.py:545} INFO - Filling up the DagBag from /home/logi/txtai/venv/lib/python3.10/site-packages/airflow/example_dags/example_branch_python_dop_operator_3.py
[2025-11-14T11:08:17.837+0530] {processor.py:840} INFO - DAG(s) 'example_branch_dop_operator_v3' retrieved from /home/logi/txtai/venv/lib/python3.10/site-packages/airflow/example_dags/example_branch_python_dop_operator_3.py
[2025-11-14T11:08:17.884+0530] {logging_mixin.py:188} INFO - [2025-11-14T11:08:17.883+0530] {dag.py:3089} INFO - Sync 1 DAGs
[2025-11-14T11:08:17.936+0530] {logging_mixin.py:188} INFO - [2025-11-14T11:08:17.935+0530] {dag.py:3947} INFO - Setting next_dagrun for example_branch_dop_operator_v3 to 2025-11-14 05:37:00+00:00, run_after=2025-11-14 05:38:00+00:00
[2025-11-14T11:08:17.967+0530] {processor.py:183} INFO - Processing /home/logi/txtai/venv/lib/python3.10/site-packages/airflow/example_dags/example_branch_python_dop_operator_3.py took 0.167 seconds
[2025-11-14T11:08:48.445+0530] {processor.py:161} INFO - Started process (PID=14654) to work on /home/logi/txtai/venv/lib/python3.10/site-packages/airflow/example_dags/example_branch_python_dop_operator_3.py
[2025-11-14T11:08:48.448+0530] {processor.py:830} INFO - Processing file /home/logi/txtai/venv/lib/python3.10/site-packages/airflow/example_dags/example_branch_python_dop_operator_3.py for tasks to queue
[2025-11-14T11:08:48.451+0530] {logging_mixin.py:188} INFO - [2025-11-14T11:08:48.450+0530] {dagbag.py:545} INFO - Filling up the DagBag from /home/logi/txtai/venv/lib/python3.10/site-packages/airflow/example_dags/example_branch_python_dop_operator_3.py
[2025-11-14T11:08:48.467+0530] {processor.py:840} INFO - DAG(s) 'example_branch_dop_operator_v3' retrieved from /home/logi/txtai/venv/lib/python3.10/site-packages/airflow/example_dags/example_branch_python_dop_operator_3.py
[2025-11-14T11:08:48.526+0530] {logging_mixin.py:188} INFO - [2025-11-14T11:08:48.525+0530] {dag.py:3089} INFO - Sync 1 DAGs
[2025-11-14T11:08:48.575+0530] {logging_mixin.py:188} INFO - [2025-11-14T11:08:48.575+0530] {dag.py:3947} INFO - Setting next_dagrun for example_branch_dop_operator_v3 to 2025-11-14 05:37:00+00:00, run_after=2025-11-14 05:38:00+00:00
[2025-11-14T11:08:48.626+0530] {processor.py:183} INFO - Processing /home/logi/txtai/venv/lib/python3.10/site-packages/airflow/example_dags/example_branch_python_dop_operator_3.py took 0.193 seconds
[2025-11-14T11:09:19.384+0530] {processor.py:161} INFO - Started process (PID=14790) to work on /home/logi/txtai/venv/lib/python3.10/site-packages/airflow/example_dags/example_branch_python_dop_operator_3.py
[2025-11-14T11:09:19.386+0530] {processor.py:830} INFO - Processing file /home/logi/txtai/venv/lib/python3.10/site-packages/airflow/example_dags/example_branch_python_dop_operator_3.py for tasks to queue
[2025-11-14T11:09:19.389+0530] {logging_mixin.py:188} INFO - [2025-11-14T11:09:19.388+0530] {dagbag.py:545} INFO - Filling up the DagBag from /home/logi/txtai/venv/lib/python3.10/site-packages/airflow/example_dags/example_branch_python_dop_operator_3.py
[2025-11-14T11:09:19.399+0530] {processor.py:840} INFO - DAG(s) 'example_branch_dop_operator_v3' retrieved from /home/logi/txtai/venv/lib/python3.10/site-packages/airflow/example_dags/example_branch_python_dop_operator_3.py
[2025-11-14T11:09:19.448+0530] {logging_mixin.py:188} INFO - [2025-11-14T11:09:19.448+0530] {dag.py:3089} INFO - Sync 1 DAGs
[2025-11-14T11:09:19.494+0530] {logging_mixin.py:188} INFO - [2025-11-14T11:09:19.493+0530] {dag.py:3947} INFO - Setting next_dagrun for example_branch_dop_operator_v3 to 2025-11-14 05:38:00+00:00, run_after=2025-11-14 05:39:00+00:00
[2025-11-14T11:09:19.539+0530] {processor.py:183} INFO - Processing /home/logi/txtai/venv/lib/python3.10/site-packages/airflow/example_dags/example_branch_python_dop_operator_3.py took 0.166 seconds
[2025-11-14T11:09:50.343+0530] {processor.py:161} INFO - Started process (PID=14919) to work on /home/logi/txtai/venv/lib/python3.10/site-packages/airflow/example_dags/example_branch_python_dop_operator_3.py
[2025-11-14T11:09:50.347+0530] {processor.py:830} INFO - Processing file /home/logi/txtai/venv/lib/python3.10/site-packages/airflow/example_dags/example_branch_python_dop_operator_3.py for tasks to queue
[2025-11-14T11:09:50.349+0530] {logging_mixin.py:188} INFO - [2025-11-14T11:09:50.349+0530] {dagbag.py:545} INFO - Filling up the DagBag from /home/logi/txtai/venv/lib/python3.10/site-packages/airflow/example_dags/example_branch_python_dop_operator_3.py
[2025-11-14T11:09:50.365+0530] {processor.py:840} INFO - DAG(s) 'example_branch_dop_operator_v3' retrieved from /home/logi/txtai/venv/lib/python3.10/site-packages/airflow/example_dags/example_branch_python_dop_operator_3.py
[2025-11-14T11:09:50.410+0530] {logging_mixin.py:188} INFO - [2025-11-14T11:09:50.410+0530] {dag.py:3089} INFO - Sync 1 DAGs
[2025-11-14T11:09:50.452+0530] {logging_mixin.py:188} INFO - [2025-11-14T11:09:50.451+0530] {dag.py:3947} INFO - Setting next_dagrun for example_branch_dop_operator_v3 to 2025-11-14 05:38:00+00:00, run_after=2025-11-14 05:39:00+00:00
[2025-11-14T11:09:50.481+0530] {processor.py:183} INFO - Processing /home/logi/txtai/venv/lib/python3.10/site-packages/airflow/example_dags/example_branch_python_dop_operator_3.py took 0.145 seconds
[2025-11-14T11:10:21.097+0530] {processor.py:161} INFO - Started process (PID=15099) to work on /home/logi/txtai/venv/lib/python3.10/site-packages/airflow/example_dags/example_branch_python_dop_operator_3.py
[2025-11-14T11:10:21.099+0530] {processor.py:830} INFO - Processing file /home/logi/txtai/venv/lib/python3.10/site-packages/airflow/example_dags/example_branch_python_dop_operator_3.py for tasks to queue
[2025-11-14T11:10:21.102+0530] {logging_mixin.py:188} INFO - [2025-11-14T11:10:21.101+0530] {dagbag.py:545} INFO - Filling up the DagBag from /home/logi/txtai/venv/lib/python3.10/site-packages/airflow/example_dags/example_branch_python_dop_operator_3.py
[2025-11-14T11:10:21.110+0530] {processor.py:840} INFO - DAG(s) 'example_branch_dop_operator_v3' retrieved from /home/logi/txtai/venv/lib/python3.10/site-packages/airflow/example_dags/example_branch_python_dop_operator_3.py
[2025-11-14T11:10:21.146+0530] {logging_mixin.py:188} INFO - [2025-11-14T11:10:21.146+0530] {dag.py:3089} INFO - Sync 1 DAGs
[2025-11-14T11:10:21.183+0530] {logging_mixin.py:188} INFO - [2025-11-14T11:10:21.183+0530] {dag.py:3947} INFO - Setting next_dagrun for example_branch_dop_operator_v3 to 2025-11-14 05:39:00+00:00, run_after=2025-11-14 05:40:00+00:00
[2025-11-14T11:10:21.217+0530] {processor.py:183} INFO - Processing /home/logi/txtai/venv/lib/python3.10/site-packages/airflow/example_dags/example_branch_python_dop_operator_3.py took 0.131 seconds
[2025-11-14T11:10:51.533+0530] {processor.py:161} INFO - Started process (PID=15374) to work on /home/logi/txtai/venv/lib/python3.10/site-packages/airflow/example_dags/example_branch_python_dop_operator_3.py
[2025-11-14T11:10:51.535+0530] {processor.py:830} INFO - Processing file /home/logi/txtai/venv/lib/python3.10/site-packages/airflow/example_dags/example_branch_python_dop_operator_3.py for tasks to queue
[2025-11-14T11:10:51.537+0530] {logging_mixin.py:188} INFO - [2025-11-14T11:10:51.537+0530] {dagbag.py:545} INFO - Filling up the DagBag from /home/logi/txtai/venv/lib/python3.10/site-packages/airflow/example_dags/example_branch_python_dop_operator_3.py
[2025-11-14T11:10:51.548+0530] {processor.py:840} INFO - DAG(s) 'example_branch_dop_operator_v3' retrieved from /home/logi/txtai/venv/lib/python3.10/site-packages/airflow/example_dags/example_branch_python_dop_operator_3.py
[2025-11-14T11:10:51.584+0530] {logging_mixin.py:188} INFO - [2025-11-14T11:10:51.584+0530] {dag.py:3089} INFO - Sync 1 DAGs
[2025-11-14T11:10:51.613+0530] {logging_mixin.py:188} INFO - [2025-11-14T11:10:51.612+0530] {dag.py:3947} INFO - Setting next_dagrun for example_branch_dop_operator_v3 to 2025-11-14 05:39:00+00:00, run_after=2025-11-14 05:40:00+00:00
[2025-11-14T11:10:51.639+0530] {processor.py:183} INFO - Processing /home/logi/txtai/venv/lib/python3.10/site-packages/airflow/example_dags/example_branch_python_dop_operator_3.py took 0.114 seconds
[2025-11-14T11:11:21.892+0530] {processor.py:161} INFO - Started process (PID=15553) to work on /home/logi/txtai/venv/lib/python3.10/site-packages/airflow/example_dags/example_branch_python_dop_operator_3.py
[2025-11-14T11:11:21.894+0530] {processor.py:830} INFO - Processing file /home/logi/txtai/venv/lib/python3.10/site-packages/airflow/example_dags/example_branch_python_dop_operator_3.py for tasks to queue
[2025-11-14T11:11:21.896+0530] {logging_mixin.py:188} INFO - [2025-11-14T11:11:21.896+0530] {dagbag.py:545} INFO - Filling up the DagBag from /home/logi/txtai/venv/lib/python3.10/site-packages/airflow/example_dags/example_branch_python_dop_operator_3.py
[2025-11-14T11:11:21.910+0530] {processor.py:840} INFO - DAG(s) 'example_branch_dop_operator_v3' retrieved from /home/logi/txtai/venv/lib/python3.10/site-packages/airflow/example_dags/example_branch_python_dop_operator_3.py
[2025-11-14T11:11:21.959+0530] {logging_mixin.py:188} INFO - [2025-11-14T11:11:21.958+0530] {dag.py:3089} INFO - Sync 1 DAGs
[2025-11-14T11:11:22.000+0530] {logging_mixin.py:188} INFO - [2025-11-14T11:11:22.000+0530] {dag.py:3947} INFO - Setting next_dagrun for example_branch_dop_operator_v3 to 2025-11-14 05:40:00+00:00, run_after=2025-11-14 05:41:00+00:00
[2025-11-14T11:11:22.030+0530] {processor.py:183} INFO - Processing /home/logi/txtai/venv/lib/python3.10/site-packages/airflow/example_dags/example_branch_python_dop_operator_3.py took 0.149 seconds
[2025-11-14T11:11:52.754+0530] {processor.py:161} INFO - Started process (PID=15708) to work on /home/logi/txtai/venv/lib/python3.10/site-packages/airflow/example_dags/example_branch_python_dop_operator_3.py
[2025-11-14T11:11:52.756+0530] {processor.py:830} INFO - Processing file /home/logi/txtai/venv/lib/python3.10/site-packages/airflow/example_dags/example_branch_python_dop_operator_3.py for tasks to queue
[2025-11-14T11:11:52.759+0530] {logging_mixin.py:188} INFO - [2025-11-14T11:11:52.758+0530] {dagbag.py:545} INFO - Filling up the DagBag from /home/logi/txtai/venv/lib/python3.10/site-packages/airflow/example_dags/example_branch_python_dop_operator_3.py
[2025-11-14T11:11:52.774+0530] {processor.py:840} INFO - DAG(s) 'example_branch_dop_operator_v3' retrieved from /home/logi/txtai/venv/lib/python3.10/site-packages/airflow/example_dags/example_branch_python_dop_operator_3.py
[2025-11-14T11:11:52.829+0530] {logging_mixin.py:188} INFO - [2025-11-14T11:11:52.828+0530] {dag.py:3089} INFO - Sync 1 DAGs
[2025-11-14T11:11:52.878+0530] {logging_mixin.py:188} INFO - [2025-11-14T11:11:52.878+0530] {dag.py:3947} INFO - Setting next_dagrun for example_branch_dop_operator_v3 to 2025-11-14 05:40:00+00:00, run_after=2025-11-14 05:41:00+00:00
[2025-11-14T11:11:52.915+0530] {processor.py:183} INFO - Processing /home/logi/txtai/venv/lib/python3.10/site-packages/airflow/example_dags/example_branch_python_dop_operator_3.py took 0.173 seconds
[2025-11-14T11:12:22.998+0530] {processor.py:161} INFO - Started process (PID=15906) to work on /home/logi/txtai/venv/lib/python3.10/site-packages/airflow/example_dags/example_branch_python_dop_operator_3.py
[2025-11-14T11:12:22.999+0530] {processor.py:830} INFO - Processing file /home/logi/txtai/venv/lib/python3.10/site-packages/airflow/example_dags/example_branch_python_dop_operator_3.py for tasks to queue
[2025-11-14T11:12:23.000+0530] {logging_mixin.py:188} INFO - [2025-11-14T11:12:23.000+0530] {dagbag.py:545} INFO - Filling up the DagBag from /home/logi/txtai/venv/lib/python3.10/site-packages/airflow/example_dags/example_branch_python_dop_operator_3.py
[2025-11-14T11:12:23.008+0530] {processor.py:840} INFO - DAG(s) 'example_branch_dop_operator_v3' retrieved from /home/logi/txtai/venv/lib/python3.10/site-packages/airflow/example_dags/example_branch_python_dop_operator_3.py
[2025-11-14T11:12:23.050+0530] {logging_mixin.py:188} INFO - [2025-11-14T11:12:23.050+0530] {dag.py:3089} INFO - Sync 1 DAGs
[2025-11-14T11:12:23.093+0530] {logging_mixin.py:188} INFO - [2025-11-14T11:12:23.093+0530] {dag.py:3947} INFO - Setting next_dagrun for example_branch_dop_operator_v3 to 2025-11-14 05:41:00+00:00, run_after=2025-11-14 05:42:00+00:00
[2025-11-14T11:12:23.124+0530] {processor.py:183} INFO - Processing /home/logi/txtai/venv/lib/python3.10/site-packages/airflow/example_dags/example_branch_python_dop_operator_3.py took 0.131 seconds
[2025-11-14T11:12:53.541+0530] {processor.py:161} INFO - Started process (PID=16110) to work on /home/logi/txtai/venv/lib/python3.10/site-packages/airflow/example_dags/example_branch_python_dop_operator_3.py
[2025-11-14T11:12:53.543+0530] {processor.py:830} INFO - Processing file /home/logi/txtai/venv/lib/python3.10/site-packages/airflow/example_dags/example_branch_python_dop_operator_3.py for tasks to queue
[2025-11-14T11:12:53.545+0530] {logging_mixin.py:188} INFO - [2025-11-14T11:12:53.545+0530] {dagbag.py:545} INFO - Filling up the DagBag from /home/logi/txtai/venv/lib/python3.10/site-packages/airflow/example_dags/example_branch_python_dop_operator_3.py
[2025-11-14T11:12:53.559+0530] {processor.py:840} INFO - DAG(s) 'example_branch_dop_operator_v3' retrieved from /home/logi/txtai/venv/lib/python3.10/site-packages/airflow/example_dags/example_branch_python_dop_operator_3.py
[2025-11-14T11:12:53.614+0530] {logging_mixin.py:188} INFO - [2025-11-14T11:12:53.614+0530] {dag.py:3089} INFO - Sync 1 DAGs
[2025-11-14T11:12:53.660+0530] {logging_mixin.py:188} INFO - [2025-11-14T11:12:53.660+0530] {dag.py:3947} INFO - Setting next_dagrun for example_branch_dop_operator_v3 to 2025-11-14 05:41:00+00:00, run_after=2025-11-14 05:42:00+00:00
[2025-11-14T11:12:53.694+0530] {processor.py:183} INFO - Processing /home/logi/txtai/venv/lib/python3.10/site-packages/airflow/example_dags/example_branch_python_dop_operator_3.py took 0.164 seconds
[2025-11-14T11:13:24.130+0530] {processor.py:161} INFO - Started process (PID=16333) to work on /home/logi/txtai/venv/lib/python3.10/site-packages/airflow/example_dags/example_branch_python_dop_operator_3.py
[2025-11-14T11:13:24.132+0530] {processor.py:830} INFO - Processing file /home/logi/txtai/venv/lib/python3.10/site-packages/airflow/example_dags/example_branch_python_dop_operator_3.py for tasks to queue
[2025-11-14T11:13:24.135+0530] {logging_mixin.py:188} INFO - [2025-11-14T11:13:24.134+0530] {dagbag.py:545} INFO - Filling up the DagBag from /home/logi/txtai/venv/lib/python3.10/site-packages/airflow/example_dags/example_branch_python_dop_operator_3.py
[2025-11-14T11:13:24.150+0530] {processor.py:840} INFO - DAG(s) 'example_branch_dop_operator_v3' retrieved from /home/logi/txtai/venv/lib/python3.10/site-packages/airflow/example_dags/example_branch_python_dop_operator_3.py
[2025-11-14T11:13:24.204+0530] {logging_mixin.py:188} INFO - [2025-11-14T11:13:24.203+0530] {dag.py:3089} INFO - Sync 1 DAGs
[2025-11-14T11:13:24.256+0530] {logging_mixin.py:188} INFO - [2025-11-14T11:13:24.256+0530] {dag.py:3947} INFO - Setting next_dagrun for example_branch_dop_operator_v3 to 2025-11-14 05:42:00+00:00, run_after=2025-11-14 05:43:00+00:00
[2025-11-14T11:13:24.293+0530] {processor.py:183} INFO - Processing /home/logi/txtai/venv/lib/python3.10/site-packages/airflow/example_dags/example_branch_python_dop_operator_3.py took 0.174 seconds
[2025-11-14T11:13:54.679+0530] {processor.py:161} INFO - Started process (PID=16565) to work on /home/logi/txtai/venv/lib/python3.10/site-packages/airflow/example_dags/example_branch_python_dop_operator_3.py
[2025-11-14T11:13:54.682+0530] {processor.py:830} INFO - Processing file /home/logi/txtai/venv/lib/python3.10/site-packages/airflow/example_dags/example_branch_python_dop_operator_3.py for tasks to queue
[2025-11-14T11:13:54.687+0530] {logging_mixin.py:188} INFO - [2025-11-14T11:13:54.686+0530] {dagbag.py:545} INFO - Filling up the DagBag from /home/logi/txtai/venv/lib/python3.10/site-packages/airflow/example_dags/example_branch_python_dop_operator_3.py
[2025-11-14T11:13:54.707+0530] {processor.py:840} INFO - DAG(s) 'example_branch_dop_operator_v3' retrieved from /home/logi/txtai/venv/lib/python3.10/site-packages/airflow/example_dags/example_branch_python_dop_operator_3.py
[2025-11-14T11:13:54.751+0530] {logging_mixin.py:188} INFO - [2025-11-14T11:13:54.751+0530] {dag.py:3089} INFO - Sync 1 DAGs
[2025-11-14T11:13:54.802+0530] {logging_mixin.py:188} INFO - [2025-11-14T11:13:54.801+0530] {dag.py:3947} INFO - Setting next_dagrun for example_branch_dop_operator_v3 to 2025-11-14 05:42:00+00:00, run_after=2025-11-14 05:43:00+00:00
[2025-11-14T11:13:54.836+0530] {processor.py:183} INFO - Processing /home/logi/txtai/venv/lib/python3.10/site-packages/airflow/example_dags/example_branch_python_dop_operator_3.py took 0.176 seconds
