[2025-11-14T10:48:45.137+0530] {processor.py:161} INFO - Started process (PID=5928) to work on /home/logi/txtai/venv/lib/python3.10/site-packages/airflow/example_dags/example_xcomargs.py
[2025-11-14T10:48:45.138+0530] {processor.py:830} INFO - Processing file /home/logi/txtai/venv/lib/python3.10/site-packages/airflow/example_dags/example_xcomargs.py for tasks to queue
[2025-11-14T10:48:45.141+0530] {logging_mixin.py:188} INFO - [2025-11-14T10:48:45.140+0530] {dagbag.py:545} INFO - Filling up the DagBag from /home/logi/txtai/venv/lib/python3.10/site-packages/airflow/example_dags/example_xcomargs.py
[2025-11-14T10:48:45.152+0530] {processor.py:840} INFO - DAG(s) 'example_xcom_args', 'example_xcom_args_with_operators' retrieved from /home/logi/txtai/venv/lib/python3.10/site-packages/airflow/example_dags/example_xcomargs.py
[2025-11-14T10:48:45.231+0530] {logging_mixin.py:188} INFO - [2025-11-14T10:48:45.230+0530] {dag.py:3089} INFO - Sync 2 DAGs
[2025-11-14T10:48:45.257+0530] {logging_mixin.py:188} INFO - [2025-11-14T10:48:45.256+0530] {dag.py:3947} INFO - Setting next_dagrun for example_xcom_args to None, run_after=None
[2025-11-14T10:48:45.260+0530] {logging_mixin.py:188} INFO - [2025-11-14T10:48:45.260+0530] {dag.py:3947} INFO - Setting next_dagrun for example_xcom_args_with_operators to None, run_after=None
[2025-11-14T10:48:45.297+0530] {processor.py:183} INFO - Processing /home/logi/txtai/venv/lib/python3.10/site-packages/airflow/example_dags/example_xcomargs.py took 0.171 seconds
[2025-11-14T10:49:17.428+0530] {processor.py:161} INFO - Started process (PID=6562) to work on /home/logi/txtai/venv/lib/python3.10/site-packages/airflow/example_dags/example_xcomargs.py
[2025-11-14T10:49:17.432+0530] {processor.py:830} INFO - Processing file /home/logi/txtai/venv/lib/python3.10/site-packages/airflow/example_dags/example_xcomargs.py for tasks to queue
[2025-11-14T10:49:17.439+0530] {logging_mixin.py:188} INFO - [2025-11-14T10:49:17.438+0530] {dagbag.py:545} INFO - Filling up the DagBag from /home/logi/txtai/venv/lib/python3.10/site-packages/airflow/example_dags/example_xcomargs.py
[2025-11-14T10:49:17.459+0530] {processor.py:840} INFO - DAG(s) 'example_xcom_args', 'example_xcom_args_with_operators' retrieved from /home/logi/txtai/venv/lib/python3.10/site-packages/airflow/example_dags/example_xcomargs.py
[2025-11-14T10:49:17.512+0530] {logging_mixin.py:188} INFO - [2025-11-14T10:49:17.512+0530] {dag.py:3089} INFO - Sync 2 DAGs
[2025-11-14T10:49:17.540+0530] {logging_mixin.py:188} INFO - [2025-11-14T10:49:17.539+0530] {dag.py:3947} INFO - Setting next_dagrun for example_xcom_args to None, run_after=None
[2025-11-14T10:49:17.545+0530] {logging_mixin.py:188} INFO - [2025-11-14T10:49:17.545+0530] {dag.py:3947} INFO - Setting next_dagrun for example_xcom_args_with_operators to None, run_after=None
[2025-11-14T10:49:17.606+0530] {processor.py:183} INFO - Processing /home/logi/txtai/venv/lib/python3.10/site-packages/airflow/example_dags/example_xcomargs.py took 0.189 seconds
[2025-11-14T10:49:48.886+0530] {processor.py:161} INFO - Started process (PID=7246) to work on /home/logi/txtai/venv/lib/python3.10/site-packages/airflow/example_dags/example_xcomargs.py
[2025-11-14T10:49:48.888+0530] {processor.py:830} INFO - Processing file /home/logi/txtai/venv/lib/python3.10/site-packages/airflow/example_dags/example_xcomargs.py for tasks to queue
[2025-11-14T10:49:48.893+0530] {logging_mixin.py:188} INFO - [2025-11-14T10:49:48.892+0530] {dagbag.py:545} INFO - Filling up the DagBag from /home/logi/txtai/venv/lib/python3.10/site-packages/airflow/example_dags/example_xcomargs.py
[2025-11-14T10:49:48.911+0530] {processor.py:840} INFO - DAG(s) 'example_xcom_args', 'example_xcom_args_with_operators' retrieved from /home/logi/txtai/venv/lib/python3.10/site-packages/airflow/example_dags/example_xcomargs.py
[2025-11-14T10:49:48.955+0530] {logging_mixin.py:188} INFO - [2025-11-14T10:49:48.955+0530] {dag.py:3089} INFO - Sync 2 DAGs
[2025-11-14T10:49:48.971+0530] {logging_mixin.py:188} INFO - [2025-11-14T10:49:48.971+0530] {dag.py:3947} INFO - Setting next_dagrun for example_xcom_args to None, run_after=None
[2025-11-14T10:49:48.975+0530] {logging_mixin.py:188} INFO - [2025-11-14T10:49:48.974+0530] {dag.py:3947} INFO - Setting next_dagrun for example_xcom_args_with_operators to None, run_after=None
[2025-11-14T10:49:48.996+0530] {processor.py:183} INFO - Processing /home/logi/txtai/venv/lib/python3.10/site-packages/airflow/example_dags/example_xcomargs.py took 0.121 seconds
[2025-11-14T10:50:19.265+0530] {processor.py:161} INFO - Started process (PID=7790) to work on /home/logi/txtai/venv/lib/python3.10/site-packages/airflow/example_dags/example_xcomargs.py
[2025-11-14T10:50:19.268+0530] {processor.py:830} INFO - Processing file /home/logi/txtai/venv/lib/python3.10/site-packages/airflow/example_dags/example_xcomargs.py for tasks to queue
[2025-11-14T10:50:19.272+0530] {logging_mixin.py:188} INFO - [2025-11-14T10:50:19.271+0530] {dagbag.py:545} INFO - Filling up the DagBag from /home/logi/txtai/venv/lib/python3.10/site-packages/airflow/example_dags/example_xcomargs.py
[2025-11-14T10:50:19.291+0530] {processor.py:840} INFO - DAG(s) 'example_xcom_args', 'example_xcom_args_with_operators' retrieved from /home/logi/txtai/venv/lib/python3.10/site-packages/airflow/example_dags/example_xcomargs.py
[2025-11-14T10:50:19.346+0530] {logging_mixin.py:188} INFO - [2025-11-14T10:50:19.345+0530] {dag.py:3089} INFO - Sync 2 DAGs
[2025-11-14T10:50:19.370+0530] {logging_mixin.py:188} INFO - [2025-11-14T10:50:19.370+0530] {dag.py:3947} INFO - Setting next_dagrun for example_xcom_args to None, run_after=None
[2025-11-14T10:50:19.379+0530] {logging_mixin.py:188} INFO - [2025-11-14T10:50:19.378+0530] {dag.py:3947} INFO - Setting next_dagrun for example_xcom_args_with_operators to None, run_after=None
[2025-11-14T10:50:19.445+0530] {processor.py:183} INFO - Processing /home/logi/txtai/venv/lib/python3.10/site-packages/airflow/example_dags/example_xcomargs.py took 0.189 seconds
[2025-11-14T10:50:49.595+0530] {processor.py:161} INFO - Started process (PID=8064) to work on /home/logi/txtai/venv/lib/python3.10/site-packages/airflow/example_dags/example_xcomargs.py
[2025-11-14T10:50:49.597+0530] {processor.py:830} INFO - Processing file /home/logi/txtai/venv/lib/python3.10/site-packages/airflow/example_dags/example_xcomargs.py for tasks to queue
[2025-11-14T10:50:49.602+0530] {logging_mixin.py:188} INFO - [2025-11-14T10:50:49.601+0530] {dagbag.py:545} INFO - Filling up the DagBag from /home/logi/txtai/venv/lib/python3.10/site-packages/airflow/example_dags/example_xcomargs.py
[2025-11-14T10:50:49.617+0530] {processor.py:840} INFO - DAG(s) 'example_xcom_args_with_operators', 'example_xcom_args' retrieved from /home/logi/txtai/venv/lib/python3.10/site-packages/airflow/example_dags/example_xcomargs.py
[2025-11-14T10:50:49.677+0530] {logging_mixin.py:188} INFO - [2025-11-14T10:50:49.676+0530] {dag.py:3089} INFO - Sync 2 DAGs
[2025-11-14T10:50:49.698+0530] {logging_mixin.py:188} INFO - [2025-11-14T10:50:49.698+0530] {dag.py:3947} INFO - Setting next_dagrun for example_xcom_args to None, run_after=None
[2025-11-14T10:50:49.704+0530] {logging_mixin.py:188} INFO - [2025-11-14T10:50:49.704+0530] {dag.py:3947} INFO - Setting next_dagrun for example_xcom_args_with_operators to None, run_after=None
[2025-11-14T10:50:49.741+0530] {processor.py:183} INFO - Processing /home/logi/txtai/venv/lib/python3.10/site-packages/airflow/example_dags/example_xcomargs.py took 0.157 seconds
[2025-11-14T10:51:21.473+0530] {processor.py:161} INFO - Started process (PID=8243) to work on /home/logi/txtai/venv/lib/python3.10/site-packages/airflow/example_dags/example_xcomargs.py
[2025-11-14T10:51:21.500+0530] {processor.py:830} INFO - Processing file /home/logi/txtai/venv/lib/python3.10/site-packages/airflow/example_dags/example_xcomargs.py for tasks to queue
[2025-11-14T10:51:21.519+0530] {logging_mixin.py:188} INFO - [2025-11-14T10:51:21.517+0530] {dagbag.py:545} INFO - Filling up the DagBag from /home/logi/txtai/venv/lib/python3.10/site-packages/airflow/example_dags/example_xcomargs.py
[2025-11-14T10:51:21.558+0530] {processor.py:840} INFO - DAG(s) 'example_xcom_args_with_operators', 'example_xcom_args' retrieved from /home/logi/txtai/venv/lib/python3.10/site-packages/airflow/example_dags/example_xcomargs.py
[2025-11-14T10:51:21.626+0530] {logging_mixin.py:188} INFO - [2025-11-14T10:51:21.625+0530] {dag.py:3089} INFO - Sync 2 DAGs
[2025-11-14T10:51:21.641+0530] {logging_mixin.py:188} INFO - [2025-11-14T10:51:21.640+0530] {dag.py:3947} INFO - Setting next_dagrun for example_xcom_args to None, run_after=None
[2025-11-14T10:51:21.644+0530] {logging_mixin.py:188} INFO - [2025-11-14T10:51:21.644+0530] {dag.py:3947} INFO - Setting next_dagrun for example_xcom_args_with_operators to None, run_after=None
[2025-11-14T10:51:21.664+0530] {processor.py:183} INFO - Processing /home/logi/txtai/venv/lib/python3.10/site-packages/airflow/example_dags/example_xcomargs.py took 0.286 seconds
[2025-11-14T10:51:51.722+0530] {processor.py:161} INFO - Started process (PID=8380) to work on /home/logi/txtai/venv/lib/python3.10/site-packages/airflow/example_dags/example_xcomargs.py
[2025-11-14T10:51:51.724+0530] {processor.py:830} INFO - Processing file /home/logi/txtai/venv/lib/python3.10/site-packages/airflow/example_dags/example_xcomargs.py for tasks to queue
[2025-11-14T10:51:51.726+0530] {logging_mixin.py:188} INFO - [2025-11-14T10:51:51.726+0530] {dagbag.py:545} INFO - Filling up the DagBag from /home/logi/txtai/venv/lib/python3.10/site-packages/airflow/example_dags/example_xcomargs.py
[2025-11-14T10:51:51.743+0530] {processor.py:840} INFO - DAG(s) 'example_xcom_args_with_operators', 'example_xcom_args' retrieved from /home/logi/txtai/venv/lib/python3.10/site-packages/airflow/example_dags/example_xcomargs.py
[2025-11-14T10:51:51.794+0530] {logging_mixin.py:188} INFO - [2025-11-14T10:51:51.794+0530] {dag.py:3089} INFO - Sync 2 DAGs
[2025-11-14T10:51:51.815+0530] {logging_mixin.py:188} INFO - [2025-11-14T10:51:51.814+0530] {dag.py:3947} INFO - Setting next_dagrun for example_xcom_args to None, run_after=None
[2025-11-14T10:51:51.819+0530] {logging_mixin.py:188} INFO - [2025-11-14T10:51:51.819+0530] {dag.py:3947} INFO - Setting next_dagrun for example_xcom_args_with_operators to None, run_after=None
[2025-11-14T10:51:51.844+0530] {processor.py:183} INFO - Processing /home/logi/txtai/venv/lib/python3.10/site-packages/airflow/example_dags/example_xcomargs.py took 0.133 seconds
[2025-11-14T10:52:23.543+0530] {processor.py:161} INFO - Started process (PID=8553) to work on /home/logi/txtai/venv/lib/python3.10/site-packages/airflow/example_dags/example_xcomargs.py
[2025-11-14T10:52:23.548+0530] {processor.py:830} INFO - Processing file /home/logi/txtai/venv/lib/python3.10/site-packages/airflow/example_dags/example_xcomargs.py for tasks to queue
[2025-11-14T10:52:23.556+0530] {logging_mixin.py:188} INFO - [2025-11-14T10:52:23.555+0530] {dagbag.py:545} INFO - Filling up the DagBag from /home/logi/txtai/venv/lib/python3.10/site-packages/airflow/example_dags/example_xcomargs.py
[2025-11-14T10:52:23.589+0530] {processor.py:840} INFO - DAG(s) 'example_xcom_args', 'example_xcom_args_with_operators' retrieved from /home/logi/txtai/venv/lib/python3.10/site-packages/airflow/example_dags/example_xcomargs.py
[2025-11-14T10:52:23.749+0530] {logging_mixin.py:188} INFO - [2025-11-14T10:52:23.744+0530] {dag.py:3089} INFO - Sync 2 DAGs
[2025-11-14T10:52:23.807+0530] {logging_mixin.py:188} INFO - [2025-11-14T10:52:23.805+0530] {dag.py:3947} INFO - Setting next_dagrun for example_xcom_args to None, run_after=None
[2025-11-14T10:52:23.822+0530] {logging_mixin.py:188} INFO - [2025-11-14T10:52:23.821+0530] {dag.py:3947} INFO - Setting next_dagrun for example_xcom_args_with_operators to None, run_after=None
[2025-11-14T10:52:23.884+0530] {processor.py:183} INFO - Processing /home/logi/txtai/venv/lib/python3.10/site-packages/airflow/example_dags/example_xcomargs.py took 0.370 seconds
[2025-11-14T10:52:54.882+0530] {processor.py:161} INFO - Started process (PID=8692) to work on /home/logi/txtai/venv/lib/python3.10/site-packages/airflow/example_dags/example_xcomargs.py
[2025-11-14T10:52:54.895+0530] {processor.py:830} INFO - Processing file /home/logi/txtai/venv/lib/python3.10/site-packages/airflow/example_dags/example_xcomargs.py for tasks to queue
[2025-11-14T10:52:54.898+0530] {logging_mixin.py:188} INFO - [2025-11-14T10:52:54.897+0530] {dagbag.py:545} INFO - Filling up the DagBag from /home/logi/txtai/venv/lib/python3.10/site-packages/airflow/example_dags/example_xcomargs.py
[2025-11-14T10:52:54.909+0530] {processor.py:840} INFO - DAG(s) 'example_xcom_args', 'example_xcom_args_with_operators' retrieved from /home/logi/txtai/venv/lib/python3.10/site-packages/airflow/example_dags/example_xcomargs.py
[2025-11-14T10:52:54.953+0530] {logging_mixin.py:188} INFO - [2025-11-14T10:52:54.953+0530] {dag.py:3089} INFO - Sync 2 DAGs
[2025-11-14T10:52:54.968+0530] {logging_mixin.py:188} INFO - [2025-11-14T10:52:54.967+0530] {dag.py:3947} INFO - Setting next_dagrun for example_xcom_args to None, run_after=None
[2025-11-14T10:52:54.974+0530] {logging_mixin.py:188} INFO - [2025-11-14T10:52:54.974+0530] {dag.py:3947} INFO - Setting next_dagrun for example_xcom_args_with_operators to None, run_after=None
[2025-11-14T10:52:54.990+0530] {processor.py:183} INFO - Processing /home/logi/txtai/venv/lib/python3.10/site-packages/airflow/example_dags/example_xcomargs.py took 0.114 seconds
[2025-11-14T10:53:25.156+0530] {processor.py:161} INFO - Started process (PID=8822) to work on /home/logi/txtai/venv/lib/python3.10/site-packages/airflow/example_dags/example_xcomargs.py
[2025-11-14T10:53:25.169+0530] {processor.py:830} INFO - Processing file /home/logi/txtai/venv/lib/python3.10/site-packages/airflow/example_dags/example_xcomargs.py for tasks to queue
[2025-11-14T10:53:25.172+0530] {logging_mixin.py:188} INFO - [2025-11-14T10:53:25.171+0530] {dagbag.py:545} INFO - Filling up the DagBag from /home/logi/txtai/venv/lib/python3.10/site-packages/airflow/example_dags/example_xcomargs.py
[2025-11-14T10:53:25.193+0530] {processor.py:840} INFO - DAG(s) 'example_xcom_args', 'example_xcom_args_with_operators' retrieved from /home/logi/txtai/venv/lib/python3.10/site-packages/airflow/example_dags/example_xcomargs.py
[2025-11-14T10:53:25.257+0530] {logging_mixin.py:188} INFO - [2025-11-14T10:53:25.256+0530] {dag.py:3089} INFO - Sync 2 DAGs
[2025-11-14T10:53:25.280+0530] {logging_mixin.py:188} INFO - [2025-11-14T10:53:25.280+0530] {dag.py:3947} INFO - Setting next_dagrun for example_xcom_args to None, run_after=None
[2025-11-14T10:53:25.284+0530] {logging_mixin.py:188} INFO - [2025-11-14T10:53:25.283+0530] {dag.py:3947} INFO - Setting next_dagrun for example_xcom_args_with_operators to None, run_after=None
[2025-11-14T10:53:25.309+0530] {processor.py:183} INFO - Processing /home/logi/txtai/venv/lib/python3.10/site-packages/airflow/example_dags/example_xcomargs.py took 0.171 seconds
[2025-11-14T10:53:55.687+0530] {processor.py:161} INFO - Started process (PID=8985) to work on /home/logi/txtai/venv/lib/python3.10/site-packages/airflow/example_dags/example_xcomargs.py
[2025-11-14T10:53:55.688+0530] {processor.py:830} INFO - Processing file /home/logi/txtai/venv/lib/python3.10/site-packages/airflow/example_dags/example_xcomargs.py for tasks to queue
[2025-11-14T10:53:55.691+0530] {logging_mixin.py:188} INFO - [2025-11-14T10:53:55.690+0530] {dagbag.py:545} INFO - Filling up the DagBag from /home/logi/txtai/venv/lib/python3.10/site-packages/airflow/example_dags/example_xcomargs.py
[2025-11-14T10:53:55.720+0530] {processor.py:840} INFO - DAG(s) 'example_xcom_args', 'example_xcom_args_with_operators' retrieved from /home/logi/txtai/venv/lib/python3.10/site-packages/airflow/example_dags/example_xcomargs.py
[2025-11-14T10:53:55.810+0530] {logging_mixin.py:188} INFO - [2025-11-14T10:53:55.809+0530] {dag.py:3089} INFO - Sync 2 DAGs
[2025-11-14T10:53:55.829+0530] {logging_mixin.py:188} INFO - [2025-11-14T10:53:55.829+0530] {dag.py:3947} INFO - Setting next_dagrun for example_xcom_args to None, run_after=None
[2025-11-14T10:53:55.836+0530] {logging_mixin.py:188} INFO - [2025-11-14T10:53:55.836+0530] {dag.py:3947} INFO - Setting next_dagrun for example_xcom_args_with_operators to None, run_after=None
[2025-11-14T10:53:55.914+0530] {processor.py:183} INFO - Processing /home/logi/txtai/venv/lib/python3.10/site-packages/airflow/example_dags/example_xcomargs.py took 0.246 seconds
[2025-11-14T10:54:26.397+0530] {processor.py:161} INFO - Started process (PID=9243) to work on /home/logi/txtai/venv/lib/python3.10/site-packages/airflow/example_dags/example_xcomargs.py
[2025-11-14T10:54:26.410+0530] {processor.py:830} INFO - Processing file /home/logi/txtai/venv/lib/python3.10/site-packages/airflow/example_dags/example_xcomargs.py for tasks to queue
[2025-11-14T10:54:26.413+0530] {logging_mixin.py:188} INFO - [2025-11-14T10:54:26.413+0530] {dagbag.py:545} INFO - Filling up the DagBag from /home/logi/txtai/venv/lib/python3.10/site-packages/airflow/example_dags/example_xcomargs.py
[2025-11-14T10:54:26.431+0530] {processor.py:840} INFO - DAG(s) 'example_xcom_args_with_operators', 'example_xcom_args' retrieved from /home/logi/txtai/venv/lib/python3.10/site-packages/airflow/example_dags/example_xcomargs.py
[2025-11-14T10:54:26.479+0530] {logging_mixin.py:188} INFO - [2025-11-14T10:54:26.479+0530] {dag.py:3089} INFO - Sync 2 DAGs
[2025-11-14T10:54:26.497+0530] {logging_mixin.py:188} INFO - [2025-11-14T10:54:26.497+0530] {dag.py:3947} INFO - Setting next_dagrun for example_xcom_args to None, run_after=None
[2025-11-14T10:54:26.501+0530] {logging_mixin.py:188} INFO - [2025-11-14T10:54:26.500+0530] {dag.py:3947} INFO - Setting next_dagrun for example_xcom_args_with_operators to None, run_after=None
[2025-11-14T10:54:26.533+0530] {processor.py:183} INFO - Processing /home/logi/txtai/venv/lib/python3.10/site-packages/airflow/example_dags/example_xcomargs.py took 0.148 seconds
[2025-11-14T10:54:56.709+0530] {processor.py:161} INFO - Started process (PID=9386) to work on /home/logi/txtai/venv/lib/python3.10/site-packages/airflow/example_dags/example_xcomargs.py
[2025-11-14T10:54:56.723+0530] {processor.py:830} INFO - Processing file /home/logi/txtai/venv/lib/python3.10/site-packages/airflow/example_dags/example_xcomargs.py for tasks to queue
[2025-11-14T10:54:56.726+0530] {logging_mixin.py:188} INFO - [2025-11-14T10:54:56.725+0530] {dagbag.py:545} INFO - Filling up the DagBag from /home/logi/txtai/venv/lib/python3.10/site-packages/airflow/example_dags/example_xcomargs.py
[2025-11-14T10:54:56.739+0530] {processor.py:840} INFO - DAG(s) 'example_xcom_args', 'example_xcom_args_with_operators' retrieved from /home/logi/txtai/venv/lib/python3.10/site-packages/airflow/example_dags/example_xcomargs.py
[2025-11-14T10:54:56.808+0530] {logging_mixin.py:188} INFO - [2025-11-14T10:54:56.808+0530] {dag.py:3089} INFO - Sync 2 DAGs
[2025-11-14T10:54:56.835+0530] {logging_mixin.py:188} INFO - [2025-11-14T10:54:56.834+0530] {dag.py:3947} INFO - Setting next_dagrun for example_xcom_args to None, run_after=None
[2025-11-14T10:54:56.841+0530] {logging_mixin.py:188} INFO - [2025-11-14T10:54:56.841+0530] {dag.py:3947} INFO - Setting next_dagrun for example_xcom_args_with_operators to None, run_after=None
[2025-11-14T10:54:56.875+0530] {processor.py:183} INFO - Processing /home/logi/txtai/venv/lib/python3.10/site-packages/airflow/example_dags/example_xcomargs.py took 0.178 seconds
[2025-11-14T10:55:26.941+0530] {processor.py:161} INFO - Started process (PID=9532) to work on /home/logi/txtai/venv/lib/python3.10/site-packages/airflow/example_dags/example_xcomargs.py
[2025-11-14T10:55:26.954+0530] {processor.py:830} INFO - Processing file /home/logi/txtai/venv/lib/python3.10/site-packages/airflow/example_dags/example_xcomargs.py for tasks to queue
[2025-11-14T10:55:26.960+0530] {logging_mixin.py:188} INFO - [2025-11-14T10:55:26.959+0530] {dagbag.py:545} INFO - Filling up the DagBag from /home/logi/txtai/venv/lib/python3.10/site-packages/airflow/example_dags/example_xcomargs.py
[2025-11-14T10:55:26.968+0530] {processor.py:840} INFO - DAG(s) 'example_xcom_args_with_operators', 'example_xcom_args' retrieved from /home/logi/txtai/venv/lib/python3.10/site-packages/airflow/example_dags/example_xcomargs.py
[2025-11-14T10:55:27.008+0530] {logging_mixin.py:188} INFO - [2025-11-14T10:55:27.007+0530] {dag.py:3089} INFO - Sync 2 DAGs
[2025-11-14T10:55:27.020+0530] {logging_mixin.py:188} INFO - [2025-11-14T10:55:27.020+0530] {dag.py:3947} INFO - Setting next_dagrun for example_xcom_args to None, run_after=None
[2025-11-14T10:55:27.029+0530] {logging_mixin.py:188} INFO - [2025-11-14T10:55:27.029+0530] {dag.py:3947} INFO - Setting next_dagrun for example_xcom_args_with_operators to None, run_after=None
[2025-11-14T10:55:27.050+0530] {processor.py:183} INFO - Processing /home/logi/txtai/venv/lib/python3.10/site-packages/airflow/example_dags/example_xcomargs.py took 0.117 seconds
[2025-11-14T10:55:57.104+0530] {processor.py:161} INFO - Started process (PID=9648) to work on /home/logi/txtai/venv/lib/python3.10/site-packages/airflow/example_dags/example_xcomargs.py
[2025-11-14T10:55:57.118+0530] {processor.py:830} INFO - Processing file /home/logi/txtai/venv/lib/python3.10/site-packages/airflow/example_dags/example_xcomargs.py for tasks to queue
[2025-11-14T10:55:57.122+0530] {logging_mixin.py:188} INFO - [2025-11-14T10:55:57.121+0530] {dagbag.py:545} INFO - Filling up the DagBag from /home/logi/txtai/venv/lib/python3.10/site-packages/airflow/example_dags/example_xcomargs.py
[2025-11-14T10:55:57.137+0530] {processor.py:840} INFO - DAG(s) 'example_xcom_args', 'example_xcom_args_with_operators' retrieved from /home/logi/txtai/venv/lib/python3.10/site-packages/airflow/example_dags/example_xcomargs.py
[2025-11-14T10:55:57.214+0530] {logging_mixin.py:188} INFO - [2025-11-14T10:55:57.214+0530] {dag.py:3089} INFO - Sync 2 DAGs
[2025-11-14T10:55:57.245+0530] {logging_mixin.py:188} INFO - [2025-11-14T10:55:57.245+0530] {dag.py:3947} INFO - Setting next_dagrun for example_xcom_args to None, run_after=None
[2025-11-14T10:55:57.256+0530] {logging_mixin.py:188} INFO - [2025-11-14T10:55:57.255+0530] {dag.py:3947} INFO - Setting next_dagrun for example_xcom_args_with_operators to None, run_after=None
[2025-11-14T10:55:57.301+0530] {processor.py:183} INFO - Processing /home/logi/txtai/venv/lib/python3.10/site-packages/airflow/example_dags/example_xcomargs.py took 0.209 seconds
[2025-11-14T10:56:27.433+0530] {processor.py:161} INFO - Started process (PID=9812) to work on /home/logi/txtai/venv/lib/python3.10/site-packages/airflow/example_dags/example_xcomargs.py
[2025-11-14T10:56:27.450+0530] {processor.py:830} INFO - Processing file /home/logi/txtai/venv/lib/python3.10/site-packages/airflow/example_dags/example_xcomargs.py for tasks to queue
[2025-11-14T10:56:27.459+0530] {logging_mixin.py:188} INFO - [2025-11-14T10:56:27.457+0530] {dagbag.py:545} INFO - Filling up the DagBag from /home/logi/txtai/venv/lib/python3.10/site-packages/airflow/example_dags/example_xcomargs.py
[2025-11-14T10:56:27.494+0530] {processor.py:840} INFO - DAG(s) 'example_xcom_args_with_operators', 'example_xcom_args' retrieved from /home/logi/txtai/venv/lib/python3.10/site-packages/airflow/example_dags/example_xcomargs.py
[2025-11-14T10:56:27.611+0530] {logging_mixin.py:188} INFO - [2025-11-14T10:56:27.610+0530] {dag.py:3089} INFO - Sync 2 DAGs
[2025-11-14T10:56:27.650+0530] {logging_mixin.py:188} INFO - [2025-11-14T10:56:27.649+0530] {dag.py:3947} INFO - Setting next_dagrun for example_xcom_args to None, run_after=None
[2025-11-14T10:56:27.666+0530] {logging_mixin.py:188} INFO - [2025-11-14T10:56:27.665+0530] {dag.py:3947} INFO - Setting next_dagrun for example_xcom_args_with_operators to None, run_after=None
[2025-11-14T10:56:27.794+0530] {processor.py:183} INFO - Processing /home/logi/txtai/venv/lib/python3.10/site-packages/airflow/example_dags/example_xcomargs.py took 0.390 seconds
[2025-11-14T10:56:58.492+0530] {processor.py:161} INFO - Started process (PID=9954) to work on /home/logi/txtai/venv/lib/python3.10/site-packages/airflow/example_dags/example_xcomargs.py
[2025-11-14T10:56:58.506+0530] {processor.py:830} INFO - Processing file /home/logi/txtai/venv/lib/python3.10/site-packages/airflow/example_dags/example_xcomargs.py for tasks to queue
[2025-11-14T10:56:58.510+0530] {logging_mixin.py:188} INFO - [2025-11-14T10:56:58.508+0530] {dagbag.py:545} INFO - Filling up the DagBag from /home/logi/txtai/venv/lib/python3.10/site-packages/airflow/example_dags/example_xcomargs.py
[2025-11-14T10:56:58.527+0530] {processor.py:840} INFO - DAG(s) 'example_xcom_args', 'example_xcom_args_with_operators' retrieved from /home/logi/txtai/venv/lib/python3.10/site-packages/airflow/example_dags/example_xcomargs.py
[2025-11-14T10:56:58.601+0530] {logging_mixin.py:188} INFO - [2025-11-14T10:56:58.600+0530] {dag.py:3089} INFO - Sync 2 DAGs
[2025-11-14T10:56:58.619+0530] {logging_mixin.py:188} INFO - [2025-11-14T10:56:58.618+0530] {dag.py:3947} INFO - Setting next_dagrun for example_xcom_args to None, run_after=None
[2025-11-14T10:56:58.625+0530] {logging_mixin.py:188} INFO - [2025-11-14T10:56:58.624+0530] {dag.py:3947} INFO - Setting next_dagrun for example_xcom_args_with_operators to None, run_after=None
[2025-11-14T10:56:58.657+0530] {processor.py:183} INFO - Processing /home/logi/txtai/venv/lib/python3.10/site-packages/airflow/example_dags/example_xcomargs.py took 0.179 seconds
[2025-11-14T10:57:28.728+0530] {processor.py:161} INFO - Started process (PID=10086) to work on /home/logi/txtai/venv/lib/python3.10/site-packages/airflow/example_dags/example_xcomargs.py
[2025-11-14T10:57:28.729+0530] {processor.py:830} INFO - Processing file /home/logi/txtai/venv/lib/python3.10/site-packages/airflow/example_dags/example_xcomargs.py for tasks to queue
[2025-11-14T10:57:28.731+0530] {logging_mixin.py:188} INFO - [2025-11-14T10:57:28.730+0530] {dagbag.py:545} INFO - Filling up the DagBag from /home/logi/txtai/venv/lib/python3.10/site-packages/airflow/example_dags/example_xcomargs.py
[2025-11-14T10:57:28.743+0530] {processor.py:840} INFO - DAG(s) 'example_xcom_args', 'example_xcom_args_with_operators' retrieved from /home/logi/txtai/venv/lib/python3.10/site-packages/airflow/example_dags/example_xcomargs.py
[2025-11-14T10:57:28.781+0530] {logging_mixin.py:188} INFO - [2025-11-14T10:57:28.780+0530] {dag.py:3089} INFO - Sync 2 DAGs
[2025-11-14T10:57:28.792+0530] {logging_mixin.py:188} INFO - [2025-11-14T10:57:28.791+0530] {dag.py:3947} INFO - Setting next_dagrun for example_xcom_args to None, run_after=None
[2025-11-14T10:57:28.795+0530] {logging_mixin.py:188} INFO - [2025-11-14T10:57:28.795+0530] {dag.py:3947} INFO - Setting next_dagrun for example_xcom_args_with_operators to None, run_after=None
[2025-11-14T10:57:28.820+0530] {processor.py:183} INFO - Processing /home/logi/txtai/venv/lib/python3.10/site-packages/airflow/example_dags/example_xcomargs.py took 0.099 seconds
[2025-11-14T10:57:59.032+0530] {processor.py:161} INFO - Started process (PID=10216) to work on /home/logi/txtai/venv/lib/python3.10/site-packages/airflow/example_dags/example_xcomargs.py
[2025-11-14T10:57:59.043+0530] {processor.py:830} INFO - Processing file /home/logi/txtai/venv/lib/python3.10/site-packages/airflow/example_dags/example_xcomargs.py for tasks to queue
[2025-11-14T10:57:59.048+0530] {logging_mixin.py:188} INFO - [2025-11-14T10:57:59.047+0530] {dagbag.py:545} INFO - Filling up the DagBag from /home/logi/txtai/venv/lib/python3.10/site-packages/airflow/example_dags/example_xcomargs.py
[2025-11-14T10:57:59.063+0530] {processor.py:840} INFO - DAG(s) 'example_xcom_args', 'example_xcom_args_with_operators' retrieved from /home/logi/txtai/venv/lib/python3.10/site-packages/airflow/example_dags/example_xcomargs.py
[2025-11-14T10:57:59.136+0530] {logging_mixin.py:188} INFO - [2025-11-14T10:57:59.136+0530] {dag.py:3089} INFO - Sync 2 DAGs
[2025-11-14T10:57:59.164+0530] {logging_mixin.py:188} INFO - [2025-11-14T10:57:59.163+0530] {dag.py:3947} INFO - Setting next_dagrun for example_xcom_args to None, run_after=None
[2025-11-14T10:57:59.171+0530] {logging_mixin.py:188} INFO - [2025-11-14T10:57:59.171+0530] {dag.py:3947} INFO - Setting next_dagrun for example_xcom_args_with_operators to None, run_after=None
[2025-11-14T10:57:59.206+0530] {processor.py:183} INFO - Processing /home/logi/txtai/venv/lib/python3.10/site-packages/airflow/example_dags/example_xcomargs.py took 0.186 seconds
[2025-11-14T10:58:29.313+0530] {processor.py:161} INFO - Started process (PID=10345) to work on /home/logi/txtai/venv/lib/python3.10/site-packages/airflow/example_dags/example_xcomargs.py
[2025-11-14T10:58:29.327+0530] {processor.py:830} INFO - Processing file /home/logi/txtai/venv/lib/python3.10/site-packages/airflow/example_dags/example_xcomargs.py for tasks to queue
[2025-11-14T10:58:29.334+0530] {logging_mixin.py:188} INFO - [2025-11-14T10:58:29.333+0530] {dagbag.py:545} INFO - Filling up the DagBag from /home/logi/txtai/venv/lib/python3.10/site-packages/airflow/example_dags/example_xcomargs.py
[2025-11-14T10:58:29.347+0530] {processor.py:840} INFO - DAG(s) 'example_xcom_args_with_operators', 'example_xcom_args' retrieved from /home/logi/txtai/venv/lib/python3.10/site-packages/airflow/example_dags/example_xcomargs.py
[2025-11-14T10:58:29.405+0530] {logging_mixin.py:188} INFO - [2025-11-14T10:58:29.405+0530] {dag.py:3089} INFO - Sync 2 DAGs
[2025-11-14T10:58:29.417+0530] {logging_mixin.py:188} INFO - [2025-11-14T10:58:29.417+0530] {dag.py:3947} INFO - Setting next_dagrun for example_xcom_args to None, run_after=None
[2025-11-14T10:58:29.421+0530] {logging_mixin.py:188} INFO - [2025-11-14T10:58:29.421+0530] {dag.py:3947} INFO - Setting next_dagrun for example_xcom_args_with_operators to None, run_after=None
[2025-11-14T10:58:29.448+0530] {processor.py:183} INFO - Processing /home/logi/txtai/venv/lib/python3.10/site-packages/airflow/example_dags/example_xcomargs.py took 0.149 seconds
[2025-11-14T10:59:00.198+0530] {processor.py:161} INFO - Started process (PID=10505) to work on /home/logi/txtai/venv/lib/python3.10/site-packages/airflow/example_dags/example_xcomargs.py
[2025-11-14T10:59:00.201+0530] {processor.py:830} INFO - Processing file /home/logi/txtai/venv/lib/python3.10/site-packages/airflow/example_dags/example_xcomargs.py for tasks to queue
[2025-11-14T10:59:00.207+0530] {logging_mixin.py:188} INFO - [2025-11-14T10:59:00.206+0530] {dagbag.py:545} INFO - Filling up the DagBag from /home/logi/txtai/venv/lib/python3.10/site-packages/airflow/example_dags/example_xcomargs.py
[2025-11-14T10:59:00.219+0530] {processor.py:840} INFO - DAG(s) 'example_xcom_args', 'example_xcom_args_with_operators' retrieved from /home/logi/txtai/venv/lib/python3.10/site-packages/airflow/example_dags/example_xcomargs.py
[2025-11-14T10:59:00.260+0530] {logging_mixin.py:188} INFO - [2025-11-14T10:59:00.260+0530] {dag.py:3089} INFO - Sync 2 DAGs
[2025-11-14T10:59:00.274+0530] {logging_mixin.py:188} INFO - [2025-11-14T10:59:00.274+0530] {dag.py:3947} INFO - Setting next_dagrun for example_xcom_args to None, run_after=None
[2025-11-14T10:59:00.280+0530] {logging_mixin.py:188} INFO - [2025-11-14T10:59:00.279+0530] {dag.py:3947} INFO - Setting next_dagrun for example_xcom_args_with_operators to None, run_after=None
[2025-11-14T10:59:00.296+0530] {processor.py:183} INFO - Processing /home/logi/txtai/venv/lib/python3.10/site-packages/airflow/example_dags/example_xcomargs.py took 0.110 seconds
[2025-11-14T10:59:30.519+0530] {processor.py:161} INFO - Started process (PID=10633) to work on /home/logi/txtai/venv/lib/python3.10/site-packages/airflow/example_dags/example_xcomargs.py
[2025-11-14T10:59:30.532+0530] {processor.py:830} INFO - Processing file /home/logi/txtai/venv/lib/python3.10/site-packages/airflow/example_dags/example_xcomargs.py for tasks to queue
[2025-11-14T10:59:30.537+0530] {logging_mixin.py:188} INFO - [2025-11-14T10:59:30.537+0530] {dagbag.py:545} INFO - Filling up the DagBag from /home/logi/txtai/venv/lib/python3.10/site-packages/airflow/example_dags/example_xcomargs.py
[2025-11-14T10:59:30.548+0530] {processor.py:840} INFO - DAG(s) 'example_xcom_args', 'example_xcom_args_with_operators' retrieved from /home/logi/txtai/venv/lib/python3.10/site-packages/airflow/example_dags/example_xcomargs.py
[2025-11-14T10:59:30.589+0530] {logging_mixin.py:188} INFO - [2025-11-14T10:59:30.589+0530] {dag.py:3089} INFO - Sync 2 DAGs
[2025-11-14T10:59:30.601+0530] {logging_mixin.py:188} INFO - [2025-11-14T10:59:30.601+0530] {dag.py:3947} INFO - Setting next_dagrun for example_xcom_args to None, run_after=None
[2025-11-14T10:59:30.607+0530] {logging_mixin.py:188} INFO - [2025-11-14T10:59:30.607+0530] {dag.py:3947} INFO - Setting next_dagrun for example_xcom_args_with_operators to None, run_after=None
[2025-11-14T10:59:30.630+0530] {processor.py:183} INFO - Processing /home/logi/txtai/venv/lib/python3.10/site-packages/airflow/example_dags/example_xcomargs.py took 0.117 seconds
[2025-11-14T11:00:00.851+0530] {processor.py:161} INFO - Started process (PID=10763) to work on /home/logi/txtai/venv/lib/python3.10/site-packages/airflow/example_dags/example_xcomargs.py
[2025-11-14T11:00:00.852+0530] {processor.py:830} INFO - Processing file /home/logi/txtai/venv/lib/python3.10/site-packages/airflow/example_dags/example_xcomargs.py for tasks to queue
[2025-11-14T11:00:00.856+0530] {logging_mixin.py:188} INFO - [2025-11-14T11:00:00.856+0530] {dagbag.py:545} INFO - Filling up the DagBag from /home/logi/txtai/venv/lib/python3.10/site-packages/airflow/example_dags/example_xcomargs.py
[2025-11-14T11:00:00.869+0530] {processor.py:840} INFO - DAG(s) 'example_xcom_args', 'example_xcom_args_with_operators' retrieved from /home/logi/txtai/venv/lib/python3.10/site-packages/airflow/example_dags/example_xcomargs.py
[2025-11-14T11:00:00.910+0530] {logging_mixin.py:188} INFO - [2025-11-14T11:00:00.910+0530] {dag.py:3089} INFO - Sync 2 DAGs
[2025-11-14T11:00:00.924+0530] {logging_mixin.py:188} INFO - [2025-11-14T11:00:00.923+0530] {dag.py:3947} INFO - Setting next_dagrun for example_xcom_args to None, run_after=None
[2025-11-14T11:00:00.928+0530] {logging_mixin.py:188} INFO - [2025-11-14T11:00:00.927+0530] {dag.py:3947} INFO - Setting next_dagrun for example_xcom_args_with_operators to None, run_after=None
[2025-11-14T11:00:00.954+0530] {processor.py:183} INFO - Processing /home/logi/txtai/venv/lib/python3.10/site-packages/airflow/example_dags/example_xcomargs.py took 0.114 seconds
[2025-11-14T11:00:31.119+0530] {processor.py:161} INFO - Started process (PID=10894) to work on /home/logi/txtai/venv/lib/python3.10/site-packages/airflow/example_dags/example_xcomargs.py
[2025-11-14T11:00:31.120+0530] {processor.py:830} INFO - Processing file /home/logi/txtai/venv/lib/python3.10/site-packages/airflow/example_dags/example_xcomargs.py for tasks to queue
[2025-11-14T11:00:31.122+0530] {logging_mixin.py:188} INFO - [2025-11-14T11:00:31.122+0530] {dagbag.py:545} INFO - Filling up the DagBag from /home/logi/txtai/venv/lib/python3.10/site-packages/airflow/example_dags/example_xcomargs.py
[2025-11-14T11:00:31.130+0530] {processor.py:840} INFO - DAG(s) 'example_xcom_args_with_operators', 'example_xcom_args' retrieved from /home/logi/txtai/venv/lib/python3.10/site-packages/airflow/example_dags/example_xcomargs.py
[2025-11-14T11:00:31.171+0530] {logging_mixin.py:188} INFO - [2025-11-14T11:00:31.171+0530] {dag.py:3089} INFO - Sync 2 DAGs
[2025-11-14T11:00:31.188+0530] {logging_mixin.py:188} INFO - [2025-11-14T11:00:31.187+0530] {dag.py:3947} INFO - Setting next_dagrun for example_xcom_args to None, run_after=None
[2025-11-14T11:00:31.191+0530] {logging_mixin.py:188} INFO - [2025-11-14T11:00:31.191+0530] {dag.py:3947} INFO - Setting next_dagrun for example_xcom_args_with_operators to None, run_after=None
[2025-11-14T11:00:31.210+0530] {processor.py:183} INFO - Processing /home/logi/txtai/venv/lib/python3.10/site-packages/airflow/example_dags/example_xcomargs.py took 0.101 seconds
[2025-11-14T11:01:01.408+0530] {processor.py:161} INFO - Started process (PID=11022) to work on /home/logi/txtai/venv/lib/python3.10/site-packages/airflow/example_dags/example_xcomargs.py
[2025-11-14T11:01:01.409+0530] {processor.py:830} INFO - Processing file /home/logi/txtai/venv/lib/python3.10/site-packages/airflow/example_dags/example_xcomargs.py for tasks to queue
[2025-11-14T11:01:01.414+0530] {logging_mixin.py:188} INFO - [2025-11-14T11:01:01.414+0530] {dagbag.py:545} INFO - Filling up the DagBag from /home/logi/txtai/venv/lib/python3.10/site-packages/airflow/example_dags/example_xcomargs.py
[2025-11-14T11:01:01.433+0530] {processor.py:840} INFO - DAG(s) 'example_xcom_args_with_operators', 'example_xcom_args' retrieved from /home/logi/txtai/venv/lib/python3.10/site-packages/airflow/example_dags/example_xcomargs.py
[2025-11-14T11:01:01.482+0530] {logging_mixin.py:188} INFO - [2025-11-14T11:01:01.482+0530] {dag.py:3089} INFO - Sync 2 DAGs
[2025-11-14T11:01:01.504+0530] {logging_mixin.py:188} INFO - [2025-11-14T11:01:01.504+0530] {dag.py:3947} INFO - Setting next_dagrun for example_xcom_args to None, run_after=None
[2025-11-14T11:01:01.510+0530] {logging_mixin.py:188} INFO - [2025-11-14T11:01:01.510+0530] {dag.py:3947} INFO - Setting next_dagrun for example_xcom_args_with_operators to None, run_after=None
[2025-11-14T11:01:01.542+0530] {processor.py:183} INFO - Processing /home/logi/txtai/venv/lib/python3.10/site-packages/airflow/example_dags/example_xcomargs.py took 0.146 seconds
[2025-11-14T11:01:31.719+0530] {processor.py:161} INFO - Started process (PID=11152) to work on /home/logi/txtai/venv/lib/python3.10/site-packages/airflow/example_dags/example_xcomargs.py
[2025-11-14T11:01:31.731+0530] {processor.py:830} INFO - Processing file /home/logi/txtai/venv/lib/python3.10/site-packages/airflow/example_dags/example_xcomargs.py for tasks to queue
[2025-11-14T11:01:31.735+0530] {logging_mixin.py:188} INFO - [2025-11-14T11:01:31.734+0530] {dagbag.py:545} INFO - Filling up the DagBag from /home/logi/txtai/venv/lib/python3.10/site-packages/airflow/example_dags/example_xcomargs.py
[2025-11-14T11:01:31.747+0530] {processor.py:840} INFO - DAG(s) 'example_xcom_args_with_operators', 'example_xcom_args' retrieved from /home/logi/txtai/venv/lib/python3.10/site-packages/airflow/example_dags/example_xcomargs.py
[2025-11-14T11:01:31.796+0530] {logging_mixin.py:188} INFO - [2025-11-14T11:01:31.796+0530] {dag.py:3089} INFO - Sync 2 DAGs
[2025-11-14T11:01:31.813+0530] {logging_mixin.py:188} INFO - [2025-11-14T11:01:31.813+0530] {dag.py:3947} INFO - Setting next_dagrun for example_xcom_args to None, run_after=None
[2025-11-14T11:01:31.817+0530] {logging_mixin.py:188} INFO - [2025-11-14T11:01:31.817+0530] {dag.py:3947} INFO - Setting next_dagrun for example_xcom_args_with_operators to None, run_after=None
[2025-11-14T11:01:31.839+0530] {processor.py:183} INFO - Processing /home/logi/txtai/venv/lib/python3.10/site-packages/airflow/example_dags/example_xcomargs.py took 0.132 seconds
[2025-11-14T11:02:02.135+0530] {processor.py:161} INFO - Started process (PID=11281) to work on /home/logi/txtai/venv/lib/python3.10/site-packages/airflow/example_dags/example_xcomargs.py
[2025-11-14T11:02:02.136+0530] {processor.py:830} INFO - Processing file /home/logi/txtai/venv/lib/python3.10/site-packages/airflow/example_dags/example_xcomargs.py for tasks to queue
[2025-11-14T11:02:02.138+0530] {logging_mixin.py:188} INFO - [2025-11-14T11:02:02.138+0530] {dagbag.py:545} INFO - Filling up the DagBag from /home/logi/txtai/venv/lib/python3.10/site-packages/airflow/example_dags/example_xcomargs.py
[2025-11-14T11:02:02.145+0530] {processor.py:840} INFO - DAG(s) 'example_xcom_args_with_operators', 'example_xcom_args' retrieved from /home/logi/txtai/venv/lib/python3.10/site-packages/airflow/example_dags/example_xcomargs.py
[2025-11-14T11:02:02.187+0530] {logging_mixin.py:188} INFO - [2025-11-14T11:02:02.187+0530] {dag.py:3089} INFO - Sync 2 DAGs
[2025-11-14T11:02:02.200+0530] {logging_mixin.py:188} INFO - [2025-11-14T11:02:02.199+0530] {dag.py:3947} INFO - Setting next_dagrun for example_xcom_args to None, run_after=None
[2025-11-14T11:02:02.204+0530] {logging_mixin.py:188} INFO - [2025-11-14T11:02:02.204+0530] {dag.py:3947} INFO - Setting next_dagrun for example_xcom_args_with_operators to None, run_after=None
[2025-11-14T11:02:02.224+0530] {processor.py:183} INFO - Processing /home/logi/txtai/venv/lib/python3.10/site-packages/airflow/example_dags/example_xcomargs.py took 0.095 seconds
[2025-11-14T11:02:33.176+0530] {processor.py:161} INFO - Started process (PID=11431) to work on /home/logi/txtai/venv/lib/python3.10/site-packages/airflow/example_dags/example_xcomargs.py
[2025-11-14T11:02:33.195+0530] {processor.py:830} INFO - Processing file /home/logi/txtai/venv/lib/python3.10/site-packages/airflow/example_dags/example_xcomargs.py for tasks to queue
[2025-11-14T11:02:33.202+0530] {logging_mixin.py:188} INFO - [2025-11-14T11:02:33.201+0530] {dagbag.py:545} INFO - Filling up the DagBag from /home/logi/txtai/venv/lib/python3.10/site-packages/airflow/example_dags/example_xcomargs.py
[2025-11-14T11:02:33.227+0530] {processor.py:840} INFO - DAG(s) 'example_xcom_args', 'example_xcom_args_with_operators' retrieved from /home/logi/txtai/venv/lib/python3.10/site-packages/airflow/example_dags/example_xcomargs.py
[2025-11-14T11:02:33.349+0530] {logging_mixin.py:188} INFO - [2025-11-14T11:02:33.348+0530] {dag.py:3089} INFO - Sync 2 DAGs
[2025-11-14T11:02:33.399+0530] {logging_mixin.py:188} INFO - [2025-11-14T11:02:33.398+0530] {dag.py:3947} INFO - Setting next_dagrun for example_xcom_args to None, run_after=None
[2025-11-14T11:02:33.418+0530] {logging_mixin.py:188} INFO - [2025-11-14T11:02:33.417+0530] {dag.py:3947} INFO - Setting next_dagrun for example_xcom_args_with_operators to None, run_after=None
[2025-11-14T11:02:33.537+0530] {processor.py:183} INFO - Processing /home/logi/txtai/venv/lib/python3.10/site-packages/airflow/example_dags/example_xcomargs.py took 0.423 seconds
[2025-11-14T11:03:04.170+0530] {processor.py:161} INFO - Started process (PID=11767) to work on /home/logi/txtai/venv/lib/python3.10/site-packages/airflow/example_dags/example_xcomargs.py
[2025-11-14T11:03:04.172+0530] {processor.py:830} INFO - Processing file /home/logi/txtai/venv/lib/python3.10/site-packages/airflow/example_dags/example_xcomargs.py for tasks to queue
[2025-11-14T11:03:04.177+0530] {logging_mixin.py:188} INFO - [2025-11-14T11:03:04.176+0530] {dagbag.py:545} INFO - Filling up the DagBag from /home/logi/txtai/venv/lib/python3.10/site-packages/airflow/example_dags/example_xcomargs.py
[2025-11-14T11:03:04.192+0530] {processor.py:840} INFO - DAG(s) 'example_xcom_args', 'example_xcom_args_with_operators' retrieved from /home/logi/txtai/venv/lib/python3.10/site-packages/airflow/example_dags/example_xcomargs.py
[2025-11-14T11:03:04.260+0530] {logging_mixin.py:188} INFO - [2025-11-14T11:03:04.260+0530] {dag.py:3089} INFO - Sync 2 DAGs
[2025-11-14T11:03:04.284+0530] {logging_mixin.py:188} INFO - [2025-11-14T11:03:04.284+0530] {dag.py:3947} INFO - Setting next_dagrun for example_xcom_args to None, run_after=None
[2025-11-14T11:03:04.292+0530] {logging_mixin.py:188} INFO - [2025-11-14T11:03:04.291+0530] {dag.py:3947} INFO - Setting next_dagrun for example_xcom_args_with_operators to None, run_after=None
[2025-11-14T11:03:04.343+0530] {processor.py:183} INFO - Processing /home/logi/txtai/venv/lib/python3.10/site-packages/airflow/example_dags/example_xcomargs.py took 0.185 seconds
[2025-11-14T11:03:34.611+0530] {processor.py:161} INFO - Started process (PID=12591) to work on /home/logi/txtai/venv/lib/python3.10/site-packages/airflow/example_dags/example_xcomargs.py
[2025-11-14T11:03:34.613+0530] {processor.py:830} INFO - Processing file /home/logi/txtai/venv/lib/python3.10/site-packages/airflow/example_dags/example_xcomargs.py for tasks to queue
[2025-11-14T11:03:34.617+0530] {logging_mixin.py:188} INFO - [2025-11-14T11:03:34.616+0530] {dagbag.py:545} INFO - Filling up the DagBag from /home/logi/txtai/venv/lib/python3.10/site-packages/airflow/example_dags/example_xcomargs.py
[2025-11-14T11:03:34.630+0530] {processor.py:840} INFO - DAG(s) 'example_xcom_args', 'example_xcom_args_with_operators' retrieved from /home/logi/txtai/venv/lib/python3.10/site-packages/airflow/example_dags/example_xcomargs.py
[2025-11-14T11:03:34.698+0530] {logging_mixin.py:188} INFO - [2025-11-14T11:03:34.698+0530] {dag.py:3089} INFO - Sync 2 DAGs
[2025-11-14T11:03:34.724+0530] {logging_mixin.py:188} INFO - [2025-11-14T11:03:34.724+0530] {dag.py:3947} INFO - Setting next_dagrun for example_xcom_args to None, run_after=None
[2025-11-14T11:03:34.731+0530] {logging_mixin.py:188} INFO - [2025-11-14T11:03:34.731+0530] {dag.py:3947} INFO - Setting next_dagrun for example_xcom_args_with_operators to None, run_after=None
[2025-11-14T11:03:34.778+0530] {processor.py:183} INFO - Processing /home/logi/txtai/venv/lib/python3.10/site-packages/airflow/example_dags/example_xcomargs.py took 0.179 seconds
[2025-11-14T11:04:04.901+0530] {processor.py:161} INFO - Started process (PID=12722) to work on /home/logi/txtai/venv/lib/python3.10/site-packages/airflow/example_dags/example_xcomargs.py
[2025-11-14T11:04:04.915+0530] {processor.py:830} INFO - Processing file /home/logi/txtai/venv/lib/python3.10/site-packages/airflow/example_dags/example_xcomargs.py for tasks to queue
[2025-11-14T11:04:04.920+0530] {logging_mixin.py:188} INFO - [2025-11-14T11:04:04.919+0530] {dagbag.py:545} INFO - Filling up the DagBag from /home/logi/txtai/venv/lib/python3.10/site-packages/airflow/example_dags/example_xcomargs.py
[2025-11-14T11:04:04.933+0530] {processor.py:840} INFO - DAG(s) 'example_xcom_args', 'example_xcom_args_with_operators' retrieved from /home/logi/txtai/venv/lib/python3.10/site-packages/airflow/example_dags/example_xcomargs.py
[2025-11-14T11:04:05.001+0530] {logging_mixin.py:188} INFO - [2025-11-14T11:04:05.001+0530] {dag.py:3089} INFO - Sync 2 DAGs
[2025-11-14T11:04:05.026+0530] {logging_mixin.py:188} INFO - [2025-11-14T11:04:05.026+0530] {dag.py:3947} INFO - Setting next_dagrun for example_xcom_args to None, run_after=None
[2025-11-14T11:04:05.034+0530] {logging_mixin.py:188} INFO - [2025-11-14T11:04:05.034+0530] {dag.py:3947} INFO - Setting next_dagrun for example_xcom_args_with_operators to None, run_after=None
[2025-11-14T11:04:05.079+0530] {processor.py:183} INFO - Processing /home/logi/txtai/venv/lib/python3.10/site-packages/airflow/example_dags/example_xcomargs.py took 0.191 seconds
[2025-11-14T11:04:35.323+0530] {processor.py:161} INFO - Started process (PID=12855) to work on /home/logi/txtai/venv/lib/python3.10/site-packages/airflow/example_dags/example_xcomargs.py
[2025-11-14T11:04:35.336+0530] {processor.py:830} INFO - Processing file /home/logi/txtai/venv/lib/python3.10/site-packages/airflow/example_dags/example_xcomargs.py for tasks to queue
[2025-11-14T11:04:35.341+0530] {logging_mixin.py:188} INFO - [2025-11-14T11:04:35.340+0530] {dagbag.py:545} INFO - Filling up the DagBag from /home/logi/txtai/venv/lib/python3.10/site-packages/airflow/example_dags/example_xcomargs.py
[2025-11-14T11:04:35.354+0530] {processor.py:840} INFO - DAG(s) 'example_xcom_args_with_operators', 'example_xcom_args' retrieved from /home/logi/txtai/venv/lib/python3.10/site-packages/airflow/example_dags/example_xcomargs.py
[2025-11-14T11:04:35.424+0530] {logging_mixin.py:188} INFO - [2025-11-14T11:04:35.423+0530] {dag.py:3089} INFO - Sync 2 DAGs
[2025-11-14T11:04:35.449+0530] {logging_mixin.py:188} INFO - [2025-11-14T11:04:35.449+0530] {dag.py:3947} INFO - Setting next_dagrun for example_xcom_args to None, run_after=None
[2025-11-14T11:04:35.457+0530] {logging_mixin.py:188} INFO - [2025-11-14T11:04:35.457+0530] {dag.py:3947} INFO - Setting next_dagrun for example_xcom_args_with_operators to None, run_after=None
[2025-11-14T11:04:35.492+0530] {processor.py:183} INFO - Processing /home/logi/txtai/venv/lib/python3.10/site-packages/airflow/example_dags/example_xcomargs.py took 0.182 seconds
[2025-11-14T11:05:06.411+0530] {processor.py:161} INFO - Started process (PID=13004) to work on /home/logi/txtai/venv/lib/python3.10/site-packages/airflow/example_dags/example_xcomargs.py
[2025-11-14T11:05:06.424+0530] {processor.py:830} INFO - Processing file /home/logi/txtai/venv/lib/python3.10/site-packages/airflow/example_dags/example_xcomargs.py for tasks to queue
[2025-11-14T11:05:06.428+0530] {logging_mixin.py:188} INFO - [2025-11-14T11:05:06.427+0530] {dagbag.py:545} INFO - Filling up the DagBag from /home/logi/txtai/venv/lib/python3.10/site-packages/airflow/example_dags/example_xcomargs.py
[2025-11-14T11:05:06.441+0530] {processor.py:840} INFO - DAG(s) 'example_xcom_args', 'example_xcom_args_with_operators' retrieved from /home/logi/txtai/venv/lib/python3.10/site-packages/airflow/example_dags/example_xcomargs.py
[2025-11-14T11:05:06.507+0530] {logging_mixin.py:188} INFO - [2025-11-14T11:05:06.507+0530] {dag.py:3089} INFO - Sync 2 DAGs
[2025-11-14T11:05:06.532+0530] {logging_mixin.py:188} INFO - [2025-11-14T11:05:06.531+0530] {dag.py:3947} INFO - Setting next_dagrun for example_xcom_args to None, run_after=None
[2025-11-14T11:05:06.539+0530] {logging_mixin.py:188} INFO - [2025-11-14T11:05:06.539+0530] {dag.py:3947} INFO - Setting next_dagrun for example_xcom_args_with_operators to None, run_after=None
[2025-11-14T11:05:06.585+0530] {processor.py:183} INFO - Processing /home/logi/txtai/venv/lib/python3.10/site-packages/airflow/example_dags/example_xcomargs.py took 0.188 seconds
[2025-11-14T11:05:36.665+0530] {processor.py:161} INFO - Started process (PID=13133) to work on /home/logi/txtai/venv/lib/python3.10/site-packages/airflow/example_dags/example_xcomargs.py
[2025-11-14T11:05:36.678+0530] {processor.py:830} INFO - Processing file /home/logi/txtai/venv/lib/python3.10/site-packages/airflow/example_dags/example_xcomargs.py for tasks to queue
[2025-11-14T11:05:36.682+0530] {logging_mixin.py:188} INFO - [2025-11-14T11:05:36.682+0530] {dagbag.py:545} INFO - Filling up the DagBag from /home/logi/txtai/venv/lib/python3.10/site-packages/airflow/example_dags/example_xcomargs.py
[2025-11-14T11:05:36.696+0530] {processor.py:840} INFO - DAG(s) 'example_xcom_args', 'example_xcom_args_with_operators' retrieved from /home/logi/txtai/venv/lib/python3.10/site-packages/airflow/example_dags/example_xcomargs.py
[2025-11-14T11:05:36.766+0530] {logging_mixin.py:188} INFO - [2025-11-14T11:05:36.766+0530] {dag.py:3089} INFO - Sync 2 DAGs
[2025-11-14T11:05:36.792+0530] {logging_mixin.py:188} INFO - [2025-11-14T11:05:36.792+0530] {dag.py:3947} INFO - Setting next_dagrun for example_xcom_args to None, run_after=None
[2025-11-14T11:05:36.800+0530] {logging_mixin.py:188} INFO - [2025-11-14T11:05:36.799+0530] {dag.py:3947} INFO - Setting next_dagrun for example_xcom_args_with_operators to None, run_after=None
[2025-11-14T11:05:36.837+0530] {processor.py:183} INFO - Processing /home/logi/txtai/venv/lib/python3.10/site-packages/airflow/example_dags/example_xcomargs.py took 0.185 seconds
[2025-11-14T11:06:06.949+0530] {processor.py:161} INFO - Started process (PID=13262) to work on /home/logi/txtai/venv/lib/python3.10/site-packages/airflow/example_dags/example_xcomargs.py
[2025-11-14T11:06:06.951+0530] {processor.py:830} INFO - Processing file /home/logi/txtai/venv/lib/python3.10/site-packages/airflow/example_dags/example_xcomargs.py for tasks to queue
[2025-11-14T11:06:06.955+0530] {logging_mixin.py:188} INFO - [2025-11-14T11:06:06.954+0530] {dagbag.py:545} INFO - Filling up the DagBag from /home/logi/txtai/venv/lib/python3.10/site-packages/airflow/example_dags/example_xcomargs.py
[2025-11-14T11:06:06.973+0530] {processor.py:840} INFO - DAG(s) 'example_xcom_args', 'example_xcom_args_with_operators' retrieved from /home/logi/txtai/venv/lib/python3.10/site-packages/airflow/example_dags/example_xcomargs.py
[2025-11-14T11:06:07.020+0530] {logging_mixin.py:188} INFO - [2025-11-14T11:06:07.019+0530] {dag.py:3089} INFO - Sync 2 DAGs
[2025-11-14T11:06:07.036+0530] {logging_mixin.py:188} INFO - [2025-11-14T11:06:07.036+0530] {dag.py:3947} INFO - Setting next_dagrun for example_xcom_args to None, run_after=None
[2025-11-14T11:06:07.040+0530] {logging_mixin.py:188} INFO - [2025-11-14T11:06:07.040+0530] {dag.py:3947} INFO - Setting next_dagrun for example_xcom_args_with_operators to None, run_after=None
[2025-11-14T11:06:07.066+0530] {processor.py:183} INFO - Processing /home/logi/txtai/venv/lib/python3.10/site-packages/airflow/example_dags/example_xcomargs.py took 0.126 seconds
[2025-11-14T11:06:37.191+0530] {processor.py:161} INFO - Started process (PID=13393) to work on /home/logi/txtai/venv/lib/python3.10/site-packages/airflow/example_dags/example_xcomargs.py
[2025-11-14T11:06:37.204+0530] {processor.py:830} INFO - Processing file /home/logi/txtai/venv/lib/python3.10/site-packages/airflow/example_dags/example_xcomargs.py for tasks to queue
[2025-11-14T11:06:37.208+0530] {logging_mixin.py:188} INFO - [2025-11-14T11:06:37.208+0530] {dagbag.py:545} INFO - Filling up the DagBag from /home/logi/txtai/venv/lib/python3.10/site-packages/airflow/example_dags/example_xcomargs.py
[2025-11-14T11:06:37.221+0530] {processor.py:840} INFO - DAG(s) 'example_xcom_args', 'example_xcom_args_with_operators' retrieved from /home/logi/txtai/venv/lib/python3.10/site-packages/airflow/example_dags/example_xcomargs.py
[2025-11-14T11:06:37.295+0530] {logging_mixin.py:188} INFO - [2025-11-14T11:06:37.294+0530] {dag.py:3089} INFO - Sync 2 DAGs
[2025-11-14T11:06:37.320+0530] {logging_mixin.py:188} INFO - [2025-11-14T11:06:37.319+0530] {dag.py:3947} INFO - Setting next_dagrun for example_xcom_args to None, run_after=None
[2025-11-14T11:06:37.327+0530] {logging_mixin.py:188} INFO - [2025-11-14T11:06:37.326+0530] {dag.py:3947} INFO - Setting next_dagrun for example_xcom_args_with_operators to None, run_after=None
[2025-11-14T11:06:37.370+0530] {processor.py:183} INFO - Processing /home/logi/txtai/venv/lib/python3.10/site-packages/airflow/example_dags/example_xcomargs.py took 0.186 seconds
[2025-11-14T11:07:07.543+0530] {processor.py:161} INFO - Started process (PID=13573) to work on /home/logi/txtai/venv/lib/python3.10/site-packages/airflow/example_dags/example_xcomargs.py
[2025-11-14T11:07:07.548+0530] {processor.py:830} INFO - Processing file /home/logi/txtai/venv/lib/python3.10/site-packages/airflow/example_dags/example_xcomargs.py for tasks to queue
[2025-11-14T11:07:07.552+0530] {logging_mixin.py:188} INFO - [2025-11-14T11:07:07.551+0530] {dagbag.py:545} INFO - Filling up the DagBag from /home/logi/txtai/venv/lib/python3.10/site-packages/airflow/example_dags/example_xcomargs.py
[2025-11-14T11:07:07.564+0530] {processor.py:840} INFO - DAG(s) 'example_xcom_args_with_operators', 'example_xcom_args' retrieved from /home/logi/txtai/venv/lib/python3.10/site-packages/airflow/example_dags/example_xcomargs.py
[2025-11-14T11:07:07.630+0530] {logging_mixin.py:188} INFO - [2025-11-14T11:07:07.629+0530] {dag.py:3089} INFO - Sync 2 DAGs
[2025-11-14T11:07:07.654+0530] {logging_mixin.py:188} INFO - [2025-11-14T11:07:07.653+0530] {dag.py:3947} INFO - Setting next_dagrun for example_xcom_args to None, run_after=None
[2025-11-14T11:07:07.661+0530] {logging_mixin.py:188} INFO - [2025-11-14T11:07:07.660+0530] {dag.py:3947} INFO - Setting next_dagrun for example_xcom_args_with_operators to None, run_after=None
[2025-11-14T11:07:07.694+0530] {processor.py:183} INFO - Processing /home/logi/txtai/venv/lib/python3.10/site-packages/airflow/example_dags/example_xcomargs.py took 0.162 seconds
[2025-11-14T11:07:37.852+0530] {processor.py:161} INFO - Started process (PID=13797) to work on /home/logi/txtai/venv/lib/python3.10/site-packages/airflow/example_dags/example_xcomargs.py
[2025-11-14T11:07:37.865+0530] {processor.py:830} INFO - Processing file /home/logi/txtai/venv/lib/python3.10/site-packages/airflow/example_dags/example_xcomargs.py for tasks to queue
[2025-11-14T11:07:37.869+0530] {logging_mixin.py:188} INFO - [2025-11-14T11:07:37.869+0530] {dagbag.py:545} INFO - Filling up the DagBag from /home/logi/txtai/venv/lib/python3.10/site-packages/airflow/example_dags/example_xcomargs.py
[2025-11-14T11:07:37.885+0530] {processor.py:840} INFO - DAG(s) 'example_xcom_args_with_operators', 'example_xcom_args' retrieved from /home/logi/txtai/venv/lib/python3.10/site-packages/airflow/example_dags/example_xcomargs.py
[2025-11-14T11:07:37.942+0530] {logging_mixin.py:188} INFO - [2025-11-14T11:07:37.942+0530] {dag.py:3089} INFO - Sync 2 DAGs
[2025-11-14T11:07:37.964+0530] {logging_mixin.py:188} INFO - [2025-11-14T11:07:37.963+0530] {dag.py:3947} INFO - Setting next_dagrun for example_xcom_args to None, run_after=None
[2025-11-14T11:07:37.970+0530] {logging_mixin.py:188} INFO - [2025-11-14T11:07:37.969+0530] {dag.py:3947} INFO - Setting next_dagrun for example_xcom_args_with_operators to None, run_after=None
[2025-11-14T11:07:37.998+0530] {processor.py:183} INFO - Processing /home/logi/txtai/venv/lib/python3.10/site-packages/airflow/example_dags/example_xcomargs.py took 0.160 seconds
[2025-11-14T11:08:08.354+0530] {processor.py:161} INFO - Started process (PID=14165) to work on /home/logi/txtai/venv/lib/python3.10/site-packages/airflow/example_dags/example_xcomargs.py
[2025-11-14T11:08:08.356+0530] {processor.py:830} INFO - Processing file /home/logi/txtai/venv/lib/python3.10/site-packages/airflow/example_dags/example_xcomargs.py for tasks to queue
[2025-11-14T11:08:08.359+0530] {logging_mixin.py:188} INFO - [2025-11-14T11:08:08.359+0530] {dagbag.py:545} INFO - Filling up the DagBag from /home/logi/txtai/venv/lib/python3.10/site-packages/airflow/example_dags/example_xcomargs.py
[2025-11-14T11:08:08.375+0530] {processor.py:840} INFO - DAG(s) 'example_xcom_args', 'example_xcom_args_with_operators' retrieved from /home/logi/txtai/venv/lib/python3.10/site-packages/airflow/example_dags/example_xcomargs.py
[2025-11-14T11:08:08.439+0530] {logging_mixin.py:188} INFO - [2025-11-14T11:08:08.439+0530] {dag.py:3089} INFO - Sync 2 DAGs
[2025-11-14T11:08:08.467+0530] {logging_mixin.py:188} INFO - [2025-11-14T11:08:08.467+0530] {dag.py:3947} INFO - Setting next_dagrun for example_xcom_args to None, run_after=None
[2025-11-14T11:08:08.484+0530] {logging_mixin.py:188} INFO - [2025-11-14T11:08:08.482+0530] {dag.py:3947} INFO - Setting next_dagrun for example_xcom_args_with_operators to None, run_after=None
[2025-11-14T11:08:08.578+0530] {processor.py:183} INFO - Processing /home/logi/txtai/venv/lib/python3.10/site-packages/airflow/example_dags/example_xcomargs.py took 0.238 seconds
[2025-11-14T11:08:38.919+0530] {processor.py:161} INFO - Started process (PID=14574) to work on /home/logi/txtai/venv/lib/python3.10/site-packages/airflow/example_dags/example_xcomargs.py
[2025-11-14T11:08:38.921+0530] {processor.py:830} INFO - Processing file /home/logi/txtai/venv/lib/python3.10/site-packages/airflow/example_dags/example_xcomargs.py for tasks to queue
[2025-11-14T11:08:38.925+0530] {logging_mixin.py:188} INFO - [2025-11-14T11:08:38.925+0530] {dagbag.py:545} INFO - Filling up the DagBag from /home/logi/txtai/venv/lib/python3.10/site-packages/airflow/example_dags/example_xcomargs.py
[2025-11-14T11:08:38.940+0530] {processor.py:840} INFO - DAG(s) 'example_xcom_args', 'example_xcom_args_with_operators' retrieved from /home/logi/txtai/venv/lib/python3.10/site-packages/airflow/example_dags/example_xcomargs.py
[2025-11-14T11:08:39.009+0530] {logging_mixin.py:188} INFO - [2025-11-14T11:08:39.008+0530] {dag.py:3089} INFO - Sync 2 DAGs
[2025-11-14T11:08:39.034+0530] {logging_mixin.py:188} INFO - [2025-11-14T11:08:39.033+0530] {dag.py:3947} INFO - Setting next_dagrun for example_xcom_args to None, run_after=None
[2025-11-14T11:08:39.042+0530] {logging_mixin.py:188} INFO - [2025-11-14T11:08:39.041+0530] {dag.py:3947} INFO - Setting next_dagrun for example_xcom_args_with_operators to None, run_after=None
[2025-11-14T11:08:39.079+0530] {processor.py:183} INFO - Processing /home/logi/txtai/venv/lib/python3.10/site-packages/airflow/example_dags/example_xcomargs.py took 0.173 seconds
[2025-11-14T11:09:09.702+0530] {processor.py:161} INFO - Started process (PID=14710) to work on /home/logi/txtai/venv/lib/python3.10/site-packages/airflow/example_dags/example_xcomargs.py
[2025-11-14T11:09:09.704+0530] {processor.py:830} INFO - Processing file /home/logi/txtai/venv/lib/python3.10/site-packages/airflow/example_dags/example_xcomargs.py for tasks to queue
[2025-11-14T11:09:09.709+0530] {logging_mixin.py:188} INFO - [2025-11-14T11:09:09.708+0530] {dagbag.py:545} INFO - Filling up the DagBag from /home/logi/txtai/venv/lib/python3.10/site-packages/airflow/example_dags/example_xcomargs.py
[2025-11-14T11:09:09.722+0530] {processor.py:840} INFO - DAG(s) 'example_xcom_args', 'example_xcom_args_with_operators' retrieved from /home/logi/txtai/venv/lib/python3.10/site-packages/airflow/example_dags/example_xcomargs.py
[2025-11-14T11:09:09.774+0530] {logging_mixin.py:188} INFO - [2025-11-14T11:09:09.774+0530] {dag.py:3089} INFO - Sync 2 DAGs
[2025-11-14T11:09:09.802+0530] {logging_mixin.py:188} INFO - [2025-11-14T11:09:09.801+0530] {dag.py:3947} INFO - Setting next_dagrun for example_xcom_args to None, run_after=None
[2025-11-14T11:09:09.808+0530] {logging_mixin.py:188} INFO - [2025-11-14T11:09:09.808+0530] {dag.py:3947} INFO - Setting next_dagrun for example_xcom_args_with_operators to None, run_after=None
[2025-11-14T11:09:09.845+0530] {processor.py:183} INFO - Processing /home/logi/txtai/venv/lib/python3.10/site-packages/airflow/example_dags/example_xcomargs.py took 0.155 seconds
[2025-11-14T11:09:40.005+0530] {processor.py:161} INFO - Started process (PID=14839) to work on /home/logi/txtai/venv/lib/python3.10/site-packages/airflow/example_dags/example_xcomargs.py
[2025-11-14T11:09:40.019+0530] {processor.py:830} INFO - Processing file /home/logi/txtai/venv/lib/python3.10/site-packages/airflow/example_dags/example_xcomargs.py for tasks to queue
[2025-11-14T11:09:40.025+0530] {logging_mixin.py:188} INFO - [2025-11-14T11:09:40.024+0530] {dagbag.py:545} INFO - Filling up the DagBag from /home/logi/txtai/venv/lib/python3.10/site-packages/airflow/example_dags/example_xcomargs.py
[2025-11-14T11:09:40.042+0530] {processor.py:840} INFO - DAG(s) 'example_xcom_args_with_operators', 'example_xcom_args' retrieved from /home/logi/txtai/venv/lib/python3.10/site-packages/airflow/example_dags/example_xcomargs.py
[2025-11-14T11:09:40.107+0530] {logging_mixin.py:188} INFO - [2025-11-14T11:09:40.106+0530] {dag.py:3089} INFO - Sync 2 DAGs
[2025-11-14T11:09:40.132+0530] {logging_mixin.py:188} INFO - [2025-11-14T11:09:40.131+0530] {dag.py:3947} INFO - Setting next_dagrun for example_xcom_args to None, run_after=None
[2025-11-14T11:09:40.139+0530] {logging_mixin.py:188} INFO - [2025-11-14T11:09:40.139+0530] {dag.py:3947} INFO - Setting next_dagrun for example_xcom_args_with_operators to None, run_after=None
[2025-11-14T11:09:40.181+0530] {processor.py:183} INFO - Processing /home/logi/txtai/venv/lib/python3.10/site-packages/airflow/example_dags/example_xcomargs.py took 0.190 seconds
[2025-11-14T11:10:10.366+0530] {processor.py:161} INFO - Started process (PID=14991) to work on /home/logi/txtai/venv/lib/python3.10/site-packages/airflow/example_dags/example_xcomargs.py
[2025-11-14T11:10:10.380+0530] {processor.py:830} INFO - Processing file /home/logi/txtai/venv/lib/python3.10/site-packages/airflow/example_dags/example_xcomargs.py for tasks to queue
[2025-11-14T11:10:10.384+0530] {logging_mixin.py:188} INFO - [2025-11-14T11:10:10.383+0530] {dagbag.py:545} INFO - Filling up the DagBag from /home/logi/txtai/venv/lib/python3.10/site-packages/airflow/example_dags/example_xcomargs.py
[2025-11-14T11:10:10.397+0530] {processor.py:840} INFO - DAG(s) 'example_xcom_args_with_operators', 'example_xcom_args' retrieved from /home/logi/txtai/venv/lib/python3.10/site-packages/airflow/example_dags/example_xcomargs.py
[2025-11-14T11:10:10.469+0530] {logging_mixin.py:188} INFO - [2025-11-14T11:10:10.468+0530] {dag.py:3089} INFO - Sync 2 DAGs
[2025-11-14T11:10:10.493+0530] {logging_mixin.py:188} INFO - [2025-11-14T11:10:10.492+0530] {dag.py:3947} INFO - Setting next_dagrun for example_xcom_args to None, run_after=None
[2025-11-14T11:10:10.500+0530] {logging_mixin.py:188} INFO - [2025-11-14T11:10:10.500+0530] {dag.py:3947} INFO - Setting next_dagrun for example_xcom_args_with_operators to None, run_after=None
[2025-11-14T11:10:10.548+0530] {processor.py:183} INFO - Processing /home/logi/txtai/venv/lib/python3.10/site-packages/airflow/example_dags/example_xcomargs.py took 0.195 seconds
