[2025-11-14T10:48:48.157+0530] {processor.py:161} INFO - Started process (PID=6035) to work on /home/logi/txtai/venv/lib/python3.10/site-packages/airflow/example_dags/example_setup_teardown.py
[2025-11-14T10:48:48.165+0530] {processor.py:830} INFO - Processing file /home/logi/txtai/venv/lib/python3.10/site-packages/airflow/example_dags/example_setup_teardown.py for tasks to queue
[2025-11-14T10:48:48.172+0530] {logging_mixin.py:188} INFO - [2025-11-14T10:48:48.171+0530] {dagbag.py:545} INFO - Filling up the DagBag from /home/logi/txtai/venv/lib/python3.10/site-packages/airflow/example_dags/example_setup_teardown.py
[2025-11-14T10:48:48.206+0530] {processor.py:840} INFO - DAG(s) 'example_setup_teardown' retrieved from /home/logi/txtai/venv/lib/python3.10/site-packages/airflow/example_dags/example_setup_teardown.py
[2025-11-14T10:48:48.353+0530] {logging_mixin.py:188} INFO - [2025-11-14T10:48:48.352+0530] {dag.py:3089} INFO - Sync 1 DAGs
[2025-11-14T10:48:48.422+0530] {logging_mixin.py:188} INFO - [2025-11-14T10:48:48.421+0530] {dag.py:3947} INFO - Setting next_dagrun for example_setup_teardown to 2025-11-13 00:00:00+00:00, run_after=2025-11-14 00:00:00+00:00
[2025-11-14T10:48:48.470+0530] {processor.py:183} INFO - Processing /home/logi/txtai/venv/lib/python3.10/site-packages/airflow/example_dags/example_setup_teardown.py took 0.343 seconds
[2025-11-14T10:49:20.109+0530] {processor.py:161} INFO - Started process (PID=6657) to work on /home/logi/txtai/venv/lib/python3.10/site-packages/airflow/example_dags/example_setup_teardown.py
[2025-11-14T10:49:20.117+0530] {processor.py:830} INFO - Processing file /home/logi/txtai/venv/lib/python3.10/site-packages/airflow/example_dags/example_setup_teardown.py for tasks to queue
[2025-11-14T10:49:20.126+0530] {logging_mixin.py:188} INFO - [2025-11-14T10:49:20.122+0530] {dagbag.py:545} INFO - Filling up the DagBag from /home/logi/txtai/venv/lib/python3.10/site-packages/airflow/example_dags/example_setup_teardown.py
[2025-11-14T10:49:20.149+0530] {processor.py:840} INFO - DAG(s) 'example_setup_teardown' retrieved from /home/logi/txtai/venv/lib/python3.10/site-packages/airflow/example_dags/example_setup_teardown.py
[2025-11-14T10:49:20.234+0530] {logging_mixin.py:188} INFO - [2025-11-14T10:49:20.233+0530] {dag.py:3089} INFO - Sync 1 DAGs
[2025-11-14T10:49:20.280+0530] {logging_mixin.py:188} INFO - [2025-11-14T10:49:20.280+0530] {dag.py:3947} INFO - Setting next_dagrun for example_setup_teardown to 2025-11-13 00:00:00+00:00, run_after=2025-11-14 00:00:00+00:00
[2025-11-14T10:49:20.334+0530] {processor.py:183} INFO - Processing /home/logi/txtai/venv/lib/python3.10/site-packages/airflow/example_dags/example_setup_teardown.py took 0.243 seconds
[2025-11-14T10:49:50.649+0530] {processor.py:161} INFO - Started process (PID=7303) to work on /home/logi/txtai/venv/lib/python3.10/site-packages/airflow/example_dags/example_setup_teardown.py
[2025-11-14T10:49:50.651+0530] {processor.py:830} INFO - Processing file /home/logi/txtai/venv/lib/python3.10/site-packages/airflow/example_dags/example_setup_teardown.py for tasks to queue
[2025-11-14T10:49:50.654+0530] {logging_mixin.py:188} INFO - [2025-11-14T10:49:50.654+0530] {dagbag.py:545} INFO - Filling up the DagBag from /home/logi/txtai/venv/lib/python3.10/site-packages/airflow/example_dags/example_setup_teardown.py
[2025-11-14T10:49:50.669+0530] {processor.py:840} INFO - DAG(s) 'example_setup_teardown' retrieved from /home/logi/txtai/venv/lib/python3.10/site-packages/airflow/example_dags/example_setup_teardown.py
[2025-11-14T10:49:50.723+0530] {logging_mixin.py:188} INFO - [2025-11-14T10:49:50.723+0530] {dag.py:3089} INFO - Sync 1 DAGs
[2025-11-14T10:49:50.768+0530] {logging_mixin.py:188} INFO - [2025-11-14T10:49:50.767+0530] {dag.py:3947} INFO - Setting next_dagrun for example_setup_teardown to 2025-11-13 00:00:00+00:00, run_after=2025-11-14 00:00:00+00:00
[2025-11-14T10:49:50.797+0530] {processor.py:183} INFO - Processing /home/logi/txtai/venv/lib/python3.10/site-packages/airflow/example_dags/example_setup_teardown.py took 0.159 seconds
[2025-11-14T10:50:21.545+0530] {processor.py:161} INFO - Started process (PID=7875) to work on /home/logi/txtai/venv/lib/python3.10/site-packages/airflow/example_dags/example_setup_teardown.py
[2025-11-14T10:50:21.546+0530] {processor.py:830} INFO - Processing file /home/logi/txtai/venv/lib/python3.10/site-packages/airflow/example_dags/example_setup_teardown.py for tasks to queue
[2025-11-14T10:50:21.548+0530] {logging_mixin.py:188} INFO - [2025-11-14T10:50:21.548+0530] {dagbag.py:545} INFO - Filling up the DagBag from /home/logi/txtai/venv/lib/python3.10/site-packages/airflow/example_dags/example_setup_teardown.py
[2025-11-14T10:50:21.555+0530] {processor.py:840} INFO - DAG(s) 'example_setup_teardown' retrieved from /home/logi/txtai/venv/lib/python3.10/site-packages/airflow/example_dags/example_setup_teardown.py
[2025-11-14T10:50:21.592+0530] {logging_mixin.py:188} INFO - [2025-11-14T10:50:21.592+0530] {dag.py:3089} INFO - Sync 1 DAGs
[2025-11-14T10:50:21.626+0530] {logging_mixin.py:188} INFO - [2025-11-14T10:50:21.625+0530] {dag.py:3947} INFO - Setting next_dagrun for example_setup_teardown to 2025-11-13 00:00:00+00:00, run_after=2025-11-14 00:00:00+00:00
[2025-11-14T10:50:21.652+0530] {processor.py:183} INFO - Processing /home/logi/txtai/venv/lib/python3.10/site-packages/airflow/example_dags/example_setup_teardown.py took 0.118 seconds
[2025-11-14T10:50:52.647+0530] {processor.py:161} INFO - Started process (PID=8113) to work on /home/logi/txtai/venv/lib/python3.10/site-packages/airflow/example_dags/example_setup_teardown.py
[2025-11-14T10:50:52.651+0530] {processor.py:830} INFO - Processing file /home/logi/txtai/venv/lib/python3.10/site-packages/airflow/example_dags/example_setup_teardown.py for tasks to queue
[2025-11-14T10:50:52.654+0530] {logging_mixin.py:188} INFO - [2025-11-14T10:50:52.653+0530] {dagbag.py:545} INFO - Filling up the DagBag from /home/logi/txtai/venv/lib/python3.10/site-packages/airflow/example_dags/example_setup_teardown.py
[2025-11-14T10:50:52.664+0530] {processor.py:840} INFO - DAG(s) 'example_setup_teardown' retrieved from /home/logi/txtai/venv/lib/python3.10/site-packages/airflow/example_dags/example_setup_teardown.py
[2025-11-14T10:50:52.728+0530] {logging_mixin.py:188} INFO - [2025-11-14T10:50:52.727+0530] {dag.py:3089} INFO - Sync 1 DAGs
[2025-11-14T10:50:52.756+0530] {logging_mixin.py:188} INFO - [2025-11-14T10:50:52.755+0530] {dag.py:3947} INFO - Setting next_dagrun for example_setup_teardown to 2025-11-13 00:00:00+00:00, run_after=2025-11-14 00:00:00+00:00
[2025-11-14T10:50:52.804+0530] {processor.py:183} INFO - Processing /home/logi/txtai/venv/lib/python3.10/site-packages/airflow/example_dags/example_setup_teardown.py took 0.167 seconds
[2025-11-14T10:51:23.604+0530] {processor.py:161} INFO - Started process (PID=8294) to work on /home/logi/txtai/venv/lib/python3.10/site-packages/airflow/example_dags/example_setup_teardown.py
[2025-11-14T10:51:23.605+0530] {processor.py:830} INFO - Processing file /home/logi/txtai/venv/lib/python3.10/site-packages/airflow/example_dags/example_setup_teardown.py for tasks to queue
[2025-11-14T10:51:23.606+0530] {logging_mixin.py:188} INFO - [2025-11-14T10:51:23.606+0530] {dagbag.py:545} INFO - Filling up the DagBag from /home/logi/txtai/venv/lib/python3.10/site-packages/airflow/example_dags/example_setup_teardown.py
[2025-11-14T10:51:23.612+0530] {processor.py:840} INFO - DAG(s) 'example_setup_teardown' retrieved from /home/logi/txtai/venv/lib/python3.10/site-packages/airflow/example_dags/example_setup_teardown.py
[2025-11-14T10:51:23.653+0530] {logging_mixin.py:188} INFO - [2025-11-14T10:51:23.653+0530] {dag.py:3089} INFO - Sync 1 DAGs
[2025-11-14T10:51:23.674+0530] {logging_mixin.py:188} INFO - [2025-11-14T10:51:23.673+0530] {dag.py:3947} INFO - Setting next_dagrun for example_setup_teardown to 2025-11-13 00:00:00+00:00, run_after=2025-11-14 00:00:00+00:00
[2025-11-14T10:51:23.705+0530] {processor.py:183} INFO - Processing /home/logi/txtai/venv/lib/python3.10/site-packages/airflow/example_dags/example_setup_teardown.py took 0.108 seconds
[2025-11-14T10:51:54.136+0530] {processor.py:161} INFO - Started process (PID=8430) to work on /home/logi/txtai/venv/lib/python3.10/site-packages/airflow/example_dags/example_setup_teardown.py
[2025-11-14T10:51:54.137+0530] {processor.py:830} INFO - Processing file /home/logi/txtai/venv/lib/python3.10/site-packages/airflow/example_dags/example_setup_teardown.py for tasks to queue
[2025-11-14T10:51:54.140+0530] {logging_mixin.py:188} INFO - [2025-11-14T10:51:54.139+0530] {dagbag.py:545} INFO - Filling up the DagBag from /home/logi/txtai/venv/lib/python3.10/site-packages/airflow/example_dags/example_setup_teardown.py
[2025-11-14T10:51:54.151+0530] {processor.py:840} INFO - DAG(s) 'example_setup_teardown' retrieved from /home/logi/txtai/venv/lib/python3.10/site-packages/airflow/example_dags/example_setup_teardown.py
[2025-11-14T10:51:54.186+0530] {logging_mixin.py:188} INFO - [2025-11-14T10:51:54.186+0530] {dag.py:3089} INFO - Sync 1 DAGs
[2025-11-14T10:51:54.207+0530] {logging_mixin.py:188} INFO - [2025-11-14T10:51:54.207+0530] {dag.py:3947} INFO - Setting next_dagrun for example_setup_teardown to 2025-11-13 00:00:00+00:00, run_after=2025-11-14 00:00:00+00:00
[2025-11-14T10:51:54.240+0530] {processor.py:183} INFO - Processing /home/logi/txtai/venv/lib/python3.10/site-packages/airflow/example_dags/example_setup_teardown.py took 0.110 seconds
[2025-11-14T10:52:26.644+0530] {processor.py:161} INFO - Started process (PID=8611) to work on /home/logi/txtai/venv/lib/python3.10/site-packages/airflow/example_dags/example_setup_teardown.py
[2025-11-14T10:52:26.645+0530] {processor.py:830} INFO - Processing file /home/logi/txtai/venv/lib/python3.10/site-packages/airflow/example_dags/example_setup_teardown.py for tasks to queue
[2025-11-14T10:52:26.650+0530] {logging_mixin.py:188} INFO - [2025-11-14T10:52:26.649+0530] {dagbag.py:545} INFO - Filling up the DagBag from /home/logi/txtai/venv/lib/python3.10/site-packages/airflow/example_dags/example_setup_teardown.py
[2025-11-14T10:52:26.662+0530] {processor.py:840} INFO - DAG(s) 'example_setup_teardown' retrieved from /home/logi/txtai/venv/lib/python3.10/site-packages/airflow/example_dags/example_setup_teardown.py
[2025-11-14T10:52:26.704+0530] {logging_mixin.py:188} INFO - [2025-11-14T10:52:26.704+0530] {dag.py:3089} INFO - Sync 1 DAGs
[2025-11-14T10:52:26.742+0530] {logging_mixin.py:188} INFO - [2025-11-14T10:52:26.741+0530] {dag.py:3947} INFO - Setting next_dagrun for example_setup_teardown to 2025-11-13 00:00:00+00:00, run_after=2025-11-14 00:00:00+00:00
[2025-11-14T10:52:26.790+0530] {processor.py:183} INFO - Processing /home/logi/txtai/venv/lib/python3.10/site-packages/airflow/example_dags/example_setup_teardown.py took 0.155 seconds
[2025-11-14T10:52:57.431+0530] {processor.py:161} INFO - Started process (PID=8741) to work on /home/logi/txtai/venv/lib/python3.10/site-packages/airflow/example_dags/example_setup_teardown.py
[2025-11-14T10:52:57.432+0530] {processor.py:830} INFO - Processing file /home/logi/txtai/venv/lib/python3.10/site-packages/airflow/example_dags/example_setup_teardown.py for tasks to queue
[2025-11-14T10:52:57.434+0530] {logging_mixin.py:188} INFO - [2025-11-14T10:52:57.433+0530] {dagbag.py:545} INFO - Filling up the DagBag from /home/logi/txtai/venv/lib/python3.10/site-packages/airflow/example_dags/example_setup_teardown.py
[2025-11-14T10:52:57.440+0530] {processor.py:840} INFO - DAG(s) 'example_setup_teardown' retrieved from /home/logi/txtai/venv/lib/python3.10/site-packages/airflow/example_dags/example_setup_teardown.py
[2025-11-14T10:52:57.474+0530] {logging_mixin.py:188} INFO - [2025-11-14T10:52:57.474+0530] {dag.py:3089} INFO - Sync 1 DAGs
[2025-11-14T10:52:57.501+0530] {logging_mixin.py:188} INFO - [2025-11-14T10:52:57.501+0530] {dag.py:3947} INFO - Setting next_dagrun for example_setup_teardown to 2025-11-13 00:00:00+00:00, run_after=2025-11-14 00:00:00+00:00
[2025-11-14T10:52:57.534+0530] {processor.py:183} INFO - Processing /home/logi/txtai/venv/lib/python3.10/site-packages/airflow/example_dags/example_setup_teardown.py took 0.109 seconds
[2025-11-14T10:53:28.092+0530] {processor.py:161} INFO - Started process (PID=8870) to work on /home/logi/txtai/venv/lib/python3.10/site-packages/airflow/example_dags/example_setup_teardown.py
[2025-11-14T10:53:28.096+0530] {processor.py:830} INFO - Processing file /home/logi/txtai/venv/lib/python3.10/site-packages/airflow/example_dags/example_setup_teardown.py for tasks to queue
[2025-11-14T10:53:28.098+0530] {logging_mixin.py:188} INFO - [2025-11-14T10:53:28.098+0530] {dagbag.py:545} INFO - Filling up the DagBag from /home/logi/txtai/venv/lib/python3.10/site-packages/airflow/example_dags/example_setup_teardown.py
[2025-11-14T10:53:28.117+0530] {processor.py:840} INFO - DAG(s) 'example_setup_teardown' retrieved from /home/logi/txtai/venv/lib/python3.10/site-packages/airflow/example_dags/example_setup_teardown.py
[2025-11-14T10:53:28.175+0530] {logging_mixin.py:188} INFO - [2025-11-14T10:53:28.175+0530] {dag.py:3089} INFO - Sync 1 DAGs
[2025-11-14T10:53:28.220+0530] {logging_mixin.py:188} INFO - [2025-11-14T10:53:28.220+0530] {dag.py:3947} INFO - Setting next_dagrun for example_setup_teardown to 2025-11-13 00:00:00+00:00, run_after=2025-11-14 00:00:00+00:00
[2025-11-14T10:53:28.262+0530] {processor.py:183} INFO - Processing /home/logi/txtai/venv/lib/python3.10/site-packages/airflow/example_dags/example_setup_teardown.py took 0.178 seconds
[2025-11-14T10:53:58.495+0530] {processor.py:161} INFO - Started process (PID=9045) to work on /home/logi/txtai/venv/lib/python3.10/site-packages/airflow/example_dags/example_setup_teardown.py
[2025-11-14T10:53:58.499+0530] {processor.py:830} INFO - Processing file /home/logi/txtai/venv/lib/python3.10/site-packages/airflow/example_dags/example_setup_teardown.py for tasks to queue
[2025-11-14T10:53:58.501+0530] {logging_mixin.py:188} INFO - [2025-11-14T10:53:58.501+0530] {dagbag.py:545} INFO - Filling up the DagBag from /home/logi/txtai/venv/lib/python3.10/site-packages/airflow/example_dags/example_setup_teardown.py
[2025-11-14T10:53:58.514+0530] {processor.py:840} INFO - DAG(s) 'example_setup_teardown' retrieved from /home/logi/txtai/venv/lib/python3.10/site-packages/airflow/example_dags/example_setup_teardown.py
[2025-11-14T10:53:58.587+0530] {logging_mixin.py:188} INFO - [2025-11-14T10:53:58.586+0530] {dag.py:3089} INFO - Sync 1 DAGs
[2025-11-14T10:53:58.649+0530] {logging_mixin.py:188} INFO - [2025-11-14T10:53:58.649+0530] {dag.py:3947} INFO - Setting next_dagrun for example_setup_teardown to 2025-11-13 00:00:00+00:00, run_after=2025-11-14 00:00:00+00:00
[2025-11-14T10:53:58.696+0530] {processor.py:183} INFO - Processing /home/logi/txtai/venv/lib/python3.10/site-packages/airflow/example_dags/example_setup_teardown.py took 0.218 seconds
[2025-11-14T10:54:29.045+0530] {processor.py:161} INFO - Started process (PID=9278) to work on /home/logi/txtai/venv/lib/python3.10/site-packages/airflow/example_dags/example_setup_teardown.py
[2025-11-14T10:54:29.047+0530] {processor.py:830} INFO - Processing file /home/logi/txtai/venv/lib/python3.10/site-packages/airflow/example_dags/example_setup_teardown.py for tasks to queue
[2025-11-14T10:54:29.049+0530] {logging_mixin.py:188} INFO - [2025-11-14T10:54:29.049+0530] {dagbag.py:545} INFO - Filling up the DagBag from /home/logi/txtai/venv/lib/python3.10/site-packages/airflow/example_dags/example_setup_teardown.py
[2025-11-14T10:54:29.060+0530] {processor.py:840} INFO - DAG(s) 'example_setup_teardown' retrieved from /home/logi/txtai/venv/lib/python3.10/site-packages/airflow/example_dags/example_setup_teardown.py
[2025-11-14T10:54:29.124+0530] {logging_mixin.py:188} INFO - [2025-11-14T10:54:29.124+0530] {dag.py:3089} INFO - Sync 1 DAGs
[2025-11-14T10:54:29.168+0530] {logging_mixin.py:188} INFO - [2025-11-14T10:54:29.168+0530] {dag.py:3947} INFO - Setting next_dagrun for example_setup_teardown to 2025-11-13 00:00:00+00:00, run_after=2025-11-14 00:00:00+00:00
[2025-11-14T10:54:29.210+0530] {processor.py:183} INFO - Processing /home/logi/txtai/venv/lib/python3.10/site-packages/airflow/example_dags/example_setup_teardown.py took 0.179 seconds
[2025-11-14T10:54:59.539+0530] {processor.py:161} INFO - Started process (PID=9423) to work on /home/logi/txtai/venv/lib/python3.10/site-packages/airflow/example_dags/example_setup_teardown.py
[2025-11-14T10:54:59.541+0530] {processor.py:830} INFO - Processing file /home/logi/txtai/venv/lib/python3.10/site-packages/airflow/example_dags/example_setup_teardown.py for tasks to queue
[2025-11-14T10:54:59.543+0530] {logging_mixin.py:188} INFO - [2025-11-14T10:54:59.543+0530] {dagbag.py:545} INFO - Filling up the DagBag from /home/logi/txtai/venv/lib/python3.10/site-packages/airflow/example_dags/example_setup_teardown.py
[2025-11-14T10:54:59.555+0530] {processor.py:840} INFO - DAG(s) 'example_setup_teardown' retrieved from /home/logi/txtai/venv/lib/python3.10/site-packages/airflow/example_dags/example_setup_teardown.py
[2025-11-14T10:54:59.599+0530] {logging_mixin.py:188} INFO - [2025-11-14T10:54:59.598+0530] {dag.py:3089} INFO - Sync 1 DAGs
[2025-11-14T10:54:59.620+0530] {logging_mixin.py:188} INFO - [2025-11-14T10:54:59.620+0530] {dag.py:3947} INFO - Setting next_dagrun for example_setup_teardown to 2025-11-13 00:00:00+00:00, run_after=2025-11-14 00:00:00+00:00
[2025-11-14T10:54:59.646+0530] {processor.py:183} INFO - Processing /home/logi/txtai/venv/lib/python3.10/site-packages/airflow/example_dags/example_setup_teardown.py took 0.112 seconds
[2025-11-14T10:55:29.863+0530] {processor.py:161} INFO - Started process (PID=9569) to work on /home/logi/txtai/venv/lib/python3.10/site-packages/airflow/example_dags/example_setup_teardown.py
[2025-11-14T10:55:29.867+0530] {processor.py:830} INFO - Processing file /home/logi/txtai/venv/lib/python3.10/site-packages/airflow/example_dags/example_setup_teardown.py for tasks to queue
[2025-11-14T10:55:29.870+0530] {logging_mixin.py:188} INFO - [2025-11-14T10:55:29.870+0530] {dagbag.py:545} INFO - Filling up the DagBag from /home/logi/txtai/venv/lib/python3.10/site-packages/airflow/example_dags/example_setup_teardown.py
[2025-11-14T10:55:29.881+0530] {processor.py:840} INFO - DAG(s) 'example_setup_teardown' retrieved from /home/logi/txtai/venv/lib/python3.10/site-packages/airflow/example_dags/example_setup_teardown.py
[2025-11-14T10:55:29.943+0530] {logging_mixin.py:188} INFO - [2025-11-14T10:55:29.943+0530] {dag.py:3089} INFO - Sync 1 DAGs
[2025-11-14T10:55:29.989+0530] {logging_mixin.py:188} INFO - [2025-11-14T10:55:29.989+0530] {dag.py:3947} INFO - Setting next_dagrun for example_setup_teardown to 2025-11-13 00:00:00+00:00, run_after=2025-11-14 00:00:00+00:00
[2025-11-14T10:55:30.029+0530] {processor.py:183} INFO - Processing /home/logi/txtai/venv/lib/python3.10/site-packages/airflow/example_dags/example_setup_teardown.py took 0.179 seconds
[2025-11-14T10:56:00.317+0530] {processor.py:161} INFO - Started process (PID=9698) to work on /home/logi/txtai/venv/lib/python3.10/site-packages/airflow/example_dags/example_setup_teardown.py
[2025-11-14T10:56:00.318+0530] {processor.py:830} INFO - Processing file /home/logi/txtai/venv/lib/python3.10/site-packages/airflow/example_dags/example_setup_teardown.py for tasks to queue
[2025-11-14T10:56:00.319+0530] {logging_mixin.py:188} INFO - [2025-11-14T10:56:00.319+0530] {dagbag.py:545} INFO - Filling up the DagBag from /home/logi/txtai/venv/lib/python3.10/site-packages/airflow/example_dags/example_setup_teardown.py
[2025-11-14T10:56:00.326+0530] {processor.py:840} INFO - DAG(s) 'example_setup_teardown' retrieved from /home/logi/txtai/venv/lib/python3.10/site-packages/airflow/example_dags/example_setup_teardown.py
[2025-11-14T10:56:00.359+0530] {logging_mixin.py:188} INFO - [2025-11-14T10:56:00.358+0530] {dag.py:3089} INFO - Sync 1 DAGs
[2025-11-14T10:56:00.385+0530] {logging_mixin.py:188} INFO - [2025-11-14T10:56:00.384+0530] {dag.py:3947} INFO - Setting next_dagrun for example_setup_teardown to 2025-11-13 00:00:00+00:00, run_after=2025-11-14 00:00:00+00:00
[2025-11-14T10:56:00.407+0530] {processor.py:183} INFO - Processing /home/logi/txtai/venv/lib/python3.10/site-packages/airflow/example_dags/example_setup_teardown.py took 0.096 seconds
[2025-11-14T10:56:31.040+0530] {processor.py:161} INFO - Started process (PID=9872) to work on /home/logi/txtai/venv/lib/python3.10/site-packages/airflow/example_dags/example_setup_teardown.py
[2025-11-14T10:56:31.041+0530] {processor.py:830} INFO - Processing file /home/logi/txtai/venv/lib/python3.10/site-packages/airflow/example_dags/example_setup_teardown.py for tasks to queue
[2025-11-14T10:56:31.043+0530] {logging_mixin.py:188} INFO - [2025-11-14T10:56:31.043+0530] {dagbag.py:545} INFO - Filling up the DagBag from /home/logi/txtai/venv/lib/python3.10/site-packages/airflow/example_dags/example_setup_teardown.py
[2025-11-14T10:56:31.058+0530] {processor.py:840} INFO - DAG(s) 'example_setup_teardown' retrieved from /home/logi/txtai/venv/lib/python3.10/site-packages/airflow/example_dags/example_setup_teardown.py
[2025-11-14T10:56:31.104+0530] {logging_mixin.py:188} INFO - [2025-11-14T10:56:31.104+0530] {dag.py:3089} INFO - Sync 1 DAGs
[2025-11-14T10:56:31.138+0530] {logging_mixin.py:188} INFO - [2025-11-14T10:56:31.137+0530] {dag.py:3947} INFO - Setting next_dagrun for example_setup_teardown to 2025-11-13 00:00:00+00:00, run_after=2025-11-14 00:00:00+00:00
[2025-11-14T10:56:31.167+0530] {processor.py:183} INFO - Processing /home/logi/txtai/venv/lib/python3.10/site-packages/airflow/example_dags/example_setup_teardown.py took 0.135 seconds
[2025-11-14T10:57:01.343+0530] {processor.py:161} INFO - Started process (PID=10004) to work on /home/logi/txtai/venv/lib/python3.10/site-packages/airflow/example_dags/example_setup_teardown.py
[2025-11-14T10:57:01.344+0530] {processor.py:830} INFO - Processing file /home/logi/txtai/venv/lib/python3.10/site-packages/airflow/example_dags/example_setup_teardown.py for tasks to queue
[2025-11-14T10:57:01.346+0530] {logging_mixin.py:188} INFO - [2025-11-14T10:57:01.346+0530] {dagbag.py:545} INFO - Filling up the DagBag from /home/logi/txtai/venv/lib/python3.10/site-packages/airflow/example_dags/example_setup_teardown.py
[2025-11-14T10:57:01.361+0530] {processor.py:840} INFO - DAG(s) 'example_setup_teardown' retrieved from /home/logi/txtai/venv/lib/python3.10/site-packages/airflow/example_dags/example_setup_teardown.py
[2025-11-14T10:57:01.401+0530] {logging_mixin.py:188} INFO - [2025-11-14T10:57:01.401+0530] {dag.py:3089} INFO - Sync 1 DAGs
[2025-11-14T10:57:01.424+0530] {logging_mixin.py:188} INFO - [2025-11-14T10:57:01.423+0530] {dag.py:3947} INFO - Setting next_dagrun for example_setup_teardown to 2025-11-13 00:00:00+00:00, run_after=2025-11-14 00:00:00+00:00
[2025-11-14T10:57:01.450+0530] {processor.py:183} INFO - Processing /home/logi/txtai/venv/lib/python3.10/site-packages/airflow/example_dags/example_setup_teardown.py took 0.114 seconds
[2025-11-14T10:57:32.553+0530] {processor.py:161} INFO - Started process (PID=10135) to work on /home/logi/txtai/venv/lib/python3.10/site-packages/airflow/example_dags/example_setup_teardown.py
[2025-11-14T10:57:32.555+0530] {processor.py:830} INFO - Processing file /home/logi/txtai/venv/lib/python3.10/site-packages/airflow/example_dags/example_setup_teardown.py for tasks to queue
[2025-11-14T10:57:32.557+0530] {logging_mixin.py:188} INFO - [2025-11-14T10:57:32.557+0530] {dagbag.py:545} INFO - Filling up the DagBag from /home/logi/txtai/venv/lib/python3.10/site-packages/airflow/example_dags/example_setup_teardown.py
[2025-11-14T10:57:32.570+0530] {processor.py:840} INFO - DAG(s) 'example_setup_teardown' retrieved from /home/logi/txtai/venv/lib/python3.10/site-packages/airflow/example_dags/example_setup_teardown.py
[2025-11-14T10:57:32.625+0530] {logging_mixin.py:188} INFO - [2025-11-14T10:57:32.625+0530] {dag.py:3089} INFO - Sync 1 DAGs
[2025-11-14T10:57:32.664+0530] {logging_mixin.py:188} INFO - [2025-11-14T10:57:32.664+0530] {dag.py:3947} INFO - Setting next_dagrun for example_setup_teardown to 2025-11-13 00:00:00+00:00, run_after=2025-11-14 00:00:00+00:00
[2025-11-14T10:57:32.699+0530] {processor.py:183} INFO - Processing /home/logi/txtai/venv/lib/python3.10/site-packages/airflow/example_dags/example_setup_teardown.py took 0.157 seconds
[2025-11-14T10:58:02.881+0530] {processor.py:161} INFO - Started process (PID=10264) to work on /home/logi/txtai/venv/lib/python3.10/site-packages/airflow/example_dags/example_setup_teardown.py
[2025-11-14T10:58:02.882+0530] {processor.py:830} INFO - Processing file /home/logi/txtai/venv/lib/python3.10/site-packages/airflow/example_dags/example_setup_teardown.py for tasks to queue
[2025-11-14T10:58:02.885+0530] {logging_mixin.py:188} INFO - [2025-11-14T10:58:02.884+0530] {dagbag.py:545} INFO - Filling up the DagBag from /home/logi/txtai/venv/lib/python3.10/site-packages/airflow/example_dags/example_setup_teardown.py
[2025-11-14T10:58:02.894+0530] {processor.py:840} INFO - DAG(s) 'example_setup_teardown' retrieved from /home/logi/txtai/venv/lib/python3.10/site-packages/airflow/example_dags/example_setup_teardown.py
[2025-11-14T10:58:02.950+0530] {logging_mixin.py:188} INFO - [2025-11-14T10:58:02.950+0530] {dag.py:3089} INFO - Sync 1 DAGs
[2025-11-14T10:58:02.990+0530] {logging_mixin.py:188} INFO - [2025-11-14T10:58:02.990+0530] {dag.py:3947} INFO - Setting next_dagrun for example_setup_teardown to 2025-11-13 00:00:00+00:00, run_after=2025-11-14 00:00:00+00:00
[2025-11-14T10:58:03.023+0530] {processor.py:183} INFO - Processing /home/logi/txtai/venv/lib/python3.10/site-packages/airflow/example_dags/example_setup_teardown.py took 0.154 seconds
[2025-11-14T10:58:33.604+0530] {processor.py:161} INFO - Started process (PID=10394) to work on /home/logi/txtai/venv/lib/python3.10/site-packages/airflow/example_dags/example_setup_teardown.py
[2025-11-14T10:58:33.606+0530] {processor.py:830} INFO - Processing file /home/logi/txtai/venv/lib/python3.10/site-packages/airflow/example_dags/example_setup_teardown.py for tasks to queue
[2025-11-14T10:58:33.608+0530] {logging_mixin.py:188} INFO - [2025-11-14T10:58:33.608+0530] {dagbag.py:545} INFO - Filling up the DagBag from /home/logi/txtai/venv/lib/python3.10/site-packages/airflow/example_dags/example_setup_teardown.py
[2025-11-14T10:58:33.620+0530] {processor.py:840} INFO - DAG(s) 'example_setup_teardown' retrieved from /home/logi/txtai/venv/lib/python3.10/site-packages/airflow/example_dags/example_setup_teardown.py
[2025-11-14T10:58:33.660+0530] {logging_mixin.py:188} INFO - [2025-11-14T10:58:33.659+0530] {dag.py:3089} INFO - Sync 1 DAGs
[2025-11-14T10:58:33.685+0530] {logging_mixin.py:188} INFO - [2025-11-14T10:58:33.685+0530] {dag.py:3947} INFO - Setting next_dagrun for example_setup_teardown to 2025-11-13 00:00:00+00:00, run_after=2025-11-14 00:00:00+00:00
[2025-11-14T10:58:33.713+0530] {processor.py:183} INFO - Processing /home/logi/txtai/venv/lib/python3.10/site-packages/airflow/example_dags/example_setup_teardown.py took 0.120 seconds
[2025-11-14T10:59:04.226+0530] {processor.py:161} INFO - Started process (PID=10554) to work on /home/logi/txtai/venv/lib/python3.10/site-packages/airflow/example_dags/example_setup_teardown.py
[2025-11-14T10:59:04.228+0530] {processor.py:830} INFO - Processing file /home/logi/txtai/venv/lib/python3.10/site-packages/airflow/example_dags/example_setup_teardown.py for tasks to queue
[2025-11-14T10:59:04.230+0530] {logging_mixin.py:188} INFO - [2025-11-14T10:59:04.230+0530] {dagbag.py:545} INFO - Filling up the DagBag from /home/logi/txtai/venv/lib/python3.10/site-packages/airflow/example_dags/example_setup_teardown.py
[2025-11-14T10:59:04.240+0530] {processor.py:840} INFO - DAG(s) 'example_setup_teardown' retrieved from /home/logi/txtai/venv/lib/python3.10/site-packages/airflow/example_dags/example_setup_teardown.py
[2025-11-14T10:59:04.297+0530] {logging_mixin.py:188} INFO - [2025-11-14T10:59:04.297+0530] {dag.py:3089} INFO - Sync 1 DAGs
[2025-11-14T10:59:04.325+0530] {logging_mixin.py:188} INFO - [2025-11-14T10:59:04.325+0530] {dag.py:3947} INFO - Setting next_dagrun for example_setup_teardown to 2025-11-13 00:00:00+00:00, run_after=2025-11-14 00:00:00+00:00
[2025-11-14T10:59:04.373+0530] {processor.py:183} INFO - Processing /home/logi/txtai/venv/lib/python3.10/site-packages/airflow/example_dags/example_setup_teardown.py took 0.163 seconds
[2025-11-14T10:59:35.164+0530] {processor.py:161} INFO - Started process (PID=10684) to work on /home/logi/txtai/venv/lib/python3.10/site-packages/airflow/example_dags/example_setup_teardown.py
[2025-11-14T10:59:35.165+0530] {processor.py:830} INFO - Processing file /home/logi/txtai/venv/lib/python3.10/site-packages/airflow/example_dags/example_setup_teardown.py for tasks to queue
[2025-11-14T10:59:35.167+0530] {logging_mixin.py:188} INFO - [2025-11-14T10:59:35.166+0530] {dagbag.py:545} INFO - Filling up the DagBag from /home/logi/txtai/venv/lib/python3.10/site-packages/airflow/example_dags/example_setup_teardown.py
[2025-11-14T10:59:35.178+0530] {processor.py:840} INFO - DAG(s) 'example_setup_teardown' retrieved from /home/logi/txtai/venv/lib/python3.10/site-packages/airflow/example_dags/example_setup_teardown.py
[2025-11-14T10:59:35.216+0530] {logging_mixin.py:188} INFO - [2025-11-14T10:59:35.216+0530] {dag.py:3089} INFO - Sync 1 DAGs
[2025-11-14T10:59:35.235+0530] {logging_mixin.py:188} INFO - [2025-11-14T10:59:35.235+0530] {dag.py:3947} INFO - Setting next_dagrun for example_setup_teardown to 2025-11-13 00:00:00+00:00, run_after=2025-11-14 00:00:00+00:00
[2025-11-14T10:59:35.262+0530] {processor.py:183} INFO - Processing /home/logi/txtai/venv/lib/python3.10/site-packages/airflow/example_dags/example_setup_teardown.py took 0.104 seconds
[2025-11-14T11:00:05.479+0530] {processor.py:161} INFO - Started process (PID=10811) to work on /home/logi/txtai/venv/lib/python3.10/site-packages/airflow/example_dags/example_setup_teardown.py
[2025-11-14T11:00:05.481+0530] {processor.py:830} INFO - Processing file /home/logi/txtai/venv/lib/python3.10/site-packages/airflow/example_dags/example_setup_teardown.py for tasks to queue
[2025-11-14T11:00:05.483+0530] {logging_mixin.py:188} INFO - [2025-11-14T11:00:05.483+0530] {dagbag.py:545} INFO - Filling up the DagBag from /home/logi/txtai/venv/lib/python3.10/site-packages/airflow/example_dags/example_setup_teardown.py
[2025-11-14T11:00:05.494+0530] {processor.py:840} INFO - DAG(s) 'example_setup_teardown' retrieved from /home/logi/txtai/venv/lib/python3.10/site-packages/airflow/example_dags/example_setup_teardown.py
[2025-11-14T11:00:05.531+0530] {logging_mixin.py:188} INFO - [2025-11-14T11:00:05.531+0530] {dag.py:3089} INFO - Sync 1 DAGs
[2025-11-14T11:00:05.556+0530] {logging_mixin.py:188} INFO - [2025-11-14T11:00:05.556+0530] {dag.py:3947} INFO - Setting next_dagrun for example_setup_teardown to 2025-11-13 00:00:00+00:00, run_after=2025-11-14 00:00:00+00:00
[2025-11-14T11:00:05.582+0530] {processor.py:183} INFO - Processing /home/logi/txtai/venv/lib/python3.10/site-packages/airflow/example_dags/example_setup_teardown.py took 0.116 seconds
[2025-11-14T11:00:35.713+0530] {processor.py:161} INFO - Started process (PID=10930) to work on /home/logi/txtai/venv/lib/python3.10/site-packages/airflow/example_dags/example_setup_teardown.py
[2025-11-14T11:00:35.714+0530] {processor.py:830} INFO - Processing file /home/logi/txtai/venv/lib/python3.10/site-packages/airflow/example_dags/example_setup_teardown.py for tasks to queue
[2025-11-14T11:00:35.715+0530] {logging_mixin.py:188} INFO - [2025-11-14T11:00:35.715+0530] {dagbag.py:545} INFO - Filling up the DagBag from /home/logi/txtai/venv/lib/python3.10/site-packages/airflow/example_dags/example_setup_teardown.py
[2025-11-14T11:00:35.727+0530] {processor.py:840} INFO - DAG(s) 'example_setup_teardown' retrieved from /home/logi/txtai/venv/lib/python3.10/site-packages/airflow/example_dags/example_setup_teardown.py
[2025-11-14T11:00:35.760+0530] {logging_mixin.py:188} INFO - [2025-11-14T11:00:35.760+0530] {dag.py:3089} INFO - Sync 1 DAGs
[2025-11-14T11:00:35.784+0530] {logging_mixin.py:188} INFO - [2025-11-14T11:00:35.784+0530] {dag.py:3947} INFO - Setting next_dagrun for example_setup_teardown to 2025-11-13 00:00:00+00:00, run_after=2025-11-14 00:00:00+00:00
[2025-11-14T11:00:35.809+0530] {processor.py:183} INFO - Processing /home/logi/txtai/venv/lib/python3.10/site-packages/airflow/example_dags/example_setup_teardown.py took 0.103 seconds
[2025-11-14T11:01:05.933+0530] {processor.py:161} INFO - Started process (PID=11058) to work on /home/logi/txtai/venv/lib/python3.10/site-packages/airflow/example_dags/example_setup_teardown.py
[2025-11-14T11:01:05.935+0530] {processor.py:830} INFO - Processing file /home/logi/txtai/venv/lib/python3.10/site-packages/airflow/example_dags/example_setup_teardown.py for tasks to queue
[2025-11-14T11:01:05.939+0530] {logging_mixin.py:188} INFO - [2025-11-14T11:01:05.938+0530] {dagbag.py:545} INFO - Filling up the DagBag from /home/logi/txtai/venv/lib/python3.10/site-packages/airflow/example_dags/example_setup_teardown.py
[2025-11-14T11:01:05.951+0530] {processor.py:840} INFO - DAG(s) 'example_setup_teardown' retrieved from /home/logi/txtai/venv/lib/python3.10/site-packages/airflow/example_dags/example_setup_teardown.py
[2025-11-14T11:01:06.010+0530] {logging_mixin.py:188} INFO - [2025-11-14T11:01:06.008+0530] {dag.py:3089} INFO - Sync 1 DAGs
[2025-11-14T11:01:06.060+0530] {logging_mixin.py:188} INFO - [2025-11-14T11:01:06.060+0530] {dag.py:3947} INFO - Setting next_dagrun for example_setup_teardown to 2025-11-13 00:00:00+00:00, run_after=2025-11-14 00:00:00+00:00
[2025-11-14T11:01:06.103+0530] {processor.py:183} INFO - Processing /home/logi/txtai/venv/lib/python3.10/site-packages/airflow/example_dags/example_setup_teardown.py took 0.181 seconds
[2025-11-14T11:01:37.184+0530] {processor.py:161} INFO - Started process (PID=11201) to work on /home/logi/txtai/venv/lib/python3.10/site-packages/airflow/example_dags/example_setup_teardown.py
[2025-11-14T11:01:37.185+0530] {processor.py:830} INFO - Processing file /home/logi/txtai/venv/lib/python3.10/site-packages/airflow/example_dags/example_setup_teardown.py for tasks to queue
[2025-11-14T11:01:37.186+0530] {logging_mixin.py:188} INFO - [2025-11-14T11:01:37.186+0530] {dagbag.py:545} INFO - Filling up the DagBag from /home/logi/txtai/venv/lib/python3.10/site-packages/airflow/example_dags/example_setup_teardown.py
[2025-11-14T11:01:37.192+0530] {processor.py:840} INFO - DAG(s) 'example_setup_teardown' retrieved from /home/logi/txtai/venv/lib/python3.10/site-packages/airflow/example_dags/example_setup_teardown.py
[2025-11-14T11:01:37.221+0530] {logging_mixin.py:188} INFO - [2025-11-14T11:01:37.220+0530] {dag.py:3089} INFO - Sync 1 DAGs
[2025-11-14T11:01:37.240+0530] {logging_mixin.py:188} INFO - [2025-11-14T11:01:37.240+0530] {dag.py:3947} INFO - Setting next_dagrun for example_setup_teardown to 2025-11-13 00:00:00+00:00, run_after=2025-11-14 00:00:00+00:00
[2025-11-14T11:01:37.260+0530] {processor.py:183} INFO - Processing /home/logi/txtai/venv/lib/python3.10/site-packages/airflow/example_dags/example_setup_teardown.py took 0.083 seconds
[2025-11-14T11:02:07.436+0530] {processor.py:161} INFO - Started process (PID=11316) to work on /home/logi/txtai/venv/lib/python3.10/site-packages/airflow/example_dags/example_setup_teardown.py
[2025-11-14T11:02:07.441+0530] {processor.py:830} INFO - Processing file /home/logi/txtai/venv/lib/python3.10/site-packages/airflow/example_dags/example_setup_teardown.py for tasks to queue
[2025-11-14T11:02:07.443+0530] {logging_mixin.py:188} INFO - [2025-11-14T11:02:07.442+0530] {dagbag.py:545} INFO - Filling up the DagBag from /home/logi/txtai/venv/lib/python3.10/site-packages/airflow/example_dags/example_setup_teardown.py
[2025-11-14T11:02:07.449+0530] {processor.py:840} INFO - DAG(s) 'example_setup_teardown' retrieved from /home/logi/txtai/venv/lib/python3.10/site-packages/airflow/example_dags/example_setup_teardown.py
[2025-11-14T11:02:07.481+0530] {logging_mixin.py:188} INFO - [2025-11-14T11:02:07.481+0530] {dag.py:3089} INFO - Sync 1 DAGs
[2025-11-14T11:02:07.500+0530] {logging_mixin.py:188} INFO - [2025-11-14T11:02:07.500+0530] {dag.py:3947} INFO - Setting next_dagrun for example_setup_teardown to 2025-11-13 00:00:00+00:00, run_after=2025-11-14 00:00:00+00:00
[2025-11-14T11:02:07.519+0530] {processor.py:183} INFO - Processing /home/logi/txtai/venv/lib/python3.10/site-packages/airflow/example_dags/example_setup_teardown.py took 0.090 seconds
[2025-11-14T11:02:38.467+0530] {processor.py:161} INFO - Started process (PID=11551) to work on /home/logi/txtai/venv/lib/python3.10/site-packages/airflow/example_dags/example_setup_teardown.py
[2025-11-14T11:02:38.469+0530] {processor.py:830} INFO - Processing file /home/logi/txtai/venv/lib/python3.10/site-packages/airflow/example_dags/example_setup_teardown.py for tasks to queue
[2025-11-14T11:02:38.471+0530] {logging_mixin.py:188} INFO - [2025-11-14T11:02:38.470+0530] {dagbag.py:545} INFO - Filling up the DagBag from /home/logi/txtai/venv/lib/python3.10/site-packages/airflow/example_dags/example_setup_teardown.py
[2025-11-14T11:02:38.479+0530] {processor.py:840} INFO - DAG(s) 'example_setup_teardown' retrieved from /home/logi/txtai/venv/lib/python3.10/site-packages/airflow/example_dags/example_setup_teardown.py
[2025-11-14T11:02:38.513+0530] {logging_mixin.py:188} INFO - [2025-11-14T11:02:38.513+0530] {dag.py:3089} INFO - Sync 1 DAGs
[2025-11-14T11:02:38.536+0530] {logging_mixin.py:188} INFO - [2025-11-14T11:02:38.536+0530] {dag.py:3947} INFO - Setting next_dagrun for example_setup_teardown to 2025-11-13 00:00:00+00:00, run_after=2025-11-14 00:00:00+00:00
[2025-11-14T11:02:38.560+0530] {processor.py:183} INFO - Processing /home/logi/txtai/venv/lib/python3.10/site-packages/airflow/example_dags/example_setup_teardown.py took 0.101 seconds
[2025-11-14T11:03:09.396+0530] {processor.py:161} INFO - Started process (PID=11850) to work on /home/logi/txtai/venv/lib/python3.10/site-packages/airflow/example_dags/example_setup_teardown.py
[2025-11-14T11:03:09.397+0530] {processor.py:830} INFO - Processing file /home/logi/txtai/venv/lib/python3.10/site-packages/airflow/example_dags/example_setup_teardown.py for tasks to queue
[2025-11-14T11:03:09.399+0530] {logging_mixin.py:188} INFO - [2025-11-14T11:03:09.399+0530] {dagbag.py:545} INFO - Filling up the DagBag from /home/logi/txtai/venv/lib/python3.10/site-packages/airflow/example_dags/example_setup_teardown.py
[2025-11-14T11:03:09.406+0530] {processor.py:840} INFO - DAG(s) 'example_setup_teardown' retrieved from /home/logi/txtai/venv/lib/python3.10/site-packages/airflow/example_dags/example_setup_teardown.py
[2025-11-14T11:03:09.440+0530] {logging_mixin.py:188} INFO - [2025-11-14T11:03:09.440+0530] {dag.py:3089} INFO - Sync 1 DAGs
[2025-11-14T11:03:09.464+0530] {logging_mixin.py:188} INFO - [2025-11-14T11:03:09.464+0530] {dag.py:3947} INFO - Setting next_dagrun for example_setup_teardown to 2025-11-13 00:00:00+00:00, run_after=2025-11-14 00:00:00+00:00
[2025-11-14T11:03:09.494+0530] {processor.py:183} INFO - Processing /home/logi/txtai/venv/lib/python3.10/site-packages/airflow/example_dags/example_setup_teardown.py took 0.105 seconds
[2025-11-14T11:03:39.695+0530] {processor.py:161} INFO - Started process (PID=12628) to work on /home/logi/txtai/venv/lib/python3.10/site-packages/airflow/example_dags/example_setup_teardown.py
[2025-11-14T11:03:39.697+0530] {processor.py:830} INFO - Processing file /home/logi/txtai/venv/lib/python3.10/site-packages/airflow/example_dags/example_setup_teardown.py for tasks to queue
[2025-11-14T11:03:39.700+0530] {logging_mixin.py:188} INFO - [2025-11-14T11:03:39.700+0530] {dagbag.py:545} INFO - Filling up the DagBag from /home/logi/txtai/venv/lib/python3.10/site-packages/airflow/example_dags/example_setup_teardown.py
[2025-11-14T11:03:39.711+0530] {processor.py:840} INFO - DAG(s) 'example_setup_teardown' retrieved from /home/logi/txtai/venv/lib/python3.10/site-packages/airflow/example_dags/example_setup_teardown.py
[2025-11-14T11:03:39.765+0530] {logging_mixin.py:188} INFO - [2025-11-14T11:03:39.765+0530] {dag.py:3089} INFO - Sync 1 DAGs
[2025-11-14T11:03:39.805+0530] {logging_mixin.py:188} INFO - [2025-11-14T11:03:39.804+0530] {dag.py:3947} INFO - Setting next_dagrun for example_setup_teardown to 2025-11-13 00:00:00+00:00, run_after=2025-11-14 00:00:00+00:00
[2025-11-14T11:03:39.840+0530] {processor.py:183} INFO - Processing /home/logi/txtai/venv/lib/python3.10/site-packages/airflow/example_dags/example_setup_teardown.py took 0.156 seconds
[2025-11-14T11:04:09.912+0530] {processor.py:161} INFO - Started process (PID=12757) to work on /home/logi/txtai/venv/lib/python3.10/site-packages/airflow/example_dags/example_setup_teardown.py
[2025-11-14T11:04:09.917+0530] {processor.py:830} INFO - Processing file /home/logi/txtai/venv/lib/python3.10/site-packages/airflow/example_dags/example_setup_teardown.py for tasks to queue
[2025-11-14T11:04:09.920+0530] {logging_mixin.py:188} INFO - [2025-11-14T11:04:09.920+0530] {dagbag.py:545} INFO - Filling up the DagBag from /home/logi/txtai/venv/lib/python3.10/site-packages/airflow/example_dags/example_setup_teardown.py
[2025-11-14T11:04:09.931+0530] {processor.py:840} INFO - DAG(s) 'example_setup_teardown' retrieved from /home/logi/txtai/venv/lib/python3.10/site-packages/airflow/example_dags/example_setup_teardown.py
[2025-11-14T11:04:09.993+0530] {logging_mixin.py:188} INFO - [2025-11-14T11:04:09.992+0530] {dag.py:3089} INFO - Sync 1 DAGs
[2025-11-14T11:04:10.032+0530] {logging_mixin.py:188} INFO - [2025-11-14T11:04:10.032+0530] {dag.py:3947} INFO - Setting next_dagrun for example_setup_teardown to 2025-11-13 00:00:00+00:00, run_after=2025-11-14 00:00:00+00:00
[2025-11-14T11:04:10.078+0530] {processor.py:183} INFO - Processing /home/logi/txtai/venv/lib/python3.10/site-packages/airflow/example_dags/example_setup_teardown.py took 0.177 seconds
[2025-11-14T11:04:40.180+0530] {processor.py:161} INFO - Started process (PID=12890) to work on /home/logi/txtai/venv/lib/python3.10/site-packages/airflow/example_dags/example_setup_teardown.py
[2025-11-14T11:04:40.181+0530] {processor.py:830} INFO - Processing file /home/logi/txtai/venv/lib/python3.10/site-packages/airflow/example_dags/example_setup_teardown.py for tasks to queue
[2025-11-14T11:04:40.184+0530] {logging_mixin.py:188} INFO - [2025-11-14T11:04:40.184+0530] {dagbag.py:545} INFO - Filling up the DagBag from /home/logi/txtai/venv/lib/python3.10/site-packages/airflow/example_dags/example_setup_teardown.py
[2025-11-14T11:04:40.195+0530] {processor.py:840} INFO - DAG(s) 'example_setup_teardown' retrieved from /home/logi/txtai/venv/lib/python3.10/site-packages/airflow/example_dags/example_setup_teardown.py
[2025-11-14T11:04:40.249+0530] {logging_mixin.py:188} INFO - [2025-11-14T11:04:40.248+0530] {dag.py:3089} INFO - Sync 1 DAGs
[2025-11-14T11:04:40.286+0530] {logging_mixin.py:188} INFO - [2025-11-14T11:04:40.286+0530] {dag.py:3947} INFO - Setting next_dagrun for example_setup_teardown to 2025-11-13 00:00:00+00:00, run_after=2025-11-14 00:00:00+00:00
[2025-11-14T11:04:40.337+0530] {processor.py:183} INFO - Processing /home/logi/txtai/venv/lib/python3.10/site-packages/airflow/example_dags/example_setup_teardown.py took 0.167 seconds
[2025-11-14T11:05:10.544+0530] {processor.py:161} INFO - Started process (PID=13039) to work on /home/logi/txtai/venv/lib/python3.10/site-packages/airflow/example_dags/example_setup_teardown.py
[2025-11-14T11:05:10.549+0530] {processor.py:830} INFO - Processing file /home/logi/txtai/venv/lib/python3.10/site-packages/airflow/example_dags/example_setup_teardown.py for tasks to queue
[2025-11-14T11:05:10.552+0530] {logging_mixin.py:188} INFO - [2025-11-14T11:05:10.551+0530] {dagbag.py:545} INFO - Filling up the DagBag from /home/logi/txtai/venv/lib/python3.10/site-packages/airflow/example_dags/example_setup_teardown.py
[2025-11-14T11:05:10.565+0530] {processor.py:840} INFO - DAG(s) 'example_setup_teardown' retrieved from /home/logi/txtai/venv/lib/python3.10/site-packages/airflow/example_dags/example_setup_teardown.py
[2025-11-14T11:05:10.649+0530] {logging_mixin.py:188} INFO - [2025-11-14T11:05:10.648+0530] {dag.py:3089} INFO - Sync 1 DAGs
[2025-11-14T11:05:10.710+0530] {logging_mixin.py:188} INFO - [2025-11-14T11:05:10.709+0530] {dag.py:3947} INFO - Setting next_dagrun for example_setup_teardown to 2025-11-13 00:00:00+00:00, run_after=2025-11-14 00:00:00+00:00
[2025-11-14T11:05:10.763+0530] {processor.py:183} INFO - Processing /home/logi/txtai/venv/lib/python3.10/site-packages/airflow/example_dags/example_setup_teardown.py took 0.231 seconds
[2025-11-14T11:05:41.221+0530] {processor.py:161} INFO - Started process (PID=13168) to work on /home/logi/txtai/venv/lib/python3.10/site-packages/airflow/example_dags/example_setup_teardown.py
[2025-11-14T11:05:41.224+0530] {processor.py:830} INFO - Processing file /home/logi/txtai/venv/lib/python3.10/site-packages/airflow/example_dags/example_setup_teardown.py for tasks to queue
[2025-11-14T11:05:41.227+0530] {logging_mixin.py:188} INFO - [2025-11-14T11:05:41.226+0530] {dagbag.py:545} INFO - Filling up the DagBag from /home/logi/txtai/venv/lib/python3.10/site-packages/airflow/example_dags/example_setup_teardown.py
[2025-11-14T11:05:41.239+0530] {processor.py:840} INFO - DAG(s) 'example_setup_teardown' retrieved from /home/logi/txtai/venv/lib/python3.10/site-packages/airflow/example_dags/example_setup_teardown.py
[2025-11-14T11:05:41.276+0530] {logging_mixin.py:188} INFO - [2025-11-14T11:05:41.276+0530] {dag.py:3089} INFO - Sync 1 DAGs
[2025-11-14T11:05:41.301+0530] {logging_mixin.py:188} INFO - [2025-11-14T11:05:41.301+0530] {dag.py:3947} INFO - Setting next_dagrun for example_setup_teardown to 2025-11-13 00:00:00+00:00, run_after=2025-11-14 00:00:00+00:00
[2025-11-14T11:05:41.328+0530] {processor.py:183} INFO - Processing /home/logi/txtai/venv/lib/python3.10/site-packages/airflow/example_dags/example_setup_teardown.py took 0.117 seconds
[2025-11-14T11:06:11.804+0530] {processor.py:161} INFO - Started process (PID=13297) to work on /home/logi/txtai/venv/lib/python3.10/site-packages/airflow/example_dags/example_setup_teardown.py
[2025-11-14T11:06:11.806+0530] {processor.py:830} INFO - Processing file /home/logi/txtai/venv/lib/python3.10/site-packages/airflow/example_dags/example_setup_teardown.py for tasks to queue
[2025-11-14T11:06:11.808+0530] {logging_mixin.py:188} INFO - [2025-11-14T11:06:11.807+0530] {dagbag.py:545} INFO - Filling up the DagBag from /home/logi/txtai/venv/lib/python3.10/site-packages/airflow/example_dags/example_setup_teardown.py
[2025-11-14T11:06:11.816+0530] {processor.py:840} INFO - DAG(s) 'example_setup_teardown' retrieved from /home/logi/txtai/venv/lib/python3.10/site-packages/airflow/example_dags/example_setup_teardown.py
[2025-11-14T11:06:11.870+0530] {logging_mixin.py:188} INFO - [2025-11-14T11:06:11.869+0530] {dag.py:3089} INFO - Sync 1 DAGs
[2025-11-14T11:06:11.914+0530] {logging_mixin.py:188} INFO - [2025-11-14T11:06:11.913+0530] {dag.py:3947} INFO - Setting next_dagrun for example_setup_teardown to 2025-11-13 00:00:00+00:00, run_after=2025-11-14 00:00:00+00:00
[2025-11-14T11:06:11.965+0530] {processor.py:183} INFO - Processing /home/logi/txtai/venv/lib/python3.10/site-packages/airflow/example_dags/example_setup_teardown.py took 0.168 seconds
[2025-11-14T11:06:42.118+0530] {processor.py:161} INFO - Started process (PID=13428) to work on /home/logi/txtai/venv/lib/python3.10/site-packages/airflow/example_dags/example_setup_teardown.py
[2025-11-14T11:06:42.122+0530] {processor.py:830} INFO - Processing file /home/logi/txtai/venv/lib/python3.10/site-packages/airflow/example_dags/example_setup_teardown.py for tasks to queue
[2025-11-14T11:06:42.126+0530] {logging_mixin.py:188} INFO - [2025-11-14T11:06:42.125+0530] {dagbag.py:545} INFO - Filling up the DagBag from /home/logi/txtai/venv/lib/python3.10/site-packages/airflow/example_dags/example_setup_teardown.py
[2025-11-14T11:06:42.137+0530] {processor.py:840} INFO - DAG(s) 'example_setup_teardown' retrieved from /home/logi/txtai/venv/lib/python3.10/site-packages/airflow/example_dags/example_setup_teardown.py
[2025-11-14T11:06:42.176+0530] {logging_mixin.py:188} INFO - [2025-11-14T11:06:42.176+0530] {dag.py:3089} INFO - Sync 1 DAGs
[2025-11-14T11:06:42.201+0530] {logging_mixin.py:188} INFO - [2025-11-14T11:06:42.200+0530] {dag.py:3947} INFO - Setting next_dagrun for example_setup_teardown to 2025-11-13 00:00:00+00:00, run_after=2025-11-14 00:00:00+00:00
[2025-11-14T11:06:42.228+0530] {processor.py:183} INFO - Processing /home/logi/txtai/venv/lib/python3.10/site-packages/airflow/example_dags/example_setup_teardown.py took 0.122 seconds
[2025-11-14T11:07:12.913+0530] {processor.py:161} INFO - Started process (PID=13612) to work on /home/logi/txtai/venv/lib/python3.10/site-packages/airflow/example_dags/example_setup_teardown.py
[2025-11-14T11:07:12.915+0530] {processor.py:830} INFO - Processing file /home/logi/txtai/venv/lib/python3.10/site-packages/airflow/example_dags/example_setup_teardown.py for tasks to queue
[2025-11-14T11:07:12.918+0530] {logging_mixin.py:188} INFO - [2025-11-14T11:07:12.917+0530] {dagbag.py:545} INFO - Filling up the DagBag from /home/logi/txtai/venv/lib/python3.10/site-packages/airflow/example_dags/example_setup_teardown.py
[2025-11-14T11:07:12.928+0530] {processor.py:840} INFO - DAG(s) 'example_setup_teardown' retrieved from /home/logi/txtai/venv/lib/python3.10/site-packages/airflow/example_dags/example_setup_teardown.py
[2025-11-14T11:07:12.976+0530] {logging_mixin.py:188} INFO - [2025-11-14T11:07:12.976+0530] {dag.py:3089} INFO - Sync 1 DAGs
[2025-11-14T11:07:13.008+0530] {logging_mixin.py:188} INFO - [2025-11-14T11:07:13.008+0530] {dag.py:3947} INFO - Setting next_dagrun for example_setup_teardown to 2025-11-13 00:00:00+00:00, run_after=2025-11-14 00:00:00+00:00
[2025-11-14T11:07:13.044+0530] {processor.py:183} INFO - Processing /home/logi/txtai/venv/lib/python3.10/site-packages/airflow/example_dags/example_setup_teardown.py took 0.142 seconds
[2025-11-14T11:07:43.536+0530] {processor.py:161} INFO - Started process (PID=13837) to work on /home/logi/txtai/venv/lib/python3.10/site-packages/airflow/example_dags/example_setup_teardown.py
[2025-11-14T11:07:43.542+0530] {processor.py:830} INFO - Processing file /home/logi/txtai/venv/lib/python3.10/site-packages/airflow/example_dags/example_setup_teardown.py for tasks to queue
[2025-11-14T11:07:43.545+0530] {logging_mixin.py:188} INFO - [2025-11-14T11:07:43.545+0530] {dagbag.py:545} INFO - Filling up the DagBag from /home/logi/txtai/venv/lib/python3.10/site-packages/airflow/example_dags/example_setup_teardown.py
[2025-11-14T11:07:43.560+0530] {processor.py:840} INFO - DAG(s) 'example_setup_teardown' retrieved from /home/logi/txtai/venv/lib/python3.10/site-packages/airflow/example_dags/example_setup_teardown.py
[2025-11-14T11:07:43.614+0530] {logging_mixin.py:188} INFO - [2025-11-14T11:07:43.614+0530] {dag.py:3089} INFO - Sync 1 DAGs
[2025-11-14T11:07:43.646+0530] {logging_mixin.py:188} INFO - [2025-11-14T11:07:43.645+0530] {dag.py:3947} INFO - Setting next_dagrun for example_setup_teardown to 2025-11-13 00:00:00+00:00, run_after=2025-11-14 00:00:00+00:00
[2025-11-14T11:07:43.697+0530] {processor.py:183} INFO - Processing /home/logi/txtai/venv/lib/python3.10/site-packages/airflow/example_dags/example_setup_teardown.py took 0.173 seconds
[2025-11-14T11:08:13.930+0530] {processor.py:161} INFO - Started process (PID=14344) to work on /home/logi/txtai/venv/lib/python3.10/site-packages/airflow/example_dags/example_setup_teardown.py
[2025-11-14T11:08:13.931+0530] {processor.py:830} INFO - Processing file /home/logi/txtai/venv/lib/python3.10/site-packages/airflow/example_dags/example_setup_teardown.py for tasks to queue
[2025-11-14T11:08:13.933+0530] {logging_mixin.py:188} INFO - [2025-11-14T11:08:13.933+0530] {dagbag.py:545} INFO - Filling up the DagBag from /home/logi/txtai/venv/lib/python3.10/site-packages/airflow/example_dags/example_setup_teardown.py
[2025-11-14T11:08:13.942+0530] {processor.py:840} INFO - DAG(s) 'example_setup_teardown' retrieved from /home/logi/txtai/venv/lib/python3.10/site-packages/airflow/example_dags/example_setup_teardown.py
[2025-11-14T11:08:13.987+0530] {logging_mixin.py:188} INFO - [2025-11-14T11:08:13.986+0530] {dag.py:3089} INFO - Sync 1 DAGs
[2025-11-14T11:08:14.023+0530] {logging_mixin.py:188} INFO - [2025-11-14T11:08:14.023+0530] {dag.py:3947} INFO - Setting next_dagrun for example_setup_teardown to 2025-11-13 00:00:00+00:00, run_after=2025-11-14 00:00:00+00:00
[2025-11-14T11:08:14.059+0530] {processor.py:183} INFO - Processing /home/logi/txtai/venv/lib/python3.10/site-packages/airflow/example_dags/example_setup_teardown.py took 0.138 seconds
[2025-11-14T11:08:44.946+0530] {processor.py:161} INFO - Started process (PID=14609) to work on /home/logi/txtai/venv/lib/python3.10/site-packages/airflow/example_dags/example_setup_teardown.py
[2025-11-14T11:08:44.948+0530] {processor.py:830} INFO - Processing file /home/logi/txtai/venv/lib/python3.10/site-packages/airflow/example_dags/example_setup_teardown.py for tasks to queue
[2025-11-14T11:08:44.951+0530] {logging_mixin.py:188} INFO - [2025-11-14T11:08:44.951+0530] {dagbag.py:545} INFO - Filling up the DagBag from /home/logi/txtai/venv/lib/python3.10/site-packages/airflow/example_dags/example_setup_teardown.py
[2025-11-14T11:08:44.963+0530] {processor.py:840} INFO - DAG(s) 'example_setup_teardown' retrieved from /home/logi/txtai/venv/lib/python3.10/site-packages/airflow/example_dags/example_setup_teardown.py
[2025-11-14T11:08:45.026+0530] {logging_mixin.py:188} INFO - [2025-11-14T11:08:45.026+0530] {dag.py:3089} INFO - Sync 1 DAGs
[2025-11-14T11:08:45.067+0530] {logging_mixin.py:188} INFO - [2025-11-14T11:08:45.066+0530] {dag.py:3947} INFO - Setting next_dagrun for example_setup_teardown to 2025-11-13 00:00:00+00:00, run_after=2025-11-14 00:00:00+00:00
[2025-11-14T11:08:45.110+0530] {processor.py:183} INFO - Processing /home/logi/txtai/venv/lib/python3.10/site-packages/airflow/example_dags/example_setup_teardown.py took 0.177 seconds
[2025-11-14T11:09:15.769+0530] {processor.py:161} INFO - Started process (PID=14746) to work on /home/logi/txtai/venv/lib/python3.10/site-packages/airflow/example_dags/example_setup_teardown.py
[2025-11-14T11:09:15.771+0530] {processor.py:830} INFO - Processing file /home/logi/txtai/venv/lib/python3.10/site-packages/airflow/example_dags/example_setup_teardown.py for tasks to queue
[2025-11-14T11:09:15.774+0530] {logging_mixin.py:188} INFO - [2025-11-14T11:09:15.773+0530] {dagbag.py:545} INFO - Filling up the DagBag from /home/logi/txtai/venv/lib/python3.10/site-packages/airflow/example_dags/example_setup_teardown.py
[2025-11-14T11:09:15.786+0530] {processor.py:840} INFO - DAG(s) 'example_setup_teardown' retrieved from /home/logi/txtai/venv/lib/python3.10/site-packages/airflow/example_dags/example_setup_teardown.py
[2025-11-14T11:09:15.837+0530] {logging_mixin.py:188} INFO - [2025-11-14T11:09:15.837+0530] {dag.py:3089} INFO - Sync 1 DAGs
[2025-11-14T11:09:15.877+0530] {logging_mixin.py:188} INFO - [2025-11-14T11:09:15.877+0530] {dag.py:3947} INFO - Setting next_dagrun for example_setup_teardown to 2025-11-13 00:00:00+00:00, run_after=2025-11-14 00:00:00+00:00
[2025-11-14T11:09:15.929+0530] {processor.py:183} INFO - Processing /home/logi/txtai/venv/lib/python3.10/site-packages/airflow/example_dags/example_setup_teardown.py took 0.173 seconds
[2025-11-14T11:09:46.187+0530] {processor.py:161} INFO - Started process (PID=14874) to work on /home/logi/txtai/venv/lib/python3.10/site-packages/airflow/example_dags/example_setup_teardown.py
[2025-11-14T11:09:46.191+0530] {processor.py:830} INFO - Processing file /home/logi/txtai/venv/lib/python3.10/site-packages/airflow/example_dags/example_setup_teardown.py for tasks to queue
[2025-11-14T11:09:46.195+0530] {logging_mixin.py:188} INFO - [2025-11-14T11:09:46.194+0530] {dagbag.py:545} INFO - Filling up the DagBag from /home/logi/txtai/venv/lib/python3.10/site-packages/airflow/example_dags/example_setup_teardown.py
[2025-11-14T11:09:46.207+0530] {processor.py:840} INFO - DAG(s) 'example_setup_teardown' retrieved from /home/logi/txtai/venv/lib/python3.10/site-packages/airflow/example_dags/example_setup_teardown.py
[2025-11-14T11:09:46.273+0530] {logging_mixin.py:188} INFO - [2025-11-14T11:09:46.272+0530] {dag.py:3089} INFO - Sync 1 DAGs
[2025-11-14T11:09:46.318+0530] {logging_mixin.py:188} INFO - [2025-11-14T11:09:46.318+0530] {dag.py:3947} INFO - Setting next_dagrun for example_setup_teardown to 2025-11-13 00:00:00+00:00, run_after=2025-11-14 00:00:00+00:00
[2025-11-14T11:09:46.364+0530] {processor.py:183} INFO - Processing /home/logi/txtai/venv/lib/python3.10/site-packages/airflow/example_dags/example_setup_teardown.py took 0.193 seconds
[2025-11-14T11:10:17.339+0530] {processor.py:161} INFO - Started process (PID=15056) to work on /home/logi/txtai/venv/lib/python3.10/site-packages/airflow/example_dags/example_setup_teardown.py
[2025-11-14T11:10:17.341+0530] {processor.py:830} INFO - Processing file /home/logi/txtai/venv/lib/python3.10/site-packages/airflow/example_dags/example_setup_teardown.py for tasks to queue
[2025-11-14T11:10:17.344+0530] {logging_mixin.py:188} INFO - [2025-11-14T11:10:17.343+0530] {dagbag.py:545} INFO - Filling up the DagBag from /home/logi/txtai/venv/lib/python3.10/site-packages/airflow/example_dags/example_setup_teardown.py
[2025-11-14T11:10:17.356+0530] {processor.py:840} INFO - DAG(s) 'example_setup_teardown' retrieved from /home/logi/txtai/venv/lib/python3.10/site-packages/airflow/example_dags/example_setup_teardown.py
[2025-11-14T11:10:17.423+0530] {logging_mixin.py:188} INFO - [2025-11-14T11:10:17.423+0530] {dag.py:3089} INFO - Sync 1 DAGs
[2025-11-14T11:10:17.467+0530] {logging_mixin.py:188} INFO - [2025-11-14T11:10:17.466+0530] {dag.py:3947} INFO - Setting next_dagrun for example_setup_teardown to 2025-11-13 00:00:00+00:00, run_after=2025-11-14 00:00:00+00:00
[2025-11-14T11:10:17.515+0530] {processor.py:183} INFO - Processing /home/logi/txtai/venv/lib/python3.10/site-packages/airflow/example_dags/example_setup_teardown.py took 0.189 seconds
[2025-11-14T11:10:48.133+0530] {processor.py:161} INFO - Started process (PID=15312) to work on /home/logi/txtai/venv/lib/python3.10/site-packages/airflow/example_dags/example_setup_teardown.py
[2025-11-14T11:10:48.135+0530] {processor.py:830} INFO - Processing file /home/logi/txtai/venv/lib/python3.10/site-packages/airflow/example_dags/example_setup_teardown.py for tasks to queue
[2025-11-14T11:10:48.138+0530] {logging_mixin.py:188} INFO - [2025-11-14T11:10:48.137+0530] {dagbag.py:545} INFO - Filling up the DagBag from /home/logi/txtai/venv/lib/python3.10/site-packages/airflow/example_dags/example_setup_teardown.py
[2025-11-14T11:10:48.150+0530] {processor.py:840} INFO - DAG(s) 'example_setup_teardown' retrieved from /home/logi/txtai/venv/lib/python3.10/site-packages/airflow/example_dags/example_setup_teardown.py
[2025-11-14T11:10:48.210+0530] {logging_mixin.py:188} INFO - [2025-11-14T11:10:48.209+0530] {dag.py:3089} INFO - Sync 1 DAGs
[2025-11-14T11:10:48.251+0530] {logging_mixin.py:188} INFO - [2025-11-14T11:10:48.250+0530] {dag.py:3947} INFO - Setting next_dagrun for example_setup_teardown to 2025-11-13 00:00:00+00:00, run_after=2025-11-14 00:00:00+00:00
[2025-11-14T11:10:48.300+0530] {processor.py:183} INFO - Processing /home/logi/txtai/venv/lib/python3.10/site-packages/airflow/example_dags/example_setup_teardown.py took 0.179 seconds
[2025-11-14T11:11:18.408+0530] {processor.py:161} INFO - Started process (PID=15522) to work on /home/logi/txtai/venv/lib/python3.10/site-packages/airflow/example_dags/example_setup_teardown.py
[2025-11-14T11:11:18.410+0530] {processor.py:830} INFO - Processing file /home/logi/txtai/venv/lib/python3.10/site-packages/airflow/example_dags/example_setup_teardown.py for tasks to queue
[2025-11-14T11:11:18.412+0530] {logging_mixin.py:188} INFO - [2025-11-14T11:11:18.412+0530] {dagbag.py:545} INFO - Filling up the DagBag from /home/logi/txtai/venv/lib/python3.10/site-packages/airflow/example_dags/example_setup_teardown.py
[2025-11-14T11:11:18.421+0530] {processor.py:840} INFO - DAG(s) 'example_setup_teardown' retrieved from /home/logi/txtai/venv/lib/python3.10/site-packages/airflow/example_dags/example_setup_teardown.py
[2025-11-14T11:11:18.458+0530] {logging_mixin.py:188} INFO - [2025-11-14T11:11:18.457+0530] {dag.py:3089} INFO - Sync 1 DAGs
[2025-11-14T11:11:18.485+0530] {logging_mixin.py:188} INFO - [2025-11-14T11:11:18.485+0530] {dag.py:3947} INFO - Setting next_dagrun for example_setup_teardown to 2025-11-13 00:00:00+00:00, run_after=2025-11-14 00:00:00+00:00
[2025-11-14T11:11:18.516+0530] {processor.py:183} INFO - Processing /home/logi/txtai/venv/lib/python3.10/site-packages/airflow/example_dags/example_setup_teardown.py took 0.115 seconds
[2025-11-14T11:11:48.934+0530] {processor.py:161} INFO - Started process (PID=15677) to work on /home/logi/txtai/venv/lib/python3.10/site-packages/airflow/example_dags/example_setup_teardown.py
[2025-11-14T11:11:48.936+0530] {processor.py:830} INFO - Processing file /home/logi/txtai/venv/lib/python3.10/site-packages/airflow/example_dags/example_setup_teardown.py for tasks to queue
[2025-11-14T11:11:48.939+0530] {logging_mixin.py:188} INFO - [2025-11-14T11:11:48.938+0530] {dagbag.py:545} INFO - Filling up the DagBag from /home/logi/txtai/venv/lib/python3.10/site-packages/airflow/example_dags/example_setup_teardown.py
[2025-11-14T11:11:48.953+0530] {processor.py:840} INFO - DAG(s) 'example_setup_teardown' retrieved from /home/logi/txtai/venv/lib/python3.10/site-packages/airflow/example_dags/example_setup_teardown.py
[2025-11-14T11:11:49.014+0530] {logging_mixin.py:188} INFO - [2025-11-14T11:11:49.014+0530] {dag.py:3089} INFO - Sync 1 DAGs
[2025-11-14T11:11:49.055+0530] {logging_mixin.py:188} INFO - [2025-11-14T11:11:49.055+0530] {dag.py:3947} INFO - Setting next_dagrun for example_setup_teardown to 2025-11-13 00:00:00+00:00, run_after=2025-11-14 00:00:00+00:00
[2025-11-14T11:11:49.105+0530] {processor.py:183} INFO - Processing /home/logi/txtai/venv/lib/python3.10/site-packages/airflow/example_dags/example_setup_teardown.py took 0.184 seconds
[2025-11-14T11:12:19.392+0530] {processor.py:161} INFO - Started process (PID=15868) to work on /home/logi/txtai/venv/lib/python3.10/site-packages/airflow/example_dags/example_setup_teardown.py
[2025-11-14T11:12:19.393+0530] {processor.py:830} INFO - Processing file /home/logi/txtai/venv/lib/python3.10/site-packages/airflow/example_dags/example_setup_teardown.py for tasks to queue
[2025-11-14T11:12:19.395+0530] {logging_mixin.py:188} INFO - [2025-11-14T11:12:19.395+0530] {dagbag.py:545} INFO - Filling up the DagBag from /home/logi/txtai/venv/lib/python3.10/site-packages/airflow/example_dags/example_setup_teardown.py
[2025-11-14T11:12:19.403+0530] {processor.py:840} INFO - DAG(s) 'example_setup_teardown' retrieved from /home/logi/txtai/venv/lib/python3.10/site-packages/airflow/example_dags/example_setup_teardown.py
[2025-11-14T11:12:19.439+0530] {logging_mixin.py:188} INFO - [2025-11-14T11:12:19.438+0530] {dag.py:3089} INFO - Sync 1 DAGs
[2025-11-14T11:12:19.463+0530] {logging_mixin.py:188} INFO - [2025-11-14T11:12:19.463+0530] {dag.py:3947} INFO - Setting next_dagrun for example_setup_teardown to 2025-11-13 00:00:00+00:00, run_after=2025-11-14 00:00:00+00:00
[2025-11-14T11:12:19.488+0530] {processor.py:183} INFO - Processing /home/logi/txtai/venv/lib/python3.10/site-packages/airflow/example_dags/example_setup_teardown.py took 0.105 seconds
[2025-11-14T11:12:49.838+0530] {processor.py:161} INFO - Started process (PID=16074) to work on /home/logi/txtai/venv/lib/python3.10/site-packages/airflow/example_dags/example_setup_teardown.py
[2025-11-14T11:12:49.841+0530] {processor.py:830} INFO - Processing file /home/logi/txtai/venv/lib/python3.10/site-packages/airflow/example_dags/example_setup_teardown.py for tasks to queue
[2025-11-14T11:12:49.844+0530] {logging_mixin.py:188} INFO - [2025-11-14T11:12:49.843+0530] {dagbag.py:545} INFO - Filling up the DagBag from /home/logi/txtai/venv/lib/python3.10/site-packages/airflow/example_dags/example_setup_teardown.py
[2025-11-14T11:12:49.858+0530] {processor.py:840} INFO - DAG(s) 'example_setup_teardown' retrieved from /home/logi/txtai/venv/lib/python3.10/site-packages/airflow/example_dags/example_setup_teardown.py
[2025-11-14T11:12:49.922+0530] {logging_mixin.py:188} INFO - [2025-11-14T11:12:49.922+0530] {dag.py:3089} INFO - Sync 1 DAGs
[2025-11-14T11:12:49.966+0530] {logging_mixin.py:188} INFO - [2025-11-14T11:12:49.965+0530] {dag.py:3947} INFO - Setting next_dagrun for example_setup_teardown to 2025-11-13 00:00:00+00:00, run_after=2025-11-14 00:00:00+00:00
[2025-11-14T11:12:50.005+0530] {processor.py:183} INFO - Processing /home/logi/txtai/venv/lib/python3.10/site-packages/airflow/example_dags/example_setup_teardown.py took 0.190 seconds
[2025-11-14T11:13:20.449+0530] {processor.py:161} INFO - Started process (PID=16284) to work on /home/logi/txtai/venv/lib/python3.10/site-packages/airflow/example_dags/example_setup_teardown.py
[2025-11-14T11:13:20.451+0530] {processor.py:830} INFO - Processing file /home/logi/txtai/venv/lib/python3.10/site-packages/airflow/example_dags/example_setup_teardown.py for tasks to queue
[2025-11-14T11:13:20.453+0530] {logging_mixin.py:188} INFO - [2025-11-14T11:13:20.453+0530] {dagbag.py:545} INFO - Filling up the DagBag from /home/logi/txtai/venv/lib/python3.10/site-packages/airflow/example_dags/example_setup_teardown.py
[2025-11-14T11:13:20.464+0530] {processor.py:840} INFO - DAG(s) 'example_setup_teardown' retrieved from /home/logi/txtai/venv/lib/python3.10/site-packages/airflow/example_dags/example_setup_teardown.py
[2025-11-14T11:13:20.524+0530] {logging_mixin.py:188} INFO - [2025-11-14T11:13:20.524+0530] {dag.py:3089} INFO - Sync 1 DAGs
[2025-11-14T11:13:20.569+0530] {logging_mixin.py:188} INFO - [2025-11-14T11:13:20.569+0530] {dag.py:3947} INFO - Setting next_dagrun for example_setup_teardown to 2025-11-13 00:00:00+00:00, run_after=2025-11-14 00:00:00+00:00
[2025-11-14T11:13:20.613+0530] {processor.py:183} INFO - Processing /home/logi/txtai/venv/lib/python3.10/site-packages/airflow/example_dags/example_setup_teardown.py took 0.174 seconds
[2025-11-14T11:13:51.032+0530] {processor.py:161} INFO - Started process (PID=16524) to work on /home/logi/txtai/venv/lib/python3.10/site-packages/airflow/example_dags/example_setup_teardown.py
[2025-11-14T11:13:51.034+0530] {processor.py:830} INFO - Processing file /home/logi/txtai/venv/lib/python3.10/site-packages/airflow/example_dags/example_setup_teardown.py for tasks to queue
[2025-11-14T11:13:51.036+0530] {logging_mixin.py:188} INFO - [2025-11-14T11:13:51.036+0530] {dagbag.py:545} INFO - Filling up the DagBag from /home/logi/txtai/venv/lib/python3.10/site-packages/airflow/example_dags/example_setup_teardown.py
[2025-11-14T11:13:51.047+0530] {processor.py:840} INFO - DAG(s) 'example_setup_teardown' retrieved from /home/logi/txtai/venv/lib/python3.10/site-packages/airflow/example_dags/example_setup_teardown.py
[2025-11-14T11:13:51.103+0530] {logging_mixin.py:188} INFO - [2025-11-14T11:13:51.103+0530] {dag.py:3089} INFO - Sync 1 DAGs
[2025-11-14T11:13:51.143+0530] {logging_mixin.py:188} INFO - [2025-11-14T11:13:51.143+0530] {dag.py:3947} INFO - Setting next_dagrun for example_setup_teardown to 2025-11-13 00:00:00+00:00, run_after=2025-11-14 00:00:00+00:00
[2025-11-14T11:13:51.189+0530] {processor.py:183} INFO - Processing /home/logi/txtai/venv/lib/python3.10/site-packages/airflow/example_dags/example_setup_teardown.py took 0.168 seconds
