[2025-11-14T10:48:51.301+0530] {processor.py:161} INFO - Started process (PID=6077) to work on /home/logi/txtai/venv/lib/python3.10/site-packages/airflow/example_dags/example_branch_datetime_operator.py
[2025-11-14T10:48:51.316+0530] {processor.py:830} INFO - Processing file /home/logi/txtai/venv/lib/python3.10/site-packages/airflow/example_dags/example_branch_datetime_operator.py for tasks to queue
[2025-11-14T10:48:51.336+0530] {logging_mixin.py:188} INFO - [2025-11-14T10:48:51.332+0530] {dagbag.py:545} INFO - Filling up the DagBag from /home/logi/txtai/venv/lib/python3.10/site-packages/airflow/example_dags/example_branch_datetime_operator.py
[2025-11-14T10:48:51.426+0530] {processor.py:840} INFO - DAG(s) 'example_branch_datetime_operator', 'example_branch_datetime_operator_3', 'example_branch_datetime_operator_2' retrieved from /home/logi/txtai/venv/lib/python3.10/site-packages/airflow/example_dags/example_branch_datetime_operator.py
[2025-11-14T10:48:51.610+0530] {logging_mixin.py:188} INFO - [2025-11-14T10:48:51.610+0530] {dag.py:3089} INFO - Sync 3 DAGs
[2025-11-14T10:48:51.698+0530] {logging_mixin.py:188} INFO - [2025-11-14T10:48:51.697+0530] {dag.py:3947} INFO - Setting next_dagrun for example_branch_datetime_operator to 2025-11-13 00:00:00+00:00, run_after=2025-11-14 00:00:00+00:00
[2025-11-14T10:48:51.718+0530] {logging_mixin.py:188} INFO - [2025-11-14T10:48:51.717+0530] {dag.py:3947} INFO - Setting next_dagrun for example_branch_datetime_operator_2 to 2025-11-13 00:00:00+00:00, run_after=2025-11-14 00:00:00+00:00
[2025-11-14T10:48:51.728+0530] {logging_mixin.py:188} INFO - [2025-11-14T10:48:51.727+0530] {dag.py:3947} INFO - Setting next_dagrun for example_branch_datetime_operator_3 to 2025-11-13 00:00:00+00:00, run_after=2025-11-14 00:00:00+00:00
[2025-11-14T10:48:51.819+0530] {processor.py:183} INFO - Processing /home/logi/txtai/venv/lib/python3.10/site-packages/airflow/example_dags/example_branch_datetime_operator.py took 0.585 seconds
[2025-11-14T10:49:22.618+0530] {processor.py:161} INFO - Started process (PID=6715) to work on /home/logi/txtai/venv/lib/python3.10/site-packages/airflow/example_dags/example_branch_datetime_operator.py
[2025-11-14T10:49:22.631+0530] {processor.py:830} INFO - Processing file /home/logi/txtai/venv/lib/python3.10/site-packages/airflow/example_dags/example_branch_datetime_operator.py for tasks to queue
[2025-11-14T10:49:22.633+0530] {logging_mixin.py:188} INFO - [2025-11-14T10:49:22.632+0530] {dagbag.py:545} INFO - Filling up the DagBag from /home/logi/txtai/venv/lib/python3.10/site-packages/airflow/example_dags/example_branch_datetime_operator.py
[2025-11-14T10:49:22.657+0530] {processor.py:840} INFO - DAG(s) 'example_branch_datetime_operator_3', 'example_branch_datetime_operator', 'example_branch_datetime_operator_2' retrieved from /home/logi/txtai/venv/lib/python3.10/site-packages/airflow/example_dags/example_branch_datetime_operator.py
[2025-11-14T10:49:22.738+0530] {logging_mixin.py:188} INFO - [2025-11-14T10:49:22.737+0530] {dag.py:3089} INFO - Sync 3 DAGs
[2025-11-14T10:49:22.791+0530] {logging_mixin.py:188} INFO - [2025-11-14T10:49:22.791+0530] {dag.py:3947} INFO - Setting next_dagrun for example_branch_datetime_operator to 2025-11-13 00:00:00+00:00, run_after=2025-11-14 00:00:00+00:00
[2025-11-14T10:49:22.797+0530] {logging_mixin.py:188} INFO - [2025-11-14T10:49:22.797+0530] {dag.py:3947} INFO - Setting next_dagrun for example_branch_datetime_operator_2 to 2025-11-13 00:00:00+00:00, run_after=2025-11-14 00:00:00+00:00
[2025-11-14T10:49:22.805+0530] {logging_mixin.py:188} INFO - [2025-11-14T10:49:22.804+0530] {dag.py:3947} INFO - Setting next_dagrun for example_branch_datetime_operator_3 to 2025-11-13 00:00:00+00:00, run_after=2025-11-14 00:00:00+00:00
[2025-11-14T10:49:22.846+0530] {processor.py:183} INFO - Processing /home/logi/txtai/venv/lib/python3.10/site-packages/airflow/example_dags/example_branch_datetime_operator.py took 0.256 seconds
[2025-11-14T10:49:52.917+0530] {processor.py:161} INFO - Started process (PID=7389) to work on /home/logi/txtai/venv/lib/python3.10/site-packages/airflow/example_dags/example_branch_datetime_operator.py
[2025-11-14T10:49:52.931+0530] {processor.py:830} INFO - Processing file /home/logi/txtai/venv/lib/python3.10/site-packages/airflow/example_dags/example_branch_datetime_operator.py for tasks to queue
[2025-11-14T10:49:52.936+0530] {logging_mixin.py:188} INFO - [2025-11-14T10:49:52.936+0530] {dagbag.py:545} INFO - Filling up the DagBag from /home/logi/txtai/venv/lib/python3.10/site-packages/airflow/example_dags/example_branch_datetime_operator.py
[2025-11-14T10:49:52.956+0530] {processor.py:840} INFO - DAG(s) 'example_branch_datetime_operator_3', 'example_branch_datetime_operator_2', 'example_branch_datetime_operator' retrieved from /home/logi/txtai/venv/lib/python3.10/site-packages/airflow/example_dags/example_branch_datetime_operator.py
[2025-11-14T10:49:53.003+0530] {logging_mixin.py:188} INFO - [2025-11-14T10:49:53.003+0530] {dag.py:3089} INFO - Sync 3 DAGs
[2025-11-14T10:49:53.035+0530] {logging_mixin.py:188} INFO - [2025-11-14T10:49:53.035+0530] {dag.py:3947} INFO - Setting next_dagrun for example_branch_datetime_operator to 2025-11-13 00:00:00+00:00, run_after=2025-11-14 00:00:00+00:00
[2025-11-14T10:49:53.042+0530] {logging_mixin.py:188} INFO - [2025-11-14T10:49:53.041+0530] {dag.py:3947} INFO - Setting next_dagrun for example_branch_datetime_operator_2 to 2025-11-13 00:00:00+00:00, run_after=2025-11-14 00:00:00+00:00
[2025-11-14T10:49:53.047+0530] {logging_mixin.py:188} INFO - [2025-11-14T10:49:53.046+0530] {dag.py:3947} INFO - Setting next_dagrun for example_branch_datetime_operator_3 to 2025-11-13 00:00:00+00:00, run_after=2025-11-14 00:00:00+00:00
[2025-11-14T10:49:53.071+0530] {processor.py:183} INFO - Processing /home/logi/txtai/venv/lib/python3.10/site-packages/airflow/example_dags/example_branch_datetime_operator.py took 0.159 seconds
[2025-11-14T10:50:23.614+0530] {processor.py:161} INFO - Started process (PID=7922) to work on /home/logi/txtai/venv/lib/python3.10/site-packages/airflow/example_dags/example_branch_datetime_operator.py
[2025-11-14T10:50:23.617+0530] {processor.py:830} INFO - Processing file /home/logi/txtai/venv/lib/python3.10/site-packages/airflow/example_dags/example_branch_datetime_operator.py for tasks to queue
[2025-11-14T10:50:23.622+0530] {logging_mixin.py:188} INFO - [2025-11-14T10:50:23.622+0530] {dagbag.py:545} INFO - Filling up the DagBag from /home/logi/txtai/venv/lib/python3.10/site-packages/airflow/example_dags/example_branch_datetime_operator.py
[2025-11-14T10:50:23.634+0530] {processor.py:840} INFO - DAG(s) 'example_branch_datetime_operator_3', 'example_branch_datetime_operator_2', 'example_branch_datetime_operator' retrieved from /home/logi/txtai/venv/lib/python3.10/site-packages/airflow/example_dags/example_branch_datetime_operator.py
[2025-11-14T10:50:23.688+0530] {logging_mixin.py:188} INFO - [2025-11-14T10:50:23.688+0530] {dag.py:3089} INFO - Sync 3 DAGs
[2025-11-14T10:50:23.714+0530] {logging_mixin.py:188} INFO - [2025-11-14T10:50:23.714+0530] {dag.py:3947} INFO - Setting next_dagrun for example_branch_datetime_operator to 2025-11-13 00:00:00+00:00, run_after=2025-11-14 00:00:00+00:00
[2025-11-14T10:50:23.719+0530] {logging_mixin.py:188} INFO - [2025-11-14T10:50:23.718+0530] {dag.py:3947} INFO - Setting next_dagrun for example_branch_datetime_operator_2 to 2025-11-13 00:00:00+00:00, run_after=2025-11-14 00:00:00+00:00
[2025-11-14T10:50:23.721+0530] {logging_mixin.py:188} INFO - [2025-11-14T10:50:23.721+0530] {dag.py:3947} INFO - Setting next_dagrun for example_branch_datetime_operator_3 to 2025-11-13 00:00:00+00:00, run_after=2025-11-14 00:00:00+00:00
[2025-11-14T10:50:23.744+0530] {processor.py:183} INFO - Processing /home/logi/txtai/venv/lib/python3.10/site-packages/airflow/example_dags/example_branch_datetime_operator.py took 0.147 seconds
[2025-11-14T10:50:54.686+0530] {processor.py:161} INFO - Started process (PID=8137) to work on /home/logi/txtai/venv/lib/python3.10/site-packages/airflow/example_dags/example_branch_datetime_operator.py
[2025-11-14T10:50:54.700+0530] {processor.py:830} INFO - Processing file /home/logi/txtai/venv/lib/python3.10/site-packages/airflow/example_dags/example_branch_datetime_operator.py for tasks to queue
[2025-11-14T10:50:54.703+0530] {logging_mixin.py:188} INFO - [2025-11-14T10:50:54.703+0530] {dagbag.py:545} INFO - Filling up the DagBag from /home/logi/txtai/venv/lib/python3.10/site-packages/airflow/example_dags/example_branch_datetime_operator.py
[2025-11-14T10:50:54.727+0530] {processor.py:840} INFO - DAG(s) 'example_branch_datetime_operator_3', 'example_branch_datetime_operator_2', 'example_branch_datetime_operator' retrieved from /home/logi/txtai/venv/lib/python3.10/site-packages/airflow/example_dags/example_branch_datetime_operator.py
[2025-11-14T10:50:54.775+0530] {logging_mixin.py:188} INFO - [2025-11-14T10:50:54.775+0530] {dag.py:3089} INFO - Sync 3 DAGs
[2025-11-14T10:50:54.809+0530] {logging_mixin.py:188} INFO - [2025-11-14T10:50:54.808+0530] {dag.py:3947} INFO - Setting next_dagrun for example_branch_datetime_operator to 2025-11-13 00:00:00+00:00, run_after=2025-11-14 00:00:00+00:00
[2025-11-14T10:50:54.814+0530] {logging_mixin.py:188} INFO - [2025-11-14T10:50:54.813+0530] {dag.py:3947} INFO - Setting next_dagrun for example_branch_datetime_operator_2 to 2025-11-13 00:00:00+00:00, run_after=2025-11-14 00:00:00+00:00
[2025-11-14T10:50:54.816+0530] {logging_mixin.py:188} INFO - [2025-11-14T10:50:54.816+0530] {dag.py:3947} INFO - Setting next_dagrun for example_branch_datetime_operator_3 to 2025-11-13 00:00:00+00:00, run_after=2025-11-14 00:00:00+00:00
[2025-11-14T10:50:54.868+0530] {processor.py:183} INFO - Processing /home/logi/txtai/venv/lib/python3.10/site-packages/airflow/example_dags/example_branch_datetime_operator.py took 0.200 seconds
[2025-11-14T10:51:24.967+0530] {processor.py:161} INFO - Started process (PID=8320) to work on /home/logi/txtai/venv/lib/python3.10/site-packages/airflow/example_dags/example_branch_datetime_operator.py
[2025-11-14T10:51:24.968+0530] {processor.py:830} INFO - Processing file /home/logi/txtai/venv/lib/python3.10/site-packages/airflow/example_dags/example_branch_datetime_operator.py for tasks to queue
[2025-11-14T10:51:24.973+0530] {logging_mixin.py:188} INFO - [2025-11-14T10:51:24.972+0530] {dagbag.py:545} INFO - Filling up the DagBag from /home/logi/txtai/venv/lib/python3.10/site-packages/airflow/example_dags/example_branch_datetime_operator.py
[2025-11-14T10:51:24.983+0530] {processor.py:840} INFO - DAG(s) 'example_branch_datetime_operator_2', 'example_branch_datetime_operator_3', 'example_branch_datetime_operator' retrieved from /home/logi/txtai/venv/lib/python3.10/site-packages/airflow/example_dags/example_branch_datetime_operator.py
[2025-11-14T10:51:25.030+0530] {logging_mixin.py:188} INFO - [2025-11-14T10:51:25.030+0530] {dag.py:3089} INFO - Sync 3 DAGs
[2025-11-14T10:51:25.056+0530] {logging_mixin.py:188} INFO - [2025-11-14T10:51:25.056+0530] {dag.py:3947} INFO - Setting next_dagrun for example_branch_datetime_operator to 2025-11-13 00:00:00+00:00, run_after=2025-11-14 00:00:00+00:00
[2025-11-14T10:51:25.060+0530] {logging_mixin.py:188} INFO - [2025-11-14T10:51:25.060+0530] {dag.py:3947} INFO - Setting next_dagrun for example_branch_datetime_operator_2 to 2025-11-13 00:00:00+00:00, run_after=2025-11-14 00:00:00+00:00
[2025-11-14T10:51:25.062+0530] {logging_mixin.py:188} INFO - [2025-11-14T10:51:25.062+0530] {dag.py:3947} INFO - Setting next_dagrun for example_branch_datetime_operator_3 to 2025-11-13 00:00:00+00:00, run_after=2025-11-14 00:00:00+00:00
[2025-11-14T10:51:25.076+0530] {processor.py:183} INFO - Processing /home/logi/txtai/venv/lib/python3.10/site-packages/airflow/example_dags/example_branch_datetime_operator.py took 0.117 seconds
[2025-11-14T10:51:55.407+0530] {processor.py:161} INFO - Started process (PID=8454) to work on /home/logi/txtai/venv/lib/python3.10/site-packages/airflow/example_dags/example_branch_datetime_operator.py
[2025-11-14T10:51:55.409+0530] {processor.py:830} INFO - Processing file /home/logi/txtai/venv/lib/python3.10/site-packages/airflow/example_dags/example_branch_datetime_operator.py for tasks to queue
[2025-11-14T10:51:55.412+0530] {logging_mixin.py:188} INFO - [2025-11-14T10:51:55.412+0530] {dagbag.py:545} INFO - Filling up the DagBag from /home/logi/txtai/venv/lib/python3.10/site-packages/airflow/example_dags/example_branch_datetime_operator.py
[2025-11-14T10:51:55.429+0530] {processor.py:840} INFO - DAG(s) 'example_branch_datetime_operator', 'example_branch_datetime_operator_3', 'example_branch_datetime_operator_2' retrieved from /home/logi/txtai/venv/lib/python3.10/site-packages/airflow/example_dags/example_branch_datetime_operator.py
[2025-11-14T10:51:55.495+0530] {logging_mixin.py:188} INFO - [2025-11-14T10:51:55.495+0530] {dag.py:3089} INFO - Sync 3 DAGs
[2025-11-14T10:51:55.537+0530] {logging_mixin.py:188} INFO - [2025-11-14T10:51:55.537+0530] {dag.py:3947} INFO - Setting next_dagrun for example_branch_datetime_operator to 2025-11-13 00:00:00+00:00, run_after=2025-11-14 00:00:00+00:00
[2025-11-14T10:51:55.547+0530] {logging_mixin.py:188} INFO - [2025-11-14T10:51:55.547+0530] {dag.py:3947} INFO - Setting next_dagrun for example_branch_datetime_operator_2 to 2025-11-13 00:00:00+00:00, run_after=2025-11-14 00:00:00+00:00
[2025-11-14T10:51:55.550+0530] {logging_mixin.py:188} INFO - [2025-11-14T10:51:55.550+0530] {dag.py:3947} INFO - Setting next_dagrun for example_branch_datetime_operator_3 to 2025-11-13 00:00:00+00:00, run_after=2025-11-14 00:00:00+00:00
[2025-11-14T10:51:55.574+0530] {processor.py:183} INFO - Processing /home/logi/txtai/venv/lib/python3.10/site-packages/airflow/example_dags/example_branch_datetime_operator.py took 0.180 seconds
[2025-11-14T10:52:27.966+0530] {processor.py:161} INFO - Started process (PID=8635) to work on /home/logi/txtai/venv/lib/python3.10/site-packages/airflow/example_dags/example_branch_datetime_operator.py
[2025-11-14T10:52:27.968+0530] {processor.py:830} INFO - Processing file /home/logi/txtai/venv/lib/python3.10/site-packages/airflow/example_dags/example_branch_datetime_operator.py for tasks to queue
[2025-11-14T10:52:27.970+0530] {logging_mixin.py:188} INFO - [2025-11-14T10:52:27.970+0530] {dagbag.py:545} INFO - Filling up the DagBag from /home/logi/txtai/venv/lib/python3.10/site-packages/airflow/example_dags/example_branch_datetime_operator.py
[2025-11-14T10:52:27.987+0530] {processor.py:840} INFO - DAG(s) 'example_branch_datetime_operator_3', 'example_branch_datetime_operator', 'example_branch_datetime_operator_2' retrieved from /home/logi/txtai/venv/lib/python3.10/site-packages/airflow/example_dags/example_branch_datetime_operator.py
[2025-11-14T10:52:28.041+0530] {logging_mixin.py:188} INFO - [2025-11-14T10:52:28.041+0530] {dag.py:3089} INFO - Sync 3 DAGs
[2025-11-14T10:52:28.081+0530] {logging_mixin.py:188} INFO - [2025-11-14T10:52:28.081+0530] {dag.py:3947} INFO - Setting next_dagrun for example_branch_datetime_operator to 2025-11-13 00:00:00+00:00, run_after=2025-11-14 00:00:00+00:00
[2025-11-14T10:52:28.090+0530] {logging_mixin.py:188} INFO - [2025-11-14T10:52:28.089+0530] {dag.py:3947} INFO - Setting next_dagrun for example_branch_datetime_operator_2 to 2025-11-13 00:00:00+00:00, run_after=2025-11-14 00:00:00+00:00
[2025-11-14T10:52:28.095+0530] {logging_mixin.py:188} INFO - [2025-11-14T10:52:28.094+0530] {dag.py:3947} INFO - Setting next_dagrun for example_branch_datetime_operator_3 to 2025-11-13 00:00:00+00:00, run_after=2025-11-14 00:00:00+00:00
[2025-11-14T10:52:28.124+0530] {processor.py:183} INFO - Processing /home/logi/txtai/venv/lib/python3.10/site-packages/airflow/example_dags/example_branch_datetime_operator.py took 0.175 seconds
[2025-11-14T10:52:58.545+0530] {processor.py:161} INFO - Started process (PID=8765) to work on /home/logi/txtai/venv/lib/python3.10/site-packages/airflow/example_dags/example_branch_datetime_operator.py
[2025-11-14T10:52:58.547+0530] {processor.py:830} INFO - Processing file /home/logi/txtai/venv/lib/python3.10/site-packages/airflow/example_dags/example_branch_datetime_operator.py for tasks to queue
[2025-11-14T10:52:58.551+0530] {logging_mixin.py:188} INFO - [2025-11-14T10:52:58.550+0530] {dagbag.py:545} INFO - Filling up the DagBag from /home/logi/txtai/venv/lib/python3.10/site-packages/airflow/example_dags/example_branch_datetime_operator.py
[2025-11-14T10:52:58.573+0530] {processor.py:840} INFO - DAG(s) 'example_branch_datetime_operator', 'example_branch_datetime_operator_3', 'example_branch_datetime_operator_2' retrieved from /home/logi/txtai/venv/lib/python3.10/site-packages/airflow/example_dags/example_branch_datetime_operator.py
[2025-11-14T10:52:58.637+0530] {logging_mixin.py:188} INFO - [2025-11-14T10:52:58.636+0530] {dag.py:3089} INFO - Sync 3 DAGs
[2025-11-14T10:52:58.671+0530] {logging_mixin.py:188} INFO - [2025-11-14T10:52:58.670+0530] {dag.py:3947} INFO - Setting next_dagrun for example_branch_datetime_operator to 2025-11-13 00:00:00+00:00, run_after=2025-11-14 00:00:00+00:00
[2025-11-14T10:52:58.680+0530] {logging_mixin.py:188} INFO - [2025-11-14T10:52:58.680+0530] {dag.py:3947} INFO - Setting next_dagrun for example_branch_datetime_operator_2 to 2025-11-13 00:00:00+00:00, run_after=2025-11-14 00:00:00+00:00
[2025-11-14T10:52:58.682+0530] {logging_mixin.py:188} INFO - [2025-11-14T10:52:58.682+0530] {dag.py:3947} INFO - Setting next_dagrun for example_branch_datetime_operator_3 to 2025-11-13 00:00:00+00:00, run_after=2025-11-14 00:00:00+00:00
[2025-11-14T10:52:58.715+0530] {processor.py:183} INFO - Processing /home/logi/txtai/venv/lib/python3.10/site-packages/airflow/example_dags/example_branch_datetime_operator.py took 0.176 seconds
[2025-11-14T10:53:29.458+0530] {processor.py:161} INFO - Started process (PID=8895) to work on /home/logi/txtai/venv/lib/python3.10/site-packages/airflow/example_dags/example_branch_datetime_operator.py
[2025-11-14T10:53:29.460+0530] {processor.py:830} INFO - Processing file /home/logi/txtai/venv/lib/python3.10/site-packages/airflow/example_dags/example_branch_datetime_operator.py for tasks to queue
[2025-11-14T10:53:29.462+0530] {logging_mixin.py:188} INFO - [2025-11-14T10:53:29.461+0530] {dagbag.py:545} INFO - Filling up the DagBag from /home/logi/txtai/venv/lib/python3.10/site-packages/airflow/example_dags/example_branch_datetime_operator.py
[2025-11-14T10:53:29.479+0530] {processor.py:840} INFO - DAG(s) 'example_branch_datetime_operator', 'example_branch_datetime_operator_2', 'example_branch_datetime_operator_3' retrieved from /home/logi/txtai/venv/lib/python3.10/site-packages/airflow/example_dags/example_branch_datetime_operator.py
[2025-11-14T10:53:29.535+0530] {logging_mixin.py:188} INFO - [2025-11-14T10:53:29.535+0530] {dag.py:3089} INFO - Sync 3 DAGs
[2025-11-14T10:53:29.580+0530] {logging_mixin.py:188} INFO - [2025-11-14T10:53:29.579+0530] {dag.py:3947} INFO - Setting next_dagrun for example_branch_datetime_operator to 2025-11-13 00:00:00+00:00, run_after=2025-11-14 00:00:00+00:00
[2025-11-14T10:53:29.589+0530] {logging_mixin.py:188} INFO - [2025-11-14T10:53:29.588+0530] {dag.py:3947} INFO - Setting next_dagrun for example_branch_datetime_operator_2 to 2025-11-13 00:00:00+00:00, run_after=2025-11-14 00:00:00+00:00
[2025-11-14T10:53:29.595+0530] {logging_mixin.py:188} INFO - [2025-11-14T10:53:29.594+0530] {dag.py:3947} INFO - Setting next_dagrun for example_branch_datetime_operator_3 to 2025-11-13 00:00:00+00:00, run_after=2025-11-14 00:00:00+00:00
[2025-11-14T10:53:29.628+0530] {processor.py:183} INFO - Processing /home/logi/txtai/venv/lib/python3.10/site-packages/airflow/example_dags/example_branch_datetime_operator.py took 0.184 seconds
[2025-11-14T10:54:00.510+0530] {processor.py:161} INFO - Started process (PID=9083) to work on /home/logi/txtai/venv/lib/python3.10/site-packages/airflow/example_dags/example_branch_datetime_operator.py
[2025-11-14T10:54:00.527+0530] {processor.py:830} INFO - Processing file /home/logi/txtai/venv/lib/python3.10/site-packages/airflow/example_dags/example_branch_datetime_operator.py for tasks to queue
[2025-11-14T10:54:00.530+0530] {logging_mixin.py:188} INFO - [2025-11-14T10:54:00.529+0530] {dagbag.py:545} INFO - Filling up the DagBag from /home/logi/txtai/venv/lib/python3.10/site-packages/airflow/example_dags/example_branch_datetime_operator.py
[2025-11-14T10:54:00.551+0530] {processor.py:840} INFO - DAG(s) 'example_branch_datetime_operator_2', 'example_branch_datetime_operator_3', 'example_branch_datetime_operator' retrieved from /home/logi/txtai/venv/lib/python3.10/site-packages/airflow/example_dags/example_branch_datetime_operator.py
[2025-11-14T10:54:00.626+0530] {logging_mixin.py:188} INFO - [2025-11-14T10:54:00.625+0530] {dag.py:3089} INFO - Sync 3 DAGs
[2025-11-14T10:54:00.657+0530] {logging_mixin.py:188} INFO - [2025-11-14T10:54:00.657+0530] {dag.py:3947} INFO - Setting next_dagrun for example_branch_datetime_operator to 2025-11-13 00:00:00+00:00, run_after=2025-11-14 00:00:00+00:00
[2025-11-14T10:54:00.661+0530] {logging_mixin.py:188} INFO - [2025-11-14T10:54:00.661+0530] {dag.py:3947} INFO - Setting next_dagrun for example_branch_datetime_operator_2 to 2025-11-13 00:00:00+00:00, run_after=2025-11-14 00:00:00+00:00
[2025-11-14T10:54:00.666+0530] {logging_mixin.py:188} INFO - [2025-11-14T10:54:00.665+0530] {dag.py:3947} INFO - Setting next_dagrun for example_branch_datetime_operator_3 to 2025-11-13 00:00:00+00:00, run_after=2025-11-14 00:00:00+00:00
[2025-11-14T10:54:00.702+0530] {processor.py:183} INFO - Processing /home/logi/txtai/venv/lib/python3.10/site-packages/airflow/example_dags/example_branch_datetime_operator.py took 0.210 seconds
[2025-11-14T10:54:31.705+0530] {processor.py:161} INFO - Started process (PID=9316) to work on /home/logi/txtai/venv/lib/python3.10/site-packages/airflow/example_dags/example_branch_datetime_operator.py
[2025-11-14T10:54:31.706+0530] {processor.py:830} INFO - Processing file /home/logi/txtai/venv/lib/python3.10/site-packages/airflow/example_dags/example_branch_datetime_operator.py for tasks to queue
[2025-11-14T10:54:31.708+0530] {logging_mixin.py:188} INFO - [2025-11-14T10:54:31.707+0530] {dagbag.py:545} INFO - Filling up the DagBag from /home/logi/txtai/venv/lib/python3.10/site-packages/airflow/example_dags/example_branch_datetime_operator.py
[2025-11-14T10:54:31.718+0530] {processor.py:840} INFO - DAG(s) 'example_branch_datetime_operator', 'example_branch_datetime_operator_2', 'example_branch_datetime_operator_3' retrieved from /home/logi/txtai/venv/lib/python3.10/site-packages/airflow/example_dags/example_branch_datetime_operator.py
[2025-11-14T10:54:31.758+0530] {logging_mixin.py:188} INFO - [2025-11-14T10:54:31.757+0530] {dag.py:3089} INFO - Sync 3 DAGs
[2025-11-14T10:54:31.788+0530] {logging_mixin.py:188} INFO - [2025-11-14T10:54:31.787+0530] {dag.py:3947} INFO - Setting next_dagrun for example_branch_datetime_operator to 2025-11-13 00:00:00+00:00, run_after=2025-11-14 00:00:00+00:00
[2025-11-14T10:54:31.792+0530] {logging_mixin.py:188} INFO - [2025-11-14T10:54:31.792+0530] {dag.py:3947} INFO - Setting next_dagrun for example_branch_datetime_operator_2 to 2025-11-13 00:00:00+00:00, run_after=2025-11-14 00:00:00+00:00
[2025-11-14T10:54:31.795+0530] {logging_mixin.py:188} INFO - [2025-11-14T10:54:31.794+0530] {dag.py:3947} INFO - Setting next_dagrun for example_branch_datetime_operator_3 to 2025-11-13 00:00:00+00:00, run_after=2025-11-14 00:00:00+00:00
[2025-11-14T10:54:31.818+0530] {processor.py:183} INFO - Processing /home/logi/txtai/venv/lib/python3.10/site-packages/airflow/example_dags/example_branch_datetime_operator.py took 0.123 seconds
[2025-11-14T10:55:02.932+0530] {processor.py:161} INFO - Started process (PID=9463) to work on /home/logi/txtai/venv/lib/python3.10/site-packages/airflow/example_dags/example_branch_datetime_operator.py
[2025-11-14T10:55:02.933+0530] {processor.py:830} INFO - Processing file /home/logi/txtai/venv/lib/python3.10/site-packages/airflow/example_dags/example_branch_datetime_operator.py for tasks to queue
[2025-11-14T10:55:02.935+0530] {logging_mixin.py:188} INFO - [2025-11-14T10:55:02.935+0530] {dagbag.py:545} INFO - Filling up the DagBag from /home/logi/txtai/venv/lib/python3.10/site-packages/airflow/example_dags/example_branch_datetime_operator.py
[2025-11-14T10:55:02.948+0530] {processor.py:840} INFO - DAG(s) 'example_branch_datetime_operator', 'example_branch_datetime_operator_2', 'example_branch_datetime_operator_3' retrieved from /home/logi/txtai/venv/lib/python3.10/site-packages/airflow/example_dags/example_branch_datetime_operator.py
[2025-11-14T10:55:02.990+0530] {logging_mixin.py:188} INFO - [2025-11-14T10:55:02.990+0530] {dag.py:3089} INFO - Sync 3 DAGs
[2025-11-14T10:55:03.009+0530] {logging_mixin.py:188} INFO - [2025-11-14T10:55:03.009+0530] {dag.py:3947} INFO - Setting next_dagrun for example_branch_datetime_operator to 2025-11-13 00:00:00+00:00, run_after=2025-11-14 00:00:00+00:00
[2025-11-14T10:55:03.013+0530] {logging_mixin.py:188} INFO - [2025-11-14T10:55:03.012+0530] {dag.py:3947} INFO - Setting next_dagrun for example_branch_datetime_operator_2 to 2025-11-13 00:00:00+00:00, run_after=2025-11-14 00:00:00+00:00
[2025-11-14T10:55:03.015+0530] {logging_mixin.py:188} INFO - [2025-11-14T10:55:03.015+0530] {dag.py:3947} INFO - Setting next_dagrun for example_branch_datetime_operator_3 to 2025-11-13 00:00:00+00:00, run_after=2025-11-14 00:00:00+00:00
[2025-11-14T10:55:03.035+0530] {processor.py:183} INFO - Processing /home/logi/txtai/venv/lib/python3.10/site-packages/airflow/example_dags/example_branch_datetime_operator.py took 0.110 seconds
[2025-11-14T10:55:33.374+0530] {processor.py:161} INFO - Started process (PID=9605) to work on /home/logi/txtai/venv/lib/python3.10/site-packages/airflow/example_dags/example_branch_datetime_operator.py
[2025-11-14T10:55:33.376+0530] {processor.py:830} INFO - Processing file /home/logi/txtai/venv/lib/python3.10/site-packages/airflow/example_dags/example_branch_datetime_operator.py for tasks to queue
[2025-11-14T10:55:33.377+0530] {logging_mixin.py:188} INFO - [2025-11-14T10:55:33.377+0530] {dagbag.py:545} INFO - Filling up the DagBag from /home/logi/txtai/venv/lib/python3.10/site-packages/airflow/example_dags/example_branch_datetime_operator.py
[2025-11-14T10:55:33.386+0530] {processor.py:840} INFO - DAG(s) 'example_branch_datetime_operator_2', 'example_branch_datetime_operator_3', 'example_branch_datetime_operator' retrieved from /home/logi/txtai/venv/lib/python3.10/site-packages/airflow/example_dags/example_branch_datetime_operator.py
[2025-11-14T10:55:33.427+0530] {logging_mixin.py:188} INFO - [2025-11-14T10:55:33.427+0530] {dag.py:3089} INFO - Sync 3 DAGs
[2025-11-14T10:55:33.458+0530] {logging_mixin.py:188} INFO - [2025-11-14T10:55:33.458+0530] {dag.py:3947} INFO - Setting next_dagrun for example_branch_datetime_operator to 2025-11-13 00:00:00+00:00, run_after=2025-11-14 00:00:00+00:00
[2025-11-14T10:55:33.467+0530] {logging_mixin.py:188} INFO - [2025-11-14T10:55:33.467+0530] {dag.py:3947} INFO - Setting next_dagrun for example_branch_datetime_operator_2 to 2025-11-13 00:00:00+00:00, run_after=2025-11-14 00:00:00+00:00
[2025-11-14T10:55:33.472+0530] {logging_mixin.py:188} INFO - [2025-11-14T10:55:33.471+0530] {dag.py:3947} INFO - Setting next_dagrun for example_branch_datetime_operator_3 to 2025-11-13 00:00:00+00:00, run_after=2025-11-14 00:00:00+00:00
[2025-11-14T10:55:33.505+0530] {processor.py:183} INFO - Processing /home/logi/txtai/venv/lib/python3.10/site-packages/airflow/example_dags/example_branch_datetime_operator.py took 0.150 seconds
[2025-11-14T10:56:03.683+0530] {processor.py:161} INFO - Started process (PID=9722) to work on /home/logi/txtai/venv/lib/python3.10/site-packages/airflow/example_dags/example_branch_datetime_operator.py
[2025-11-14T10:56:03.686+0530] {processor.py:830} INFO - Processing file /home/logi/txtai/venv/lib/python3.10/site-packages/airflow/example_dags/example_branch_datetime_operator.py for tasks to queue
[2025-11-14T10:56:03.689+0530] {logging_mixin.py:188} INFO - [2025-11-14T10:56:03.689+0530] {dagbag.py:545} INFO - Filling up the DagBag from /home/logi/txtai/venv/lib/python3.10/site-packages/airflow/example_dags/example_branch_datetime_operator.py
[2025-11-14T10:56:03.704+0530] {processor.py:840} INFO - DAG(s) 'example_branch_datetime_operator_2', 'example_branch_datetime_operator_3', 'example_branch_datetime_operator' retrieved from /home/logi/txtai/venv/lib/python3.10/site-packages/airflow/example_dags/example_branch_datetime_operator.py
[2025-11-14T10:56:03.753+0530] {logging_mixin.py:188} INFO - [2025-11-14T10:56:03.752+0530] {dag.py:3089} INFO - Sync 3 DAGs
[2025-11-14T10:56:03.780+0530] {logging_mixin.py:188} INFO - [2025-11-14T10:56:03.780+0530] {dag.py:3947} INFO - Setting next_dagrun for example_branch_datetime_operator to 2025-11-13 00:00:00+00:00, run_after=2025-11-14 00:00:00+00:00
[2025-11-14T10:56:03.785+0530] {logging_mixin.py:188} INFO - [2025-11-14T10:56:03.784+0530] {dag.py:3947} INFO - Setting next_dagrun for example_branch_datetime_operator_2 to 2025-11-13 00:00:00+00:00, run_after=2025-11-14 00:00:00+00:00
[2025-11-14T10:56:03.787+0530] {logging_mixin.py:188} INFO - [2025-11-14T10:56:03.787+0530] {dag.py:3947} INFO - Setting next_dagrun for example_branch_datetime_operator_3 to 2025-11-13 00:00:00+00:00, run_after=2025-11-14 00:00:00+00:00
[2025-11-14T10:56:03.808+0530] {processor.py:183} INFO - Processing /home/logi/txtai/venv/lib/python3.10/site-packages/airflow/example_dags/example_branch_datetime_operator.py took 0.132 seconds
[2025-11-14T10:56:33.943+0530] {processor.py:161} INFO - Started process (PID=9896) to work on /home/logi/txtai/venv/lib/python3.10/site-packages/airflow/example_dags/example_branch_datetime_operator.py
[2025-11-14T10:56:33.947+0530] {processor.py:830} INFO - Processing file /home/logi/txtai/venv/lib/python3.10/site-packages/airflow/example_dags/example_branch_datetime_operator.py for tasks to queue
[2025-11-14T10:56:33.950+0530] {logging_mixin.py:188} INFO - [2025-11-14T10:56:33.949+0530] {dagbag.py:545} INFO - Filling up the DagBag from /home/logi/txtai/venv/lib/python3.10/site-packages/airflow/example_dags/example_branch_datetime_operator.py
[2025-11-14T10:56:33.959+0530] {processor.py:840} INFO - DAG(s) 'example_branch_datetime_operator_2', 'example_branch_datetime_operator_3', 'example_branch_datetime_operator' retrieved from /home/logi/txtai/venv/lib/python3.10/site-packages/airflow/example_dags/example_branch_datetime_operator.py
[2025-11-14T10:56:34.029+0530] {logging_mixin.py:188} INFO - [2025-11-14T10:56:34.028+0530] {dag.py:3089} INFO - Sync 3 DAGs
[2025-11-14T10:56:34.088+0530] {logging_mixin.py:188} INFO - [2025-11-14T10:56:34.087+0530] {dag.py:3947} INFO - Setting next_dagrun for example_branch_datetime_operator to 2025-11-13 00:00:00+00:00, run_after=2025-11-14 00:00:00+00:00
[2025-11-14T10:56:34.097+0530] {logging_mixin.py:188} INFO - [2025-11-14T10:56:34.096+0530] {dag.py:3947} INFO - Setting next_dagrun for example_branch_datetime_operator_2 to 2025-11-13 00:00:00+00:00, run_after=2025-11-14 00:00:00+00:00
[2025-11-14T10:56:34.102+0530] {logging_mixin.py:188} INFO - [2025-11-14T10:56:34.102+0530] {dag.py:3947} INFO - Setting next_dagrun for example_branch_datetime_operator_3 to 2025-11-13 00:00:00+00:00, run_after=2025-11-14 00:00:00+00:00
[2025-11-14T10:56:34.155+0530] {processor.py:183} INFO - Processing /home/logi/txtai/venv/lib/python3.10/site-packages/airflow/example_dags/example_branch_datetime_operator.py took 0.220 seconds
[2025-11-14T10:57:04.228+0530] {processor.py:161} INFO - Started process (PID=10027) to work on /home/logi/txtai/venv/lib/python3.10/site-packages/airflow/example_dags/example_branch_datetime_operator.py
[2025-11-14T10:57:04.230+0530] {processor.py:830} INFO - Processing file /home/logi/txtai/venv/lib/python3.10/site-packages/airflow/example_dags/example_branch_datetime_operator.py for tasks to queue
[2025-11-14T10:57:04.231+0530] {logging_mixin.py:188} INFO - [2025-11-14T10:57:04.231+0530] {dagbag.py:545} INFO - Filling up the DagBag from /home/logi/txtai/venv/lib/python3.10/site-packages/airflow/example_dags/example_branch_datetime_operator.py
[2025-11-14T10:57:04.243+0530] {processor.py:840} INFO - DAG(s) 'example_branch_datetime_operator_2', 'example_branch_datetime_operator', 'example_branch_datetime_operator_3' retrieved from /home/logi/txtai/venv/lib/python3.10/site-packages/airflow/example_dags/example_branch_datetime_operator.py
[2025-11-14T10:57:04.279+0530] {logging_mixin.py:188} INFO - [2025-11-14T10:57:04.279+0530] {dag.py:3089} INFO - Sync 3 DAGs
[2025-11-14T10:57:04.303+0530] {logging_mixin.py:188} INFO - [2025-11-14T10:57:04.303+0530] {dag.py:3947} INFO - Setting next_dagrun for example_branch_datetime_operator to 2025-11-13 00:00:00+00:00, run_after=2025-11-14 00:00:00+00:00
[2025-11-14T10:57:04.307+0530] {logging_mixin.py:188} INFO - [2025-11-14T10:57:04.307+0530] {dag.py:3947} INFO - Setting next_dagrun for example_branch_datetime_operator_2 to 2025-11-13 00:00:00+00:00, run_after=2025-11-14 00:00:00+00:00
[2025-11-14T10:57:04.309+0530] {logging_mixin.py:188} INFO - [2025-11-14T10:57:04.309+0530] {dag.py:3947} INFO - Setting next_dagrun for example_branch_datetime_operator_3 to 2025-11-13 00:00:00+00:00, run_after=2025-11-14 00:00:00+00:00
[2025-11-14T10:57:04.328+0530] {processor.py:183} INFO - Processing /home/logi/txtai/venv/lib/python3.10/site-packages/airflow/example_dags/example_branch_datetime_operator.py took 0.108 seconds
[2025-11-14T10:57:34.690+0530] {processor.py:161} INFO - Started process (PID=10159) to work on /home/logi/txtai/venv/lib/python3.10/site-packages/airflow/example_dags/example_branch_datetime_operator.py
[2025-11-14T10:57:34.691+0530] {processor.py:830} INFO - Processing file /home/logi/txtai/venv/lib/python3.10/site-packages/airflow/example_dags/example_branch_datetime_operator.py for tasks to queue
[2025-11-14T10:57:34.694+0530] {logging_mixin.py:188} INFO - [2025-11-14T10:57:34.693+0530] {dagbag.py:545} INFO - Filling up the DagBag from /home/logi/txtai/venv/lib/python3.10/site-packages/airflow/example_dags/example_branch_datetime_operator.py
[2025-11-14T10:57:34.715+0530] {processor.py:840} INFO - DAG(s) 'example_branch_datetime_operator_2', 'example_branch_datetime_operator', 'example_branch_datetime_operator_3' retrieved from /home/logi/txtai/venv/lib/python3.10/site-packages/airflow/example_dags/example_branch_datetime_operator.py
[2025-11-14T10:57:34.780+0530] {logging_mixin.py:188} INFO - [2025-11-14T10:57:34.779+0530] {dag.py:3089} INFO - Sync 3 DAGs
[2025-11-14T10:57:34.803+0530] {logging_mixin.py:188} INFO - [2025-11-14T10:57:34.802+0530] {dag.py:3947} INFO - Setting next_dagrun for example_branch_datetime_operator to 2025-11-13 00:00:00+00:00, run_after=2025-11-14 00:00:00+00:00
[2025-11-14T10:57:34.813+0530] {logging_mixin.py:188} INFO - [2025-11-14T10:57:34.813+0530] {dag.py:3947} INFO - Setting next_dagrun for example_branch_datetime_operator_2 to 2025-11-13 00:00:00+00:00, run_after=2025-11-14 00:00:00+00:00
[2025-11-14T10:57:34.816+0530] {logging_mixin.py:188} INFO - [2025-11-14T10:57:34.815+0530] {dag.py:3947} INFO - Setting next_dagrun for example_branch_datetime_operator_3 to 2025-11-13 00:00:00+00:00, run_after=2025-11-14 00:00:00+00:00
[2025-11-14T10:57:34.833+0530] {processor.py:183} INFO - Processing /home/logi/txtai/venv/lib/python3.10/site-packages/airflow/example_dags/example_branch_datetime_operator.py took 0.155 seconds
[2025-11-14T10:58:05.239+0530] {processor.py:161} INFO - Started process (PID=10290) to work on /home/logi/txtai/venv/lib/python3.10/site-packages/airflow/example_dags/example_branch_datetime_operator.py
[2025-11-14T10:58:05.240+0530] {processor.py:830} INFO - Processing file /home/logi/txtai/venv/lib/python3.10/site-packages/airflow/example_dags/example_branch_datetime_operator.py for tasks to queue
[2025-11-14T10:58:05.241+0530] {logging_mixin.py:188} INFO - [2025-11-14T10:58:05.241+0530] {dagbag.py:545} INFO - Filling up the DagBag from /home/logi/txtai/venv/lib/python3.10/site-packages/airflow/example_dags/example_branch_datetime_operator.py
[2025-11-14T10:58:05.253+0530] {processor.py:840} INFO - DAG(s) 'example_branch_datetime_operator_2', 'example_branch_datetime_operator', 'example_branch_datetime_operator_3' retrieved from /home/logi/txtai/venv/lib/python3.10/site-packages/airflow/example_dags/example_branch_datetime_operator.py
[2025-11-14T10:58:05.290+0530] {logging_mixin.py:188} INFO - [2025-11-14T10:58:05.289+0530] {dag.py:3089} INFO - Sync 3 DAGs
[2025-11-14T10:58:05.317+0530] {logging_mixin.py:188} INFO - [2025-11-14T10:58:05.317+0530] {dag.py:3947} INFO - Setting next_dagrun for example_branch_datetime_operator to 2025-11-13 00:00:00+00:00, run_after=2025-11-14 00:00:00+00:00
[2025-11-14T10:58:05.322+0530] {logging_mixin.py:188} INFO - [2025-11-14T10:58:05.322+0530] {dag.py:3947} INFO - Setting next_dagrun for example_branch_datetime_operator_2 to 2025-11-13 00:00:00+00:00, run_after=2025-11-14 00:00:00+00:00
[2025-11-14T10:58:05.324+0530] {logging_mixin.py:188} INFO - [2025-11-14T10:58:05.324+0530] {dag.py:3947} INFO - Setting next_dagrun for example_branch_datetime_operator_3 to 2025-11-13 00:00:00+00:00, run_after=2025-11-14 00:00:00+00:00
[2025-11-14T10:58:05.344+0530] {processor.py:183} INFO - Processing /home/logi/txtai/venv/lib/python3.10/site-packages/airflow/example_dags/example_branch_datetime_operator.py took 0.119 seconds
[2025-11-14T10:58:35.710+0530] {processor.py:161} INFO - Started process (PID=10420) to work on /home/logi/txtai/venv/lib/python3.10/site-packages/airflow/example_dags/example_branch_datetime_operator.py
[2025-11-14T10:58:35.712+0530] {processor.py:830} INFO - Processing file /home/logi/txtai/venv/lib/python3.10/site-packages/airflow/example_dags/example_branch_datetime_operator.py for tasks to queue
[2025-11-14T10:58:35.714+0530] {logging_mixin.py:188} INFO - [2025-11-14T10:58:35.714+0530] {dagbag.py:545} INFO - Filling up the DagBag from /home/logi/txtai/venv/lib/python3.10/site-packages/airflow/example_dags/example_branch_datetime_operator.py
[2025-11-14T10:58:35.735+0530] {processor.py:840} INFO - DAG(s) 'example_branch_datetime_operator_2', 'example_branch_datetime_operator_3', 'example_branch_datetime_operator' retrieved from /home/logi/txtai/venv/lib/python3.10/site-packages/airflow/example_dags/example_branch_datetime_operator.py
[2025-11-14T10:58:35.784+0530] {logging_mixin.py:188} INFO - [2025-11-14T10:58:35.784+0530] {dag.py:3089} INFO - Sync 3 DAGs
[2025-11-14T10:58:35.811+0530] {logging_mixin.py:188} INFO - [2025-11-14T10:58:35.811+0530] {dag.py:3947} INFO - Setting next_dagrun for example_branch_datetime_operator to 2025-11-13 00:00:00+00:00, run_after=2025-11-14 00:00:00+00:00
[2025-11-14T10:58:35.816+0530] {logging_mixin.py:188} INFO - [2025-11-14T10:58:35.816+0530] {dag.py:3947} INFO - Setting next_dagrun for example_branch_datetime_operator_2 to 2025-11-13 00:00:00+00:00, run_after=2025-11-14 00:00:00+00:00
[2025-11-14T10:58:35.819+0530] {logging_mixin.py:188} INFO - [2025-11-14T10:58:35.818+0530] {dag.py:3947} INFO - Setting next_dagrun for example_branch_datetime_operator_3 to 2025-11-13 00:00:00+00:00, run_after=2025-11-14 00:00:00+00:00
[2025-11-14T10:58:35.842+0530] {processor.py:183} INFO - Processing /home/logi/txtai/venv/lib/python3.10/site-packages/airflow/example_dags/example_branch_datetime_operator.py took 0.143 seconds
[2025-11-14T10:59:06.179+0530] {processor.py:161} INFO - Started process (PID=10577) to work on /home/logi/txtai/venv/lib/python3.10/site-packages/airflow/example_dags/example_branch_datetime_operator.py
[2025-11-14T10:59:06.180+0530] {processor.py:830} INFO - Processing file /home/logi/txtai/venv/lib/python3.10/site-packages/airflow/example_dags/example_branch_datetime_operator.py for tasks to queue
[2025-11-14T10:59:06.181+0530] {logging_mixin.py:188} INFO - [2025-11-14T10:59:06.181+0530] {dagbag.py:545} INFO - Filling up the DagBag from /home/logi/txtai/venv/lib/python3.10/site-packages/airflow/example_dags/example_branch_datetime_operator.py
[2025-11-14T10:59:06.194+0530] {processor.py:840} INFO - DAG(s) 'example_branch_datetime_operator', 'example_branch_datetime_operator_3', 'example_branch_datetime_operator_2' retrieved from /home/logi/txtai/venv/lib/python3.10/site-packages/airflow/example_dags/example_branch_datetime_operator.py
[2025-11-14T10:59:06.237+0530] {logging_mixin.py:188} INFO - [2025-11-14T10:59:06.237+0530] {dag.py:3089} INFO - Sync 3 DAGs
[2025-11-14T10:59:06.259+0530] {logging_mixin.py:188} INFO - [2025-11-14T10:59:06.259+0530] {dag.py:3947} INFO - Setting next_dagrun for example_branch_datetime_operator to 2025-11-13 00:00:00+00:00, run_after=2025-11-14 00:00:00+00:00
[2025-11-14T10:59:06.268+0530] {logging_mixin.py:188} INFO - [2025-11-14T10:59:06.268+0530] {dag.py:3947} INFO - Setting next_dagrun for example_branch_datetime_operator_2 to 2025-11-13 00:00:00+00:00, run_after=2025-11-14 00:00:00+00:00
[2025-11-14T10:59:06.271+0530] {logging_mixin.py:188} INFO - [2025-11-14T10:59:06.271+0530] {dag.py:3947} INFO - Setting next_dagrun for example_branch_datetime_operator_3 to 2025-11-13 00:00:00+00:00, run_after=2025-11-14 00:00:00+00:00
[2025-11-14T10:59:06.288+0530] {processor.py:183} INFO - Processing /home/logi/txtai/venv/lib/python3.10/site-packages/airflow/example_dags/example_branch_datetime_operator.py took 0.116 seconds
[2025-11-14T10:59:37.173+0530] {processor.py:161} INFO - Started process (PID=10707) to work on /home/logi/txtai/venv/lib/python3.10/site-packages/airflow/example_dags/example_branch_datetime_operator.py
[2025-11-14T10:59:37.174+0530] {processor.py:830} INFO - Processing file /home/logi/txtai/venv/lib/python3.10/site-packages/airflow/example_dags/example_branch_datetime_operator.py for tasks to queue
[2025-11-14T10:59:37.175+0530] {logging_mixin.py:188} INFO - [2025-11-14T10:59:37.175+0530] {dagbag.py:545} INFO - Filling up the DagBag from /home/logi/txtai/venv/lib/python3.10/site-packages/airflow/example_dags/example_branch_datetime_operator.py
[2025-11-14T10:59:37.184+0530] {processor.py:840} INFO - DAG(s) 'example_branch_datetime_operator', 'example_branch_datetime_operator_3', 'example_branch_datetime_operator_2' retrieved from /home/logi/txtai/venv/lib/python3.10/site-packages/airflow/example_dags/example_branch_datetime_operator.py
[2025-11-14T10:59:37.227+0530] {logging_mixin.py:188} INFO - [2025-11-14T10:59:37.227+0530] {dag.py:3089} INFO - Sync 3 DAGs
[2025-11-14T10:59:37.252+0530] {logging_mixin.py:188} INFO - [2025-11-14T10:59:37.251+0530] {dag.py:3947} INFO - Setting next_dagrun for example_branch_datetime_operator to 2025-11-13 00:00:00+00:00, run_after=2025-11-14 00:00:00+00:00
[2025-11-14T10:59:37.256+0530] {logging_mixin.py:188} INFO - [2025-11-14T10:59:37.255+0530] {dag.py:3947} INFO - Setting next_dagrun for example_branch_datetime_operator_2 to 2025-11-13 00:00:00+00:00, run_after=2025-11-14 00:00:00+00:00
[2025-11-14T10:59:37.258+0530] {logging_mixin.py:188} INFO - [2025-11-14T10:59:37.258+0530] {dag.py:3947} INFO - Setting next_dagrun for example_branch_datetime_operator_3 to 2025-11-13 00:00:00+00:00, run_after=2025-11-14 00:00:00+00:00
[2025-11-14T10:59:37.284+0530] {processor.py:183} INFO - Processing /home/logi/txtai/venv/lib/python3.10/site-packages/airflow/example_dags/example_branch_datetime_operator.py took 0.124 seconds
[2025-11-14T11:00:07.686+0530] {processor.py:161} INFO - Started process (PID=10836) to work on /home/logi/txtai/venv/lib/python3.10/site-packages/airflow/example_dags/example_branch_datetime_operator.py
[2025-11-14T11:00:07.687+0530] {processor.py:830} INFO - Processing file /home/logi/txtai/venv/lib/python3.10/site-packages/airflow/example_dags/example_branch_datetime_operator.py for tasks to queue
[2025-11-14T11:00:07.688+0530] {logging_mixin.py:188} INFO - [2025-11-14T11:00:07.688+0530] {dagbag.py:545} INFO - Filling up the DagBag from /home/logi/txtai/venv/lib/python3.10/site-packages/airflow/example_dags/example_branch_datetime_operator.py
[2025-11-14T11:00:07.697+0530] {processor.py:840} INFO - DAG(s) 'example_branch_datetime_operator', 'example_branch_datetime_operator_2', 'example_branch_datetime_operator_3' retrieved from /home/logi/txtai/venv/lib/python3.10/site-packages/airflow/example_dags/example_branch_datetime_operator.py
[2025-11-14T11:00:07.743+0530] {logging_mixin.py:188} INFO - [2025-11-14T11:00:07.742+0530] {dag.py:3089} INFO - Sync 3 DAGs
[2025-11-14T11:00:07.768+0530] {logging_mixin.py:188} INFO - [2025-11-14T11:00:07.768+0530] {dag.py:3947} INFO - Setting next_dagrun for example_branch_datetime_operator to 2025-11-13 00:00:00+00:00, run_after=2025-11-14 00:00:00+00:00
[2025-11-14T11:00:07.772+0530] {logging_mixin.py:188} INFO - [2025-11-14T11:00:07.772+0530] {dag.py:3947} INFO - Setting next_dagrun for example_branch_datetime_operator_2 to 2025-11-13 00:00:00+00:00, run_after=2025-11-14 00:00:00+00:00
[2025-11-14T11:00:07.775+0530] {logging_mixin.py:188} INFO - [2025-11-14T11:00:07.774+0530] {dag.py:3947} INFO - Setting next_dagrun for example_branch_datetime_operator_3 to 2025-11-13 00:00:00+00:00, run_after=2025-11-14 00:00:00+00:00
[2025-11-14T11:00:07.796+0530] {processor.py:183} INFO - Processing /home/logi/txtai/venv/lib/python3.10/site-packages/airflow/example_dags/example_branch_datetime_operator.py took 0.117 seconds
[2025-11-14T11:00:38.192+0530] {processor.py:161} INFO - Started process (PID=10966) to work on /home/logi/txtai/venv/lib/python3.10/site-packages/airflow/example_dags/example_branch_datetime_operator.py
[2025-11-14T11:00:38.194+0530] {processor.py:830} INFO - Processing file /home/logi/txtai/venv/lib/python3.10/site-packages/airflow/example_dags/example_branch_datetime_operator.py for tasks to queue
[2025-11-14T11:00:38.196+0530] {logging_mixin.py:188} INFO - [2025-11-14T11:00:38.196+0530] {dagbag.py:545} INFO - Filling up the DagBag from /home/logi/txtai/venv/lib/python3.10/site-packages/airflow/example_dags/example_branch_datetime_operator.py
[2025-11-14T11:00:38.217+0530] {processor.py:840} INFO - DAG(s) 'example_branch_datetime_operator', 'example_branch_datetime_operator_2', 'example_branch_datetime_operator_3' retrieved from /home/logi/txtai/venv/lib/python3.10/site-packages/airflow/example_dags/example_branch_datetime_operator.py
[2025-11-14T11:00:38.291+0530] {logging_mixin.py:188} INFO - [2025-11-14T11:00:38.291+0530] {dag.py:3089} INFO - Sync 3 DAGs
[2025-11-14T11:00:38.340+0530] {logging_mixin.py:188} INFO - [2025-11-14T11:00:38.340+0530] {dag.py:3947} INFO - Setting next_dagrun for example_branch_datetime_operator to 2025-11-13 00:00:00+00:00, run_after=2025-11-14 00:00:00+00:00
[2025-11-14T11:00:38.353+0530] {logging_mixin.py:188} INFO - [2025-11-14T11:00:38.352+0530] {dag.py:3947} INFO - Setting next_dagrun for example_branch_datetime_operator_2 to 2025-11-13 00:00:00+00:00, run_after=2025-11-14 00:00:00+00:00
[2025-11-14T11:00:38.358+0530] {logging_mixin.py:188} INFO - [2025-11-14T11:00:38.358+0530] {dag.py:3947} INFO - Setting next_dagrun for example_branch_datetime_operator_3 to 2025-11-13 00:00:00+00:00, run_after=2025-11-14 00:00:00+00:00
[2025-11-14T11:00:38.395+0530] {processor.py:183} INFO - Processing /home/logi/txtai/venv/lib/python3.10/site-packages/airflow/example_dags/example_branch_datetime_operator.py took 0.214 seconds
[2025-11-14T11:01:08.604+0530] {processor.py:161} INFO - Started process (PID=11095) to work on /home/logi/txtai/venv/lib/python3.10/site-packages/airflow/example_dags/example_branch_datetime_operator.py
[2025-11-14T11:01:08.605+0530] {processor.py:830} INFO - Processing file /home/logi/txtai/venv/lib/python3.10/site-packages/airflow/example_dags/example_branch_datetime_operator.py for tasks to queue
[2025-11-14T11:01:08.608+0530] {logging_mixin.py:188} INFO - [2025-11-14T11:01:08.608+0530] {dagbag.py:545} INFO - Filling up the DagBag from /home/logi/txtai/venv/lib/python3.10/site-packages/airflow/example_dags/example_branch_datetime_operator.py
[2025-11-14T11:01:08.624+0530] {processor.py:840} INFO - DAG(s) 'example_branch_datetime_operator_3', 'example_branch_datetime_operator', 'example_branch_datetime_operator_2' retrieved from /home/logi/txtai/venv/lib/python3.10/site-packages/airflow/example_dags/example_branch_datetime_operator.py
[2025-11-14T11:01:08.693+0530] {logging_mixin.py:188} INFO - [2025-11-14T11:01:08.693+0530] {dag.py:3089} INFO - Sync 3 DAGs
[2025-11-14T11:01:08.739+0530] {logging_mixin.py:188} INFO - [2025-11-14T11:01:08.739+0530] {dag.py:3947} INFO - Setting next_dagrun for example_branch_datetime_operator to 2025-11-13 00:00:00+00:00, run_after=2025-11-14 00:00:00+00:00
[2025-11-14T11:01:08.748+0530] {logging_mixin.py:188} INFO - [2025-11-14T11:01:08.748+0530] {dag.py:3947} INFO - Setting next_dagrun for example_branch_datetime_operator_2 to 2025-11-13 00:00:00+00:00, run_after=2025-11-14 00:00:00+00:00
[2025-11-14T11:01:08.753+0530] {logging_mixin.py:188} INFO - [2025-11-14T11:01:08.753+0530] {dag.py:3947} INFO - Setting next_dagrun for example_branch_datetime_operator_3 to 2025-11-13 00:00:00+00:00, run_after=2025-11-14 00:00:00+00:00
[2025-11-14T11:01:08.788+0530] {processor.py:183} INFO - Processing /home/logi/txtai/venv/lib/python3.10/site-packages/airflow/example_dags/example_branch_datetime_operator.py took 0.195 seconds
[2025-11-14T11:01:39.131+0530] {processor.py:161} INFO - Started process (PID=11226) to work on /home/logi/txtai/venv/lib/python3.10/site-packages/airflow/example_dags/example_branch_datetime_operator.py
[2025-11-14T11:01:39.133+0530] {processor.py:830} INFO - Processing file /home/logi/txtai/venv/lib/python3.10/site-packages/airflow/example_dags/example_branch_datetime_operator.py for tasks to queue
[2025-11-14T11:01:39.136+0530] {logging_mixin.py:188} INFO - [2025-11-14T11:01:39.136+0530] {dagbag.py:545} INFO - Filling up the DagBag from /home/logi/txtai/venv/lib/python3.10/site-packages/airflow/example_dags/example_branch_datetime_operator.py
[2025-11-14T11:01:39.154+0530] {processor.py:840} INFO - DAG(s) 'example_branch_datetime_operator_2', 'example_branch_datetime_operator', 'example_branch_datetime_operator_3' retrieved from /home/logi/txtai/venv/lib/python3.10/site-packages/airflow/example_dags/example_branch_datetime_operator.py
[2025-11-14T11:01:39.221+0530] {logging_mixin.py:188} INFO - [2025-11-14T11:01:39.220+0530] {dag.py:3089} INFO - Sync 3 DAGs
[2025-11-14T11:01:39.261+0530] {logging_mixin.py:188} INFO - [2025-11-14T11:01:39.261+0530] {dag.py:3947} INFO - Setting next_dagrun for example_branch_datetime_operator to 2025-11-13 00:00:00+00:00, run_after=2025-11-14 00:00:00+00:00
[2025-11-14T11:01:39.270+0530] {logging_mixin.py:188} INFO - [2025-11-14T11:01:39.270+0530] {dag.py:3947} INFO - Setting next_dagrun for example_branch_datetime_operator_2 to 2025-11-13 00:00:00+00:00, run_after=2025-11-14 00:00:00+00:00
[2025-11-14T11:01:39.276+0530] {logging_mixin.py:188} INFO - [2025-11-14T11:01:39.275+0530] {dag.py:3947} INFO - Setting next_dagrun for example_branch_datetime_operator_3 to 2025-11-13 00:00:00+00:00, run_after=2025-11-14 00:00:00+00:00
[2025-11-14T11:01:39.310+0530] {processor.py:183} INFO - Processing /home/logi/txtai/venv/lib/python3.10/site-packages/airflow/example_dags/example_branch_datetime_operator.py took 0.193 seconds
[2025-11-14T11:02:09.754+0530] {processor.py:161} INFO - Started process (PID=11354) to work on /home/logi/txtai/venv/lib/python3.10/site-packages/airflow/example_dags/example_branch_datetime_operator.py
[2025-11-14T11:02:09.756+0530] {processor.py:830} INFO - Processing file /home/logi/txtai/venv/lib/python3.10/site-packages/airflow/example_dags/example_branch_datetime_operator.py for tasks to queue
[2025-11-14T11:02:09.759+0530] {logging_mixin.py:188} INFO - [2025-11-14T11:02:09.758+0530] {dagbag.py:545} INFO - Filling up the DagBag from /home/logi/txtai/venv/lib/python3.10/site-packages/airflow/example_dags/example_branch_datetime_operator.py
[2025-11-14T11:02:09.776+0530] {processor.py:840} INFO - DAG(s) 'example_branch_datetime_operator', 'example_branch_datetime_operator_3', 'example_branch_datetime_operator_2' retrieved from /home/logi/txtai/venv/lib/python3.10/site-packages/airflow/example_dags/example_branch_datetime_operator.py
[2025-11-14T11:02:09.818+0530] {logging_mixin.py:188} INFO - [2025-11-14T11:02:09.817+0530] {dag.py:3089} INFO - Sync 3 DAGs
[2025-11-14T11:02:09.841+0530] {logging_mixin.py:188} INFO - [2025-11-14T11:02:09.841+0530] {dag.py:3947} INFO - Setting next_dagrun for example_branch_datetime_operator to 2025-11-13 00:00:00+00:00, run_after=2025-11-14 00:00:00+00:00
[2025-11-14T11:02:09.846+0530] {logging_mixin.py:188} INFO - [2025-11-14T11:02:09.845+0530] {dag.py:3947} INFO - Setting next_dagrun for example_branch_datetime_operator_2 to 2025-11-13 00:00:00+00:00, run_after=2025-11-14 00:00:00+00:00
[2025-11-14T11:02:09.848+0530] {logging_mixin.py:188} INFO - [2025-11-14T11:02:09.848+0530] {dag.py:3947} INFO - Setting next_dagrun for example_branch_datetime_operator_3 to 2025-11-13 00:00:00+00:00, run_after=2025-11-14 00:00:00+00:00
[2025-11-14T11:02:09.866+0530] {processor.py:183} INFO - Processing /home/logi/txtai/venv/lib/python3.10/site-packages/airflow/example_dags/example_branch_datetime_operator.py took 0.122 seconds
[2025-11-14T11:02:40.808+0530] {processor.py:161} INFO - Started process (PID=11578) to work on /home/logi/txtai/venv/lib/python3.10/site-packages/airflow/example_dags/example_branch_datetime_operator.py
[2025-11-14T11:02:40.809+0530] {processor.py:830} INFO - Processing file /home/logi/txtai/venv/lib/python3.10/site-packages/airflow/example_dags/example_branch_datetime_operator.py for tasks to queue
[2025-11-14T11:02:40.812+0530] {logging_mixin.py:188} INFO - [2025-11-14T11:02:40.812+0530] {dagbag.py:545} INFO - Filling up the DagBag from /home/logi/txtai/venv/lib/python3.10/site-packages/airflow/example_dags/example_branch_datetime_operator.py
[2025-11-14T11:02:40.828+0530] {processor.py:840} INFO - DAG(s) 'example_branch_datetime_operator', 'example_branch_datetime_operator_3', 'example_branch_datetime_operator_2' retrieved from /home/logi/txtai/venv/lib/python3.10/site-packages/airflow/example_dags/example_branch_datetime_operator.py
[2025-11-14T11:02:40.887+0530] {logging_mixin.py:188} INFO - [2025-11-14T11:02:40.886+0530] {dag.py:3089} INFO - Sync 3 DAGs
[2025-11-14T11:02:40.914+0530] {logging_mixin.py:188} INFO - [2025-11-14T11:02:40.914+0530] {dag.py:3947} INFO - Setting next_dagrun for example_branch_datetime_operator to 2025-11-13 00:00:00+00:00, run_after=2025-11-14 00:00:00+00:00
[2025-11-14T11:02:40.923+0530] {logging_mixin.py:188} INFO - [2025-11-14T11:02:40.923+0530] {dag.py:3947} INFO - Setting next_dagrun for example_branch_datetime_operator_2 to 2025-11-13 00:00:00+00:00, run_after=2025-11-14 00:00:00+00:00
[2025-11-14T11:02:40.928+0530] {logging_mixin.py:188} INFO - [2025-11-14T11:02:40.927+0530] {dag.py:3947} INFO - Setting next_dagrun for example_branch_datetime_operator_3 to 2025-11-13 00:00:00+00:00, run_after=2025-11-14 00:00:00+00:00
[2025-11-14T11:02:40.955+0530] {processor.py:183} INFO - Processing /home/logi/txtai/venv/lib/python3.10/site-packages/airflow/example_dags/example_branch_datetime_operator.py took 0.158 seconds
[2025-11-14T11:03:11.685+0530] {processor.py:161} INFO - Started process (PID=11875) to work on /home/logi/txtai/venv/lib/python3.10/site-packages/airflow/example_dags/example_branch_datetime_operator.py
[2025-11-14T11:03:11.687+0530] {processor.py:830} INFO - Processing file /home/logi/txtai/venv/lib/python3.10/site-packages/airflow/example_dags/example_branch_datetime_operator.py for tasks to queue
[2025-11-14T11:03:11.690+0530] {logging_mixin.py:188} INFO - [2025-11-14T11:03:11.690+0530] {dagbag.py:545} INFO - Filling up the DagBag from /home/logi/txtai/venv/lib/python3.10/site-packages/airflow/example_dags/example_branch_datetime_operator.py
[2025-11-14T11:03:11.709+0530] {processor.py:840} INFO - DAG(s) 'example_branch_datetime_operator_3', 'example_branch_datetime_operator', 'example_branch_datetime_operator_2' retrieved from /home/logi/txtai/venv/lib/python3.10/site-packages/airflow/example_dags/example_branch_datetime_operator.py
[2025-11-14T11:03:11.789+0530] {logging_mixin.py:188} INFO - [2025-11-14T11:03:11.789+0530] {dag.py:3089} INFO - Sync 3 DAGs
[2025-11-14T11:03:11.836+0530] {logging_mixin.py:188} INFO - [2025-11-14T11:03:11.835+0530] {dag.py:3947} INFO - Setting next_dagrun for example_branch_datetime_operator to 2025-11-13 00:00:00+00:00, run_after=2025-11-14 00:00:00+00:00
[2025-11-14T11:03:11.846+0530] {logging_mixin.py:188} INFO - [2025-11-14T11:03:11.845+0530] {dag.py:3947} INFO - Setting next_dagrun for example_branch_datetime_operator_2 to 2025-11-13 00:00:00+00:00, run_after=2025-11-14 00:00:00+00:00
[2025-11-14T11:03:11.851+0530] {logging_mixin.py:188} INFO - [2025-11-14T11:03:11.851+0530] {dag.py:3947} INFO - Setting next_dagrun for example_branch_datetime_operator_3 to 2025-11-13 00:00:00+00:00, run_after=2025-11-14 00:00:00+00:00
[2025-11-14T11:03:11.886+0530] {processor.py:183} INFO - Processing /home/logi/txtai/venv/lib/python3.10/site-packages/airflow/example_dags/example_branch_datetime_operator.py took 0.214 seconds
[2025-11-14T11:03:42.051+0530] {processor.py:161} INFO - Started process (PID=12665) to work on /home/logi/txtai/venv/lib/python3.10/site-packages/airflow/example_dags/example_branch_datetime_operator.py
[2025-11-14T11:03:42.053+0530] {processor.py:830} INFO - Processing file /home/logi/txtai/venv/lib/python3.10/site-packages/airflow/example_dags/example_branch_datetime_operator.py for tasks to queue
[2025-11-14T11:03:42.055+0530] {logging_mixin.py:188} INFO - [2025-11-14T11:03:42.054+0530] {dagbag.py:545} INFO - Filling up the DagBag from /home/logi/txtai/venv/lib/python3.10/site-packages/airflow/example_dags/example_branch_datetime_operator.py
[2025-11-14T11:03:42.066+0530] {processor.py:840} INFO - DAG(s) 'example_branch_datetime_operator_3', 'example_branch_datetime_operator', 'example_branch_datetime_operator_2' retrieved from /home/logi/txtai/venv/lib/python3.10/site-packages/airflow/example_dags/example_branch_datetime_operator.py
[2025-11-14T11:03:42.122+0530] {logging_mixin.py:188} INFO - [2025-11-14T11:03:42.121+0530] {dag.py:3089} INFO - Sync 3 DAGs
[2025-11-14T11:03:42.155+0530] {logging_mixin.py:188} INFO - [2025-11-14T11:03:42.155+0530] {dag.py:3947} INFO - Setting next_dagrun for example_branch_datetime_operator to 2025-11-13 00:00:00+00:00, run_after=2025-11-14 00:00:00+00:00
[2025-11-14T11:03:42.163+0530] {logging_mixin.py:188} INFO - [2025-11-14T11:03:42.163+0530] {dag.py:3947} INFO - Setting next_dagrun for example_branch_datetime_operator_2 to 2025-11-13 00:00:00+00:00, run_after=2025-11-14 00:00:00+00:00
[2025-11-14T11:03:42.168+0530] {logging_mixin.py:188} INFO - [2025-11-14T11:03:42.167+0530] {dag.py:3947} INFO - Setting next_dagrun for example_branch_datetime_operator_3 to 2025-11-13 00:00:00+00:00, run_after=2025-11-14 00:00:00+00:00
[2025-11-14T11:03:42.199+0530] {processor.py:183} INFO - Processing /home/logi/txtai/venv/lib/python3.10/site-packages/airflow/example_dags/example_branch_datetime_operator.py took 0.156 seconds
[2025-11-14T11:04:12.690+0530] {processor.py:161} INFO - Started process (PID=12796) to work on /home/logi/txtai/venv/lib/python3.10/site-packages/airflow/example_dags/example_branch_datetime_operator.py
[2025-11-14T11:04:12.692+0530] {processor.py:830} INFO - Processing file /home/logi/txtai/venv/lib/python3.10/site-packages/airflow/example_dags/example_branch_datetime_operator.py for tasks to queue
[2025-11-14T11:04:12.695+0530] {logging_mixin.py:188} INFO - [2025-11-14T11:04:12.695+0530] {dagbag.py:545} INFO - Filling up the DagBag from /home/logi/txtai/venv/lib/python3.10/site-packages/airflow/example_dags/example_branch_datetime_operator.py
[2025-11-14T11:04:12.712+0530] {processor.py:840} INFO - DAG(s) 'example_branch_datetime_operator', 'example_branch_datetime_operator_2', 'example_branch_datetime_operator_3' retrieved from /home/logi/txtai/venv/lib/python3.10/site-packages/airflow/example_dags/example_branch_datetime_operator.py
[2025-11-14T11:04:12.786+0530] {logging_mixin.py:188} INFO - [2025-11-14T11:04:12.786+0530] {dag.py:3089} INFO - Sync 3 DAGs
[2025-11-14T11:04:12.832+0530] {logging_mixin.py:188} INFO - [2025-11-14T11:04:12.831+0530] {dag.py:3947} INFO - Setting next_dagrun for example_branch_datetime_operator to 2025-11-13 00:00:00+00:00, run_after=2025-11-14 00:00:00+00:00
[2025-11-14T11:04:12.841+0530] {logging_mixin.py:188} INFO - [2025-11-14T11:04:12.841+0530] {dag.py:3947} INFO - Setting next_dagrun for example_branch_datetime_operator_2 to 2025-11-13 00:00:00+00:00, run_after=2025-11-14 00:00:00+00:00
[2025-11-14T11:04:12.847+0530] {logging_mixin.py:188} INFO - [2025-11-14T11:04:12.846+0530] {dag.py:3947} INFO - Setting next_dagrun for example_branch_datetime_operator_3 to 2025-11-13 00:00:00+00:00, run_after=2025-11-14 00:00:00+00:00
[2025-11-14T11:04:12.891+0530] {processor.py:183} INFO - Processing /home/logi/txtai/venv/lib/python3.10/site-packages/airflow/example_dags/example_branch_datetime_operator.py took 0.213 seconds
[2025-11-14T11:04:43.598+0530] {processor.py:161} INFO - Started process (PID=12929) to work on /home/logi/txtai/venv/lib/python3.10/site-packages/airflow/example_dags/example_branch_datetime_operator.py
[2025-11-14T11:04:43.600+0530] {processor.py:830} INFO - Processing file /home/logi/txtai/venv/lib/python3.10/site-packages/airflow/example_dags/example_branch_datetime_operator.py for tasks to queue
[2025-11-14T11:04:43.602+0530] {logging_mixin.py:188} INFO - [2025-11-14T11:04:43.602+0530] {dagbag.py:545} INFO - Filling up the DagBag from /home/logi/txtai/venv/lib/python3.10/site-packages/airflow/example_dags/example_branch_datetime_operator.py
[2025-11-14T11:04:43.613+0530] {processor.py:840} INFO - DAG(s) 'example_branch_datetime_operator', 'example_branch_datetime_operator_3', 'example_branch_datetime_operator_2' retrieved from /home/logi/txtai/venv/lib/python3.10/site-packages/airflow/example_dags/example_branch_datetime_operator.py
[2025-11-14T11:04:43.659+0530] {logging_mixin.py:188} INFO - [2025-11-14T11:04:43.658+0530] {dag.py:3089} INFO - Sync 3 DAGs
[2025-11-14T11:04:43.694+0530] {logging_mixin.py:188} INFO - [2025-11-14T11:04:43.694+0530] {dag.py:3947} INFO - Setting next_dagrun for example_branch_datetime_operator to 2025-11-13 00:00:00+00:00, run_after=2025-11-14 00:00:00+00:00
[2025-11-14T11:04:43.702+0530] {logging_mixin.py:188} INFO - [2025-11-14T11:04:43.702+0530] {dag.py:3947} INFO - Setting next_dagrun for example_branch_datetime_operator_2 to 2025-11-13 00:00:00+00:00, run_after=2025-11-14 00:00:00+00:00
[2025-11-14T11:04:43.706+0530] {logging_mixin.py:188} INFO - [2025-11-14T11:04:43.705+0530] {dag.py:3947} INFO - Setting next_dagrun for example_branch_datetime_operator_3 to 2025-11-13 00:00:00+00:00, run_after=2025-11-14 00:00:00+00:00
[2025-11-14T11:04:43.728+0530] {processor.py:183} INFO - Processing /home/logi/txtai/venv/lib/python3.10/site-packages/airflow/example_dags/example_branch_datetime_operator.py took 0.140 seconds
[2025-11-14T11:05:14.400+0530] {processor.py:161} INFO - Started process (PID=13078) to work on /home/logi/txtai/venv/lib/python3.10/site-packages/airflow/example_dags/example_branch_datetime_operator.py
[2025-11-14T11:05:14.402+0530] {processor.py:830} INFO - Processing file /home/logi/txtai/venv/lib/python3.10/site-packages/airflow/example_dags/example_branch_datetime_operator.py for tasks to queue
[2025-11-14T11:05:14.405+0530] {logging_mixin.py:188} INFO - [2025-11-14T11:05:14.405+0530] {dagbag.py:545} INFO - Filling up the DagBag from /home/logi/txtai/venv/lib/python3.10/site-packages/airflow/example_dags/example_branch_datetime_operator.py
[2025-11-14T11:05:14.422+0530] {processor.py:840} INFO - DAG(s) 'example_branch_datetime_operator_3', 'example_branch_datetime_operator', 'example_branch_datetime_operator_2' retrieved from /home/logi/txtai/venv/lib/python3.10/site-packages/airflow/example_dags/example_branch_datetime_operator.py
[2025-11-14T11:05:14.493+0530] {logging_mixin.py:188} INFO - [2025-11-14T11:05:14.493+0530] {dag.py:3089} INFO - Sync 3 DAGs
[2025-11-14T11:05:14.540+0530] {logging_mixin.py:188} INFO - [2025-11-14T11:05:14.539+0530] {dag.py:3947} INFO - Setting next_dagrun for example_branch_datetime_operator to 2025-11-13 00:00:00+00:00, run_after=2025-11-14 00:00:00+00:00
[2025-11-14T11:05:14.550+0530] {logging_mixin.py:188} INFO - [2025-11-14T11:05:14.549+0530] {dag.py:3947} INFO - Setting next_dagrun for example_branch_datetime_operator_2 to 2025-11-13 00:00:00+00:00, run_after=2025-11-14 00:00:00+00:00
[2025-11-14T11:05:14.555+0530] {logging_mixin.py:188} INFO - [2025-11-14T11:05:14.555+0530] {dag.py:3947} INFO - Setting next_dagrun for example_branch_datetime_operator_3 to 2025-11-13 00:00:00+00:00, run_after=2025-11-14 00:00:00+00:00
[2025-11-14T11:05:14.600+0530] {processor.py:183} INFO - Processing /home/logi/txtai/venv/lib/python3.10/site-packages/airflow/example_dags/example_branch_datetime_operator.py took 0.211 seconds
[2025-11-14T11:05:44.778+0530] {processor.py:161} INFO - Started process (PID=13206) to work on /home/logi/txtai/venv/lib/python3.10/site-packages/airflow/example_dags/example_branch_datetime_operator.py
[2025-11-14T11:05:44.780+0530] {processor.py:830} INFO - Processing file /home/logi/txtai/venv/lib/python3.10/site-packages/airflow/example_dags/example_branch_datetime_operator.py for tasks to queue
[2025-11-14T11:05:44.782+0530] {logging_mixin.py:188} INFO - [2025-11-14T11:05:44.782+0530] {dagbag.py:545} INFO - Filling up the DagBag from /home/logi/txtai/venv/lib/python3.10/site-packages/airflow/example_dags/example_branch_datetime_operator.py
[2025-11-14T11:05:44.798+0530] {processor.py:840} INFO - DAG(s) 'example_branch_datetime_operator_2', 'example_branch_datetime_operator_3', 'example_branch_datetime_operator' retrieved from /home/logi/txtai/venv/lib/python3.10/site-packages/airflow/example_dags/example_branch_datetime_operator.py
[2025-11-14T11:05:44.855+0530] {logging_mixin.py:188} INFO - [2025-11-14T11:05:44.855+0530] {dag.py:3089} INFO - Sync 3 DAGs
[2025-11-14T11:05:44.894+0530] {logging_mixin.py:188} INFO - [2025-11-14T11:05:44.893+0530] {dag.py:3947} INFO - Setting next_dagrun for example_branch_datetime_operator to 2025-11-13 00:00:00+00:00, run_after=2025-11-14 00:00:00+00:00
[2025-11-14T11:05:44.902+0530] {logging_mixin.py:188} INFO - [2025-11-14T11:05:44.902+0530] {dag.py:3947} INFO - Setting next_dagrun for example_branch_datetime_operator_2 to 2025-11-13 00:00:00+00:00, run_after=2025-11-14 00:00:00+00:00
[2025-11-14T11:05:44.907+0530] {logging_mixin.py:188} INFO - [2025-11-14T11:05:44.907+0530] {dag.py:3947} INFO - Setting next_dagrun for example_branch_datetime_operator_3 to 2025-11-13 00:00:00+00:00, run_after=2025-11-14 00:00:00+00:00
[2025-11-14T11:05:44.935+0530] {processor.py:183} INFO - Processing /home/logi/txtai/venv/lib/python3.10/site-packages/airflow/example_dags/example_branch_datetime_operator.py took 0.168 seconds
[2025-11-14T11:06:15.169+0530] {processor.py:161} INFO - Started process (PID=13336) to work on /home/logi/txtai/venv/lib/python3.10/site-packages/airflow/example_dags/example_branch_datetime_operator.py
[2025-11-14T11:06:15.170+0530] {processor.py:830} INFO - Processing file /home/logi/txtai/venv/lib/python3.10/site-packages/airflow/example_dags/example_branch_datetime_operator.py for tasks to queue
[2025-11-14T11:06:15.172+0530] {logging_mixin.py:188} INFO - [2025-11-14T11:06:15.172+0530] {dagbag.py:545} INFO - Filling up the DagBag from /home/logi/txtai/venv/lib/python3.10/site-packages/airflow/example_dags/example_branch_datetime_operator.py
[2025-11-14T11:06:15.181+0530] {processor.py:840} INFO - DAG(s) 'example_branch_datetime_operator_2', 'example_branch_datetime_operator_3', 'example_branch_datetime_operator' retrieved from /home/logi/txtai/venv/lib/python3.10/site-packages/airflow/example_dags/example_branch_datetime_operator.py
[2025-11-14T11:06:15.218+0530] {logging_mixin.py:188} INFO - [2025-11-14T11:06:15.217+0530] {dag.py:3089} INFO - Sync 3 DAGs
[2025-11-14T11:06:15.239+0530] {logging_mixin.py:188} INFO - [2025-11-14T11:06:15.239+0530] {dag.py:3947} INFO - Setting next_dagrun for example_branch_datetime_operator to 2025-11-13 00:00:00+00:00, run_after=2025-11-14 00:00:00+00:00
[2025-11-14T11:06:15.244+0530] {logging_mixin.py:188} INFO - [2025-11-14T11:06:15.243+0530] {dag.py:3947} INFO - Setting next_dagrun for example_branch_datetime_operator_2 to 2025-11-13 00:00:00+00:00, run_after=2025-11-14 00:00:00+00:00
[2025-11-14T11:06:15.246+0530] {logging_mixin.py:188} INFO - [2025-11-14T11:06:15.246+0530] {dag.py:3947} INFO - Setting next_dagrun for example_branch_datetime_operator_3 to 2025-11-13 00:00:00+00:00, run_after=2025-11-14 00:00:00+00:00
[2025-11-14T11:06:15.264+0530] {processor.py:183} INFO - Processing /home/logi/txtai/venv/lib/python3.10/site-packages/airflow/example_dags/example_branch_datetime_operator.py took 0.108 seconds
[2025-11-14T11:06:45.338+0530] {processor.py:161} INFO - Started process (PID=13466) to work on /home/logi/txtai/venv/lib/python3.10/site-packages/airflow/example_dags/example_branch_datetime_operator.py
[2025-11-14T11:06:45.340+0530] {processor.py:830} INFO - Processing file /home/logi/txtai/venv/lib/python3.10/site-packages/airflow/example_dags/example_branch_datetime_operator.py for tasks to queue
[2025-11-14T11:06:45.343+0530] {logging_mixin.py:188} INFO - [2025-11-14T11:06:45.342+0530] {dagbag.py:545} INFO - Filling up the DagBag from /home/logi/txtai/venv/lib/python3.10/site-packages/airflow/example_dags/example_branch_datetime_operator.py
[2025-11-14T11:06:45.362+0530] {processor.py:840} INFO - DAG(s) 'example_branch_datetime_operator_3', 'example_branch_datetime_operator_2', 'example_branch_datetime_operator' retrieved from /home/logi/txtai/venv/lib/python3.10/site-packages/airflow/example_dags/example_branch_datetime_operator.py
[2025-11-14T11:06:45.420+0530] {logging_mixin.py:188} INFO - [2025-11-14T11:06:45.420+0530] {dag.py:3089} INFO - Sync 3 DAGs
[2025-11-14T11:06:45.466+0530] {logging_mixin.py:188} INFO - [2025-11-14T11:06:45.466+0530] {dag.py:3947} INFO - Setting next_dagrun for example_branch_datetime_operator to 2025-11-13 00:00:00+00:00, run_after=2025-11-14 00:00:00+00:00
[2025-11-14T11:06:45.473+0530] {logging_mixin.py:188} INFO - [2025-11-14T11:06:45.473+0530] {dag.py:3947} INFO - Setting next_dagrun for example_branch_datetime_operator_2 to 2025-11-13 00:00:00+00:00, run_after=2025-11-14 00:00:00+00:00
[2025-11-14T11:06:45.476+0530] {logging_mixin.py:188} INFO - [2025-11-14T11:06:45.476+0530] {dag.py:3947} INFO - Setting next_dagrun for example_branch_datetime_operator_3 to 2025-11-13 00:00:00+00:00, run_after=2025-11-14 00:00:00+00:00
[2025-11-14T11:06:45.511+0530] {processor.py:183} INFO - Processing /home/logi/txtai/venv/lib/python3.10/site-packages/airflow/example_dags/example_branch_datetime_operator.py took 0.184 seconds
[2025-11-14T11:07:16.283+0530] {processor.py:161} INFO - Started process (PID=13650) to work on /home/logi/txtai/venv/lib/python3.10/site-packages/airflow/example_dags/example_branch_datetime_operator.py
[2025-11-14T11:07:16.288+0530] {processor.py:830} INFO - Processing file /home/logi/txtai/venv/lib/python3.10/site-packages/airflow/example_dags/example_branch_datetime_operator.py for tasks to queue
[2025-11-14T11:07:16.291+0530] {logging_mixin.py:188} INFO - [2025-11-14T11:07:16.290+0530] {dagbag.py:545} INFO - Filling up the DagBag from /home/logi/txtai/venv/lib/python3.10/site-packages/airflow/example_dags/example_branch_datetime_operator.py
[2025-11-14T11:07:16.309+0530] {processor.py:840} INFO - DAG(s) 'example_branch_datetime_operator_2', 'example_branch_datetime_operator_3', 'example_branch_datetime_operator' retrieved from /home/logi/txtai/venv/lib/python3.10/site-packages/airflow/example_dags/example_branch_datetime_operator.py
[2025-11-14T11:07:16.382+0530] {logging_mixin.py:188} INFO - [2025-11-14T11:07:16.381+0530] {dag.py:3089} INFO - Sync 3 DAGs
[2025-11-14T11:07:16.426+0530] {logging_mixin.py:188} INFO - [2025-11-14T11:07:16.426+0530] {dag.py:3947} INFO - Setting next_dagrun for example_branch_datetime_operator to 2025-11-13 00:00:00+00:00, run_after=2025-11-14 00:00:00+00:00
[2025-11-14T11:07:16.436+0530] {logging_mixin.py:188} INFO - [2025-11-14T11:07:16.435+0530] {dag.py:3947} INFO - Setting next_dagrun for example_branch_datetime_operator_2 to 2025-11-13 00:00:00+00:00, run_after=2025-11-14 00:00:00+00:00
[2025-11-14T11:07:16.441+0530] {logging_mixin.py:188} INFO - [2025-11-14T11:07:16.441+0530] {dag.py:3947} INFO - Setting next_dagrun for example_branch_datetime_operator_3 to 2025-11-13 00:00:00+00:00, run_after=2025-11-14 00:00:00+00:00
[2025-11-14T11:07:16.497+0530] {processor.py:183} INFO - Processing /home/logi/txtai/venv/lib/python3.10/site-packages/airflow/example_dags/example_branch_datetime_operator.py took 0.226 seconds
[2025-11-14T11:07:46.905+0530] {processor.py:161} INFO - Started process (PID=13887) to work on /home/logi/txtai/venv/lib/python3.10/site-packages/airflow/example_dags/example_branch_datetime_operator.py
[2025-11-14T11:07:46.908+0530] {processor.py:830} INFO - Processing file /home/logi/txtai/venv/lib/python3.10/site-packages/airflow/example_dags/example_branch_datetime_operator.py for tasks to queue
[2025-11-14T11:07:46.910+0530] {logging_mixin.py:188} INFO - [2025-11-14T11:07:46.910+0530] {dagbag.py:545} INFO - Filling up the DagBag from /home/logi/txtai/venv/lib/python3.10/site-packages/airflow/example_dags/example_branch_datetime_operator.py
[2025-11-14T11:07:46.929+0530] {processor.py:840} INFO - DAG(s) 'example_branch_datetime_operator', 'example_branch_datetime_operator_2', 'example_branch_datetime_operator_3' retrieved from /home/logi/txtai/venv/lib/python3.10/site-packages/airflow/example_dags/example_branch_datetime_operator.py
[2025-11-14T11:07:46.976+0530] {logging_mixin.py:188} INFO - [2025-11-14T11:07:46.976+0530] {dag.py:3089} INFO - Sync 3 DAGs
[2025-11-14T11:07:47.001+0530] {logging_mixin.py:188} INFO - [2025-11-14T11:07:47.001+0530] {dag.py:3947} INFO - Setting next_dagrun for example_branch_datetime_operator to 2025-11-13 00:00:00+00:00, run_after=2025-11-14 00:00:00+00:00
[2025-11-14T11:07:47.008+0530] {logging_mixin.py:188} INFO - [2025-11-14T11:07:47.008+0530] {dag.py:3947} INFO - Setting next_dagrun for example_branch_datetime_operator_2 to 2025-11-13 00:00:00+00:00, run_after=2025-11-14 00:00:00+00:00
[2025-11-14T11:07:47.010+0530] {logging_mixin.py:188} INFO - [2025-11-14T11:07:47.010+0530] {dag.py:3947} INFO - Setting next_dagrun for example_branch_datetime_operator_3 to 2025-11-13 00:00:00+00:00, run_after=2025-11-14 00:00:00+00:00
[2025-11-14T11:07:47.040+0530] {processor.py:183} INFO - Processing /home/logi/txtai/venv/lib/python3.10/site-packages/airflow/example_dags/example_branch_datetime_operator.py took 0.148 seconds
[2025-11-14T11:08:17.393+0530] {processor.py:161} INFO - Started process (PID=14492) to work on /home/logi/txtai/venv/lib/python3.10/site-packages/airflow/example_dags/example_branch_datetime_operator.py
[2025-11-14T11:08:17.395+0530] {processor.py:830} INFO - Processing file /home/logi/txtai/venv/lib/python3.10/site-packages/airflow/example_dags/example_branch_datetime_operator.py for tasks to queue
[2025-11-14T11:08:17.397+0530] {logging_mixin.py:188} INFO - [2025-11-14T11:08:17.397+0530] {dagbag.py:545} INFO - Filling up the DagBag from /home/logi/txtai/venv/lib/python3.10/site-packages/airflow/example_dags/example_branch_datetime_operator.py
[2025-11-14T11:08:17.413+0530] {processor.py:840} INFO - DAG(s) 'example_branch_datetime_operator_2', 'example_branch_datetime_operator_3', 'example_branch_datetime_operator' retrieved from /home/logi/txtai/venv/lib/python3.10/site-packages/airflow/example_dags/example_branch_datetime_operator.py
[2025-11-14T11:08:17.473+0530] {logging_mixin.py:188} INFO - [2025-11-14T11:08:17.473+0530] {dag.py:3089} INFO - Sync 3 DAGs
[2025-11-14T11:08:17.520+0530] {logging_mixin.py:188} INFO - [2025-11-14T11:08:17.520+0530] {dag.py:3947} INFO - Setting next_dagrun for example_branch_datetime_operator to 2025-11-13 00:00:00+00:00, run_after=2025-11-14 00:00:00+00:00
[2025-11-14T11:08:17.526+0530] {logging_mixin.py:188} INFO - [2025-11-14T11:08:17.525+0530] {dag.py:3947} INFO - Setting next_dagrun for example_branch_datetime_operator_2 to 2025-11-13 00:00:00+00:00, run_after=2025-11-14 00:00:00+00:00
[2025-11-14T11:08:17.528+0530] {logging_mixin.py:188} INFO - [2025-11-14T11:08:17.528+0530] {dag.py:3947} INFO - Setting next_dagrun for example_branch_datetime_operator_3 to 2025-11-13 00:00:00+00:00, run_after=2025-11-14 00:00:00+00:00
[2025-11-14T11:08:17.551+0530] {processor.py:183} INFO - Processing /home/logi/txtai/venv/lib/python3.10/site-packages/airflow/example_dags/example_branch_datetime_operator.py took 0.169 seconds
[2025-11-14T11:08:47.784+0530] {processor.py:161} INFO - Started process (PID=14647) to work on /home/logi/txtai/venv/lib/python3.10/site-packages/airflow/example_dags/example_branch_datetime_operator.py
[2025-11-14T11:08:47.785+0530] {processor.py:830} INFO - Processing file /home/logi/txtai/venv/lib/python3.10/site-packages/airflow/example_dags/example_branch_datetime_operator.py for tasks to queue
[2025-11-14T11:08:47.787+0530] {logging_mixin.py:188} INFO - [2025-11-14T11:08:47.786+0530] {dagbag.py:545} INFO - Filling up the DagBag from /home/logi/txtai/venv/lib/python3.10/site-packages/airflow/example_dags/example_branch_datetime_operator.py
[2025-11-14T11:08:47.797+0530] {processor.py:840} INFO - DAG(s) 'example_branch_datetime_operator', 'example_branch_datetime_operator_2', 'example_branch_datetime_operator_3' retrieved from /home/logi/txtai/venv/lib/python3.10/site-packages/airflow/example_dags/example_branch_datetime_operator.py
[2025-11-14T11:08:47.852+0530] {logging_mixin.py:188} INFO - [2025-11-14T11:08:47.852+0530] {dag.py:3089} INFO - Sync 3 DAGs
[2025-11-14T11:08:47.896+0530] {logging_mixin.py:188} INFO - [2025-11-14T11:08:47.895+0530] {dag.py:3947} INFO - Setting next_dagrun for example_branch_datetime_operator to 2025-11-13 00:00:00+00:00, run_after=2025-11-14 00:00:00+00:00
[2025-11-14T11:08:47.904+0530] {logging_mixin.py:188} INFO - [2025-11-14T11:08:47.903+0530] {dag.py:3947} INFO - Setting next_dagrun for example_branch_datetime_operator_2 to 2025-11-13 00:00:00+00:00, run_after=2025-11-14 00:00:00+00:00
[2025-11-14T11:08:47.908+0530] {logging_mixin.py:188} INFO - [2025-11-14T11:08:47.908+0530] {dag.py:3947} INFO - Setting next_dagrun for example_branch_datetime_operator_3 to 2025-11-13 00:00:00+00:00, run_after=2025-11-14 00:00:00+00:00
[2025-11-14T11:08:47.952+0530] {processor.py:183} INFO - Processing /home/logi/txtai/venv/lib/python3.10/site-packages/airflow/example_dags/example_branch_datetime_operator.py took 0.177 seconds
[2025-11-14T11:09:18.877+0530] {processor.py:161} INFO - Started process (PID=14784) to work on /home/logi/txtai/venv/lib/python3.10/site-packages/airflow/example_dags/example_branch_datetime_operator.py
[2025-11-14T11:09:18.890+0530] {processor.py:830} INFO - Processing file /home/logi/txtai/venv/lib/python3.10/site-packages/airflow/example_dags/example_branch_datetime_operator.py for tasks to queue
[2025-11-14T11:09:18.893+0530] {logging_mixin.py:188} INFO - [2025-11-14T11:09:18.893+0530] {dagbag.py:545} INFO - Filling up the DagBag from /home/logi/txtai/venv/lib/python3.10/site-packages/airflow/example_dags/example_branch_datetime_operator.py
[2025-11-14T11:09:18.910+0530] {processor.py:840} INFO - DAG(s) 'example_branch_datetime_operator_2', 'example_branch_datetime_operator_3', 'example_branch_datetime_operator' retrieved from /home/logi/txtai/venv/lib/python3.10/site-packages/airflow/example_dags/example_branch_datetime_operator.py
[2025-11-14T11:09:18.986+0530] {logging_mixin.py:188} INFO - [2025-11-14T11:09:18.985+0530] {dag.py:3089} INFO - Sync 3 DAGs
[2025-11-14T11:09:19.032+0530] {logging_mixin.py:188} INFO - [2025-11-14T11:09:19.031+0530] {dag.py:3947} INFO - Setting next_dagrun for example_branch_datetime_operator to 2025-11-13 00:00:00+00:00, run_after=2025-11-14 00:00:00+00:00
[2025-11-14T11:09:19.041+0530] {logging_mixin.py:188} INFO - [2025-11-14T11:09:19.041+0530] {dag.py:3947} INFO - Setting next_dagrun for example_branch_datetime_operator_2 to 2025-11-13 00:00:00+00:00, run_after=2025-11-14 00:00:00+00:00
[2025-11-14T11:09:19.048+0530] {logging_mixin.py:188} INFO - [2025-11-14T11:09:19.047+0530] {dag.py:3947} INFO - Setting next_dagrun for example_branch_datetime_operator_3 to 2025-11-13 00:00:00+00:00, run_after=2025-11-14 00:00:00+00:00
[2025-11-14T11:09:19.093+0530] {processor.py:183} INFO - Processing /home/logi/txtai/venv/lib/python3.10/site-packages/airflow/example_dags/example_branch_datetime_operator.py took 0.229 seconds
[2025-11-14T11:09:49.846+0530] {processor.py:161} INFO - Started process (PID=14901) to work on /home/logi/txtai/venv/lib/python3.10/site-packages/airflow/example_dags/example_branch_datetime_operator.py
[2025-11-14T11:09:49.849+0530] {processor.py:830} INFO - Processing file /home/logi/txtai/venv/lib/python3.10/site-packages/airflow/example_dags/example_branch_datetime_operator.py for tasks to queue
[2025-11-14T11:09:49.854+0530] {logging_mixin.py:188} INFO - [2025-11-14T11:09:49.853+0530] {dagbag.py:545} INFO - Filling up the DagBag from /home/logi/txtai/venv/lib/python3.10/site-packages/airflow/example_dags/example_branch_datetime_operator.py
[2025-11-14T11:09:49.874+0530] {processor.py:840} INFO - DAG(s) 'example_branch_datetime_operator_3', 'example_branch_datetime_operator', 'example_branch_datetime_operator_2' retrieved from /home/logi/txtai/venv/lib/python3.10/site-packages/airflow/example_dags/example_branch_datetime_operator.py
[2025-11-14T11:09:49.938+0530] {logging_mixin.py:188} INFO - [2025-11-14T11:09:49.937+0530] {dag.py:3089} INFO - Sync 3 DAGs
[2025-11-14T11:09:49.974+0530] {logging_mixin.py:188} INFO - [2025-11-14T11:09:49.974+0530] {dag.py:3947} INFO - Setting next_dagrun for example_branch_datetime_operator to 2025-11-13 00:00:00+00:00, run_after=2025-11-14 00:00:00+00:00
[2025-11-14T11:09:49.981+0530] {logging_mixin.py:188} INFO - [2025-11-14T11:09:49.981+0530] {dag.py:3947} INFO - Setting next_dagrun for example_branch_datetime_operator_2 to 2025-11-13 00:00:00+00:00, run_after=2025-11-14 00:00:00+00:00
[2025-11-14T11:09:49.985+0530] {logging_mixin.py:188} INFO - [2025-11-14T11:09:49.985+0530] {dag.py:3947} INFO - Setting next_dagrun for example_branch_datetime_operator_3 to 2025-11-13 00:00:00+00:00, run_after=2025-11-14 00:00:00+00:00
[2025-11-14T11:09:50.017+0530] {processor.py:183} INFO - Processing /home/logi/txtai/venv/lib/python3.10/site-packages/airflow/example_dags/example_branch_datetime_operator.py took 0.194 seconds
[2025-11-14T11:10:20.679+0530] {processor.py:161} INFO - Started process (PID=15082) to work on /home/logi/txtai/venv/lib/python3.10/site-packages/airflow/example_dags/example_branch_datetime_operator.py
[2025-11-14T11:10:20.680+0530] {processor.py:830} INFO - Processing file /home/logi/txtai/venv/lib/python3.10/site-packages/airflow/example_dags/example_branch_datetime_operator.py for tasks to queue
[2025-11-14T11:10:20.683+0530] {logging_mixin.py:188} INFO - [2025-11-14T11:10:20.682+0530] {dagbag.py:545} INFO - Filling up the DagBag from /home/logi/txtai/venv/lib/python3.10/site-packages/airflow/example_dags/example_branch_datetime_operator.py
[2025-11-14T11:10:20.700+0530] {processor.py:840} INFO - DAG(s) 'example_branch_datetime_operator_2', 'example_branch_datetime_operator_3', 'example_branch_datetime_operator' retrieved from /home/logi/txtai/venv/lib/python3.10/site-packages/airflow/example_dags/example_branch_datetime_operator.py
[2025-11-14T11:10:20.739+0530] {logging_mixin.py:188} INFO - [2025-11-14T11:10:20.738+0530] {dag.py:3089} INFO - Sync 3 DAGs
[2025-11-14T11:10:20.759+0530] {logging_mixin.py:188} INFO - [2025-11-14T11:10:20.759+0530] {dag.py:3947} INFO - Setting next_dagrun for example_branch_datetime_operator to 2025-11-13 00:00:00+00:00, run_after=2025-11-14 00:00:00+00:00
[2025-11-14T11:10:20.764+0530] {logging_mixin.py:188} INFO - [2025-11-14T11:10:20.764+0530] {dag.py:3947} INFO - Setting next_dagrun for example_branch_datetime_operator_2 to 2025-11-13 00:00:00+00:00, run_after=2025-11-14 00:00:00+00:00
[2025-11-14T11:10:20.766+0530] {logging_mixin.py:188} INFO - [2025-11-14T11:10:20.766+0530] {dag.py:3947} INFO - Setting next_dagrun for example_branch_datetime_operator_3 to 2025-11-13 00:00:00+00:00, run_after=2025-11-14 00:00:00+00:00
[2025-11-14T11:10:20.782+0530] {processor.py:183} INFO - Processing /home/logi/txtai/venv/lib/python3.10/site-packages/airflow/example_dags/example_branch_datetime_operator.py took 0.114 seconds
