[2025-11-14T10:48:52.347+0530] {processor.py:161} INFO - Started process (PID=6102) to work on /home/logi/txtai/venv/lib/python3.10/site-packages/airflow/example_dags/example_branch_labels.py
[2025-11-14T10:48:52.350+0530] {processor.py:830} INFO - Processing file /home/logi/txtai/venv/lib/python3.10/site-packages/airflow/example_dags/example_branch_labels.py for tasks to queue
[2025-11-14T10:48:52.358+0530] {logging_mixin.py:188} INFO - [2025-11-14T10:48:52.356+0530] {dagbag.py:545} INFO - Filling up the DagBag from /home/logi/txtai/venv/lib/python3.10/site-packages/airflow/example_dags/example_branch_labels.py
[2025-11-14T10:48:52.388+0530] {processor.py:840} INFO - DAG(s) 'example_branch_labels' retrieved from /home/logi/txtai/venv/lib/python3.10/site-packages/airflow/example_dags/example_branch_labels.py
[2025-11-14T10:48:52.562+0530] {logging_mixin.py:188} INFO - [2025-11-14T10:48:52.557+0530] {dag.py:3089} INFO - Sync 1 DAGs
[2025-11-14T10:48:52.688+0530] {logging_mixin.py:188} INFO - [2025-11-14T10:48:52.687+0530] {dag.py:3947} INFO - Setting next_dagrun for example_branch_labels to 2025-11-13 00:00:00+00:00, run_after=2025-11-14 00:00:00+00:00
[2025-11-14T10:48:52.777+0530] {processor.py:183} INFO - Processing /home/logi/txtai/venv/lib/python3.10/site-packages/airflow/example_dags/example_branch_labels.py took 0.457 seconds
[2025-11-14T10:49:23.225+0530] {processor.py:161} INFO - Started process (PID=6735) to work on /home/logi/txtai/venv/lib/python3.10/site-packages/airflow/example_dags/example_branch_labels.py
[2025-11-14T10:49:23.231+0530] {processor.py:830} INFO - Processing file /home/logi/txtai/venv/lib/python3.10/site-packages/airflow/example_dags/example_branch_labels.py for tasks to queue
[2025-11-14T10:49:23.236+0530] {logging_mixin.py:188} INFO - [2025-11-14T10:49:23.235+0530] {dagbag.py:545} INFO - Filling up the DagBag from /home/logi/txtai/venv/lib/python3.10/site-packages/airflow/example_dags/example_branch_labels.py
[2025-11-14T10:49:23.253+0530] {processor.py:840} INFO - DAG(s) 'example_branch_labels' retrieved from /home/logi/txtai/venv/lib/python3.10/site-packages/airflow/example_dags/example_branch_labels.py
[2025-11-14T10:49:23.327+0530] {logging_mixin.py:188} INFO - [2025-11-14T10:49:23.327+0530] {dag.py:3089} INFO - Sync 1 DAGs
[2025-11-14T10:49:23.387+0530] {logging_mixin.py:188} INFO - [2025-11-14T10:49:23.386+0530] {dag.py:3947} INFO - Setting next_dagrun for example_branch_labels to 2025-11-13 00:00:00+00:00, run_after=2025-11-14 00:00:00+00:00
[2025-11-14T10:49:23.441+0530] {processor.py:183} INFO - Processing /home/logi/txtai/venv/lib/python3.10/site-packages/airflow/example_dags/example_branch_labels.py took 0.232 seconds
[2025-11-14T10:49:54.267+0530] {processor.py:161} INFO - Started process (PID=7430) to work on /home/logi/txtai/venv/lib/python3.10/site-packages/airflow/example_dags/example_branch_labels.py
[2025-11-14T10:49:54.268+0530] {processor.py:830} INFO - Processing file /home/logi/txtai/venv/lib/python3.10/site-packages/airflow/example_dags/example_branch_labels.py for tasks to queue
[2025-11-14T10:49:54.270+0530] {logging_mixin.py:188} INFO - [2025-11-14T10:49:54.270+0530] {dagbag.py:545} INFO - Filling up the DagBag from /home/logi/txtai/venv/lib/python3.10/site-packages/airflow/example_dags/example_branch_labels.py
[2025-11-14T10:49:54.279+0530] {processor.py:840} INFO - DAG(s) 'example_branch_labels' retrieved from /home/logi/txtai/venv/lib/python3.10/site-packages/airflow/example_dags/example_branch_labels.py
[2025-11-14T10:49:54.317+0530] {logging_mixin.py:188} INFO - [2025-11-14T10:49:54.316+0530] {dag.py:3089} INFO - Sync 1 DAGs
[2025-11-14T10:49:54.344+0530] {logging_mixin.py:188} INFO - [2025-11-14T10:49:54.344+0530] {dag.py:3947} INFO - Setting next_dagrun for example_branch_labels to 2025-11-13 00:00:00+00:00, run_after=2025-11-14 00:00:00+00:00
[2025-11-14T10:49:54.372+0530] {processor.py:183} INFO - Processing /home/logi/txtai/venv/lib/python3.10/site-packages/airflow/example_dags/example_branch_labels.py took 0.116 seconds
[2025-11-14T10:50:24.955+0530] {processor.py:161} INFO - Started process (PID=7930) to work on /home/logi/txtai/venv/lib/python3.10/site-packages/airflow/example_dags/example_branch_labels.py
[2025-11-14T10:50:24.956+0530] {processor.py:830} INFO - Processing file /home/logi/txtai/venv/lib/python3.10/site-packages/airflow/example_dags/example_branch_labels.py for tasks to queue
[2025-11-14T10:50:24.957+0530] {logging_mixin.py:188} INFO - [2025-11-14T10:50:24.957+0530] {dagbag.py:545} INFO - Filling up the DagBag from /home/logi/txtai/venv/lib/python3.10/site-packages/airflow/example_dags/example_branch_labels.py
[2025-11-14T10:50:24.966+0530] {processor.py:840} INFO - DAG(s) 'example_branch_labels' retrieved from /home/logi/txtai/venv/lib/python3.10/site-packages/airflow/example_dags/example_branch_labels.py
[2025-11-14T10:50:25.000+0530] {logging_mixin.py:188} INFO - [2025-11-14T10:50:25.000+0530] {dag.py:3089} INFO - Sync 1 DAGs
[2025-11-14T10:50:25.027+0530] {logging_mixin.py:188} INFO - [2025-11-14T10:50:25.027+0530] {dag.py:3947} INFO - Setting next_dagrun for example_branch_labels to 2025-11-13 00:00:00+00:00, run_after=2025-11-14 00:00:00+00:00
[2025-11-14T10:50:25.052+0530] {processor.py:183} INFO - Processing /home/logi/txtai/venv/lib/python3.10/site-packages/airflow/example_dags/example_branch_labels.py took 0.104 seconds
[2025-11-14T10:50:56.022+0530] {processor.py:161} INFO - Started process (PID=8171) to work on /home/logi/txtai/venv/lib/python3.10/site-packages/airflow/example_dags/example_branch_labels.py
[2025-11-14T10:50:56.023+0530] {processor.py:830} INFO - Processing file /home/logi/txtai/venv/lib/python3.10/site-packages/airflow/example_dags/example_branch_labels.py for tasks to queue
[2025-11-14T10:50:56.025+0530] {logging_mixin.py:188} INFO - [2025-11-14T10:50:56.024+0530] {dagbag.py:545} INFO - Filling up the DagBag from /home/logi/txtai/venv/lib/python3.10/site-packages/airflow/example_dags/example_branch_labels.py
[2025-11-14T10:50:56.031+0530] {processor.py:840} INFO - DAG(s) 'example_branch_labels' retrieved from /home/logi/txtai/venv/lib/python3.10/site-packages/airflow/example_dags/example_branch_labels.py
[2025-11-14T10:50:56.070+0530] {logging_mixin.py:188} INFO - [2025-11-14T10:50:56.070+0530] {dag.py:3089} INFO - Sync 1 DAGs
[2025-11-14T10:50:56.109+0530] {logging_mixin.py:188} INFO - [2025-11-14T10:50:56.108+0530] {dag.py:3947} INFO - Setting next_dagrun for example_branch_labels to 2025-11-13 00:00:00+00:00, run_after=2025-11-14 00:00:00+00:00
[2025-11-14T10:50:56.129+0530] {processor.py:183} INFO - Processing /home/logi/txtai/venv/lib/python3.10/site-packages/airflow/example_dags/example_branch_labels.py took 0.114 seconds
[2025-11-14T10:51:26.289+0530] {processor.py:161} INFO - Started process (PID=8325) to work on /home/logi/txtai/venv/lib/python3.10/site-packages/airflow/example_dags/example_branch_labels.py
[2025-11-14T10:51:26.291+0530] {processor.py:830} INFO - Processing file /home/logi/txtai/venv/lib/python3.10/site-packages/airflow/example_dags/example_branch_labels.py for tasks to queue
[2025-11-14T10:51:26.293+0530] {logging_mixin.py:188} INFO - [2025-11-14T10:51:26.293+0530] {dagbag.py:545} INFO - Filling up the DagBag from /home/logi/txtai/venv/lib/python3.10/site-packages/airflow/example_dags/example_branch_labels.py
[2025-11-14T10:51:26.310+0530] {processor.py:840} INFO - DAG(s) 'example_branch_labels' retrieved from /home/logi/txtai/venv/lib/python3.10/site-packages/airflow/example_dags/example_branch_labels.py
[2025-11-14T10:51:26.378+0530] {logging_mixin.py:188} INFO - [2025-11-14T10:51:26.377+0530] {dag.py:3089} INFO - Sync 1 DAGs
[2025-11-14T10:51:26.434+0530] {logging_mixin.py:188} INFO - [2025-11-14T10:51:26.433+0530] {dag.py:3947} INFO - Setting next_dagrun for example_branch_labels to 2025-11-13 00:00:00+00:00, run_after=2025-11-14 00:00:00+00:00
[2025-11-14T10:51:26.476+0530] {processor.py:183} INFO - Processing /home/logi/txtai/venv/lib/python3.10/site-packages/airflow/example_dags/example_branch_labels.py took 0.198 seconds
[2025-11-14T10:51:56.744+0530] {processor.py:161} INFO - Started process (PID=8462) to work on /home/logi/txtai/venv/lib/python3.10/site-packages/airflow/example_dags/example_branch_labels.py
[2025-11-14T10:51:56.746+0530] {processor.py:830} INFO - Processing file /home/logi/txtai/venv/lib/python3.10/site-packages/airflow/example_dags/example_branch_labels.py for tasks to queue
[2025-11-14T10:51:56.749+0530] {logging_mixin.py:188} INFO - [2025-11-14T10:51:56.748+0530] {dagbag.py:545} INFO - Filling up the DagBag from /home/logi/txtai/venv/lib/python3.10/site-packages/airflow/example_dags/example_branch_labels.py
[2025-11-14T10:51:56.761+0530] {processor.py:840} INFO - DAG(s) 'example_branch_labels' retrieved from /home/logi/txtai/venv/lib/python3.10/site-packages/airflow/example_dags/example_branch_labels.py
[2025-11-14T10:51:56.818+0530] {logging_mixin.py:188} INFO - [2025-11-14T10:51:56.817+0530] {dag.py:3089} INFO - Sync 1 DAGs
[2025-11-14T10:51:56.862+0530] {logging_mixin.py:188} INFO - [2025-11-14T10:51:56.861+0530] {dag.py:3947} INFO - Setting next_dagrun for example_branch_labels to 2025-11-13 00:00:00+00:00, run_after=2025-11-14 00:00:00+00:00
[2025-11-14T10:51:56.899+0530] {processor.py:183} INFO - Processing /home/logi/txtai/venv/lib/python3.10/site-packages/airflow/example_dags/example_branch_labels.py took 0.169 seconds
[2025-11-14T10:52:28.352+0530] {processor.py:161} INFO - Started process (PID=8642) to work on /home/logi/txtai/venv/lib/python3.10/site-packages/airflow/example_dags/example_branch_labels.py
[2025-11-14T10:52:28.354+0530] {processor.py:830} INFO - Processing file /home/logi/txtai/venv/lib/python3.10/site-packages/airflow/example_dags/example_branch_labels.py for tasks to queue
[2025-11-14T10:52:28.357+0530] {logging_mixin.py:188} INFO - [2025-11-14T10:52:28.356+0530] {dagbag.py:545} INFO - Filling up the DagBag from /home/logi/txtai/venv/lib/python3.10/site-packages/airflow/example_dags/example_branch_labels.py
[2025-11-14T10:52:28.367+0530] {processor.py:840} INFO - DAG(s) 'example_branch_labels' retrieved from /home/logi/txtai/venv/lib/python3.10/site-packages/airflow/example_dags/example_branch_labels.py
[2025-11-14T10:52:28.404+0530] {logging_mixin.py:188} INFO - [2025-11-14T10:52:28.404+0530] {dag.py:3089} INFO - Sync 1 DAGs
[2025-11-14T10:52:28.430+0530] {logging_mixin.py:188} INFO - [2025-11-14T10:52:28.430+0530] {dag.py:3947} INFO - Setting next_dagrun for example_branch_labels to 2025-11-13 00:00:00+00:00, run_after=2025-11-14 00:00:00+00:00
[2025-11-14T10:52:28.456+0530] {processor.py:183} INFO - Processing /home/logi/txtai/venv/lib/python3.10/site-packages/airflow/example_dags/example_branch_labels.py took 0.113 seconds
[2025-11-14T10:52:58.922+0530] {processor.py:161} INFO - Started process (PID=8773) to work on /home/logi/txtai/venv/lib/python3.10/site-packages/airflow/example_dags/example_branch_labels.py
[2025-11-14T10:52:58.923+0530] {processor.py:830} INFO - Processing file /home/logi/txtai/venv/lib/python3.10/site-packages/airflow/example_dags/example_branch_labels.py for tasks to queue
[2025-11-14T10:52:58.926+0530] {logging_mixin.py:188} INFO - [2025-11-14T10:52:58.925+0530] {dagbag.py:545} INFO - Filling up the DagBag from /home/logi/txtai/venv/lib/python3.10/site-packages/airflow/example_dags/example_branch_labels.py
[2025-11-14T10:52:58.944+0530] {processor.py:840} INFO - DAG(s) 'example_branch_labels' retrieved from /home/logi/txtai/venv/lib/python3.10/site-packages/airflow/example_dags/example_branch_labels.py
[2025-11-14T10:52:58.986+0530] {logging_mixin.py:188} INFO - [2025-11-14T10:52:58.986+0530] {dag.py:3089} INFO - Sync 1 DAGs
[2025-11-14T10:52:59.011+0530] {logging_mixin.py:188} INFO - [2025-11-14T10:52:59.011+0530] {dag.py:3947} INFO - Setting next_dagrun for example_branch_labels to 2025-11-13 00:00:00+00:00, run_after=2025-11-14 00:00:00+00:00
[2025-11-14T10:52:59.032+0530] {processor.py:183} INFO - Processing /home/logi/txtai/venv/lib/python3.10/site-packages/airflow/example_dags/example_branch_labels.py took 0.118 seconds
[2025-11-14T10:53:29.796+0530] {processor.py:161} INFO - Started process (PID=8903) to work on /home/logi/txtai/venv/lib/python3.10/site-packages/airflow/example_dags/example_branch_labels.py
[2025-11-14T10:53:29.797+0530] {processor.py:830} INFO - Processing file /home/logi/txtai/venv/lib/python3.10/site-packages/airflow/example_dags/example_branch_labels.py for tasks to queue
[2025-11-14T10:53:29.799+0530] {logging_mixin.py:188} INFO - [2025-11-14T10:53:29.798+0530] {dagbag.py:545} INFO - Filling up the DagBag from /home/logi/txtai/venv/lib/python3.10/site-packages/airflow/example_dags/example_branch_labels.py
[2025-11-14T10:53:29.806+0530] {processor.py:840} INFO - DAG(s) 'example_branch_labels' retrieved from /home/logi/txtai/venv/lib/python3.10/site-packages/airflow/example_dags/example_branch_labels.py
[2025-11-14T10:53:29.848+0530] {logging_mixin.py:188} INFO - [2025-11-14T10:53:29.848+0530] {dag.py:3089} INFO - Sync 1 DAGs
[2025-11-14T10:53:29.880+0530] {logging_mixin.py:188} INFO - [2025-11-14T10:53:29.880+0530] {dag.py:3947} INFO - Setting next_dagrun for example_branch_labels to 2025-11-13 00:00:00+00:00, run_after=2025-11-14 00:00:00+00:00
[2025-11-14T10:53:29.905+0530] {processor.py:183} INFO - Processing /home/logi/txtai/venv/lib/python3.10/site-packages/airflow/example_dags/example_branch_labels.py took 0.116 seconds
[2025-11-14T10:54:00.940+0530] {processor.py:161} INFO - Started process (PID=9091) to work on /home/logi/txtai/venv/lib/python3.10/site-packages/airflow/example_dags/example_branch_labels.py
[2025-11-14T10:54:00.943+0530] {processor.py:830} INFO - Processing file /home/logi/txtai/venv/lib/python3.10/site-packages/airflow/example_dags/example_branch_labels.py for tasks to queue
[2025-11-14T10:54:00.946+0530] {logging_mixin.py:188} INFO - [2025-11-14T10:54:00.945+0530] {dagbag.py:545} INFO - Filling up the DagBag from /home/logi/txtai/venv/lib/python3.10/site-packages/airflow/example_dags/example_branch_labels.py
[2025-11-14T10:54:00.962+0530] {processor.py:840} INFO - DAG(s) 'example_branch_labels' retrieved from /home/logi/txtai/venv/lib/python3.10/site-packages/airflow/example_dags/example_branch_labels.py
[2025-11-14T10:54:01.024+0530] {logging_mixin.py:188} INFO - [2025-11-14T10:54:01.024+0530] {dag.py:3089} INFO - Sync 1 DAGs
[2025-11-14T10:54:01.073+0530] {logging_mixin.py:188} INFO - [2025-11-14T10:54:01.072+0530] {dag.py:3947} INFO - Setting next_dagrun for example_branch_labels to 2025-11-13 00:00:00+00:00, run_after=2025-11-14 00:00:00+00:00
[2025-11-14T10:54:01.108+0530] {processor.py:183} INFO - Processing /home/logi/txtai/venv/lib/python3.10/site-packages/airflow/example_dags/example_branch_labels.py took 0.179 seconds
[2025-11-14T10:54:32.002+0530] {processor.py:161} INFO - Started process (PID=9323) to work on /home/logi/txtai/venv/lib/python3.10/site-packages/airflow/example_dags/example_branch_labels.py
[2025-11-14T10:54:32.004+0530] {processor.py:830} INFO - Processing file /home/logi/txtai/venv/lib/python3.10/site-packages/airflow/example_dags/example_branch_labels.py for tasks to queue
[2025-11-14T10:54:32.005+0530] {logging_mixin.py:188} INFO - [2025-11-14T10:54:32.005+0530] {dagbag.py:545} INFO - Filling up the DagBag from /home/logi/txtai/venv/lib/python3.10/site-packages/airflow/example_dags/example_branch_labels.py
[2025-11-14T10:54:32.012+0530] {processor.py:840} INFO - DAG(s) 'example_branch_labels' retrieved from /home/logi/txtai/venv/lib/python3.10/site-packages/airflow/example_dags/example_branch_labels.py
[2025-11-14T10:54:32.048+0530] {logging_mixin.py:188} INFO - [2025-11-14T10:54:32.048+0530] {dag.py:3089} INFO - Sync 1 DAGs
[2025-11-14T10:54:32.074+0530] {logging_mixin.py:188} INFO - [2025-11-14T10:54:32.073+0530] {dag.py:3947} INFO - Setting next_dagrun for example_branch_labels to 2025-11-13 00:00:00+00:00, run_after=2025-11-14 00:00:00+00:00
[2025-11-14T10:54:32.097+0530] {processor.py:183} INFO - Processing /home/logi/txtai/venv/lib/python3.10/site-packages/airflow/example_dags/example_branch_labels.py took 0.101 seconds
[2025-11-14T10:55:03.297+0530] {processor.py:161} INFO - Started process (PID=9471) to work on /home/logi/txtai/venv/lib/python3.10/site-packages/airflow/example_dags/example_branch_labels.py
[2025-11-14T10:55:03.299+0530] {processor.py:830} INFO - Processing file /home/logi/txtai/venv/lib/python3.10/site-packages/airflow/example_dags/example_branch_labels.py for tasks to queue
[2025-11-14T10:55:03.302+0530] {logging_mixin.py:188} INFO - [2025-11-14T10:55:03.301+0530] {dagbag.py:545} INFO - Filling up the DagBag from /home/logi/txtai/venv/lib/python3.10/site-packages/airflow/example_dags/example_branch_labels.py
[2025-11-14T10:55:03.320+0530] {processor.py:840} INFO - DAG(s) 'example_branch_labels' retrieved from /home/logi/txtai/venv/lib/python3.10/site-packages/airflow/example_dags/example_branch_labels.py
[2025-11-14T10:55:03.387+0530] {logging_mixin.py:188} INFO - [2025-11-14T10:55:03.386+0530] {dag.py:3089} INFO - Sync 1 DAGs
[2025-11-14T10:55:03.432+0530] {logging_mixin.py:188} INFO - [2025-11-14T10:55:03.432+0530] {dag.py:3947} INFO - Setting next_dagrun for example_branch_labels to 2025-11-13 00:00:00+00:00, run_after=2025-11-14 00:00:00+00:00
[2025-11-14T10:55:03.470+0530] {processor.py:183} INFO - Processing /home/logi/txtai/venv/lib/python3.10/site-packages/airflow/example_dags/example_branch_labels.py took 0.185 seconds
[2025-11-14T10:55:33.954+0530] {processor.py:161} INFO - Started process (PID=9614) to work on /home/logi/txtai/venv/lib/python3.10/site-packages/airflow/example_dags/example_branch_labels.py
[2025-11-14T10:55:33.956+0530] {processor.py:830} INFO - Processing file /home/logi/txtai/venv/lib/python3.10/site-packages/airflow/example_dags/example_branch_labels.py for tasks to queue
[2025-11-14T10:55:33.959+0530] {logging_mixin.py:188} INFO - [2025-11-14T10:55:33.959+0530] {dagbag.py:545} INFO - Filling up the DagBag from /home/logi/txtai/venv/lib/python3.10/site-packages/airflow/example_dags/example_branch_labels.py
[2025-11-14T10:55:33.977+0530] {processor.py:840} INFO - DAG(s) 'example_branch_labels' retrieved from /home/logi/txtai/venv/lib/python3.10/site-packages/airflow/example_dags/example_branch_labels.py
[2025-11-14T10:55:34.043+0530] {logging_mixin.py:188} INFO - [2025-11-14T10:55:34.043+0530] {dag.py:3089} INFO - Sync 1 DAGs
[2025-11-14T10:55:34.095+0530] {logging_mixin.py:188} INFO - [2025-11-14T10:55:34.095+0530] {dag.py:3947} INFO - Setting next_dagrun for example_branch_labels to 2025-11-13 00:00:00+00:00, run_after=2025-11-14 00:00:00+00:00
[2025-11-14T10:55:34.156+0530] {processor.py:183} INFO - Processing /home/logi/txtai/venv/lib/python3.10/site-packages/airflow/example_dags/example_branch_labels.py took 0.213 seconds
[2025-11-14T10:56:04.395+0530] {processor.py:161} INFO - Started process (PID=9742) to work on /home/logi/txtai/venv/lib/python3.10/site-packages/airflow/example_dags/example_branch_labels.py
[2025-11-14T10:56:04.397+0530] {processor.py:830} INFO - Processing file /home/logi/txtai/venv/lib/python3.10/site-packages/airflow/example_dags/example_branch_labels.py for tasks to queue
[2025-11-14T10:56:04.404+0530] {logging_mixin.py:188} INFO - [2025-11-14T10:56:04.402+0530] {dagbag.py:545} INFO - Filling up the DagBag from /home/logi/txtai/venv/lib/python3.10/site-packages/airflow/example_dags/example_branch_labels.py
[2025-11-14T10:56:04.412+0530] {processor.py:840} INFO - DAG(s) 'example_branch_labels' retrieved from /home/logi/txtai/venv/lib/python3.10/site-packages/airflow/example_dags/example_branch_labels.py
[2025-11-14T10:56:04.451+0530] {logging_mixin.py:188} INFO - [2025-11-14T10:56:04.450+0530] {dag.py:3089} INFO - Sync 1 DAGs
[2025-11-14T10:56:04.472+0530] {logging_mixin.py:188} INFO - [2025-11-14T10:56:04.472+0530] {dag.py:3947} INFO - Setting next_dagrun for example_branch_labels to 2025-11-13 00:00:00+00:00, run_after=2025-11-14 00:00:00+00:00
[2025-11-14T10:56:04.495+0530] {processor.py:183} INFO - Processing /home/logi/txtai/venv/lib/python3.10/site-packages/airflow/example_dags/example_branch_labels.py took 0.112 seconds
[2025-11-14T10:56:34.705+0530] {processor.py:161} INFO - Started process (PID=9904) to work on /home/logi/txtai/venv/lib/python3.10/site-packages/airflow/example_dags/example_branch_labels.py
[2025-11-14T10:56:34.708+0530] {processor.py:830} INFO - Processing file /home/logi/txtai/venv/lib/python3.10/site-packages/airflow/example_dags/example_branch_labels.py for tasks to queue
[2025-11-14T10:56:34.710+0530] {logging_mixin.py:188} INFO - [2025-11-14T10:56:34.710+0530] {dagbag.py:545} INFO - Filling up the DagBag from /home/logi/txtai/venv/lib/python3.10/site-packages/airflow/example_dags/example_branch_labels.py
[2025-11-14T10:56:34.718+0530] {processor.py:840} INFO - DAG(s) 'example_branch_labels' retrieved from /home/logi/txtai/venv/lib/python3.10/site-packages/airflow/example_dags/example_branch_labels.py
[2025-11-14T10:56:34.776+0530] {logging_mixin.py:188} INFO - [2025-11-14T10:56:34.776+0530] {dag.py:3089} INFO - Sync 1 DAGs
[2025-11-14T10:56:34.813+0530] {logging_mixin.py:188} INFO - [2025-11-14T10:56:34.813+0530] {dag.py:3947} INFO - Setting next_dagrun for example_branch_labels to 2025-11-13 00:00:00+00:00, run_after=2025-11-14 00:00:00+00:00
[2025-11-14T10:56:34.846+0530] {processor.py:183} INFO - Processing /home/logi/txtai/venv/lib/python3.10/site-packages/airflow/example_dags/example_branch_labels.py took 0.163 seconds
[2025-11-14T10:57:04.952+0530] {processor.py:161} INFO - Started process (PID=10036) to work on /home/logi/txtai/venv/lib/python3.10/site-packages/airflow/example_dags/example_branch_labels.py
[2025-11-14T10:57:04.956+0530] {processor.py:830} INFO - Processing file /home/logi/txtai/venv/lib/python3.10/site-packages/airflow/example_dags/example_branch_labels.py for tasks to queue
[2025-11-14T10:57:04.959+0530] {logging_mixin.py:188} INFO - [2025-11-14T10:57:04.959+0530] {dagbag.py:545} INFO - Filling up the DagBag from /home/logi/txtai/venv/lib/python3.10/site-packages/airflow/example_dags/example_branch_labels.py
[2025-11-14T10:57:04.982+0530] {processor.py:840} INFO - DAG(s) 'example_branch_labels' retrieved from /home/logi/txtai/venv/lib/python3.10/site-packages/airflow/example_dags/example_branch_labels.py
[2025-11-14T10:57:05.025+0530] {logging_mixin.py:188} INFO - [2025-11-14T10:57:05.025+0530] {dag.py:3089} INFO - Sync 1 DAGs
[2025-11-14T10:57:05.068+0530] {logging_mixin.py:188} INFO - [2025-11-14T10:57:05.067+0530] {dag.py:3947} INFO - Setting next_dagrun for example_branch_labels to 2025-11-13 00:00:00+00:00, run_after=2025-11-14 00:00:00+00:00
[2025-11-14T10:57:05.121+0530] {processor.py:183} INFO - Processing /home/logi/txtai/venv/lib/python3.10/site-packages/airflow/example_dags/example_branch_labels.py took 0.182 seconds
[2025-11-14T10:57:35.172+0530] {processor.py:161} INFO - Started process (PID=10168) to work on /home/logi/txtai/venv/lib/python3.10/site-packages/airflow/example_dags/example_branch_labels.py
[2025-11-14T10:57:35.173+0530] {processor.py:830} INFO - Processing file /home/logi/txtai/venv/lib/python3.10/site-packages/airflow/example_dags/example_branch_labels.py for tasks to queue
[2025-11-14T10:57:35.175+0530] {logging_mixin.py:188} INFO - [2025-11-14T10:57:35.174+0530] {dagbag.py:545} INFO - Filling up the DagBag from /home/logi/txtai/venv/lib/python3.10/site-packages/airflow/example_dags/example_branch_labels.py
[2025-11-14T10:57:35.186+0530] {processor.py:840} INFO - DAG(s) 'example_branch_labels' retrieved from /home/logi/txtai/venv/lib/python3.10/site-packages/airflow/example_dags/example_branch_labels.py
[2025-11-14T10:57:35.226+0530] {logging_mixin.py:188} INFO - [2025-11-14T10:57:35.225+0530] {dag.py:3089} INFO - Sync 1 DAGs
[2025-11-14T10:57:35.247+0530] {logging_mixin.py:188} INFO - [2025-11-14T10:57:35.246+0530] {dag.py:3947} INFO - Setting next_dagrun for example_branch_labels to 2025-11-13 00:00:00+00:00, run_after=2025-11-14 00:00:00+00:00
[2025-11-14T10:57:35.270+0530] {processor.py:183} INFO - Processing /home/logi/txtai/venv/lib/python3.10/site-packages/airflow/example_dags/example_branch_labels.py took 0.103 seconds
[2025-11-14T10:58:05.576+0530] {processor.py:161} INFO - Started process (PID=10298) to work on /home/logi/txtai/venv/lib/python3.10/site-packages/airflow/example_dags/example_branch_labels.py
[2025-11-14T10:58:05.577+0530] {processor.py:830} INFO - Processing file /home/logi/txtai/venv/lib/python3.10/site-packages/airflow/example_dags/example_branch_labels.py for tasks to queue
[2025-11-14T10:58:05.580+0530] {logging_mixin.py:188} INFO - [2025-11-14T10:58:05.579+0530] {dagbag.py:545} INFO - Filling up the DagBag from /home/logi/txtai/venv/lib/python3.10/site-packages/airflow/example_dags/example_branch_labels.py
[2025-11-14T10:58:05.587+0530] {processor.py:840} INFO - DAG(s) 'example_branch_labels' retrieved from /home/logi/txtai/venv/lib/python3.10/site-packages/airflow/example_dags/example_branch_labels.py
[2025-11-14T10:58:05.645+0530] {logging_mixin.py:188} INFO - [2025-11-14T10:58:05.644+0530] {dag.py:3089} INFO - Sync 1 DAGs
[2025-11-14T10:58:05.684+0530] {logging_mixin.py:188} INFO - [2025-11-14T10:58:05.684+0530] {dag.py:3947} INFO - Setting next_dagrun for example_branch_labels to 2025-11-13 00:00:00+00:00, run_after=2025-11-14 00:00:00+00:00
[2025-11-14T10:58:05.722+0530] {processor.py:183} INFO - Processing /home/logi/txtai/venv/lib/python3.10/site-packages/airflow/example_dags/example_branch_labels.py took 0.151 seconds
[2025-11-14T10:58:36.020+0530] {processor.py:161} INFO - Started process (PID=10428) to work on /home/logi/txtai/venv/lib/python3.10/site-packages/airflow/example_dags/example_branch_labels.py
[2025-11-14T10:58:36.022+0530] {processor.py:830} INFO - Processing file /home/logi/txtai/venv/lib/python3.10/site-packages/airflow/example_dags/example_branch_labels.py for tasks to queue
[2025-11-14T10:58:36.023+0530] {logging_mixin.py:188} INFO - [2025-11-14T10:58:36.023+0530] {dagbag.py:545} INFO - Filling up the DagBag from /home/logi/txtai/venv/lib/python3.10/site-packages/airflow/example_dags/example_branch_labels.py
[2025-11-14T10:58:36.030+0530] {processor.py:840} INFO - DAG(s) 'example_branch_labels' retrieved from /home/logi/txtai/venv/lib/python3.10/site-packages/airflow/example_dags/example_branch_labels.py
[2025-11-14T10:58:36.067+0530] {logging_mixin.py:188} INFO - [2025-11-14T10:58:36.067+0530] {dag.py:3089} INFO - Sync 1 DAGs
[2025-11-14T10:58:36.093+0530] {logging_mixin.py:188} INFO - [2025-11-14T10:58:36.093+0530] {dag.py:3947} INFO - Setting next_dagrun for example_branch_labels to 2025-11-13 00:00:00+00:00, run_after=2025-11-14 00:00:00+00:00
[2025-11-14T10:58:36.111+0530] {processor.py:183} INFO - Processing /home/logi/txtai/venv/lib/python3.10/site-packages/airflow/example_dags/example_branch_labels.py took 0.099 seconds
[2025-11-14T10:59:06.678+0530] {processor.py:161} INFO - Started process (PID=10586) to work on /home/logi/txtai/venv/lib/python3.10/site-packages/airflow/example_dags/example_branch_labels.py
[2025-11-14T10:59:06.679+0530] {processor.py:830} INFO - Processing file /home/logi/txtai/venv/lib/python3.10/site-packages/airflow/example_dags/example_branch_labels.py for tasks to queue
[2025-11-14T10:59:06.681+0530] {logging_mixin.py:188} INFO - [2025-11-14T10:59:06.680+0530] {dagbag.py:545} INFO - Filling up the DagBag from /home/logi/txtai/venv/lib/python3.10/site-packages/airflow/example_dags/example_branch_labels.py
[2025-11-14T10:59:06.688+0530] {processor.py:840} INFO - DAG(s) 'example_branch_labels' retrieved from /home/logi/txtai/venv/lib/python3.10/site-packages/airflow/example_dags/example_branch_labels.py
[2025-11-14T10:59:06.724+0530] {logging_mixin.py:188} INFO - [2025-11-14T10:59:06.724+0530] {dag.py:3089} INFO - Sync 1 DAGs
[2025-11-14T10:59:06.751+0530] {logging_mixin.py:188} INFO - [2025-11-14T10:59:06.751+0530] {dag.py:3947} INFO - Setting next_dagrun for example_branch_labels to 2025-11-13 00:00:00+00:00, run_after=2025-11-14 00:00:00+00:00
[2025-11-14T10:59:06.771+0530] {processor.py:183} INFO - Processing /home/logi/txtai/venv/lib/python3.10/site-packages/airflow/example_dags/example_branch_labels.py took 0.105 seconds
[2025-11-14T10:59:37.532+0530] {processor.py:161} INFO - Started process (PID=10715) to work on /home/logi/txtai/venv/lib/python3.10/site-packages/airflow/example_dags/example_branch_labels.py
[2025-11-14T10:59:37.534+0530] {processor.py:830} INFO - Processing file /home/logi/txtai/venv/lib/python3.10/site-packages/airflow/example_dags/example_branch_labels.py for tasks to queue
[2025-11-14T10:59:37.536+0530] {logging_mixin.py:188} INFO - [2025-11-14T10:59:37.536+0530] {dagbag.py:545} INFO - Filling up the DagBag from /home/logi/txtai/venv/lib/python3.10/site-packages/airflow/example_dags/example_branch_labels.py
[2025-11-14T10:59:37.549+0530] {processor.py:840} INFO - DAG(s) 'example_branch_labels' retrieved from /home/logi/txtai/venv/lib/python3.10/site-packages/airflow/example_dags/example_branch_labels.py
[2025-11-14T10:59:37.593+0530] {logging_mixin.py:188} INFO - [2025-11-14T10:59:37.593+0530] {dag.py:3089} INFO - Sync 1 DAGs
[2025-11-14T10:59:37.620+0530] {logging_mixin.py:188} INFO - [2025-11-14T10:59:37.620+0530] {dag.py:3947} INFO - Setting next_dagrun for example_branch_labels to 2025-11-13 00:00:00+00:00, run_after=2025-11-14 00:00:00+00:00
[2025-11-14T10:59:37.645+0530] {processor.py:183} INFO - Processing /home/logi/txtai/venv/lib/python3.10/site-packages/airflow/example_dags/example_branch_labels.py took 0.127 seconds
[2025-11-14T11:00:07.986+0530] {processor.py:161} INFO - Started process (PID=10843) to work on /home/logi/txtai/venv/lib/python3.10/site-packages/airflow/example_dags/example_branch_labels.py
[2025-11-14T11:00:07.987+0530] {processor.py:830} INFO - Processing file /home/logi/txtai/venv/lib/python3.10/site-packages/airflow/example_dags/example_branch_labels.py for tasks to queue
[2025-11-14T11:00:07.988+0530] {logging_mixin.py:188} INFO - [2025-11-14T11:00:07.988+0530] {dagbag.py:545} INFO - Filling up the DagBag from /home/logi/txtai/venv/lib/python3.10/site-packages/airflow/example_dags/example_branch_labels.py
[2025-11-14T11:00:07.998+0530] {processor.py:840} INFO - DAG(s) 'example_branch_labels' retrieved from /home/logi/txtai/venv/lib/python3.10/site-packages/airflow/example_dags/example_branch_labels.py
[2025-11-14T11:00:08.064+0530] {logging_mixin.py:188} INFO - [2025-11-14T11:00:08.064+0530] {dag.py:3089} INFO - Sync 1 DAGs
[2025-11-14T11:00:08.114+0530] {logging_mixin.py:188} INFO - [2025-11-14T11:00:08.114+0530] {dag.py:3947} INFO - Setting next_dagrun for example_branch_labels to 2025-11-13 00:00:00+00:00, run_after=2025-11-14 00:00:00+00:00
[2025-11-14T11:00:08.151+0530] {processor.py:183} INFO - Processing /home/logi/txtai/venv/lib/python3.10/site-packages/airflow/example_dags/example_branch_labels.py took 0.175 seconds
[2025-11-14T11:00:38.520+0530] {processor.py:161} INFO - Started process (PID=10974) to work on /home/logi/txtai/venv/lib/python3.10/site-packages/airflow/example_dags/example_branch_labels.py
[2025-11-14T11:00:38.522+0530] {processor.py:830} INFO - Processing file /home/logi/txtai/venv/lib/python3.10/site-packages/airflow/example_dags/example_branch_labels.py for tasks to queue
[2025-11-14T11:00:38.523+0530] {logging_mixin.py:188} INFO - [2025-11-14T11:00:38.523+0530] {dagbag.py:545} INFO - Filling up the DagBag from /home/logi/txtai/venv/lib/python3.10/site-packages/airflow/example_dags/example_branch_labels.py
[2025-11-14T11:00:38.536+0530] {processor.py:840} INFO - DAG(s) 'example_branch_labels' retrieved from /home/logi/txtai/venv/lib/python3.10/site-packages/airflow/example_dags/example_branch_labels.py
[2025-11-14T11:00:38.589+0530] {logging_mixin.py:188} INFO - [2025-11-14T11:00:38.588+0530] {dag.py:3089} INFO - Sync 1 DAGs
[2025-11-14T11:00:38.632+0530] {logging_mixin.py:188} INFO - [2025-11-14T11:00:38.631+0530] {dag.py:3947} INFO - Setting next_dagrun for example_branch_labels to 2025-11-13 00:00:00+00:00, run_after=2025-11-14 00:00:00+00:00
[2025-11-14T11:00:38.667+0530] {processor.py:183} INFO - Processing /home/logi/txtai/venv/lib/python3.10/site-packages/airflow/example_dags/example_branch_labels.py took 0.153 seconds
[2025-11-14T11:01:08.963+0530] {processor.py:161} INFO - Started process (PID=11103) to work on /home/logi/txtai/venv/lib/python3.10/site-packages/airflow/example_dags/example_branch_labels.py
[2025-11-14T11:01:08.964+0530] {processor.py:830} INFO - Processing file /home/logi/txtai/venv/lib/python3.10/site-packages/airflow/example_dags/example_branch_labels.py for tasks to queue
[2025-11-14T11:01:08.965+0530] {logging_mixin.py:188} INFO - [2025-11-14T11:01:08.965+0530] {dagbag.py:545} INFO - Filling up the DagBag from /home/logi/txtai/venv/lib/python3.10/site-packages/airflow/example_dags/example_branch_labels.py
[2025-11-14T11:01:08.974+0530] {processor.py:840} INFO - DAG(s) 'example_branch_labels' retrieved from /home/logi/txtai/venv/lib/python3.10/site-packages/airflow/example_dags/example_branch_labels.py
[2025-11-14T11:01:09.013+0530] {logging_mixin.py:188} INFO - [2025-11-14T11:01:09.013+0530] {dag.py:3089} INFO - Sync 1 DAGs
[2025-11-14T11:01:09.046+0530] {logging_mixin.py:188} INFO - [2025-11-14T11:01:09.045+0530] {dag.py:3947} INFO - Setting next_dagrun for example_branch_labels to 2025-11-13 00:00:00+00:00, run_after=2025-11-14 00:00:00+00:00
[2025-11-14T11:01:09.090+0530] {processor.py:183} INFO - Processing /home/logi/txtai/venv/lib/python3.10/site-packages/airflow/example_dags/example_branch_labels.py took 0.134 seconds
[2025-11-14T11:01:39.480+0530] {processor.py:161} INFO - Started process (PID=11234) to work on /home/logi/txtai/venv/lib/python3.10/site-packages/airflow/example_dags/example_branch_labels.py
[2025-11-14T11:01:39.482+0530] {processor.py:830} INFO - Processing file /home/logi/txtai/venv/lib/python3.10/site-packages/airflow/example_dags/example_branch_labels.py for tasks to queue
[2025-11-14T11:01:39.485+0530] {logging_mixin.py:188} INFO - [2025-11-14T11:01:39.484+0530] {dagbag.py:545} INFO - Filling up the DagBag from /home/logi/txtai/venv/lib/python3.10/site-packages/airflow/example_dags/example_branch_labels.py
[2025-11-14T11:01:39.493+0530] {processor.py:840} INFO - DAG(s) 'example_branch_labels' retrieved from /home/logi/txtai/venv/lib/python3.10/site-packages/airflow/example_dags/example_branch_labels.py
[2025-11-14T11:01:39.532+0530] {logging_mixin.py:188} INFO - [2025-11-14T11:01:39.532+0530] {dag.py:3089} INFO - Sync 1 DAGs
[2025-11-14T11:01:39.556+0530] {logging_mixin.py:188} INFO - [2025-11-14T11:01:39.555+0530] {dag.py:3947} INFO - Setting next_dagrun for example_branch_labels to 2025-11-13 00:00:00+00:00, run_after=2025-11-14 00:00:00+00:00
[2025-11-14T11:01:39.575+0530] {processor.py:183} INFO - Processing /home/logi/txtai/venv/lib/python3.10/site-packages/airflow/example_dags/example_branch_labels.py took 0.103 seconds
[2025-11-14T11:02:10.089+0530] {processor.py:161} INFO - Started process (PID=11362) to work on /home/logi/txtai/venv/lib/python3.10/site-packages/airflow/example_dags/example_branch_labels.py
[2025-11-14T11:02:10.091+0530] {processor.py:830} INFO - Processing file /home/logi/txtai/venv/lib/python3.10/site-packages/airflow/example_dags/example_branch_labels.py for tasks to queue
[2025-11-14T11:02:10.093+0530] {logging_mixin.py:188} INFO - [2025-11-14T11:02:10.093+0530] {dagbag.py:545} INFO - Filling up the DagBag from /home/logi/txtai/venv/lib/python3.10/site-packages/airflow/example_dags/example_branch_labels.py
[2025-11-14T11:02:10.106+0530] {processor.py:840} INFO - DAG(s) 'example_branch_labels' retrieved from /home/logi/txtai/venv/lib/python3.10/site-packages/airflow/example_dags/example_branch_labels.py
[2025-11-14T11:02:10.147+0530] {logging_mixin.py:188} INFO - [2025-11-14T11:02:10.146+0530] {dag.py:3089} INFO - Sync 1 DAGs
[2025-11-14T11:02:10.180+0530] {logging_mixin.py:188} INFO - [2025-11-14T11:02:10.180+0530] {dag.py:3947} INFO - Setting next_dagrun for example_branch_labels to 2025-11-13 00:00:00+00:00, run_after=2025-11-14 00:00:00+00:00
[2025-11-14T11:02:10.207+0530] {processor.py:183} INFO - Processing /home/logi/txtai/venv/lib/python3.10/site-packages/airflow/example_dags/example_branch_labels.py took 0.129 seconds
[2025-11-14T11:02:41.130+0530] {processor.py:161} INFO - Started process (PID=11586) to work on /home/logi/txtai/venv/lib/python3.10/site-packages/airflow/example_dags/example_branch_labels.py
[2025-11-14T11:02:41.132+0530] {processor.py:830} INFO - Processing file /home/logi/txtai/venv/lib/python3.10/site-packages/airflow/example_dags/example_branch_labels.py for tasks to queue
[2025-11-14T11:02:41.134+0530] {logging_mixin.py:188} INFO - [2025-11-14T11:02:41.133+0530] {dagbag.py:545} INFO - Filling up the DagBag from /home/logi/txtai/venv/lib/python3.10/site-packages/airflow/example_dags/example_branch_labels.py
[2025-11-14T11:02:41.143+0530] {processor.py:840} INFO - DAG(s) 'example_branch_labels' retrieved from /home/logi/txtai/venv/lib/python3.10/site-packages/airflow/example_dags/example_branch_labels.py
[2025-11-14T11:02:41.175+0530] {logging_mixin.py:188} INFO - [2025-11-14T11:02:41.175+0530] {dag.py:3089} INFO - Sync 1 DAGs
[2025-11-14T11:02:41.198+0530] {logging_mixin.py:188} INFO - [2025-11-14T11:02:41.198+0530] {dag.py:3947} INFO - Setting next_dagrun for example_branch_labels to 2025-11-13 00:00:00+00:00, run_after=2025-11-14 00:00:00+00:00
[2025-11-14T11:02:41.221+0530] {processor.py:183} INFO - Processing /home/logi/txtai/venv/lib/python3.10/site-packages/airflow/example_dags/example_branch_labels.py took 0.098 seconds
[2025-11-14T11:03:12.192+0530] {processor.py:161} INFO - Started process (PID=11883) to work on /home/logi/txtai/venv/lib/python3.10/site-packages/airflow/example_dags/example_branch_labels.py
[2025-11-14T11:03:12.194+0530] {processor.py:830} INFO - Processing file /home/logi/txtai/venv/lib/python3.10/site-packages/airflow/example_dags/example_branch_labels.py for tasks to queue
[2025-11-14T11:03:12.197+0530] {logging_mixin.py:188} INFO - [2025-11-14T11:03:12.196+0530] {dagbag.py:545} INFO - Filling up the DagBag from /home/logi/txtai/venv/lib/python3.10/site-packages/airflow/example_dags/example_branch_labels.py
[2025-11-14T11:03:12.211+0530] {processor.py:840} INFO - DAG(s) 'example_branch_labels' retrieved from /home/logi/txtai/venv/lib/python3.10/site-packages/airflow/example_dags/example_branch_labels.py
[2025-11-14T11:03:12.272+0530] {logging_mixin.py:188} INFO - [2025-11-14T11:03:12.271+0530] {dag.py:3089} INFO - Sync 1 DAGs
[2025-11-14T11:03:12.315+0530] {logging_mixin.py:188} INFO - [2025-11-14T11:03:12.314+0530] {dag.py:3947} INFO - Setting next_dagrun for example_branch_labels to 2025-11-13 00:00:00+00:00, run_after=2025-11-14 00:00:00+00:00
[2025-11-14T11:03:12.352+0530] {processor.py:183} INFO - Processing /home/logi/txtai/venv/lib/python3.10/site-packages/airflow/example_dags/example_branch_labels.py took 0.172 seconds
[2025-11-14T11:03:42.495+0530] {processor.py:161} INFO - Started process (PID=12672) to work on /home/logi/txtai/venv/lib/python3.10/site-packages/airflow/example_dags/example_branch_labels.py
[2025-11-14T11:03:42.497+0530] {processor.py:830} INFO - Processing file /home/logi/txtai/venv/lib/python3.10/site-packages/airflow/example_dags/example_branch_labels.py for tasks to queue
[2025-11-14T11:03:42.500+0530] {logging_mixin.py:188} INFO - [2025-11-14T11:03:42.500+0530] {dagbag.py:545} INFO - Filling up the DagBag from /home/logi/txtai/venv/lib/python3.10/site-packages/airflow/example_dags/example_branch_labels.py
[2025-11-14T11:03:42.514+0530] {processor.py:840} INFO - DAG(s) 'example_branch_labels' retrieved from /home/logi/txtai/venv/lib/python3.10/site-packages/airflow/example_dags/example_branch_labels.py
[2025-11-14T11:03:42.570+0530] {logging_mixin.py:188} INFO - [2025-11-14T11:03:42.569+0530] {dag.py:3089} INFO - Sync 1 DAGs
[2025-11-14T11:03:42.610+0530] {logging_mixin.py:188} INFO - [2025-11-14T11:03:42.609+0530] {dag.py:3947} INFO - Setting next_dagrun for example_branch_labels to 2025-11-13 00:00:00+00:00, run_after=2025-11-14 00:00:00+00:00
[2025-11-14T11:03:42.655+0530] {processor.py:183} INFO - Processing /home/logi/txtai/venv/lib/python3.10/site-packages/airflow/example_dags/example_branch_labels.py took 0.172 seconds
[2025-11-14T11:04:13.352+0530] {processor.py:161} INFO - Started process (PID=12804) to work on /home/logi/txtai/venv/lib/python3.10/site-packages/airflow/example_dags/example_branch_labels.py
[2025-11-14T11:04:13.354+0530] {processor.py:830} INFO - Processing file /home/logi/txtai/venv/lib/python3.10/site-packages/airflow/example_dags/example_branch_labels.py for tasks to queue
[2025-11-14T11:04:13.357+0530] {logging_mixin.py:188} INFO - [2025-11-14T11:04:13.356+0530] {dagbag.py:545} INFO - Filling up the DagBag from /home/logi/txtai/venv/lib/python3.10/site-packages/airflow/example_dags/example_branch_labels.py
[2025-11-14T11:04:13.371+0530] {processor.py:840} INFO - DAG(s) 'example_branch_labels' retrieved from /home/logi/txtai/venv/lib/python3.10/site-packages/airflow/example_dags/example_branch_labels.py
[2025-11-14T11:04:13.433+0530] {logging_mixin.py:188} INFO - [2025-11-14T11:04:13.433+0530] {dag.py:3089} INFO - Sync 1 DAGs
[2025-11-14T11:04:13.475+0530] {logging_mixin.py:188} INFO - [2025-11-14T11:04:13.475+0530] {dag.py:3947} INFO - Setting next_dagrun for example_branch_labels to 2025-11-13 00:00:00+00:00, run_after=2025-11-14 00:00:00+00:00
[2025-11-14T11:04:13.512+0530] {processor.py:183} INFO - Processing /home/logi/txtai/venv/lib/python3.10/site-packages/airflow/example_dags/example_branch_labels.py took 0.172 seconds
[2025-11-14T11:04:43.979+0530] {processor.py:161} INFO - Started process (PID=12938) to work on /home/logi/txtai/venv/lib/python3.10/site-packages/airflow/example_dags/example_branch_labels.py
[2025-11-14T11:04:43.980+0530] {processor.py:830} INFO - Processing file /home/logi/txtai/venv/lib/python3.10/site-packages/airflow/example_dags/example_branch_labels.py for tasks to queue
[2025-11-14T11:04:43.982+0530] {logging_mixin.py:188} INFO - [2025-11-14T11:04:43.982+0530] {dagbag.py:545} INFO - Filling up the DagBag from /home/logi/txtai/venv/lib/python3.10/site-packages/airflow/example_dags/example_branch_labels.py
[2025-11-14T11:04:43.992+0530] {processor.py:840} INFO - DAG(s) 'example_branch_labels' retrieved from /home/logi/txtai/venv/lib/python3.10/site-packages/airflow/example_dags/example_branch_labels.py
[2025-11-14T11:04:44.029+0530] {logging_mixin.py:188} INFO - [2025-11-14T11:04:44.029+0530] {dag.py:3089} INFO - Sync 1 DAGs
[2025-11-14T11:04:44.056+0530] {logging_mixin.py:188} INFO - [2025-11-14T11:04:44.055+0530] {dag.py:3947} INFO - Setting next_dagrun for example_branch_labels to 2025-11-13 00:00:00+00:00, run_after=2025-11-14 00:00:00+00:00
[2025-11-14T11:04:44.082+0530] {processor.py:183} INFO - Processing /home/logi/txtai/venv/lib/python3.10/site-packages/airflow/example_dags/example_branch_labels.py took 0.111 seconds
[2025-11-14T11:05:15.090+0530] {processor.py:161} INFO - Started process (PID=13086) to work on /home/logi/txtai/venv/lib/python3.10/site-packages/airflow/example_dags/example_branch_labels.py
[2025-11-14T11:05:15.091+0530] {processor.py:830} INFO - Processing file /home/logi/txtai/venv/lib/python3.10/site-packages/airflow/example_dags/example_branch_labels.py for tasks to queue
[2025-11-14T11:05:15.094+0530] {logging_mixin.py:188} INFO - [2025-11-14T11:05:15.093+0530] {dagbag.py:545} INFO - Filling up the DagBag from /home/logi/txtai/venv/lib/python3.10/site-packages/airflow/example_dags/example_branch_labels.py
[2025-11-14T11:05:15.106+0530] {processor.py:840} INFO - DAG(s) 'example_branch_labels' retrieved from /home/logi/txtai/venv/lib/python3.10/site-packages/airflow/example_dags/example_branch_labels.py
[2025-11-14T11:05:15.162+0530] {logging_mixin.py:188} INFO - [2025-11-14T11:05:15.162+0530] {dag.py:3089} INFO - Sync 1 DAGs
[2025-11-14T11:05:15.202+0530] {logging_mixin.py:188} INFO - [2025-11-14T11:05:15.202+0530] {dag.py:3947} INFO - Setting next_dagrun for example_branch_labels to 2025-11-13 00:00:00+00:00, run_after=2025-11-14 00:00:00+00:00
[2025-11-14T11:05:15.236+0530] {processor.py:183} INFO - Processing /home/logi/txtai/venv/lib/python3.10/site-packages/airflow/example_dags/example_branch_labels.py took 0.157 seconds
[2025-11-14T11:05:45.336+0530] {processor.py:161} INFO - Started process (PID=13214) to work on /home/logi/txtai/venv/lib/python3.10/site-packages/airflow/example_dags/example_branch_labels.py
[2025-11-14T11:05:45.337+0530] {processor.py:830} INFO - Processing file /home/logi/txtai/venv/lib/python3.10/site-packages/airflow/example_dags/example_branch_labels.py for tasks to queue
[2025-11-14T11:05:45.338+0530] {logging_mixin.py:188} INFO - [2025-11-14T11:05:45.338+0530] {dagbag.py:545} INFO - Filling up the DagBag from /home/logi/txtai/venv/lib/python3.10/site-packages/airflow/example_dags/example_branch_labels.py
[2025-11-14T11:05:45.345+0530] {processor.py:840} INFO - DAG(s) 'example_branch_labels' retrieved from /home/logi/txtai/venv/lib/python3.10/site-packages/airflow/example_dags/example_branch_labels.py
[2025-11-14T11:05:45.386+0530] {logging_mixin.py:188} INFO - [2025-11-14T11:05:45.386+0530] {dag.py:3089} INFO - Sync 1 DAGs
[2025-11-14T11:05:45.419+0530] {logging_mixin.py:188} INFO - [2025-11-14T11:05:45.419+0530] {dag.py:3947} INFO - Setting next_dagrun for example_branch_labels to 2025-11-13 00:00:00+00:00, run_after=2025-11-14 00:00:00+00:00
[2025-11-14T11:05:45.449+0530] {processor.py:183} INFO - Processing /home/logi/txtai/venv/lib/python3.10/site-packages/airflow/example_dags/example_branch_labels.py took 0.119 seconds
[2025-11-14T11:06:15.655+0530] {processor.py:161} INFO - Started process (PID=13344) to work on /home/logi/txtai/venv/lib/python3.10/site-packages/airflow/example_dags/example_branch_labels.py
[2025-11-14T11:06:15.657+0530] {processor.py:830} INFO - Processing file /home/logi/txtai/venv/lib/python3.10/site-packages/airflow/example_dags/example_branch_labels.py for tasks to queue
[2025-11-14T11:06:15.660+0530] {logging_mixin.py:188} INFO - [2025-11-14T11:06:15.659+0530] {dagbag.py:545} INFO - Filling up the DagBag from /home/logi/txtai/venv/lib/python3.10/site-packages/airflow/example_dags/example_branch_labels.py
[2025-11-14T11:06:15.670+0530] {processor.py:840} INFO - DAG(s) 'example_branch_labels' retrieved from /home/logi/txtai/venv/lib/python3.10/site-packages/airflow/example_dags/example_branch_labels.py
[2025-11-14T11:06:15.710+0530] {logging_mixin.py:188} INFO - [2025-11-14T11:06:15.710+0530] {dag.py:3089} INFO - Sync 1 DAGs
[2025-11-14T11:06:15.733+0530] {logging_mixin.py:188} INFO - [2025-11-14T11:06:15.733+0530] {dag.py:3947} INFO - Setting next_dagrun for example_branch_labels to 2025-11-13 00:00:00+00:00, run_after=2025-11-14 00:00:00+00:00
[2025-11-14T11:06:15.755+0530] {processor.py:183} INFO - Processing /home/logi/txtai/venv/lib/python3.10/site-packages/airflow/example_dags/example_branch_labels.py took 0.110 seconds
[2025-11-14T11:06:45.986+0530] {processor.py:161} INFO - Started process (PID=13474) to work on /home/logi/txtai/venv/lib/python3.10/site-packages/airflow/example_dags/example_branch_labels.py
[2025-11-14T11:06:45.988+0530] {processor.py:830} INFO - Processing file /home/logi/txtai/venv/lib/python3.10/site-packages/airflow/example_dags/example_branch_labels.py for tasks to queue
[2025-11-14T11:06:45.989+0530] {logging_mixin.py:188} INFO - [2025-11-14T11:06:45.989+0530] {dagbag.py:545} INFO - Filling up the DagBag from /home/logi/txtai/venv/lib/python3.10/site-packages/airflow/example_dags/example_branch_labels.py
[2025-11-14T11:06:45.995+0530] {processor.py:840} INFO - DAG(s) 'example_branch_labels' retrieved from /home/logi/txtai/venv/lib/python3.10/site-packages/airflow/example_dags/example_branch_labels.py
[2025-11-14T11:06:46.030+0530] {logging_mixin.py:188} INFO - [2025-11-14T11:06:46.030+0530] {dag.py:3089} INFO - Sync 1 DAGs
[2025-11-14T11:06:46.054+0530] {logging_mixin.py:188} INFO - [2025-11-14T11:06:46.054+0530] {dag.py:3947} INFO - Setting next_dagrun for example_branch_labels to 2025-11-13 00:00:00+00:00, run_after=2025-11-14 00:00:00+00:00
[2025-11-14T11:06:46.073+0530] {processor.py:183} INFO - Processing /home/logi/txtai/venv/lib/python3.10/site-packages/airflow/example_dags/example_branch_labels.py took 0.094 seconds
[2025-11-14T11:07:16.854+0530] {processor.py:161} INFO - Started process (PID=13657) to work on /home/logi/txtai/venv/lib/python3.10/site-packages/airflow/example_dags/example_branch_labels.py
[2025-11-14T11:07:16.887+0530] {processor.py:830} INFO - Processing file /home/logi/txtai/venv/lib/python3.10/site-packages/airflow/example_dags/example_branch_labels.py for tasks to queue
[2025-11-14T11:07:16.890+0530] {logging_mixin.py:188} INFO - [2025-11-14T11:07:16.889+0530] {dagbag.py:545} INFO - Filling up the DagBag from /home/logi/txtai/venv/lib/python3.10/site-packages/airflow/example_dags/example_branch_labels.py
[2025-11-14T11:07:16.904+0530] {processor.py:840} INFO - DAG(s) 'example_branch_labels' retrieved from /home/logi/txtai/venv/lib/python3.10/site-packages/airflow/example_dags/example_branch_labels.py
[2025-11-14T11:07:16.965+0530] {logging_mixin.py:188} INFO - [2025-11-14T11:07:16.964+0530] {dag.py:3089} INFO - Sync 1 DAGs
[2025-11-14T11:07:17.007+0530] {logging_mixin.py:188} INFO - [2025-11-14T11:07:17.007+0530] {dag.py:3947} INFO - Setting next_dagrun for example_branch_labels to 2025-11-13 00:00:00+00:00, run_after=2025-11-14 00:00:00+00:00
[2025-11-14T11:07:17.059+0530] {processor.py:183} INFO - Processing /home/logi/txtai/venv/lib/python3.10/site-packages/airflow/example_dags/example_branch_labels.py took 0.213 seconds
[2025-11-14T11:07:47.416+0530] {processor.py:161} INFO - Started process (PID=13896) to work on /home/logi/txtai/venv/lib/python3.10/site-packages/airflow/example_dags/example_branch_labels.py
[2025-11-14T11:07:47.418+0530] {processor.py:830} INFO - Processing file /home/logi/txtai/venv/lib/python3.10/site-packages/airflow/example_dags/example_branch_labels.py for tasks to queue
[2025-11-14T11:07:47.421+0530] {logging_mixin.py:188} INFO - [2025-11-14T11:07:47.421+0530] {dagbag.py:545} INFO - Filling up the DagBag from /home/logi/txtai/venv/lib/python3.10/site-packages/airflow/example_dags/example_branch_labels.py
[2025-11-14T11:07:47.433+0530] {processor.py:840} INFO - DAG(s) 'example_branch_labels' retrieved from /home/logi/txtai/venv/lib/python3.10/site-packages/airflow/example_dags/example_branch_labels.py
[2025-11-14T11:07:47.494+0530] {logging_mixin.py:188} INFO - [2025-11-14T11:07:47.493+0530] {dag.py:3089} INFO - Sync 1 DAGs
[2025-11-14T11:07:47.535+0530] {logging_mixin.py:188} INFO - [2025-11-14T11:07:47.534+0530] {dag.py:3947} INFO - Setting next_dagrun for example_branch_labels to 2025-11-13 00:00:00+00:00, run_after=2025-11-14 00:00:00+00:00
[2025-11-14T11:07:47.570+0530] {processor.py:183} INFO - Processing /home/logi/txtai/venv/lib/python3.10/site-packages/airflow/example_dags/example_branch_labels.py took 0.166 seconds
[2025-11-14T11:08:17.895+0530] {processor.py:161} INFO - Started process (PID=14503) to work on /home/logi/txtai/venv/lib/python3.10/site-packages/airflow/example_dags/example_branch_labels.py
[2025-11-14T11:08:17.897+0530] {processor.py:830} INFO - Processing file /home/logi/txtai/venv/lib/python3.10/site-packages/airflow/example_dags/example_branch_labels.py for tasks to queue
[2025-11-14T11:08:17.902+0530] {logging_mixin.py:188} INFO - [2025-11-14T11:08:17.900+0530] {dagbag.py:545} INFO - Filling up the DagBag from /home/logi/txtai/venv/lib/python3.10/site-packages/airflow/example_dags/example_branch_labels.py
[2025-11-14T11:08:17.923+0530] {processor.py:840} INFO - DAG(s) 'example_branch_labels' retrieved from /home/logi/txtai/venv/lib/python3.10/site-packages/airflow/example_dags/example_branch_labels.py
[2025-11-14T11:08:17.971+0530] {logging_mixin.py:188} INFO - [2025-11-14T11:08:17.970+0530] {dag.py:3089} INFO - Sync 1 DAGs
[2025-11-14T11:08:18.003+0530] {logging_mixin.py:188} INFO - [2025-11-14T11:08:18.003+0530] {dag.py:3947} INFO - Setting next_dagrun for example_branch_labels to 2025-11-13 00:00:00+00:00, run_after=2025-11-14 00:00:00+00:00
[2025-11-14T11:08:18.049+0530] {processor.py:183} INFO - Processing /home/logi/txtai/venv/lib/python3.10/site-packages/airflow/example_dags/example_branch_labels.py took 0.162 seconds
[2025-11-14T11:08:48.463+0530] {processor.py:161} INFO - Started process (PID=14655) to work on /home/logi/txtai/venv/lib/python3.10/site-packages/airflow/example_dags/example_branch_labels.py
[2025-11-14T11:08:48.465+0530] {processor.py:830} INFO - Processing file /home/logi/txtai/venv/lib/python3.10/site-packages/airflow/example_dags/example_branch_labels.py for tasks to queue
[2025-11-14T11:08:48.468+0530] {logging_mixin.py:188} INFO - [2025-11-14T11:08:48.468+0530] {dagbag.py:545} INFO - Filling up the DagBag from /home/logi/txtai/venv/lib/python3.10/site-packages/airflow/example_dags/example_branch_labels.py
[2025-11-14T11:08:48.484+0530] {processor.py:840} INFO - DAG(s) 'example_branch_labels' retrieved from /home/logi/txtai/venv/lib/python3.10/site-packages/airflow/example_dags/example_branch_labels.py
[2025-11-14T11:08:48.552+0530] {logging_mixin.py:188} INFO - [2025-11-14T11:08:48.551+0530] {dag.py:3089} INFO - Sync 1 DAGs
[2025-11-14T11:08:48.595+0530] {logging_mixin.py:188} INFO - [2025-11-14T11:08:48.595+0530] {dag.py:3947} INFO - Setting next_dagrun for example_branch_labels to 2025-11-13 00:00:00+00:00, run_after=2025-11-14 00:00:00+00:00
[2025-11-14T11:08:48.632+0530] {processor.py:183} INFO - Processing /home/logi/txtai/venv/lib/python3.10/site-packages/airflow/example_dags/example_branch_labels.py took 0.182 seconds
[2025-11-14T11:09:19.400+0530] {processor.py:161} INFO - Started process (PID=14791) to work on /home/logi/txtai/venv/lib/python3.10/site-packages/airflow/example_dags/example_branch_labels.py
[2025-11-14T11:09:19.402+0530] {processor.py:830} INFO - Processing file /home/logi/txtai/venv/lib/python3.10/site-packages/airflow/example_dags/example_branch_labels.py for tasks to queue
[2025-11-14T11:09:19.405+0530] {logging_mixin.py:188} INFO - [2025-11-14T11:09:19.404+0530] {dagbag.py:545} INFO - Filling up the DagBag from /home/logi/txtai/venv/lib/python3.10/site-packages/airflow/example_dags/example_branch_labels.py
[2025-11-14T11:09:19.417+0530] {processor.py:840} INFO - DAG(s) 'example_branch_labels' retrieved from /home/logi/txtai/venv/lib/python3.10/site-packages/airflow/example_dags/example_branch_labels.py
[2025-11-14T11:09:19.474+0530] {logging_mixin.py:188} INFO - [2025-11-14T11:09:19.474+0530] {dag.py:3089} INFO - Sync 1 DAGs
[2025-11-14T11:09:19.515+0530] {logging_mixin.py:188} INFO - [2025-11-14T11:09:19.514+0530] {dag.py:3947} INFO - Setting next_dagrun for example_branch_labels to 2025-11-13 00:00:00+00:00, run_after=2025-11-14 00:00:00+00:00
[2025-11-14T11:09:19.550+0530] {processor.py:183} INFO - Processing /home/logi/txtai/venv/lib/python3.10/site-packages/airflow/example_dags/example_branch_labels.py took 0.162 seconds
[2025-11-14T11:09:50.394+0530] {processor.py:161} INFO - Started process (PID=14921) to work on /home/logi/txtai/venv/lib/python3.10/site-packages/airflow/example_dags/example_branch_labels.py
[2025-11-14T11:09:50.395+0530] {processor.py:830} INFO - Processing file /home/logi/txtai/venv/lib/python3.10/site-packages/airflow/example_dags/example_branch_labels.py for tasks to queue
[2025-11-14T11:09:50.398+0530] {logging_mixin.py:188} INFO - [2025-11-14T11:09:50.398+0530] {dagbag.py:545} INFO - Filling up the DagBag from /home/logi/txtai/venv/lib/python3.10/site-packages/airflow/example_dags/example_branch_labels.py
[2025-11-14T11:09:50.412+0530] {processor.py:840} INFO - DAG(s) 'example_branch_labels' retrieved from /home/logi/txtai/venv/lib/python3.10/site-packages/airflow/example_dags/example_branch_labels.py
[2025-11-14T11:09:50.461+0530] {logging_mixin.py:188} INFO - [2025-11-14T11:09:50.461+0530] {dag.py:3089} INFO - Sync 1 DAGs
[2025-11-14T11:09:50.505+0530] {logging_mixin.py:188} INFO - [2025-11-14T11:09:50.504+0530] {dag.py:3947} INFO - Setting next_dagrun for example_branch_labels to 2025-11-13 00:00:00+00:00, run_after=2025-11-14 00:00:00+00:00
[2025-11-14T11:09:50.542+0530] {processor.py:183} INFO - Processing /home/logi/txtai/venv/lib/python3.10/site-packages/airflow/example_dags/example_branch_labels.py took 0.160 seconds
[2025-11-14T11:10:21.147+0530] {processor.py:161} INFO - Started process (PID=15102) to work on /home/logi/txtai/venv/lib/python3.10/site-packages/airflow/example_dags/example_branch_labels.py
[2025-11-14T11:10:21.149+0530] {processor.py:830} INFO - Processing file /home/logi/txtai/venv/lib/python3.10/site-packages/airflow/example_dags/example_branch_labels.py for tasks to queue
[2025-11-14T11:10:21.151+0530] {logging_mixin.py:188} INFO - [2025-11-14T11:10:21.151+0530] {dagbag.py:545} INFO - Filling up the DagBag from /home/logi/txtai/venv/lib/python3.10/site-packages/airflow/example_dags/example_branch_labels.py
[2025-11-14T11:10:21.164+0530] {processor.py:840} INFO - DAG(s) 'example_branch_labels' retrieved from /home/logi/txtai/venv/lib/python3.10/site-packages/airflow/example_dags/example_branch_labels.py
[2025-11-14T11:10:21.216+0530] {logging_mixin.py:188} INFO - [2025-11-14T11:10:21.215+0530] {dag.py:3089} INFO - Sync 1 DAGs
[2025-11-14T11:10:21.253+0530] {logging_mixin.py:188} INFO - [2025-11-14T11:10:21.252+0530] {dag.py:3947} INFO - Setting next_dagrun for example_branch_labels to 2025-11-13 00:00:00+00:00, run_after=2025-11-14 00:00:00+00:00
[2025-11-14T11:10:21.290+0530] {processor.py:183} INFO - Processing /home/logi/txtai/venv/lib/python3.10/site-packages/airflow/example_dags/example_branch_labels.py took 0.153 seconds
