[2025-11-14T10:48:52.802+0530] {processor.py:161} INFO - Started process (PID=6121) to work on /home/logi/txtai/venv/lib/python3.10/site-packages/airflow/example_dags/example_bash_operator.py
[2025-11-14T10:48:52.808+0530] {processor.py:830} INFO - Processing file /home/logi/txtai/venv/lib/python3.10/site-packages/airflow/example_dags/example_bash_operator.py for tasks to queue
[2025-11-14T10:48:52.822+0530] {logging_mixin.py:188} INFO - [2025-11-14T10:48:52.817+0530] {dagbag.py:545} INFO - Filling up the DagBag from /home/logi/txtai/venv/lib/python3.10/site-packages/airflow/example_dags/example_bash_operator.py
[2025-11-14T10:48:52.906+0530] {processor.py:840} INFO - DAG(s) 'example_bash_operator' retrieved from /home/logi/txtai/venv/lib/python3.10/site-packages/airflow/example_dags/example_bash_operator.py
[2025-11-14T10:48:53.071+0530] {logging_mixin.py:188} INFO - [2025-11-14T10:48:53.070+0530] {dag.py:3089} INFO - Sync 1 DAGs
[2025-11-14T10:48:53.232+0530] {logging_mixin.py:188} INFO - [2025-11-14T10:48:53.229+0530] {dag.py:3947} INFO - Setting next_dagrun for example_bash_operator to 2025-11-13 00:00:00+00:00, run_after=2025-11-14 00:00:00+00:00
[2025-11-14T10:48:53.405+0530] {processor.py:183} INFO - Processing /home/logi/txtai/venv/lib/python3.10/site-packages/airflow/example_dags/example_bash_operator.py took 0.633 seconds
[2025-11-14T10:49:23.499+0530] {processor.py:161} INFO - Started process (PID=6739) to work on /home/logi/txtai/venv/lib/python3.10/site-packages/airflow/example_dags/example_bash_operator.py
[2025-11-14T10:49:23.502+0530] {processor.py:830} INFO - Processing file /home/logi/txtai/venv/lib/python3.10/site-packages/airflow/example_dags/example_bash_operator.py for tasks to queue
[2025-11-14T10:49:23.509+0530] {logging_mixin.py:188} INFO - [2025-11-14T10:49:23.507+0530] {dagbag.py:545} INFO - Filling up the DagBag from /home/logi/txtai/venv/lib/python3.10/site-packages/airflow/example_dags/example_bash_operator.py
[2025-11-14T10:49:23.525+0530] {processor.py:840} INFO - DAG(s) 'example_bash_operator' retrieved from /home/logi/txtai/venv/lib/python3.10/site-packages/airflow/example_dags/example_bash_operator.py
[2025-11-14T10:49:23.582+0530] {logging_mixin.py:188} INFO - [2025-11-14T10:49:23.581+0530] {dag.py:3089} INFO - Sync 1 DAGs
[2025-11-14T10:49:23.615+0530] {logging_mixin.py:188} INFO - [2025-11-14T10:49:23.615+0530] {dag.py:3947} INFO - Setting next_dagrun for example_bash_operator to 2025-11-13 00:00:00+00:00, run_after=2025-11-14 00:00:00+00:00
[2025-11-14T10:49:23.673+0530] {processor.py:183} INFO - Processing /home/logi/txtai/venv/lib/python3.10/site-packages/airflow/example_dags/example_bash_operator.py took 0.183 seconds
[2025-11-14T10:49:54.412+0530] {processor.py:161} INFO - Started process (PID=7432) to work on /home/logi/txtai/venv/lib/python3.10/site-packages/airflow/example_dags/example_bash_operator.py
[2025-11-14T10:49:54.413+0530] {processor.py:830} INFO - Processing file /home/logi/txtai/venv/lib/python3.10/site-packages/airflow/example_dags/example_bash_operator.py for tasks to queue
[2025-11-14T10:49:54.415+0530] {logging_mixin.py:188} INFO - [2025-11-14T10:49:54.414+0530] {dagbag.py:545} INFO - Filling up the DagBag from /home/logi/txtai/venv/lib/python3.10/site-packages/airflow/example_dags/example_bash_operator.py
[2025-11-14T10:49:54.426+0530] {processor.py:840} INFO - DAG(s) 'example_bash_operator' retrieved from /home/logi/txtai/venv/lib/python3.10/site-packages/airflow/example_dags/example_bash_operator.py
[2025-11-14T10:49:54.467+0530] {logging_mixin.py:188} INFO - [2025-11-14T10:49:54.466+0530] {dag.py:3089} INFO - Sync 1 DAGs
[2025-11-14T10:49:54.495+0530] {logging_mixin.py:188} INFO - [2025-11-14T10:49:54.495+0530] {dag.py:3947} INFO - Setting next_dagrun for example_bash_operator to 2025-11-13 00:00:00+00:00, run_after=2025-11-14 00:00:00+00:00
[2025-11-14T10:49:54.526+0530] {processor.py:183} INFO - Processing /home/logi/txtai/venv/lib/python3.10/site-packages/airflow/example_dags/example_bash_operator.py took 0.125 seconds
[2025-11-14T10:50:25.031+0530] {processor.py:161} INFO - Started process (PID=7932) to work on /home/logi/txtai/venv/lib/python3.10/site-packages/airflow/example_dags/example_bash_operator.py
[2025-11-14T10:50:25.032+0530] {processor.py:830} INFO - Processing file /home/logi/txtai/venv/lib/python3.10/site-packages/airflow/example_dags/example_bash_operator.py for tasks to queue
[2025-11-14T10:50:25.035+0530] {logging_mixin.py:188} INFO - [2025-11-14T10:50:25.035+0530] {dagbag.py:545} INFO - Filling up the DagBag from /home/logi/txtai/venv/lib/python3.10/site-packages/airflow/example_dags/example_bash_operator.py
[2025-11-14T10:50:25.059+0530] {processor.py:840} INFO - DAG(s) 'example_bash_operator' retrieved from /home/logi/txtai/venv/lib/python3.10/site-packages/airflow/example_dags/example_bash_operator.py
[2025-11-14T10:50:25.099+0530] {logging_mixin.py:188} INFO - [2025-11-14T10:50:25.099+0530] {dag.py:3089} INFO - Sync 1 DAGs
[2025-11-14T10:50:25.125+0530] {logging_mixin.py:188} INFO - [2025-11-14T10:50:25.124+0530] {dag.py:3947} INFO - Setting next_dagrun for example_bash_operator to 2025-11-13 00:00:00+00:00, run_after=2025-11-14 00:00:00+00:00
[2025-11-14T10:50:25.144+0530] {processor.py:183} INFO - Processing /home/logi/txtai/venv/lib/python3.10/site-packages/airflow/example_dags/example_bash_operator.py took 0.124 seconds
[2025-11-14T10:50:56.156+0530] {processor.py:161} INFO - Started process (PID=8173) to work on /home/logi/txtai/venv/lib/python3.10/site-packages/airflow/example_dags/example_bash_operator.py
[2025-11-14T10:50:56.157+0530] {processor.py:830} INFO - Processing file /home/logi/txtai/venv/lib/python3.10/site-packages/airflow/example_dags/example_bash_operator.py for tasks to queue
[2025-11-14T10:50:56.159+0530] {logging_mixin.py:188} INFO - [2025-11-14T10:50:56.158+0530] {dagbag.py:545} INFO - Filling up the DagBag from /home/logi/txtai/venv/lib/python3.10/site-packages/airflow/example_dags/example_bash_operator.py
[2025-11-14T10:50:56.169+0530] {processor.py:840} INFO - DAG(s) 'example_bash_operator' retrieved from /home/logi/txtai/venv/lib/python3.10/site-packages/airflow/example_dags/example_bash_operator.py
[2025-11-14T10:50:56.211+0530] {logging_mixin.py:188} INFO - [2025-11-14T10:50:56.210+0530] {dag.py:3089} INFO - Sync 1 DAGs
[2025-11-14T10:50:56.238+0530] {logging_mixin.py:188} INFO - [2025-11-14T10:50:56.238+0530] {dag.py:3947} INFO - Setting next_dagrun for example_bash_operator to 2025-11-13 00:00:00+00:00, run_after=2025-11-14 00:00:00+00:00
[2025-11-14T10:50:56.261+0530] {processor.py:183} INFO - Processing /home/logi/txtai/venv/lib/python3.10/site-packages/airflow/example_dags/example_bash_operator.py took 0.113 seconds
[2025-11-14T10:51:26.400+0530] {processor.py:161} INFO - Started process (PID=8328) to work on /home/logi/txtai/venv/lib/python3.10/site-packages/airflow/example_dags/example_bash_operator.py
[2025-11-14T10:51:26.401+0530] {processor.py:830} INFO - Processing file /home/logi/txtai/venv/lib/python3.10/site-packages/airflow/example_dags/example_bash_operator.py for tasks to queue
[2025-11-14T10:51:26.403+0530] {logging_mixin.py:188} INFO - [2025-11-14T10:51:26.402+0530] {dagbag.py:545} INFO - Filling up the DagBag from /home/logi/txtai/venv/lib/python3.10/site-packages/airflow/example_dags/example_bash_operator.py
[2025-11-14T10:51:26.421+0530] {processor.py:840} INFO - DAG(s) 'example_bash_operator' retrieved from /home/logi/txtai/venv/lib/python3.10/site-packages/airflow/example_dags/example_bash_operator.py
[2025-11-14T10:51:26.469+0530] {logging_mixin.py:188} INFO - [2025-11-14T10:51:26.469+0530] {dag.py:3089} INFO - Sync 1 DAGs
[2025-11-14T10:51:26.496+0530] {logging_mixin.py:188} INFO - [2025-11-14T10:51:26.496+0530] {dag.py:3947} INFO - Setting next_dagrun for example_bash_operator to 2025-11-13 00:00:00+00:00, run_after=2025-11-14 00:00:00+00:00
[2025-11-14T10:51:26.525+0530] {processor.py:183} INFO - Processing /home/logi/txtai/venv/lib/python3.10/site-packages/airflow/example_dags/example_bash_operator.py took 0.131 seconds
[2025-11-14T10:51:56.797+0530] {processor.py:161} INFO - Started process (PID=8464) to work on /home/logi/txtai/venv/lib/python3.10/site-packages/airflow/example_dags/example_bash_operator.py
[2025-11-14T10:51:56.798+0530] {processor.py:830} INFO - Processing file /home/logi/txtai/venv/lib/python3.10/site-packages/airflow/example_dags/example_bash_operator.py for tasks to queue
[2025-11-14T10:51:56.800+0530] {logging_mixin.py:188} INFO - [2025-11-14T10:51:56.800+0530] {dagbag.py:545} INFO - Filling up the DagBag from /home/logi/txtai/venv/lib/python3.10/site-packages/airflow/example_dags/example_bash_operator.py
[2025-11-14T10:51:56.815+0530] {processor.py:840} INFO - DAG(s) 'example_bash_operator' retrieved from /home/logi/txtai/venv/lib/python3.10/site-packages/airflow/example_dags/example_bash_operator.py
[2025-11-14T10:51:56.854+0530] {logging_mixin.py:188} INFO - [2025-11-14T10:51:56.854+0530] {dag.py:3089} INFO - Sync 1 DAGs
[2025-11-14T10:51:56.873+0530] {logging_mixin.py:188} INFO - [2025-11-14T10:51:56.872+0530] {dag.py:3947} INFO - Setting next_dagrun for example_bash_operator to 2025-11-13 00:00:00+00:00, run_after=2025-11-14 00:00:00+00:00
[2025-11-14T10:51:56.897+0530] {processor.py:183} INFO - Processing /home/logi/txtai/venv/lib/python3.10/site-packages/airflow/example_dags/example_bash_operator.py took 0.106 seconds
[2025-11-14T10:52:28.517+0530] {processor.py:161} INFO - Started process (PID=8645) to work on /home/logi/txtai/venv/lib/python3.10/site-packages/airflow/example_dags/example_bash_operator.py
[2025-11-14T10:52:28.519+0530] {processor.py:830} INFO - Processing file /home/logi/txtai/venv/lib/python3.10/site-packages/airflow/example_dags/example_bash_operator.py for tasks to queue
[2025-11-14T10:52:28.521+0530] {logging_mixin.py:188} INFO - [2025-11-14T10:52:28.521+0530] {dagbag.py:545} INFO - Filling up the DagBag from /home/logi/txtai/venv/lib/python3.10/site-packages/airflow/example_dags/example_bash_operator.py
[2025-11-14T10:52:28.543+0530] {processor.py:840} INFO - DAG(s) 'example_bash_operator' retrieved from /home/logi/txtai/venv/lib/python3.10/site-packages/airflow/example_dags/example_bash_operator.py
[2025-11-14T10:52:28.626+0530] {logging_mixin.py:188} INFO - [2025-11-14T10:52:28.626+0530] {dag.py:3089} INFO - Sync 1 DAGs
[2025-11-14T10:52:28.667+0530] {logging_mixin.py:188} INFO - [2025-11-14T10:52:28.667+0530] {dag.py:3947} INFO - Setting next_dagrun for example_bash_operator to 2025-11-13 00:00:00+00:00, run_after=2025-11-14 00:00:00+00:00
[2025-11-14T10:52:28.714+0530] {processor.py:183} INFO - Processing /home/logi/txtai/venv/lib/python3.10/site-packages/airflow/example_dags/example_bash_operator.py took 0.209 seconds
[2025-11-14T10:52:58.961+0530] {processor.py:161} INFO - Started process (PID=8775) to work on /home/logi/txtai/venv/lib/python3.10/site-packages/airflow/example_dags/example_bash_operator.py
[2025-11-14T10:52:58.963+0530] {processor.py:830} INFO - Processing file /home/logi/txtai/venv/lib/python3.10/site-packages/airflow/example_dags/example_bash_operator.py for tasks to queue
[2025-11-14T10:52:58.966+0530] {logging_mixin.py:188} INFO - [2025-11-14T10:52:58.966+0530] {dagbag.py:545} INFO - Filling up the DagBag from /home/logi/txtai/venv/lib/python3.10/site-packages/airflow/example_dags/example_bash_operator.py
[2025-11-14T10:52:58.982+0530] {processor.py:840} INFO - DAG(s) 'example_bash_operator' retrieved from /home/logi/txtai/venv/lib/python3.10/site-packages/airflow/example_dags/example_bash_operator.py
[2025-11-14T10:52:59.021+0530] {logging_mixin.py:188} INFO - [2025-11-14T10:52:59.020+0530] {dag.py:3089} INFO - Sync 1 DAGs
[2025-11-14T10:52:59.045+0530] {logging_mixin.py:188} INFO - [2025-11-14T10:52:59.045+0530] {dag.py:3947} INFO - Setting next_dagrun for example_bash_operator to 2025-11-13 00:00:00+00:00, run_after=2025-11-14 00:00:00+00:00
[2025-11-14T10:52:59.067+0530] {processor.py:183} INFO - Processing /home/logi/txtai/venv/lib/python3.10/site-packages/airflow/example_dags/example_bash_operator.py took 0.113 seconds
[2025-11-14T10:53:29.865+0530] {processor.py:161} INFO - Started process (PID=8905) to work on /home/logi/txtai/venv/lib/python3.10/site-packages/airflow/example_dags/example_bash_operator.py
[2025-11-14T10:53:29.866+0530] {processor.py:830} INFO - Processing file /home/logi/txtai/venv/lib/python3.10/site-packages/airflow/example_dags/example_bash_operator.py for tasks to queue
[2025-11-14T10:53:29.868+0530] {logging_mixin.py:188} INFO - [2025-11-14T10:53:29.867+0530] {dagbag.py:545} INFO - Filling up the DagBag from /home/logi/txtai/venv/lib/python3.10/site-packages/airflow/example_dags/example_bash_operator.py
[2025-11-14T10:53:29.877+0530] {processor.py:840} INFO - DAG(s) 'example_bash_operator' retrieved from /home/logi/txtai/venv/lib/python3.10/site-packages/airflow/example_dags/example_bash_operator.py
[2025-11-14T10:53:29.917+0530] {logging_mixin.py:188} INFO - [2025-11-14T10:53:29.916+0530] {dag.py:3089} INFO - Sync 1 DAGs
[2025-11-14T10:53:29.943+0530] {logging_mixin.py:188} INFO - [2025-11-14T10:53:29.942+0530] {dag.py:3947} INFO - Setting next_dagrun for example_bash_operator to 2025-11-13 00:00:00+00:00, run_after=2025-11-14 00:00:00+00:00
[2025-11-14T10:53:29.968+0530] {processor.py:183} INFO - Processing /home/logi/txtai/venv/lib/python3.10/site-packages/airflow/example_dags/example_bash_operator.py took 0.115 seconds
[2025-11-14T10:54:01.030+0530] {processor.py:161} INFO - Started process (PID=9093) to work on /home/logi/txtai/venv/lib/python3.10/site-packages/airflow/example_dags/example_bash_operator.py
[2025-11-14T10:54:01.032+0530] {processor.py:830} INFO - Processing file /home/logi/txtai/venv/lib/python3.10/site-packages/airflow/example_dags/example_bash_operator.py for tasks to queue
[2025-11-14T10:54:01.035+0530] {logging_mixin.py:188} INFO - [2025-11-14T10:54:01.035+0530] {dagbag.py:545} INFO - Filling up the DagBag from /home/logi/txtai/venv/lib/python3.10/site-packages/airflow/example_dags/example_bash_operator.py
[2025-11-14T10:54:01.046+0530] {processor.py:840} INFO - DAG(s) 'example_bash_operator' retrieved from /home/logi/txtai/venv/lib/python3.10/site-packages/airflow/example_dags/example_bash_operator.py
[2025-11-14T10:54:01.109+0530] {logging_mixin.py:188} INFO - [2025-11-14T10:54:01.108+0530] {dag.py:3089} INFO - Sync 1 DAGs
[2025-11-14T10:54:01.142+0530] {logging_mixin.py:188} INFO - [2025-11-14T10:54:01.142+0530] {dag.py:3947} INFO - Setting next_dagrun for example_bash_operator to 2025-11-13 00:00:00+00:00, run_after=2025-11-14 00:00:00+00:00
[2025-11-14T10:54:01.173+0530] {processor.py:183} INFO - Processing /home/logi/txtai/venv/lib/python3.10/site-packages/airflow/example_dags/example_bash_operator.py took 0.152 seconds
[2025-11-14T10:54:32.141+0530] {processor.py:161} INFO - Started process (PID=9326) to work on /home/logi/txtai/venv/lib/python3.10/site-packages/airflow/example_dags/example_bash_operator.py
[2025-11-14T10:54:32.143+0530] {processor.py:830} INFO - Processing file /home/logi/txtai/venv/lib/python3.10/site-packages/airflow/example_dags/example_bash_operator.py for tasks to queue
[2025-11-14T10:54:32.146+0530] {logging_mixin.py:188} INFO - [2025-11-14T10:54:32.145+0530] {dagbag.py:545} INFO - Filling up the DagBag from /home/logi/txtai/venv/lib/python3.10/site-packages/airflow/example_dags/example_bash_operator.py
[2025-11-14T10:54:32.167+0530] {processor.py:840} INFO - DAG(s) 'example_bash_operator' retrieved from /home/logi/txtai/venv/lib/python3.10/site-packages/airflow/example_dags/example_bash_operator.py
[2025-11-14T10:54:32.218+0530] {logging_mixin.py:188} INFO - [2025-11-14T10:54:32.218+0530] {dag.py:3089} INFO - Sync 1 DAGs
[2025-11-14T10:54:32.252+0530] {logging_mixin.py:188} INFO - [2025-11-14T10:54:32.252+0530] {dag.py:3947} INFO - Setting next_dagrun for example_bash_operator to 2025-11-13 00:00:00+00:00, run_after=2025-11-14 00:00:00+00:00
[2025-11-14T10:54:32.286+0530] {processor.py:183} INFO - Processing /home/logi/txtai/venv/lib/python3.10/site-packages/airflow/example_dags/example_bash_operator.py took 0.159 seconds
[2025-11-14T10:55:03.393+0530] {processor.py:161} INFO - Started process (PID=9473) to work on /home/logi/txtai/venv/lib/python3.10/site-packages/airflow/example_dags/example_bash_operator.py
[2025-11-14T10:55:03.395+0530] {processor.py:830} INFO - Processing file /home/logi/txtai/venv/lib/python3.10/site-packages/airflow/example_dags/example_bash_operator.py for tasks to queue
[2025-11-14T10:55:03.397+0530] {logging_mixin.py:188} INFO - [2025-11-14T10:55:03.397+0530] {dagbag.py:545} INFO - Filling up the DagBag from /home/logi/txtai/venv/lib/python3.10/site-packages/airflow/example_dags/example_bash_operator.py
[2025-11-14T10:55:03.415+0530] {processor.py:840} INFO - DAG(s) 'example_bash_operator' retrieved from /home/logi/txtai/venv/lib/python3.10/site-packages/airflow/example_dags/example_bash_operator.py
[2025-11-14T10:55:03.481+0530] {logging_mixin.py:188} INFO - [2025-11-14T10:55:03.481+0530] {dag.py:3089} INFO - Sync 1 DAGs
[2025-11-14T10:55:03.520+0530] {logging_mixin.py:188} INFO - [2025-11-14T10:55:03.519+0530] {dag.py:3947} INFO - Setting next_dagrun for example_bash_operator to 2025-11-13 00:00:00+00:00, run_after=2025-11-14 00:00:00+00:00
[2025-11-14T10:55:03.554+0530] {processor.py:183} INFO - Processing /home/logi/txtai/venv/lib/python3.10/site-packages/airflow/example_dags/example_bash_operator.py took 0.176 seconds
[2025-11-14T10:55:33.982+0530] {processor.py:161} INFO - Started process (PID=9615) to work on /home/logi/txtai/venv/lib/python3.10/site-packages/airflow/example_dags/example_bash_operator.py
[2025-11-14T10:55:33.984+0530] {processor.py:830} INFO - Processing file /home/logi/txtai/venv/lib/python3.10/site-packages/airflow/example_dags/example_bash_operator.py for tasks to queue
[2025-11-14T10:55:33.985+0530] {logging_mixin.py:188} INFO - [2025-11-14T10:55:33.985+0530] {dagbag.py:545} INFO - Filling up the DagBag from /home/logi/txtai/venv/lib/python3.10/site-packages/airflow/example_dags/example_bash_operator.py
[2025-11-14T10:55:33.999+0530] {processor.py:840} INFO - DAG(s) 'example_bash_operator' retrieved from /home/logi/txtai/venv/lib/python3.10/site-packages/airflow/example_dags/example_bash_operator.py
[2025-11-14T10:55:34.045+0530] {logging_mixin.py:188} INFO - [2025-11-14T10:55:34.045+0530] {dag.py:3089} INFO - Sync 1 DAGs
[2025-11-14T10:55:34.074+0530] {logging_mixin.py:188} INFO - [2025-11-14T10:55:34.073+0530] {dag.py:3947} INFO - Setting next_dagrun for example_bash_operator to 2025-11-13 00:00:00+00:00, run_after=2025-11-14 00:00:00+00:00
[2025-11-14T10:55:34.104+0530] {processor.py:183} INFO - Processing /home/logi/txtai/venv/lib/python3.10/site-packages/airflow/example_dags/example_bash_operator.py took 0.130 seconds
[2025-11-14T10:56:04.543+0530] {processor.py:161} INFO - Started process (PID=9744) to work on /home/logi/txtai/venv/lib/python3.10/site-packages/airflow/example_dags/example_bash_operator.py
[2025-11-14T10:56:04.545+0530] {processor.py:830} INFO - Processing file /home/logi/txtai/venv/lib/python3.10/site-packages/airflow/example_dags/example_bash_operator.py for tasks to queue
[2025-11-14T10:56:04.550+0530] {logging_mixin.py:188} INFO - [2025-11-14T10:56:04.549+0530] {dagbag.py:545} INFO - Filling up the DagBag from /home/logi/txtai/venv/lib/python3.10/site-packages/airflow/example_dags/example_bash_operator.py
[2025-11-14T10:56:04.569+0530] {processor.py:840} INFO - DAG(s) 'example_bash_operator' retrieved from /home/logi/txtai/venv/lib/python3.10/site-packages/airflow/example_dags/example_bash_operator.py
[2025-11-14T10:56:04.656+0530] {logging_mixin.py:188} INFO - [2025-11-14T10:56:04.655+0530] {dag.py:3089} INFO - Sync 1 DAGs
[2025-11-14T10:56:04.692+0530] {logging_mixin.py:188} INFO - [2025-11-14T10:56:04.692+0530] {dag.py:3947} INFO - Setting next_dagrun for example_bash_operator to 2025-11-13 00:00:00+00:00, run_after=2025-11-14 00:00:00+00:00
[2025-11-14T10:56:04.731+0530] {processor.py:183} INFO - Processing /home/logi/txtai/venv/lib/python3.10/site-packages/airflow/example_dags/example_bash_operator.py took 0.200 seconds
[2025-11-14T10:56:34.904+0530] {processor.py:161} INFO - Started process (PID=9907) to work on /home/logi/txtai/venv/lib/python3.10/site-packages/airflow/example_dags/example_bash_operator.py
[2025-11-14T10:56:34.906+0530] {processor.py:830} INFO - Processing file /home/logi/txtai/venv/lib/python3.10/site-packages/airflow/example_dags/example_bash_operator.py for tasks to queue
[2025-11-14T10:56:34.910+0530] {logging_mixin.py:188} INFO - [2025-11-14T10:56:34.909+0530] {dagbag.py:545} INFO - Filling up the DagBag from /home/logi/txtai/venv/lib/python3.10/site-packages/airflow/example_dags/example_bash_operator.py
[2025-11-14T10:56:34.931+0530] {processor.py:840} INFO - DAG(s) 'example_bash_operator' retrieved from /home/logi/txtai/venv/lib/python3.10/site-packages/airflow/example_dags/example_bash_operator.py
[2025-11-14T10:56:34.991+0530] {logging_mixin.py:188} INFO - [2025-11-14T10:56:34.991+0530] {dag.py:3089} INFO - Sync 1 DAGs
[2025-11-14T10:56:35.023+0530] {logging_mixin.py:188} INFO - [2025-11-14T10:56:35.022+0530] {dag.py:3947} INFO - Setting next_dagrun for example_bash_operator to 2025-11-13 00:00:00+00:00, run_after=2025-11-14 00:00:00+00:00
[2025-11-14T10:56:35.051+0530] {processor.py:183} INFO - Processing /home/logi/txtai/venv/lib/python3.10/site-packages/airflow/example_dags/example_bash_operator.py took 0.160 seconds
[2025-11-14T10:57:05.173+0530] {processor.py:161} INFO - Started process (PID=10038) to work on /home/logi/txtai/venv/lib/python3.10/site-packages/airflow/example_dags/example_bash_operator.py
[2025-11-14T10:57:05.174+0530] {processor.py:830} INFO - Processing file /home/logi/txtai/venv/lib/python3.10/site-packages/airflow/example_dags/example_bash_operator.py for tasks to queue
[2025-11-14T10:57:05.176+0530] {logging_mixin.py:188} INFO - [2025-11-14T10:57:05.175+0530] {dagbag.py:545} INFO - Filling up the DagBag from /home/logi/txtai/venv/lib/python3.10/site-packages/airflow/example_dags/example_bash_operator.py
[2025-11-14T10:57:05.190+0530] {processor.py:840} INFO - DAG(s) 'example_bash_operator' retrieved from /home/logi/txtai/venv/lib/python3.10/site-packages/airflow/example_dags/example_bash_operator.py
[2025-11-14T10:57:05.250+0530] {logging_mixin.py:188} INFO - [2025-11-14T10:57:05.250+0530] {dag.py:3089} INFO - Sync 1 DAGs
[2025-11-14T10:57:05.278+0530] {logging_mixin.py:188} INFO - [2025-11-14T10:57:05.277+0530] {dag.py:3947} INFO - Setting next_dagrun for example_bash_operator to 2025-11-13 00:00:00+00:00, run_after=2025-11-14 00:00:00+00:00
[2025-11-14T10:57:05.299+0530] {processor.py:183} INFO - Processing /home/logi/txtai/venv/lib/python3.10/site-packages/airflow/example_dags/example_bash_operator.py took 0.146 seconds
[2025-11-14T10:57:36.189+0530] {processor.py:161} INFO - Started process (PID=10170) to work on /home/logi/txtai/venv/lib/python3.10/site-packages/airflow/example_dags/example_bash_operator.py
[2025-11-14T10:57:36.202+0530] {processor.py:830} INFO - Processing file /home/logi/txtai/venv/lib/python3.10/site-packages/airflow/example_dags/example_bash_operator.py for tasks to queue
[2025-11-14T10:57:36.207+0530] {logging_mixin.py:188} INFO - [2025-11-14T10:57:36.206+0530] {dagbag.py:545} INFO - Filling up the DagBag from /home/logi/txtai/venv/lib/python3.10/site-packages/airflow/example_dags/example_bash_operator.py
[2025-11-14T10:57:36.227+0530] {processor.py:840} INFO - DAG(s) 'example_bash_operator' retrieved from /home/logi/txtai/venv/lib/python3.10/site-packages/airflow/example_dags/example_bash_operator.py
[2025-11-14T10:57:36.273+0530] {logging_mixin.py:188} INFO - [2025-11-14T10:57:36.272+0530] {dag.py:3089} INFO - Sync 1 DAGs
[2025-11-14T10:57:36.297+0530] {logging_mixin.py:188} INFO - [2025-11-14T10:57:36.297+0530] {dag.py:3947} INFO - Setting next_dagrun for example_bash_operator to 2025-11-13 00:00:00+00:00, run_after=2025-11-14 00:00:00+00:00
[2025-11-14T10:57:36.320+0530] {processor.py:183} INFO - Processing /home/logi/txtai/venv/lib/python3.10/site-packages/airflow/example_dags/example_bash_operator.py took 0.143 seconds
[2025-11-14T10:58:06.596+0530] {processor.py:161} INFO - Started process (PID=10300) to work on /home/logi/txtai/venv/lib/python3.10/site-packages/airflow/example_dags/example_bash_operator.py
[2025-11-14T10:58:06.609+0530] {processor.py:830} INFO - Processing file /home/logi/txtai/venv/lib/python3.10/site-packages/airflow/example_dags/example_bash_operator.py for tasks to queue
[2025-11-14T10:58:06.614+0530] {logging_mixin.py:188} INFO - [2025-11-14T10:58:06.613+0530] {dagbag.py:545} INFO - Filling up the DagBag from /home/logi/txtai/venv/lib/python3.10/site-packages/airflow/example_dags/example_bash_operator.py
[2025-11-14T10:58:06.628+0530] {processor.py:840} INFO - DAG(s) 'example_bash_operator' retrieved from /home/logi/txtai/venv/lib/python3.10/site-packages/airflow/example_dags/example_bash_operator.py
[2025-11-14T10:58:06.668+0530] {logging_mixin.py:188} INFO - [2025-11-14T10:58:06.667+0530] {dag.py:3089} INFO - Sync 1 DAGs
[2025-11-14T10:58:06.693+0530] {logging_mixin.py:188} INFO - [2025-11-14T10:58:06.693+0530] {dag.py:3947} INFO - Setting next_dagrun for example_bash_operator to 2025-11-13 00:00:00+00:00, run_after=2025-11-14 00:00:00+00:00
[2025-11-14T10:58:06.713+0530] {processor.py:183} INFO - Processing /home/logi/txtai/venv/lib/python3.10/site-packages/airflow/example_dags/example_bash_operator.py took 0.123 seconds
[2025-11-14T10:58:37.140+0530] {processor.py:161} INFO - Started process (PID=10430) to work on /home/logi/txtai/venv/lib/python3.10/site-packages/airflow/example_dags/example_bash_operator.py
[2025-11-14T10:58:37.153+0530] {processor.py:830} INFO - Processing file /home/logi/txtai/venv/lib/python3.10/site-packages/airflow/example_dags/example_bash_operator.py for tasks to queue
[2025-11-14T10:58:37.156+0530] {logging_mixin.py:188} INFO - [2025-11-14T10:58:37.156+0530] {dagbag.py:545} INFO - Filling up the DagBag from /home/logi/txtai/venv/lib/python3.10/site-packages/airflow/example_dags/example_bash_operator.py
[2025-11-14T10:58:37.177+0530] {processor.py:840} INFO - DAG(s) 'example_bash_operator' retrieved from /home/logi/txtai/venv/lib/python3.10/site-packages/airflow/example_dags/example_bash_operator.py
[2025-11-14T10:58:37.247+0530] {logging_mixin.py:188} INFO - [2025-11-14T10:58:37.246+0530] {dag.py:3089} INFO - Sync 1 DAGs
[2025-11-14T10:58:37.269+0530] {logging_mixin.py:188} INFO - [2025-11-14T10:58:37.268+0530] {dag.py:3947} INFO - Setting next_dagrun for example_bash_operator to 2025-11-13 00:00:00+00:00, run_after=2025-11-14 00:00:00+00:00
[2025-11-14T10:58:37.298+0530] {processor.py:183} INFO - Processing /home/logi/txtai/venv/lib/python3.10/site-packages/airflow/example_dags/example_bash_operator.py took 0.180 seconds
[2025-11-14T10:59:07.749+0530] {processor.py:161} INFO - Started process (PID=10588) to work on /home/logi/txtai/venv/lib/python3.10/site-packages/airflow/example_dags/example_bash_operator.py
[2025-11-14T10:59:07.750+0530] {processor.py:830} INFO - Processing file /home/logi/txtai/venv/lib/python3.10/site-packages/airflow/example_dags/example_bash_operator.py for tasks to queue
[2025-11-14T10:59:07.753+0530] {logging_mixin.py:188} INFO - [2025-11-14T10:59:07.752+0530] {dagbag.py:545} INFO - Filling up the DagBag from /home/logi/txtai/venv/lib/python3.10/site-packages/airflow/example_dags/example_bash_operator.py
[2025-11-14T10:59:07.772+0530] {processor.py:840} INFO - DAG(s) 'example_bash_operator' retrieved from /home/logi/txtai/venv/lib/python3.10/site-packages/airflow/example_dags/example_bash_operator.py
[2025-11-14T10:59:07.812+0530] {logging_mixin.py:188} INFO - [2025-11-14T10:59:07.812+0530] {dag.py:3089} INFO - Sync 1 DAGs
[2025-11-14T10:59:07.837+0530] {logging_mixin.py:188} INFO - [2025-11-14T10:59:07.836+0530] {dag.py:3947} INFO - Setting next_dagrun for example_bash_operator to 2025-11-13 00:00:00+00:00, run_after=2025-11-14 00:00:00+00:00
[2025-11-14T10:59:07.862+0530] {processor.py:183} INFO - Processing /home/logi/txtai/venv/lib/python3.10/site-packages/airflow/example_dags/example_bash_operator.py took 0.125 seconds
[2025-11-14T10:59:38.540+0530] {processor.py:161} INFO - Started process (PID=10717) to work on /home/logi/txtai/venv/lib/python3.10/site-packages/airflow/example_dags/example_bash_operator.py
[2025-11-14T10:59:38.554+0530] {processor.py:830} INFO - Processing file /home/logi/txtai/venv/lib/python3.10/site-packages/airflow/example_dags/example_bash_operator.py for tasks to queue
[2025-11-14T10:59:38.558+0530] {logging_mixin.py:188} INFO - [2025-11-14T10:59:38.557+0530] {dagbag.py:545} INFO - Filling up the DagBag from /home/logi/txtai/venv/lib/python3.10/site-packages/airflow/example_dags/example_bash_operator.py
[2025-11-14T10:59:38.578+0530] {processor.py:840} INFO - DAG(s) 'example_bash_operator' retrieved from /home/logi/txtai/venv/lib/python3.10/site-packages/airflow/example_dags/example_bash_operator.py
[2025-11-14T10:59:38.639+0530] {logging_mixin.py:188} INFO - [2025-11-14T10:59:38.639+0530] {dag.py:3089} INFO - Sync 1 DAGs
[2025-11-14T10:59:38.679+0530] {logging_mixin.py:188} INFO - [2025-11-14T10:59:38.679+0530] {dag.py:3947} INFO - Setting next_dagrun for example_bash_operator to 2025-11-13 00:00:00+00:00, run_after=2025-11-14 00:00:00+00:00
[2025-11-14T10:59:38.713+0530] {processor.py:183} INFO - Processing /home/logi/txtai/venv/lib/python3.10/site-packages/airflow/example_dags/example_bash_operator.py took 0.184 seconds
[2025-11-14T11:00:09.126+0530] {processor.py:161} INFO - Started process (PID=10846) to work on /home/logi/txtai/venv/lib/python3.10/site-packages/airflow/example_dags/example_bash_operator.py
[2025-11-14T11:00:09.140+0530] {processor.py:830} INFO - Processing file /home/logi/txtai/venv/lib/python3.10/site-packages/airflow/example_dags/example_bash_operator.py for tasks to queue
[2025-11-14T11:00:09.143+0530] {logging_mixin.py:188} INFO - [2025-11-14T11:00:09.142+0530] {dagbag.py:545} INFO - Filling up the DagBag from /home/logi/txtai/venv/lib/python3.10/site-packages/airflow/example_dags/example_bash_operator.py
[2025-11-14T11:00:09.163+0530] {processor.py:840} INFO - DAG(s) 'example_bash_operator' retrieved from /home/logi/txtai/venv/lib/python3.10/site-packages/airflow/example_dags/example_bash_operator.py
[2025-11-14T11:00:09.250+0530] {logging_mixin.py:188} INFO - [2025-11-14T11:00:09.250+0530] {dag.py:3089} INFO - Sync 1 DAGs
[2025-11-14T11:00:09.292+0530] {logging_mixin.py:188} INFO - [2025-11-14T11:00:09.292+0530] {dag.py:3947} INFO - Setting next_dagrun for example_bash_operator to 2025-11-13 00:00:00+00:00, run_after=2025-11-14 00:00:00+00:00
[2025-11-14T11:00:09.331+0530] {processor.py:183} INFO - Processing /home/logi/txtai/venv/lib/python3.10/site-packages/airflow/example_dags/example_bash_operator.py took 0.221 seconds
[2025-11-14T11:00:39.631+0530] {processor.py:161} INFO - Started process (PID=10976) to work on /home/logi/txtai/venv/lib/python3.10/site-packages/airflow/example_dags/example_bash_operator.py
[2025-11-14T11:00:39.632+0530] {processor.py:830} INFO - Processing file /home/logi/txtai/venv/lib/python3.10/site-packages/airflow/example_dags/example_bash_operator.py for tasks to queue
[2025-11-14T11:00:39.635+0530] {logging_mixin.py:188} INFO - [2025-11-14T11:00:39.635+0530] {dagbag.py:545} INFO - Filling up the DagBag from /home/logi/txtai/venv/lib/python3.10/site-packages/airflow/example_dags/example_bash_operator.py
[2025-11-14T11:00:39.657+0530] {processor.py:840} INFO - DAG(s) 'example_bash_operator' retrieved from /home/logi/txtai/venv/lib/python3.10/site-packages/airflow/example_dags/example_bash_operator.py
[2025-11-14T11:00:39.740+0530] {logging_mixin.py:188} INFO - [2025-11-14T11:00:39.740+0530] {dag.py:3089} INFO - Sync 1 DAGs
[2025-11-14T11:00:39.785+0530] {logging_mixin.py:188} INFO - [2025-11-14T11:00:39.784+0530] {dag.py:3947} INFO - Setting next_dagrun for example_bash_operator to 2025-11-13 00:00:00+00:00, run_after=2025-11-14 00:00:00+00:00
[2025-11-14T11:00:39.827+0530] {processor.py:183} INFO - Processing /home/logi/txtai/venv/lib/python3.10/site-packages/airflow/example_dags/example_bash_operator.py took 0.208 seconds
[2025-11-14T11:01:10.020+0530] {processor.py:161} INFO - Started process (PID=11105) to work on /home/logi/txtai/venv/lib/python3.10/site-packages/airflow/example_dags/example_bash_operator.py
[2025-11-14T11:01:10.033+0530] {processor.py:830} INFO - Processing file /home/logi/txtai/venv/lib/python3.10/site-packages/airflow/example_dags/example_bash_operator.py for tasks to queue
[2025-11-14T11:01:10.035+0530] {logging_mixin.py:188} INFO - [2025-11-14T11:01:10.035+0530] {dagbag.py:545} INFO - Filling up the DagBag from /home/logi/txtai/venv/lib/python3.10/site-packages/airflow/example_dags/example_bash_operator.py
[2025-11-14T11:01:10.057+0530] {processor.py:840} INFO - DAG(s) 'example_bash_operator' retrieved from /home/logi/txtai/venv/lib/python3.10/site-packages/airflow/example_dags/example_bash_operator.py
[2025-11-14T11:01:10.138+0530] {logging_mixin.py:188} INFO - [2025-11-14T11:01:10.137+0530] {dag.py:3089} INFO - Sync 1 DAGs
[2025-11-14T11:01:10.187+0530] {logging_mixin.py:188} INFO - [2025-11-14T11:01:10.186+0530] {dag.py:3947} INFO - Setting next_dagrun for example_bash_operator to 2025-11-13 00:00:00+00:00, run_after=2025-11-14 00:00:00+00:00
[2025-11-14T11:01:10.232+0530] {processor.py:183} INFO - Processing /home/logi/txtai/venv/lib/python3.10/site-packages/airflow/example_dags/example_bash_operator.py took 0.220 seconds
[2025-11-14T11:01:40.599+0530] {processor.py:161} INFO - Started process (PID=11236) to work on /home/logi/txtai/venv/lib/python3.10/site-packages/airflow/example_dags/example_bash_operator.py
[2025-11-14T11:01:40.601+0530] {processor.py:830} INFO - Processing file /home/logi/txtai/venv/lib/python3.10/site-packages/airflow/example_dags/example_bash_operator.py for tasks to queue
[2025-11-14T11:01:40.605+0530] {logging_mixin.py:188} INFO - [2025-11-14T11:01:40.604+0530] {dagbag.py:545} INFO - Filling up the DagBag from /home/logi/txtai/venv/lib/python3.10/site-packages/airflow/example_dags/example_bash_operator.py
[2025-11-14T11:01:40.622+0530] {processor.py:840} INFO - DAG(s) 'example_bash_operator' retrieved from /home/logi/txtai/venv/lib/python3.10/site-packages/airflow/example_dags/example_bash_operator.py
[2025-11-14T11:01:40.685+0530] {logging_mixin.py:188} INFO - [2025-11-14T11:01:40.685+0530] {dag.py:3089} INFO - Sync 1 DAGs
[2025-11-14T11:01:40.725+0530] {logging_mixin.py:188} INFO - [2025-11-14T11:01:40.724+0530] {dag.py:3947} INFO - Setting next_dagrun for example_bash_operator to 2025-11-13 00:00:00+00:00, run_after=2025-11-14 00:00:00+00:00
[2025-11-14T11:01:40.759+0530] {processor.py:183} INFO - Processing /home/logi/txtai/venv/lib/python3.10/site-packages/airflow/example_dags/example_bash_operator.py took 0.174 seconds
[2025-11-14T11:02:11.108+0530] {processor.py:161} INFO - Started process (PID=11364) to work on /home/logi/txtai/venv/lib/python3.10/site-packages/airflow/example_dags/example_bash_operator.py
[2025-11-14T11:02:11.110+0530] {processor.py:830} INFO - Processing file /home/logi/txtai/venv/lib/python3.10/site-packages/airflow/example_dags/example_bash_operator.py for tasks to queue
[2025-11-14T11:02:11.113+0530] {logging_mixin.py:188} INFO - [2025-11-14T11:02:11.113+0530] {dagbag.py:545} INFO - Filling up the DagBag from /home/logi/txtai/venv/lib/python3.10/site-packages/airflow/example_dags/example_bash_operator.py
[2025-11-14T11:02:11.132+0530] {processor.py:840} INFO - DAG(s) 'example_bash_operator' retrieved from /home/logi/txtai/venv/lib/python3.10/site-packages/airflow/example_dags/example_bash_operator.py
[2025-11-14T11:02:11.209+0530] {logging_mixin.py:188} INFO - [2025-11-14T11:02:11.208+0530] {dag.py:3089} INFO - Sync 1 DAGs
[2025-11-14T11:02:11.250+0530] {logging_mixin.py:188} INFO - [2025-11-14T11:02:11.250+0530] {dag.py:3947} INFO - Setting next_dagrun for example_bash_operator to 2025-11-13 00:00:00+00:00, run_after=2025-11-14 00:00:00+00:00
[2025-11-14T11:02:11.285+0530] {processor.py:183} INFO - Processing /home/logi/txtai/venv/lib/python3.10/site-packages/airflow/example_dags/example_bash_operator.py took 0.188 seconds
[2025-11-14T11:02:41.366+0530] {processor.py:161} INFO - Started process (PID=11590) to work on /home/logi/txtai/venv/lib/python3.10/site-packages/airflow/example_dags/example_bash_operator.py
[2025-11-14T11:02:41.368+0530] {processor.py:830} INFO - Processing file /home/logi/txtai/venv/lib/python3.10/site-packages/airflow/example_dags/example_bash_operator.py for tasks to queue
[2025-11-14T11:02:41.371+0530] {logging_mixin.py:188} INFO - [2025-11-14T11:02:41.370+0530] {dagbag.py:545} INFO - Filling up the DagBag from /home/logi/txtai/venv/lib/python3.10/site-packages/airflow/example_dags/example_bash_operator.py
[2025-11-14T11:02:41.387+0530] {processor.py:840} INFO - DAG(s) 'example_bash_operator' retrieved from /home/logi/txtai/venv/lib/python3.10/site-packages/airflow/example_dags/example_bash_operator.py
[2025-11-14T11:02:41.435+0530] {logging_mixin.py:188} INFO - [2025-11-14T11:02:41.434+0530] {dag.py:3089} INFO - Sync 1 DAGs
[2025-11-14T11:02:41.457+0530] {logging_mixin.py:188} INFO - [2025-11-14T11:02:41.457+0530] {dag.py:3947} INFO - Setting next_dagrun for example_bash_operator to 2025-11-13 00:00:00+00:00, run_after=2025-11-14 00:00:00+00:00
[2025-11-14T11:02:41.481+0530] {processor.py:183} INFO - Processing /home/logi/txtai/venv/lib/python3.10/site-packages/airflow/example_dags/example_bash_operator.py took 0.125 seconds
[2025-11-14T11:03:12.400+0530] {processor.py:161} INFO - Started process (PID=11886) to work on /home/logi/txtai/venv/lib/python3.10/site-packages/airflow/example_dags/example_bash_operator.py
[2025-11-14T11:03:12.402+0530] {processor.py:830} INFO - Processing file /home/logi/txtai/venv/lib/python3.10/site-packages/airflow/example_dags/example_bash_operator.py for tasks to queue
[2025-11-14T11:03:12.405+0530] {logging_mixin.py:188} INFO - [2025-11-14T11:03:12.404+0530] {dagbag.py:545} INFO - Filling up the DagBag from /home/logi/txtai/venv/lib/python3.10/site-packages/airflow/example_dags/example_bash_operator.py
[2025-11-14T11:03:12.424+0530] {processor.py:840} INFO - DAG(s) 'example_bash_operator' retrieved from /home/logi/txtai/venv/lib/python3.10/site-packages/airflow/example_dags/example_bash_operator.py
[2025-11-14T11:03:12.493+0530] {logging_mixin.py:188} INFO - [2025-11-14T11:03:12.493+0530] {dag.py:3089} INFO - Sync 1 DAGs
[2025-11-14T11:03:12.536+0530] {logging_mixin.py:188} INFO - [2025-11-14T11:03:12.536+0530] {dag.py:3947} INFO - Setting next_dagrun for example_bash_operator to 2025-11-13 00:00:00+00:00, run_after=2025-11-14 00:00:00+00:00
[2025-11-14T11:03:12.582+0530] {processor.py:183} INFO - Processing /home/logi/txtai/venv/lib/python3.10/site-packages/airflow/example_dags/example_bash_operator.py took 0.193 seconds
[2025-11-14T11:03:42.711+0530] {processor.py:161} INFO - Started process (PID=12675) to work on /home/logi/txtai/venv/lib/python3.10/site-packages/airflow/example_dags/example_bash_operator.py
[2025-11-14T11:03:42.713+0530] {processor.py:830} INFO - Processing file /home/logi/txtai/venv/lib/python3.10/site-packages/airflow/example_dags/example_bash_operator.py for tasks to queue
[2025-11-14T11:03:42.716+0530] {logging_mixin.py:188} INFO - [2025-11-14T11:03:42.716+0530] {dagbag.py:545} INFO - Filling up the DagBag from /home/logi/txtai/venv/lib/python3.10/site-packages/airflow/example_dags/example_bash_operator.py
[2025-11-14T11:03:42.735+0530] {processor.py:840} INFO - DAG(s) 'example_bash_operator' retrieved from /home/logi/txtai/venv/lib/python3.10/site-packages/airflow/example_dags/example_bash_operator.py
[2025-11-14T11:03:42.802+0530] {logging_mixin.py:188} INFO - [2025-11-14T11:03:42.801+0530] {dag.py:3089} INFO - Sync 1 DAGs
[2025-11-14T11:03:42.839+0530] {logging_mixin.py:188} INFO - [2025-11-14T11:03:42.839+0530] {dag.py:3947} INFO - Setting next_dagrun for example_bash_operator to 2025-11-13 00:00:00+00:00, run_after=2025-11-14 00:00:00+00:00
[2025-11-14T11:03:42.879+0530] {processor.py:183} INFO - Processing /home/logi/txtai/venv/lib/python3.10/site-packages/airflow/example_dags/example_bash_operator.py took 0.179 seconds
[2025-11-14T11:04:13.368+0530] {processor.py:161} INFO - Started process (PID=12805) to work on /home/logi/txtai/venv/lib/python3.10/site-packages/airflow/example_dags/example_bash_operator.py
[2025-11-14T11:04:13.370+0530] {processor.py:830} INFO - Processing file /home/logi/txtai/venv/lib/python3.10/site-packages/airflow/example_dags/example_bash_operator.py for tasks to queue
[2025-11-14T11:04:13.373+0530] {logging_mixin.py:188} INFO - [2025-11-14T11:04:13.372+0530] {dagbag.py:545} INFO - Filling up the DagBag from /home/logi/txtai/venv/lib/python3.10/site-packages/airflow/example_dags/example_bash_operator.py
[2025-11-14T11:04:13.392+0530] {processor.py:840} INFO - DAG(s) 'example_bash_operator' retrieved from /home/logi/txtai/venv/lib/python3.10/site-packages/airflow/example_dags/example_bash_operator.py
[2025-11-14T11:04:13.464+0530] {logging_mixin.py:188} INFO - [2025-11-14T11:04:13.464+0530] {dag.py:3089} INFO - Sync 1 DAGs
[2025-11-14T11:04:13.502+0530] {logging_mixin.py:188} INFO - [2025-11-14T11:04:13.502+0530] {dag.py:3947} INFO - Setting next_dagrun for example_bash_operator to 2025-11-13 00:00:00+00:00, run_after=2025-11-14 00:00:00+00:00
[2025-11-14T11:04:13.528+0530] {processor.py:183} INFO - Processing /home/logi/txtai/venv/lib/python3.10/site-packages/airflow/example_dags/example_bash_operator.py took 0.173 seconds
[2025-11-14T11:04:44.130+0530] {processor.py:161} INFO - Started process (PID=12941) to work on /home/logi/txtai/venv/lib/python3.10/site-packages/airflow/example_dags/example_bash_operator.py
[2025-11-14T11:04:44.132+0530] {processor.py:830} INFO - Processing file /home/logi/txtai/venv/lib/python3.10/site-packages/airflow/example_dags/example_bash_operator.py for tasks to queue
[2025-11-14T11:04:44.135+0530] {logging_mixin.py:188} INFO - [2025-11-14T11:04:44.134+0530] {dagbag.py:545} INFO - Filling up the DagBag from /home/logi/txtai/venv/lib/python3.10/site-packages/airflow/example_dags/example_bash_operator.py
[2025-11-14T11:04:44.153+0530] {processor.py:840} INFO - DAG(s) 'example_bash_operator' retrieved from /home/logi/txtai/venv/lib/python3.10/site-packages/airflow/example_dags/example_bash_operator.py
[2025-11-14T11:04:44.198+0530] {logging_mixin.py:188} INFO - [2025-11-14T11:04:44.198+0530] {dag.py:3089} INFO - Sync 1 DAGs
[2025-11-14T11:04:44.224+0530] {logging_mixin.py:188} INFO - [2025-11-14T11:04:44.223+0530] {dag.py:3947} INFO - Setting next_dagrun for example_bash_operator to 2025-11-13 00:00:00+00:00, run_after=2025-11-14 00:00:00+00:00
[2025-11-14T11:04:44.248+0530] {processor.py:183} INFO - Processing /home/logi/txtai/venv/lib/python3.10/site-packages/airflow/example_dags/example_bash_operator.py took 0.130 seconds
[2025-11-14T11:05:15.276+0530] {processor.py:161} INFO - Started process (PID=13088) to work on /home/logi/txtai/venv/lib/python3.10/site-packages/airflow/example_dags/example_bash_operator.py
[2025-11-14T11:05:15.277+0530] {processor.py:830} INFO - Processing file /home/logi/txtai/venv/lib/python3.10/site-packages/airflow/example_dags/example_bash_operator.py for tasks to queue
[2025-11-14T11:05:15.279+0530] {logging_mixin.py:188} INFO - [2025-11-14T11:05:15.279+0530] {dagbag.py:545} INFO - Filling up the DagBag from /home/logi/txtai/venv/lib/python3.10/site-packages/airflow/example_dags/example_bash_operator.py
[2025-11-14T11:05:15.289+0530] {processor.py:840} INFO - DAG(s) 'example_bash_operator' retrieved from /home/logi/txtai/venv/lib/python3.10/site-packages/airflow/example_dags/example_bash_operator.py
[2025-11-14T11:05:15.328+0530] {logging_mixin.py:188} INFO - [2025-11-14T11:05:15.328+0530] {dag.py:3089} INFO - Sync 1 DAGs
[2025-11-14T11:05:15.349+0530] {logging_mixin.py:188} INFO - [2025-11-14T11:05:15.349+0530] {dag.py:3947} INFO - Setting next_dagrun for example_bash_operator to 2025-11-13 00:00:00+00:00, run_after=2025-11-14 00:00:00+00:00
[2025-11-14T11:05:15.368+0530] {processor.py:183} INFO - Processing /home/logi/txtai/venv/lib/python3.10/site-packages/airflow/example_dags/example_bash_operator.py took 0.097 seconds
[2025-11-14T11:05:45.496+0530] {processor.py:161} INFO - Started process (PID=13216) to work on /home/logi/txtai/venv/lib/python3.10/site-packages/airflow/example_dags/example_bash_operator.py
[2025-11-14T11:05:45.498+0530] {processor.py:830} INFO - Processing file /home/logi/txtai/venv/lib/python3.10/site-packages/airflow/example_dags/example_bash_operator.py for tasks to queue
[2025-11-14T11:05:45.501+0530] {logging_mixin.py:188} INFO - [2025-11-14T11:05:45.500+0530] {dagbag.py:545} INFO - Filling up the DagBag from /home/logi/txtai/venv/lib/python3.10/site-packages/airflow/example_dags/example_bash_operator.py
[2025-11-14T11:05:45.518+0530] {processor.py:840} INFO - DAG(s) 'example_bash_operator' retrieved from /home/logi/txtai/venv/lib/python3.10/site-packages/airflow/example_dags/example_bash_operator.py
[2025-11-14T11:05:45.580+0530] {logging_mixin.py:188} INFO - [2025-11-14T11:05:45.579+0530] {dag.py:3089} INFO - Sync 1 DAGs
[2025-11-14T11:05:45.614+0530] {logging_mixin.py:188} INFO - [2025-11-14T11:05:45.613+0530] {dag.py:3947} INFO - Setting next_dagrun for example_bash_operator to 2025-11-13 00:00:00+00:00, run_after=2025-11-14 00:00:00+00:00
[2025-11-14T11:05:45.646+0530] {processor.py:183} INFO - Processing /home/logi/txtai/venv/lib/python3.10/site-packages/airflow/example_dags/example_bash_operator.py took 0.160 seconds
[2025-11-14T11:06:15.905+0530] {processor.py:161} INFO - Started process (PID=13348) to work on /home/logi/txtai/venv/lib/python3.10/site-packages/airflow/example_dags/example_bash_operator.py
[2025-11-14T11:06:15.907+0530] {processor.py:830} INFO - Processing file /home/logi/txtai/venv/lib/python3.10/site-packages/airflow/example_dags/example_bash_operator.py for tasks to queue
[2025-11-14T11:06:15.910+0530] {logging_mixin.py:188} INFO - [2025-11-14T11:06:15.909+0530] {dagbag.py:545} INFO - Filling up the DagBag from /home/logi/txtai/venv/lib/python3.10/site-packages/airflow/example_dags/example_bash_operator.py
[2025-11-14T11:06:15.927+0530] {processor.py:840} INFO - DAG(s) 'example_bash_operator' retrieved from /home/logi/txtai/venv/lib/python3.10/site-packages/airflow/example_dags/example_bash_operator.py
[2025-11-14T11:06:15.992+0530] {logging_mixin.py:188} INFO - [2025-11-14T11:06:15.991+0530] {dag.py:3089} INFO - Sync 1 DAGs
[2025-11-14T11:06:16.029+0530] {logging_mixin.py:188} INFO - [2025-11-14T11:06:16.028+0530] {dag.py:3947} INFO - Setting next_dagrun for example_bash_operator to 2025-11-13 00:00:00+00:00, run_after=2025-11-14 00:00:00+00:00
[2025-11-14T11:06:16.060+0530] {processor.py:183} INFO - Processing /home/logi/txtai/venv/lib/python3.10/site-packages/airflow/example_dags/example_bash_operator.py took 0.167 seconds
[2025-11-14T11:06:46.212+0530] {processor.py:161} INFO - Started process (PID=13478) to work on /home/logi/txtai/venv/lib/python3.10/site-packages/airflow/example_dags/example_bash_operator.py
[2025-11-14T11:06:46.214+0530] {processor.py:830} INFO - Processing file /home/logi/txtai/venv/lib/python3.10/site-packages/airflow/example_dags/example_bash_operator.py for tasks to queue
[2025-11-14T11:06:46.217+0530] {logging_mixin.py:188} INFO - [2025-11-14T11:06:46.217+0530] {dagbag.py:545} INFO - Filling up the DagBag from /home/logi/txtai/venv/lib/python3.10/site-packages/airflow/example_dags/example_bash_operator.py
[2025-11-14T11:06:46.235+0530] {processor.py:840} INFO - DAG(s) 'example_bash_operator' retrieved from /home/logi/txtai/venv/lib/python3.10/site-packages/airflow/example_dags/example_bash_operator.py
[2025-11-14T11:06:46.305+0530] {logging_mixin.py:188} INFO - [2025-11-14T11:06:46.305+0530] {dag.py:3089} INFO - Sync 1 DAGs
[2025-11-14T11:06:46.340+0530] {logging_mixin.py:188} INFO - [2025-11-14T11:06:46.339+0530] {dag.py:3947} INFO - Setting next_dagrun for example_bash_operator to 2025-11-13 00:00:00+00:00, run_after=2025-11-14 00:00:00+00:00
[2025-11-14T11:06:46.376+0530] {processor.py:183} INFO - Processing /home/logi/txtai/venv/lib/python3.10/site-packages/airflow/example_dags/example_bash_operator.py took 0.175 seconds
[2025-11-14T11:07:17.228+0530] {processor.py:161} INFO - Started process (PID=13662) to work on /home/logi/txtai/venv/lib/python3.10/site-packages/airflow/example_dags/example_bash_operator.py
[2025-11-14T11:07:17.244+0530] {processor.py:830} INFO - Processing file /home/logi/txtai/venv/lib/python3.10/site-packages/airflow/example_dags/example_bash_operator.py for tasks to queue
[2025-11-14T11:07:17.247+0530] {logging_mixin.py:188} INFO - [2025-11-14T11:07:17.247+0530] {dagbag.py:545} INFO - Filling up the DagBag from /home/logi/txtai/venv/lib/python3.10/site-packages/airflow/example_dags/example_bash_operator.py
[2025-11-14T11:07:17.267+0530] {processor.py:840} INFO - DAG(s) 'example_bash_operator' retrieved from /home/logi/txtai/venv/lib/python3.10/site-packages/airflow/example_dags/example_bash_operator.py
[2025-11-14T11:07:17.341+0530] {logging_mixin.py:188} INFO - [2025-11-14T11:07:17.341+0530] {dag.py:3089} INFO - Sync 1 DAGs
[2025-11-14T11:07:17.382+0530] {logging_mixin.py:188} INFO - [2025-11-14T11:07:17.382+0530] {dag.py:3947} INFO - Setting next_dagrun for example_bash_operator to 2025-11-13 00:00:00+00:00, run_after=2025-11-14 00:00:00+00:00
[2025-11-14T11:07:17.433+0530] {processor.py:183} INFO - Processing /home/logi/txtai/venv/lib/python3.10/site-packages/airflow/example_dags/example_bash_operator.py took 0.217 seconds
[2025-11-14T11:07:47.532+0530] {processor.py:161} INFO - Started process (PID=13900) to work on /home/logi/txtai/venv/lib/python3.10/site-packages/airflow/example_dags/example_bash_operator.py
[2025-11-14T11:07:47.533+0530] {processor.py:830} INFO - Processing file /home/logi/txtai/venv/lib/python3.10/site-packages/airflow/example_dags/example_bash_operator.py for tasks to queue
[2025-11-14T11:07:47.536+0530] {logging_mixin.py:188} INFO - [2025-11-14T11:07:47.535+0530] {dagbag.py:545} INFO - Filling up the DagBag from /home/logi/txtai/venv/lib/python3.10/site-packages/airflow/example_dags/example_bash_operator.py
[2025-11-14T11:07:47.554+0530] {processor.py:840} INFO - DAG(s) 'example_bash_operator' retrieved from /home/logi/txtai/venv/lib/python3.10/site-packages/airflow/example_dags/example_bash_operator.py
[2025-11-14T11:07:47.623+0530] {logging_mixin.py:188} INFO - [2025-11-14T11:07:47.623+0530] {dag.py:3089} INFO - Sync 1 DAGs
[2025-11-14T11:07:47.659+0530] {logging_mixin.py:188} INFO - [2025-11-14T11:07:47.659+0530] {dag.py:3947} INFO - Setting next_dagrun for example_bash_operator to 2025-11-13 00:00:00+00:00, run_after=2025-11-14 00:00:00+00:00
[2025-11-14T11:07:47.691+0530] {processor.py:183} INFO - Processing /home/logi/txtai/venv/lib/python3.10/site-packages/airflow/example_dags/example_bash_operator.py took 0.170 seconds
[2025-11-14T11:08:18.026+0530] {processor.py:161} INFO - Started process (PID=14505) to work on /home/logi/txtai/venv/lib/python3.10/site-packages/airflow/example_dags/example_bash_operator.py
[2025-11-14T11:08:18.029+0530] {processor.py:830} INFO - Processing file /home/logi/txtai/venv/lib/python3.10/site-packages/airflow/example_dags/example_bash_operator.py for tasks to queue
[2025-11-14T11:08:18.036+0530] {logging_mixin.py:188} INFO - [2025-11-14T11:08:18.035+0530] {dagbag.py:545} INFO - Filling up the DagBag from /home/logi/txtai/venv/lib/python3.10/site-packages/airflow/example_dags/example_bash_operator.py
[2025-11-14T11:08:18.062+0530] {processor.py:840} INFO - DAG(s) 'example_bash_operator' retrieved from /home/logi/txtai/venv/lib/python3.10/site-packages/airflow/example_dags/example_bash_operator.py
[2025-11-14T11:08:18.164+0530] {logging_mixin.py:188} INFO - [2025-11-14T11:08:18.164+0530] {dag.py:3089} INFO - Sync 1 DAGs
[2025-11-14T11:08:18.225+0530] {logging_mixin.py:188} INFO - [2025-11-14T11:08:18.225+0530] {dag.py:3947} INFO - Setting next_dagrun for example_bash_operator to 2025-11-13 00:00:00+00:00, run_after=2025-11-14 00:00:00+00:00
[2025-11-14T11:08:18.298+0530] {processor.py:183} INFO - Processing /home/logi/txtai/venv/lib/python3.10/site-packages/airflow/example_dags/example_bash_operator.py took 0.294 seconds
[2025-11-14T11:08:48.796+0530] {processor.py:161} INFO - Started process (PID=14660) to work on /home/logi/txtai/venv/lib/python3.10/site-packages/airflow/example_dags/example_bash_operator.py
[2025-11-14T11:08:48.806+0530] {processor.py:830} INFO - Processing file /home/logi/txtai/venv/lib/python3.10/site-packages/airflow/example_dags/example_bash_operator.py for tasks to queue
[2025-11-14T11:08:48.809+0530] {logging_mixin.py:188} INFO - [2025-11-14T11:08:48.809+0530] {dagbag.py:545} INFO - Filling up the DagBag from /home/logi/txtai/venv/lib/python3.10/site-packages/airflow/example_dags/example_bash_operator.py
[2025-11-14T11:08:48.830+0530] {processor.py:840} INFO - DAG(s) 'example_bash_operator' retrieved from /home/logi/txtai/venv/lib/python3.10/site-packages/airflow/example_dags/example_bash_operator.py
[2025-11-14T11:08:48.884+0530] {logging_mixin.py:188} INFO - [2025-11-14T11:08:48.883+0530] {dag.py:3089} INFO - Sync 1 DAGs
[2025-11-14T11:08:48.911+0530] {logging_mixin.py:188} INFO - [2025-11-14T11:08:48.911+0530] {dag.py:3947} INFO - Setting next_dagrun for example_bash_operator to 2025-11-13 00:00:00+00:00, run_after=2025-11-14 00:00:00+00:00
[2025-11-14T11:08:48.935+0530] {processor.py:183} INFO - Processing /home/logi/txtai/venv/lib/python3.10/site-packages/airflow/example_dags/example_bash_operator.py took 0.150 seconds
[2025-11-14T11:09:19.591+0530] {processor.py:161} INFO - Started process (PID=14794) to work on /home/logi/txtai/venv/lib/python3.10/site-packages/airflow/example_dags/example_bash_operator.py
[2025-11-14T11:09:19.593+0530] {processor.py:830} INFO - Processing file /home/logi/txtai/venv/lib/python3.10/site-packages/airflow/example_dags/example_bash_operator.py for tasks to queue
[2025-11-14T11:09:19.596+0530] {logging_mixin.py:188} INFO - [2025-11-14T11:09:19.596+0530] {dagbag.py:545} INFO - Filling up the DagBag from /home/logi/txtai/venv/lib/python3.10/site-packages/airflow/example_dags/example_bash_operator.py
[2025-11-14T11:09:19.614+0530] {processor.py:840} INFO - DAG(s) 'example_bash_operator' retrieved from /home/logi/txtai/venv/lib/python3.10/site-packages/airflow/example_dags/example_bash_operator.py
[2025-11-14T11:09:19.684+0530] {logging_mixin.py:188} INFO - [2025-11-14T11:09:19.683+0530] {dag.py:3089} INFO - Sync 1 DAGs
[2025-11-14T11:09:19.725+0530] {logging_mixin.py:188} INFO - [2025-11-14T11:09:19.724+0530] {dag.py:3947} INFO - Setting next_dagrun for example_bash_operator to 2025-11-13 00:00:00+00:00, run_after=2025-11-14 00:00:00+00:00
[2025-11-14T11:09:19.772+0530] {processor.py:183} INFO - Processing /home/logi/txtai/venv/lib/python3.10/site-packages/airflow/example_dags/example_bash_operator.py took 0.192 seconds
[2025-11-14T11:09:50.520+0530] {processor.py:161} INFO - Started process (PID=14923) to work on /home/logi/txtai/venv/lib/python3.10/site-packages/airflow/example_dags/example_bash_operator.py
[2025-11-14T11:09:50.521+0530] {processor.py:830} INFO - Processing file /home/logi/txtai/venv/lib/python3.10/site-packages/airflow/example_dags/example_bash_operator.py for tasks to queue
[2025-11-14T11:09:50.523+0530] {logging_mixin.py:188} INFO - [2025-11-14T11:09:50.523+0530] {dagbag.py:545} INFO - Filling up the DagBag from /home/logi/txtai/venv/lib/python3.10/site-packages/airflow/example_dags/example_bash_operator.py
[2025-11-14T11:09:50.533+0530] {processor.py:840} INFO - DAG(s) 'example_bash_operator' retrieved from /home/logi/txtai/venv/lib/python3.10/site-packages/airflow/example_dags/example_bash_operator.py
[2025-11-14T11:09:50.573+0530] {logging_mixin.py:188} INFO - [2025-11-14T11:09:50.573+0530] {dag.py:3089} INFO - Sync 1 DAGs
[2025-11-14T11:09:50.597+0530] {logging_mixin.py:188} INFO - [2025-11-14T11:09:50.597+0530] {dag.py:3947} INFO - Setting next_dagrun for example_bash_operator to 2025-11-13 00:00:00+00:00, run_after=2025-11-14 00:00:00+00:00
[2025-11-14T11:09:50.618+0530] {processor.py:183} INFO - Processing /home/logi/txtai/venv/lib/python3.10/site-packages/airflow/example_dags/example_bash_operator.py took 0.104 seconds
[2025-11-14T11:10:21.272+0530] {processor.py:161} INFO - Started process (PID=15104) to work on /home/logi/txtai/venv/lib/python3.10/site-packages/airflow/example_dags/example_bash_operator.py
[2025-11-14T11:10:21.274+0530] {processor.py:830} INFO - Processing file /home/logi/txtai/venv/lib/python3.10/site-packages/airflow/example_dags/example_bash_operator.py for tasks to queue
[2025-11-14T11:10:21.276+0530] {logging_mixin.py:188} INFO - [2025-11-14T11:10:21.276+0530] {dagbag.py:545} INFO - Filling up the DagBag from /home/logi/txtai/venv/lib/python3.10/site-packages/airflow/example_dags/example_bash_operator.py
[2025-11-14T11:10:21.298+0530] {processor.py:840} INFO - DAG(s) 'example_bash_operator' retrieved from /home/logi/txtai/venv/lib/python3.10/site-packages/airflow/example_dags/example_bash_operator.py
[2025-11-14T11:10:21.372+0530] {logging_mixin.py:188} INFO - [2025-11-14T11:10:21.371+0530] {dag.py:3089} INFO - Sync 1 DAGs
[2025-11-14T11:10:21.411+0530] {logging_mixin.py:188} INFO - [2025-11-14T11:10:21.411+0530] {dag.py:3947} INFO - Setting next_dagrun for example_bash_operator to 2025-11-13 00:00:00+00:00, run_after=2025-11-14 00:00:00+00:00
[2025-11-14T11:10:21.445+0530] {processor.py:183} INFO - Processing /home/logi/txtai/venv/lib/python3.10/site-packages/airflow/example_dags/example_bash_operator.py took 0.185 seconds
