[2025-11-14T10:48:44.510+0530] {processor.py:161} INFO - Started process (PID=5913) to work on /home/logi/txtai/venv/lib/python3.10/site-packages/airflow/example_dags/tutorial_objectstorage.py
[2025-11-14T10:48:44.511+0530] {processor.py:830} INFO - Processing file /home/logi/txtai/venv/lib/python3.10/site-packages/airflow/example_dags/tutorial_objectstorage.py for tasks to queue
[2025-11-14T10:48:44.514+0530] {logging_mixin.py:188} INFO - [2025-11-14T10:48:44.513+0530] {dagbag.py:545} INFO - Filling up the DagBag from /home/logi/txtai/venv/lib/python3.10/site-packages/airflow/example_dags/tutorial_objectstorage.py
[2025-11-14T10:48:44.532+0530] {processor.py:840} INFO - DAG(s) 'tutorial_objectstorage' retrieved from /home/logi/txtai/venv/lib/python3.10/site-packages/airflow/example_dags/tutorial_objectstorage.py
[2025-11-14T10:48:44.583+0530] {logging_mixin.py:188} INFO - [2025-11-14T10:48:44.583+0530] {dag.py:3089} INFO - Sync 1 DAGs
[2025-11-14T10:48:44.605+0530] {logging_mixin.py:188} INFO - [2025-11-14T10:48:44.604+0530] {dag.py:3947} INFO - Setting next_dagrun for tutorial_objectstorage to None, run_after=None
[2025-11-14T10:48:44.646+0530] {processor.py:183} INFO - Processing /home/logi/txtai/venv/lib/python3.10/site-packages/airflow/example_dags/tutorial_objectstorage.py took 0.147 seconds
[2025-11-14T10:49:16.188+0530] {processor.py:161} INFO - Started process (PID=6522) to work on /home/logi/txtai/venv/lib/python3.10/site-packages/airflow/example_dags/tutorial_objectstorage.py
[2025-11-14T10:49:16.191+0530] {processor.py:830} INFO - Processing file /home/logi/txtai/venv/lib/python3.10/site-packages/airflow/example_dags/tutorial_objectstorage.py for tasks to queue
[2025-11-14T10:49:16.196+0530] {logging_mixin.py:188} INFO - [2025-11-14T10:49:16.195+0530] {dagbag.py:545} INFO - Filling up the DagBag from /home/logi/txtai/venv/lib/python3.10/site-packages/airflow/example_dags/tutorial_objectstorage.py
[2025-11-14T10:49:16.222+0530] {processor.py:840} INFO - DAG(s) 'tutorial_objectstorage' retrieved from /home/logi/txtai/venv/lib/python3.10/site-packages/airflow/example_dags/tutorial_objectstorage.py
[2025-11-14T10:49:16.300+0530] {logging_mixin.py:188} INFO - [2025-11-14T10:49:16.299+0530] {dag.py:3089} INFO - Sync 1 DAGs
[2025-11-14T10:49:16.328+0530] {logging_mixin.py:188} INFO - [2025-11-14T10:49:16.328+0530] {dag.py:3947} INFO - Setting next_dagrun for tutorial_objectstorage to None, run_after=None
[2025-11-14T10:49:16.420+0530] {processor.py:183} INFO - Processing /home/logi/txtai/venv/lib/python3.10/site-packages/airflow/example_dags/tutorial_objectstorage.py took 0.244 seconds
[2025-11-14T10:49:46.500+0530] {processor.py:161} INFO - Started process (PID=7158) to work on /home/logi/txtai/venv/lib/python3.10/site-packages/airflow/example_dags/tutorial_objectstorage.py
[2025-11-14T10:49:46.501+0530] {processor.py:830} INFO - Processing file /home/logi/txtai/venv/lib/python3.10/site-packages/airflow/example_dags/tutorial_objectstorage.py for tasks to queue
[2025-11-14T10:49:46.503+0530] {logging_mixin.py:188} INFO - [2025-11-14T10:49:46.502+0530] {dagbag.py:545} INFO - Filling up the DagBag from /home/logi/txtai/venv/lib/python3.10/site-packages/airflow/example_dags/tutorial_objectstorage.py
[2025-11-14T10:49:46.510+0530] {processor.py:840} INFO - DAG(s) 'tutorial_objectstorage' retrieved from /home/logi/txtai/venv/lib/python3.10/site-packages/airflow/example_dags/tutorial_objectstorage.py
[2025-11-14T10:49:46.563+0530] {logging_mixin.py:188} INFO - [2025-11-14T10:49:46.562+0530] {dag.py:3089} INFO - Sync 1 DAGs
[2025-11-14T10:49:46.611+0530] {logging_mixin.py:188} INFO - [2025-11-14T10:49:46.610+0530] {dag.py:3947} INFO - Setting next_dagrun for tutorial_objectstorage to None, run_after=None
[2025-11-14T10:49:46.684+0530] {processor.py:183} INFO - Processing /home/logi/txtai/venv/lib/python3.10/site-packages/airflow/example_dags/tutorial_objectstorage.py took 0.191 seconds
[2025-11-14T10:50:17.211+0530] {processor.py:161} INFO - Started process (PID=7760) to work on /home/logi/txtai/venv/lib/python3.10/site-packages/airflow/example_dags/tutorial_objectstorage.py
[2025-11-14T10:50:17.212+0530] {processor.py:830} INFO - Processing file /home/logi/txtai/venv/lib/python3.10/site-packages/airflow/example_dags/tutorial_objectstorage.py for tasks to queue
[2025-11-14T10:50:17.216+0530] {logging_mixin.py:188} INFO - [2025-11-14T10:50:17.215+0530] {dagbag.py:545} INFO - Filling up the DagBag from /home/logi/txtai/venv/lib/python3.10/site-packages/airflow/example_dags/tutorial_objectstorage.py
[2025-11-14T10:50:17.226+0530] {processor.py:840} INFO - DAG(s) 'tutorial_objectstorage' retrieved from /home/logi/txtai/venv/lib/python3.10/site-packages/airflow/example_dags/tutorial_objectstorage.py
[2025-11-14T10:50:17.265+0530] {logging_mixin.py:188} INFO - [2025-11-14T10:50:17.264+0530] {dag.py:3089} INFO - Sync 1 DAGs
[2025-11-14T10:50:17.283+0530] {logging_mixin.py:188} INFO - [2025-11-14T10:50:17.283+0530] {dag.py:3947} INFO - Setting next_dagrun for tutorial_objectstorage to None, run_after=None
[2025-11-14T10:50:17.313+0530] {processor.py:183} INFO - Processing /home/logi/txtai/venv/lib/python3.10/site-packages/airflow/example_dags/tutorial_objectstorage.py took 0.115 seconds
[2025-11-14T10:50:48.035+0530] {processor.py:161} INFO - Started process (PID=8043) to work on /home/logi/txtai/venv/lib/python3.10/site-packages/airflow/example_dags/tutorial_objectstorage.py
[2025-11-14T10:50:48.036+0530] {processor.py:830} INFO - Processing file /home/logi/txtai/venv/lib/python3.10/site-packages/airflow/example_dags/tutorial_objectstorage.py for tasks to queue
[2025-11-14T10:50:48.037+0530] {logging_mixin.py:188} INFO - [2025-11-14T10:50:48.037+0530] {dagbag.py:545} INFO - Filling up the DagBag from /home/logi/txtai/venv/lib/python3.10/site-packages/airflow/example_dags/tutorial_objectstorage.py
[2025-11-14T10:50:48.044+0530] {processor.py:840} INFO - DAG(s) 'tutorial_objectstorage' retrieved from /home/logi/txtai/venv/lib/python3.10/site-packages/airflow/example_dags/tutorial_objectstorage.py
[2025-11-14T10:50:48.078+0530] {logging_mixin.py:188} INFO - [2025-11-14T10:50:48.077+0530] {dag.py:3089} INFO - Sync 1 DAGs
[2025-11-14T10:50:48.089+0530] {logging_mixin.py:188} INFO - [2025-11-14T10:50:48.088+0530] {dag.py:3947} INFO - Setting next_dagrun for tutorial_objectstorage to None, run_after=None
[2025-11-14T10:50:48.112+0530] {processor.py:183} INFO - Processing /home/logi/txtai/venv/lib/python3.10/site-packages/airflow/example_dags/tutorial_objectstorage.py took 0.089 seconds
[2025-11-14T10:51:18.930+0530] {processor.py:161} INFO - Started process (PID=8216) to work on /home/logi/txtai/venv/lib/python3.10/site-packages/airflow/example_dags/tutorial_objectstorage.py
[2025-11-14T10:51:18.944+0530] {processor.py:830} INFO - Processing file /home/logi/txtai/venv/lib/python3.10/site-packages/airflow/example_dags/tutorial_objectstorage.py for tasks to queue
[2025-11-14T10:51:18.950+0530] {logging_mixin.py:188} INFO - [2025-11-14T10:51:18.949+0530] {dagbag.py:545} INFO - Filling up the DagBag from /home/logi/txtai/venv/lib/python3.10/site-packages/airflow/example_dags/tutorial_objectstorage.py
[2025-11-14T10:51:18.962+0530] {processor.py:840} INFO - DAG(s) 'tutorial_objectstorage' retrieved from /home/logi/txtai/venv/lib/python3.10/site-packages/airflow/example_dags/tutorial_objectstorage.py
[2025-11-14T10:51:19.013+0530] {logging_mixin.py:188} INFO - [2025-11-14T10:51:19.013+0530] {dag.py:3089} INFO - Sync 1 DAGs
[2025-11-14T10:51:19.036+0530] {logging_mixin.py:188} INFO - [2025-11-14T10:51:19.036+0530] {dag.py:3947} INFO - Setting next_dagrun for tutorial_objectstorage to None, run_after=None
[2025-11-14T10:51:19.061+0530] {processor.py:183} INFO - Processing /home/logi/txtai/venv/lib/python3.10/site-packages/airflow/example_dags/tutorial_objectstorage.py took 0.151 seconds
[2025-11-14T10:51:49.975+0530] {processor.py:161} INFO - Started process (PID=8355) to work on /home/logi/txtai/venv/lib/python3.10/site-packages/airflow/example_dags/tutorial_objectstorage.py
[2025-11-14T10:51:49.976+0530] {processor.py:830} INFO - Processing file /home/logi/txtai/venv/lib/python3.10/site-packages/airflow/example_dags/tutorial_objectstorage.py for tasks to queue
[2025-11-14T10:51:49.979+0530] {logging_mixin.py:188} INFO - [2025-11-14T10:51:49.978+0530] {dagbag.py:545} INFO - Filling up the DagBag from /home/logi/txtai/venv/lib/python3.10/site-packages/airflow/example_dags/tutorial_objectstorage.py
[2025-11-14T10:51:49.992+0530] {processor.py:840} INFO - DAG(s) 'tutorial_objectstorage' retrieved from /home/logi/txtai/venv/lib/python3.10/site-packages/airflow/example_dags/tutorial_objectstorage.py
[2025-11-14T10:51:50.025+0530] {logging_mixin.py:188} INFO - [2025-11-14T10:51:50.024+0530] {dag.py:3089} INFO - Sync 1 DAGs
[2025-11-14T10:51:50.040+0530] {logging_mixin.py:188} INFO - [2025-11-14T10:51:50.040+0530] {dag.py:3947} INFO - Setting next_dagrun for tutorial_objectstorage to None, run_after=None
[2025-11-14T10:51:50.068+0530] {processor.py:183} INFO - Processing /home/logi/txtai/venv/lib/python3.10/site-packages/airflow/example_dags/tutorial_objectstorage.py took 0.104 seconds
[2025-11-14T10:52:20.709+0530] {processor.py:161} INFO - Started process (PID=8517) to work on /home/logi/txtai/venv/lib/python3.10/site-packages/airflow/example_dags/tutorial_objectstorage.py
[2025-11-14T10:52:20.713+0530] {processor.py:830} INFO - Processing file /home/logi/txtai/venv/lib/python3.10/site-packages/airflow/example_dags/tutorial_objectstorage.py for tasks to queue
[2025-11-14T10:52:20.719+0530] {logging_mixin.py:188} INFO - [2025-11-14T10:52:20.718+0530] {dagbag.py:545} INFO - Filling up the DagBag from /home/logi/txtai/venv/lib/python3.10/site-packages/airflow/example_dags/tutorial_objectstorage.py
[2025-11-14T10:52:20.741+0530] {processor.py:840} INFO - DAG(s) 'tutorial_objectstorage' retrieved from /home/logi/txtai/venv/lib/python3.10/site-packages/airflow/example_dags/tutorial_objectstorage.py
[2025-11-14T10:52:20.833+0530] {logging_mixin.py:188} INFO - [2025-11-14T10:52:20.832+0530] {dag.py:3089} INFO - Sync 1 DAGs
[2025-11-14T10:52:20.867+0530] {logging_mixin.py:188} INFO - [2025-11-14T10:52:20.866+0530] {dag.py:3947} INFO - Setting next_dagrun for tutorial_objectstorage to None, run_after=None
[2025-11-14T10:52:20.957+0530] {processor.py:183} INFO - Processing /home/logi/txtai/venv/lib/python3.10/site-packages/airflow/example_dags/tutorial_objectstorage.py took 0.310 seconds
[2025-11-14T10:52:51.199+0530] {processor.py:161} INFO - Started process (PID=8665) to work on /home/logi/txtai/venv/lib/python3.10/site-packages/airflow/example_dags/tutorial_objectstorage.py
[2025-11-14T10:52:51.203+0530] {processor.py:830} INFO - Processing file /home/logi/txtai/venv/lib/python3.10/site-packages/airflow/example_dags/tutorial_objectstorage.py for tasks to queue
[2025-11-14T10:52:51.207+0530] {logging_mixin.py:188} INFO - [2025-11-14T10:52:51.206+0530] {dagbag.py:545} INFO - Filling up the DagBag from /home/logi/txtai/venv/lib/python3.10/site-packages/airflow/example_dags/tutorial_objectstorage.py
[2025-11-14T10:52:51.223+0530] {processor.py:840} INFO - DAG(s) 'tutorial_objectstorage' retrieved from /home/logi/txtai/venv/lib/python3.10/site-packages/airflow/example_dags/tutorial_objectstorage.py
[2025-11-14T10:52:51.261+0530] {logging_mixin.py:188} INFO - [2025-11-14T10:52:51.261+0530] {dag.py:3089} INFO - Sync 1 DAGs
[2025-11-14T10:52:51.279+0530] {logging_mixin.py:188} INFO - [2025-11-14T10:52:51.279+0530] {dag.py:3947} INFO - Setting next_dagrun for tutorial_objectstorage to None, run_after=None
[2025-11-14T10:52:51.298+0530] {processor.py:183} INFO - Processing /home/logi/txtai/venv/lib/python3.10/site-packages/airflow/example_dags/tutorial_objectstorage.py took 0.113 seconds
[2025-11-14T10:53:21.599+0530] {processor.py:161} INFO - Started process (PID=8794) to work on /home/logi/txtai/venv/lib/python3.10/site-packages/airflow/example_dags/tutorial_objectstorage.py
[2025-11-14T10:53:21.612+0530] {processor.py:830} INFO - Processing file /home/logi/txtai/venv/lib/python3.10/site-packages/airflow/example_dags/tutorial_objectstorage.py for tasks to queue
[2025-11-14T10:53:21.614+0530] {logging_mixin.py:188} INFO - [2025-11-14T10:53:21.614+0530] {dagbag.py:545} INFO - Filling up the DagBag from /home/logi/txtai/venv/lib/python3.10/site-packages/airflow/example_dags/tutorial_objectstorage.py
[2025-11-14T10:53:21.627+0530] {processor.py:840} INFO - DAG(s) 'tutorial_objectstorage' retrieved from /home/logi/txtai/venv/lib/python3.10/site-packages/airflow/example_dags/tutorial_objectstorage.py
[2025-11-14T10:53:21.669+0530] {logging_mixin.py:188} INFO - [2025-11-14T10:53:21.668+0530] {dag.py:3089} INFO - Sync 1 DAGs
[2025-11-14T10:53:21.685+0530] {logging_mixin.py:188} INFO - [2025-11-14T10:53:21.684+0530] {dag.py:3947} INFO - Setting next_dagrun for tutorial_objectstorage to None, run_after=None
[2025-11-14T10:53:21.710+0530] {processor.py:183} INFO - Processing /home/logi/txtai/venv/lib/python3.10/site-packages/airflow/example_dags/tutorial_objectstorage.py took 0.122 seconds
[2025-11-14T10:53:52.506+0530] {processor.py:161} INFO - Started process (PID=8958) to work on /home/logi/txtai/venv/lib/python3.10/site-packages/airflow/example_dags/tutorial_objectstorage.py
[2025-11-14T10:53:52.520+0530] {processor.py:830} INFO - Processing file /home/logi/txtai/venv/lib/python3.10/site-packages/airflow/example_dags/tutorial_objectstorage.py for tasks to queue
[2025-11-14T10:53:52.533+0530] {logging_mixin.py:188} INFO - [2025-11-14T10:53:52.530+0530] {dagbag.py:545} INFO - Filling up the DagBag from /home/logi/txtai/venv/lib/python3.10/site-packages/airflow/example_dags/tutorial_objectstorage.py
[2025-11-14T10:53:52.572+0530] {processor.py:840} INFO - DAG(s) 'tutorial_objectstorage' retrieved from /home/logi/txtai/venv/lib/python3.10/site-packages/airflow/example_dags/tutorial_objectstorage.py
[2025-11-14T10:53:52.671+0530] {logging_mixin.py:188} INFO - [2025-11-14T10:53:52.670+0530] {dag.py:3089} INFO - Sync 1 DAGs
[2025-11-14T10:53:52.703+0530] {logging_mixin.py:188} INFO - [2025-11-14T10:53:52.702+0530] {dag.py:3947} INFO - Setting next_dagrun for tutorial_objectstorage to None, run_after=None
[2025-11-14T10:53:52.803+0530] {processor.py:183} INFO - Processing /home/logi/txtai/venv/lib/python3.10/site-packages/airflow/example_dags/tutorial_objectstorage.py took 0.338 seconds
[2025-11-14T10:54:23.651+0530] {processor.py:161} INFO - Started process (PID=9216) to work on /home/logi/txtai/venv/lib/python3.10/site-packages/airflow/example_dags/tutorial_objectstorage.py
[2025-11-14T10:54:23.665+0530] {processor.py:830} INFO - Processing file /home/logi/txtai/venv/lib/python3.10/site-packages/airflow/example_dags/tutorial_objectstorage.py for tasks to queue
[2025-11-14T10:54:23.668+0530] {logging_mixin.py:188} INFO - [2025-11-14T10:54:23.668+0530] {dagbag.py:545} INFO - Filling up the DagBag from /home/logi/txtai/venv/lib/python3.10/site-packages/airflow/example_dags/tutorial_objectstorage.py
[2025-11-14T10:54:23.680+0530] {processor.py:840} INFO - DAG(s) 'tutorial_objectstorage' retrieved from /home/logi/txtai/venv/lib/python3.10/site-packages/airflow/example_dags/tutorial_objectstorage.py
[2025-11-14T10:54:23.726+0530] {logging_mixin.py:188} INFO - [2025-11-14T10:54:23.725+0530] {dag.py:3089} INFO - Sync 1 DAGs
[2025-11-14T10:54:23.749+0530] {logging_mixin.py:188} INFO - [2025-11-14T10:54:23.749+0530] {dag.py:3947} INFO - Setting next_dagrun for tutorial_objectstorage to None, run_after=None
[2025-11-14T10:54:23.784+0530] {processor.py:183} INFO - Processing /home/logi/txtai/venv/lib/python3.10/site-packages/airflow/example_dags/tutorial_objectstorage.py took 0.145 seconds
[2025-11-14T10:54:53.855+0530] {processor.py:161} INFO - Started process (PID=9359) to work on /home/logi/txtai/venv/lib/python3.10/site-packages/airflow/example_dags/tutorial_objectstorage.py
[2025-11-14T10:54:53.869+0530] {processor.py:830} INFO - Processing file /home/logi/txtai/venv/lib/python3.10/site-packages/airflow/example_dags/tutorial_objectstorage.py for tasks to queue
[2025-11-14T10:54:53.873+0530] {logging_mixin.py:188} INFO - [2025-11-14T10:54:53.872+0530] {dagbag.py:545} INFO - Filling up the DagBag from /home/logi/txtai/venv/lib/python3.10/site-packages/airflow/example_dags/tutorial_objectstorage.py
[2025-11-14T10:54:53.884+0530] {processor.py:840} INFO - DAG(s) 'tutorial_objectstorage' retrieved from /home/logi/txtai/venv/lib/python3.10/site-packages/airflow/example_dags/tutorial_objectstorage.py
[2025-11-14T10:54:53.917+0530] {logging_mixin.py:188} INFO - [2025-11-14T10:54:53.917+0530] {dag.py:3089} INFO - Sync 1 DAGs
[2025-11-14T10:54:53.928+0530] {logging_mixin.py:188} INFO - [2025-11-14T10:54:53.927+0530] {dag.py:3947} INFO - Setting next_dagrun for tutorial_objectstorage to None, run_after=None
[2025-11-14T10:54:53.955+0530] {processor.py:183} INFO - Processing /home/logi/txtai/venv/lib/python3.10/site-packages/airflow/example_dags/tutorial_objectstorage.py took 0.112 seconds
[2025-11-14T10:55:24.020+0530] {processor.py:161} INFO - Started process (PID=9505) to work on /home/logi/txtai/venv/lib/python3.10/site-packages/airflow/example_dags/tutorial_objectstorage.py
[2025-11-14T10:55:24.033+0530] {processor.py:830} INFO - Processing file /home/logi/txtai/venv/lib/python3.10/site-packages/airflow/example_dags/tutorial_objectstorage.py for tasks to queue
[2025-11-14T10:55:24.036+0530] {logging_mixin.py:188} INFO - [2025-11-14T10:55:24.036+0530] {dagbag.py:545} INFO - Filling up the DagBag from /home/logi/txtai/venv/lib/python3.10/site-packages/airflow/example_dags/tutorial_objectstorage.py
[2025-11-14T10:55:24.048+0530] {processor.py:840} INFO - DAG(s) 'tutorial_objectstorage' retrieved from /home/logi/txtai/venv/lib/python3.10/site-packages/airflow/example_dags/tutorial_objectstorage.py
[2025-11-14T10:55:24.106+0530] {logging_mixin.py:188} INFO - [2025-11-14T10:55:24.105+0530] {dag.py:3089} INFO - Sync 1 DAGs
[2025-11-14T10:55:24.129+0530] {logging_mixin.py:188} INFO - [2025-11-14T10:55:24.128+0530] {dag.py:3947} INFO - Setting next_dagrun for tutorial_objectstorage to None, run_after=None
[2025-11-14T10:55:24.175+0530] {processor.py:183} INFO - Processing /home/logi/txtai/venv/lib/python3.10/site-packages/airflow/example_dags/tutorial_objectstorage.py took 0.166 seconds
[2025-11-14T10:55:54.640+0530] {processor.py:161} INFO - Started process (PID=9634) to work on /home/logi/txtai/venv/lib/python3.10/site-packages/airflow/example_dags/tutorial_objectstorage.py
[2025-11-14T10:55:54.641+0530] {processor.py:830} INFO - Processing file /home/logi/txtai/venv/lib/python3.10/site-packages/airflow/example_dags/tutorial_objectstorage.py for tasks to queue
[2025-11-14T10:55:54.643+0530] {logging_mixin.py:188} INFO - [2025-11-14T10:55:54.642+0530] {dagbag.py:545} INFO - Filling up the DagBag from /home/logi/txtai/venv/lib/python3.10/site-packages/airflow/example_dags/tutorial_objectstorage.py
[2025-11-14T10:55:54.651+0530] {processor.py:840} INFO - DAG(s) 'tutorial_objectstorage' retrieved from /home/logi/txtai/venv/lib/python3.10/site-packages/airflow/example_dags/tutorial_objectstorage.py
[2025-11-14T10:55:54.682+0530] {logging_mixin.py:188} INFO - [2025-11-14T10:55:54.682+0530] {dag.py:3089} INFO - Sync 1 DAGs
[2025-11-14T10:55:54.693+0530] {logging_mixin.py:188} INFO - [2025-11-14T10:55:54.693+0530] {dag.py:3947} INFO - Setting next_dagrun for tutorial_objectstorage to None, run_after=None
[2025-11-14T10:55:54.720+0530] {processor.py:183} INFO - Processing /home/logi/txtai/venv/lib/python3.10/site-packages/airflow/example_dags/tutorial_objectstorage.py took 0.091 seconds
[2025-11-14T10:56:25.482+0530] {processor.py:161} INFO - Started process (PID=9789) to work on /home/logi/txtai/venv/lib/python3.10/site-packages/airflow/example_dags/tutorial_objectstorage.py
[2025-11-14T10:56:25.489+0530] {processor.py:830} INFO - Processing file /home/logi/txtai/venv/lib/python3.10/site-packages/airflow/example_dags/tutorial_objectstorage.py for tasks to queue
[2025-11-14T10:56:25.499+0530] {logging_mixin.py:188} INFO - [2025-11-14T10:56:25.497+0530] {dagbag.py:545} INFO - Filling up the DagBag from /home/logi/txtai/venv/lib/python3.10/site-packages/airflow/example_dags/tutorial_objectstorage.py
[2025-11-14T10:56:25.549+0530] {processor.py:840} INFO - DAG(s) 'tutorial_objectstorage' retrieved from /home/logi/txtai/venv/lib/python3.10/site-packages/airflow/example_dags/tutorial_objectstorage.py
[2025-11-14T10:56:25.667+0530] {logging_mixin.py:188} INFO - [2025-11-14T10:56:25.666+0530] {dag.py:3089} INFO - Sync 1 DAGs
[2025-11-14T10:56:25.709+0530] {logging_mixin.py:188} INFO - [2025-11-14T10:56:25.708+0530] {dag.py:3947} INFO - Setting next_dagrun for tutorial_objectstorage to None, run_after=None
[2025-11-14T10:56:25.796+0530] {processor.py:183} INFO - Processing /home/logi/txtai/venv/lib/python3.10/site-packages/airflow/example_dags/tutorial_objectstorage.py took 0.351 seconds
[2025-11-14T10:56:55.957+0530] {processor.py:161} INFO - Started process (PID=9940) to work on /home/logi/txtai/venv/lib/python3.10/site-packages/airflow/example_dags/tutorial_objectstorage.py
[2025-11-14T10:56:55.972+0530] {processor.py:830} INFO - Processing file /home/logi/txtai/venv/lib/python3.10/site-packages/airflow/example_dags/tutorial_objectstorage.py for tasks to queue
[2025-11-14T10:56:55.975+0530] {logging_mixin.py:188} INFO - [2025-11-14T10:56:55.975+0530] {dagbag.py:545} INFO - Filling up the DagBag from /home/logi/txtai/venv/lib/python3.10/site-packages/airflow/example_dags/tutorial_objectstorage.py
[2025-11-14T10:56:55.987+0530] {processor.py:840} INFO - DAG(s) 'tutorial_objectstorage' retrieved from /home/logi/txtai/venv/lib/python3.10/site-packages/airflow/example_dags/tutorial_objectstorage.py
[2025-11-14T10:56:56.027+0530] {logging_mixin.py:188} INFO - [2025-11-14T10:56:56.026+0530] {dag.py:3089} INFO - Sync 1 DAGs
[2025-11-14T10:56:56.055+0530] {logging_mixin.py:188} INFO - [2025-11-14T10:56:56.054+0530] {dag.py:3947} INFO - Setting next_dagrun for tutorial_objectstorage to None, run_after=None
[2025-11-14T10:56:56.092+0530] {processor.py:183} INFO - Processing /home/logi/txtai/venv/lib/python3.10/site-packages/airflow/example_dags/tutorial_objectstorage.py took 0.146 seconds
[2025-11-14T10:57:27.087+0530] {processor.py:161} INFO - Started process (PID=10072) to work on /home/logi/txtai/venv/lib/python3.10/site-packages/airflow/example_dags/tutorial_objectstorage.py
[2025-11-14T10:57:27.099+0530] {processor.py:830} INFO - Processing file /home/logi/txtai/venv/lib/python3.10/site-packages/airflow/example_dags/tutorial_objectstorage.py for tasks to queue
[2025-11-14T10:57:27.101+0530] {logging_mixin.py:188} INFO - [2025-11-14T10:57:27.101+0530] {dagbag.py:545} INFO - Filling up the DagBag from /home/logi/txtai/venv/lib/python3.10/site-packages/airflow/example_dags/tutorial_objectstorage.py
[2025-11-14T10:57:27.113+0530] {processor.py:840} INFO - DAG(s) 'tutorial_objectstorage' retrieved from /home/logi/txtai/venv/lib/python3.10/site-packages/airflow/example_dags/tutorial_objectstorage.py
[2025-11-14T10:57:27.143+0530] {logging_mixin.py:188} INFO - [2025-11-14T10:57:27.142+0530] {dag.py:3089} INFO - Sync 1 DAGs
[2025-11-14T10:57:27.159+0530] {logging_mixin.py:188} INFO - [2025-11-14T10:57:27.159+0530] {dag.py:3947} INFO - Setting next_dagrun for tutorial_objectstorage to None, run_after=None
[2025-11-14T10:57:27.185+0530] {processor.py:183} INFO - Processing /home/logi/txtai/venv/lib/python3.10/site-packages/airflow/example_dags/tutorial_objectstorage.py took 0.104 seconds
[2025-11-14T10:57:57.527+0530] {processor.py:161} INFO - Started process (PID=10201) to work on /home/logi/txtai/venv/lib/python3.10/site-packages/airflow/example_dags/tutorial_objectstorage.py
[2025-11-14T10:57:57.540+0530] {processor.py:830} INFO - Processing file /home/logi/txtai/venv/lib/python3.10/site-packages/airflow/example_dags/tutorial_objectstorage.py for tasks to queue
[2025-11-14T10:57:57.543+0530] {logging_mixin.py:188} INFO - [2025-11-14T10:57:57.542+0530] {dagbag.py:545} INFO - Filling up the DagBag from /home/logi/txtai/venv/lib/python3.10/site-packages/airflow/example_dags/tutorial_objectstorage.py
[2025-11-14T10:57:57.563+0530] {processor.py:840} INFO - DAG(s) 'tutorial_objectstorage' retrieved from /home/logi/txtai/venv/lib/python3.10/site-packages/airflow/example_dags/tutorial_objectstorage.py
[2025-11-14T10:57:57.612+0530] {logging_mixin.py:188} INFO - [2025-11-14T10:57:57.611+0530] {dag.py:3089} INFO - Sync 1 DAGs
[2025-11-14T10:57:57.632+0530] {logging_mixin.py:188} INFO - [2025-11-14T10:57:57.632+0530] {dag.py:3947} INFO - Setting next_dagrun for tutorial_objectstorage to None, run_after=None
[2025-11-14T10:57:57.662+0530] {processor.py:183} INFO - Processing /home/logi/txtai/venv/lib/python3.10/site-packages/airflow/example_dags/tutorial_objectstorage.py took 0.150 seconds
[2025-11-14T10:58:27.720+0530] {processor.py:161} INFO - Started process (PID=10331) to work on /home/logi/txtai/venv/lib/python3.10/site-packages/airflow/example_dags/tutorial_objectstorage.py
[2025-11-14T10:58:27.730+0530] {processor.py:830} INFO - Processing file /home/logi/txtai/venv/lib/python3.10/site-packages/airflow/example_dags/tutorial_objectstorage.py for tasks to queue
[2025-11-14T10:58:27.731+0530] {logging_mixin.py:188} INFO - [2025-11-14T10:58:27.731+0530] {dagbag.py:545} INFO - Filling up the DagBag from /home/logi/txtai/venv/lib/python3.10/site-packages/airflow/example_dags/tutorial_objectstorage.py
[2025-11-14T10:58:27.738+0530] {processor.py:840} INFO - DAG(s) 'tutorial_objectstorage' retrieved from /home/logi/txtai/venv/lib/python3.10/site-packages/airflow/example_dags/tutorial_objectstorage.py
[2025-11-14T10:58:27.788+0530] {logging_mixin.py:188} INFO - [2025-11-14T10:58:27.788+0530] {dag.py:3089} INFO - Sync 1 DAGs
[2025-11-14T10:58:27.813+0530] {logging_mixin.py:188} INFO - [2025-11-14T10:58:27.813+0530] {dag.py:3947} INFO - Setting next_dagrun for tutorial_objectstorage to None, run_after=None
[2025-11-14T10:58:27.854+0530] {processor.py:183} INFO - Processing /home/logi/txtai/venv/lib/python3.10/site-packages/airflow/example_dags/tutorial_objectstorage.py took 0.144 seconds
[2025-11-14T10:58:58.735+0530] {processor.py:161} INFO - Started process (PID=10490) to work on /home/logi/txtai/venv/lib/python3.10/site-packages/airflow/example_dags/tutorial_objectstorage.py
[2025-11-14T10:58:58.736+0530] {processor.py:830} INFO - Processing file /home/logi/txtai/venv/lib/python3.10/site-packages/airflow/example_dags/tutorial_objectstorage.py for tasks to queue
[2025-11-14T10:58:58.737+0530] {logging_mixin.py:188} INFO - [2025-11-14T10:58:58.737+0530] {dagbag.py:545} INFO - Filling up the DagBag from /home/logi/txtai/venv/lib/python3.10/site-packages/airflow/example_dags/tutorial_objectstorage.py
[2025-11-14T10:58:58.748+0530] {processor.py:840} INFO - DAG(s) 'tutorial_objectstorage' retrieved from /home/logi/txtai/venv/lib/python3.10/site-packages/airflow/example_dags/tutorial_objectstorage.py
[2025-11-14T10:58:58.780+0530] {logging_mixin.py:188} INFO - [2025-11-14T10:58:58.779+0530] {dag.py:3089} INFO - Sync 1 DAGs
[2025-11-14T10:58:58.795+0530] {logging_mixin.py:188} INFO - [2025-11-14T10:58:58.794+0530] {dag.py:3947} INFO - Setting next_dagrun for tutorial_objectstorage to None, run_after=None
[2025-11-14T10:58:58.815+0530] {processor.py:183} INFO - Processing /home/logi/txtai/venv/lib/python3.10/site-packages/airflow/example_dags/tutorial_objectstorage.py took 0.086 seconds
[2025-11-14T10:59:28.951+0530] {processor.py:161} INFO - Started process (PID=10619) to work on /home/logi/txtai/venv/lib/python3.10/site-packages/airflow/example_dags/tutorial_objectstorage.py
[2025-11-14T10:59:28.954+0530] {processor.py:830} INFO - Processing file /home/logi/txtai/venv/lib/python3.10/site-packages/airflow/example_dags/tutorial_objectstorage.py for tasks to queue
[2025-11-14T10:59:28.958+0530] {logging_mixin.py:188} INFO - [2025-11-14T10:59:28.957+0530] {dagbag.py:545} INFO - Filling up the DagBag from /home/logi/txtai/venv/lib/python3.10/site-packages/airflow/example_dags/tutorial_objectstorage.py
[2025-11-14T10:59:28.973+0530] {processor.py:840} INFO - DAG(s) 'tutorial_objectstorage' retrieved from /home/logi/txtai/venv/lib/python3.10/site-packages/airflow/example_dags/tutorial_objectstorage.py
[2025-11-14T10:59:29.012+0530] {logging_mixin.py:188} INFO - [2025-11-14T10:59:29.012+0530] {dag.py:3089} INFO - Sync 1 DAGs
[2025-11-14T10:59:29.023+0530] {logging_mixin.py:188} INFO - [2025-11-14T10:59:29.023+0530] {dag.py:3947} INFO - Setting next_dagrun for tutorial_objectstorage to None, run_after=None
[2025-11-14T10:59:29.048+0530] {processor.py:183} INFO - Processing /home/logi/txtai/venv/lib/python3.10/site-packages/airflow/example_dags/tutorial_objectstorage.py took 0.104 seconds
[2025-11-14T10:59:59.169+0530] {processor.py:161} INFO - Started process (PID=10749) to work on /home/logi/txtai/venv/lib/python3.10/site-packages/airflow/example_dags/tutorial_objectstorage.py
[2025-11-14T10:59:59.171+0530] {processor.py:830} INFO - Processing file /home/logi/txtai/venv/lib/python3.10/site-packages/airflow/example_dags/tutorial_objectstorage.py for tasks to queue
[2025-11-14T10:59:59.174+0530] {logging_mixin.py:188} INFO - [2025-11-14T10:59:59.173+0530] {dagbag.py:545} INFO - Filling up the DagBag from /home/logi/txtai/venv/lib/python3.10/site-packages/airflow/example_dags/tutorial_objectstorage.py
[2025-11-14T10:59:59.184+0530] {processor.py:840} INFO - DAG(s) 'tutorial_objectstorage' retrieved from /home/logi/txtai/venv/lib/python3.10/site-packages/airflow/example_dags/tutorial_objectstorage.py
[2025-11-14T10:59:59.221+0530] {logging_mixin.py:188} INFO - [2025-11-14T10:59:59.220+0530] {dag.py:3089} INFO - Sync 1 DAGs
[2025-11-14T10:59:59.236+0530] {logging_mixin.py:188} INFO - [2025-11-14T10:59:59.235+0530] {dag.py:3947} INFO - Setting next_dagrun for tutorial_objectstorage to None, run_after=None
[2025-11-14T10:59:59.256+0530] {processor.py:183} INFO - Processing /home/logi/txtai/venv/lib/python3.10/site-packages/airflow/example_dags/tutorial_objectstorage.py took 0.103 seconds
[2025-11-14T11:00:29.465+0530] {processor.py:161} INFO - Started process (PID=10878) to work on /home/logi/txtai/venv/lib/python3.10/site-packages/airflow/example_dags/tutorial_objectstorage.py
[2025-11-14T11:00:29.479+0530] {processor.py:830} INFO - Processing file /home/logi/txtai/venv/lib/python3.10/site-packages/airflow/example_dags/tutorial_objectstorage.py for tasks to queue
[2025-11-14T11:00:29.484+0530] {logging_mixin.py:188} INFO - [2025-11-14T11:00:29.483+0530] {dagbag.py:545} INFO - Filling up the DagBag from /home/logi/txtai/venv/lib/python3.10/site-packages/airflow/example_dags/tutorial_objectstorage.py
[2025-11-14T11:00:29.496+0530] {processor.py:840} INFO - DAG(s) 'tutorial_objectstorage' retrieved from /home/logi/txtai/venv/lib/python3.10/site-packages/airflow/example_dags/tutorial_objectstorage.py
[2025-11-14T11:00:29.536+0530] {logging_mixin.py:188} INFO - [2025-11-14T11:00:29.536+0530] {dag.py:3089} INFO - Sync 1 DAGs
[2025-11-14T11:00:29.561+0530] {logging_mixin.py:188} INFO - [2025-11-14T11:00:29.560+0530] {dag.py:3947} INFO - Setting next_dagrun for tutorial_objectstorage to None, run_after=None
[2025-11-14T11:00:29.598+0530] {processor.py:183} INFO - Processing /home/logi/txtai/venv/lib/python3.10/site-packages/airflow/example_dags/tutorial_objectstorage.py took 0.139 seconds
[2025-11-14T11:00:59.850+0530] {processor.py:161} INFO - Started process (PID=11008) to work on /home/logi/txtai/venv/lib/python3.10/site-packages/airflow/example_dags/tutorial_objectstorage.py
[2025-11-14T11:00:59.852+0530] {processor.py:830} INFO - Processing file /home/logi/txtai/venv/lib/python3.10/site-packages/airflow/example_dags/tutorial_objectstorage.py for tasks to queue
[2025-11-14T11:00:59.855+0530] {logging_mixin.py:188} INFO - [2025-11-14T11:00:59.855+0530] {dagbag.py:545} INFO - Filling up the DagBag from /home/logi/txtai/venv/lib/python3.10/site-packages/airflow/example_dags/tutorial_objectstorage.py
[2025-11-14T11:00:59.869+0530] {processor.py:840} INFO - DAG(s) 'tutorial_objectstorage' retrieved from /home/logi/txtai/venv/lib/python3.10/site-packages/airflow/example_dags/tutorial_objectstorage.py
[2025-11-14T11:00:59.924+0530] {logging_mixin.py:188} INFO - [2025-11-14T11:00:59.924+0530] {dag.py:3089} INFO - Sync 1 DAGs
[2025-11-14T11:00:59.953+0530] {logging_mixin.py:188} INFO - [2025-11-14T11:00:59.953+0530] {dag.py:3947} INFO - Setting next_dagrun for tutorial_objectstorage to None, run_after=None
[2025-11-14T11:00:59.995+0530] {processor.py:183} INFO - Processing /home/logi/txtai/venv/lib/python3.10/site-packages/airflow/example_dags/tutorial_objectstorage.py took 0.157 seconds
[2025-11-14T11:01:30.229+0530] {processor.py:161} INFO - Started process (PID=11138) to work on /home/logi/txtai/venv/lib/python3.10/site-packages/airflow/example_dags/tutorial_objectstorage.py
[2025-11-14T11:01:30.241+0530] {processor.py:830} INFO - Processing file /home/logi/txtai/venv/lib/python3.10/site-packages/airflow/example_dags/tutorial_objectstorage.py for tasks to queue
[2025-11-14T11:01:30.244+0530] {logging_mixin.py:188} INFO - [2025-11-14T11:01:30.243+0530] {dagbag.py:545} INFO - Filling up the DagBag from /home/logi/txtai/venv/lib/python3.10/site-packages/airflow/example_dags/tutorial_objectstorage.py
[2025-11-14T11:01:30.252+0530] {processor.py:840} INFO - DAG(s) 'tutorial_objectstorage' retrieved from /home/logi/txtai/venv/lib/python3.10/site-packages/airflow/example_dags/tutorial_objectstorage.py
[2025-11-14T11:01:30.285+0530] {logging_mixin.py:188} INFO - [2025-11-14T11:01:30.285+0530] {dag.py:3089} INFO - Sync 1 DAGs
[2025-11-14T11:01:30.296+0530] {logging_mixin.py:188} INFO - [2025-11-14T11:01:30.296+0530] {dag.py:3947} INFO - Setting next_dagrun for tutorial_objectstorage to None, run_after=None
[2025-11-14T11:01:30.315+0530] {processor.py:183} INFO - Processing /home/logi/txtai/venv/lib/python3.10/site-packages/airflow/example_dags/tutorial_objectstorage.py took 0.094 seconds
[2025-11-14T11:02:00.657+0530] {processor.py:161} INFO - Started process (PID=11267) to work on /home/logi/txtai/venv/lib/python3.10/site-packages/airflow/example_dags/tutorial_objectstorage.py
[2025-11-14T11:02:00.658+0530] {processor.py:830} INFO - Processing file /home/logi/txtai/venv/lib/python3.10/site-packages/airflow/example_dags/tutorial_objectstorage.py for tasks to queue
[2025-11-14T11:02:00.660+0530] {logging_mixin.py:188} INFO - [2025-11-14T11:02:00.660+0530] {dagbag.py:545} INFO - Filling up the DagBag from /home/logi/txtai/venv/lib/python3.10/site-packages/airflow/example_dags/tutorial_objectstorage.py
[2025-11-14T11:02:00.669+0530] {processor.py:840} INFO - DAG(s) 'tutorial_objectstorage' retrieved from /home/logi/txtai/venv/lib/python3.10/site-packages/airflow/example_dags/tutorial_objectstorage.py
[2025-11-14T11:02:00.700+0530] {logging_mixin.py:188} INFO - [2025-11-14T11:02:00.699+0530] {dag.py:3089} INFO - Sync 1 DAGs
[2025-11-14T11:02:00.712+0530] {logging_mixin.py:188} INFO - [2025-11-14T11:02:00.712+0530] {dag.py:3947} INFO - Setting next_dagrun for tutorial_objectstorage to None, run_after=None
[2025-11-14T11:02:00.733+0530] {processor.py:183} INFO - Processing /home/logi/txtai/venv/lib/python3.10/site-packages/airflow/example_dags/tutorial_objectstorage.py took 0.084 seconds
[2025-11-14T11:02:31.477+0530] {processor.py:161} INFO - Started process (PID=11416) to work on /home/logi/txtai/venv/lib/python3.10/site-packages/airflow/example_dags/tutorial_objectstorage.py
[2025-11-14T11:02:31.480+0530] {processor.py:830} INFO - Processing file /home/logi/txtai/venv/lib/python3.10/site-packages/airflow/example_dags/tutorial_objectstorage.py for tasks to queue
[2025-11-14T11:02:31.483+0530] {logging_mixin.py:188} INFO - [2025-11-14T11:02:31.482+0530] {dagbag.py:545} INFO - Filling up the DagBag from /home/logi/txtai/venv/lib/python3.10/site-packages/airflow/example_dags/tutorial_objectstorage.py
[2025-11-14T11:02:31.496+0530] {processor.py:840} INFO - DAG(s) 'tutorial_objectstorage' retrieved from /home/logi/txtai/venv/lib/python3.10/site-packages/airflow/example_dags/tutorial_objectstorage.py
[2025-11-14T11:02:31.560+0530] {logging_mixin.py:188} INFO - [2025-11-14T11:02:31.560+0530] {dag.py:3089} INFO - Sync 1 DAGs
[2025-11-14T11:02:31.577+0530] {logging_mixin.py:188} INFO - [2025-11-14T11:02:31.577+0530] {dag.py:3947} INFO - Setting next_dagrun for tutorial_objectstorage to None, run_after=None
[2025-11-14T11:02:31.601+0530] {processor.py:183} INFO - Processing /home/logi/txtai/venv/lib/python3.10/site-packages/airflow/example_dags/tutorial_objectstorage.py took 0.137 seconds
[2025-11-14T11:03:01.667+0530] {processor.py:161} INFO - Started process (PID=11745) to work on /home/logi/txtai/venv/lib/python3.10/site-packages/airflow/example_dags/tutorial_objectstorage.py
[2025-11-14T11:03:01.668+0530] {processor.py:830} INFO - Processing file /home/logi/txtai/venv/lib/python3.10/site-packages/airflow/example_dags/tutorial_objectstorage.py for tasks to queue
[2025-11-14T11:03:01.670+0530] {logging_mixin.py:188} INFO - [2025-11-14T11:03:01.670+0530] {dagbag.py:545} INFO - Filling up the DagBag from /home/logi/txtai/venv/lib/python3.10/site-packages/airflow/example_dags/tutorial_objectstorage.py
[2025-11-14T11:03:01.677+0530] {processor.py:840} INFO - DAG(s) 'tutorial_objectstorage' retrieved from /home/logi/txtai/venv/lib/python3.10/site-packages/airflow/example_dags/tutorial_objectstorage.py
[2025-11-14T11:03:01.705+0530] {logging_mixin.py:188} INFO - [2025-11-14T11:03:01.705+0530] {dag.py:3089} INFO - Sync 1 DAGs
[2025-11-14T11:03:01.715+0530] {logging_mixin.py:188} INFO - [2025-11-14T11:03:01.714+0530] {dag.py:3947} INFO - Setting next_dagrun for tutorial_objectstorage to None, run_after=None
[2025-11-14T11:03:01.731+0530] {processor.py:183} INFO - Processing /home/logi/txtai/venv/lib/python3.10/site-packages/airflow/example_dags/tutorial_objectstorage.py took 0.073 seconds
[2025-11-14T11:03:31.778+0530] {processor.py:161} INFO - Started process (PID=12575) to work on /home/logi/txtai/venv/lib/python3.10/site-packages/airflow/example_dags/tutorial_objectstorage.py
[2025-11-14T11:03:31.780+0530] {processor.py:830} INFO - Processing file /home/logi/txtai/venv/lib/python3.10/site-packages/airflow/example_dags/tutorial_objectstorage.py for tasks to queue
[2025-11-14T11:03:31.782+0530] {logging_mixin.py:188} INFO - [2025-11-14T11:03:31.782+0530] {dagbag.py:545} INFO - Filling up the DagBag from /home/logi/txtai/venv/lib/python3.10/site-packages/airflow/example_dags/tutorial_objectstorage.py
[2025-11-14T11:03:31.795+0530] {processor.py:840} INFO - DAG(s) 'tutorial_objectstorage' retrieved from /home/logi/txtai/venv/lib/python3.10/site-packages/airflow/example_dags/tutorial_objectstorage.py
[2025-11-14T11:03:31.853+0530] {logging_mixin.py:188} INFO - [2025-11-14T11:03:31.852+0530] {dag.py:3089} INFO - Sync 1 DAGs
[2025-11-14T11:03:31.877+0530] {logging_mixin.py:188} INFO - [2025-11-14T11:03:31.876+0530] {dag.py:3947} INFO - Setting next_dagrun for tutorial_objectstorage to None, run_after=None
[2025-11-14T11:03:31.928+0530] {processor.py:183} INFO - Processing /home/logi/txtai/venv/lib/python3.10/site-packages/airflow/example_dags/tutorial_objectstorage.py took 0.162 seconds
[2025-11-14T11:04:02.277+0530] {processor.py:161} INFO - Started process (PID=12708) to work on /home/logi/txtai/venv/lib/python3.10/site-packages/airflow/example_dags/tutorial_objectstorage.py
[2025-11-14T11:04:02.290+0530] {processor.py:830} INFO - Processing file /home/logi/txtai/venv/lib/python3.10/site-packages/airflow/example_dags/tutorial_objectstorage.py for tasks to queue
[2025-11-14T11:04:02.294+0530] {logging_mixin.py:188} INFO - [2025-11-14T11:04:02.294+0530] {dagbag.py:545} INFO - Filling up the DagBag from /home/logi/txtai/venv/lib/python3.10/site-packages/airflow/example_dags/tutorial_objectstorage.py
[2025-11-14T11:04:02.312+0530] {processor.py:840} INFO - DAG(s) 'tutorial_objectstorage' retrieved from /home/logi/txtai/venv/lib/python3.10/site-packages/airflow/example_dags/tutorial_objectstorage.py
[2025-11-14T11:04:02.369+0530] {logging_mixin.py:188} INFO - [2025-11-14T11:04:02.369+0530] {dag.py:3089} INFO - Sync 1 DAGs
[2025-11-14T11:04:02.394+0530] {logging_mixin.py:188} INFO - [2025-11-14T11:04:02.393+0530] {dag.py:3947} INFO - Setting next_dagrun for tutorial_objectstorage to None, run_after=None
[2025-11-14T11:04:02.432+0530] {processor.py:183} INFO - Processing /home/logi/txtai/venv/lib/python3.10/site-packages/airflow/example_dags/tutorial_objectstorage.py took 0.168 seconds
[2025-11-14T11:04:32.764+0530] {processor.py:161} INFO - Started process (PID=12840) to work on /home/logi/txtai/venv/lib/python3.10/site-packages/airflow/example_dags/tutorial_objectstorage.py
[2025-11-14T11:04:32.777+0530] {processor.py:830} INFO - Processing file /home/logi/txtai/venv/lib/python3.10/site-packages/airflow/example_dags/tutorial_objectstorage.py for tasks to queue
[2025-11-14T11:04:32.780+0530] {logging_mixin.py:188} INFO - [2025-11-14T11:04:32.779+0530] {dagbag.py:545} INFO - Filling up the DagBag from /home/logi/txtai/venv/lib/python3.10/site-packages/airflow/example_dags/tutorial_objectstorage.py
[2025-11-14T11:04:32.793+0530] {processor.py:840} INFO - DAG(s) 'tutorial_objectstorage' retrieved from /home/logi/txtai/venv/lib/python3.10/site-packages/airflow/example_dags/tutorial_objectstorage.py
[2025-11-14T11:04:32.846+0530] {logging_mixin.py:188} INFO - [2025-11-14T11:04:32.845+0530] {dag.py:3089} INFO - Sync 1 DAGs
[2025-11-14T11:04:32.869+0530] {logging_mixin.py:188} INFO - [2025-11-14T11:04:32.868+0530] {dag.py:3947} INFO - Setting next_dagrun for tutorial_objectstorage to None, run_after=None
[2025-11-14T11:04:32.906+0530] {processor.py:183} INFO - Processing /home/logi/txtai/venv/lib/python3.10/site-packages/airflow/example_dags/tutorial_objectstorage.py took 0.150 seconds
[2025-11-14T11:05:03.608+0530] {processor.py:161} INFO - Started process (PID=12990) to work on /home/logi/txtai/venv/lib/python3.10/site-packages/airflow/example_dags/tutorial_objectstorage.py
[2025-11-14T11:05:03.622+0530] {processor.py:830} INFO - Processing file /home/logi/txtai/venv/lib/python3.10/site-packages/airflow/example_dags/tutorial_objectstorage.py for tasks to queue
[2025-11-14T11:05:03.625+0530] {logging_mixin.py:188} INFO - [2025-11-14T11:05:03.625+0530] {dagbag.py:545} INFO - Filling up the DagBag from /home/logi/txtai/venv/lib/python3.10/site-packages/airflow/example_dags/tutorial_objectstorage.py
[2025-11-14T11:05:03.639+0530] {processor.py:840} INFO - DAG(s) 'tutorial_objectstorage' retrieved from /home/logi/txtai/venv/lib/python3.10/site-packages/airflow/example_dags/tutorial_objectstorage.py
[2025-11-14T11:05:03.697+0530] {logging_mixin.py:188} INFO - [2025-11-14T11:05:03.697+0530] {dag.py:3089} INFO - Sync 1 DAGs
[2025-11-14T11:05:03.723+0530] {logging_mixin.py:188} INFO - [2025-11-14T11:05:03.723+0530] {dag.py:3947} INFO - Setting next_dagrun for tutorial_objectstorage to None, run_after=None
[2025-11-14T11:05:03.764+0530] {processor.py:183} INFO - Processing /home/logi/txtai/venv/lib/python3.10/site-packages/airflow/example_dags/tutorial_objectstorage.py took 0.170 seconds
[2025-11-14T11:05:34.006+0530] {processor.py:161} INFO - Started process (PID=13118) to work on /home/logi/txtai/venv/lib/python3.10/site-packages/airflow/example_dags/tutorial_objectstorage.py
[2025-11-14T11:05:34.022+0530] {processor.py:830} INFO - Processing file /home/logi/txtai/venv/lib/python3.10/site-packages/airflow/example_dags/tutorial_objectstorage.py for tasks to queue
[2025-11-14T11:05:34.028+0530] {logging_mixin.py:188} INFO - [2025-11-14T11:05:34.027+0530] {dagbag.py:545} INFO - Filling up the DagBag from /home/logi/txtai/venv/lib/python3.10/site-packages/airflow/example_dags/tutorial_objectstorage.py
[2025-11-14T11:05:34.051+0530] {processor.py:840} INFO - DAG(s) 'tutorial_objectstorage' retrieved from /home/logi/txtai/venv/lib/python3.10/site-packages/airflow/example_dags/tutorial_objectstorage.py
[2025-11-14T11:05:34.123+0530] {logging_mixin.py:188} INFO - [2025-11-14T11:05:34.122+0530] {dag.py:3089} INFO - Sync 1 DAGs
[2025-11-14T11:05:34.152+0530] {logging_mixin.py:188} INFO - [2025-11-14T11:05:34.152+0530] {dag.py:3947} INFO - Setting next_dagrun for tutorial_objectstorage to None, run_after=None
[2025-11-14T11:05:34.200+0530] {processor.py:183} INFO - Processing /home/logi/txtai/venv/lib/python3.10/site-packages/airflow/example_dags/tutorial_objectstorage.py took 0.211 seconds
[2025-11-14T11:06:04.254+0530] {processor.py:161} INFO - Started process (PID=13249) to work on /home/logi/txtai/venv/lib/python3.10/site-packages/airflow/example_dags/tutorial_objectstorage.py
[2025-11-14T11:06:04.256+0530] {processor.py:830} INFO - Processing file /home/logi/txtai/venv/lib/python3.10/site-packages/airflow/example_dags/tutorial_objectstorage.py for tasks to queue
[2025-11-14T11:06:04.259+0530] {logging_mixin.py:188} INFO - [2025-11-14T11:06:04.258+0530] {dagbag.py:545} INFO - Filling up the DagBag from /home/logi/txtai/venv/lib/python3.10/site-packages/airflow/example_dags/tutorial_objectstorage.py
[2025-11-14T11:06:04.271+0530] {processor.py:840} INFO - DAG(s) 'tutorial_objectstorage' retrieved from /home/logi/txtai/venv/lib/python3.10/site-packages/airflow/example_dags/tutorial_objectstorage.py
[2025-11-14T11:06:04.330+0530] {logging_mixin.py:188} INFO - [2025-11-14T11:06:04.330+0530] {dag.py:3089} INFO - Sync 1 DAGs
[2025-11-14T11:06:04.355+0530] {logging_mixin.py:188} INFO - [2025-11-14T11:06:04.355+0530] {dag.py:3947} INFO - Setting next_dagrun for tutorial_objectstorage to None, run_after=None
[2025-11-14T11:06:04.408+0530] {processor.py:183} INFO - Processing /home/logi/txtai/venv/lib/python3.10/site-packages/airflow/example_dags/tutorial_objectstorage.py took 0.167 seconds
[2025-11-14T11:06:34.547+0530] {processor.py:161} INFO - Started process (PID=13380) to work on /home/logi/txtai/venv/lib/python3.10/site-packages/airflow/example_dags/tutorial_objectstorage.py
[2025-11-14T11:06:34.549+0530] {processor.py:830} INFO - Processing file /home/logi/txtai/venv/lib/python3.10/site-packages/airflow/example_dags/tutorial_objectstorage.py for tasks to queue
[2025-11-14T11:06:34.553+0530] {logging_mixin.py:188} INFO - [2025-11-14T11:06:34.553+0530] {dagbag.py:545} INFO - Filling up the DagBag from /home/logi/txtai/venv/lib/python3.10/site-packages/airflow/example_dags/tutorial_objectstorage.py
[2025-11-14T11:06:34.567+0530] {processor.py:840} INFO - DAG(s) 'tutorial_objectstorage' retrieved from /home/logi/txtai/venv/lib/python3.10/site-packages/airflow/example_dags/tutorial_objectstorage.py
[2025-11-14T11:06:34.615+0530] {logging_mixin.py:188} INFO - [2025-11-14T11:06:34.615+0530] {dag.py:3089} INFO - Sync 1 DAGs
[2025-11-14T11:06:34.631+0530] {logging_mixin.py:188} INFO - [2025-11-14T11:06:34.630+0530] {dag.py:3947} INFO - Setting next_dagrun for tutorial_objectstorage to None, run_after=None
[2025-11-14T11:06:34.656+0530] {processor.py:183} INFO - Processing /home/logi/txtai/venv/lib/python3.10/site-packages/airflow/example_dags/tutorial_objectstorage.py took 0.122 seconds
[2025-11-14T11:07:04.777+0530] {processor.py:161} INFO - Started process (PID=13556) to work on /home/logi/txtai/venv/lib/python3.10/site-packages/airflow/example_dags/tutorial_objectstorage.py
[2025-11-14T11:07:04.790+0530] {processor.py:830} INFO - Processing file /home/logi/txtai/venv/lib/python3.10/site-packages/airflow/example_dags/tutorial_objectstorage.py for tasks to queue
[2025-11-14T11:07:04.792+0530] {logging_mixin.py:188} INFO - [2025-11-14T11:07:04.792+0530] {dagbag.py:545} INFO - Filling up the DagBag from /home/logi/txtai/venv/lib/python3.10/site-packages/airflow/example_dags/tutorial_objectstorage.py
[2025-11-14T11:07:04.801+0530] {processor.py:840} INFO - DAG(s) 'tutorial_objectstorage' retrieved from /home/logi/txtai/venv/lib/python3.10/site-packages/airflow/example_dags/tutorial_objectstorage.py
[2025-11-14T11:07:04.842+0530] {logging_mixin.py:188} INFO - [2025-11-14T11:07:04.842+0530] {dag.py:3089} INFO - Sync 1 DAGs
[2025-11-14T11:07:04.864+0530] {logging_mixin.py:188} INFO - [2025-11-14T11:07:04.863+0530] {dag.py:3947} INFO - Setting next_dagrun for tutorial_objectstorage to None, run_after=None
[2025-11-14T11:07:04.913+0530] {processor.py:183} INFO - Processing /home/logi/txtai/venv/lib/python3.10/site-packages/airflow/example_dags/tutorial_objectstorage.py took 0.144 seconds
[2025-11-14T11:07:35.372+0530] {processor.py:161} INFO - Started process (PID=13747) to work on /home/logi/txtai/venv/lib/python3.10/site-packages/airflow/example_dags/tutorial_objectstorage.py
[2025-11-14T11:07:35.374+0530] {processor.py:830} INFO - Processing file /home/logi/txtai/venv/lib/python3.10/site-packages/airflow/example_dags/tutorial_objectstorage.py for tasks to queue
[2025-11-14T11:07:35.377+0530] {logging_mixin.py:188} INFO - [2025-11-14T11:07:35.376+0530] {dagbag.py:545} INFO - Filling up the DagBag from /home/logi/txtai/venv/lib/python3.10/site-packages/airflow/example_dags/tutorial_objectstorage.py
[2025-11-14T11:07:35.389+0530] {processor.py:840} INFO - DAG(s) 'tutorial_objectstorage' retrieved from /home/logi/txtai/venv/lib/python3.10/site-packages/airflow/example_dags/tutorial_objectstorage.py
[2025-11-14T11:07:35.421+0530] {logging_mixin.py:188} INFO - [2025-11-14T11:07:35.421+0530] {dag.py:3089} INFO - Sync 1 DAGs
[2025-11-14T11:07:35.434+0530] {logging_mixin.py:188} INFO - [2025-11-14T11:07:35.434+0530] {dag.py:3947} INFO - Setting next_dagrun for tutorial_objectstorage to None, run_after=None
[2025-11-14T11:07:35.455+0530] {processor.py:183} INFO - Processing /home/logi/txtai/venv/lib/python3.10/site-packages/airflow/example_dags/tutorial_objectstorage.py took 0.095 seconds
[2025-11-14T11:08:05.725+0530] {processor.py:161} INFO - Started process (PID=13984) to work on /home/logi/txtai/venv/lib/python3.10/site-packages/airflow/example_dags/tutorial_objectstorage.py
[2025-11-14T11:08:05.735+0530] {processor.py:830} INFO - Processing file /home/logi/txtai/venv/lib/python3.10/site-packages/airflow/example_dags/tutorial_objectstorage.py for tasks to queue
[2025-11-14T11:08:05.738+0530] {logging_mixin.py:188} INFO - [2025-11-14T11:08:05.738+0530] {dagbag.py:545} INFO - Filling up the DagBag from /home/logi/txtai/venv/lib/python3.10/site-packages/airflow/example_dags/tutorial_objectstorage.py
[2025-11-14T11:08:05.749+0530] {processor.py:840} INFO - DAG(s) 'tutorial_objectstorage' retrieved from /home/logi/txtai/venv/lib/python3.10/site-packages/airflow/example_dags/tutorial_objectstorage.py
[2025-11-14T11:08:05.792+0530] {logging_mixin.py:188} INFO - [2025-11-14T11:08:05.792+0530] {dag.py:3089} INFO - Sync 1 DAGs
[2025-11-14T11:08:05.808+0530] {logging_mixin.py:188} INFO - [2025-11-14T11:08:05.808+0530] {dag.py:3947} INFO - Setting next_dagrun for tutorial_objectstorage to None, run_after=None
[2025-11-14T11:08:05.842+0530] {processor.py:183} INFO - Processing /home/logi/txtai/venv/lib/python3.10/site-packages/airflow/example_dags/tutorial_objectstorage.py took 0.126 seconds
[2025-11-14T11:08:36.411+0530] {processor.py:161} INFO - Started process (PID=14560) to work on /home/logi/txtai/venv/lib/python3.10/site-packages/airflow/example_dags/tutorial_objectstorage.py
[2025-11-14T11:08:36.425+0530] {processor.py:830} INFO - Processing file /home/logi/txtai/venv/lib/python3.10/site-packages/airflow/example_dags/tutorial_objectstorage.py for tasks to queue
[2025-11-14T11:08:36.429+0530] {logging_mixin.py:188} INFO - [2025-11-14T11:08:36.428+0530] {dagbag.py:545} INFO - Filling up the DagBag from /home/logi/txtai/venv/lib/python3.10/site-packages/airflow/example_dags/tutorial_objectstorage.py
[2025-11-14T11:08:36.436+0530] {processor.py:840} INFO - DAG(s) 'tutorial_objectstorage' retrieved from /home/logi/txtai/venv/lib/python3.10/site-packages/airflow/example_dags/tutorial_objectstorage.py
[2025-11-14T11:08:36.477+0530] {logging_mixin.py:188} INFO - [2025-11-14T11:08:36.477+0530] {dag.py:3089} INFO - Sync 1 DAGs
[2025-11-14T11:08:36.501+0530] {logging_mixin.py:188} INFO - [2025-11-14T11:08:36.500+0530] {dag.py:3947} INFO - Setting next_dagrun for tutorial_objectstorage to None, run_after=None
[2025-11-14T11:08:36.544+0530] {processor.py:183} INFO - Processing /home/logi/txtai/venv/lib/python3.10/site-packages/airflow/example_dags/tutorial_objectstorage.py took 0.142 seconds
[2025-11-14T11:09:07.093+0530] {processor.py:161} INFO - Started process (PID=14696) to work on /home/logi/txtai/venv/lib/python3.10/site-packages/airflow/example_dags/tutorial_objectstorage.py
[2025-11-14T11:09:07.096+0530] {processor.py:830} INFO - Processing file /home/logi/txtai/venv/lib/python3.10/site-packages/airflow/example_dags/tutorial_objectstorage.py for tasks to queue
[2025-11-14T11:09:07.099+0530] {logging_mixin.py:188} INFO - [2025-11-14T11:09:07.098+0530] {dagbag.py:545} INFO - Filling up the DagBag from /home/logi/txtai/venv/lib/python3.10/site-packages/airflow/example_dags/tutorial_objectstorage.py
[2025-11-14T11:09:07.112+0530] {processor.py:840} INFO - DAG(s) 'tutorial_objectstorage' retrieved from /home/logi/txtai/venv/lib/python3.10/site-packages/airflow/example_dags/tutorial_objectstorage.py
[2025-11-14T11:09:07.162+0530] {logging_mixin.py:188} INFO - [2025-11-14T11:09:07.161+0530] {dag.py:3089} INFO - Sync 1 DAGs
[2025-11-14T11:09:07.184+0530] {logging_mixin.py:188} INFO - [2025-11-14T11:09:07.183+0530] {dag.py:3947} INFO - Setting next_dagrun for tutorial_objectstorage to None, run_after=None
[2025-11-14T11:09:07.221+0530] {processor.py:183} INFO - Processing /home/logi/txtai/venv/lib/python3.10/site-packages/airflow/example_dags/tutorial_objectstorage.py took 0.136 seconds
[2025-11-14T11:09:37.283+0530] {processor.py:161} INFO - Started process (PID=14825) to work on /home/logi/txtai/venv/lib/python3.10/site-packages/airflow/example_dags/tutorial_objectstorage.py
[2025-11-14T11:09:37.296+0530] {processor.py:830} INFO - Processing file /home/logi/txtai/venv/lib/python3.10/site-packages/airflow/example_dags/tutorial_objectstorage.py for tasks to queue
[2025-11-14T11:09:37.299+0530] {logging_mixin.py:188} INFO - [2025-11-14T11:09:37.298+0530] {dagbag.py:545} INFO - Filling up the DagBag from /home/logi/txtai/venv/lib/python3.10/site-packages/airflow/example_dags/tutorial_objectstorage.py
[2025-11-14T11:09:37.311+0530] {processor.py:840} INFO - DAG(s) 'tutorial_objectstorage' retrieved from /home/logi/txtai/venv/lib/python3.10/site-packages/airflow/example_dags/tutorial_objectstorage.py
[2025-11-14T11:09:37.370+0530] {logging_mixin.py:188} INFO - [2025-11-14T11:09:37.369+0530] {dag.py:3089} INFO - Sync 1 DAGs
[2025-11-14T11:09:37.395+0530] {logging_mixin.py:188} INFO - [2025-11-14T11:09:37.395+0530] {dag.py:3947} INFO - Setting next_dagrun for tutorial_objectstorage to None, run_after=None
[2025-11-14T11:09:37.439+0530] {processor.py:183} INFO - Processing /home/logi/txtai/venv/lib/python3.10/site-packages/airflow/example_dags/tutorial_objectstorage.py took 0.169 seconds
[2025-11-14T11:10:07.797+0530] {processor.py:161} INFO - Started process (PID=14977) to work on /home/logi/txtai/venv/lib/python3.10/site-packages/airflow/example_dags/tutorial_objectstorage.py
[2025-11-14T11:10:07.799+0530] {processor.py:830} INFO - Processing file /home/logi/txtai/venv/lib/python3.10/site-packages/airflow/example_dags/tutorial_objectstorage.py for tasks to queue
[2025-11-14T11:10:07.802+0530] {logging_mixin.py:188} INFO - [2025-11-14T11:10:07.802+0530] {dagbag.py:545} INFO - Filling up the DagBag from /home/logi/txtai/venv/lib/python3.10/site-packages/airflow/example_dags/tutorial_objectstorage.py
[2025-11-14T11:10:07.815+0530] {processor.py:840} INFO - DAG(s) 'tutorial_objectstorage' retrieved from /home/logi/txtai/venv/lib/python3.10/site-packages/airflow/example_dags/tutorial_objectstorage.py
[2025-11-14T11:10:07.875+0530] {logging_mixin.py:188} INFO - [2025-11-14T11:10:07.875+0530] {dag.py:3089} INFO - Sync 1 DAGs
[2025-11-14T11:10:07.899+0530] {logging_mixin.py:188} INFO - [2025-11-14T11:10:07.898+0530] {dag.py:3947} INFO - Setting next_dagrun for tutorial_objectstorage to None, run_after=None
[2025-11-14T11:10:07.939+0530] {processor.py:183} INFO - Processing /home/logi/txtai/venv/lib/python3.10/site-packages/airflow/example_dags/tutorial_objectstorage.py took 0.154 seconds
[2025-11-14T11:10:38.617+0530] {processor.py:161} INFO - Started process (PID=15196) to work on /home/logi/txtai/venv/lib/python3.10/site-packages/airflow/example_dags/tutorial_objectstorage.py
[2025-11-14T11:10:38.620+0530] {processor.py:830} INFO - Processing file /home/logi/txtai/venv/lib/python3.10/site-packages/airflow/example_dags/tutorial_objectstorage.py for tasks to queue
[2025-11-14T11:10:38.623+0530] {logging_mixin.py:188} INFO - [2025-11-14T11:10:38.623+0530] {dagbag.py:545} INFO - Filling up the DagBag from /home/logi/txtai/venv/lib/python3.10/site-packages/airflow/example_dags/tutorial_objectstorage.py
[2025-11-14T11:10:38.638+0530] {processor.py:840} INFO - DAG(s) 'tutorial_objectstorage' retrieved from /home/logi/txtai/venv/lib/python3.10/site-packages/airflow/example_dags/tutorial_objectstorage.py
[2025-11-14T11:10:38.712+0530] {logging_mixin.py:188} INFO - [2025-11-14T11:10:38.711+0530] {dag.py:3089} INFO - Sync 1 DAGs
[2025-11-14T11:10:38.737+0530] {logging_mixin.py:188} INFO - [2025-11-14T11:10:38.736+0530] {dag.py:3947} INFO - Setting next_dagrun for tutorial_objectstorage to None, run_after=None
[2025-11-14T11:10:38.787+0530] {processor.py:183} INFO - Processing /home/logi/txtai/venv/lib/python3.10/site-packages/airflow/example_dags/tutorial_objectstorage.py took 0.185 seconds
[2025-11-14T11:11:09.379+0530] {processor.py:161} INFO - Started process (PID=15459) to work on /home/logi/txtai/venv/lib/python3.10/site-packages/airflow/example_dags/tutorial_objectstorage.py
[2025-11-14T11:11:09.381+0530] {processor.py:830} INFO - Processing file /home/logi/txtai/venv/lib/python3.10/site-packages/airflow/example_dags/tutorial_objectstorage.py for tasks to queue
[2025-11-14T11:11:09.384+0530] {logging_mixin.py:188} INFO - [2025-11-14T11:11:09.383+0530] {dagbag.py:545} INFO - Filling up the DagBag from /home/logi/txtai/venv/lib/python3.10/site-packages/airflow/example_dags/tutorial_objectstorage.py
[2025-11-14T11:11:09.397+0530] {processor.py:840} INFO - DAG(s) 'tutorial_objectstorage' retrieved from /home/logi/txtai/venv/lib/python3.10/site-packages/airflow/example_dags/tutorial_objectstorage.py
[2025-11-14T11:11:09.455+0530] {logging_mixin.py:188} INFO - [2025-11-14T11:11:09.455+0530] {dag.py:3089} INFO - Sync 1 DAGs
[2025-11-14T11:11:09.479+0530] {logging_mixin.py:188} INFO - [2025-11-14T11:11:09.479+0530] {dag.py:3947} INFO - Setting next_dagrun for tutorial_objectstorage to None, run_after=None
[2025-11-14T11:11:09.516+0530] {processor.py:183} INFO - Processing /home/logi/txtai/venv/lib/python3.10/site-packages/airflow/example_dags/tutorial_objectstorage.py took 0.149 seconds
[2025-11-14T11:11:39.824+0530] {processor.py:161} INFO - Started process (PID=15596) to work on /home/logi/txtai/venv/lib/python3.10/site-packages/airflow/example_dags/tutorial_objectstorage.py
[2025-11-14T11:11:39.840+0530] {processor.py:830} INFO - Processing file /home/logi/txtai/venv/lib/python3.10/site-packages/airflow/example_dags/tutorial_objectstorage.py for tasks to queue
[2025-11-14T11:11:39.847+0530] {logging_mixin.py:188} INFO - [2025-11-14T11:11:39.846+0530] {dagbag.py:545} INFO - Filling up the DagBag from /home/logi/txtai/venv/lib/python3.10/site-packages/airflow/example_dags/tutorial_objectstorage.py
[2025-11-14T11:11:39.868+0530] {processor.py:840} INFO - DAG(s) 'tutorial_objectstorage' retrieved from /home/logi/txtai/venv/lib/python3.10/site-packages/airflow/example_dags/tutorial_objectstorage.py
[2025-11-14T11:11:39.909+0530] {logging_mixin.py:188} INFO - [2025-11-14T11:11:39.908+0530] {dag.py:3089} INFO - Sync 1 DAGs
[2025-11-14T11:11:39.924+0530] {logging_mixin.py:188} INFO - [2025-11-14T11:11:39.924+0530] {dag.py:3947} INFO - Setting next_dagrun for tutorial_objectstorage to None, run_after=None
[2025-11-14T11:11:39.955+0530] {processor.py:183} INFO - Processing /home/logi/txtai/venv/lib/python3.10/site-packages/airflow/example_dags/tutorial_objectstorage.py took 0.160 seconds
[2025-11-14T11:12:10.721+0530] {processor.py:161} INFO - Started process (PID=15786) to work on /home/logi/txtai/venv/lib/python3.10/site-packages/airflow/example_dags/tutorial_objectstorage.py
[2025-11-14T11:12:10.735+0530] {processor.py:830} INFO - Processing file /home/logi/txtai/venv/lib/python3.10/site-packages/airflow/example_dags/tutorial_objectstorage.py for tasks to queue
[2025-11-14T11:12:10.740+0530] {logging_mixin.py:188} INFO - [2025-11-14T11:12:10.739+0530] {dagbag.py:545} INFO - Filling up the DagBag from /home/logi/txtai/venv/lib/python3.10/site-packages/airflow/example_dags/tutorial_objectstorage.py
[2025-11-14T11:12:10.757+0530] {processor.py:840} INFO - DAG(s) 'tutorial_objectstorage' retrieved from /home/logi/txtai/venv/lib/python3.10/site-packages/airflow/example_dags/tutorial_objectstorage.py
[2025-11-14T11:12:10.785+0530] {logging_mixin.py:188} INFO - [2025-11-14T11:12:10.785+0530] {dag.py:3089} INFO - Sync 1 DAGs
[2025-11-14T11:12:10.799+0530] {logging_mixin.py:188} INFO - [2025-11-14T11:12:10.799+0530] {dag.py:3947} INFO - Setting next_dagrun for tutorial_objectstorage to None, run_after=None
[2025-11-14T11:12:10.828+0530] {processor.py:183} INFO - Processing /home/logi/txtai/venv/lib/python3.10/site-packages/airflow/example_dags/tutorial_objectstorage.py took 0.121 seconds
[2025-11-14T11:12:41.124+0530] {processor.py:161} INFO - Started process (PID=15978) to work on /home/logi/txtai/venv/lib/python3.10/site-packages/airflow/example_dags/tutorial_objectstorage.py
[2025-11-14T11:12:41.127+0530] {processor.py:830} INFO - Processing file /home/logi/txtai/venv/lib/python3.10/site-packages/airflow/example_dags/tutorial_objectstorage.py for tasks to queue
[2025-11-14T11:12:41.130+0530] {logging_mixin.py:188} INFO - [2025-11-14T11:12:41.130+0530] {dagbag.py:545} INFO - Filling up the DagBag from /home/logi/txtai/venv/lib/python3.10/site-packages/airflow/example_dags/tutorial_objectstorage.py
[2025-11-14T11:12:41.145+0530] {processor.py:840} INFO - DAG(s) 'tutorial_objectstorage' retrieved from /home/logi/txtai/venv/lib/python3.10/site-packages/airflow/example_dags/tutorial_objectstorage.py
[2025-11-14T11:12:41.201+0530] {logging_mixin.py:188} INFO - [2025-11-14T11:12:41.201+0530] {dag.py:3089} INFO - Sync 1 DAGs
[2025-11-14T11:12:41.226+0530] {logging_mixin.py:188} INFO - [2025-11-14T11:12:41.226+0530] {dag.py:3947} INFO - Setting next_dagrun for tutorial_objectstorage to None, run_after=None
[2025-11-14T11:12:41.263+0530] {processor.py:183} INFO - Processing /home/logi/txtai/venv/lib/python3.10/site-packages/airflow/example_dags/tutorial_objectstorage.py took 0.151 seconds
[2025-11-14T11:13:11.577+0530] {processor.py:161} INFO - Started process (PID=16182) to work on /home/logi/txtai/venv/lib/python3.10/site-packages/airflow/example_dags/tutorial_objectstorage.py
[2025-11-14T11:13:11.590+0530] {processor.py:830} INFO - Processing file /home/logi/txtai/venv/lib/python3.10/site-packages/airflow/example_dags/tutorial_objectstorage.py for tasks to queue
[2025-11-14T11:13:11.593+0530] {logging_mixin.py:188} INFO - [2025-11-14T11:13:11.593+0530] {dagbag.py:545} INFO - Filling up the DagBag from /home/logi/txtai/venv/lib/python3.10/site-packages/airflow/example_dags/tutorial_objectstorage.py
[2025-11-14T11:13:11.607+0530] {processor.py:840} INFO - DAG(s) 'tutorial_objectstorage' retrieved from /home/logi/txtai/venv/lib/python3.10/site-packages/airflow/example_dags/tutorial_objectstorage.py
[2025-11-14T11:13:11.721+0530] {logging_mixin.py:188} INFO - [2025-11-14T11:13:11.719+0530] {dag.py:3089} INFO - Sync 1 DAGs
[2025-11-14T11:13:11.776+0530] {logging_mixin.py:188} INFO - [2025-11-14T11:13:11.776+0530] {dag.py:3947} INFO - Setting next_dagrun for tutorial_objectstorage to None, run_after=None
[2025-11-14T11:13:11.828+0530] {processor.py:183} INFO - Processing /home/logi/txtai/venv/lib/python3.10/site-packages/airflow/example_dags/tutorial_objectstorage.py took 0.258 seconds
[2025-11-14T11:13:41.924+0530] {processor.py:161} INFO - Started process (PID=16421) to work on /home/logi/txtai/venv/lib/python3.10/site-packages/airflow/example_dags/tutorial_objectstorage.py
[2025-11-14T11:13:41.939+0530] {processor.py:830} INFO - Processing file /home/logi/txtai/venv/lib/python3.10/site-packages/airflow/example_dags/tutorial_objectstorage.py for tasks to queue
[2025-11-14T11:13:41.945+0530] {logging_mixin.py:188} INFO - [2025-11-14T11:13:41.944+0530] {dagbag.py:545} INFO - Filling up the DagBag from /home/logi/txtai/venv/lib/python3.10/site-packages/airflow/example_dags/tutorial_objectstorage.py
[2025-11-14T11:13:41.967+0530] {processor.py:840} INFO - DAG(s) 'tutorial_objectstorage' retrieved from /home/logi/txtai/venv/lib/python3.10/site-packages/airflow/example_dags/tutorial_objectstorage.py
[2025-11-14T11:13:42.035+0530] {logging_mixin.py:188} INFO - [2025-11-14T11:13:42.035+0530] {dag.py:3089} INFO - Sync 1 DAGs
[2025-11-14T11:13:42.135+0530] {logging_mixin.py:188} INFO - [2025-11-14T11:13:42.132+0530] {dag.py:3947} INFO - Setting next_dagrun for tutorial_objectstorage to None, run_after=None
[2025-11-14T11:13:42.214+0530] {processor.py:183} INFO - Processing /home/logi/txtai/venv/lib/python3.10/site-packages/airflow/example_dags/tutorial_objectstorage.py took 0.306 seconds
