[2025-10-31T19:56:04.922+0530] {local_task_job_runner.py:120} INFO - ::group::Pre task execution logs
[2025-10-31T19:56:04.942+0530] {taskinstance.py:2076} INFO - Dependencies all met for dep_context=non-requeueable deps ti=<TaskInstance: esai_pipeline_dag.extract_data scheduled__2025-10-31T14:24:00+00:00 [queued]>
[2025-10-31T19:56:04.948+0530] {taskinstance.py:2076} INFO - Dependencies all met for dep_context=requeueable deps ti=<TaskInstance: esai_pipeline_dag.extract_data scheduled__2025-10-31T14:24:00+00:00 [queued]>
[2025-10-31T19:56:04.949+0530] {taskinstance.py:2306} INFO - Starting attempt 1 of 1
[2025-10-31T19:56:04.963+0530] {taskinstance.py:2330} INFO - Executing <Task(PythonOperator): extract_data> on 2025-10-31 14:24:00+00:00
[2025-10-31T19:56:04.973+0530] {standard_task_runner.py:64} INFO - Started process 13047 to run task
[2025-10-31T19:56:04.982+0530] {standard_task_runner.py:90} INFO - Running: ['airflow', 'tasks', 'run', 'esai_pipeline_dag', 'extract_data', 'scheduled__2025-10-31T14:24:00+00:00', '--job-id', '85', '--raw', '--subdir', 'DAGS_FOLDER/esai_dag.py', '--cfg-path', '/tmp/tmpomaq_xis']
[2025-10-31T19:56:04.983+0530] {standard_task_runner.py:91} INFO - Job 85: Subtask extract_data
[2025-10-31T19:56:05.054+0530] {task_command.py:426} INFO - Running <TaskInstance: esai_pipeline_dag.extract_data scheduled__2025-10-31T14:24:00+00:00 [running]> on host logi-Inspiron-15-3525
[2025-10-31T19:56:05.428+0530] {taskinstance.py:2648} INFO - Exporting env vars: AIRFLOW_CTX_DAG_OWNER='logi' AIRFLOW_CTX_DAG_ID='esai_pipeline_dag' AIRFLOW_CTX_TASK_ID='extract_data' AIRFLOW_CTX_EXECUTION_DATE='2025-10-31T14:24:00+00:00' AIRFLOW_CTX_TRY_NUMBER='1' AIRFLOW_CTX_DAG_RUN_ID='scheduled__2025-10-31T14:24:00+00:00'
[2025-10-31T19:56:05.429+0530] {taskinstance.py:430} INFO - ::endgroup::
[2025-10-31T19:56:05.433+0530] {database.py:30} INFO - Attempting to connect to PostgreSQL at: localhost:5432/paper_curator
[2025-10-31T19:56:05.458+0530] {logging_mixin.py:188} INFO - 2025-10-31 19:56:05,458 INFO sqlalchemy.engine.Engine select pg_catalog.version()
[2025-10-31T19:56:05.458+0530] {base.py:1863} INFO - select pg_catalog.version()
[2025-10-31T19:56:05.459+0530] {logging_mixin.py:188} INFO - 2025-10-31 19:56:05,459 INFO sqlalchemy.engine.Engine [raw sql] {}
[2025-10-31T19:56:05.459+0530] {base.py:1868} INFO - [raw sql] {}
[2025-10-31T19:56:05.460+0530] {logging_mixin.py:188} INFO - 2025-10-31 19:56:05,460 INFO sqlalchemy.engine.Engine select current_schema()
[2025-10-31T19:56:05.460+0530] {base.py:1863} INFO - select current_schema()
[2025-10-31T19:56:05.460+0530] {logging_mixin.py:188} INFO - 2025-10-31 19:56:05,460 INFO sqlalchemy.engine.Engine [raw sql] {}
[2025-10-31T19:56:05.460+0530] {base.py:1868} INFO - [raw sql] {}
[2025-10-31T19:56:05.461+0530] {logging_mixin.py:188} INFO - 2025-10-31 19:56:05,461 INFO sqlalchemy.engine.Engine show standard_conforming_strings
[2025-10-31T19:56:05.461+0530] {base.py:1863} INFO - show standard_conforming_strings
[2025-10-31T19:56:05.461+0530] {logging_mixin.py:188} INFO - 2025-10-31 19:56:05,461 INFO sqlalchemy.engine.Engine [raw sql] {}
[2025-10-31T19:56:05.461+0530] {base.py:1868} INFO - [raw sql] {}
[2025-10-31T19:56:05.463+0530] {logging_mixin.py:188} INFO - 2025-10-31 19:56:05,463 INFO sqlalchemy.engine.Engine SELECT 1
[2025-10-31T19:56:05.463+0530] {base.py:1863} INFO - SELECT 1
[2025-10-31T19:56:05.463+0530] {logging_mixin.py:188} INFO - 2025-10-31 19:56:05,463 INFO sqlalchemy.engine.Engine [generated in 0.00078s] {}
[2025-10-31T19:56:05.463+0530] {base.py:1868} INFO - [generated in 0.00078s] {}
[2025-10-31T19:56:05.465+0530] {database.py:48} INFO - Database connection test successful
[2025-10-31T19:56:05.467+0530] {logging_mixin.py:188} INFO - 2025-10-31 19:56:05,467 INFO sqlalchemy.engine.Engine SELECT c.relname FROM pg_class c JOIN pg_namespace n ON n.oid = c.relnamespace WHERE n.nspname = %(schema)s AND c.relkind in ('r', 'p')
[2025-10-31T19:56:05.467+0530] {base.py:1863} INFO - SELECT c.relname FROM pg_class c JOIN pg_namespace n ON n.oid = c.relnamespace WHERE n.nspname = %(schema)s AND c.relkind in ('r', 'p')
[2025-10-31T19:56:05.467+0530] {logging_mixin.py:188} INFO - 2025-10-31 19:56:05,467 INFO sqlalchemy.engine.Engine [generated in 0.00039s] {'schema': 'public'}
[2025-10-31T19:56:05.467+0530] {base.py:1868} INFO - [generated in 0.00039s] {'schema': 'public'}
[2025-10-31T19:56:05.470+0530] {logging_mixin.py:188} INFO - 2025-10-31 19:56:05,469 INFO sqlalchemy.engine.Engine BEGIN (implicit)
[2025-10-31T19:56:05.469+0530] {base.py:1032} INFO - BEGIN (implicit)
[2025-10-31T19:56:05.471+0530] {logging_mixin.py:188} INFO - 2025-10-31 19:56:05,471 INFO sqlalchemy.engine.Engine COMMIT
[2025-10-31T19:56:05.471+0530] {base.py:1092} INFO - COMMIT
[2025-10-31T19:56:05.472+0530] {database.py:64} INFO - All tables already exist - no new tables created
[2025-10-31T19:56:05.472+0530] {database.py:66} INFO - PostgreSQL database initialized successfully
[2025-10-31T19:56:05.473+0530] {database.py:68} INFO - Database: paper_curator
[2025-10-31T19:56:05.473+0530] {database.py:69} INFO - Total tables: students
[2025-10-31T19:56:05.473+0530] {database.py:70} INFO - Database connection established
[2025-10-31T19:56:05.473+0530] {logging_mixin.py:188} INFO - Database connection successful
[2025-10-31T19:56:05.473+0530] {dbextractor.py:13} INFO - DBExtractor initialized with a valid database connection.
[2025-10-31T19:56:05.474+0530] {logging_mixin.py:188} INFO - 2025-10-31 19:56:05,474 INFO sqlalchemy.engine.Engine BEGIN (implicit)
[2025-10-31T19:56:05.474+0530] {base.py:1032} INFO - BEGIN (implicit)
[2025-10-31T19:56:05.475+0530] {logging_mixin.py:188} INFO - 2025-10-31 19:56:05,475 INFO sqlalchemy.engine.Engine SELECT * FROM students
[2025-10-31T19:56:05.475+0530] {base.py:1863} INFO - SELECT * FROM students
[2025-10-31T19:56:05.475+0530] {logging_mixin.py:188} INFO - 2025-10-31 19:56:05,475 INFO sqlalchemy.engine.Engine [generated in 0.00024s] {}
[2025-10-31T19:56:05.475+0530] {base.py:1868} INFO - [generated in 0.00024s] {}
[2025-10-31T19:56:05.477+0530] {logging_mixin.py:188} INFO - 2025-10-31 19:56:05,477 INFO sqlalchemy.engine.Engine ROLLBACK
[2025-10-31T19:56:05.477+0530] {base.py:1060} INFO - ROLLBACK
[2025-10-31T19:56:05.478+0530] {dbextractor.py:30} INFO - Extracted 4 rows from 'students'.
[2025-10-31T19:56:05.482+0530] {dbextractor.py:35} INFO - Data exported to CSV: students_export.csv
[2025-10-31T19:56:05.491+0530] {python.py:237} INFO - Done. Returned value was: None
[2025-10-31T19:56:05.492+0530] {taskinstance.py:441} INFO - ::group::Post task execution logs
[2025-10-31T19:56:05.496+0530] {taskinstance.py:1206} INFO - Marking task as SUCCESS. dag_id=esai_pipeline_dag, task_id=extract_data, run_id=scheduled__2025-10-31T14:24:00+00:00, execution_date=20251031T142400, start_date=20251031T142604, end_date=20251031T142605
[2025-10-31T19:56:05.552+0530] {local_task_job_runner.py:243} INFO - Task exited with return code 0
[2025-10-31T19:56:05.585+0530] {taskinstance.py:3503} INFO - 1 downstream tasks scheduled from follow-on schedule check
[2025-10-31T19:56:05.589+0530] {local_task_job_runner.py:222} INFO - ::endgroup::
