[2025-11-12T12:41:34.794+0530] {local_task_job_runner.py:120} INFO - ::group::Pre task execution logs
[2025-11-12T12:41:34.806+0530] {taskinstance.py:2076} INFO - Dependencies all met for dep_context=non-requeueable deps ti=<TaskInstance: structured_data_pipeline.load_users scheduled__2025-11-12T06:58:00+00:00 [queued]>
[2025-11-12T12:41:34.811+0530] {taskinstance.py:2076} INFO - Dependencies all met for dep_context=requeueable deps ti=<TaskInstance: structured_data_pipeline.load_users scheduled__2025-11-12T06:58:00+00:00 [queued]>
[2025-11-12T12:41:34.811+0530] {taskinstance.py:2306} INFO - Starting attempt 1 of 3
[2025-11-12T12:41:34.822+0530] {taskinstance.py:2330} INFO - Executing <Task(PythonOperator): load_users> on 2025-11-12 06:58:00+00:00
[2025-11-12T12:41:34.828+0530] {standard_task_runner.py:64} INFO - Started process 17928 to run task
[2025-11-12T12:41:34.832+0530] {standard_task_runner.py:90} INFO - Running: ['airflow', 'tasks', 'run', 'structured_data_pipeline', 'load_users', 'scheduled__2025-11-12T06:58:00+00:00', '--job-id', '156', '--raw', '--subdir', 'DAGS_FOLDER/dag.py', '--cfg-path', '/tmp/tmp0_4tmusg']
[2025-11-12T12:41:34.832+0530] {standard_task_runner.py:91} INFO - Job 156: Subtask load_users
[2025-11-12T12:41:34.868+0530] {task_command.py:426} INFO - Running <TaskInstance: structured_data_pipeline.load_users scheduled__2025-11-12T06:58:00+00:00 [running]> on host logi-Inspiron-15-3525
[2025-11-12T12:41:34.921+0530] {taskinstance.py:2648} INFO - Exporting env vars: AIRFLOW_CTX_DAG_OWNER='data_engineering' AIRFLOW_CTX_DAG_ID='structured_data_pipeline' AIRFLOW_CTX_TASK_ID='load_users' AIRFLOW_CTX_EXECUTION_DATE='2025-11-12T06:58:00+00:00' AIRFLOW_CTX_TRY_NUMBER='1' AIRFLOW_CTX_DAG_RUN_ID='scheduled__2025-11-12T06:58:00+00:00'
[2025-11-12T12:41:34.922+0530] {taskinstance.py:430} INFO - ::endgroup::
[2025-11-12T12:41:34.922+0530] {tasks.py:361} ERROR - Error loading to elasticsearch: string indices must be integers
[2025-11-12T12:41:34.923+0530] {taskinstance.py:441} INFO - ::group::Post task execution logs
[2025-11-12T12:41:34.923+0530] {taskinstance.py:2905} ERROR - Task failed with exception
Traceback (most recent call last):
  File "/home/logi/txtai/venv/lib/python3.10/site-packages/airflow/models/taskinstance.py", line 465, in _execute_task
    result = _execute_callable(context=context, **execute_callable_kwargs)
  File "/home/logi/txtai/venv/lib/python3.10/site-packages/airflow/models/taskinstance.py", line 432, in _execute_callable
    return execute_callable(context=context, **execute_callable_kwargs)
  File "/home/logi/txtai/venv/lib/python3.10/site-packages/airflow/models/baseoperator.py", line 401, in wrapper
    return func(self, *args, **kwargs)
  File "/home/logi/txtai/venv/lib/python3.10/site-packages/airflow/operators/python.py", line 235, in execute
    return_value = self.execute_callable()
  File "/home/logi/txtai/venv/lib/python3.10/site-packages/airflow/operators/python.py", line 252, in execute_callable
    return self.python_callable(*self.op_args, **self.op_kwargs)
  File "/home/logi/txtai/etl_pipeline/dags/tasks.py", line 304, in load_to_elasticsearch
    table_name = transformation_result['table_name']
TypeError: string indices must be integers
[2025-11-12T12:41:34.926+0530] {taskinstance.py:1206} INFO - Marking task as UP_FOR_RETRY. dag_id=structured_data_pipeline, task_id=load_users, run_id=scheduled__2025-11-12T06:58:00+00:00, execution_date=20251112T065800, start_date=20251112T071134, end_date=20251112T071134
[2025-11-12T12:41:34.935+0530] {standard_task_runner.py:110} ERROR - Failed to execute job 156 for task load_users (string indices must be integers; 17928)
[2025-11-12T12:41:34.963+0530] {local_task_job_runner.py:243} INFO - Task exited with return code 1
[2025-11-12T12:41:35.001+0530] {taskinstance.py:3503} INFO - 0 downstream tasks scheduled from follow-on schedule check
[2025-11-12T12:41:35.003+0530] {local_task_job_runner.py:222} INFO - ::endgroup::
