[2025-10-31T20:08:04.428+0530] {local_task_job_runner.py:120} INFO - ::group::Pre task execution logs
[2025-10-31T20:08:04.448+0530] {taskinstance.py:2076} INFO - Dependencies all met for dep_context=non-requeueable deps ti=<TaskInstance: esai_pipeline_dag.extract_data scheduled__2025-10-31T14:36:00+00:00 [queued]>
[2025-10-31T20:08:04.453+0530] {taskinstance.py:2076} INFO - Dependencies all met for dep_context=requeueable deps ti=<TaskInstance: esai_pipeline_dag.extract_data scheduled__2025-10-31T14:36:00+00:00 [queued]>
[2025-10-31T20:08:04.453+0530] {taskinstance.py:2306} INFO - Starting attempt 1 of 1
[2025-10-31T20:08:04.470+0530] {taskinstance.py:2330} INFO - Executing <Task(PythonOperator): extract_data> on 2025-10-31 14:36:00+00:00
[2025-10-31T20:08:04.479+0530] {standard_task_runner.py:64} INFO - Started process 15578 to run task
[2025-10-31T20:08:04.483+0530] {standard_task_runner.py:90} INFO - Running: ['airflow', 'tasks', 'run', 'esai_pipeline_dag', 'extract_data', 'scheduled__2025-10-31T14:36:00+00:00', '--job-id', '103', '--raw', '--subdir', 'DAGS_FOLDER/esai_dag.py', '--cfg-path', '/tmp/tmpwjsvqi9j']
[2025-10-31T20:08:04.484+0530] {standard_task_runner.py:91} INFO - Job 103: Subtask extract_data
[2025-10-31T20:08:04.534+0530] {task_command.py:426} INFO - Running <TaskInstance: esai_pipeline_dag.extract_data scheduled__2025-10-31T14:36:00+00:00 [running]> on host logi-Inspiron-15-3525
[2025-10-31T20:08:04.810+0530] {taskinstance.py:2648} INFO - Exporting env vars: AIRFLOW_CTX_DAG_OWNER='logi' AIRFLOW_CTX_DAG_ID='esai_pipeline_dag' AIRFLOW_CTX_TASK_ID='extract_data' AIRFLOW_CTX_EXECUTION_DATE='2025-10-31T14:36:00+00:00' AIRFLOW_CTX_TRY_NUMBER='1' AIRFLOW_CTX_DAG_RUN_ID='scheduled__2025-10-31T14:36:00+00:00'
[2025-10-31T20:08:04.811+0530] {taskinstance.py:430} INFO - ::endgroup::
[2025-10-31T20:08:04.812+0530] {database.py:30} INFO - Attempting to connect to PostgreSQL at: localhost:5432/paper_curator
[2025-10-31T20:08:04.839+0530] {logging_mixin.py:188} INFO - 2025-10-31 20:08:04,839 INFO sqlalchemy.engine.Engine select pg_catalog.version()
[2025-10-31T20:08:04.839+0530] {base.py:1863} INFO - select pg_catalog.version()
[2025-10-31T20:08:04.840+0530] {logging_mixin.py:188} INFO - 2025-10-31 20:08:04,840 INFO sqlalchemy.engine.Engine [raw sql] {}
[2025-10-31T20:08:04.840+0530] {base.py:1868} INFO - [raw sql] {}
[2025-10-31T20:08:04.841+0530] {logging_mixin.py:188} INFO - 2025-10-31 20:08:04,841 INFO sqlalchemy.engine.Engine select current_schema()
[2025-10-31T20:08:04.841+0530] {base.py:1863} INFO - select current_schema()
[2025-10-31T20:08:04.841+0530] {logging_mixin.py:188} INFO - 2025-10-31 20:08:04,841 INFO sqlalchemy.engine.Engine [raw sql] {}
[2025-10-31T20:08:04.841+0530] {base.py:1868} INFO - [raw sql] {}
[2025-10-31T20:08:04.842+0530] {logging_mixin.py:188} INFO - 2025-10-31 20:08:04,842 INFO sqlalchemy.engine.Engine show standard_conforming_strings
[2025-10-31T20:08:04.842+0530] {base.py:1863} INFO - show standard_conforming_strings
[2025-10-31T20:08:04.842+0530] {logging_mixin.py:188} INFO - 2025-10-31 20:08:04,842 INFO sqlalchemy.engine.Engine [raw sql] {}
[2025-10-31T20:08:04.842+0530] {base.py:1868} INFO - [raw sql] {}
[2025-10-31T20:08:04.843+0530] {logging_mixin.py:188} INFO - 2025-10-31 20:08:04,843 INFO sqlalchemy.engine.Engine SELECT 1
[2025-10-31T20:08:04.843+0530] {base.py:1863} INFO - SELECT 1
[2025-10-31T20:08:04.843+0530] {logging_mixin.py:188} INFO - 2025-10-31 20:08:04,843 INFO sqlalchemy.engine.Engine [generated in 0.00035s] {}
[2025-10-31T20:08:04.843+0530] {base.py:1868} INFO - [generated in 0.00035s] {}
[2025-10-31T20:08:04.844+0530] {database.py:48} INFO - Database connection test successful
[2025-10-31T20:08:04.845+0530] {logging_mixin.py:188} INFO - 2025-10-31 20:08:04,845 INFO sqlalchemy.engine.Engine SELECT c.relname FROM pg_class c JOIN pg_namespace n ON n.oid = c.relnamespace WHERE n.nspname = %(schema)s AND c.relkind in ('r', 'p')
[2025-10-31T20:08:04.845+0530] {base.py:1863} INFO - SELECT c.relname FROM pg_class c JOIN pg_namespace n ON n.oid = c.relnamespace WHERE n.nspname = %(schema)s AND c.relkind in ('r', 'p')
[2025-10-31T20:08:04.846+0530] {logging_mixin.py:188} INFO - 2025-10-31 20:08:04,846 INFO sqlalchemy.engine.Engine [generated in 0.00041s] {'schema': 'public'}
[2025-10-31T20:08:04.846+0530] {base.py:1868} INFO - [generated in 0.00041s] {'schema': 'public'}
[2025-10-31T20:08:04.848+0530] {logging_mixin.py:188} INFO - 2025-10-31 20:08:04,848 INFO sqlalchemy.engine.Engine BEGIN (implicit)
[2025-10-31T20:08:04.848+0530] {base.py:1032} INFO - BEGIN (implicit)
[2025-10-31T20:08:04.849+0530] {logging_mixin.py:188} INFO - 2025-10-31 20:08:04,849 INFO sqlalchemy.engine.Engine COMMIT
[2025-10-31T20:08:04.849+0530] {base.py:1092} INFO - COMMIT
[2025-10-31T20:08:04.850+0530] {database.py:64} INFO - All tables already exist - no new tables created
[2025-10-31T20:08:04.850+0530] {database.py:66} INFO - PostgreSQL database initialized successfully
[2025-10-31T20:08:04.850+0530] {database.py:68} INFO - Database: paper_curator
[2025-10-31T20:08:04.850+0530] {database.py:69} INFO - Total tables: students
[2025-10-31T20:08:04.851+0530] {database.py:70} INFO - Database connection established
[2025-10-31T20:08:04.851+0530] {logging_mixin.py:188} INFO - Database connection successful
[2025-10-31T20:08:04.851+0530] {dbextractor.py:13} INFO - DBExtractor initialized with a valid database connection.
[2025-10-31T20:08:04.852+0530] {logging_mixin.py:188} INFO - 2025-10-31 20:08:04,852 INFO sqlalchemy.engine.Engine BEGIN (implicit)
[2025-10-31T20:08:04.852+0530] {base.py:1032} INFO - BEGIN (implicit)
[2025-10-31T20:08:04.853+0530] {logging_mixin.py:188} INFO - 2025-10-31 20:08:04,853 INFO sqlalchemy.engine.Engine SELECT * FROM students
[2025-10-31T20:08:04.853+0530] {base.py:1863} INFO - SELECT * FROM students
[2025-10-31T20:08:04.854+0530] {logging_mixin.py:188} INFO - 2025-10-31 20:08:04,854 INFO sqlalchemy.engine.Engine [generated in 0.00079s] {}
[2025-10-31T20:08:04.854+0530] {base.py:1868} INFO - [generated in 0.00079s] {}
[2025-10-31T20:08:04.861+0530] {logging_mixin.py:188} INFO - 2025-10-31 20:08:04,860 INFO sqlalchemy.engine.Engine ROLLBACK
[2025-10-31T20:08:04.860+0530] {base.py:1060} INFO - ROLLBACK
[2025-10-31T20:08:04.862+0530] {dbextractor.py:30} INFO - Extracted 5 rows from 'students'.
[2025-10-31T20:08:04.865+0530] {dbextractor.py:35} INFO - Data exported to CSV: students_export.csv
[2025-10-31T20:08:04.873+0530] {python.py:237} INFO - Done. Returned value was: None
[2025-10-31T20:08:04.874+0530] {taskinstance.py:441} INFO - ::group::Post task execution logs
[2025-10-31T20:08:04.879+0530] {taskinstance.py:1206} INFO - Marking task as SUCCESS. dag_id=esai_pipeline_dag, task_id=extract_data, run_id=scheduled__2025-10-31T14:36:00+00:00, execution_date=20251031T143600, start_date=20251031T143804, end_date=20251031T143804
[2025-10-31T20:08:04.936+0530] {local_task_job_runner.py:243} INFO - Task exited with return code 0
[2025-10-31T20:08:04.952+0530] {taskinstance.py:3503} INFO - 1 downstream tasks scheduled from follow-on schedule check
[2025-10-31T20:08:04.956+0530] {local_task_job_runner.py:222} INFO - ::endgroup::
