[2025-11-12T08:49:32.441+0530] {local_task_job_runner.py:120} INFO - ::group::Pre task execution logs
[2025-11-12T08:49:32.453+0530] {taskinstance.py:2076} INFO - Dependencies all met for dep_context=non-requeueable deps ti=<TaskInstance: structured_data_pipeline.extract_orders scheduled__2025-11-12T03:12:00+00:00 [queued]>
[2025-11-12T08:49:32.458+0530] {taskinstance.py:2076} INFO - Dependencies all met for dep_context=requeueable deps ti=<TaskInstance: structured_data_pipeline.extract_orders scheduled__2025-11-12T03:12:00+00:00 [queued]>
[2025-11-12T08:49:32.458+0530] {taskinstance.py:2306} INFO - Starting attempt 2 of 3
[2025-11-12T08:49:32.468+0530] {taskinstance.py:2330} INFO - Executing <Task(PythonOperator): extract_orders> on 2025-11-12 03:12:00+00:00
[2025-11-12T08:49:32.474+0530] {standard_task_runner.py:64} INFO - Started process 22049 to run task
[2025-11-12T08:49:32.479+0530] {standard_task_runner.py:90} INFO - Running: ['airflow', 'tasks', 'run', 'structured_data_pipeline', 'extract_orders', 'scheduled__2025-11-12T03:12:00+00:00', '--job-id', '87', '--raw', '--subdir', 'DAGS_FOLDER/dag.py', '--cfg-path', '/tmp/tmpuwabj4i8']
[2025-11-12T08:49:32.479+0530] {standard_task_runner.py:91} INFO - Job 87: Subtask extract_orders
[2025-11-12T08:49:32.520+0530] {task_command.py:426} INFO - Running <TaskInstance: structured_data_pipeline.extract_orders scheduled__2025-11-12T03:12:00+00:00 [running]> on host logi-Inspiron-15-3525
[2025-11-12T08:49:32.569+0530] {taskinstance.py:2648} INFO - Exporting env vars: AIRFLOW_CTX_DAG_OWNER='data_engineering' AIRFLOW_CTX_DAG_ID='structured_data_pipeline' AIRFLOW_CTX_TASK_ID='extract_orders' AIRFLOW_CTX_EXECUTION_DATE='2025-11-12T03:12:00+00:00' AIRFLOW_CTX_TRY_NUMBER='2' AIRFLOW_CTX_DAG_RUN_ID='scheduled__2025-11-12T03:12:00+00:00'
[2025-11-12T08:49:32.569+0530] {taskinstance.py:430} INFO - ::endgroup::
[2025-11-12T08:49:32.570+0530] {tasks.py:126} INFO - Extracting data from table: orders
[2025-11-12T08:49:32.573+0530] {tasks.py:191} ERROR - Error extracting data: PostgresSQL connector not found: postgres_source
[2025-11-12T08:49:32.574+0530] {taskinstance.py:441} INFO - ::group::Post task execution logs
[2025-11-12T08:49:32.574+0530] {taskinstance.py:2905} ERROR - Task failed with exception
Traceback (most recent call last):
  File "/home/logi/txtai/venv/lib/python3.10/site-packages/airflow/models/taskinstance.py", line 465, in _execute_task
    result = _execute_callable(context=context, **execute_callable_kwargs)
  File "/home/logi/txtai/venv/lib/python3.10/site-packages/airflow/models/taskinstance.py", line 432, in _execute_callable
    return execute_callable(context=context, **execute_callable_kwargs)
  File "/home/logi/txtai/venv/lib/python3.10/site-packages/airflow/models/baseoperator.py", line 401, in wrapper
    return func(self, *args, **kwargs)
  File "/home/logi/txtai/venv/lib/python3.10/site-packages/airflow/operators/python.py", line 235, in execute
    return_value = self.execute_callable()
  File "/home/logi/txtai/venv/lib/python3.10/site-packages/airflow/operators/python.py", line 252, in execute_callable
    return self.python_callable(*self.op_args, **self.op_kwargs)
  File "/home/logi/txtai/etl_pipeline/dags/tasks.py", line 137, in extract_table_data
    raise ValueError(f"PostgresSQL connector not found: {postgres_conn_id}")
ValueError: PostgresSQL connector not found: postgres_source
[2025-11-12T08:49:32.577+0530] {taskinstance.py:1206} INFO - Marking task as UP_FOR_RETRY. dag_id=structured_data_pipeline, task_id=extract_orders, run_id=scheduled__2025-11-12T03:12:00+00:00, execution_date=20251112T031200, start_date=20251112T031932, end_date=20251112T031932
[2025-11-12T08:49:32.584+0530] {standard_task_runner.py:110} ERROR - Failed to execute job 87 for task extract_orders (PostgresSQL connector not found: postgres_source; 22049)
[2025-11-12T08:49:32.610+0530] {local_task_job_runner.py:243} INFO - Task exited with return code 1
[2025-11-12T08:49:32.645+0530] {taskinstance.py:3503} INFO - 0 downstream tasks scheduled from follow-on schedule check
[2025-11-12T08:49:32.646+0530] {local_task_job_runner.py:222} INFO - ::endgroup::
