[2025-11-12T23:51:31.825+0530] {local_task_job_runner.py:120} INFO - ::group::Pre task execution logs
[2025-11-12T23:51:31.838+0530] {taskinstance.py:2076} INFO - Dependencies all met for dep_context=non-requeueable deps ti=<TaskInstance: structured_data_pipeline.load_orders scheduled__2025-11-12T18:20:00+00:00 [queued]>
[2025-11-12T23:51:31.843+0530] {taskinstance.py:2076} INFO - Dependencies all met for dep_context=requeueable deps ti=<TaskInstance: structured_data_pipeline.load_orders scheduled__2025-11-12T18:20:00+00:00 [queued]>
[2025-11-12T23:51:31.844+0530] {taskinstance.py:2306} INFO - Starting attempt 1 of 1
[2025-11-12T23:51:31.855+0530] {taskinstance.py:2330} INFO - Executing <Task(PythonOperator): load_orders> on 2025-11-12 18:20:00+00:00
[2025-11-12T23:51:31.862+0530] {standard_task_runner.py:64} INFO - Started process 43272 to run task
[2025-11-12T23:51:31.865+0530] {standard_task_runner.py:90} INFO - Running: ['airflow', 'tasks', 'run', 'structured_data_pipeline', 'load_orders', 'scheduled__2025-11-12T18:20:00+00:00', '--job-id', '317', '--raw', '--subdir', 'DAGS_FOLDER/dag.py', '--cfg-path', '/tmp/tmp1ztxrotg']
[2025-11-12T23:51:31.866+0530] {standard_task_runner.py:91} INFO - Job 317: Subtask load_orders
[2025-11-12T23:51:31.906+0530] {task_command.py:426} INFO - Running <TaskInstance: structured_data_pipeline.load_orders scheduled__2025-11-12T18:20:00+00:00 [running]> on host logi-Inspiron-15-3525
[2025-11-12T23:51:31.965+0530] {taskinstance.py:2648} INFO - Exporting env vars: AIRFLOW_CTX_DAG_OWNER='data_engineering' AIRFLOW_CTX_DAG_ID='structured_data_pipeline' AIRFLOW_CTX_TASK_ID='load_orders' AIRFLOW_CTX_EXECUTION_DATE='2025-11-12T18:20:00+00:00' AIRFLOW_CTX_TRY_NUMBER='1' AIRFLOW_CTX_DAG_RUN_ID='scheduled__2025-11-12T18:20:00+00:00'
[2025-11-12T23:51:31.966+0530] {taskinstance.py:430} INFO - ::endgroup::
[2025-11-12T23:51:31.967+0530] {tasks.py:315} INFO - Loading data to elasticsearch for table: orders
[2025-11-12T23:51:31.972+0530] {tasks.py:341} INFO - using elasticsearch connector: elasticsearch_target, found: False
[2025-11-12T23:51:31.972+0530] {tasks.py:343} WARNING - elasticsearch connector not found in ConnectionManager, recreating...
[2025-11-12T23:51:31.973+0530] {tasks.py:80} INFO - Creating Elasticsearch connector
[2025-11-12T23:51:31.973+0530] {factory.py:68} INFO - Created elasticsearch connector
[2025-11-12T23:51:31.978+0530] {_transport.py:349} INFO - HEAD http://localhost:9200/ [status:200 duration:0.003s]
[2025-11-12T23:51:31.978+0530] {elasticsearch.py:83} INFO - Elasticsearch connection established successfully
[2025-11-12T23:51:31.981+0530] {_transport.py:349} INFO - GET http://localhost:9200/ [status:200 duration:0.002s]
[2025-11-12T23:51:31.981+0530] {elasticsearch.py:140} INFO - Elasticsearch connection test successful: 8.14.0
[2025-11-12T23:51:31.981+0530] {tasks.py:103} INFO - Elasticsearch connector created and registered: elasticsearch_target
[2025-11-12T23:51:31.991+0530] {_transport.py:349} INFO - HEAD http://localhost:9200/etl_orders [status:200 duration:0.003s]
[2025-11-12T23:51:31.992+0530] {factory.py:64} INFO - Created elasticsearch loader
[2025-11-12T23:51:32.005+0530] {_transport.py:349} INFO - PUT http://localhost:9200/_bulk [status:200 duration:0.013s]
[2025-11-12T23:51:32.006+0530] {elasticsearch_loader.py:136} INFO - Bulk load completed: 3 successful, 0 failed
[2025-11-12T23:51:32.006+0530] {tasks.py:373} INFO - Successfully loaded 3 documents to etl_orders
[2025-11-12T23:51:32.006+0530] {python.py:237} INFO - Done. Returned value was: True
[2025-11-12T23:51:32.008+0530] {taskinstance.py:441} INFO - ::group::Post task execution logs
[2025-11-12T23:51:32.018+0530] {taskinstance.py:1206} INFO - Marking task as SUCCESS. dag_id=structured_data_pipeline, task_id=load_orders, run_id=scheduled__2025-11-12T18:20:00+00:00, execution_date=20251112T182000, start_date=20251112T182131, end_date=20251112T182132
[2025-11-12T23:51:32.077+0530] {local_task_job_runner.py:243} INFO - Task exited with return code 0
[2025-11-12T23:51:32.108+0530] {taskinstance.py:3503} INFO - 0 downstream tasks scheduled from follow-on schedule check
[2025-11-12T23:51:32.109+0530] {local_task_job_runner.py:222} INFO - ::endgroup::
