[2025-11-13T23:51:37.814+0530] {local_task_job_runner.py:120} INFO - ::group::Pre task execution logs
[2025-11-13T23:51:37.870+0530] {taskinstance.py:2076} INFO - Dependencies all met for dep_context=non-requeueable deps ti=<TaskInstance: structured_data_pipeline.create_elasticsearch_connector scheduled__2025-11-13T18:20:00+00:00 [queued]>
[2025-11-13T23:51:37.887+0530] {taskinstance.py:2076} INFO - Dependencies all met for dep_context=requeueable deps ti=<TaskInstance: structured_data_pipeline.create_elasticsearch_connector scheduled__2025-11-13T18:20:00+00:00 [queued]>
[2025-11-13T23:51:37.887+0530] {taskinstance.py:2306} INFO - Starting attempt 1 of 1
[2025-11-13T23:51:37.920+0530] {taskinstance.py:2330} INFO - Executing <Task(PythonOperator): create_elasticsearch_connector> on 2025-11-13 18:20:00+00:00
[2025-11-13T23:51:37.933+0530] {standard_task_runner.py:64} INFO - Started process 28961 to run task
[2025-11-13T23:51:37.937+0530] {standard_task_runner.py:90} INFO - Running: ['airflow', 'tasks', 'run', 'structured_data_pipeline', 'create_elasticsearch_connector', 'scheduled__2025-11-13T18:20:00+00:00', '--job-id', '509', '--raw', '--subdir', 'DAGS_FOLDER/postgres_to_elasticsearch_dag.py', '--cfg-path', '/tmp/tmp3qdj92sr']
[2025-11-13T23:51:37.937+0530] {standard_task_runner.py:91} INFO - Job 509: Subtask create_elasticsearch_connector
[2025-11-13T23:51:38.053+0530] {task_command.py:426} INFO - Running <TaskInstance: structured_data_pipeline.create_elasticsearch_connector scheduled__2025-11-13T18:20:00+00:00 [running]> on host logi-Inspiron-15-3525
[2025-11-13T23:51:38.322+0530] {taskinstance.py:2648} INFO - Exporting env vars: AIRFLOW_CTX_DAG_OWNER='data_engineering' AIRFLOW_CTX_DAG_ID='structured_data_pipeline' AIRFLOW_CTX_TASK_ID='create_elasticsearch_connector' AIRFLOW_CTX_EXECUTION_DATE='2025-11-13T18:20:00+00:00' AIRFLOW_CTX_TRY_NUMBER='1' AIRFLOW_CTX_DAG_RUN_ID='scheduled__2025-11-13T18:20:00+00:00'
[2025-11-13T23:51:38.326+0530] {taskinstance.py:430} INFO - ::endgroup::
[2025-11-13T23:51:38.330+0530] {postgres_to_elasticsearch_dag.py:97} INFO - Creating Elasticsearch connector
[2025-11-13T23:51:38.332+0530] {factory.py:68} INFO - Created elasticsearch connector
[2025-11-13T23:51:38.352+0530] {_transport.py:349} INFO - HEAD http://localhost:9200/ [status:200 duration:0.012s]
[2025-11-13T23:51:38.353+0530] {elasticsearch.py:83} INFO - Elasticsearch connection established successfully
[2025-11-13T23:51:38.361+0530] {_transport.py:349} INFO - GET http://localhost:9200/ [status:200 duration:0.007s]
[2025-11-13T23:51:38.362+0530] {elasticsearch.py:140} INFO - Elasticsearch connection test successful: 8.14.0
[2025-11-13T23:51:38.362+0530] {postgres_to_elasticsearch_dag.py:121} INFO - Elasticsearch connector created and registered: elasticsearch_target
[2025-11-13T23:51:38.418+0530] {python.py:237} INFO - Done. Returned value was: elasticsearch_target
[2025-11-13T23:51:38.419+0530] {taskinstance.py:441} INFO - ::group::Post task execution logs
[2025-11-13T23:51:38.479+0530] {taskinstance.py:1206} INFO - Marking task as SUCCESS. dag_id=structured_data_pipeline, task_id=create_elasticsearch_connector, run_id=scheduled__2025-11-13T18:20:00+00:00, execution_date=20251113T182000, start_date=20251113T182137, end_date=20251113T182138
[2025-11-13T23:51:38.553+0530] {local_task_job_runner.py:243} INFO - Task exited with return code 0
[2025-11-13T23:51:38.592+0530] {taskinstance.py:3503} INFO - 0 downstream tasks scheduled from follow-on schedule check
[2025-11-13T23:51:38.596+0530] {local_task_job_runner.py:222} INFO - ::endgroup::
