[2025-11-01T12:50:05.403+0530] {local_task_job_runner.py:120} INFO - ::group::Pre task execution logs
[2025-11-01T12:50:05.415+0530] {taskinstance.py:2076} INFO - Dependencies all met for dep_context=non-requeueable deps ti=<TaskInstance: esai_pipeline_dag.extract_data scheduled__2025-11-01T07:18:00+00:00 [queued]>
[2025-11-01T12:50:05.423+0530] {taskinstance.py:2076} INFO - Dependencies all met for dep_context=requeueable deps ti=<TaskInstance: esai_pipeline_dag.extract_data scheduled__2025-11-01T07:18:00+00:00 [queued]>
[2025-11-01T12:50:05.424+0530] {taskinstance.py:2306} INFO - Starting attempt 1 of 1
[2025-11-01T12:50:05.434+0530] {taskinstance.py:2330} INFO - Executing <Task(PythonOperator): extract_data> on 2025-11-01 07:18:00+00:00
[2025-11-01T12:50:05.440+0530] {standard_task_runner.py:64} INFO - Started process 7075 to run task
[2025-11-01T12:50:05.443+0530] {standard_task_runner.py:90} INFO - Running: ['airflow', 'tasks', 'run', 'esai_pipeline_dag', 'extract_data', 'scheduled__2025-11-01T07:18:00+00:00', '--job-id', '146', '--raw', '--subdir', 'DAGS_FOLDER/esai_dag.py', '--cfg-path', '/tmp/tmpsyiekn32']
[2025-11-01T12:50:05.444+0530] {standard_task_runner.py:91} INFO - Job 146: Subtask extract_data
[2025-11-01T12:50:05.477+0530] {task_command.py:426} INFO - Running <TaskInstance: esai_pipeline_dag.extract_data scheduled__2025-11-01T07:18:00+00:00 [running]> on host logi-Inspiron-15-3525
[2025-11-01T12:50:05.685+0530] {taskinstance.py:2648} INFO - Exporting env vars: AIRFLOW_CTX_DAG_OWNER='logi' AIRFLOW_CTX_DAG_ID='esai_pipeline_dag' AIRFLOW_CTX_TASK_ID='extract_data' AIRFLOW_CTX_EXECUTION_DATE='2025-11-01T07:18:00+00:00' AIRFLOW_CTX_TRY_NUMBER='1' AIRFLOW_CTX_DAG_RUN_ID='scheduled__2025-11-01T07:18:00+00:00'
[2025-11-01T12:50:05.685+0530] {taskinstance.py:430} INFO - ::endgroup::
[2025-11-01T12:50:05.686+0530] {database.py:30} INFO - Attempting to connect to PostgreSQL at: localhost:5432/paper_curator
[2025-11-01T12:50:05.713+0530] {logging_mixin.py:188} INFO - 2025-11-01 12:50:05,712 INFO sqlalchemy.engine.Engine select pg_catalog.version()
[2025-11-01T12:50:05.712+0530] {base.py:1863} INFO - select pg_catalog.version()
[2025-11-01T12:50:05.714+0530] {logging_mixin.py:188} INFO - 2025-11-01 12:50:05,714 INFO sqlalchemy.engine.Engine [raw sql] {}
[2025-11-01T12:50:05.714+0530] {base.py:1868} INFO - [raw sql] {}
[2025-11-01T12:50:05.715+0530] {logging_mixin.py:188} INFO - 2025-11-01 12:50:05,715 INFO sqlalchemy.engine.Engine select current_schema()
[2025-11-01T12:50:05.715+0530] {base.py:1863} INFO - select current_schema()
[2025-11-01T12:50:05.715+0530] {logging_mixin.py:188} INFO - 2025-11-01 12:50:05,715 INFO sqlalchemy.engine.Engine [raw sql] {}
[2025-11-01T12:50:05.715+0530] {base.py:1868} INFO - [raw sql] {}
[2025-11-01T12:50:05.716+0530] {logging_mixin.py:188} INFO - 2025-11-01 12:50:05,716 INFO sqlalchemy.engine.Engine show standard_conforming_strings
[2025-11-01T12:50:05.716+0530] {base.py:1863} INFO - show standard_conforming_strings
[2025-11-01T12:50:05.716+0530] {logging_mixin.py:188} INFO - 2025-11-01 12:50:05,716 INFO sqlalchemy.engine.Engine [raw sql] {}
[2025-11-01T12:50:05.716+0530] {base.py:1868} INFO - [raw sql] {}
[2025-11-01T12:50:05.717+0530] {logging_mixin.py:188} INFO - 2025-11-01 12:50:05,717 INFO sqlalchemy.engine.Engine SELECT 1
[2025-11-01T12:50:05.717+0530] {base.py:1863} INFO - SELECT 1
[2025-11-01T12:50:05.717+0530] {logging_mixin.py:188} INFO - 2025-11-01 12:50:05,717 INFO sqlalchemy.engine.Engine [generated in 0.00042s] {}
[2025-11-01T12:50:05.717+0530] {base.py:1868} INFO - [generated in 0.00042s] {}
[2025-11-01T12:50:05.718+0530] {database.py:48} INFO - Database connection test successful
[2025-11-01T12:50:05.719+0530] {logging_mixin.py:188} INFO - 2025-11-01 12:50:05,719 INFO sqlalchemy.engine.Engine SELECT c.relname FROM pg_class c JOIN pg_namespace n ON n.oid = c.relnamespace WHERE n.nspname = %(schema)s AND c.relkind in ('r', 'p')
[2025-11-01T12:50:05.719+0530] {base.py:1863} INFO - SELECT c.relname FROM pg_class c JOIN pg_namespace n ON n.oid = c.relnamespace WHERE n.nspname = %(schema)s AND c.relkind in ('r', 'p')
[2025-11-01T12:50:05.719+0530] {logging_mixin.py:188} INFO - 2025-11-01 12:50:05,719 INFO sqlalchemy.engine.Engine [generated in 0.00036s] {'schema': 'public'}
[2025-11-01T12:50:05.719+0530] {base.py:1868} INFO - [generated in 0.00036s] {'schema': 'public'}
[2025-11-01T12:50:05.721+0530] {logging_mixin.py:188} INFO - 2025-11-01 12:50:05,721 INFO sqlalchemy.engine.Engine BEGIN (implicit)
[2025-11-01T12:50:05.721+0530] {base.py:1032} INFO - BEGIN (implicit)
[2025-11-01T12:50:05.721+0530] {logging_mixin.py:188} INFO - 2025-11-01 12:50:05,721 INFO sqlalchemy.engine.Engine COMMIT
[2025-11-01T12:50:05.721+0530] {base.py:1092} INFO - COMMIT
[2025-11-01T12:50:05.722+0530] {database.py:64} INFO - All tables already exist - no new tables created
[2025-11-01T12:50:05.722+0530] {database.py:66} INFO - PostgreSQL database initialized successfully
[2025-11-01T12:50:05.722+0530] {database.py:68} INFO - Database: paper_curator
[2025-11-01T12:50:05.722+0530] {database.py:69} INFO - Total tables: students
[2025-11-01T12:50:05.722+0530] {database.py:70} INFO - Database connection established
[2025-11-01T12:50:05.722+0530] {logging_mixin.py:188} INFO - Database connection successful
[2025-11-01T12:50:05.722+0530] {dbextractor.py:13} INFO - DBExtractor initialized with a valid database connection.
[2025-11-01T12:50:05.723+0530] {logging_mixin.py:188} INFO - 2025-11-01 12:50:05,723 INFO sqlalchemy.engine.Engine BEGIN (implicit)
[2025-11-01T12:50:05.723+0530] {base.py:1032} INFO - BEGIN (implicit)
[2025-11-01T12:50:05.723+0530] {logging_mixin.py:188} INFO - 2025-11-01 12:50:05,723 INFO sqlalchemy.engine.Engine SELECT * FROM students
[2025-11-01T12:50:05.723+0530] {base.py:1863} INFO - SELECT * FROM students
[2025-11-01T12:50:05.723+0530] {logging_mixin.py:188} INFO - 2025-11-01 12:50:05,723 INFO sqlalchemy.engine.Engine [generated in 0.00021s] {}
[2025-11-01T12:50:05.723+0530] {base.py:1868} INFO - [generated in 0.00021s] {}
[2025-11-01T12:50:05.726+0530] {logging_mixin.py:188} INFO - 2025-11-01 12:50:05,726 INFO sqlalchemy.engine.Engine ROLLBACK
[2025-11-01T12:50:05.726+0530] {base.py:1060} INFO - ROLLBACK
[2025-11-01T12:50:05.726+0530] {dbextractor.py:30} INFO - Extracted 5 rows from 'students'.
[2025-11-01T12:50:05.728+0530] {dbextractor.py:35} INFO - Data exported to CSV: students_export.csv
[2025-11-01T12:50:05.736+0530] {python.py:237} INFO - Done. Returned value was: None
[2025-11-01T12:50:05.736+0530] {taskinstance.py:441} INFO - ::group::Post task execution logs
[2025-11-01T12:50:05.739+0530] {taskinstance.py:1206} INFO - Marking task as SUCCESS. dag_id=esai_pipeline_dag, task_id=extract_data, run_id=scheduled__2025-11-01T07:18:00+00:00, execution_date=20251101T071800, start_date=20251101T072005, end_date=20251101T072005
[2025-11-01T12:50:05.776+0530] {local_task_job_runner.py:243} INFO - Task exited with return code 0
[2025-11-01T12:50:05.797+0530] {taskinstance.py:3503} INFO - 1 downstream tasks scheduled from follow-on schedule check
[2025-11-01T12:50:05.801+0530] {local_task_job_runner.py:222} INFO - ::endgroup::
