[2025-11-12T23:57:26.264+0530] {local_task_job_runner.py:120} INFO - ::group::Pre task execution logs
[2025-11-12T23:57:26.276+0530] {taskinstance.py:2076} INFO - Dependencies all met for dep_context=non-requeueable deps ti=<TaskInstance: structured_data_pipeline.transform_products scheduled__2025-11-12T18:26:00+00:00 [queued]>
[2025-11-12T23:57:26.281+0530] {taskinstance.py:2076} INFO - Dependencies all met for dep_context=requeueable deps ti=<TaskInstance: structured_data_pipeline.transform_products scheduled__2025-11-12T18:26:00+00:00 [queued]>
[2025-11-12T23:57:26.281+0530] {taskinstance.py:2306} INFO - Starting attempt 1 of 1
[2025-11-12T23:57:26.290+0530] {taskinstance.py:2330} INFO - Executing <Task(PythonOperator): transform_products> on 2025-11-12 18:26:00+00:00
[2025-11-12T23:57:26.296+0530] {standard_task_runner.py:64} INFO - Started process 46835 to run task
[2025-11-12T23:57:26.301+0530] {standard_task_runner.py:90} INFO - Running: ['airflow', 'tasks', 'run', 'structured_data_pipeline', 'transform_products', 'scheduled__2025-11-12T18:26:00+00:00', '--job-id', '377', '--raw', '--subdir', 'DAGS_FOLDER/dag.py', '--cfg-path', '/tmp/tmp9_6l9_xd']
[2025-11-12T23:57:26.301+0530] {standard_task_runner.py:91} INFO - Job 377: Subtask transform_products
[2025-11-12T23:57:26.330+0530] {task_command.py:426} INFO - Running <TaskInstance: structured_data_pipeline.transform_products scheduled__2025-11-12T18:26:00+00:00 [running]> on host logi-Inspiron-15-3525
[2025-11-12T23:57:26.382+0530] {taskinstance.py:2648} INFO - Exporting env vars: AIRFLOW_CTX_DAG_OWNER='data_engineering' AIRFLOW_CTX_DAG_ID='structured_data_pipeline' AIRFLOW_CTX_TASK_ID='transform_products' AIRFLOW_CTX_EXECUTION_DATE='2025-11-12T18:26:00+00:00' AIRFLOW_CTX_TRY_NUMBER='1' AIRFLOW_CTX_DAG_RUN_ID='scheduled__2025-11-12T18:26:00+00:00'
[2025-11-12T23:57:26.383+0530] {taskinstance.py:430} INFO - ::endgroup::
[2025-11-12T23:57:26.387+0530] {tasks.py:220} INFO - Transforming data for table: products
[2025-11-12T23:57:26.389+0530] {factory.py:60} INFO - Created json transformer
[2025-11-12T23:57:26.393+0530] {json_transformer.py:101} INFO - Transformed 3 rows to JSON format
[2025-11-12T23:57:26.393+0530] {tasks.py:245} INFO - Transformed 3 rows for products
[2025-11-12T23:57:26.394+0530] {python.py:237} INFO - Done. Returned value was: {'table_name': 'products', 'row_count': 3, 'data': [{'id': 1, 'name': 'laptop', 'price': 1200.0, 'stock': 10, 'created_at': '2025-11-11T23:41:51.240184', 'updated_at': '2025-11-11T23:41:51.240184'}, {'id': 2, 'name': 'mouse', 'price': 25.0, 'stock': 50, 'created_at': '2025-11-11T23:41:51.240184', 'updated_at': '2025-11-11T23:41:51.240184'}, {'id': 3, 'name': 'keyboard', 'price': 45.75, 'stock': 40, 'created_at': '2025-11-11T23:41:51.240184', 'updated_at': '2025-11-11T23:41:51.240184'}]}
[2025-11-12T23:57:26.394+0530] {taskinstance.py:441} INFO - ::group::Post task execution logs
[2025-11-12T23:57:26.404+0530] {taskinstance.py:1206} INFO - Marking task as SUCCESS. dag_id=structured_data_pipeline, task_id=transform_products, run_id=scheduled__2025-11-12T18:26:00+00:00, execution_date=20251112T182600, start_date=20251112T182726, end_date=20251112T182726
[2025-11-12T23:57:26.432+0530] {local_task_job_runner.py:243} INFO - Task exited with return code 0
[2025-11-12T23:57:26.468+0530] {taskinstance.py:3503} INFO - 1 downstream tasks scheduled from follow-on schedule check
[2025-11-12T23:57:26.473+0530] {local_task_job_runner.py:222} INFO - ::endgroup::
