[2025-10-31T20:00:09.550+0530] {local_task_job_runner.py:120} INFO - ::group::Pre task execution logs
[2025-10-31T20:00:09.562+0530] {taskinstance.py:2076} INFO - Dependencies all met for dep_context=non-requeueable deps ti=<TaskInstance: esai_pipeline_dag.ingest_elasticsearch scheduled__2025-10-31T14:28:00+00:00 [queued]>
[2025-10-31T20:00:09.567+0530] {taskinstance.py:2076} INFO - Dependencies all met for dep_context=requeueable deps ti=<TaskInstance: esai_pipeline_dag.ingest_elasticsearch scheduled__2025-10-31T14:28:00+00:00 [queued]>
[2025-10-31T20:00:09.567+0530] {taskinstance.py:2306} INFO - Starting attempt 1 of 1
[2025-10-31T20:00:09.577+0530] {taskinstance.py:2330} INFO - Executing <Task(PythonOperator): ingest_elasticsearch> on 2025-10-31 14:28:00+00:00
[2025-10-31T20:00:09.583+0530] {standard_task_runner.py:64} INFO - Started process 14025 to run task
[2025-10-31T20:00:09.587+0530] {standard_task_runner.py:90} INFO - Running: ['airflow', 'tasks', 'run', 'esai_pipeline_dag', 'ingest_elasticsearch', 'scheduled__2025-10-31T14:28:00+00:00', '--job-id', '93', '--raw', '--subdir', 'DAGS_FOLDER/esai_dag.py', '--cfg-path', '/tmp/tmp5ybc97nx']
[2025-10-31T20:00:09.588+0530] {standard_task_runner.py:91} INFO - Job 93: Subtask ingest_elasticsearch
[2025-10-31T20:00:09.628+0530] {task_command.py:426} INFO - Running <TaskInstance: esai_pipeline_dag.ingest_elasticsearch scheduled__2025-10-31T14:28:00+00:00 [running]> on host logi-Inspiron-15-3525
[2025-10-31T20:00:09.799+0530] {taskinstance.py:2648} INFO - Exporting env vars: AIRFLOW_CTX_DAG_OWNER='logi' AIRFLOW_CTX_DAG_ID='esai_pipeline_dag' AIRFLOW_CTX_TASK_ID='ingest_elasticsearch' AIRFLOW_CTX_EXECUTION_DATE='2025-10-31T14:28:00+00:00' AIRFLOW_CTX_TRY_NUMBER='1' AIRFLOW_CTX_DAG_RUN_ID='scheduled__2025-10-31T14:28:00+00:00'
[2025-10-31T20:00:09.799+0530] {taskinstance.py:430} INFO - ::endgroup::
[2025-10-31T20:00:09.809+0530] {_transport.py:349} INFO - GET http://localhost:9200/ [status:200 duration:0.004s]
[2025-10-31T20:00:09.809+0530] {loader.py:23} INFO - Connected to Elasticsearch successfully.
[2025-10-31T20:00:09.812+0530] {_transport.py:349} INFO - HEAD http://localhost:9200/students_index [status:200 duration:0.003s]
[2025-10-31T20:00:09.812+0530] {loader.py:34} INFO - Index already exists: students_index
[2025-10-31T20:00:09.831+0530] {_transport.py:349} INFO - PUT http://localhost:9200/_bulk [status:200 duration:0.017s]
[2025-10-31T20:00:09.831+0530] {logging_mixin.py:188} INFO - {'status': 'success', 'indexed_count': 4, 'errors': []}
[2025-10-31T20:00:09.831+0530] {python.py:237} INFO - Done. Returned value was: None
[2025-10-31T20:00:09.831+0530] {taskinstance.py:441} INFO - ::group::Post task execution logs
[2025-10-31T20:00:09.835+0530] {taskinstance.py:1206} INFO - Marking task as SUCCESS. dag_id=esai_pipeline_dag, task_id=ingest_elasticsearch, run_id=scheduled__2025-10-31T14:28:00+00:00, execution_date=20251031T142800, start_date=20251031T143009, end_date=20251031T143009
[2025-10-31T20:00:09.879+0530] {local_task_job_runner.py:243} INFO - Task exited with return code 0
[2025-10-31T20:00:09.900+0530] {taskinstance.py:3503} INFO - 0 downstream tasks scheduled from follow-on schedule check
[2025-10-31T20:00:09.901+0530] {local_task_job_runner.py:222} INFO - ::endgroup::
