[2025-11-13T17:57:47.925+0530] {local_task_job_runner.py:120} INFO - ::group::Pre task execution logs
[2025-11-13T17:57:47.963+0530] {taskinstance.py:2076} INFO - Dependencies all met for dep_context=non-requeueable deps ti=<TaskInstance: structured_data_pipeline.create_elasticsearch_connector scheduled__2025-11-13T12:26:00+00:00 [queued]>
[2025-11-13T17:57:47.978+0530] {taskinstance.py:2076} INFO - Dependencies all met for dep_context=requeueable deps ti=<TaskInstance: structured_data_pipeline.create_elasticsearch_connector scheduled__2025-11-13T12:26:00+00:00 [queued]>
[2025-11-13T17:57:47.978+0530] {taskinstance.py:2306} INFO - Starting attempt 1 of 1
[2025-11-13T17:57:47.999+0530] {taskinstance.py:2330} INFO - Executing <Task(PythonOperator): create_elasticsearch_connector> on 2025-11-13 12:26:00+00:00
[2025-11-13T17:57:48.010+0530] {standard_task_runner.py:64} INFO - Started process 34265 to run task
[2025-11-13T17:57:48.016+0530] {standard_task_runner.py:90} INFO - Running: ['airflow', 'tasks', 'run', 'structured_data_pipeline', 'create_elasticsearch_connector', 'scheduled__2025-11-13T12:26:00+00:00', '--job-id', '319', '--raw', '--subdir', 'DAGS_FOLDER/dag.py', '--cfg-path', '/tmp/tmpj7j9yphd']
[2025-11-13T17:57:48.017+0530] {standard_task_runner.py:91} INFO - Job 319: Subtask create_elasticsearch_connector
[2025-11-13T17:57:48.139+0530] {task_command.py:426} INFO - Running <TaskInstance: structured_data_pipeline.create_elasticsearch_connector scheduled__2025-11-13T12:26:00+00:00 [running]> on host logi-Inspiron-15-3525
[2025-11-13T17:57:48.400+0530] {taskinstance.py:2648} INFO - Exporting env vars: AIRFLOW_CTX_DAG_OWNER='data_engineering' AIRFLOW_CTX_DAG_ID='structured_data_pipeline' AIRFLOW_CTX_TASK_ID='create_elasticsearch_connector' AIRFLOW_CTX_EXECUTION_DATE='2025-11-13T12:26:00+00:00' AIRFLOW_CTX_TRY_NUMBER='1' AIRFLOW_CTX_DAG_RUN_ID='scheduled__2025-11-13T12:26:00+00:00'
[2025-11-13T17:57:48.404+0530] {taskinstance.py:430} INFO - ::endgroup::
[2025-11-13T17:57:48.407+0530] {tasks.py:80} INFO - Creating Elasticsearch connector
[2025-11-13T17:57:48.408+0530] {factory.py:68} INFO - Created elasticsearch connector
[2025-11-13T17:57:48.427+0530] {_transport.py:349} INFO - HEAD http://localhost:9200/ [status:200 duration:0.015s]
[2025-11-13T17:57:48.428+0530] {elasticsearch.py:83} INFO - Elasticsearch connection established successfully
[2025-11-13T17:57:48.438+0530] {_transport.py:349} INFO - GET http://localhost:9200/ [status:200 duration:0.009s]
[2025-11-13T17:57:48.439+0530] {elasticsearch.py:140} INFO - Elasticsearch connection test successful: 8.14.0
[2025-11-13T17:57:48.440+0530] {tasks.py:103} INFO - Elasticsearch connector created and registered: elasticsearch_target
[2025-11-13T17:57:48.486+0530] {python.py:237} INFO - Done. Returned value was: elasticsearch_target
[2025-11-13T17:57:48.487+0530] {taskinstance.py:441} INFO - ::group::Post task execution logs
[2025-11-13T17:57:48.543+0530] {taskinstance.py:1206} INFO - Marking task as SUCCESS. dag_id=structured_data_pipeline, task_id=create_elasticsearch_connector, run_id=scheduled__2025-11-13T12:26:00+00:00, execution_date=20251113T122600, start_date=20251113T122747, end_date=20251113T122748
[2025-11-13T17:57:48.591+0530] {local_task_job_runner.py:243} INFO - Task exited with return code 0
[2025-11-13T17:57:48.665+0530] {taskinstance.py:3503} INFO - 0 downstream tasks scheduled from follow-on schedule check
[2025-11-13T17:57:48.669+0530] {local_task_job_runner.py:222} INFO - ::endgroup::
