[2025-11-13T23:33:21.919+0530] {local_task_job_runner.py:120} INFO - ::group::Pre task execution logs
[2025-11-13T23:33:21.978+0530] {taskinstance.py:2076} INFO - Dependencies all met for dep_context=non-requeueable deps ti=<TaskInstance: structured_data_pipeline.transform_users scheduled__2025-11-13T18:02:00+00:00 [queued]>
[2025-11-13T23:33:21.989+0530] {taskinstance.py:2076} INFO - Dependencies all met for dep_context=requeueable deps ti=<TaskInstance: structured_data_pipeline.transform_users scheduled__2025-11-13T18:02:00+00:00 [queued]>
[2025-11-13T23:33:21.989+0530] {taskinstance.py:2306} INFO - Starting attempt 1 of 1
[2025-11-13T23:33:22.004+0530] {taskinstance.py:2330} INFO - Executing <Task(PythonOperator): transform_users> on 2025-11-13 18:02:00+00:00
[2025-11-13T23:33:22.011+0530] {standard_task_runner.py:64} INFO - Started process 13423 to run task
[2025-11-13T23:33:22.015+0530] {standard_task_runner.py:90} INFO - Running: ['airflow', 'tasks', 'run', 'structured_data_pipeline', 'transform_users', 'scheduled__2025-11-13T18:02:00+00:00', '--job-id', '378', '--raw', '--subdir', 'DAGS_FOLDER/postgres_to_elasticsearch_dag.py', '--cfg-path', '/tmp/tmpxizpzzvn']
[2025-11-13T23:33:22.015+0530] {standard_task_runner.py:91} INFO - Job 378: Subtask transform_users
[2025-11-13T23:33:22.150+0530] {task_command.py:426} INFO - Running <TaskInstance: structured_data_pipeline.transform_users scheduled__2025-11-13T18:02:00+00:00 [running]> on host logi-Inspiron-15-3525
[2025-11-13T23:33:22.396+0530] {taskinstance.py:2648} INFO - Exporting env vars: AIRFLOW_CTX_DAG_OWNER='data_engineering' AIRFLOW_CTX_DAG_ID='structured_data_pipeline' AIRFLOW_CTX_TASK_ID='transform_users' AIRFLOW_CTX_EXECUTION_DATE='2025-11-13T18:02:00+00:00' AIRFLOW_CTX_TRY_NUMBER='1' AIRFLOW_CTX_DAG_RUN_ID='scheduled__2025-11-13T18:02:00+00:00'
[2025-11-13T23:33:22.398+0530] {taskinstance.py:430} INFO - ::endgroup::
[2025-11-13T23:33:22.398+0530] {postgres_to_elasticsearch_dag.py:306} ERROR - Error transforming data: Failed to parse extraction result: {'table_name': 'users', 'row_count': 0, 'data': [], 'columns': ['id', 'username', 'email', 'created_at', 'updated_at']}
Traceback (most recent call last):
  File "/home/logi/txtai/etl_pipeline/dags/postgres_to_elasticsearch_dag.py", line 250, in transform_data
    extraction_result = json.loads(extraction_result)
  File "/usr/lib/python3.10/json/__init__.py", line 346, in loads
    return _default_decoder.decode(s)
  File "/usr/lib/python3.10/json/decoder.py", line 337, in decode
    obj, end = self.raw_decode(s, idx=_w(s, 0).end())
  File "/usr/lib/python3.10/json/decoder.py", line 353, in raw_decode
    obj, end = self.scan_once(s, idx)
json.decoder.JSONDecodeError: Expecting property name enclosed in double quotes: line 1 column 2 (char 1)

During handling of the above exception, another exception occurred:

Traceback (most recent call last):
  File "/home/logi/txtai/etl_pipeline/dags/postgres_to_elasticsearch_dag.py", line 252, in transform_data
    raise ValueError(f"Failed to parse extraction result: {extraction_result}")
ValueError: Failed to parse extraction result: {'table_name': 'users', 'row_count': 0, 'data': [], 'columns': ['id', 'username', 'email', 'created_at', 'updated_at']}
[2025-11-13T23:33:22.400+0530] {postgres_to_elasticsearch_dag.py:307} ERROR - Extraction result type: str
[2025-11-13T23:33:22.400+0530] {postgres_to_elasticsearch_dag.py:308} ERROR - Extraction result content: {'table_name': 'users', 'row_count': 0, 'data': [], 'columns': ['id', 'username', 'email', 'created_at', 'updated_at']}
[2025-11-13T23:33:22.400+0530] {taskinstance.py:441} INFO - ::group::Post task execution logs
[2025-11-13T23:33:22.400+0530] {taskinstance.py:2905} ERROR - Task failed with exception
Traceback (most recent call last):
  File "/home/logi/txtai/etl_pipeline/dags/postgres_to_elasticsearch_dag.py", line 250, in transform_data
    extraction_result = json.loads(extraction_result)
  File "/usr/lib/python3.10/json/__init__.py", line 346, in loads
    return _default_decoder.decode(s)
  File "/usr/lib/python3.10/json/decoder.py", line 337, in decode
    obj, end = self.raw_decode(s, idx=_w(s, 0).end())
  File "/usr/lib/python3.10/json/decoder.py", line 353, in raw_decode
    obj, end = self.scan_once(s, idx)
json.decoder.JSONDecodeError: Expecting property name enclosed in double quotes: line 1 column 2 (char 1)

During handling of the above exception, another exception occurred:

Traceback (most recent call last):
  File "/home/logi/txtai/venv/lib/python3.10/site-packages/airflow/models/taskinstance.py", line 465, in _execute_task
    result = _execute_callable(context=context, **execute_callable_kwargs)
  File "/home/logi/txtai/venv/lib/python3.10/site-packages/airflow/models/taskinstance.py", line 432, in _execute_callable
    return execute_callable(context=context, **execute_callable_kwargs)
  File "/home/logi/txtai/venv/lib/python3.10/site-packages/airflow/models/baseoperator.py", line 401, in wrapper
    return func(self, *args, **kwargs)
  File "/home/logi/txtai/venv/lib/python3.10/site-packages/airflow/operators/python.py", line 235, in execute
    return_value = self.execute_callable()
  File "/home/logi/txtai/venv/lib/python3.10/site-packages/airflow/operators/python.py", line 252, in execute_callable
    return self.python_callable(*self.op_args, **self.op_kwargs)
  File "/home/logi/txtai/etl_pipeline/dags/postgres_to_elasticsearch_dag.py", line 252, in transform_data
    raise ValueError(f"Failed to parse extraction result: {extraction_result}")
ValueError: Failed to parse extraction result: {'table_name': 'users', 'row_count': 0, 'data': [], 'columns': ['id', 'username', 'email', 'created_at', 'updated_at']}
[2025-11-13T23:33:22.423+0530] {taskinstance.py:1206} INFO - Marking task as FAILED. dag_id=structured_data_pipeline, task_id=transform_users, run_id=scheduled__2025-11-13T18:02:00+00:00, execution_date=20251113T180200, start_date=20251113T180321, end_date=20251113T180322
[2025-11-13T23:33:22.445+0530] {standard_task_runner.py:110} ERROR - Failed to execute job 378 for task transform_users (Failed to parse extraction result: {'table_name': 'users', 'row_count': 0, 'data': [], 'columns': ['id', 'username', 'email', 'created_at', 'updated_at']}; 13423)
[2025-11-13T23:33:22.468+0530] {local_task_job_runner.py:243} INFO - Task exited with return code 1
[2025-11-13T23:33:22.529+0530] {taskinstance.py:3503} INFO - 0 downstream tasks scheduled from follow-on schedule check
[2025-11-13T23:33:22.537+0530] {local_task_job_runner.py:222} INFO - ::endgroup::
