[2025-11-12T08:13:03.674+0530] {local_task_job_runner.py:120} INFO - ::group::Pre task execution logs
[2025-11-12T08:13:03.686+0530] {taskinstance.py:2076} INFO - Dependencies all met for dep_context=non-requeueable deps ti=<TaskInstance: structured_data_pipeline.extract_orders manual__2025-11-12T02:38:06.158462+00:00 [queued]>
[2025-11-12T08:13:03.690+0530] {taskinstance.py:2076} INFO - Dependencies all met for dep_context=requeueable deps ti=<TaskInstance: structured_data_pipeline.extract_orders manual__2025-11-12T02:38:06.158462+00:00 [queued]>
[2025-11-12T08:13:03.690+0530] {taskinstance.py:2306} INFO - Starting attempt 1 of 3
[2025-11-12T08:13:03.700+0530] {taskinstance.py:2330} INFO - Executing <Task(PythonOperator): extract_orders> on 2025-11-12 02:38:06.158462+00:00
[2025-11-12T08:13:03.706+0530] {standard_task_runner.py:64} INFO - Started process 12219 to run task
[2025-11-12T08:13:03.710+0530] {standard_task_runner.py:90} INFO - Running: ['airflow', 'tasks', 'run', 'structured_data_pipeline', 'extract_orders', 'manual__2025-11-12T02:38:06.158462+00:00', '--job-id', '48', '--raw', '--subdir', 'DAGS_FOLDER/dag.py', '--cfg-path', '/tmp/tmph1nvlz0x']
[2025-11-12T08:13:03.711+0530] {standard_task_runner.py:91} INFO - Job 48: Subtask extract_orders
[2025-11-12T08:13:03.738+0530] {task_command.py:426} INFO - Running <TaskInstance: structured_data_pipeline.extract_orders manual__2025-11-12T02:38:06.158462+00:00 [running]> on host logi-Inspiron-15-3525
[2025-11-12T08:13:03.789+0530] {taskinstance.py:2648} INFO - Exporting env vars: AIRFLOW_CTX_DAG_OWNER='data_engineering' AIRFLOW_CTX_DAG_ID='structured_data_pipeline' AIRFLOW_CTX_TASK_ID='extract_orders' AIRFLOW_CTX_EXECUTION_DATE='2025-11-12T02:38:06.158462+00:00' AIRFLOW_CTX_TRY_NUMBER='1' AIRFLOW_CTX_DAG_RUN_ID='manual__2025-11-12T02:38:06.158462+00:00'
[2025-11-12T08:13:03.790+0530] {taskinstance.py:430} INFO - ::endgroup::
[2025-11-12T08:13:03.790+0530] {tasks.py:126} INFO - Extracting data from table: orders
[2025-11-12T08:13:03.794+0530] {tasks.py:191} ERROR - Error extracting data: PostgresSQL connector not found: postgres_source
[2025-11-12T08:13:03.795+0530] {taskinstance.py:441} INFO - ::group::Post task execution logs
[2025-11-12T08:13:03.795+0530] {taskinstance.py:2905} ERROR - Task failed with exception
Traceback (most recent call last):
  File "/home/logi/txtai/venv/lib/python3.10/site-packages/airflow/models/taskinstance.py", line 465, in _execute_task
    result = _execute_callable(context=context, **execute_callable_kwargs)
  File "/home/logi/txtai/venv/lib/python3.10/site-packages/airflow/models/taskinstance.py", line 432, in _execute_callable
    return execute_callable(context=context, **execute_callable_kwargs)
  File "/home/logi/txtai/venv/lib/python3.10/site-packages/airflow/models/baseoperator.py", line 401, in wrapper
    return func(self, *args, **kwargs)
  File "/home/logi/txtai/venv/lib/python3.10/site-packages/airflow/operators/python.py", line 235, in execute
    return_value = self.execute_callable()
  File "/home/logi/txtai/venv/lib/python3.10/site-packages/airflow/operators/python.py", line 252, in execute_callable
    return self.python_callable(*self.op_args, **self.op_kwargs)
  File "/home/logi/txtai/etl_pipeline/dags/tasks.py", line 137, in extract_table_data
    raise ValueError(f"PostgresSQL connector not found: {postgres_conn_id}")
ValueError: PostgresSQL connector not found: postgres_source
[2025-11-12T08:13:03.798+0530] {taskinstance.py:1206} INFO - Marking task as UP_FOR_RETRY. dag_id=structured_data_pipeline, task_id=extract_orders, run_id=manual__2025-11-12T02:38:06.158462+00:00, execution_date=20251112T023806, start_date=20251112T024303, end_date=20251112T024303
[2025-11-12T08:13:03.806+0530] {standard_task_runner.py:110} ERROR - Failed to execute job 48 for task extract_orders (PostgresSQL connector not found: postgres_source; 12219)
[2025-11-12T08:13:03.842+0530] {local_task_job_runner.py:243} INFO - Task exited with return code 1
[2025-11-12T08:13:03.878+0530] {taskinstance.py:3503} INFO - 0 downstream tasks scheduled from follow-on schedule check
[2025-11-12T08:13:03.880+0530] {local_task_job_runner.py:222} INFO - ::endgroup::
