[2025-10-31T20:14:03.654+0530] {local_task_job_runner.py:120} INFO - ::group::Pre task execution logs
[2025-10-31T20:14:03.693+0530] {taskinstance.py:2076} INFO - Dependencies all met for dep_context=non-requeueable deps ti=<TaskInstance: esai_pipeline_dag.extract_data scheduled__2025-10-31T14:42:00+00:00 [queued]>
[2025-10-31T20:14:03.706+0530] {taskinstance.py:2076} INFO - Dependencies all met for dep_context=requeueable deps ti=<TaskInstance: esai_pipeline_dag.extract_data scheduled__2025-10-31T14:42:00+00:00 [queued]>
[2025-10-31T20:14:03.706+0530] {taskinstance.py:2306} INFO - Starting attempt 1 of 1
[2025-10-31T20:14:03.747+0530] {taskinstance.py:2330} INFO - Executing <Task(PythonOperator): extract_data> on 2025-10-31 14:42:00+00:00
[2025-10-31T20:14:03.766+0530] {standard_task_runner.py:64} INFO - Started process 17073 to run task
[2025-10-31T20:14:03.772+0530] {standard_task_runner.py:90} INFO - Running: ['airflow', 'tasks', 'run', 'esai_pipeline_dag', 'extract_data', 'scheduled__2025-10-31T14:42:00+00:00', '--job-id', '112', '--raw', '--subdir', 'DAGS_FOLDER/esai_dag.py', '--cfg-path', '/tmp/tmp9356j3vt']
[2025-10-31T20:14:03.774+0530] {standard_task_runner.py:91} INFO - Job 112: Subtask extract_data
[2025-10-31T20:14:03.837+0530] {task_command.py:426} INFO - Running <TaskInstance: esai_pipeline_dag.extract_data scheduled__2025-10-31T14:42:00+00:00 [running]> on host logi-Inspiron-15-3525
[2025-10-31T20:14:04.042+0530] {taskinstance.py:2648} INFO - Exporting env vars: AIRFLOW_CTX_DAG_OWNER='logi' AIRFLOW_CTX_DAG_ID='esai_pipeline_dag' AIRFLOW_CTX_TASK_ID='extract_data' AIRFLOW_CTX_EXECUTION_DATE='2025-10-31T14:42:00+00:00' AIRFLOW_CTX_TRY_NUMBER='1' AIRFLOW_CTX_DAG_RUN_ID='scheduled__2025-10-31T14:42:00+00:00'
[2025-10-31T20:14:04.042+0530] {taskinstance.py:430} INFO - ::endgroup::
[2025-10-31T20:14:04.044+0530] {database.py:30} INFO - Attempting to connect to PostgreSQL at: localhost:5432/paper_curator
[2025-10-31T20:14:04.068+0530] {logging_mixin.py:188} INFO - 2025-10-31 20:14:04,068 INFO sqlalchemy.engine.Engine select pg_catalog.version()
[2025-10-31T20:14:04.068+0530] {base.py:1863} INFO - select pg_catalog.version()
[2025-10-31T20:14:04.068+0530] {logging_mixin.py:188} INFO - 2025-10-31 20:14:04,068 INFO sqlalchemy.engine.Engine [raw sql] {}
[2025-10-31T20:14:04.068+0530] {base.py:1868} INFO - [raw sql] {}
[2025-10-31T20:14:04.070+0530] {logging_mixin.py:188} INFO - 2025-10-31 20:14:04,070 INFO sqlalchemy.engine.Engine select current_schema()
[2025-10-31T20:14:04.070+0530] {base.py:1863} INFO - select current_schema()
[2025-10-31T20:14:04.070+0530] {logging_mixin.py:188} INFO - 2025-10-31 20:14:04,070 INFO sqlalchemy.engine.Engine [raw sql] {}
[2025-10-31T20:14:04.070+0530] {base.py:1868} INFO - [raw sql] {}
[2025-10-31T20:14:04.071+0530] {logging_mixin.py:188} INFO - 2025-10-31 20:14:04,071 INFO sqlalchemy.engine.Engine show standard_conforming_strings
[2025-10-31T20:14:04.071+0530] {base.py:1863} INFO - show standard_conforming_strings
[2025-10-31T20:14:04.071+0530] {logging_mixin.py:188} INFO - 2025-10-31 20:14:04,071 INFO sqlalchemy.engine.Engine [raw sql] {}
[2025-10-31T20:14:04.071+0530] {base.py:1868} INFO - [raw sql] {}
[2025-10-31T20:14:04.073+0530] {logging_mixin.py:188} INFO - 2025-10-31 20:14:04,072 INFO sqlalchemy.engine.Engine SELECT 1
[2025-10-31T20:14:04.072+0530] {base.py:1863} INFO - SELECT 1
[2025-10-31T20:14:04.073+0530] {logging_mixin.py:188} INFO - 2025-10-31 20:14:04,073 INFO sqlalchemy.engine.Engine [generated in 0.00062s] {}
[2025-10-31T20:14:04.073+0530] {base.py:1868} INFO - [generated in 0.00062s] {}
[2025-10-31T20:14:04.074+0530] {database.py:48} INFO - Database connection test successful
[2025-10-31T20:14:04.077+0530] {logging_mixin.py:188} INFO - 2025-10-31 20:14:04,077 INFO sqlalchemy.engine.Engine SELECT c.relname FROM pg_class c JOIN pg_namespace n ON n.oid = c.relnamespace WHERE n.nspname = %(schema)s AND c.relkind in ('r', 'p')
[2025-10-31T20:14:04.077+0530] {base.py:1863} INFO - SELECT c.relname FROM pg_class c JOIN pg_namespace n ON n.oid = c.relnamespace WHERE n.nspname = %(schema)s AND c.relkind in ('r', 'p')
[2025-10-31T20:14:04.077+0530] {logging_mixin.py:188} INFO - 2025-10-31 20:14:04,077 INFO sqlalchemy.engine.Engine [generated in 0.00065s] {'schema': 'public'}
[2025-10-31T20:14:04.077+0530] {base.py:1868} INFO - [generated in 0.00065s] {'schema': 'public'}
[2025-10-31T20:14:04.080+0530] {logging_mixin.py:188} INFO - 2025-10-31 20:14:04,080 INFO sqlalchemy.engine.Engine BEGIN (implicit)
[2025-10-31T20:14:04.080+0530] {base.py:1032} INFO - BEGIN (implicit)
[2025-10-31T20:14:04.081+0530] {logging_mixin.py:188} INFO - 2025-10-31 20:14:04,081 INFO sqlalchemy.engine.Engine COMMIT
[2025-10-31T20:14:04.081+0530] {base.py:1092} INFO - COMMIT
[2025-10-31T20:14:04.082+0530] {database.py:64} INFO - All tables already exist - no new tables created
[2025-10-31T20:14:04.083+0530] {database.py:66} INFO - PostgreSQL database initialized successfully
[2025-10-31T20:14:04.083+0530] {database.py:68} INFO - Database: paper_curator
[2025-10-31T20:14:04.083+0530] {database.py:69} INFO - Total tables: students
[2025-10-31T20:14:04.083+0530] {database.py:70} INFO - Database connection established
[2025-10-31T20:14:04.083+0530] {logging_mixin.py:188} INFO - Database connection successful
[2025-10-31T20:14:04.084+0530] {dbextractor.py:13} INFO - DBExtractor initialized with a valid database connection.
[2025-10-31T20:14:04.085+0530] {logging_mixin.py:188} INFO - 2025-10-31 20:14:04,084 INFO sqlalchemy.engine.Engine BEGIN (implicit)
[2025-10-31T20:14:04.084+0530] {base.py:1032} INFO - BEGIN (implicit)
[2025-10-31T20:14:04.085+0530] {logging_mixin.py:188} INFO - 2025-10-31 20:14:04,085 INFO sqlalchemy.engine.Engine SELECT * FROM students
[2025-10-31T20:14:04.085+0530] {base.py:1863} INFO - SELECT * FROM students
[2025-10-31T20:14:04.086+0530] {logging_mixin.py:188} INFO - 2025-10-31 20:14:04,085 INFO sqlalchemy.engine.Engine [generated in 0.00041s] {}
[2025-10-31T20:14:04.085+0530] {base.py:1868} INFO - [generated in 0.00041s] {}
[2025-10-31T20:14:04.089+0530] {logging_mixin.py:188} INFO - 2025-10-31 20:14:04,089 INFO sqlalchemy.engine.Engine ROLLBACK
[2025-10-31T20:14:04.089+0530] {base.py:1060} INFO - ROLLBACK
[2025-10-31T20:14:04.090+0530] {dbextractor.py:30} INFO - Extracted 5 rows from 'students'.
[2025-10-31T20:14:04.094+0530] {dbextractor.py:35} INFO - Data exported to CSV: students_export.csv
[2025-10-31T20:14:04.107+0530] {python.py:237} INFO - Done. Returned value was: None
[2025-10-31T20:14:04.107+0530] {taskinstance.py:441} INFO - ::group::Post task execution logs
[2025-10-31T20:14:04.113+0530] {taskinstance.py:1206} INFO - Marking task as SUCCESS. dag_id=esai_pipeline_dag, task_id=extract_data, run_id=scheduled__2025-10-31T14:42:00+00:00, execution_date=20251031T144200, start_date=20251031T144403, end_date=20251031T144404
[2025-10-31T20:14:04.187+0530] {local_task_job_runner.py:243} INFO - Task exited with return code 0
[2025-10-31T20:14:04.222+0530] {taskinstance.py:3503} INFO - 1 downstream tasks scheduled from follow-on schedule check
[2025-10-31T20:14:04.225+0530] {local_task_job_runner.py:222} INFO - ::endgroup::
