[2025-11-01T12:49:03.416+0530] {processor.py:161} INFO - Started process (PID=6908) to work on /home/logi/txtai/venv/lib/python3.10/site-packages/airflow/example_dags/plugins/event_listener.py
[2025-11-01T12:49:03.417+0530] {processor.py:830} INFO - Processing file /home/logi/txtai/venv/lib/python3.10/site-packages/airflow/example_dags/plugins/event_listener.py for tasks to queue
[2025-11-01T12:49:03.418+0530] {logging_mixin.py:188} INFO - [2025-11-01T12:49:03.418+0530] {dagbag.py:545} INFO - Filling up the DagBag from /home/logi/txtai/venv/lib/python3.10/site-packages/airflow/example_dags/plugins/event_listener.py
[2025-11-01T12:49:03.420+0530] {processor.py:842} WARNING - No viable dags retrieved from /home/logi/txtai/venv/lib/python3.10/site-packages/airflow/example_dags/plugins/event_listener.py
[2025-11-01T12:49:03.429+0530] {processor.py:183} INFO - Processing /home/logi/txtai/venv/lib/python3.10/site-packages/airflow/example_dags/plugins/event_listener.py took 0.019 seconds
[2025-11-01T12:49:57.778+0530] {processor.py:161} INFO - Started process (PID=7027) to work on /home/logi/txtai/venv/lib/python3.10/site-packages/airflow/example_dags/plugins/event_listener.py
[2025-11-01T12:49:57.791+0530] {processor.py:830} INFO - Processing file /home/logi/txtai/venv/lib/python3.10/site-packages/airflow/example_dags/plugins/event_listener.py for tasks to queue
[2025-11-01T12:49:57.794+0530] {logging_mixin.py:188} INFO - [2025-11-01T12:49:57.793+0530] {dagbag.py:545} INFO - Filling up the DagBag from /home/logi/txtai/venv/lib/python3.10/site-packages/airflow/example_dags/plugins/event_listener.py
[2025-11-01T12:49:57.797+0530] {processor.py:842} WARNING - No viable dags retrieved from /home/logi/txtai/venv/lib/python3.10/site-packages/airflow/example_dags/plugins/event_listener.py
[2025-11-01T12:49:57.816+0530] {processor.py:183} INFO - Processing /home/logi/txtai/venv/lib/python3.10/site-packages/airflow/example_dags/plugins/event_listener.py took 0.048 seconds
[2025-11-01T12:51:16.861+0530] {processor.py:161} INFO - Started process (PID=7403) to work on /home/logi/txtai/venv/lib/python3.10/site-packages/airflow/example_dags/plugins/event_listener.py
[2025-11-01T12:51:16.874+0530] {processor.py:830} INFO - Processing file /home/logi/txtai/venv/lib/python3.10/site-packages/airflow/example_dags/plugins/event_listener.py for tasks to queue
[2025-11-01T12:51:16.877+0530] {logging_mixin.py:188} INFO - [2025-11-01T12:51:16.876+0530] {dagbag.py:545} INFO - Filling up the DagBag from /home/logi/txtai/venv/lib/python3.10/site-packages/airflow/example_dags/plugins/event_listener.py
[2025-11-01T12:51:16.880+0530] {processor.py:842} WARNING - No viable dags retrieved from /home/logi/txtai/venv/lib/python3.10/site-packages/airflow/example_dags/plugins/event_listener.py
[2025-11-01T12:51:16.899+0530] {processor.py:183} INFO - Processing /home/logi/txtai/venv/lib/python3.10/site-packages/airflow/example_dags/plugins/event_listener.py took 0.050 seconds
[2025-11-01T12:52:23.563+0530] {processor.py:161} INFO - Started process (PID=7854) to work on /home/logi/txtai/venv/lib/python3.10/site-packages/airflow/example_dags/plugins/event_listener.py
[2025-11-01T12:52:23.576+0530] {processor.py:830} INFO - Processing file /home/logi/txtai/venv/lib/python3.10/site-packages/airflow/example_dags/plugins/event_listener.py for tasks to queue
[2025-11-01T12:52:23.579+0530] {logging_mixin.py:188} INFO - [2025-11-01T12:52:23.578+0530] {dagbag.py:545} INFO - Filling up the DagBag from /home/logi/txtai/venv/lib/python3.10/site-packages/airflow/example_dags/plugins/event_listener.py
[2025-11-01T12:52:23.581+0530] {processor.py:842} WARNING - No viable dags retrieved from /home/logi/txtai/venv/lib/python3.10/site-packages/airflow/example_dags/plugins/event_listener.py
[2025-11-01T12:52:23.590+0530] {processor.py:183} INFO - Processing /home/logi/txtai/venv/lib/python3.10/site-packages/airflow/example_dags/plugins/event_listener.py took 0.032 seconds
[2025-11-01T12:53:16.723+0530] {processor.py:161} INFO - Started process (PID=7933) to work on /home/logi/txtai/venv/lib/python3.10/site-packages/airflow/example_dags/plugins/event_listener.py
[2025-11-01T12:53:16.736+0530] {processor.py:830} INFO - Processing file /home/logi/txtai/venv/lib/python3.10/site-packages/airflow/example_dags/plugins/event_listener.py for tasks to queue
[2025-11-01T12:53:16.738+0530] {logging_mixin.py:188} INFO - [2025-11-01T12:53:16.738+0530] {dagbag.py:545} INFO - Filling up the DagBag from /home/logi/txtai/venv/lib/python3.10/site-packages/airflow/example_dags/plugins/event_listener.py
[2025-11-01T12:53:16.740+0530] {processor.py:842} WARNING - No viable dags retrieved from /home/logi/txtai/venv/lib/python3.10/site-packages/airflow/example_dags/plugins/event_listener.py
[2025-11-01T12:53:16.752+0530] {processor.py:183} INFO - Processing /home/logi/txtai/venv/lib/python3.10/site-packages/airflow/example_dags/plugins/event_listener.py took 0.039 seconds
[2025-11-01T12:54:13.642+0530] {processor.py:161} INFO - Started process (PID=8169) to work on /home/logi/txtai/venv/lib/python3.10/site-packages/airflow/example_dags/plugins/event_listener.py
[2025-11-01T12:54:13.645+0530] {processor.py:830} INFO - Processing file /home/logi/txtai/venv/lib/python3.10/site-packages/airflow/example_dags/plugins/event_listener.py for tasks to queue
[2025-11-01T12:54:13.647+0530] {logging_mixin.py:188} INFO - [2025-11-01T12:54:13.647+0530] {dagbag.py:545} INFO - Filling up the DagBag from /home/logi/txtai/venv/lib/python3.10/site-packages/airflow/example_dags/plugins/event_listener.py
[2025-11-01T12:54:13.649+0530] {processor.py:842} WARNING - No viable dags retrieved from /home/logi/txtai/venv/lib/python3.10/site-packages/airflow/example_dags/plugins/event_listener.py
[2025-11-01T12:54:13.658+0530] {processor.py:183} INFO - Processing /home/logi/txtai/venv/lib/python3.10/site-packages/airflow/example_dags/plugins/event_listener.py took 0.025 seconds
[2025-11-01T12:55:05.395+0530] {processor.py:161} INFO - Started process (PID=8250) to work on /home/logi/txtai/venv/lib/python3.10/site-packages/airflow/example_dags/plugins/event_listener.py
[2025-11-01T12:55:05.408+0530] {processor.py:830} INFO - Processing file /home/logi/txtai/venv/lib/python3.10/site-packages/airflow/example_dags/plugins/event_listener.py for tasks to queue
[2025-11-01T12:55:05.411+0530] {logging_mixin.py:188} INFO - [2025-11-01T12:55:05.410+0530] {dagbag.py:545} INFO - Filling up the DagBag from /home/logi/txtai/venv/lib/python3.10/site-packages/airflow/example_dags/plugins/event_listener.py
[2025-11-01T12:55:05.414+0530] {processor.py:842} WARNING - No viable dags retrieved from /home/logi/txtai/venv/lib/python3.10/site-packages/airflow/example_dags/plugins/event_listener.py
[2025-11-01T12:55:05.430+0530] {processor.py:183} INFO - Processing /home/logi/txtai/venv/lib/python3.10/site-packages/airflow/example_dags/plugins/event_listener.py took 0.046 seconds
[2025-11-01T12:55:50.028+0530] {processor.py:161} INFO - Started process (PID=8319) to work on /home/logi/txtai/venv/lib/python3.10/site-packages/airflow/example_dags/plugins/event_listener.py
[2025-11-01T12:55:50.041+0530] {processor.py:830} INFO - Processing file /home/logi/txtai/venv/lib/python3.10/site-packages/airflow/example_dags/plugins/event_listener.py for tasks to queue
[2025-11-01T12:55:50.044+0530] {logging_mixin.py:188} INFO - [2025-11-01T12:55:50.043+0530] {dagbag.py:545} INFO - Filling up the DagBag from /home/logi/txtai/venv/lib/python3.10/site-packages/airflow/example_dags/plugins/event_listener.py
[2025-11-01T12:55:50.047+0530] {processor.py:842} WARNING - No viable dags retrieved from /home/logi/txtai/venv/lib/python3.10/site-packages/airflow/example_dags/plugins/event_listener.py
[2025-11-01T12:55:50.069+0530] {processor.py:183} INFO - Processing /home/logi/txtai/venv/lib/python3.10/site-packages/airflow/example_dags/plugins/event_listener.py took 0.057 seconds
[2025-11-01T12:56:52.724+0530] {processor.py:161} INFO - Started process (PID=8568) to work on /home/logi/txtai/venv/lib/python3.10/site-packages/airflow/example_dags/plugins/event_listener.py
[2025-11-01T12:56:52.737+0530] {processor.py:830} INFO - Processing file /home/logi/txtai/venv/lib/python3.10/site-packages/airflow/example_dags/plugins/event_listener.py for tasks to queue
[2025-11-01T12:56:52.740+0530] {logging_mixin.py:188} INFO - [2025-11-01T12:56:52.739+0530] {dagbag.py:545} INFO - Filling up the DagBag from /home/logi/txtai/venv/lib/python3.10/site-packages/airflow/example_dags/plugins/event_listener.py
[2025-11-01T12:56:52.743+0530] {processor.py:842} WARNING - No viable dags retrieved from /home/logi/txtai/venv/lib/python3.10/site-packages/airflow/example_dags/plugins/event_listener.py
[2025-11-01T12:56:52.764+0530] {processor.py:183} INFO - Processing /home/logi/txtai/venv/lib/python3.10/site-packages/airflow/example_dags/plugins/event_listener.py took 0.050 seconds
[2025-11-01T12:57:40.104+0530] {processor.py:161} INFO - Started process (PID=8638) to work on /home/logi/txtai/venv/lib/python3.10/site-packages/airflow/example_dags/plugins/event_listener.py
[2025-11-01T12:57:40.117+0530] {processor.py:830} INFO - Processing file /home/logi/txtai/venv/lib/python3.10/site-packages/airflow/example_dags/plugins/event_listener.py for tasks to queue
[2025-11-01T12:57:40.120+0530] {logging_mixin.py:188} INFO - [2025-11-01T12:57:40.119+0530] {dagbag.py:545} INFO - Filling up the DagBag from /home/logi/txtai/venv/lib/python3.10/site-packages/airflow/example_dags/plugins/event_listener.py
[2025-11-01T12:57:40.123+0530] {processor.py:842} WARNING - No viable dags retrieved from /home/logi/txtai/venv/lib/python3.10/site-packages/airflow/example_dags/plugins/event_listener.py
[2025-11-01T12:57:40.140+0530] {processor.py:183} INFO - Processing /home/logi/txtai/venv/lib/python3.10/site-packages/airflow/example_dags/plugins/event_listener.py took 0.046 seconds
[2025-11-01T12:58:40.336+0530] {processor.py:161} INFO - Started process (PID=8849) to work on /home/logi/txtai/venv/lib/python3.10/site-packages/airflow/example_dags/plugins/event_listener.py
[2025-11-01T12:58:40.349+0530] {processor.py:830} INFO - Processing file /home/logi/txtai/venv/lib/python3.10/site-packages/airflow/example_dags/plugins/event_listener.py for tasks to queue
[2025-11-01T12:58:40.353+0530] {logging_mixin.py:188} INFO - [2025-11-01T12:58:40.352+0530] {dagbag.py:545} INFO - Filling up the DagBag from /home/logi/txtai/venv/lib/python3.10/site-packages/airflow/example_dags/plugins/event_listener.py
[2025-11-01T12:58:40.360+0530] {processor.py:842} WARNING - No viable dags retrieved from /home/logi/txtai/venv/lib/python3.10/site-packages/airflow/example_dags/plugins/event_listener.py
[2025-11-01T12:58:40.378+0530] {processor.py:183} INFO - Processing /home/logi/txtai/venv/lib/python3.10/site-packages/airflow/example_dags/plugins/event_listener.py took 0.056 seconds
[2025-11-01T12:59:33.781+0530] {processor.py:161} INFO - Started process (PID=8954) to work on /home/logi/txtai/venv/lib/python3.10/site-packages/airflow/example_dags/plugins/event_listener.py
[2025-11-01T12:59:33.795+0530] {processor.py:830} INFO - Processing file /home/logi/txtai/venv/lib/python3.10/site-packages/airflow/example_dags/plugins/event_listener.py for tasks to queue
[2025-11-01T12:59:33.798+0530] {logging_mixin.py:188} INFO - [2025-11-01T12:59:33.797+0530] {dagbag.py:545} INFO - Filling up the DagBag from /home/logi/txtai/venv/lib/python3.10/site-packages/airflow/example_dags/plugins/event_listener.py
[2025-11-01T12:59:33.801+0530] {processor.py:842} WARNING - No viable dags retrieved from /home/logi/txtai/venv/lib/python3.10/site-packages/airflow/example_dags/plugins/event_listener.py
[2025-11-01T12:59:33.823+0530] {processor.py:183} INFO - Processing /home/logi/txtai/venv/lib/python3.10/site-packages/airflow/example_dags/plugins/event_listener.py took 0.054 seconds
[2025-11-01T13:00:29.360+0530] {processor.py:161} INFO - Started process (PID=9153) to work on /home/logi/txtai/venv/lib/python3.10/site-packages/airflow/example_dags/plugins/event_listener.py
[2025-11-01T13:00:29.361+0530] {processor.py:830} INFO - Processing file /home/logi/txtai/venv/lib/python3.10/site-packages/airflow/example_dags/plugins/event_listener.py for tasks to queue
[2025-11-01T13:00:29.362+0530] {logging_mixin.py:188} INFO - [2025-11-01T13:00:29.362+0530] {dagbag.py:545} INFO - Filling up the DagBag from /home/logi/txtai/venv/lib/python3.10/site-packages/airflow/example_dags/plugins/event_listener.py
[2025-11-01T13:00:29.364+0530] {processor.py:842} WARNING - No viable dags retrieved from /home/logi/txtai/venv/lib/python3.10/site-packages/airflow/example_dags/plugins/event_listener.py
[2025-11-01T13:00:29.375+0530] {processor.py:183} INFO - Processing /home/logi/txtai/venv/lib/python3.10/site-packages/airflow/example_dags/plugins/event_listener.py took 0.025 seconds
[2025-11-01T13:01:24.569+0530] {processor.py:161} INFO - Started process (PID=9232) to work on /home/logi/txtai/venv/lib/python3.10/site-packages/airflow/example_dags/plugins/event_listener.py
[2025-11-01T13:01:24.582+0530] {processor.py:830} INFO - Processing file /home/logi/txtai/venv/lib/python3.10/site-packages/airflow/example_dags/plugins/event_listener.py for tasks to queue
[2025-11-01T13:01:24.585+0530] {logging_mixin.py:188} INFO - [2025-11-01T13:01:24.585+0530] {dagbag.py:545} INFO - Filling up the DagBag from /home/logi/txtai/venv/lib/python3.10/site-packages/airflow/example_dags/plugins/event_listener.py
[2025-11-01T13:01:24.588+0530] {processor.py:842} WARNING - No viable dags retrieved from /home/logi/txtai/venv/lib/python3.10/site-packages/airflow/example_dags/plugins/event_listener.py
[2025-11-01T13:01:24.597+0530] {processor.py:183} INFO - Processing /home/logi/txtai/venv/lib/python3.10/site-packages/airflow/example_dags/plugins/event_listener.py took 0.035 seconds
[2025-11-01T13:02:28.061+0530] {processor.py:161} INFO - Started process (PID=9583) to work on /home/logi/txtai/venv/lib/python3.10/site-packages/airflow/example_dags/plugins/event_listener.py
[2025-11-01T13:02:28.062+0530] {processor.py:830} INFO - Processing file /home/logi/txtai/venv/lib/python3.10/site-packages/airflow/example_dags/plugins/event_listener.py for tasks to queue
[2025-11-01T13:02:28.063+0530] {logging_mixin.py:188} INFO - [2025-11-01T13:02:28.063+0530] {dagbag.py:545} INFO - Filling up the DagBag from /home/logi/txtai/venv/lib/python3.10/site-packages/airflow/example_dags/plugins/event_listener.py
[2025-11-01T13:02:28.065+0530] {processor.py:842} WARNING - No viable dags retrieved from /home/logi/txtai/venv/lib/python3.10/site-packages/airflow/example_dags/plugins/event_listener.py
[2025-11-01T13:02:28.082+0530] {processor.py:183} INFO - Processing /home/logi/txtai/venv/lib/python3.10/site-packages/airflow/example_dags/plugins/event_listener.py took 0.026 seconds
[2025-11-01T13:03:21.064+0530] {processor.py:161} INFO - Started process (PID=9707) to work on /home/logi/txtai/venv/lib/python3.10/site-packages/airflow/example_dags/plugins/event_listener.py
[2025-11-01T13:03:21.077+0530] {processor.py:830} INFO - Processing file /home/logi/txtai/venv/lib/python3.10/site-packages/airflow/example_dags/plugins/event_listener.py for tasks to queue
[2025-11-01T13:03:21.080+0530] {logging_mixin.py:188} INFO - [2025-11-01T13:03:21.080+0530] {dagbag.py:545} INFO - Filling up the DagBag from /home/logi/txtai/venv/lib/python3.10/site-packages/airflow/example_dags/plugins/event_listener.py
[2025-11-01T13:03:21.083+0530] {processor.py:842} WARNING - No viable dags retrieved from /home/logi/txtai/venv/lib/python3.10/site-packages/airflow/example_dags/plugins/event_listener.py
[2025-11-01T13:03:21.092+0530] {processor.py:183} INFO - Processing /home/logi/txtai/venv/lib/python3.10/site-packages/airflow/example_dags/plugins/event_listener.py took 0.034 seconds
[2025-11-01T13:04:20.353+0530] {processor.py:161} INFO - Started process (PID=10024) to work on /home/logi/txtai/venv/lib/python3.10/site-packages/airflow/example_dags/plugins/event_listener.py
[2025-11-01T13:04:20.366+0530] {processor.py:830} INFO - Processing file /home/logi/txtai/venv/lib/python3.10/site-packages/airflow/example_dags/plugins/event_listener.py for tasks to queue
[2025-11-01T13:04:20.369+0530] {logging_mixin.py:188} INFO - [2025-11-01T13:04:20.369+0530] {dagbag.py:545} INFO - Filling up the DagBag from /home/logi/txtai/venv/lib/python3.10/site-packages/airflow/example_dags/plugins/event_listener.py
[2025-11-01T13:04:20.373+0530] {processor.py:842} WARNING - No viable dags retrieved from /home/logi/txtai/venv/lib/python3.10/site-packages/airflow/example_dags/plugins/event_listener.py
[2025-11-01T13:04:20.390+0530] {processor.py:183} INFO - Processing /home/logi/txtai/venv/lib/python3.10/site-packages/airflow/example_dags/plugins/event_listener.py took 0.049 seconds
[2025-11-01T13:05:15.782+0530] {processor.py:161} INFO - Started process (PID=10151) to work on /home/logi/txtai/venv/lib/python3.10/site-packages/airflow/example_dags/plugins/event_listener.py
[2025-11-01T13:05:15.795+0530] {processor.py:830} INFO - Processing file /home/logi/txtai/venv/lib/python3.10/site-packages/airflow/example_dags/plugins/event_listener.py for tasks to queue
[2025-11-01T13:05:15.797+0530] {logging_mixin.py:188} INFO - [2025-11-01T13:05:15.797+0530] {dagbag.py:545} INFO - Filling up the DagBag from /home/logi/txtai/venv/lib/python3.10/site-packages/airflow/example_dags/plugins/event_listener.py
[2025-11-01T13:05:15.799+0530] {processor.py:842} WARNING - No viable dags retrieved from /home/logi/txtai/venv/lib/python3.10/site-packages/airflow/example_dags/plugins/event_listener.py
[2025-11-01T13:05:15.810+0530] {processor.py:183} INFO - Processing /home/logi/txtai/venv/lib/python3.10/site-packages/airflow/example_dags/plugins/event_listener.py took 0.033 seconds
[2025-11-01T13:06:12.150+0530] {processor.py:161} INFO - Started process (PID=10370) to work on /home/logi/txtai/venv/lib/python3.10/site-packages/airflow/example_dags/plugins/event_listener.py
[2025-11-01T13:06:12.163+0530] {processor.py:830} INFO - Processing file /home/logi/txtai/venv/lib/python3.10/site-packages/airflow/example_dags/plugins/event_listener.py for tasks to queue
[2025-11-01T13:06:12.166+0530] {logging_mixin.py:188} INFO - [2025-11-01T13:06:12.165+0530] {dagbag.py:545} INFO - Filling up the DagBag from /home/logi/txtai/venv/lib/python3.10/site-packages/airflow/example_dags/plugins/event_listener.py
[2025-11-01T13:06:12.170+0530] {processor.py:842} WARNING - No viable dags retrieved from /home/logi/txtai/venv/lib/python3.10/site-packages/airflow/example_dags/plugins/event_listener.py
[2025-11-01T13:06:12.188+0530] {processor.py:183} INFO - Processing /home/logi/txtai/venv/lib/python3.10/site-packages/airflow/example_dags/plugins/event_listener.py took 0.048 seconds
[2025-11-01T13:07:06.610+0530] {processor.py:161} INFO - Started process (PID=10522) to work on /home/logi/txtai/venv/lib/python3.10/site-packages/airflow/example_dags/plugins/event_listener.py
[2025-11-01T13:07:06.612+0530] {processor.py:830} INFO - Processing file /home/logi/txtai/venv/lib/python3.10/site-packages/airflow/example_dags/plugins/event_listener.py for tasks to queue
[2025-11-01T13:07:06.614+0530] {logging_mixin.py:188} INFO - [2025-11-01T13:07:06.613+0530] {dagbag.py:545} INFO - Filling up the DagBag from /home/logi/txtai/venv/lib/python3.10/site-packages/airflow/example_dags/plugins/event_listener.py
[2025-11-01T13:07:06.616+0530] {processor.py:842} WARNING - No viable dags retrieved from /home/logi/txtai/venv/lib/python3.10/site-packages/airflow/example_dags/plugins/event_listener.py
[2025-11-01T13:07:06.626+0530] {processor.py:183} INFO - Processing /home/logi/txtai/venv/lib/python3.10/site-packages/airflow/example_dags/plugins/event_listener.py took 0.025 seconds
[2025-11-01T13:07:56.651+0530] {processor.py:161} INFO - Started process (PID=10660) to work on /home/logi/txtai/venv/lib/python3.10/site-packages/airflow/example_dags/plugins/event_listener.py
[2025-11-01T13:07:56.664+0530] {processor.py:830} INFO - Processing file /home/logi/txtai/venv/lib/python3.10/site-packages/airflow/example_dags/plugins/event_listener.py for tasks to queue
[2025-11-01T13:07:56.666+0530] {logging_mixin.py:188} INFO - [2025-11-01T13:07:56.665+0530] {dagbag.py:545} INFO - Filling up the DagBag from /home/logi/txtai/venv/lib/python3.10/site-packages/airflow/example_dags/plugins/event_listener.py
[2025-11-01T13:07:56.668+0530] {processor.py:842} WARNING - No viable dags retrieved from /home/logi/txtai/venv/lib/python3.10/site-packages/airflow/example_dags/plugins/event_listener.py
[2025-11-01T13:07:56.683+0530] {processor.py:183} INFO - Processing /home/logi/txtai/venv/lib/python3.10/site-packages/airflow/example_dags/plugins/event_listener.py took 0.037 seconds
[2025-11-01T13:08:56.439+0530] {processor.py:161} INFO - Started process (PID=11072) to work on /home/logi/txtai/venv/lib/python3.10/site-packages/airflow/example_dags/plugins/event_listener.py
[2025-11-01T13:08:56.452+0530] {processor.py:830} INFO - Processing file /home/logi/txtai/venv/lib/python3.10/site-packages/airflow/example_dags/plugins/event_listener.py for tasks to queue
[2025-11-01T13:08:56.455+0530] {logging_mixin.py:188} INFO - [2025-11-01T13:08:56.454+0530] {dagbag.py:545} INFO - Filling up the DagBag from /home/logi/txtai/venv/lib/python3.10/site-packages/airflow/example_dags/plugins/event_listener.py
[2025-11-01T13:08:56.458+0530] {processor.py:842} WARNING - No viable dags retrieved from /home/logi/txtai/venv/lib/python3.10/site-packages/airflow/example_dags/plugins/event_listener.py
[2025-11-01T13:08:56.468+0530] {processor.py:183} INFO - Processing /home/logi/txtai/venv/lib/python3.10/site-packages/airflow/example_dags/plugins/event_listener.py took 0.035 seconds
[2025-11-01T13:09:43.563+0530] {processor.py:161} INFO - Started process (PID=11205) to work on /home/logi/txtai/venv/lib/python3.10/site-packages/airflow/example_dags/plugins/event_listener.py
[2025-11-01T13:09:43.570+0530] {processor.py:830} INFO - Processing file /home/logi/txtai/venv/lib/python3.10/site-packages/airflow/example_dags/plugins/event_listener.py for tasks to queue
[2025-11-01T13:09:43.572+0530] {logging_mixin.py:188} INFO - [2025-11-01T13:09:43.572+0530] {dagbag.py:545} INFO - Filling up the DagBag from /home/logi/txtai/venv/lib/python3.10/site-packages/airflow/example_dags/plugins/event_listener.py
[2025-11-01T13:09:43.576+0530] {processor.py:842} WARNING - No viable dags retrieved from /home/logi/txtai/venv/lib/python3.10/site-packages/airflow/example_dags/plugins/event_listener.py
[2025-11-01T13:09:43.594+0530] {processor.py:183} INFO - Processing /home/logi/txtai/venv/lib/python3.10/site-packages/airflow/example_dags/plugins/event_listener.py took 0.043 seconds
[2025-11-01T13:10:43.631+0530] {processor.py:161} INFO - Started process (PID=11416) to work on /home/logi/txtai/venv/lib/python3.10/site-packages/airflow/example_dags/plugins/event_listener.py
[2025-11-01T13:10:43.644+0530] {processor.py:830} INFO - Processing file /home/logi/txtai/venv/lib/python3.10/site-packages/airflow/example_dags/plugins/event_listener.py for tasks to queue
[2025-11-01T13:10:43.648+0530] {logging_mixin.py:188} INFO - [2025-11-01T13:10:43.647+0530] {dagbag.py:545} INFO - Filling up the DagBag from /home/logi/txtai/venv/lib/python3.10/site-packages/airflow/example_dags/plugins/event_listener.py
[2025-11-01T13:10:43.654+0530] {processor.py:842} WARNING - No viable dags retrieved from /home/logi/txtai/venv/lib/python3.10/site-packages/airflow/example_dags/plugins/event_listener.py
[2025-11-01T13:10:43.672+0530] {processor.py:183} INFO - Processing /home/logi/txtai/venv/lib/python3.10/site-packages/airflow/example_dags/plugins/event_listener.py took 0.046 seconds
[2025-11-01T13:11:29.899+0530] {processor.py:161} INFO - Started process (PID=11542) to work on /home/logi/txtai/venv/lib/python3.10/site-packages/airflow/example_dags/plugins/event_listener.py
[2025-11-01T13:11:29.911+0530] {processor.py:830} INFO - Processing file /home/logi/txtai/venv/lib/python3.10/site-packages/airflow/example_dags/plugins/event_listener.py for tasks to queue
[2025-11-01T13:11:29.914+0530] {logging_mixin.py:188} INFO - [2025-11-01T13:11:29.914+0530] {dagbag.py:545} INFO - Filling up the DagBag from /home/logi/txtai/venv/lib/python3.10/site-packages/airflow/example_dags/plugins/event_listener.py
[2025-11-01T13:11:29.916+0530] {processor.py:842} WARNING - No viable dags retrieved from /home/logi/txtai/venv/lib/python3.10/site-packages/airflow/example_dags/plugins/event_listener.py
[2025-11-01T13:11:29.925+0530] {processor.py:183} INFO - Processing /home/logi/txtai/venv/lib/python3.10/site-packages/airflow/example_dags/plugins/event_listener.py took 0.033 seconds
[2025-11-01T13:12:25.373+0530] {processor.py:161} INFO - Started process (PID=11789) to work on /home/logi/txtai/venv/lib/python3.10/site-packages/airflow/example_dags/plugins/event_listener.py
[2025-11-01T13:12:25.387+0530] {processor.py:830} INFO - Processing file /home/logi/txtai/venv/lib/python3.10/site-packages/airflow/example_dags/plugins/event_listener.py for tasks to queue
[2025-11-01T13:12:25.390+0530] {logging_mixin.py:188} INFO - [2025-11-01T13:12:25.389+0530] {dagbag.py:545} INFO - Filling up the DagBag from /home/logi/txtai/venv/lib/python3.10/site-packages/airflow/example_dags/plugins/event_listener.py
[2025-11-01T13:12:25.393+0530] {processor.py:842} WARNING - No viable dags retrieved from /home/logi/txtai/venv/lib/python3.10/site-packages/airflow/example_dags/plugins/event_listener.py
[2025-11-01T13:12:25.411+0530] {processor.py:183} INFO - Processing /home/logi/txtai/venv/lib/python3.10/site-packages/airflow/example_dags/plugins/event_listener.py took 0.048 seconds
[2025-11-01T13:13:18.375+0530] {processor.py:161} INFO - Started process (PID=11907) to work on /home/logi/txtai/venv/lib/python3.10/site-packages/airflow/example_dags/plugins/event_listener.py
[2025-11-01T13:13:18.388+0530] {processor.py:830} INFO - Processing file /home/logi/txtai/venv/lib/python3.10/site-packages/airflow/example_dags/plugins/event_listener.py for tasks to queue
[2025-11-01T13:13:18.391+0530] {logging_mixin.py:188} INFO - [2025-11-01T13:13:18.390+0530] {dagbag.py:545} INFO - Filling up the DagBag from /home/logi/txtai/venv/lib/python3.10/site-packages/airflow/example_dags/plugins/event_listener.py
[2025-11-01T13:13:18.394+0530] {processor.py:842} WARNING - No viable dags retrieved from /home/logi/txtai/venv/lib/python3.10/site-packages/airflow/example_dags/plugins/event_listener.py
[2025-11-01T13:13:18.415+0530] {processor.py:183} INFO - Processing /home/logi/txtai/venv/lib/python3.10/site-packages/airflow/example_dags/plugins/event_listener.py took 0.051 seconds
[2025-11-01T13:14:13.765+0530] {processor.py:161} INFO - Started process (PID=12179) to work on /home/logi/txtai/venv/lib/python3.10/site-packages/airflow/example_dags/plugins/event_listener.py
[2025-11-01T13:14:13.778+0530] {processor.py:830} INFO - Processing file /home/logi/txtai/venv/lib/python3.10/site-packages/airflow/example_dags/plugins/event_listener.py for tasks to queue
[2025-11-01T13:14:13.780+0530] {logging_mixin.py:188} INFO - [2025-11-01T13:14:13.780+0530] {dagbag.py:545} INFO - Filling up the DagBag from /home/logi/txtai/venv/lib/python3.10/site-packages/airflow/example_dags/plugins/event_listener.py
[2025-11-01T13:14:13.782+0530] {processor.py:842} WARNING - No viable dags retrieved from /home/logi/txtai/venv/lib/python3.10/site-packages/airflow/example_dags/plugins/event_listener.py
[2025-11-01T13:14:13.797+0530] {processor.py:183} INFO - Processing /home/logi/txtai/venv/lib/python3.10/site-packages/airflow/example_dags/plugins/event_listener.py took 0.037 seconds
