[2025-11-01T12:48:47.225+0530] {processor.py:161} INFO - Started process (PID=6751) to work on /home/logi/txtai/venv/lib/python3.10/site-packages/airflow/example_dags/plugins/listener_plugin.py
[2025-11-01T12:48:47.231+0530] {processor.py:830} INFO - Processing file /home/logi/txtai/venv/lib/python3.10/site-packages/airflow/example_dags/plugins/listener_plugin.py for tasks to queue
[2025-11-01T12:48:47.241+0530] {logging_mixin.py:188} INFO - [2025-11-01T12:48:47.239+0530] {dagbag.py:545} INFO - Filling up the DagBag from /home/logi/txtai/venv/lib/python3.10/site-packages/airflow/example_dags/plugins/listener_plugin.py
[2025-11-01T12:48:47.254+0530] {processor.py:842} WARNING - No viable dags retrieved from /home/logi/txtai/venv/lib/python3.10/site-packages/airflow/example_dags/plugins/listener_plugin.py
[2025-11-01T12:48:47.272+0530] {processor.py:183} INFO - Processing /home/logi/txtai/venv/lib/python3.10/site-packages/airflow/example_dags/plugins/listener_plugin.py took 0.071 seconds
[2025-11-01T12:49:51.450+0530] {processor.py:161} INFO - Started process (PID=7008) to work on /home/logi/txtai/venv/lib/python3.10/site-packages/airflow/example_dags/plugins/listener_plugin.py
[2025-11-01T12:49:51.451+0530] {processor.py:830} INFO - Processing file /home/logi/txtai/venv/lib/python3.10/site-packages/airflow/example_dags/plugins/listener_plugin.py for tasks to queue
[2025-11-01T12:49:51.453+0530] {logging_mixin.py:188} INFO - [2025-11-01T12:49:51.453+0530] {dagbag.py:545} INFO - Filling up the DagBag from /home/logi/txtai/venv/lib/python3.10/site-packages/airflow/example_dags/plugins/listener_plugin.py
[2025-11-01T12:49:51.455+0530] {processor.py:842} WARNING - No viable dags retrieved from /home/logi/txtai/venv/lib/python3.10/site-packages/airflow/example_dags/plugins/listener_plugin.py
[2025-11-01T12:49:51.465+0530] {processor.py:183} INFO - Processing /home/logi/txtai/venv/lib/python3.10/site-packages/airflow/example_dags/plugins/listener_plugin.py took 0.020 seconds
[2025-11-01T12:50:28.512+0530] {processor.py:161} INFO - Started process (PID=7245) to work on /home/logi/txtai/venv/lib/python3.10/site-packages/airflow/example_dags/plugins/listener_plugin.py
[2025-11-01T12:50:28.525+0530] {processor.py:830} INFO - Processing file /home/logi/txtai/venv/lib/python3.10/site-packages/airflow/example_dags/plugins/listener_plugin.py for tasks to queue
[2025-11-01T12:50:28.527+0530] {logging_mixin.py:188} INFO - [2025-11-01T12:50:28.527+0530] {dagbag.py:545} INFO - Filling up the DagBag from /home/logi/txtai/venv/lib/python3.10/site-packages/airflow/example_dags/plugins/listener_plugin.py
[2025-11-01T12:50:28.530+0530] {processor.py:842} WARNING - No viable dags retrieved from /home/logi/txtai/venv/lib/python3.10/site-packages/airflow/example_dags/plugins/listener_plugin.py
[2025-11-01T12:50:28.545+0530] {processor.py:183} INFO - Processing /home/logi/txtai/venv/lib/python3.10/site-packages/airflow/example_dags/plugins/listener_plugin.py took 0.038 seconds
[2025-11-01T12:51:09.447+0530] {processor.py:161} INFO - Started process (PID=7384) to work on /home/logi/txtai/venv/lib/python3.10/site-packages/airflow/example_dags/plugins/listener_plugin.py
[2025-11-01T12:51:09.464+0530] {processor.py:830} INFO - Processing file /home/logi/txtai/venv/lib/python3.10/site-packages/airflow/example_dags/plugins/listener_plugin.py for tasks to queue
[2025-11-01T12:51:09.468+0530] {logging_mixin.py:188} INFO - [2025-11-01T12:51:09.467+0530] {dagbag.py:545} INFO - Filling up the DagBag from /home/logi/txtai/venv/lib/python3.10/site-packages/airflow/example_dags/plugins/listener_plugin.py
[2025-11-01T12:51:09.477+0530] {processor.py:842} WARNING - No viable dags retrieved from /home/logi/txtai/venv/lib/python3.10/site-packages/airflow/example_dags/plugins/listener_plugin.py
[2025-11-01T12:51:09.498+0530] {processor.py:183} INFO - Processing /home/logi/txtai/venv/lib/python3.10/site-packages/airflow/example_dags/plugins/listener_plugin.py took 0.057 seconds
[2025-11-01T12:52:17.395+0530] {processor.py:161} INFO - Started process (PID=7809) to work on /home/logi/txtai/venv/lib/python3.10/site-packages/airflow/example_dags/plugins/listener_plugin.py
[2025-11-01T12:52:17.408+0530] {processor.py:830} INFO - Processing file /home/logi/txtai/venv/lib/python3.10/site-packages/airflow/example_dags/plugins/listener_plugin.py for tasks to queue
[2025-11-01T12:52:17.411+0530] {logging_mixin.py:188} INFO - [2025-11-01T12:52:17.410+0530] {dagbag.py:545} INFO - Filling up the DagBag from /home/logi/txtai/venv/lib/python3.10/site-packages/airflow/example_dags/plugins/listener_plugin.py
[2025-11-01T12:52:17.415+0530] {processor.py:842} WARNING - No viable dags retrieved from /home/logi/txtai/venv/lib/python3.10/site-packages/airflow/example_dags/plugins/listener_plugin.py
[2025-11-01T12:52:17.433+0530] {processor.py:183} INFO - Processing /home/logi/txtai/venv/lib/python3.10/site-packages/airflow/example_dags/plugins/listener_plugin.py took 0.049 seconds
[2025-11-01T12:52:49.654+0530] {processor.py:161} INFO - Started process (PID=7894) to work on /home/logi/txtai/venv/lib/python3.10/site-packages/airflow/example_dags/plugins/listener_plugin.py
[2025-11-01T12:52:49.667+0530] {processor.py:830} INFO - Processing file /home/logi/txtai/venv/lib/python3.10/site-packages/airflow/example_dags/plugins/listener_plugin.py for tasks to queue
[2025-11-01T12:52:49.670+0530] {logging_mixin.py:188} INFO - [2025-11-01T12:52:49.669+0530] {dagbag.py:545} INFO - Filling up the DagBag from /home/logi/txtai/venv/lib/python3.10/site-packages/airflow/example_dags/plugins/listener_plugin.py
[2025-11-01T12:52:49.674+0530] {processor.py:842} WARNING - No viable dags retrieved from /home/logi/txtai/venv/lib/python3.10/site-packages/airflow/example_dags/plugins/listener_plugin.py
[2025-11-01T12:52:49.690+0530] {processor.py:183} INFO - Processing /home/logi/txtai/venv/lib/python3.10/site-packages/airflow/example_dags/plugins/listener_plugin.py took 0.041 seconds
[2025-11-01T12:53:38.022+0530] {processor.py:161} INFO - Started process (PID=7970) to work on /home/logi/txtai/venv/lib/python3.10/site-packages/airflow/example_dags/plugins/listener_plugin.py
[2025-11-01T12:53:38.035+0530] {processor.py:830} INFO - Processing file /home/logi/txtai/venv/lib/python3.10/site-packages/airflow/example_dags/plugins/listener_plugin.py for tasks to queue
[2025-11-01T12:53:38.037+0530] {logging_mixin.py:188} INFO - [2025-11-01T12:53:38.037+0530] {dagbag.py:545} INFO - Filling up the DagBag from /home/logi/txtai/venv/lib/python3.10/site-packages/airflow/example_dags/plugins/listener_plugin.py
[2025-11-01T12:53:38.041+0530] {processor.py:842} WARNING - No viable dags retrieved from /home/logi/txtai/venv/lib/python3.10/site-packages/airflow/example_dags/plugins/listener_plugin.py
[2025-11-01T12:53:38.050+0530] {processor.py:183} INFO - Processing /home/logi/txtai/venv/lib/python3.10/site-packages/airflow/example_dags/plugins/listener_plugin.py took 0.034 seconds
[2025-11-01T12:54:35.925+0530] {processor.py:161} INFO - Started process (PID=8204) to work on /home/logi/txtai/venv/lib/python3.10/site-packages/airflow/example_dags/plugins/listener_plugin.py
[2025-11-01T12:54:35.939+0530] {processor.py:830} INFO - Processing file /home/logi/txtai/venv/lib/python3.10/site-packages/airflow/example_dags/plugins/listener_plugin.py for tasks to queue
[2025-11-01T12:54:35.942+0530] {logging_mixin.py:188} INFO - [2025-11-01T12:54:35.941+0530] {dagbag.py:545} INFO - Filling up the DagBag from /home/logi/txtai/venv/lib/python3.10/site-packages/airflow/example_dags/plugins/listener_plugin.py
[2025-11-01T12:54:35.947+0530] {processor.py:842} WARNING - No viable dags retrieved from /home/logi/txtai/venv/lib/python3.10/site-packages/airflow/example_dags/plugins/listener_plugin.py
[2025-11-01T12:54:35.964+0530] {processor.py:183} INFO - Processing /home/logi/txtai/venv/lib/python3.10/site-packages/airflow/example_dags/plugins/listener_plugin.py took 0.047 seconds
[2025-11-01T12:55:24.679+0530] {processor.py:161} INFO - Started process (PID=8281) to work on /home/logi/txtai/venv/lib/python3.10/site-packages/airflow/example_dags/plugins/listener_plugin.py
[2025-11-01T12:55:24.692+0530] {processor.py:830} INFO - Processing file /home/logi/txtai/venv/lib/python3.10/site-packages/airflow/example_dags/plugins/listener_plugin.py for tasks to queue
[2025-11-01T12:55:24.696+0530] {logging_mixin.py:188} INFO - [2025-11-01T12:55:24.695+0530] {dagbag.py:545} INFO - Filling up the DagBag from /home/logi/txtai/venv/lib/python3.10/site-packages/airflow/example_dags/plugins/listener_plugin.py
[2025-11-01T12:55:24.700+0530] {processor.py:842} WARNING - No viable dags retrieved from /home/logi/txtai/venv/lib/python3.10/site-packages/airflow/example_dags/plugins/listener_plugin.py
[2025-11-01T12:55:24.716+0530] {processor.py:183} INFO - Processing /home/logi/txtai/venv/lib/python3.10/site-packages/airflow/example_dags/plugins/listener_plugin.py took 0.047 seconds
[2025-11-01T12:56:18.163+0530] {processor.py:161} INFO - Started process (PID=8491) to work on /home/logi/txtai/venv/lib/python3.10/site-packages/airflow/example_dags/plugins/listener_plugin.py
[2025-11-01T12:56:18.175+0530] {processor.py:830} INFO - Processing file /home/logi/txtai/venv/lib/python3.10/site-packages/airflow/example_dags/plugins/listener_plugin.py for tasks to queue
[2025-11-01T12:56:18.178+0530] {logging_mixin.py:188} INFO - [2025-11-01T12:56:18.177+0530] {dagbag.py:545} INFO - Filling up the DagBag from /home/logi/txtai/venv/lib/python3.10/site-packages/airflow/example_dags/plugins/listener_plugin.py
[2025-11-01T12:56:18.181+0530] {processor.py:842} WARNING - No viable dags retrieved from /home/logi/txtai/venv/lib/python3.10/site-packages/airflow/example_dags/plugins/listener_plugin.py
[2025-11-01T12:56:18.192+0530] {processor.py:183} INFO - Processing /home/logi/txtai/venv/lib/python3.10/site-packages/airflow/example_dags/plugins/listener_plugin.py took 0.034 seconds
[2025-11-01T12:57:10.851+0530] {processor.py:161} INFO - Started process (PID=8587) to work on /home/logi/txtai/venv/lib/python3.10/site-packages/airflow/example_dags/plugins/listener_plugin.py
[2025-11-01T12:57:10.864+0530] {processor.py:830} INFO - Processing file /home/logi/txtai/venv/lib/python3.10/site-packages/airflow/example_dags/plugins/listener_plugin.py for tasks to queue
[2025-11-01T12:57:10.867+0530] {logging_mixin.py:188} INFO - [2025-11-01T12:57:10.867+0530] {dagbag.py:545} INFO - Filling up the DagBag from /home/logi/txtai/venv/lib/python3.10/site-packages/airflow/example_dags/plugins/listener_plugin.py
[2025-11-01T12:57:10.871+0530] {processor.py:842} WARNING - No viable dags retrieved from /home/logi/txtai/venv/lib/python3.10/site-packages/airflow/example_dags/plugins/listener_plugin.py
[2025-11-01T12:57:10.891+0530] {processor.py:183} INFO - Processing /home/logi/txtai/venv/lib/python3.10/site-packages/airflow/example_dags/plugins/listener_plugin.py took 0.050 seconds
[2025-11-01T12:58:00.488+0530] {processor.py:161} INFO - Started process (PID=8659) to work on /home/logi/txtai/venv/lib/python3.10/site-packages/airflow/example_dags/plugins/listener_plugin.py
[2025-11-01T12:58:00.501+0530] {processor.py:830} INFO - Processing file /home/logi/txtai/venv/lib/python3.10/site-packages/airflow/example_dags/plugins/listener_plugin.py for tasks to queue
[2025-11-01T12:58:00.504+0530] {logging_mixin.py:188} INFO - [2025-11-01T12:58:00.504+0530] {dagbag.py:545} INFO - Filling up the DagBag from /home/logi/txtai/venv/lib/python3.10/site-packages/airflow/example_dags/plugins/listener_plugin.py
[2025-11-01T12:58:00.509+0530] {processor.py:842} WARNING - No viable dags retrieved from /home/logi/txtai/venv/lib/python3.10/site-packages/airflow/example_dags/plugins/listener_plugin.py
[2025-11-01T12:58:00.526+0530] {processor.py:183} INFO - Processing /home/logi/txtai/venv/lib/python3.10/site-packages/airflow/example_dags/plugins/listener_plugin.py took 0.049 seconds
[2025-11-01T12:58:35.505+0530] {processor.py:161} INFO - Started process (PID=8832) to work on /home/logi/txtai/venv/lib/python3.10/site-packages/airflow/example_dags/plugins/listener_plugin.py
[2025-11-01T12:58:35.518+0530] {processor.py:830} INFO - Processing file /home/logi/txtai/venv/lib/python3.10/site-packages/airflow/example_dags/plugins/listener_plugin.py for tasks to queue
[2025-11-01T12:58:35.521+0530] {logging_mixin.py:188} INFO - [2025-11-01T12:58:35.520+0530] {dagbag.py:545} INFO - Filling up the DagBag from /home/logi/txtai/venv/lib/python3.10/site-packages/airflow/example_dags/plugins/listener_plugin.py
[2025-11-01T12:58:35.525+0530] {processor.py:842} WARNING - No viable dags retrieved from /home/logi/txtai/venv/lib/python3.10/site-packages/airflow/example_dags/plugins/listener_plugin.py
[2025-11-01T12:58:35.542+0530] {processor.py:183} INFO - Processing /home/logi/txtai/venv/lib/python3.10/site-packages/airflow/example_dags/plugins/listener_plugin.py took 0.047 seconds
[2025-11-01T12:59:28.387+0530] {processor.py:161} INFO - Started process (PID=8938) to work on /home/logi/txtai/venv/lib/python3.10/site-packages/airflow/example_dags/plugins/listener_plugin.py
[2025-11-01T12:59:28.402+0530] {processor.py:830} INFO - Processing file /home/logi/txtai/venv/lib/python3.10/site-packages/airflow/example_dags/plugins/listener_plugin.py for tasks to queue
[2025-11-01T12:59:28.406+0530] {logging_mixin.py:188} INFO - [2025-11-01T12:59:28.405+0530] {dagbag.py:545} INFO - Filling up the DagBag from /home/logi/txtai/venv/lib/python3.10/site-packages/airflow/example_dags/plugins/listener_plugin.py
[2025-11-01T12:59:28.410+0530] {processor.py:842} WARNING - No viable dags retrieved from /home/logi/txtai/venv/lib/python3.10/site-packages/airflow/example_dags/plugins/listener_plugin.py
[2025-11-01T12:59:28.426+0530] {processor.py:183} INFO - Processing /home/logi/txtai/venv/lib/python3.10/site-packages/airflow/example_dags/plugins/listener_plugin.py took 0.050 seconds
[2025-11-01T13:00:22.820+0530] {processor.py:161} INFO - Started process (PID=9135) to work on /home/logi/txtai/venv/lib/python3.10/site-packages/airflow/example_dags/plugins/listener_plugin.py
[2025-11-01T13:00:22.833+0530] {processor.py:830} INFO - Processing file /home/logi/txtai/venv/lib/python3.10/site-packages/airflow/example_dags/plugins/listener_plugin.py for tasks to queue
[2025-11-01T13:00:22.835+0530] {logging_mixin.py:188} INFO - [2025-11-01T13:00:22.835+0530] {dagbag.py:545} INFO - Filling up the DagBag from /home/logi/txtai/venv/lib/python3.10/site-packages/airflow/example_dags/plugins/listener_plugin.py
[2025-11-01T13:00:22.839+0530] {processor.py:842} WARNING - No viable dags retrieved from /home/logi/txtai/venv/lib/python3.10/site-packages/airflow/example_dags/plugins/listener_plugin.py
[2025-11-01T13:00:22.860+0530] {processor.py:183} INFO - Processing /home/logi/txtai/venv/lib/python3.10/site-packages/airflow/example_dags/plugins/listener_plugin.py took 0.046 seconds
[2025-11-01T13:01:17.504+0530] {processor.py:161} INFO - Started process (PID=9215) to work on /home/logi/txtai/venv/lib/python3.10/site-packages/airflow/example_dags/plugins/listener_plugin.py
[2025-11-01T13:01:17.505+0530] {processor.py:830} INFO - Processing file /home/logi/txtai/venv/lib/python3.10/site-packages/airflow/example_dags/plugins/listener_plugin.py for tasks to queue
[2025-11-01T13:01:17.507+0530] {logging_mixin.py:188} INFO - [2025-11-01T13:01:17.507+0530] {dagbag.py:545} INFO - Filling up the DagBag from /home/logi/txtai/venv/lib/python3.10/site-packages/airflow/example_dags/plugins/listener_plugin.py
[2025-11-01T13:01:17.509+0530] {processor.py:842} WARNING - No viable dags retrieved from /home/logi/txtai/venv/lib/python3.10/site-packages/airflow/example_dags/plugins/listener_plugin.py
[2025-11-01T13:01:17.519+0530] {processor.py:183} INFO - Processing /home/logi/txtai/venv/lib/python3.10/site-packages/airflow/example_dags/plugins/listener_plugin.py took 0.021 seconds
[2025-11-01T13:02:21.743+0530] {processor.py:161} INFO - Started process (PID=9562) to work on /home/logi/txtai/venv/lib/python3.10/site-packages/airflow/example_dags/plugins/listener_plugin.py
[2025-11-01T13:02:21.756+0530] {processor.py:830} INFO - Processing file /home/logi/txtai/venv/lib/python3.10/site-packages/airflow/example_dags/plugins/listener_plugin.py for tasks to queue
[2025-11-01T13:02:21.759+0530] {logging_mixin.py:188} INFO - [2025-11-01T13:02:21.759+0530] {dagbag.py:545} INFO - Filling up the DagBag from /home/logi/txtai/venv/lib/python3.10/site-packages/airflow/example_dags/plugins/listener_plugin.py
[2025-11-01T13:02:21.763+0530] {processor.py:842} WARNING - No viable dags retrieved from /home/logi/txtai/venv/lib/python3.10/site-packages/airflow/example_dags/plugins/listener_plugin.py
[2025-11-01T13:02:21.782+0530] {processor.py:183} INFO - Processing /home/logi/txtai/venv/lib/python3.10/site-packages/airflow/example_dags/plugins/listener_plugin.py took 0.048 seconds
[2025-11-01T13:02:56.612+0530] {processor.py:161} INFO - Started process (PID=9650) to work on /home/logi/txtai/venv/lib/python3.10/site-packages/airflow/example_dags/plugins/listener_plugin.py
[2025-11-01T13:02:56.625+0530] {processor.py:830} INFO - Processing file /home/logi/txtai/venv/lib/python3.10/site-packages/airflow/example_dags/plugins/listener_plugin.py for tasks to queue
[2025-11-01T13:02:56.628+0530] {logging_mixin.py:188} INFO - [2025-11-01T13:02:56.628+0530] {dagbag.py:545} INFO - Filling up the DagBag from /home/logi/txtai/venv/lib/python3.10/site-packages/airflow/example_dags/plugins/listener_plugin.py
[2025-11-01T13:02:56.631+0530] {processor.py:842} WARNING - No viable dags retrieved from /home/logi/txtai/venv/lib/python3.10/site-packages/airflow/example_dags/plugins/listener_plugin.py
[2025-11-01T13:02:56.640+0530] {processor.py:183} INFO - Processing /home/logi/txtai/venv/lib/python3.10/site-packages/airflow/example_dags/plugins/listener_plugin.py took 0.034 seconds
[2025-11-01T13:03:44.364+0530] {processor.py:161} INFO - Started process (PID=9786) to work on /home/logi/txtai/venv/lib/python3.10/site-packages/airflow/example_dags/plugins/listener_plugin.py
[2025-11-01T13:03:44.378+0530] {processor.py:830} INFO - Processing file /home/logi/txtai/venv/lib/python3.10/site-packages/airflow/example_dags/plugins/listener_plugin.py for tasks to queue
[2025-11-01T13:03:44.381+0530] {logging_mixin.py:188} INFO - [2025-11-01T13:03:44.381+0530] {dagbag.py:545} INFO - Filling up the DagBag from /home/logi/txtai/venv/lib/python3.10/site-packages/airflow/example_dags/plugins/listener_plugin.py
[2025-11-01T13:03:44.385+0530] {processor.py:842} WARNING - No viable dags retrieved from /home/logi/txtai/venv/lib/python3.10/site-packages/airflow/example_dags/plugins/listener_plugin.py
[2025-11-01T13:03:44.403+0530] {processor.py:183} INFO - Processing /home/logi/txtai/venv/lib/python3.10/site-packages/airflow/example_dags/plugins/listener_plugin.py took 0.051 seconds
[2025-11-01T13:04:16.892+0530] {processor.py:161} INFO - Started process (PID=9988) to work on /home/logi/txtai/venv/lib/python3.10/site-packages/airflow/example_dags/plugins/listener_plugin.py
[2025-11-01T13:04:16.905+0530] {processor.py:830} INFO - Processing file /home/logi/txtai/venv/lib/python3.10/site-packages/airflow/example_dags/plugins/listener_plugin.py for tasks to queue
[2025-11-01T13:04:16.908+0530] {logging_mixin.py:188} INFO - [2025-11-01T13:04:16.907+0530] {dagbag.py:545} INFO - Filling up the DagBag from /home/logi/txtai/venv/lib/python3.10/site-packages/airflow/example_dags/plugins/listener_plugin.py
[2025-11-01T13:04:16.912+0530] {processor.py:842} WARNING - No viable dags retrieved from /home/logi/txtai/venv/lib/python3.10/site-packages/airflow/example_dags/plugins/listener_plugin.py
[2025-11-01T13:04:16.934+0530] {processor.py:183} INFO - Processing /home/logi/txtai/venv/lib/python3.10/site-packages/airflow/example_dags/plugins/listener_plugin.py took 0.052 seconds
[2025-11-01T13:04:51.023+0530] {processor.py:161} INFO - Started process (PID=10093) to work on /home/logi/txtai/venv/lib/python3.10/site-packages/airflow/example_dags/plugins/listener_plugin.py
[2025-11-01T13:04:51.037+0530] {processor.py:830} INFO - Processing file /home/logi/txtai/venv/lib/python3.10/site-packages/airflow/example_dags/plugins/listener_plugin.py for tasks to queue
[2025-11-01T13:04:51.040+0530] {logging_mixin.py:188} INFO - [2025-11-01T13:04:51.039+0530] {dagbag.py:545} INFO - Filling up the DagBag from /home/logi/txtai/venv/lib/python3.10/site-packages/airflow/example_dags/plugins/listener_plugin.py
[2025-11-01T13:04:51.042+0530] {processor.py:842} WARNING - No viable dags retrieved from /home/logi/txtai/venv/lib/python3.10/site-packages/airflow/example_dags/plugins/listener_plugin.py
[2025-11-01T13:04:51.052+0530] {processor.py:183} INFO - Processing /home/logi/txtai/venv/lib/python3.10/site-packages/airflow/example_dags/plugins/listener_plugin.py took 0.050 seconds
[2025-11-01T13:05:43.078+0530] {processor.py:161} INFO - Started process (PID=10210) to work on /home/logi/txtai/venv/lib/python3.10/site-packages/airflow/example_dags/plugins/listener_plugin.py
[2025-11-01T13:05:43.091+0530] {processor.py:830} INFO - Processing file /home/logi/txtai/venv/lib/python3.10/site-packages/airflow/example_dags/plugins/listener_plugin.py for tasks to queue
[2025-11-01T13:05:43.094+0530] {logging_mixin.py:188} INFO - [2025-11-01T13:05:43.094+0530] {dagbag.py:545} INFO - Filling up the DagBag from /home/logi/txtai/venv/lib/python3.10/site-packages/airflow/example_dags/plugins/listener_plugin.py
[2025-11-01T13:05:43.098+0530] {processor.py:842} WARNING - No viable dags retrieved from /home/logi/txtai/venv/lib/python3.10/site-packages/airflow/example_dags/plugins/listener_plugin.py
[2025-11-01T13:05:43.120+0530] {processor.py:183} INFO - Processing /home/logi/txtai/venv/lib/python3.10/site-packages/airflow/example_dags/plugins/listener_plugin.py took 0.052 seconds
[2025-11-01T13:06:41.020+0530] {processor.py:161} INFO - Started process (PID=10465) to work on /home/logi/txtai/venv/lib/python3.10/site-packages/airflow/example_dags/plugins/listener_plugin.py
[2025-11-01T13:06:41.033+0530] {processor.py:830} INFO - Processing file /home/logi/txtai/venv/lib/python3.10/site-packages/airflow/example_dags/plugins/listener_plugin.py for tasks to queue
[2025-11-01T13:06:41.036+0530] {logging_mixin.py:188} INFO - [2025-11-01T13:06:41.036+0530] {dagbag.py:545} INFO - Filling up the DagBag from /home/logi/txtai/venv/lib/python3.10/site-packages/airflow/example_dags/plugins/listener_plugin.py
[2025-11-01T13:06:41.041+0530] {processor.py:842} WARNING - No viable dags retrieved from /home/logi/txtai/venv/lib/python3.10/site-packages/airflow/example_dags/plugins/listener_plugin.py
[2025-11-01T13:06:41.052+0530] {processor.py:183} INFO - Processing /home/logi/txtai/venv/lib/python3.10/site-packages/airflow/example_dags/plugins/listener_plugin.py took 0.038 seconds
[2025-11-01T13:07:32.737+0530] {processor.py:161} INFO - Started process (PID=10581) to work on /home/logi/txtai/venv/lib/python3.10/site-packages/airflow/example_dags/plugins/listener_plugin.py
[2025-11-01T13:07:32.749+0530] {processor.py:830} INFO - Processing file /home/logi/txtai/venv/lib/python3.10/site-packages/airflow/example_dags/plugins/listener_plugin.py for tasks to queue
[2025-11-01T13:07:32.752+0530] {logging_mixin.py:188} INFO - [2025-11-01T13:07:32.751+0530] {dagbag.py:545} INFO - Filling up the DagBag from /home/logi/txtai/venv/lib/python3.10/site-packages/airflow/example_dags/plugins/listener_plugin.py
[2025-11-01T13:07:32.758+0530] {processor.py:842} WARNING - No viable dags retrieved from /home/logi/txtai/venv/lib/python3.10/site-packages/airflow/example_dags/plugins/listener_plugin.py
[2025-11-01T13:07:32.781+0530] {processor.py:183} INFO - Processing /home/logi/txtai/venv/lib/python3.10/site-packages/airflow/example_dags/plugins/listener_plugin.py took 0.050 seconds
[2025-11-01T13:08:28.344+0530] {processor.py:161} INFO - Started process (PID=10868) to work on /home/logi/txtai/venv/lib/python3.10/site-packages/airflow/example_dags/plugins/listener_plugin.py
[2025-11-01T13:08:28.359+0530] {processor.py:830} INFO - Processing file /home/logi/txtai/venv/lib/python3.10/site-packages/airflow/example_dags/plugins/listener_plugin.py for tasks to queue
[2025-11-01T13:08:28.364+0530] {logging_mixin.py:188} INFO - [2025-11-01T13:08:28.363+0530] {dagbag.py:545} INFO - Filling up the DagBag from /home/logi/txtai/venv/lib/python3.10/site-packages/airflow/example_dags/plugins/listener_plugin.py
[2025-11-01T13:08:28.371+0530] {processor.py:842} WARNING - No viable dags retrieved from /home/logi/txtai/venv/lib/python3.10/site-packages/airflow/example_dags/plugins/listener_plugin.py
[2025-11-01T13:08:28.398+0530] {processor.py:183} INFO - Processing /home/logi/txtai/venv/lib/python3.10/site-packages/airflow/example_dags/plugins/listener_plugin.py took 0.071 seconds
[2025-11-01T13:09:21.270+0530] {processor.py:161} INFO - Started process (PID=11109) to work on /home/logi/txtai/venv/lib/python3.10/site-packages/airflow/example_dags/plugins/listener_plugin.py
[2025-11-01T13:09:21.283+0530] {processor.py:830} INFO - Processing file /home/logi/txtai/venv/lib/python3.10/site-packages/airflow/example_dags/plugins/listener_plugin.py for tasks to queue
[2025-11-01T13:09:21.286+0530] {logging_mixin.py:188} INFO - [2025-11-01T13:09:21.285+0530] {dagbag.py:545} INFO - Filling up the DagBag from /home/logi/txtai/venv/lib/python3.10/site-packages/airflow/example_dags/plugins/listener_plugin.py
[2025-11-01T13:09:21.289+0530] {processor.py:842} WARNING - No viable dags retrieved from /home/logi/txtai/venv/lib/python3.10/site-packages/airflow/example_dags/plugins/listener_plugin.py
[2025-11-01T13:09:21.300+0530] {processor.py:183} INFO - Processing /home/logi/txtai/venv/lib/python3.10/site-packages/airflow/example_dags/plugins/listener_plugin.py took 0.040 seconds
[2025-11-01T13:10:15.068+0530] {processor.py:161} INFO - Started process (PID=11369) to work on /home/logi/txtai/venv/lib/python3.10/site-packages/airflow/example_dags/plugins/listener_plugin.py
[2025-11-01T13:10:15.070+0530] {processor.py:830} INFO - Processing file /home/logi/txtai/venv/lib/python3.10/site-packages/airflow/example_dags/plugins/listener_plugin.py for tasks to queue
[2025-11-01T13:10:15.072+0530] {logging_mixin.py:188} INFO - [2025-11-01T13:10:15.072+0530] {dagbag.py:545} INFO - Filling up the DagBag from /home/logi/txtai/venv/lib/python3.10/site-packages/airflow/example_dags/plugins/listener_plugin.py
[2025-11-01T13:10:15.077+0530] {processor.py:842} WARNING - No viable dags retrieved from /home/logi/txtai/venv/lib/python3.10/site-packages/airflow/example_dags/plugins/listener_plugin.py
[2025-11-01T13:10:15.093+0530] {processor.py:183} INFO - Processing /home/logi/txtai/venv/lib/python3.10/site-packages/airflow/example_dags/plugins/listener_plugin.py took 0.036 seconds
[2025-11-01T13:11:08.336+0530] {processor.py:161} INFO - Started process (PID=11481) to work on /home/logi/txtai/venv/lib/python3.10/site-packages/airflow/example_dags/plugins/listener_plugin.py
[2025-11-01T13:11:08.338+0530] {processor.py:830} INFO - Processing file /home/logi/txtai/venv/lib/python3.10/site-packages/airflow/example_dags/plugins/listener_plugin.py for tasks to queue
[2025-11-01T13:11:08.340+0530] {logging_mixin.py:188} INFO - [2025-11-01T13:11:08.339+0530] {dagbag.py:545} INFO - Filling up the DagBag from /home/logi/txtai/venv/lib/python3.10/site-packages/airflow/example_dags/plugins/listener_plugin.py
[2025-11-01T13:11:08.344+0530] {processor.py:842} WARNING - No viable dags retrieved from /home/logi/txtai/venv/lib/python3.10/site-packages/airflow/example_dags/plugins/listener_plugin.py
[2025-11-01T13:11:08.358+0530] {processor.py:183} INFO - Processing /home/logi/txtai/venv/lib/python3.10/site-packages/airflow/example_dags/plugins/listener_plugin.py took 0.030 seconds
[2025-11-01T13:11:57.307+0530] {processor.py:161} INFO - Started process (PID=11601) to work on /home/logi/txtai/venv/lib/python3.10/site-packages/airflow/example_dags/plugins/listener_plugin.py
[2025-11-01T13:11:57.321+0530] {processor.py:830} INFO - Processing file /home/logi/txtai/venv/lib/python3.10/site-packages/airflow/example_dags/plugins/listener_plugin.py for tasks to queue
[2025-11-01T13:11:57.325+0530] {logging_mixin.py:188} INFO - [2025-11-01T13:11:57.324+0530] {dagbag.py:545} INFO - Filling up the DagBag from /home/logi/txtai/venv/lib/python3.10/site-packages/airflow/example_dags/plugins/listener_plugin.py
[2025-11-01T13:11:57.329+0530] {processor.py:842} WARNING - No viable dags retrieved from /home/logi/txtai/venv/lib/python3.10/site-packages/airflow/example_dags/plugins/listener_plugin.py
[2025-11-01T13:11:57.346+0530] {processor.py:183} INFO - Processing /home/logi/txtai/venv/lib/python3.10/site-packages/airflow/example_dags/plugins/listener_plugin.py took 0.049 seconds
[2025-11-01T13:12:55.689+0530] {processor.py:161} INFO - Started process (PID=11852) to work on /home/logi/txtai/venv/lib/python3.10/site-packages/airflow/example_dags/plugins/listener_plugin.py
[2025-11-01T13:12:55.701+0530] {processor.py:830} INFO - Processing file /home/logi/txtai/venv/lib/python3.10/site-packages/airflow/example_dags/plugins/listener_plugin.py for tasks to queue
[2025-11-01T13:12:55.705+0530] {logging_mixin.py:188} INFO - [2025-11-01T13:12:55.704+0530] {dagbag.py:545} INFO - Filling up the DagBag from /home/logi/txtai/venv/lib/python3.10/site-packages/airflow/example_dags/plugins/listener_plugin.py
[2025-11-01T13:12:55.707+0530] {processor.py:842} WARNING - No viable dags retrieved from /home/logi/txtai/venv/lib/python3.10/site-packages/airflow/example_dags/plugins/listener_plugin.py
[2025-11-01T13:12:55.717+0530] {processor.py:183} INFO - Processing /home/logi/txtai/venv/lib/python3.10/site-packages/airflow/example_dags/plugins/listener_plugin.py took 0.036 seconds
[2025-11-01T13:13:45.093+0530] {processor.py:161} INFO - Started process (PID=11994) to work on /home/logi/txtai/venv/lib/python3.10/site-packages/airflow/example_dags/plugins/listener_plugin.py
[2025-11-01T13:13:45.107+0530] {processor.py:830} INFO - Processing file /home/logi/txtai/venv/lib/python3.10/site-packages/airflow/example_dags/plugins/listener_plugin.py for tasks to queue
[2025-11-01T13:13:45.110+0530] {logging_mixin.py:188} INFO - [2025-11-01T13:13:45.110+0530] {dagbag.py:545} INFO - Filling up the DagBag from /home/logi/txtai/venv/lib/python3.10/site-packages/airflow/example_dags/plugins/listener_plugin.py
[2025-11-01T13:13:45.116+0530] {processor.py:842} WARNING - No viable dags retrieved from /home/logi/txtai/venv/lib/python3.10/site-packages/airflow/example_dags/plugins/listener_plugin.py
[2025-11-01T13:13:45.139+0530] {processor.py:183} INFO - Processing /home/logi/txtai/venv/lib/python3.10/site-packages/airflow/example_dags/plugins/listener_plugin.py took 0.060 seconds
[2025-11-01T13:14:44.886+0530] {processor.py:161} INFO - Started process (PID=12249) to work on /home/logi/txtai/venv/lib/python3.10/site-packages/airflow/example_dags/plugins/listener_plugin.py
[2025-11-01T13:14:44.904+0530] {processor.py:830} INFO - Processing file /home/logi/txtai/venv/lib/python3.10/site-packages/airflow/example_dags/plugins/listener_plugin.py for tasks to queue
[2025-11-01T13:14:44.912+0530] {logging_mixin.py:188} INFO - [2025-11-01T13:14:44.911+0530] {dagbag.py:545} INFO - Filling up the DagBag from /home/logi/txtai/venv/lib/python3.10/site-packages/airflow/example_dags/plugins/listener_plugin.py
[2025-11-01T13:14:44.922+0530] {processor.py:842} WARNING - No viable dags retrieved from /home/logi/txtai/venv/lib/python3.10/site-packages/airflow/example_dags/plugins/listener_plugin.py
[2025-11-01T13:14:44.969+0530] {processor.py:183} INFO - Processing /home/logi/txtai/venv/lib/python3.10/site-packages/airflow/example_dags/plugins/listener_plugin.py took 0.113 seconds
