[2025-11-12T06:03:52.504+0530] {processor.py:161} INFO - Started process (PID=5912) to work on /home/logi/txtai/venv/lib/python3.10/site-packages/airflow/example_dags/example_latest_only_with_trigger.py
[2025-11-12T06:03:52.506+0530] {processor.py:830} INFO - Processing file /home/logi/txtai/venv/lib/python3.10/site-packages/airflow/example_dags/example_latest_only_with_trigger.py for tasks to queue
[2025-11-12T06:03:52.510+0530] {logging_mixin.py:188} INFO - [2025-11-12T06:03:52.509+0530] {dagbag.py:545} INFO - Filling up the DagBag from /home/logi/txtai/venv/lib/python3.10/site-packages/airflow/example_dags/example_latest_only_with_trigger.py
[2025-11-12T06:03:52.519+0530] {processor.py:840} INFO - DAG(s) 'latest_only_with_trigger' retrieved from /home/logi/txtai/venv/lib/python3.10/site-packages/airflow/example_dags/example_latest_only_with_trigger.py
[2025-11-12T06:03:52.535+0530] {logging_mixin.py:188} INFO - [2025-11-12T06:03:52.535+0530] {dag.py:3089} INFO - Sync 1 DAGs
[2025-11-12T06:03:52.550+0530] {logging_mixin.py:188} INFO - [2025-11-12T06:03:52.550+0530] {dag.py:3947} INFO - Setting next_dagrun for latest_only_with_trigger to 2025-11-11 20:00:00+00:00, run_after=2025-11-12 00:00:00+00:00
[2025-11-12T06:03:52.589+0530] {processor.py:183} INFO - Processing /home/logi/txtai/venv/lib/python3.10/site-packages/airflow/example_dags/example_latest_only_with_trigger.py took 0.095 seconds
[2025-11-12T06:05:06.197+0530] {processor.py:161} INFO - Started process (PID=6201) to work on /home/logi/txtai/venv/lib/python3.10/site-packages/airflow/example_dags/example_latest_only_with_trigger.py
[2025-11-12T06:05:06.210+0530] {processor.py:830} INFO - Processing file /home/logi/txtai/venv/lib/python3.10/site-packages/airflow/example_dags/example_latest_only_with_trigger.py for tasks to queue
[2025-11-12T06:05:06.213+0530] {logging_mixin.py:188} INFO - [2025-11-12T06:05:06.212+0530] {dagbag.py:545} INFO - Filling up the DagBag from /home/logi/txtai/venv/lib/python3.10/site-packages/airflow/example_dags/example_latest_only_with_trigger.py
[2025-11-12T06:05:06.220+0530] {processor.py:840} INFO - DAG(s) 'latest_only_with_trigger' retrieved from /home/logi/txtai/venv/lib/python3.10/site-packages/airflow/example_dags/example_latest_only_with_trigger.py
[2025-11-12T06:05:06.237+0530] {logging_mixin.py:188} INFO - [2025-11-12T06:05:06.236+0530] {dag.py:3089} INFO - Sync 1 DAGs
[2025-11-12T06:05:06.252+0530] {logging_mixin.py:188} INFO - [2025-11-12T06:05:06.252+0530] {dag.py:3947} INFO - Setting next_dagrun for latest_only_with_trigger to 2025-11-11 20:00:00+00:00, run_after=2025-11-12 00:00:00+00:00
[2025-11-12T06:05:06.271+0530] {processor.py:183} INFO - Processing /home/logi/txtai/venv/lib/python3.10/site-packages/airflow/example_dags/example_latest_only_with_trigger.py took 0.082 seconds
[2025-11-12T06:06:09.882+0530] {processor.py:161} INFO - Started process (PID=6642) to work on /home/logi/txtai/venv/lib/python3.10/site-packages/airflow/example_dags/example_latest_only_with_trigger.py
[2025-11-12T06:06:09.896+0530] {processor.py:830} INFO - Processing file /home/logi/txtai/venv/lib/python3.10/site-packages/airflow/example_dags/example_latest_only_with_trigger.py for tasks to queue
[2025-11-12T06:06:09.899+0530] {logging_mixin.py:188} INFO - [2025-11-12T06:06:09.898+0530] {dagbag.py:545} INFO - Filling up the DagBag from /home/logi/txtai/venv/lib/python3.10/site-packages/airflow/example_dags/example_latest_only_with_trigger.py
[2025-11-12T06:06:09.908+0530] {processor.py:840} INFO - DAG(s) 'latest_only_with_trigger' retrieved from /home/logi/txtai/venv/lib/python3.10/site-packages/airflow/example_dags/example_latest_only_with_trigger.py
[2025-11-12T06:06:09.935+0530] {logging_mixin.py:188} INFO - [2025-11-12T06:06:09.935+0530] {dag.py:3089} INFO - Sync 1 DAGs
[2025-11-12T06:06:09.955+0530] {logging_mixin.py:188} INFO - [2025-11-12T06:06:09.955+0530] {dag.py:3947} INFO - Setting next_dagrun for latest_only_with_trigger to 2025-11-11 20:00:00+00:00, run_after=2025-11-12 00:00:00+00:00
[2025-11-12T06:06:09.972+0530] {processor.py:183} INFO - Processing /home/logi/txtai/venv/lib/python3.10/site-packages/airflow/example_dags/example_latest_only_with_trigger.py took 0.100 seconds
[2025-11-12T06:07:07.811+0530] {processor.py:161} INFO - Started process (PID=6782) to work on /home/logi/txtai/venv/lib/python3.10/site-packages/airflow/example_dags/example_latest_only_with_trigger.py
[2025-11-12T06:07:07.824+0530] {processor.py:830} INFO - Processing file /home/logi/txtai/venv/lib/python3.10/site-packages/airflow/example_dags/example_latest_only_with_trigger.py for tasks to queue
[2025-11-12T06:07:07.828+0530] {logging_mixin.py:188} INFO - [2025-11-12T06:07:07.827+0530] {dagbag.py:545} INFO - Filling up the DagBag from /home/logi/txtai/venv/lib/python3.10/site-packages/airflow/example_dags/example_latest_only_with_trigger.py
[2025-11-12T06:07:07.837+0530] {processor.py:840} INFO - DAG(s) 'latest_only_with_trigger' retrieved from /home/logi/txtai/venv/lib/python3.10/site-packages/airflow/example_dags/example_latest_only_with_trigger.py
[2025-11-12T06:07:07.865+0530] {logging_mixin.py:188} INFO - [2025-11-12T06:07:07.864+0530] {dag.py:3089} INFO - Sync 1 DAGs
[2025-11-12T06:07:07.887+0530] {logging_mixin.py:188} INFO - [2025-11-12T06:07:07.886+0530] {dag.py:3947} INFO - Setting next_dagrun for latest_only_with_trigger to 2025-11-11 20:00:00+00:00, run_after=2025-11-12 00:00:00+00:00
[2025-11-12T06:07:07.906+0530] {processor.py:183} INFO - Processing /home/logi/txtai/venv/lib/python3.10/site-packages/airflow/example_dags/example_latest_only_with_trigger.py took 0.106 seconds
[2025-11-12T06:08:09.302+0530] {processor.py:161} INFO - Started process (PID=7180) to work on /home/logi/txtai/venv/lib/python3.10/site-packages/airflow/example_dags/example_latest_only_with_trigger.py
[2025-11-12T06:08:09.316+0530] {processor.py:830} INFO - Processing file /home/logi/txtai/venv/lib/python3.10/site-packages/airflow/example_dags/example_latest_only_with_trigger.py for tasks to queue
[2025-11-12T06:08:09.319+0530] {logging_mixin.py:188} INFO - [2025-11-12T06:08:09.318+0530] {dagbag.py:545} INFO - Filling up the DagBag from /home/logi/txtai/venv/lib/python3.10/site-packages/airflow/example_dags/example_latest_only_with_trigger.py
[2025-11-12T06:08:09.325+0530] {processor.py:840} INFO - DAG(s) 'latest_only_with_trigger' retrieved from /home/logi/txtai/venv/lib/python3.10/site-packages/airflow/example_dags/example_latest_only_with_trigger.py
[2025-11-12T06:08:09.354+0530] {logging_mixin.py:188} INFO - [2025-11-12T06:08:09.353+0530] {dag.py:3089} INFO - Sync 1 DAGs
[2025-11-12T06:08:09.374+0530] {logging_mixin.py:188} INFO - [2025-11-12T06:08:09.373+0530] {dag.py:3947} INFO - Setting next_dagrun for latest_only_with_trigger to 2025-11-11 20:00:00+00:00, run_after=2025-11-12 00:00:00+00:00
[2025-11-12T06:08:09.395+0530] {processor.py:183} INFO - Processing /home/logi/txtai/venv/lib/python3.10/site-packages/airflow/example_dags/example_latest_only_with_trigger.py took 0.103 seconds
[2025-11-12T08:08:24.793+0530] {processor.py:161} INFO - Started process (PID=10197) to work on /home/logi/txtai/venv/lib/python3.10/site-packages/airflow/example_dags/example_latest_only_with_trigger.py
[2025-11-12T08:08:24.795+0530] {processor.py:830} INFO - Processing file /home/logi/txtai/venv/lib/python3.10/site-packages/airflow/example_dags/example_latest_only_with_trigger.py for tasks to queue
[2025-11-12T08:08:24.799+0530] {logging_mixin.py:188} INFO - [2025-11-12T08:08:24.798+0530] {dagbag.py:545} INFO - Filling up the DagBag from /home/logi/txtai/venv/lib/python3.10/site-packages/airflow/example_dags/example_latest_only_with_trigger.py
[2025-11-12T08:08:24.808+0530] {processor.py:840} INFO - DAG(s) 'latest_only_with_trigger' retrieved from /home/logi/txtai/venv/lib/python3.10/site-packages/airflow/example_dags/example_latest_only_with_trigger.py
[2025-11-12T08:08:24.831+0530] {logging_mixin.py:188} INFO - [2025-11-12T08:08:24.831+0530] {dag.py:3089} INFO - Sync 1 DAGs
[2025-11-12T08:08:24.850+0530] {logging_mixin.py:188} INFO - [2025-11-12T08:08:24.850+0530] {dag.py:3947} INFO - Setting next_dagrun for latest_only_with_trigger to 2025-11-11 20:00:00+00:00, run_after=2025-11-12 00:00:00+00:00
[2025-11-12T08:08:24.875+0530] {processor.py:183} INFO - Processing /home/logi/txtai/venv/lib/python3.10/site-packages/airflow/example_dags/example_latest_only_with_trigger.py took 0.092 seconds
[2025-11-12T08:09:24.923+0530] {processor.py:161} INFO - Started process (PID=10642) to work on /home/logi/txtai/venv/lib/python3.10/site-packages/airflow/example_dags/example_latest_only_with_trigger.py
[2025-11-12T08:09:24.936+0530] {processor.py:830} INFO - Processing file /home/logi/txtai/venv/lib/python3.10/site-packages/airflow/example_dags/example_latest_only_with_trigger.py for tasks to queue
[2025-11-12T08:09:24.939+0530] {logging_mixin.py:188} INFO - [2025-11-12T08:09:24.939+0530] {dagbag.py:545} INFO - Filling up the DagBag from /home/logi/txtai/venv/lib/python3.10/site-packages/airflow/example_dags/example_latest_only_with_trigger.py
[2025-11-12T08:09:24.948+0530] {processor.py:840} INFO - DAG(s) 'latest_only_with_trigger' retrieved from /home/logi/txtai/venv/lib/python3.10/site-packages/airflow/example_dags/example_latest_only_with_trigger.py
[2025-11-12T08:09:24.973+0530] {logging_mixin.py:188} INFO - [2025-11-12T08:09:24.973+0530] {dag.py:3089} INFO - Sync 1 DAGs
[2025-11-12T08:09:24.994+0530] {logging_mixin.py:188} INFO - [2025-11-12T08:09:24.993+0530] {dag.py:3947} INFO - Setting next_dagrun for latest_only_with_trigger to 2025-11-11 20:00:00+00:00, run_after=2025-11-12 00:00:00+00:00
[2025-11-12T08:09:25.010+0530] {processor.py:183} INFO - Processing /home/logi/txtai/venv/lib/python3.10/site-packages/airflow/example_dags/example_latest_only_with_trigger.py took 0.097 seconds
[2025-11-12T08:10:24.765+0530] {processor.py:161} INFO - Started process (PID=10995) to work on /home/logi/txtai/venv/lib/python3.10/site-packages/airflow/example_dags/example_latest_only_with_trigger.py
[2025-11-12T08:10:24.767+0530] {processor.py:830} INFO - Processing file /home/logi/txtai/venv/lib/python3.10/site-packages/airflow/example_dags/example_latest_only_with_trigger.py for tasks to queue
[2025-11-12T08:10:24.771+0530] {logging_mixin.py:188} INFO - [2025-11-12T08:10:24.770+0530] {dagbag.py:545} INFO - Filling up the DagBag from /home/logi/txtai/venv/lib/python3.10/site-packages/airflow/example_dags/example_latest_only_with_trigger.py
[2025-11-12T08:10:24.784+0530] {processor.py:840} INFO - DAG(s) 'latest_only_with_trigger' retrieved from /home/logi/txtai/venv/lib/python3.10/site-packages/airflow/example_dags/example_latest_only_with_trigger.py
[2025-11-12T08:10:24.809+0530] {logging_mixin.py:188} INFO - [2025-11-12T08:10:24.808+0530] {dag.py:3089} INFO - Sync 1 DAGs
[2025-11-12T08:10:24.827+0530] {logging_mixin.py:188} INFO - [2025-11-12T08:10:24.827+0530] {dag.py:3947} INFO - Setting next_dagrun for latest_only_with_trigger to 2025-11-11 20:00:00+00:00, run_after=2025-11-12 00:00:00+00:00
[2025-11-12T08:10:24.861+0530] {processor.py:183} INFO - Processing /home/logi/txtai/venv/lib/python3.10/site-packages/airflow/example_dags/example_latest_only_with_trigger.py took 0.108 seconds
[2025-11-12T08:11:29.159+0530] {processor.py:161} INFO - Started process (PID=11238) to work on /home/logi/txtai/venv/lib/python3.10/site-packages/airflow/example_dags/example_latest_only_with_trigger.py
[2025-11-12T08:11:29.172+0530] {processor.py:830} INFO - Processing file /home/logi/txtai/venv/lib/python3.10/site-packages/airflow/example_dags/example_latest_only_with_trigger.py for tasks to queue
[2025-11-12T08:11:29.175+0530] {logging_mixin.py:188} INFO - [2025-11-12T08:11:29.175+0530] {dagbag.py:545} INFO - Filling up the DagBag from /home/logi/txtai/venv/lib/python3.10/site-packages/airflow/example_dags/example_latest_only_with_trigger.py
[2025-11-12T08:11:29.184+0530] {processor.py:840} INFO - DAG(s) 'latest_only_with_trigger' retrieved from /home/logi/txtai/venv/lib/python3.10/site-packages/airflow/example_dags/example_latest_only_with_trigger.py
[2025-11-12T08:11:29.209+0530] {logging_mixin.py:188} INFO - [2025-11-12T08:11:29.209+0530] {dag.py:3089} INFO - Sync 1 DAGs
[2025-11-12T08:11:29.231+0530] {logging_mixin.py:188} INFO - [2025-11-12T08:11:29.231+0530] {dag.py:3947} INFO - Setting next_dagrun for latest_only_with_trigger to 2025-11-11 20:00:00+00:00, run_after=2025-11-12 00:00:00+00:00
[2025-11-12T08:11:29.255+0530] {processor.py:183} INFO - Processing /home/logi/txtai/venv/lib/python3.10/site-packages/airflow/example_dags/example_latest_only_with_trigger.py took 0.105 seconds
[2025-11-12T08:12:30.566+0530] {processor.py:161} INFO - Started process (PID=11717) to work on /home/logi/txtai/venv/lib/python3.10/site-packages/airflow/example_dags/example_latest_only_with_trigger.py
[2025-11-12T08:12:30.574+0530] {processor.py:830} INFO - Processing file /home/logi/txtai/venv/lib/python3.10/site-packages/airflow/example_dags/example_latest_only_with_trigger.py for tasks to queue
[2025-11-12T08:12:30.588+0530] {logging_mixin.py:188} INFO - [2025-11-12T08:12:30.585+0530] {dagbag.py:545} INFO - Filling up the DagBag from /home/logi/txtai/venv/lib/python3.10/site-packages/airflow/example_dags/example_latest_only_with_trigger.py
[2025-11-12T08:12:30.628+0530] {processor.py:840} INFO - DAG(s) 'latest_only_with_trigger' retrieved from /home/logi/txtai/venv/lib/python3.10/site-packages/airflow/example_dags/example_latest_only_with_trigger.py
[2025-11-12T08:12:30.723+0530] {logging_mixin.py:188} INFO - [2025-11-12T08:12:30.722+0530] {dag.py:3089} INFO - Sync 1 DAGs
[2025-11-12T08:12:30.798+0530] {logging_mixin.py:188} INFO - [2025-11-12T08:12:30.797+0530] {dag.py:3947} INFO - Setting next_dagrun for latest_only_with_trigger to 2025-11-11 20:00:00+00:00, run_after=2025-11-12 00:00:00+00:00
[2025-11-12T08:12:30.878+0530] {processor.py:183} INFO - Processing /home/logi/txtai/venv/lib/python3.10/site-packages/airflow/example_dags/example_latest_only_with_trigger.py took 0.354 seconds
[2025-11-12T08:13:52.071+0530] {processor.py:161} INFO - Started process (PID=12682) to work on /home/logi/txtai/venv/lib/python3.10/site-packages/airflow/example_dags/example_latest_only_with_trigger.py
[2025-11-12T08:13:52.085+0530] {processor.py:830} INFO - Processing file /home/logi/txtai/venv/lib/python3.10/site-packages/airflow/example_dags/example_latest_only_with_trigger.py for tasks to queue
[2025-11-12T08:13:52.088+0530] {logging_mixin.py:188} INFO - [2025-11-12T08:13:52.088+0530] {dagbag.py:545} INFO - Filling up the DagBag from /home/logi/txtai/venv/lib/python3.10/site-packages/airflow/example_dags/example_latest_only_with_trigger.py
[2025-11-12T08:13:52.099+0530] {processor.py:840} INFO - DAG(s) 'latest_only_with_trigger' retrieved from /home/logi/txtai/venv/lib/python3.10/site-packages/airflow/example_dags/example_latest_only_with_trigger.py
[2025-11-12T08:13:52.127+0530] {logging_mixin.py:188} INFO - [2025-11-12T08:13:52.127+0530] {dag.py:3089} INFO - Sync 1 DAGs
[2025-11-12T08:13:52.148+0530] {logging_mixin.py:188} INFO - [2025-11-12T08:13:52.148+0530] {dag.py:3947} INFO - Setting next_dagrun for latest_only_with_trigger to 2025-11-11 20:00:00+00:00, run_after=2025-11-12 00:00:00+00:00
[2025-11-12T08:13:52.178+0530] {processor.py:183} INFO - Processing /home/logi/txtai/venv/lib/python3.10/site-packages/airflow/example_dags/example_latest_only_with_trigger.py took 0.118 seconds
[2025-11-12T08:14:50.950+0530] {processor.py:161} INFO - Started process (PID=13168) to work on /home/logi/txtai/venv/lib/python3.10/site-packages/airflow/example_dags/example_latest_only_with_trigger.py
[2025-11-12T08:14:50.963+0530] {processor.py:830} INFO - Processing file /home/logi/txtai/venv/lib/python3.10/site-packages/airflow/example_dags/example_latest_only_with_trigger.py for tasks to queue
[2025-11-12T08:14:50.967+0530] {logging_mixin.py:188} INFO - [2025-11-12T08:14:50.966+0530] {dagbag.py:545} INFO - Filling up the DagBag from /home/logi/txtai/venv/lib/python3.10/site-packages/airflow/example_dags/example_latest_only_with_trigger.py
[2025-11-12T08:14:50.976+0530] {processor.py:840} INFO - DAG(s) 'latest_only_with_trigger' retrieved from /home/logi/txtai/venv/lib/python3.10/site-packages/airflow/example_dags/example_latest_only_with_trigger.py
[2025-11-12T08:14:51.005+0530] {logging_mixin.py:188} INFO - [2025-11-12T08:14:51.005+0530] {dag.py:3089} INFO - Sync 1 DAGs
[2025-11-12T08:14:51.027+0530] {logging_mixin.py:188} INFO - [2025-11-12T08:14:51.027+0530] {dag.py:3947} INFO - Setting next_dagrun for latest_only_with_trigger to 2025-11-11 20:00:00+00:00, run_after=2025-11-12 00:00:00+00:00
[2025-11-12T08:14:51.048+0530] {processor.py:183} INFO - Processing /home/logi/txtai/venv/lib/python3.10/site-packages/airflow/example_dags/example_latest_only_with_trigger.py took 0.109 seconds
[2025-11-12T08:15:48.780+0530] {processor.py:161} INFO - Started process (PID=13647) to work on /home/logi/txtai/venv/lib/python3.10/site-packages/airflow/example_dags/example_latest_only_with_trigger.py
[2025-11-12T08:15:48.793+0530] {processor.py:830} INFO - Processing file /home/logi/txtai/venv/lib/python3.10/site-packages/airflow/example_dags/example_latest_only_with_trigger.py for tasks to queue
[2025-11-12T08:15:48.796+0530] {logging_mixin.py:188} INFO - [2025-11-12T08:15:48.796+0530] {dagbag.py:545} INFO - Filling up the DagBag from /home/logi/txtai/venv/lib/python3.10/site-packages/airflow/example_dags/example_latest_only_with_trigger.py
[2025-11-12T08:15:48.806+0530] {processor.py:840} INFO - DAG(s) 'latest_only_with_trigger' retrieved from /home/logi/txtai/venv/lib/python3.10/site-packages/airflow/example_dags/example_latest_only_with_trigger.py
[2025-11-12T08:15:48.833+0530] {logging_mixin.py:188} INFO - [2025-11-12T08:15:48.833+0530] {dag.py:3089} INFO - Sync 1 DAGs
[2025-11-12T08:15:48.853+0530] {logging_mixin.py:188} INFO - [2025-11-12T08:15:48.853+0530] {dag.py:3947} INFO - Setting next_dagrun for latest_only_with_trigger to 2025-11-11 20:00:00+00:00, run_after=2025-11-12 00:00:00+00:00
[2025-11-12T08:15:48.873+0530] {processor.py:183} INFO - Processing /home/logi/txtai/venv/lib/python3.10/site-packages/airflow/example_dags/example_latest_only_with_trigger.py took 0.104 seconds
[2025-11-12T08:16:48.865+0530] {processor.py:161} INFO - Started process (PID=14130) to work on /home/logi/txtai/venv/lib/python3.10/site-packages/airflow/example_dags/example_latest_only_with_trigger.py
[2025-11-12T08:16:48.879+0530] {processor.py:830} INFO - Processing file /home/logi/txtai/venv/lib/python3.10/site-packages/airflow/example_dags/example_latest_only_with_trigger.py for tasks to queue
[2025-11-12T08:16:48.882+0530] {logging_mixin.py:188} INFO - [2025-11-12T08:16:48.882+0530] {dagbag.py:545} INFO - Filling up the DagBag from /home/logi/txtai/venv/lib/python3.10/site-packages/airflow/example_dags/example_latest_only_with_trigger.py
[2025-11-12T08:16:48.893+0530] {processor.py:840} INFO - DAG(s) 'latest_only_with_trigger' retrieved from /home/logi/txtai/venv/lib/python3.10/site-packages/airflow/example_dags/example_latest_only_with_trigger.py
[2025-11-12T08:16:48.921+0530] {logging_mixin.py:188} INFO - [2025-11-12T08:16:48.920+0530] {dag.py:3089} INFO - Sync 1 DAGs
[2025-11-12T08:16:48.941+0530] {logging_mixin.py:188} INFO - [2025-11-12T08:16:48.941+0530] {dag.py:3947} INFO - Setting next_dagrun for latest_only_with_trigger to 2025-11-11 20:00:00+00:00, run_after=2025-11-12 00:00:00+00:00
[2025-11-12T08:16:48.963+0530] {processor.py:183} INFO - Processing /home/logi/txtai/venv/lib/python3.10/site-packages/airflow/example_dags/example_latest_only_with_trigger.py took 0.109 seconds
[2025-11-12T08:17:48.044+0530] {processor.py:161} INFO - Started process (PID=14649) to work on /home/logi/txtai/venv/lib/python3.10/site-packages/airflow/example_dags/example_latest_only_with_trigger.py
[2025-11-12T08:17:48.058+0530] {processor.py:830} INFO - Processing file /home/logi/txtai/venv/lib/python3.10/site-packages/airflow/example_dags/example_latest_only_with_trigger.py for tasks to queue
[2025-11-12T08:17:48.061+0530] {logging_mixin.py:188} INFO - [2025-11-12T08:17:48.060+0530] {dagbag.py:545} INFO - Filling up the DagBag from /home/logi/txtai/venv/lib/python3.10/site-packages/airflow/example_dags/example_latest_only_with_trigger.py
[2025-11-12T08:17:48.071+0530] {processor.py:840} INFO - DAG(s) 'latest_only_with_trigger' retrieved from /home/logi/txtai/venv/lib/python3.10/site-packages/airflow/example_dags/example_latest_only_with_trigger.py
[2025-11-12T08:17:48.096+0530] {logging_mixin.py:188} INFO - [2025-11-12T08:17:48.096+0530] {dag.py:3089} INFO - Sync 1 DAGs
[2025-11-12T08:17:48.112+0530] {logging_mixin.py:188} INFO - [2025-11-12T08:17:48.112+0530] {dag.py:3947} INFO - Setting next_dagrun for latest_only_with_trigger to 2025-11-11 20:00:00+00:00, run_after=2025-11-12 00:00:00+00:00
[2025-11-12T08:17:48.132+0530] {processor.py:183} INFO - Processing /home/logi/txtai/venv/lib/python3.10/site-packages/airflow/example_dags/example_latest_only_with_trigger.py took 0.098 seconds
[2025-11-12T08:18:57.181+0530] {processor.py:161} INFO - Started process (PID=15351) to work on /home/logi/txtai/venv/lib/python3.10/site-packages/airflow/example_dags/example_latest_only_with_trigger.py
[2025-11-12T08:18:57.195+0530] {processor.py:830} INFO - Processing file /home/logi/txtai/venv/lib/python3.10/site-packages/airflow/example_dags/example_latest_only_with_trigger.py for tasks to queue
[2025-11-12T08:18:57.198+0530] {logging_mixin.py:188} INFO - [2025-11-12T08:18:57.198+0530] {dagbag.py:545} INFO - Filling up the DagBag from /home/logi/txtai/venv/lib/python3.10/site-packages/airflow/example_dags/example_latest_only_with_trigger.py
[2025-11-12T08:18:57.209+0530] {processor.py:840} INFO - DAG(s) 'latest_only_with_trigger' retrieved from /home/logi/txtai/venv/lib/python3.10/site-packages/airflow/example_dags/example_latest_only_with_trigger.py
[2025-11-12T08:18:57.237+0530] {logging_mixin.py:188} INFO - [2025-11-12T08:18:57.236+0530] {dag.py:3089} INFO - Sync 1 DAGs
[2025-11-12T08:18:57.258+0530] {logging_mixin.py:188} INFO - [2025-11-12T08:18:57.258+0530] {dag.py:3947} INFO - Setting next_dagrun for latest_only_with_trigger to 2025-11-11 20:00:00+00:00, run_after=2025-11-12 00:00:00+00:00
[2025-11-12T08:18:57.280+0530] {processor.py:183} INFO - Processing /home/logi/txtai/venv/lib/python3.10/site-packages/airflow/example_dags/example_latest_only_with_trigger.py took 0.110 seconds
[2025-11-12T08:19:57.054+0530] {processor.py:161} INFO - Started process (PID=15838) to work on /home/logi/txtai/venv/lib/python3.10/site-packages/airflow/example_dags/example_latest_only_with_trigger.py
[2025-11-12T08:19:57.056+0530] {processor.py:830} INFO - Processing file /home/logi/txtai/venv/lib/python3.10/site-packages/airflow/example_dags/example_latest_only_with_trigger.py for tasks to queue
[2025-11-12T08:19:57.059+0530] {logging_mixin.py:188} INFO - [2025-11-12T08:19:57.058+0530] {dagbag.py:545} INFO - Filling up the DagBag from /home/logi/txtai/venv/lib/python3.10/site-packages/airflow/example_dags/example_latest_only_with_trigger.py
[2025-11-12T08:19:57.068+0530] {processor.py:840} INFO - DAG(s) 'latest_only_with_trigger' retrieved from /home/logi/txtai/venv/lib/python3.10/site-packages/airflow/example_dags/example_latest_only_with_trigger.py
[2025-11-12T08:19:57.092+0530] {logging_mixin.py:188} INFO - [2025-11-12T08:19:57.092+0530] {dag.py:3089} INFO - Sync 1 DAGs
[2025-11-12T08:19:57.109+0530] {logging_mixin.py:188} INFO - [2025-11-12T08:19:57.109+0530] {dag.py:3947} INFO - Setting next_dagrun for latest_only_with_trigger to 2025-11-11 20:00:00+00:00, run_after=2025-11-12 00:00:00+00:00
[2025-11-12T08:19:57.129+0530] {processor.py:183} INFO - Processing /home/logi/txtai/venv/lib/python3.10/site-packages/airflow/example_dags/example_latest_only_with_trigger.py took 0.086 seconds
[2025-11-12T08:20:59.716+0530] {processor.py:161} INFO - Started process (PID=16356) to work on /home/logi/txtai/venv/lib/python3.10/site-packages/airflow/example_dags/example_latest_only_with_trigger.py
[2025-11-12T08:20:59.729+0530] {processor.py:830} INFO - Processing file /home/logi/txtai/venv/lib/python3.10/site-packages/airflow/example_dags/example_latest_only_with_trigger.py for tasks to queue
[2025-11-12T08:20:59.732+0530] {logging_mixin.py:188} INFO - [2025-11-12T08:20:59.732+0530] {dagbag.py:545} INFO - Filling up the DagBag from /home/logi/txtai/venv/lib/python3.10/site-packages/airflow/example_dags/example_latest_only_with_trigger.py
[2025-11-12T08:20:59.742+0530] {processor.py:840} INFO - DAG(s) 'latest_only_with_trigger' retrieved from /home/logi/txtai/venv/lib/python3.10/site-packages/airflow/example_dags/example_latest_only_with_trigger.py
[2025-11-12T08:20:59.769+0530] {logging_mixin.py:188} INFO - [2025-11-12T08:20:59.769+0530] {dag.py:3089} INFO - Sync 1 DAGs
[2025-11-12T08:20:59.791+0530] {logging_mixin.py:188} INFO - [2025-11-12T08:20:59.791+0530] {dag.py:3947} INFO - Setting next_dagrun for latest_only_with_trigger to 2025-11-11 20:00:00+00:00, run_after=2025-11-12 00:00:00+00:00
[2025-11-12T08:20:59.817+0530] {processor.py:183} INFO - Processing /home/logi/txtai/venv/lib/python3.10/site-packages/airflow/example_dags/example_latest_only_with_trigger.py took 0.113 seconds
[2025-11-12T08:22:05.158+0530] {processor.py:161} INFO - Started process (PID=16895) to work on /home/logi/txtai/venv/lib/python3.10/site-packages/airflow/example_dags/example_latest_only_with_trigger.py
[2025-11-12T08:22:05.171+0530] {processor.py:830} INFO - Processing file /home/logi/txtai/venv/lib/python3.10/site-packages/airflow/example_dags/example_latest_only_with_trigger.py for tasks to queue
[2025-11-12T08:22:05.175+0530] {logging_mixin.py:188} INFO - [2025-11-12T08:22:05.174+0530] {dagbag.py:545} INFO - Filling up the DagBag from /home/logi/txtai/venv/lib/python3.10/site-packages/airflow/example_dags/example_latest_only_with_trigger.py
[2025-11-12T08:22:05.189+0530] {processor.py:840} INFO - DAG(s) 'latest_only_with_trigger' retrieved from /home/logi/txtai/venv/lib/python3.10/site-packages/airflow/example_dags/example_latest_only_with_trigger.py
[2025-11-12T08:22:05.221+0530] {logging_mixin.py:188} INFO - [2025-11-12T08:22:05.220+0530] {dag.py:3089} INFO - Sync 1 DAGs
[2025-11-12T08:22:05.245+0530] {logging_mixin.py:188} INFO - [2025-11-12T08:22:05.245+0530] {dag.py:3947} INFO - Setting next_dagrun for latest_only_with_trigger to 2025-11-11 20:00:00+00:00, run_after=2025-11-12 00:00:00+00:00
[2025-11-12T08:22:05.269+0530] {processor.py:183} INFO - Processing /home/logi/txtai/venv/lib/python3.10/site-packages/airflow/example_dags/example_latest_only_with_trigger.py took 0.123 seconds
[2025-11-12T08:23:11.249+0530] {processor.py:161} INFO - Started process (PID=17494) to work on /home/logi/txtai/venv/lib/python3.10/site-packages/airflow/example_dags/example_latest_only_with_trigger.py
[2025-11-12T08:23:11.262+0530] {processor.py:830} INFO - Processing file /home/logi/txtai/venv/lib/python3.10/site-packages/airflow/example_dags/example_latest_only_with_trigger.py for tasks to queue
[2025-11-12T08:23:11.265+0530] {logging_mixin.py:188} INFO - [2025-11-12T08:23:11.264+0530] {dagbag.py:545} INFO - Filling up the DagBag from /home/logi/txtai/venv/lib/python3.10/site-packages/airflow/example_dags/example_latest_only_with_trigger.py
[2025-11-12T08:23:11.274+0530] {processor.py:840} INFO - DAG(s) 'latest_only_with_trigger' retrieved from /home/logi/txtai/venv/lib/python3.10/site-packages/airflow/example_dags/example_latest_only_with_trigger.py
[2025-11-12T08:23:11.298+0530] {logging_mixin.py:188} INFO - [2025-11-12T08:23:11.298+0530] {dag.py:3089} INFO - Sync 1 DAGs
[2025-11-12T08:23:11.316+0530] {logging_mixin.py:188} INFO - [2025-11-12T08:23:11.316+0530] {dag.py:3947} INFO - Setting next_dagrun for latest_only_with_trigger to 2025-11-11 20:00:00+00:00, run_after=2025-11-12 00:00:00+00:00
[2025-11-12T08:23:11.339+0530] {processor.py:183} INFO - Processing /home/logi/txtai/venv/lib/python3.10/site-packages/airflow/example_dags/example_latest_only_with_trigger.py took 0.100 seconds
[2025-11-12T08:24:37.867+0530] {processor.py:161} INFO - Started process (PID=18105) to work on /home/logi/txtai/venv/lib/python3.10/site-packages/airflow/example_dags/example_latest_only_with_trigger.py
[2025-11-12T08:24:37.881+0530] {processor.py:830} INFO - Processing file /home/logi/txtai/venv/lib/python3.10/site-packages/airflow/example_dags/example_latest_only_with_trigger.py for tasks to queue
[2025-11-12T08:24:37.884+0530] {logging_mixin.py:188} INFO - [2025-11-12T08:24:37.883+0530] {dagbag.py:545} INFO - Filling up the DagBag from /home/logi/txtai/venv/lib/python3.10/site-packages/airflow/example_dags/example_latest_only_with_trigger.py
[2025-11-12T08:24:37.894+0530] {processor.py:840} INFO - DAG(s) 'latest_only_with_trigger' retrieved from /home/logi/txtai/venv/lib/python3.10/site-packages/airflow/example_dags/example_latest_only_with_trigger.py
[2025-11-12T08:24:37.922+0530] {logging_mixin.py:188} INFO - [2025-11-12T08:24:37.921+0530] {dag.py:3089} INFO - Sync 1 DAGs
[2025-11-12T08:24:37.942+0530] {logging_mixin.py:188} INFO - [2025-11-12T08:24:37.942+0530] {dag.py:3947} INFO - Setting next_dagrun for latest_only_with_trigger to 2025-11-11 20:00:00+00:00, run_after=2025-11-12 00:00:00+00:00
[2025-11-12T08:24:37.963+0530] {processor.py:183} INFO - Processing /home/logi/txtai/venv/lib/python3.10/site-packages/airflow/example_dags/example_latest_only_with_trigger.py took 0.107 seconds
[2025-11-12T08:25:37.844+0530] {processor.py:161} INFO - Started process (PID=18205) to work on /home/logi/txtai/venv/lib/python3.10/site-packages/airflow/example_dags/example_latest_only_with_trigger.py
[2025-11-12T08:25:37.857+0530] {processor.py:830} INFO - Processing file /home/logi/txtai/venv/lib/python3.10/site-packages/airflow/example_dags/example_latest_only_with_trigger.py for tasks to queue
[2025-11-12T08:25:37.861+0530] {logging_mixin.py:188} INFO - [2025-11-12T08:25:37.860+0530] {dagbag.py:545} INFO - Filling up the DagBag from /home/logi/txtai/venv/lib/python3.10/site-packages/airflow/example_dags/example_latest_only_with_trigger.py
[2025-11-12T08:25:37.871+0530] {processor.py:840} INFO - DAG(s) 'latest_only_with_trigger' retrieved from /home/logi/txtai/venv/lib/python3.10/site-packages/airflow/example_dags/example_latest_only_with_trigger.py
[2025-11-12T08:25:37.903+0530] {logging_mixin.py:188} INFO - [2025-11-12T08:25:37.903+0530] {dag.py:3089} INFO - Sync 1 DAGs
[2025-11-12T08:25:37.929+0530] {logging_mixin.py:188} INFO - [2025-11-12T08:25:37.929+0530] {dag.py:3947} INFO - Setting next_dagrun for latest_only_with_trigger to 2025-11-11 20:00:00+00:00, run_after=2025-11-12 00:00:00+00:00
[2025-11-12T08:25:37.953+0530] {processor.py:183} INFO - Processing /home/logi/txtai/venv/lib/python3.10/site-packages/airflow/example_dags/example_latest_only_with_trigger.py took 0.120 seconds
[2025-11-12T08:26:39.018+0530] {processor.py:161} INFO - Started process (PID=18341) to work on /home/logi/txtai/venv/lib/python3.10/site-packages/airflow/example_dags/example_latest_only_with_trigger.py
[2025-11-12T08:26:39.032+0530] {processor.py:830} INFO - Processing file /home/logi/txtai/venv/lib/python3.10/site-packages/airflow/example_dags/example_latest_only_with_trigger.py for tasks to queue
[2025-11-12T08:26:39.035+0530] {logging_mixin.py:188} INFO - [2025-11-12T08:26:39.034+0530] {dagbag.py:545} INFO - Filling up the DagBag from /home/logi/txtai/venv/lib/python3.10/site-packages/airflow/example_dags/example_latest_only_with_trigger.py
[2025-11-12T08:26:39.046+0530] {processor.py:840} INFO - DAG(s) 'latest_only_with_trigger' retrieved from /home/logi/txtai/venv/lib/python3.10/site-packages/airflow/example_dags/example_latest_only_with_trigger.py
[2025-11-12T08:26:39.075+0530] {logging_mixin.py:188} INFO - [2025-11-12T08:26:39.074+0530] {dag.py:3089} INFO - Sync 1 DAGs
[2025-11-12T08:26:39.094+0530] {logging_mixin.py:188} INFO - [2025-11-12T08:26:39.094+0530] {dag.py:3947} INFO - Setting next_dagrun for latest_only_with_trigger to 2025-11-11 20:00:00+00:00, run_after=2025-11-12 00:00:00+00:00
[2025-11-12T08:26:39.119+0530] {processor.py:183} INFO - Processing /home/logi/txtai/venv/lib/python3.10/site-packages/airflow/example_dags/example_latest_only_with_trigger.py took 0.112 seconds
[2025-11-12T08:27:41.356+0530] {processor.py:161} INFO - Started process (PID=18526) to work on /home/logi/txtai/venv/lib/python3.10/site-packages/airflow/example_dags/example_latest_only_with_trigger.py
[2025-11-12T08:27:41.358+0530] {processor.py:830} INFO - Processing file /home/logi/txtai/venv/lib/python3.10/site-packages/airflow/example_dags/example_latest_only_with_trigger.py for tasks to queue
[2025-11-12T08:27:41.361+0530] {logging_mixin.py:188} INFO - [2025-11-12T08:27:41.361+0530] {dagbag.py:545} INFO - Filling up the DagBag from /home/logi/txtai/venv/lib/python3.10/site-packages/airflow/example_dags/example_latest_only_with_trigger.py
[2025-11-12T08:27:41.371+0530] {processor.py:840} INFO - DAG(s) 'latest_only_with_trigger' retrieved from /home/logi/txtai/venv/lib/python3.10/site-packages/airflow/example_dags/example_latest_only_with_trigger.py
[2025-11-12T08:27:41.397+0530] {logging_mixin.py:188} INFO - [2025-11-12T08:27:41.396+0530] {dag.py:3089} INFO - Sync 1 DAGs
[2025-11-12T08:27:41.413+0530] {logging_mixin.py:188} INFO - [2025-11-12T08:27:41.413+0530] {dag.py:3947} INFO - Setting next_dagrun for latest_only_with_trigger to 2025-11-11 20:00:00+00:00, run_after=2025-11-12 00:00:00+00:00
[2025-11-12T08:27:41.433+0530] {processor.py:183} INFO - Processing /home/logi/txtai/venv/lib/python3.10/site-packages/airflow/example_dags/example_latest_only_with_trigger.py took 0.089 seconds
[2025-11-12T08:28:49.790+0530] {processor.py:161} INFO - Started process (PID=18806) to work on /home/logi/txtai/venv/lib/python3.10/site-packages/airflow/example_dags/example_latest_only_with_trigger.py
[2025-11-12T08:28:49.805+0530] {processor.py:830} INFO - Processing file /home/logi/txtai/venv/lib/python3.10/site-packages/airflow/example_dags/example_latest_only_with_trigger.py for tasks to queue
[2025-11-12T08:28:49.808+0530] {logging_mixin.py:188} INFO - [2025-11-12T08:28:49.807+0530] {dagbag.py:545} INFO - Filling up the DagBag from /home/logi/txtai/venv/lib/python3.10/site-packages/airflow/example_dags/example_latest_only_with_trigger.py
[2025-11-12T08:28:49.818+0530] {processor.py:840} INFO - DAG(s) 'latest_only_with_trigger' retrieved from /home/logi/txtai/venv/lib/python3.10/site-packages/airflow/example_dags/example_latest_only_with_trigger.py
[2025-11-12T08:28:49.848+0530] {logging_mixin.py:188} INFO - [2025-11-12T08:28:49.847+0530] {dag.py:3089} INFO - Sync 1 DAGs
[2025-11-12T08:28:49.868+0530] {logging_mixin.py:188} INFO - [2025-11-12T08:28:49.868+0530] {dag.py:3947} INFO - Setting next_dagrun for latest_only_with_trigger to 2025-11-11 20:00:00+00:00, run_after=2025-11-12 00:00:00+00:00
[2025-11-12T08:28:49.898+0530] {processor.py:183} INFO - Processing /home/logi/txtai/venv/lib/python3.10/site-packages/airflow/example_dags/example_latest_only_with_trigger.py took 0.120 seconds
[2025-11-12T08:29:55.392+0530] {processor.py:161} INFO - Started process (PID=18976) to work on /home/logi/txtai/venv/lib/python3.10/site-packages/airflow/example_dags/example_latest_only_with_trigger.py
[2025-11-12T08:29:55.406+0530] {processor.py:830} INFO - Processing file /home/logi/txtai/venv/lib/python3.10/site-packages/airflow/example_dags/example_latest_only_with_trigger.py for tasks to queue
[2025-11-12T08:29:55.409+0530] {logging_mixin.py:188} INFO - [2025-11-12T08:29:55.408+0530] {dagbag.py:545} INFO - Filling up the DagBag from /home/logi/txtai/venv/lib/python3.10/site-packages/airflow/example_dags/example_latest_only_with_trigger.py
[2025-11-12T08:29:55.419+0530] {processor.py:840} INFO - DAG(s) 'latest_only_with_trigger' retrieved from /home/logi/txtai/venv/lib/python3.10/site-packages/airflow/example_dags/example_latest_only_with_trigger.py
[2025-11-12T08:29:55.447+0530] {logging_mixin.py:188} INFO - [2025-11-12T08:29:55.446+0530] {dag.py:3089} INFO - Sync 1 DAGs
[2025-11-12T08:29:55.481+0530] {logging_mixin.py:188} INFO - [2025-11-12T08:29:55.481+0530] {dag.py:3947} INFO - Setting next_dagrun for latest_only_with_trigger to 2025-11-11 20:00:00+00:00, run_after=2025-11-12 00:00:00+00:00
[2025-11-12T08:29:55.527+0530] {processor.py:183} INFO - Processing /home/logi/txtai/venv/lib/python3.10/site-packages/airflow/example_dags/example_latest_only_with_trigger.py took 0.147 seconds
[2025-11-12T08:30:54.865+0530] {processor.py:161} INFO - Started process (PID=19328) to work on /home/logi/txtai/venv/lib/python3.10/site-packages/airflow/example_dags/example_latest_only_with_trigger.py
[2025-11-12T08:30:54.879+0530] {processor.py:830} INFO - Processing file /home/logi/txtai/venv/lib/python3.10/site-packages/airflow/example_dags/example_latest_only_with_trigger.py for tasks to queue
[2025-11-12T08:30:54.882+0530] {logging_mixin.py:188} INFO - [2025-11-12T08:30:54.881+0530] {dagbag.py:545} INFO - Filling up the DagBag from /home/logi/txtai/venv/lib/python3.10/site-packages/airflow/example_dags/example_latest_only_with_trigger.py
[2025-11-12T08:30:54.891+0530] {processor.py:840} INFO - DAG(s) 'latest_only_with_trigger' retrieved from /home/logi/txtai/venv/lib/python3.10/site-packages/airflow/example_dags/example_latest_only_with_trigger.py
[2025-11-12T08:30:54.918+0530] {logging_mixin.py:188} INFO - [2025-11-12T08:30:54.918+0530] {dag.py:3089} INFO - Sync 1 DAGs
[2025-11-12T08:30:54.940+0530] {logging_mixin.py:188} INFO - [2025-11-12T08:30:54.939+0530] {dag.py:3947} INFO - Setting next_dagrun for latest_only_with_trigger to 2025-11-11 20:00:00+00:00, run_after=2025-11-12 00:00:00+00:00
[2025-11-12T08:30:54.969+0530] {processor.py:183} INFO - Processing /home/logi/txtai/venv/lib/python3.10/site-packages/airflow/example_dags/example_latest_only_with_trigger.py took 0.114 seconds
[2025-11-12T08:31:53.046+0530] {processor.py:161} INFO - Started process (PID=19453) to work on /home/logi/txtai/venv/lib/python3.10/site-packages/airflow/example_dags/example_latest_only_with_trigger.py
[2025-11-12T08:31:53.061+0530] {processor.py:830} INFO - Processing file /home/logi/txtai/venv/lib/python3.10/site-packages/airflow/example_dags/example_latest_only_with_trigger.py for tasks to queue
[2025-11-12T08:31:53.064+0530] {logging_mixin.py:188} INFO - [2025-11-12T08:31:53.064+0530] {dagbag.py:545} INFO - Filling up the DagBag from /home/logi/txtai/venv/lib/python3.10/site-packages/airflow/example_dags/example_latest_only_with_trigger.py
[2025-11-12T08:31:53.083+0530] {processor.py:840} INFO - DAG(s) 'latest_only_with_trigger' retrieved from /home/logi/txtai/venv/lib/python3.10/site-packages/airflow/example_dags/example_latest_only_with_trigger.py
[2025-11-12T08:31:53.120+0530] {logging_mixin.py:188} INFO - [2025-11-12T08:31:53.120+0530] {dag.py:3089} INFO - Sync 1 DAGs
[2025-11-12T08:31:53.145+0530] {logging_mixin.py:188} INFO - [2025-11-12T08:31:53.144+0530] {dag.py:3947} INFO - Setting next_dagrun for latest_only_with_trigger to 2025-11-11 20:00:00+00:00, run_after=2025-11-12 00:00:00+00:00
[2025-11-12T08:31:53.185+0530] {processor.py:183} INFO - Processing /home/logi/txtai/venv/lib/python3.10/site-packages/airflow/example_dags/example_latest_only_with_trigger.py took 0.150 seconds
[2025-11-12T08:32:56.713+0530] {processor.py:161} INFO - Started process (PID=19599) to work on /home/logi/txtai/venv/lib/python3.10/site-packages/airflow/example_dags/example_latest_only_with_trigger.py
[2025-11-12T08:32:56.726+0530] {processor.py:830} INFO - Processing file /home/logi/txtai/venv/lib/python3.10/site-packages/airflow/example_dags/example_latest_only_with_trigger.py for tasks to queue
[2025-11-12T08:32:56.729+0530] {logging_mixin.py:188} INFO - [2025-11-12T08:32:56.729+0530] {dagbag.py:545} INFO - Filling up the DagBag from /home/logi/txtai/venv/lib/python3.10/site-packages/airflow/example_dags/example_latest_only_with_trigger.py
[2025-11-12T08:32:56.740+0530] {processor.py:840} INFO - DAG(s) 'latest_only_with_trigger' retrieved from /home/logi/txtai/venv/lib/python3.10/site-packages/airflow/example_dags/example_latest_only_with_trigger.py
[2025-11-12T08:32:56.775+0530] {logging_mixin.py:188} INFO - [2025-11-12T08:32:56.774+0530] {dag.py:3089} INFO - Sync 1 DAGs
[2025-11-12T08:32:56.797+0530] {logging_mixin.py:188} INFO - [2025-11-12T08:32:56.797+0530] {dag.py:3947} INFO - Setting next_dagrun for latest_only_with_trigger to 2025-11-11 20:00:00+00:00, run_after=2025-11-12 00:00:00+00:00
[2025-11-12T08:32:56.826+0530] {processor.py:183} INFO - Processing /home/logi/txtai/venv/lib/python3.10/site-packages/airflow/example_dags/example_latest_only_with_trigger.py took 0.125 seconds
[2025-11-12T08:34:23.549+0530] {processor.py:161} INFO - Started process (PID=20019) to work on /home/logi/txtai/venv/lib/python3.10/site-packages/airflow/example_dags/example_latest_only_with_trigger.py
[2025-11-12T08:34:23.562+0530] {processor.py:830} INFO - Processing file /home/logi/txtai/venv/lib/python3.10/site-packages/airflow/example_dags/example_latest_only_with_trigger.py for tasks to queue
[2025-11-12T08:34:23.566+0530] {logging_mixin.py:188} INFO - [2025-11-12T08:34:23.565+0530] {dagbag.py:545} INFO - Filling up the DagBag from /home/logi/txtai/venv/lib/python3.10/site-packages/airflow/example_dags/example_latest_only_with_trigger.py
[2025-11-12T08:34:23.575+0530] {processor.py:840} INFO - DAG(s) 'latest_only_with_trigger' retrieved from /home/logi/txtai/venv/lib/python3.10/site-packages/airflow/example_dags/example_latest_only_with_trigger.py
[2025-11-12T08:34:23.603+0530] {logging_mixin.py:188} INFO - [2025-11-12T08:34:23.603+0530] {dag.py:3089} INFO - Sync 1 DAGs
[2025-11-12T08:34:23.624+0530] {logging_mixin.py:188} INFO - [2025-11-12T08:34:23.623+0530] {dag.py:3947} INFO - Setting next_dagrun for latest_only_with_trigger to 2025-11-11 20:00:00+00:00, run_after=2025-11-12 00:00:00+00:00
[2025-11-12T08:34:23.651+0530] {processor.py:183} INFO - Processing /home/logi/txtai/venv/lib/python3.10/site-packages/airflow/example_dags/example_latest_only_with_trigger.py took 0.112 seconds
[2025-11-12T08:35:23.570+0530] {processor.py:161} INFO - Started process (PID=20104) to work on /home/logi/txtai/venv/lib/python3.10/site-packages/airflow/example_dags/example_latest_only_with_trigger.py
[2025-11-12T08:35:23.583+0530] {processor.py:830} INFO - Processing file /home/logi/txtai/venv/lib/python3.10/site-packages/airflow/example_dags/example_latest_only_with_trigger.py for tasks to queue
[2025-11-12T08:35:23.586+0530] {logging_mixin.py:188} INFO - [2025-11-12T08:35:23.586+0530] {dagbag.py:545} INFO - Filling up the DagBag from /home/logi/txtai/venv/lib/python3.10/site-packages/airflow/example_dags/example_latest_only_with_trigger.py
[2025-11-12T08:35:23.596+0530] {processor.py:840} INFO - DAG(s) 'latest_only_with_trigger' retrieved from /home/logi/txtai/venv/lib/python3.10/site-packages/airflow/example_dags/example_latest_only_with_trigger.py
[2025-11-12T08:35:23.624+0530] {logging_mixin.py:188} INFO - [2025-11-12T08:35:23.623+0530] {dag.py:3089} INFO - Sync 1 DAGs
[2025-11-12T08:35:23.645+0530] {logging_mixin.py:188} INFO - [2025-11-12T08:35:23.645+0530] {dag.py:3947} INFO - Setting next_dagrun for latest_only_with_trigger to 2025-11-11 20:00:00+00:00, run_after=2025-11-12 00:00:00+00:00
[2025-11-12T08:35:23.673+0530] {processor.py:183} INFO - Processing /home/logi/txtai/venv/lib/python3.10/site-packages/airflow/example_dags/example_latest_only_with_trigger.py took 0.113 seconds
[2025-11-12T08:36:22.234+0530] {processor.py:161} INFO - Started process (PID=20186) to work on /home/logi/txtai/venv/lib/python3.10/site-packages/airflow/example_dags/example_latest_only_with_trigger.py
[2025-11-12T08:36:22.248+0530] {processor.py:830} INFO - Processing file /home/logi/txtai/venv/lib/python3.10/site-packages/airflow/example_dags/example_latest_only_with_trigger.py for tasks to queue
[2025-11-12T08:36:22.251+0530] {logging_mixin.py:188} INFO - [2025-11-12T08:36:22.250+0530] {dagbag.py:545} INFO - Filling up the DagBag from /home/logi/txtai/venv/lib/python3.10/site-packages/airflow/example_dags/example_latest_only_with_trigger.py
[2025-11-12T08:36:22.261+0530] {processor.py:840} INFO - DAG(s) 'latest_only_with_trigger' retrieved from /home/logi/txtai/venv/lib/python3.10/site-packages/airflow/example_dags/example_latest_only_with_trigger.py
[2025-11-12T08:36:22.288+0530] {logging_mixin.py:188} INFO - [2025-11-12T08:36:22.287+0530] {dag.py:3089} INFO - Sync 1 DAGs
[2025-11-12T08:36:22.309+0530] {logging_mixin.py:188} INFO - [2025-11-12T08:36:22.309+0530] {dag.py:3947} INFO - Setting next_dagrun for latest_only_with_trigger to 2025-11-11 20:00:00+00:00, run_after=2025-11-12 00:00:00+00:00
[2025-11-12T08:36:22.337+0530] {processor.py:183} INFO - Processing /home/logi/txtai/venv/lib/python3.10/site-packages/airflow/example_dags/example_latest_only_with_trigger.py took 0.114 seconds
[2025-11-12T08:37:21.355+0530] {processor.py:161} INFO - Started process (PID=20281) to work on /home/logi/txtai/venv/lib/python3.10/site-packages/airflow/example_dags/example_latest_only_with_trigger.py
[2025-11-12T08:37:21.372+0530] {processor.py:830} INFO - Processing file /home/logi/txtai/venv/lib/python3.10/site-packages/airflow/example_dags/example_latest_only_with_trigger.py for tasks to queue
[2025-11-12T08:37:21.376+0530] {logging_mixin.py:188} INFO - [2025-11-12T08:37:21.375+0530] {dagbag.py:545} INFO - Filling up the DagBag from /home/logi/txtai/venv/lib/python3.10/site-packages/airflow/example_dags/example_latest_only_with_trigger.py
[2025-11-12T08:37:21.390+0530] {processor.py:840} INFO - DAG(s) 'latest_only_with_trigger' retrieved from /home/logi/txtai/venv/lib/python3.10/site-packages/airflow/example_dags/example_latest_only_with_trigger.py
[2025-11-12T08:37:21.432+0530] {logging_mixin.py:188} INFO - [2025-11-12T08:37:21.431+0530] {dag.py:3089} INFO - Sync 1 DAGs
[2025-11-12T08:37:21.473+0530] {logging_mixin.py:188} INFO - [2025-11-12T08:37:21.473+0530] {dag.py:3947} INFO - Setting next_dagrun for latest_only_with_trigger to 2025-11-11 20:00:00+00:00, run_after=2025-11-12 00:00:00+00:00
[2025-11-12T08:37:21.522+0530] {processor.py:183} INFO - Processing /home/logi/txtai/venv/lib/python3.10/site-packages/airflow/example_dags/example_latest_only_with_trigger.py took 0.185 seconds
[2025-11-12T08:38:25.421+0530] {processor.py:161} INFO - Started process (PID=20482) to work on /home/logi/txtai/venv/lib/python3.10/site-packages/airflow/example_dags/example_latest_only_with_trigger.py
[2025-11-12T08:38:25.434+0530] {processor.py:830} INFO - Processing file /home/logi/txtai/venv/lib/python3.10/site-packages/airflow/example_dags/example_latest_only_with_trigger.py for tasks to queue
[2025-11-12T08:38:25.437+0530] {logging_mixin.py:188} INFO - [2025-11-12T08:38:25.436+0530] {dagbag.py:545} INFO - Filling up the DagBag from /home/logi/txtai/venv/lib/python3.10/site-packages/airflow/example_dags/example_latest_only_with_trigger.py
[2025-11-12T08:38:25.447+0530] {processor.py:840} INFO - DAG(s) 'latest_only_with_trigger' retrieved from /home/logi/txtai/venv/lib/python3.10/site-packages/airflow/example_dags/example_latest_only_with_trigger.py
[2025-11-12T08:38:25.475+0530] {logging_mixin.py:188} INFO - [2025-11-12T08:38:25.475+0530] {dag.py:3089} INFO - Sync 1 DAGs
[2025-11-12T08:38:25.495+0530] {logging_mixin.py:188} INFO - [2025-11-12T08:38:25.495+0530] {dag.py:3947} INFO - Setting next_dagrun for latest_only_with_trigger to 2025-11-11 20:00:00+00:00, run_after=2025-11-12 00:00:00+00:00
[2025-11-12T08:38:25.524+0530] {processor.py:183} INFO - Processing /home/logi/txtai/venv/lib/python3.10/site-packages/airflow/example_dags/example_latest_only_with_trigger.py took 0.114 seconds
[2025-11-12T08:39:39.164+0530] {processor.py:161} INFO - Started process (PID=20702) to work on /home/logi/txtai/venv/lib/python3.10/site-packages/airflow/example_dags/example_latest_only_with_trigger.py
[2025-11-12T08:39:39.178+0530] {processor.py:830} INFO - Processing file /home/logi/txtai/venv/lib/python3.10/site-packages/airflow/example_dags/example_latest_only_with_trigger.py for tasks to queue
[2025-11-12T08:39:39.181+0530] {logging_mixin.py:188} INFO - [2025-11-12T08:39:39.180+0530] {dagbag.py:545} INFO - Filling up the DagBag from /home/logi/txtai/venv/lib/python3.10/site-packages/airflow/example_dags/example_latest_only_with_trigger.py
[2025-11-12T08:39:39.191+0530] {processor.py:840} INFO - DAG(s) 'latest_only_with_trigger' retrieved from /home/logi/txtai/venv/lib/python3.10/site-packages/airflow/example_dags/example_latest_only_with_trigger.py
[2025-11-12T08:39:39.218+0530] {logging_mixin.py:188} INFO - [2025-11-12T08:39:39.218+0530] {dag.py:3089} INFO - Sync 1 DAGs
[2025-11-12T08:39:39.235+0530] {logging_mixin.py:188} INFO - [2025-11-12T08:39:39.235+0530] {dag.py:3947} INFO - Setting next_dagrun for latest_only_with_trigger to 2025-11-11 20:00:00+00:00, run_after=2025-11-12 00:00:00+00:00
[2025-11-12T08:39:39.262+0530] {processor.py:183} INFO - Processing /home/logi/txtai/venv/lib/python3.10/site-packages/airflow/example_dags/example_latest_only_with_trigger.py took 0.105 seconds
[2025-11-12T08:40:42.785+0530] {processor.py:161} INFO - Started process (PID=20785) to work on /home/logi/txtai/venv/lib/python3.10/site-packages/airflow/example_dags/example_latest_only_with_trigger.py
[2025-11-12T08:40:42.787+0530] {processor.py:830} INFO - Processing file /home/logi/txtai/venv/lib/python3.10/site-packages/airflow/example_dags/example_latest_only_with_trigger.py for tasks to queue
[2025-11-12T08:40:42.791+0530] {logging_mixin.py:188} INFO - [2025-11-12T08:40:42.790+0530] {dagbag.py:545} INFO - Filling up the DagBag from /home/logi/txtai/venv/lib/python3.10/site-packages/airflow/example_dags/example_latest_only_with_trigger.py
[2025-11-12T08:40:42.801+0530] {processor.py:840} INFO - DAG(s) 'latest_only_with_trigger' retrieved from /home/logi/txtai/venv/lib/python3.10/site-packages/airflow/example_dags/example_latest_only_with_trigger.py
[2025-11-12T08:40:42.826+0530] {logging_mixin.py:188} INFO - [2025-11-12T08:40:42.826+0530] {dag.py:3089} INFO - Sync 1 DAGs
[2025-11-12T08:40:42.843+0530] {logging_mixin.py:188} INFO - [2025-11-12T08:40:42.842+0530] {dag.py:3947} INFO - Setting next_dagrun for latest_only_with_trigger to 2025-11-11 20:00:00+00:00, run_after=2025-11-12 00:00:00+00:00
[2025-11-12T08:40:42.862+0530] {processor.py:183} INFO - Processing /home/logi/txtai/venv/lib/python3.10/site-packages/airflow/example_dags/example_latest_only_with_trigger.py took 0.088 seconds
[2025-11-12T08:41:46.979+0530] {processor.py:161} INFO - Started process (PID=20916) to work on /home/logi/txtai/venv/lib/python3.10/site-packages/airflow/example_dags/example_latest_only_with_trigger.py
[2025-11-12T08:41:46.994+0530] {processor.py:830} INFO - Processing file /home/logi/txtai/venv/lib/python3.10/site-packages/airflow/example_dags/example_latest_only_with_trigger.py for tasks to queue
[2025-11-12T08:41:46.997+0530] {logging_mixin.py:188} INFO - [2025-11-12T08:41:46.996+0530] {dagbag.py:545} INFO - Filling up the DagBag from /home/logi/txtai/venv/lib/python3.10/site-packages/airflow/example_dags/example_latest_only_with_trigger.py
[2025-11-12T08:41:47.007+0530] {processor.py:840} INFO - DAG(s) 'latest_only_with_trigger' retrieved from /home/logi/txtai/venv/lib/python3.10/site-packages/airflow/example_dags/example_latest_only_with_trigger.py
[2025-11-12T08:41:47.036+0530] {logging_mixin.py:188} INFO - [2025-11-12T08:41:47.036+0530] {dag.py:3089} INFO - Sync 1 DAGs
[2025-11-12T08:41:47.057+0530] {logging_mixin.py:188} INFO - [2025-11-12T08:41:47.057+0530] {dag.py:3947} INFO - Setting next_dagrun for latest_only_with_trigger to 2025-11-11 20:00:00+00:00, run_after=2025-11-12 00:00:00+00:00
[2025-11-12T08:41:47.085+0530] {processor.py:183} INFO - Processing /home/logi/txtai/venv/lib/python3.10/site-packages/airflow/example_dags/example_latest_only_with_trigger.py took 0.116 seconds
[2025-11-12T08:42:49.410+0530] {processor.py:161} INFO - Started process (PID=21048) to work on /home/logi/txtai/venv/lib/python3.10/site-packages/airflow/example_dags/example_latest_only_with_trigger.py
[2025-11-12T08:42:49.424+0530] {processor.py:830} INFO - Processing file /home/logi/txtai/venv/lib/python3.10/site-packages/airflow/example_dags/example_latest_only_with_trigger.py for tasks to queue
[2025-11-12T08:42:49.427+0530] {logging_mixin.py:188} INFO - [2025-11-12T08:42:49.426+0530] {dagbag.py:545} INFO - Filling up the DagBag from /home/logi/txtai/venv/lib/python3.10/site-packages/airflow/example_dags/example_latest_only_with_trigger.py
[2025-11-12T08:42:49.433+0530] {processor.py:840} INFO - DAG(s) 'latest_only_with_trigger' retrieved from /home/logi/txtai/venv/lib/python3.10/site-packages/airflow/example_dags/example_latest_only_with_trigger.py
[2025-11-12T08:42:49.453+0530] {logging_mixin.py:188} INFO - [2025-11-12T08:42:49.452+0530] {dag.py:3089} INFO - Sync 1 DAGs
[2025-11-12T08:42:49.479+0530] {logging_mixin.py:188} INFO - [2025-11-12T08:42:49.478+0530] {dag.py:3947} INFO - Setting next_dagrun for latest_only_with_trigger to 2025-11-11 20:00:00+00:00, run_after=2025-11-12 00:00:00+00:00
[2025-11-12T08:42:49.525+0530] {processor.py:183} INFO - Processing /home/logi/txtai/venv/lib/python3.10/site-packages/airflow/example_dags/example_latest_only_with_trigger.py took 0.134 seconds
[2025-11-12T08:44:02.695+0530] {processor.py:161} INFO - Started process (PID=21202) to work on /home/logi/txtai/venv/lib/python3.10/site-packages/airflow/example_dags/example_latest_only_with_trigger.py
[2025-11-12T08:44:02.708+0530] {processor.py:830} INFO - Processing file /home/logi/txtai/venv/lib/python3.10/site-packages/airflow/example_dags/example_latest_only_with_trigger.py for tasks to queue
[2025-11-12T08:44:02.712+0530] {logging_mixin.py:188} INFO - [2025-11-12T08:44:02.711+0530] {dagbag.py:545} INFO - Filling up the DagBag from /home/logi/txtai/venv/lib/python3.10/site-packages/airflow/example_dags/example_latest_only_with_trigger.py
[2025-11-12T08:44:02.735+0530] {processor.py:840} INFO - DAG(s) 'latest_only_with_trigger' retrieved from /home/logi/txtai/venv/lib/python3.10/site-packages/airflow/example_dags/example_latest_only_with_trigger.py
[2025-11-12T08:44:02.768+0530] {logging_mixin.py:188} INFO - [2025-11-12T08:44:02.767+0530] {dag.py:3089} INFO - Sync 1 DAGs
[2025-11-12T08:44:02.796+0530] {logging_mixin.py:188} INFO - [2025-11-12T08:44:02.796+0530] {dag.py:3947} INFO - Setting next_dagrun for latest_only_with_trigger to 2025-11-11 20:00:00+00:00, run_after=2025-11-12 00:00:00+00:00
[2025-11-12T08:44:02.819+0530] {processor.py:183} INFO - Processing /home/logi/txtai/venv/lib/python3.10/site-packages/airflow/example_dags/example_latest_only_with_trigger.py took 0.132 seconds
[2025-11-12T08:45:18.480+0530] {processor.py:161} INFO - Started process (PID=21628) to work on /home/logi/txtai/venv/lib/python3.10/site-packages/airflow/example_dags/example_latest_only_with_trigger.py
[2025-11-12T08:45:18.493+0530] {processor.py:830} INFO - Processing file /home/logi/txtai/venv/lib/python3.10/site-packages/airflow/example_dags/example_latest_only_with_trigger.py for tasks to queue
[2025-11-12T08:45:18.496+0530] {logging_mixin.py:188} INFO - [2025-11-12T08:45:18.496+0530] {dagbag.py:545} INFO - Filling up the DagBag from /home/logi/txtai/venv/lib/python3.10/site-packages/airflow/example_dags/example_latest_only_with_trigger.py
[2025-11-12T08:45:18.507+0530] {processor.py:840} INFO - DAG(s) 'latest_only_with_trigger' retrieved from /home/logi/txtai/venv/lib/python3.10/site-packages/airflow/example_dags/example_latest_only_with_trigger.py
[2025-11-12T08:45:18.536+0530] {logging_mixin.py:188} INFO - [2025-11-12T08:45:18.536+0530] {dag.py:3089} INFO - Sync 1 DAGs
[2025-11-12T08:45:18.556+0530] {logging_mixin.py:188} INFO - [2025-11-12T08:45:18.556+0530] {dag.py:3947} INFO - Setting next_dagrun for latest_only_with_trigger to 2025-11-11 20:00:00+00:00, run_after=2025-11-12 00:00:00+00:00
[2025-11-12T08:45:18.583+0530] {processor.py:183} INFO - Processing /home/logi/txtai/venv/lib/python3.10/site-packages/airflow/example_dags/example_latest_only_with_trigger.py took 0.113 seconds
[2025-11-12T08:46:22.144+0530] {processor.py:161} INFO - Started process (PID=21707) to work on /home/logi/txtai/venv/lib/python3.10/site-packages/airflow/example_dags/example_latest_only_with_trigger.py
[2025-11-12T08:46:22.157+0530] {processor.py:830} INFO - Processing file /home/logi/txtai/venv/lib/python3.10/site-packages/airflow/example_dags/example_latest_only_with_trigger.py for tasks to queue
[2025-11-12T08:46:22.159+0530] {logging_mixin.py:188} INFO - [2025-11-12T08:46:22.159+0530] {dagbag.py:545} INFO - Filling up the DagBag from /home/logi/txtai/venv/lib/python3.10/site-packages/airflow/example_dags/example_latest_only_with_trigger.py
[2025-11-12T08:46:22.164+0530] {processor.py:840} INFO - DAG(s) 'latest_only_with_trigger' retrieved from /home/logi/txtai/venv/lib/python3.10/site-packages/airflow/example_dags/example_latest_only_with_trigger.py
[2025-11-12T08:46:22.180+0530] {logging_mixin.py:188} INFO - [2025-11-12T08:46:22.180+0530] {dag.py:3089} INFO - Sync 1 DAGs
[2025-11-12T08:46:22.195+0530] {logging_mixin.py:188} INFO - [2025-11-12T08:46:22.194+0530] {dag.py:3947} INFO - Setting next_dagrun for latest_only_with_trigger to 2025-11-11 20:00:00+00:00, run_after=2025-11-12 00:00:00+00:00
[2025-11-12T08:46:22.211+0530] {processor.py:183} INFO - Processing /home/logi/txtai/venv/lib/python3.10/site-packages/airflow/example_dags/example_latest_only_with_trigger.py took 0.073 seconds
[2025-11-12T08:47:22.279+0530] {processor.py:161} INFO - Started process (PID=21799) to work on /home/logi/txtai/venv/lib/python3.10/site-packages/airflow/example_dags/example_latest_only_with_trigger.py
[2025-11-12T08:47:22.293+0530] {processor.py:830} INFO - Processing file /home/logi/txtai/venv/lib/python3.10/site-packages/airflow/example_dags/example_latest_only_with_trigger.py for tasks to queue
[2025-11-12T08:47:22.296+0530] {logging_mixin.py:188} INFO - [2025-11-12T08:47:22.295+0530] {dagbag.py:545} INFO - Filling up the DagBag from /home/logi/txtai/venv/lib/python3.10/site-packages/airflow/example_dags/example_latest_only_with_trigger.py
[2025-11-12T08:47:22.306+0530] {processor.py:840} INFO - DAG(s) 'latest_only_with_trigger' retrieved from /home/logi/txtai/venv/lib/python3.10/site-packages/airflow/example_dags/example_latest_only_with_trigger.py
[2025-11-12T08:47:22.335+0530] {logging_mixin.py:188} INFO - [2025-11-12T08:47:22.334+0530] {dag.py:3089} INFO - Sync 1 DAGs
[2025-11-12T08:47:22.354+0530] {logging_mixin.py:188} INFO - [2025-11-12T08:47:22.354+0530] {dag.py:3947} INFO - Setting next_dagrun for latest_only_with_trigger to 2025-11-11 20:00:00+00:00, run_after=2025-11-12 00:00:00+00:00
[2025-11-12T08:47:22.381+0530] {processor.py:183} INFO - Processing /home/logi/txtai/venv/lib/python3.10/site-packages/airflow/example_dags/example_latest_only_with_trigger.py took 0.113 seconds
[2025-11-12T08:48:22.711+0530] {processor.py:161} INFO - Started process (PID=21907) to work on /home/logi/txtai/venv/lib/python3.10/site-packages/airflow/example_dags/example_latest_only_with_trigger.py
[2025-11-12T08:48:22.724+0530] {processor.py:830} INFO - Processing file /home/logi/txtai/venv/lib/python3.10/site-packages/airflow/example_dags/example_latest_only_with_trigger.py for tasks to queue
[2025-11-12T08:48:22.726+0530] {logging_mixin.py:188} INFO - [2025-11-12T08:48:22.725+0530] {dagbag.py:545} INFO - Filling up the DagBag from /home/logi/txtai/venv/lib/python3.10/site-packages/airflow/example_dags/example_latest_only_with_trigger.py
[2025-11-12T08:48:22.732+0530] {processor.py:840} INFO - DAG(s) 'latest_only_with_trigger' retrieved from /home/logi/txtai/venv/lib/python3.10/site-packages/airflow/example_dags/example_latest_only_with_trigger.py
[2025-11-12T08:48:22.753+0530] {logging_mixin.py:188} INFO - [2025-11-12T08:48:22.752+0530] {dag.py:3089} INFO - Sync 1 DAGs
[2025-11-12T08:48:22.773+0530] {logging_mixin.py:188} INFO - [2025-11-12T08:48:22.773+0530] {dag.py:3947} INFO - Setting next_dagrun for latest_only_with_trigger to 2025-11-11 20:00:00+00:00, run_after=2025-11-12 00:00:00+00:00
[2025-11-12T08:48:22.796+0530] {processor.py:183} INFO - Processing /home/logi/txtai/venv/lib/python3.10/site-packages/airflow/example_dags/example_latest_only_with_trigger.py took 0.096 seconds
[2025-11-12T08:49:23.714+0530] {processor.py:161} INFO - Started process (PID=21992) to work on /home/logi/txtai/venv/lib/python3.10/site-packages/airflow/example_dags/example_latest_only_with_trigger.py
[2025-11-12T08:49:23.728+0530] {processor.py:830} INFO - Processing file /home/logi/txtai/venv/lib/python3.10/site-packages/airflow/example_dags/example_latest_only_with_trigger.py for tasks to queue
[2025-11-12T08:49:23.731+0530] {logging_mixin.py:188} INFO - [2025-11-12T08:49:23.730+0530] {dagbag.py:545} INFO - Filling up the DagBag from /home/logi/txtai/venv/lib/python3.10/site-packages/airflow/example_dags/example_latest_only_with_trigger.py
[2025-11-12T08:49:23.742+0530] {processor.py:840} INFO - DAG(s) 'latest_only_with_trigger' retrieved from /home/logi/txtai/venv/lib/python3.10/site-packages/airflow/example_dags/example_latest_only_with_trigger.py
[2025-11-12T08:49:23.772+0530] {logging_mixin.py:188} INFO - [2025-11-12T08:49:23.771+0530] {dag.py:3089} INFO - Sync 1 DAGs
[2025-11-12T08:49:23.793+0530] {logging_mixin.py:188} INFO - [2025-11-12T08:49:23.793+0530] {dag.py:3947} INFO - Setting next_dagrun for latest_only_with_trigger to 2025-11-11 20:00:00+00:00, run_after=2025-11-12 00:00:00+00:00
[2025-11-12T08:49:23.823+0530] {processor.py:183} INFO - Processing /home/logi/txtai/venv/lib/python3.10/site-packages/airflow/example_dags/example_latest_only_with_trigger.py took 0.121 seconds
[2025-11-12T08:50:34.653+0530] {processor.py:161} INFO - Started process (PID=22294) to work on /home/logi/txtai/venv/lib/python3.10/site-packages/airflow/example_dags/example_latest_only_with_trigger.py
[2025-11-12T08:50:34.667+0530] {processor.py:830} INFO - Processing file /home/logi/txtai/venv/lib/python3.10/site-packages/airflow/example_dags/example_latest_only_with_trigger.py for tasks to queue
[2025-11-12T08:50:34.670+0530] {logging_mixin.py:188} INFO - [2025-11-12T08:50:34.669+0530] {dagbag.py:545} INFO - Filling up the DagBag from /home/logi/txtai/venv/lib/python3.10/site-packages/airflow/example_dags/example_latest_only_with_trigger.py
[2025-11-12T08:50:34.680+0530] {processor.py:840} INFO - DAG(s) 'latest_only_with_trigger' retrieved from /home/logi/txtai/venv/lib/python3.10/site-packages/airflow/example_dags/example_latest_only_with_trigger.py
[2025-11-12T08:50:34.708+0530] {logging_mixin.py:188} INFO - [2025-11-12T08:50:34.707+0530] {dag.py:3089} INFO - Sync 1 DAGs
[2025-11-12T08:50:34.731+0530] {logging_mixin.py:188} INFO - [2025-11-12T08:50:34.731+0530] {dag.py:3947} INFO - Setting next_dagrun for latest_only_with_trigger to 2025-11-11 20:00:00+00:00, run_after=2025-11-12 00:00:00+00:00
[2025-11-12T08:50:34.762+0530] {processor.py:183} INFO - Processing /home/logi/txtai/venv/lib/python3.10/site-packages/airflow/example_dags/example_latest_only_with_trigger.py took 0.119 seconds
[2025-11-12T08:51:34.719+0530] {processor.py:161} INFO - Started process (PID=22429) to work on /home/logi/txtai/venv/lib/python3.10/site-packages/airflow/example_dags/example_latest_only_with_trigger.py
[2025-11-12T08:51:34.732+0530] {processor.py:830} INFO - Processing file /home/logi/txtai/venv/lib/python3.10/site-packages/airflow/example_dags/example_latest_only_with_trigger.py for tasks to queue
[2025-11-12T08:51:34.736+0530] {logging_mixin.py:188} INFO - [2025-11-12T08:51:34.735+0530] {dagbag.py:545} INFO - Filling up the DagBag from /home/logi/txtai/venv/lib/python3.10/site-packages/airflow/example_dags/example_latest_only_with_trigger.py
[2025-11-12T08:51:34.746+0530] {processor.py:840} INFO - DAG(s) 'latest_only_with_trigger' retrieved from /home/logi/txtai/venv/lib/python3.10/site-packages/airflow/example_dags/example_latest_only_with_trigger.py
[2025-11-12T08:51:34.773+0530] {logging_mixin.py:188} INFO - [2025-11-12T08:51:34.773+0530] {dag.py:3089} INFO - Sync 1 DAGs
[2025-11-12T08:51:34.795+0530] {logging_mixin.py:188} INFO - [2025-11-12T08:51:34.795+0530] {dag.py:3947} INFO - Setting next_dagrun for latest_only_with_trigger to 2025-11-11 20:00:00+00:00, run_after=2025-11-12 00:00:00+00:00
[2025-11-12T08:51:34.816+0530] {processor.py:183} INFO - Processing /home/logi/txtai/venv/lib/python3.10/site-packages/airflow/example_dags/example_latest_only_with_trigger.py took 0.107 seconds
[2025-11-12T08:52:33.774+0530] {processor.py:161} INFO - Started process (PID=22556) to work on /home/logi/txtai/venv/lib/python3.10/site-packages/airflow/example_dags/example_latest_only_with_trigger.py
[2025-11-12T08:52:33.789+0530] {processor.py:830} INFO - Processing file /home/logi/txtai/venv/lib/python3.10/site-packages/airflow/example_dags/example_latest_only_with_trigger.py for tasks to queue
[2025-11-12T08:52:33.794+0530] {logging_mixin.py:188} INFO - [2025-11-12T08:52:33.793+0530] {dagbag.py:545} INFO - Filling up the DagBag from /home/logi/txtai/venv/lib/python3.10/site-packages/airflow/example_dags/example_latest_only_with_trigger.py
[2025-11-12T08:52:33.808+0530] {processor.py:840} INFO - DAG(s) 'latest_only_with_trigger' retrieved from /home/logi/txtai/venv/lib/python3.10/site-packages/airflow/example_dags/example_latest_only_with_trigger.py
[2025-11-12T08:52:33.843+0530] {logging_mixin.py:188} INFO - [2025-11-12T08:52:33.843+0530] {dag.py:3089} INFO - Sync 1 DAGs
[2025-11-12T08:52:33.867+0530] {logging_mixin.py:188} INFO - [2025-11-12T08:52:33.867+0530] {dag.py:3947} INFO - Setting next_dagrun for latest_only_with_trigger to 2025-11-11 20:00:00+00:00, run_after=2025-11-12 00:00:00+00:00
[2025-11-12T08:52:33.897+0530] {processor.py:183} INFO - Processing /home/logi/txtai/venv/lib/python3.10/site-packages/airflow/example_dags/example_latest_only_with_trigger.py took 0.143 seconds
[2025-11-12T08:53:34.082+0530] {processor.py:161} INFO - Started process (PID=22713) to work on /home/logi/txtai/venv/lib/python3.10/site-packages/airflow/example_dags/example_latest_only_with_trigger.py
[2025-11-12T08:53:34.096+0530] {processor.py:830} INFO - Processing file /home/logi/txtai/venv/lib/python3.10/site-packages/airflow/example_dags/example_latest_only_with_trigger.py for tasks to queue
[2025-11-12T08:53:34.100+0530] {logging_mixin.py:188} INFO - [2025-11-12T08:53:34.099+0530] {dagbag.py:545} INFO - Filling up the DagBag from /home/logi/txtai/venv/lib/python3.10/site-packages/airflow/example_dags/example_latest_only_with_trigger.py
[2025-11-12T08:53:34.114+0530] {processor.py:840} INFO - DAG(s) 'latest_only_with_trigger' retrieved from /home/logi/txtai/venv/lib/python3.10/site-packages/airflow/example_dags/example_latest_only_with_trigger.py
[2025-11-12T08:53:34.143+0530] {logging_mixin.py:188} INFO - [2025-11-12T08:53:34.143+0530] {dag.py:3089} INFO - Sync 1 DAGs
[2025-11-12T08:53:34.162+0530] {logging_mixin.py:188} INFO - [2025-11-12T08:53:34.162+0530] {dag.py:3947} INFO - Setting next_dagrun for latest_only_with_trigger to 2025-11-11 20:00:00+00:00, run_after=2025-11-12 00:00:00+00:00
[2025-11-12T08:53:34.192+0530] {processor.py:183} INFO - Processing /home/logi/txtai/venv/lib/python3.10/site-packages/airflow/example_dags/example_latest_only_with_trigger.py took 0.121 seconds
[2025-11-12T08:54:58.402+0530] {processor.py:161} INFO - Started process (PID=23159) to work on /home/logi/txtai/venv/lib/python3.10/site-packages/airflow/example_dags/example_latest_only_with_trigger.py
[2025-11-12T08:54:58.404+0530] {processor.py:830} INFO - Processing file /home/logi/txtai/venv/lib/python3.10/site-packages/airflow/example_dags/example_latest_only_with_trigger.py for tasks to queue
[2025-11-12T08:54:58.407+0530] {logging_mixin.py:188} INFO - [2025-11-12T08:54:58.406+0530] {dagbag.py:545} INFO - Filling up the DagBag from /home/logi/txtai/venv/lib/python3.10/site-packages/airflow/example_dags/example_latest_only_with_trigger.py
[2025-11-12T08:54:58.416+0530] {processor.py:840} INFO - DAG(s) 'latest_only_with_trigger' retrieved from /home/logi/txtai/venv/lib/python3.10/site-packages/airflow/example_dags/example_latest_only_with_trigger.py
[2025-11-12T08:54:58.441+0530] {logging_mixin.py:188} INFO - [2025-11-12T08:54:58.440+0530] {dag.py:3089} INFO - Sync 1 DAGs
[2025-11-12T08:54:58.456+0530] {logging_mixin.py:188} INFO - [2025-11-12T08:54:58.456+0530] {dag.py:3947} INFO - Setting next_dagrun for latest_only_with_trigger to 2025-11-11 20:00:00+00:00, run_after=2025-11-12 00:00:00+00:00
[2025-11-12T08:54:58.472+0530] {processor.py:183} INFO - Processing /home/logi/txtai/venv/lib/python3.10/site-packages/airflow/example_dags/example_latest_only_with_trigger.py took 0.081 seconds
[2025-11-12T08:56:18.415+0530] {processor.py:161} INFO - Started process (PID=23331) to work on /home/logi/txtai/venv/lib/python3.10/site-packages/airflow/example_dags/example_latest_only_with_trigger.py
[2025-11-12T08:56:18.430+0530] {processor.py:830} INFO - Processing file /home/logi/txtai/venv/lib/python3.10/site-packages/airflow/example_dags/example_latest_only_with_trigger.py for tasks to queue
[2025-11-12T08:56:18.436+0530] {logging_mixin.py:188} INFO - [2025-11-12T08:56:18.435+0530] {dagbag.py:545} INFO - Filling up the DagBag from /home/logi/txtai/venv/lib/python3.10/site-packages/airflow/example_dags/example_latest_only_with_trigger.py
[2025-11-12T08:56:18.450+0530] {processor.py:840} INFO - DAG(s) 'latest_only_with_trigger' retrieved from /home/logi/txtai/venv/lib/python3.10/site-packages/airflow/example_dags/example_latest_only_with_trigger.py
[2025-11-12T08:56:18.475+0530] {logging_mixin.py:188} INFO - [2025-11-12T08:56:18.474+0530] {dag.py:3089} INFO - Sync 1 DAGs
[2025-11-12T08:56:18.500+0530] {logging_mixin.py:188} INFO - [2025-11-12T08:56:18.500+0530] {dag.py:3947} INFO - Setting next_dagrun for latest_only_with_trigger to 2025-11-11 20:00:00+00:00, run_after=2025-11-12 00:00:00+00:00
[2025-11-12T08:56:18.527+0530] {processor.py:183} INFO - Processing /home/logi/txtai/venv/lib/python3.10/site-packages/airflow/example_dags/example_latest_only_with_trigger.py took 0.126 seconds
[2025-11-12T08:57:18.321+0530] {processor.py:161} INFO - Started process (PID=23460) to work on /home/logi/txtai/venv/lib/python3.10/site-packages/airflow/example_dags/example_latest_only_with_trigger.py
[2025-11-12T08:57:18.334+0530] {processor.py:830} INFO - Processing file /home/logi/txtai/venv/lib/python3.10/site-packages/airflow/example_dags/example_latest_only_with_trigger.py for tasks to queue
[2025-11-12T08:57:18.337+0530] {logging_mixin.py:188} INFO - [2025-11-12T08:57:18.337+0530] {dagbag.py:545} INFO - Filling up the DagBag from /home/logi/txtai/venv/lib/python3.10/site-packages/airflow/example_dags/example_latest_only_with_trigger.py
[2025-11-12T08:57:18.347+0530] {processor.py:840} INFO - DAG(s) 'latest_only_with_trigger' retrieved from /home/logi/txtai/venv/lib/python3.10/site-packages/airflow/example_dags/example_latest_only_with_trigger.py
[2025-11-12T08:57:18.375+0530] {logging_mixin.py:188} INFO - [2025-11-12T08:57:18.375+0530] {dag.py:3089} INFO - Sync 1 DAGs
[2025-11-12T08:57:18.396+0530] {logging_mixin.py:188} INFO - [2025-11-12T08:57:18.396+0530] {dag.py:3947} INFO - Setting next_dagrun for latest_only_with_trigger to 2025-11-11 20:00:00+00:00, run_after=2025-11-12 00:00:00+00:00
[2025-11-12T08:57:18.424+0530] {processor.py:183} INFO - Processing /home/logi/txtai/venv/lib/python3.10/site-packages/airflow/example_dags/example_latest_only_with_trigger.py took 0.115 seconds
[2025-11-12T08:58:23.199+0530] {processor.py:161} INFO - Started process (PID=23640) to work on /home/logi/txtai/venv/lib/python3.10/site-packages/airflow/example_dags/example_latest_only_with_trigger.py
[2025-11-12T08:58:23.213+0530] {processor.py:830} INFO - Processing file /home/logi/txtai/venv/lib/python3.10/site-packages/airflow/example_dags/example_latest_only_with_trigger.py for tasks to queue
[2025-11-12T08:58:23.216+0530] {logging_mixin.py:188} INFO - [2025-11-12T08:58:23.215+0530] {dagbag.py:545} INFO - Filling up the DagBag from /home/logi/txtai/venv/lib/python3.10/site-packages/airflow/example_dags/example_latest_only_with_trigger.py
[2025-11-12T08:58:23.226+0530] {processor.py:840} INFO - DAG(s) 'latest_only_with_trigger' retrieved from /home/logi/txtai/venv/lib/python3.10/site-packages/airflow/example_dags/example_latest_only_with_trigger.py
[2025-11-12T08:58:23.256+0530] {logging_mixin.py:188} INFO - [2025-11-12T08:58:23.255+0530] {dag.py:3089} INFO - Sync 1 DAGs
[2025-11-12T08:58:23.277+0530] {logging_mixin.py:188} INFO - [2025-11-12T08:58:23.276+0530] {dag.py:3947} INFO - Setting next_dagrun for latest_only_with_trigger to 2025-11-11 20:00:00+00:00, run_after=2025-11-12 00:00:00+00:00
[2025-11-12T08:58:23.315+0530] {processor.py:183} INFO - Processing /home/logi/txtai/venv/lib/python3.10/site-packages/airflow/example_dags/example_latest_only_with_trigger.py took 0.127 seconds
[2025-11-12T08:59:33.257+0530] {processor.py:161} INFO - Started process (PID=23798) to work on /home/logi/txtai/venv/lib/python3.10/site-packages/airflow/example_dags/example_latest_only_with_trigger.py
[2025-11-12T08:59:33.270+0530] {processor.py:830} INFO - Processing file /home/logi/txtai/venv/lib/python3.10/site-packages/airflow/example_dags/example_latest_only_with_trigger.py for tasks to queue
[2025-11-12T08:59:33.273+0530] {logging_mixin.py:188} INFO - [2025-11-12T08:59:33.273+0530] {dagbag.py:545} INFO - Filling up the DagBag from /home/logi/txtai/venv/lib/python3.10/site-packages/airflow/example_dags/example_latest_only_with_trigger.py
[2025-11-12T08:59:33.283+0530] {processor.py:840} INFO - DAG(s) 'latest_only_with_trigger' retrieved from /home/logi/txtai/venv/lib/python3.10/site-packages/airflow/example_dags/example_latest_only_with_trigger.py
[2025-11-12T08:59:33.304+0530] {logging_mixin.py:188} INFO - [2025-11-12T08:59:33.304+0530] {dag.py:3089} INFO - Sync 1 DAGs
[2025-11-12T08:59:33.325+0530] {logging_mixin.py:188} INFO - [2025-11-12T08:59:33.325+0530] {dag.py:3947} INFO - Setting next_dagrun for latest_only_with_trigger to 2025-11-11 20:00:00+00:00, run_after=2025-11-12 00:00:00+00:00
[2025-11-12T08:59:33.354+0530] {processor.py:183} INFO - Processing /home/logi/txtai/venv/lib/python3.10/site-packages/airflow/example_dags/example_latest_only_with_trigger.py took 0.104 seconds
[2025-11-12T09:00:51.166+0530] {processor.py:161} INFO - Started process (PID=24355) to work on /home/logi/txtai/venv/lib/python3.10/site-packages/airflow/example_dags/example_latest_only_with_trigger.py
[2025-11-12T09:00:51.168+0530] {processor.py:830} INFO - Processing file /home/logi/txtai/venv/lib/python3.10/site-packages/airflow/example_dags/example_latest_only_with_trigger.py for tasks to queue
[2025-11-12T09:00:51.171+0530] {logging_mixin.py:188} INFO - [2025-11-12T09:00:51.170+0530] {dagbag.py:545} INFO - Filling up the DagBag from /home/logi/txtai/venv/lib/python3.10/site-packages/airflow/example_dags/example_latest_only_with_trigger.py
[2025-11-12T09:00:51.180+0530] {processor.py:840} INFO - DAG(s) 'latest_only_with_trigger' retrieved from /home/logi/txtai/venv/lib/python3.10/site-packages/airflow/example_dags/example_latest_only_with_trigger.py
[2025-11-12T09:00:51.204+0530] {logging_mixin.py:188} INFO - [2025-11-12T09:00:51.204+0530] {dag.py:3089} INFO - Sync 1 DAGs
[2025-11-12T09:00:51.220+0530] {logging_mixin.py:188} INFO - [2025-11-12T09:00:51.219+0530] {dag.py:3947} INFO - Setting next_dagrun for latest_only_with_trigger to 2025-11-11 20:00:00+00:00, run_after=2025-11-12 00:00:00+00:00
[2025-11-12T09:00:51.238+0530] {processor.py:183} INFO - Processing /home/logi/txtai/venv/lib/python3.10/site-packages/airflow/example_dags/example_latest_only_with_trigger.py took 0.082 seconds
[2025-11-12T09:01:50.543+0530] {processor.py:161} INFO - Started process (PID=24631) to work on /home/logi/txtai/venv/lib/python3.10/site-packages/airflow/example_dags/example_latest_only_with_trigger.py
[2025-11-12T09:01:50.556+0530] {processor.py:830} INFO - Processing file /home/logi/txtai/venv/lib/python3.10/site-packages/airflow/example_dags/example_latest_only_with_trigger.py for tasks to queue
[2025-11-12T09:01:50.559+0530] {logging_mixin.py:188} INFO - [2025-11-12T09:01:50.559+0530] {dagbag.py:545} INFO - Filling up the DagBag from /home/logi/txtai/venv/lib/python3.10/site-packages/airflow/example_dags/example_latest_only_with_trigger.py
[2025-11-12T09:01:50.569+0530] {processor.py:840} INFO - DAG(s) 'latest_only_with_trigger' retrieved from /home/logi/txtai/venv/lib/python3.10/site-packages/airflow/example_dags/example_latest_only_with_trigger.py
[2025-11-12T09:01:50.596+0530] {logging_mixin.py:188} INFO - [2025-11-12T09:01:50.596+0530] {dag.py:3089} INFO - Sync 1 DAGs
[2025-11-12T09:01:50.618+0530] {logging_mixin.py:188} INFO - [2025-11-12T09:01:50.618+0530] {dag.py:3947} INFO - Setting next_dagrun for latest_only_with_trigger to 2025-11-11 20:00:00+00:00, run_after=2025-11-12 00:00:00+00:00
[2025-11-12T09:01:50.644+0530] {processor.py:183} INFO - Processing /home/logi/txtai/venv/lib/python3.10/site-packages/airflow/example_dags/example_latest_only_with_trigger.py took 0.112 seconds
[2025-11-12T09:02:49.861+0530] {processor.py:161} INFO - Started process (PID=24978) to work on /home/logi/txtai/venv/lib/python3.10/site-packages/airflow/example_dags/example_latest_only_with_trigger.py
[2025-11-12T09:02:49.863+0530] {processor.py:830} INFO - Processing file /home/logi/txtai/venv/lib/python3.10/site-packages/airflow/example_dags/example_latest_only_with_trigger.py for tasks to queue
[2025-11-12T09:02:49.866+0530] {logging_mixin.py:188} INFO - [2025-11-12T09:02:49.865+0530] {dagbag.py:545} INFO - Filling up the DagBag from /home/logi/txtai/venv/lib/python3.10/site-packages/airflow/example_dags/example_latest_only_with_trigger.py
[2025-11-12T09:02:49.875+0530] {processor.py:840} INFO - DAG(s) 'latest_only_with_trigger' retrieved from /home/logi/txtai/venv/lib/python3.10/site-packages/airflow/example_dags/example_latest_only_with_trigger.py
[2025-11-12T09:02:49.902+0530] {logging_mixin.py:188} INFO - [2025-11-12T09:02:49.902+0530] {dag.py:3089} INFO - Sync 1 DAGs
[2025-11-12T09:02:49.918+0530] {logging_mixin.py:188} INFO - [2025-11-12T09:02:49.918+0530] {dag.py:3947} INFO - Setting next_dagrun for latest_only_with_trigger to 2025-11-11 20:00:00+00:00, run_after=2025-11-12 00:00:00+00:00
[2025-11-12T09:02:49.940+0530] {processor.py:183} INFO - Processing /home/logi/txtai/venv/lib/python3.10/site-packages/airflow/example_dags/example_latest_only_with_trigger.py took 0.091 seconds
[2025-11-12T09:03:49.108+0530] {processor.py:161} INFO - Started process (PID=25269) to work on /home/logi/txtai/venv/lib/python3.10/site-packages/airflow/example_dags/example_latest_only_with_trigger.py
[2025-11-12T09:03:49.121+0530] {processor.py:830} INFO - Processing file /home/logi/txtai/venv/lib/python3.10/site-packages/airflow/example_dags/example_latest_only_with_trigger.py for tasks to queue
[2025-11-12T09:03:49.124+0530] {logging_mixin.py:188} INFO - [2025-11-12T09:03:49.124+0530] {dagbag.py:545} INFO - Filling up the DagBag from /home/logi/txtai/venv/lib/python3.10/site-packages/airflow/example_dags/example_latest_only_with_trigger.py
[2025-11-12T09:03:49.133+0530] {processor.py:840} INFO - DAG(s) 'latest_only_with_trigger' retrieved from /home/logi/txtai/venv/lib/python3.10/site-packages/airflow/example_dags/example_latest_only_with_trigger.py
[2025-11-12T09:03:49.159+0530] {logging_mixin.py:188} INFO - [2025-11-12T09:03:49.158+0530] {dag.py:3089} INFO - Sync 1 DAGs
[2025-11-12T09:03:49.180+0530] {logging_mixin.py:188} INFO - [2025-11-12T09:03:49.180+0530] {dag.py:3947} INFO - Setting next_dagrun for latest_only_with_trigger to 2025-11-11 20:00:00+00:00, run_after=2025-11-12 00:00:00+00:00
[2025-11-12T09:03:49.199+0530] {processor.py:183} INFO - Processing /home/logi/txtai/venv/lib/python3.10/site-packages/airflow/example_dags/example_latest_only_with_trigger.py took 0.101 seconds
[2025-11-12T09:04:48.841+0530] {processor.py:161} INFO - Started process (PID=25710) to work on /home/logi/txtai/venv/lib/python3.10/site-packages/airflow/example_dags/example_latest_only_with_trigger.py
[2025-11-12T09:04:48.854+0530] {processor.py:830} INFO - Processing file /home/logi/txtai/venv/lib/python3.10/site-packages/airflow/example_dags/example_latest_only_with_trigger.py for tasks to queue
[2025-11-12T09:04:48.857+0530] {logging_mixin.py:188} INFO - [2025-11-12T09:04:48.856+0530] {dagbag.py:545} INFO - Filling up the DagBag from /home/logi/txtai/venv/lib/python3.10/site-packages/airflow/example_dags/example_latest_only_with_trigger.py
[2025-11-12T09:04:48.866+0530] {processor.py:840} INFO - DAG(s) 'latest_only_with_trigger' retrieved from /home/logi/txtai/venv/lib/python3.10/site-packages/airflow/example_dags/example_latest_only_with_trigger.py
[2025-11-12T09:04:48.892+0530] {logging_mixin.py:188} INFO - [2025-11-12T09:04:48.892+0530] {dag.py:3089} INFO - Sync 1 DAGs
[2025-11-12T09:04:48.913+0530] {logging_mixin.py:188} INFO - [2025-11-12T09:04:48.913+0530] {dag.py:3947} INFO - Setting next_dagrun for latest_only_with_trigger to 2025-11-11 20:00:00+00:00, run_after=2025-11-12 00:00:00+00:00
[2025-11-12T09:04:48.930+0530] {processor.py:183} INFO - Processing /home/logi/txtai/venv/lib/python3.10/site-packages/airflow/example_dags/example_latest_only_with_trigger.py took 0.100 seconds
[2025-11-12T09:06:18.047+0530] {processor.py:161} INFO - Started process (PID=26686) to work on /home/logi/txtai/venv/lib/python3.10/site-packages/airflow/example_dags/example_latest_only_with_trigger.py
[2025-11-12T09:06:18.060+0530] {processor.py:830} INFO - Processing file /home/logi/txtai/venv/lib/python3.10/site-packages/airflow/example_dags/example_latest_only_with_trigger.py for tasks to queue
[2025-11-12T09:06:18.063+0530] {logging_mixin.py:188} INFO - [2025-11-12T09:06:18.062+0530] {dagbag.py:545} INFO - Filling up the DagBag from /home/logi/txtai/venv/lib/python3.10/site-packages/airflow/example_dags/example_latest_only_with_trigger.py
[2025-11-12T09:06:18.071+0530] {processor.py:840} INFO - DAG(s) 'latest_only_with_trigger' retrieved from /home/logi/txtai/venv/lib/python3.10/site-packages/airflow/example_dags/example_latest_only_with_trigger.py
[2025-11-12T09:06:18.091+0530] {logging_mixin.py:188} INFO - [2025-11-12T09:06:18.090+0530] {dag.py:3089} INFO - Sync 1 DAGs
[2025-11-12T09:06:18.107+0530] {logging_mixin.py:188} INFO - [2025-11-12T09:06:18.107+0530] {dag.py:3947} INFO - Setting next_dagrun for latest_only_with_trigger to 2025-11-11 20:00:00+00:00, run_after=2025-11-12 00:00:00+00:00
[2025-11-12T09:06:18.130+0530] {processor.py:183} INFO - Processing /home/logi/txtai/venv/lib/python3.10/site-packages/airflow/example_dags/example_latest_only_with_trigger.py took 0.090 seconds
[2025-11-12T09:07:15.273+0530] {processor.py:161} INFO - Started process (PID=27095) to work on /home/logi/txtai/venv/lib/python3.10/site-packages/airflow/example_dags/example_latest_only_with_trigger.py
[2025-11-12T09:07:15.287+0530] {processor.py:830} INFO - Processing file /home/logi/txtai/venv/lib/python3.10/site-packages/airflow/example_dags/example_latest_only_with_trigger.py for tasks to queue
[2025-11-12T09:07:15.290+0530] {logging_mixin.py:188} INFO - [2025-11-12T09:07:15.290+0530] {dagbag.py:545} INFO - Filling up the DagBag from /home/logi/txtai/venv/lib/python3.10/site-packages/airflow/example_dags/example_latest_only_with_trigger.py
[2025-11-12T09:07:15.300+0530] {processor.py:840} INFO - DAG(s) 'latest_only_with_trigger' retrieved from /home/logi/txtai/venv/lib/python3.10/site-packages/airflow/example_dags/example_latest_only_with_trigger.py
[2025-11-12T09:07:15.326+0530] {logging_mixin.py:188} INFO - [2025-11-12T09:07:15.326+0530] {dag.py:3089} INFO - Sync 1 DAGs
[2025-11-12T09:07:15.347+0530] {logging_mixin.py:188} INFO - [2025-11-12T09:07:15.346+0530] {dag.py:3947} INFO - Setting next_dagrun for latest_only_with_trigger to 2025-11-11 20:00:00+00:00, run_after=2025-11-12 00:00:00+00:00
[2025-11-12T09:07:15.365+0530] {processor.py:183} INFO - Processing /home/logi/txtai/venv/lib/python3.10/site-packages/airflow/example_dags/example_latest_only_with_trigger.py took 0.102 seconds
[2025-11-12T09:08:15.012+0530] {processor.py:161} INFO - Started process (PID=27503) to work on /home/logi/txtai/venv/lib/python3.10/site-packages/airflow/example_dags/example_latest_only_with_trigger.py
[2025-11-12T09:08:15.014+0530] {processor.py:830} INFO - Processing file /home/logi/txtai/venv/lib/python3.10/site-packages/airflow/example_dags/example_latest_only_with_trigger.py for tasks to queue
[2025-11-12T09:08:15.016+0530] {logging_mixin.py:188} INFO - [2025-11-12T09:08:15.016+0530] {dagbag.py:545} INFO - Filling up the DagBag from /home/logi/txtai/venv/lib/python3.10/site-packages/airflow/example_dags/example_latest_only_with_trigger.py
[2025-11-12T09:08:15.026+0530] {processor.py:840} INFO - DAG(s) 'latest_only_with_trigger' retrieved from /home/logi/txtai/venv/lib/python3.10/site-packages/airflow/example_dags/example_latest_only_with_trigger.py
[2025-11-12T09:08:15.052+0530] {logging_mixin.py:188} INFO - [2025-11-12T09:08:15.051+0530] {dag.py:3089} INFO - Sync 1 DAGs
[2025-11-12T09:08:15.068+0530] {logging_mixin.py:188} INFO - [2025-11-12T09:08:15.068+0530] {dag.py:3947} INFO - Setting next_dagrun for latest_only_with_trigger to 2025-11-11 20:00:00+00:00, run_after=2025-11-12 00:00:00+00:00
[2025-11-12T09:08:15.089+0530] {processor.py:183} INFO - Processing /home/logi/txtai/venv/lib/python3.10/site-packages/airflow/example_dags/example_latest_only_with_trigger.py took 0.088 seconds
[2025-11-12T09:09:15.650+0530] {processor.py:161} INFO - Started process (PID=27583) to work on /home/logi/txtai/venv/lib/python3.10/site-packages/airflow/example_dags/example_latest_only_with_trigger.py
[2025-11-12T09:09:15.665+0530] {processor.py:830} INFO - Processing file /home/logi/txtai/venv/lib/python3.10/site-packages/airflow/example_dags/example_latest_only_with_trigger.py for tasks to queue
[2025-11-12T09:09:15.668+0530] {logging_mixin.py:188} INFO - [2025-11-12T09:09:15.667+0530] {dagbag.py:545} INFO - Filling up the DagBag from /home/logi/txtai/venv/lib/python3.10/site-packages/airflow/example_dags/example_latest_only_with_trigger.py
[2025-11-12T09:09:15.678+0530] {processor.py:840} INFO - DAG(s) 'latest_only_with_trigger' retrieved from /home/logi/txtai/venv/lib/python3.10/site-packages/airflow/example_dags/example_latest_only_with_trigger.py
[2025-11-12T09:09:15.707+0530] {logging_mixin.py:188} INFO - [2025-11-12T09:09:15.706+0530] {dag.py:3089} INFO - Sync 1 DAGs
[2025-11-12T09:09:15.728+0530] {logging_mixin.py:188} INFO - [2025-11-12T09:09:15.728+0530] {dag.py:3947} INFO - Setting next_dagrun for latest_only_with_trigger to 2025-11-11 20:00:00+00:00, run_after=2025-11-12 00:00:00+00:00
[2025-11-12T09:09:15.756+0530] {processor.py:183} INFO - Processing /home/logi/txtai/venv/lib/python3.10/site-packages/airflow/example_dags/example_latest_only_with_trigger.py took 0.117 seconds
[2025-11-12T09:10:18.649+0530] {processor.py:161} INFO - Started process (PID=27723) to work on /home/logi/txtai/venv/lib/python3.10/site-packages/airflow/example_dags/example_latest_only_with_trigger.py
[2025-11-12T09:10:18.664+0530] {processor.py:830} INFO - Processing file /home/logi/txtai/venv/lib/python3.10/site-packages/airflow/example_dags/example_latest_only_with_trigger.py for tasks to queue
[2025-11-12T09:10:18.668+0530] {logging_mixin.py:188} INFO - [2025-11-12T09:10:18.667+0530] {dagbag.py:545} INFO - Filling up the DagBag from /home/logi/txtai/venv/lib/python3.10/site-packages/airflow/example_dags/example_latest_only_with_trigger.py
[2025-11-12T09:10:18.680+0530] {processor.py:840} INFO - DAG(s) 'latest_only_with_trigger' retrieved from /home/logi/txtai/venv/lib/python3.10/site-packages/airflow/example_dags/example_latest_only_with_trigger.py
[2025-11-12T09:10:18.717+0530] {logging_mixin.py:188} INFO - [2025-11-12T09:10:18.717+0530] {dag.py:3089} INFO - Sync 1 DAGs
[2025-11-12T09:10:18.751+0530] {logging_mixin.py:188} INFO - [2025-11-12T09:10:18.751+0530] {dag.py:3947} INFO - Setting next_dagrun for latest_only_with_trigger to 2025-11-11 20:00:00+00:00, run_after=2025-11-12 00:00:00+00:00
[2025-11-12T09:10:18.778+0530] {processor.py:183} INFO - Processing /home/logi/txtai/venv/lib/python3.10/site-packages/airflow/example_dags/example_latest_only_with_trigger.py took 0.145 seconds
[2025-11-12T09:11:30.925+0530] {processor.py:161} INFO - Started process (PID=27993) to work on /home/logi/txtai/venv/lib/python3.10/site-packages/airflow/example_dags/example_latest_only_with_trigger.py
[2025-11-12T09:11:30.938+0530] {processor.py:830} INFO - Processing file /home/logi/txtai/venv/lib/python3.10/site-packages/airflow/example_dags/example_latest_only_with_trigger.py for tasks to queue
[2025-11-12T09:11:30.941+0530] {logging_mixin.py:188} INFO - [2025-11-12T09:11:30.941+0530] {dagbag.py:545} INFO - Filling up the DagBag from /home/logi/txtai/venv/lib/python3.10/site-packages/airflow/example_dags/example_latest_only_with_trigger.py
[2025-11-12T09:11:30.951+0530] {processor.py:840} INFO - DAG(s) 'latest_only_with_trigger' retrieved from /home/logi/txtai/venv/lib/python3.10/site-packages/airflow/example_dags/example_latest_only_with_trigger.py
[2025-11-12T09:11:30.979+0530] {logging_mixin.py:188} INFO - [2025-11-12T09:11:30.978+0530] {dag.py:3089} INFO - Sync 1 DAGs
[2025-11-12T09:11:31.000+0530] {logging_mixin.py:188} INFO - [2025-11-12T09:11:31.000+0530] {dag.py:3947} INFO - Setting next_dagrun for latest_only_with_trigger to 2025-11-11 20:00:00+00:00, run_after=2025-11-12 00:00:00+00:00
[2025-11-12T09:11:31.020+0530] {processor.py:183} INFO - Processing /home/logi/txtai/venv/lib/python3.10/site-packages/airflow/example_dags/example_latest_only_with_trigger.py took 0.107 seconds
[2025-11-12T09:12:35.184+0530] {processor.py:161} INFO - Started process (PID=28111) to work on /home/logi/txtai/venv/lib/python3.10/site-packages/airflow/example_dags/example_latest_only_with_trigger.py
[2025-11-12T09:12:35.198+0530] {processor.py:830} INFO - Processing file /home/logi/txtai/venv/lib/python3.10/site-packages/airflow/example_dags/example_latest_only_with_trigger.py for tasks to queue
[2025-11-12T09:12:35.201+0530] {logging_mixin.py:188} INFO - [2025-11-12T09:12:35.201+0530] {dagbag.py:545} INFO - Filling up the DagBag from /home/logi/txtai/venv/lib/python3.10/site-packages/airflow/example_dags/example_latest_only_with_trigger.py
[2025-11-12T09:12:35.211+0530] {processor.py:840} INFO - DAG(s) 'latest_only_with_trigger' retrieved from /home/logi/txtai/venv/lib/python3.10/site-packages/airflow/example_dags/example_latest_only_with_trigger.py
[2025-11-12T09:12:35.238+0530] {logging_mixin.py:188} INFO - [2025-11-12T09:12:35.238+0530] {dag.py:3089} INFO - Sync 1 DAGs
[2025-11-12T09:12:35.256+0530] {logging_mixin.py:188} INFO - [2025-11-12T09:12:35.256+0530] {dag.py:3947} INFO - Setting next_dagrun for latest_only_with_trigger to 2025-11-11 20:00:00+00:00, run_after=2025-11-12 00:00:00+00:00
[2025-11-12T09:12:35.284+0530] {processor.py:183} INFO - Processing /home/logi/txtai/venv/lib/python3.10/site-packages/airflow/example_dags/example_latest_only_with_trigger.py took 0.111 seconds
[2025-11-12T09:13:36.022+0530] {processor.py:161} INFO - Started process (PID=28291) to work on /home/logi/txtai/venv/lib/python3.10/site-packages/airflow/example_dags/example_latest_only_with_trigger.py
[2025-11-12T09:13:36.036+0530] {processor.py:830} INFO - Processing file /home/logi/txtai/venv/lib/python3.10/site-packages/airflow/example_dags/example_latest_only_with_trigger.py for tasks to queue
[2025-11-12T09:13:36.038+0530] {logging_mixin.py:188} INFO - [2025-11-12T09:13:36.038+0530] {dagbag.py:545} INFO - Filling up the DagBag from /home/logi/txtai/venv/lib/python3.10/site-packages/airflow/example_dags/example_latest_only_with_trigger.py
[2025-11-12T09:13:36.049+0530] {processor.py:840} INFO - DAG(s) 'latest_only_with_trigger' retrieved from /home/logi/txtai/venv/lib/python3.10/site-packages/airflow/example_dags/example_latest_only_with_trigger.py
[2025-11-12T09:13:36.079+0530] {logging_mixin.py:188} INFO - [2025-11-12T09:13:36.079+0530] {dag.py:3089} INFO - Sync 1 DAGs
[2025-11-12T09:13:36.103+0530] {logging_mixin.py:188} INFO - [2025-11-12T09:13:36.103+0530] {dag.py:3947} INFO - Setting next_dagrun for latest_only_with_trigger to 2025-11-11 20:00:00+00:00, run_after=2025-11-12 00:00:00+00:00
[2025-11-12T09:13:36.130+0530] {processor.py:183} INFO - Processing /home/logi/txtai/venv/lib/python3.10/site-packages/airflow/example_dags/example_latest_only_with_trigger.py took 0.118 seconds
[2025-11-12T09:14:35.531+0530] {processor.py:161} INFO - Started process (PID=28478) to work on /home/logi/txtai/venv/lib/python3.10/site-packages/airflow/example_dags/example_latest_only_with_trigger.py
[2025-11-12T09:14:35.544+0530] {processor.py:830} INFO - Processing file /home/logi/txtai/venv/lib/python3.10/site-packages/airflow/example_dags/example_latest_only_with_trigger.py for tasks to queue
[2025-11-12T09:14:35.547+0530] {logging_mixin.py:188} INFO - [2025-11-12T09:14:35.547+0530] {dagbag.py:545} INFO - Filling up the DagBag from /home/logi/txtai/venv/lib/python3.10/site-packages/airflow/example_dags/example_latest_only_with_trigger.py
[2025-11-12T09:14:35.557+0530] {processor.py:840} INFO - DAG(s) 'latest_only_with_trigger' retrieved from /home/logi/txtai/venv/lib/python3.10/site-packages/airflow/example_dags/example_latest_only_with_trigger.py
[2025-11-12T09:14:35.585+0530] {logging_mixin.py:188} INFO - [2025-11-12T09:14:35.585+0530] {dag.py:3089} INFO - Sync 1 DAGs
[2025-11-12T09:14:35.606+0530] {logging_mixin.py:188} INFO - [2025-11-12T09:14:35.605+0530] {dag.py:3947} INFO - Setting next_dagrun for latest_only_with_trigger to 2025-11-11 20:00:00+00:00, run_after=2025-11-12 00:00:00+00:00
[2025-11-12T09:14:35.826+0530] {processor.py:183} INFO - Processing /home/logi/txtai/venv/lib/python3.10/site-packages/airflow/example_dags/example_latest_only_with_trigger.py took 0.306 seconds
[2025-11-12T09:15:53.377+0530] {processor.py:161} INFO - Started process (PID=28909) to work on /home/logi/txtai/venv/lib/python3.10/site-packages/airflow/example_dags/example_latest_only_with_trigger.py
[2025-11-12T09:15:53.390+0530] {processor.py:830} INFO - Processing file /home/logi/txtai/venv/lib/python3.10/site-packages/airflow/example_dags/example_latest_only_with_trigger.py for tasks to queue
[2025-11-12T09:15:53.393+0530] {logging_mixin.py:188} INFO - [2025-11-12T09:15:53.392+0530] {dagbag.py:545} INFO - Filling up the DagBag from /home/logi/txtai/venv/lib/python3.10/site-packages/airflow/example_dags/example_latest_only_with_trigger.py
[2025-11-12T09:15:53.403+0530] {processor.py:840} INFO - DAG(s) 'latest_only_with_trigger' retrieved from /home/logi/txtai/venv/lib/python3.10/site-packages/airflow/example_dags/example_latest_only_with_trigger.py
[2025-11-12T09:15:53.429+0530] {logging_mixin.py:188} INFO - [2025-11-12T09:15:53.429+0530] {dag.py:3089} INFO - Sync 1 DAGs
[2025-11-12T09:15:53.450+0530] {logging_mixin.py:188} INFO - [2025-11-12T09:15:53.450+0530] {dag.py:3947} INFO - Setting next_dagrun for latest_only_with_trigger to 2025-11-11 20:00:00+00:00, run_after=2025-11-12 00:00:00+00:00
[2025-11-12T09:15:53.468+0530] {processor.py:183} INFO - Processing /home/logi/txtai/venv/lib/python3.10/site-packages/airflow/example_dags/example_latest_only_with_trigger.py took 0.102 seconds
[2025-11-12T09:17:09.765+0530] {processor.py:161} INFO - Started process (PID=29480) to work on /home/logi/txtai/venv/lib/python3.10/site-packages/airflow/example_dags/example_latest_only_with_trigger.py
[2025-11-12T09:17:09.767+0530] {processor.py:830} INFO - Processing file /home/logi/txtai/venv/lib/python3.10/site-packages/airflow/example_dags/example_latest_only_with_trigger.py for tasks to queue
[2025-11-12T09:17:09.769+0530] {logging_mixin.py:188} INFO - [2025-11-12T09:17:09.769+0530] {dagbag.py:545} INFO - Filling up the DagBag from /home/logi/txtai/venv/lib/python3.10/site-packages/airflow/example_dags/example_latest_only_with_trigger.py
[2025-11-12T09:17:09.778+0530] {processor.py:840} INFO - DAG(s) 'latest_only_with_trigger' retrieved from /home/logi/txtai/venv/lib/python3.10/site-packages/airflow/example_dags/example_latest_only_with_trigger.py
[2025-11-12T09:17:09.804+0530] {logging_mixin.py:188} INFO - [2025-11-12T09:17:09.804+0530] {dag.py:3089} INFO - Sync 1 DAGs
[2025-11-12T09:17:09.818+0530] {logging_mixin.py:188} INFO - [2025-11-12T09:17:09.818+0530] {dag.py:3947} INFO - Setting next_dagrun for latest_only_with_trigger to 2025-11-11 20:00:00+00:00, run_after=2025-11-12 00:00:00+00:00
[2025-11-12T09:17:09.836+0530] {processor.py:183} INFO - Processing /home/logi/txtai/venv/lib/python3.10/site-packages/airflow/example_dags/example_latest_only_with_trigger.py took 0.082 seconds
[2025-11-12T09:18:09.550+0530] {processor.py:161} INFO - Started process (PID=29835) to work on /home/logi/txtai/venv/lib/python3.10/site-packages/airflow/example_dags/example_latest_only_with_trigger.py
[2025-11-12T09:18:09.564+0530] {processor.py:830} INFO - Processing file /home/logi/txtai/venv/lib/python3.10/site-packages/airflow/example_dags/example_latest_only_with_trigger.py for tasks to queue
[2025-11-12T09:18:09.567+0530] {logging_mixin.py:188} INFO - [2025-11-12T09:18:09.567+0530] {dagbag.py:545} INFO - Filling up the DagBag from /home/logi/txtai/venv/lib/python3.10/site-packages/airflow/example_dags/example_latest_only_with_trigger.py
[2025-11-12T09:18:09.582+0530] {processor.py:840} INFO - DAG(s) 'latest_only_with_trigger' retrieved from /home/logi/txtai/venv/lib/python3.10/site-packages/airflow/example_dags/example_latest_only_with_trigger.py
[2025-11-12T09:18:09.621+0530] {logging_mixin.py:188} INFO - [2025-11-12T09:18:09.621+0530] {dag.py:3089} INFO - Sync 1 DAGs
[2025-11-12T09:18:09.654+0530] {logging_mixin.py:188} INFO - [2025-11-12T09:18:09.654+0530] {dag.py:3947} INFO - Setting next_dagrun for latest_only_with_trigger to 2025-11-11 20:00:00+00:00, run_after=2025-11-12 00:00:00+00:00
[2025-11-12T09:18:09.688+0530] {processor.py:183} INFO - Processing /home/logi/txtai/venv/lib/python3.10/site-packages/airflow/example_dags/example_latest_only_with_trigger.py took 0.152 seconds
