[2025-11-12T06:03:46.143+0530] {processor.py:161} INFO - Started process (PID=5904) to work on /home/logi/txtai/venv/lib/python3.10/site-packages/airflow/example_dags/example_setup_teardown.py
[2025-11-12T06:03:46.144+0530] {processor.py:830} INFO - Processing file /home/logi/txtai/venv/lib/python3.10/site-packages/airflow/example_dags/example_setup_teardown.py for tasks to queue
[2025-11-12T06:03:46.146+0530] {logging_mixin.py:188} INFO - [2025-11-12T06:03:46.146+0530] {dagbag.py:545} INFO - Filling up the DagBag from /home/logi/txtai/venv/lib/python3.10/site-packages/airflow/example_dags/example_setup_teardown.py
[2025-11-12T06:03:46.153+0530] {processor.py:840} INFO - DAG(s) 'example_setup_teardown' retrieved from /home/logi/txtai/venv/lib/python3.10/site-packages/airflow/example_dags/example_setup_teardown.py
[2025-11-12T06:03:46.171+0530] {logging_mixin.py:188} INFO - [2025-11-12T06:03:46.171+0530] {dag.py:3089} INFO - Sync 1 DAGs
[2025-11-12T06:03:46.190+0530] {logging_mixin.py:188} INFO - [2025-11-12T06:03:46.190+0530] {dag.py:3947} INFO - Setting next_dagrun for example_setup_teardown to 2025-11-11 00:00:00+00:00, run_after=2025-11-12 00:00:00+00:00
[2025-11-12T06:03:46.211+0530] {processor.py:183} INFO - Processing /home/logi/txtai/venv/lib/python3.10/site-packages/airflow/example_dags/example_setup_teardown.py took 0.077 seconds
[2025-11-12T06:04:59.663+0530] {processor.py:161} INFO - Started process (PID=6191) to work on /home/logi/txtai/venv/lib/python3.10/site-packages/airflow/example_dags/example_setup_teardown.py
[2025-11-12T06:04:59.676+0530] {processor.py:830} INFO - Processing file /home/logi/txtai/venv/lib/python3.10/site-packages/airflow/example_dags/example_setup_teardown.py for tasks to queue
[2025-11-12T06:04:59.681+0530] {logging_mixin.py:188} INFO - [2025-11-12T06:04:59.680+0530] {dagbag.py:545} INFO - Filling up the DagBag from /home/logi/txtai/venv/lib/python3.10/site-packages/airflow/example_dags/example_setup_teardown.py
[2025-11-12T06:04:59.693+0530] {processor.py:840} INFO - DAG(s) 'example_setup_teardown' retrieved from /home/logi/txtai/venv/lib/python3.10/site-packages/airflow/example_dags/example_setup_teardown.py
[2025-11-12T06:04:59.725+0530] {logging_mixin.py:188} INFO - [2025-11-12T06:04:59.724+0530] {dag.py:3089} INFO - Sync 1 DAGs
[2025-11-12T06:04:59.745+0530] {logging_mixin.py:188} INFO - [2025-11-12T06:04:59.745+0530] {dag.py:3947} INFO - Setting next_dagrun for example_setup_teardown to 2025-11-11 00:00:00+00:00, run_after=2025-11-12 00:00:00+00:00
[2025-11-12T06:04:59.775+0530] {processor.py:183} INFO - Processing /home/logi/txtai/venv/lib/python3.10/site-packages/airflow/example_dags/example_setup_teardown.py took 0.125 seconds
[2025-11-12T06:06:03.926+0530] {processor.py:161} INFO - Started process (PID=6590) to work on /home/logi/txtai/venv/lib/python3.10/site-packages/airflow/example_dags/example_setup_teardown.py
[2025-11-12T06:06:03.928+0530] {processor.py:830} INFO - Processing file /home/logi/txtai/venv/lib/python3.10/site-packages/airflow/example_dags/example_setup_teardown.py for tasks to queue
[2025-11-12T06:06:03.931+0530] {logging_mixin.py:188} INFO - [2025-11-12T06:06:03.931+0530] {dagbag.py:545} INFO - Filling up the DagBag from /home/logi/txtai/venv/lib/python3.10/site-packages/airflow/example_dags/example_setup_teardown.py
[2025-11-12T06:06:03.943+0530] {processor.py:840} INFO - DAG(s) 'example_setup_teardown' retrieved from /home/logi/txtai/venv/lib/python3.10/site-packages/airflow/example_dags/example_setup_teardown.py
[2025-11-12T06:06:03.966+0530] {logging_mixin.py:188} INFO - [2025-11-12T06:06:03.966+0530] {dag.py:3089} INFO - Sync 1 DAGs
[2025-11-12T06:06:03.984+0530] {logging_mixin.py:188} INFO - [2025-11-12T06:06:03.983+0530] {dag.py:3947} INFO - Setting next_dagrun for example_setup_teardown to 2025-11-11 00:00:00+00:00, run_after=2025-11-12 00:00:00+00:00
[2025-11-12T06:06:04.003+0530] {processor.py:183} INFO - Processing /home/logi/txtai/venv/lib/python3.10/site-packages/airflow/example_dags/example_setup_teardown.py took 0.088 seconds
[2025-11-12T06:07:01.847+0530] {processor.py:161} INFO - Started process (PID=6775) to work on /home/logi/txtai/venv/lib/python3.10/site-packages/airflow/example_dags/example_setup_teardown.py
[2025-11-12T06:07:01.861+0530] {processor.py:830} INFO - Processing file /home/logi/txtai/venv/lib/python3.10/site-packages/airflow/example_dags/example_setup_teardown.py for tasks to queue
[2025-11-12T06:07:01.864+0530] {logging_mixin.py:188} INFO - [2025-11-12T06:07:01.863+0530] {dagbag.py:545} INFO - Filling up the DagBag from /home/logi/txtai/venv/lib/python3.10/site-packages/airflow/example_dags/example_setup_teardown.py
[2025-11-12T06:07:01.876+0530] {processor.py:840} INFO - DAG(s) 'example_setup_teardown' retrieved from /home/logi/txtai/venv/lib/python3.10/site-packages/airflow/example_dags/example_setup_teardown.py
[2025-11-12T06:07:01.902+0530] {logging_mixin.py:188} INFO - [2025-11-12T06:07:01.902+0530] {dag.py:3089} INFO - Sync 1 DAGs
[2025-11-12T06:07:01.923+0530] {logging_mixin.py:188} INFO - [2025-11-12T06:07:01.923+0530] {dag.py:3947} INFO - Setting next_dagrun for example_setup_teardown to 2025-11-11 00:00:00+00:00, run_after=2025-11-12 00:00:00+00:00
[2025-11-12T06:07:01.949+0530] {processor.py:183} INFO - Processing /home/logi/txtai/venv/lib/python3.10/site-packages/airflow/example_dags/example_setup_teardown.py took 0.113 seconds
[2025-11-12T06:08:02.136+0530] {processor.py:161} INFO - Started process (PID=7146) to work on /home/logi/txtai/venv/lib/python3.10/site-packages/airflow/example_dags/example_setup_teardown.py
[2025-11-12T06:08:02.149+0530] {processor.py:830} INFO - Processing file /home/logi/txtai/venv/lib/python3.10/site-packages/airflow/example_dags/example_setup_teardown.py for tasks to queue
[2025-11-12T06:08:02.152+0530] {logging_mixin.py:188} INFO - [2025-11-12T06:08:02.152+0530] {dagbag.py:545} INFO - Filling up the DagBag from /home/logi/txtai/venv/lib/python3.10/site-packages/airflow/example_dags/example_setup_teardown.py
[2025-11-12T06:08:02.163+0530] {processor.py:840} INFO - DAG(s) 'example_setup_teardown' retrieved from /home/logi/txtai/venv/lib/python3.10/site-packages/airflow/example_dags/example_setup_teardown.py
[2025-11-12T06:08:02.188+0530] {logging_mixin.py:188} INFO - [2025-11-12T06:08:02.188+0530] {dag.py:3089} INFO - Sync 1 DAGs
[2025-11-12T06:08:02.205+0530] {logging_mixin.py:188} INFO - [2025-11-12T06:08:02.205+0530] {dag.py:3947} INFO - Setting next_dagrun for example_setup_teardown to 2025-11-11 00:00:00+00:00, run_after=2025-11-12 00:00:00+00:00
[2025-11-12T06:08:02.222+0530] {processor.py:183} INFO - Processing /home/logi/txtai/venv/lib/python3.10/site-packages/airflow/example_dags/example_setup_teardown.py took 0.096 seconds
[2025-11-12T08:08:18.605+0530] {processor.py:161} INFO - Started process (PID=10121) to work on /home/logi/txtai/venv/lib/python3.10/site-packages/airflow/example_dags/example_setup_teardown.py
[2025-11-12T08:08:18.618+0530] {processor.py:830} INFO - Processing file /home/logi/txtai/venv/lib/python3.10/site-packages/airflow/example_dags/example_setup_teardown.py for tasks to queue
[2025-11-12T08:08:18.621+0530] {logging_mixin.py:188} INFO - [2025-11-12T08:08:18.621+0530] {dagbag.py:545} INFO - Filling up the DagBag from /home/logi/txtai/venv/lib/python3.10/site-packages/airflow/example_dags/example_setup_teardown.py
[2025-11-12T08:08:18.632+0530] {processor.py:840} INFO - DAG(s) 'example_setup_teardown' retrieved from /home/logi/txtai/venv/lib/python3.10/site-packages/airflow/example_dags/example_setup_teardown.py
[2025-11-12T08:08:18.659+0530] {logging_mixin.py:188} INFO - [2025-11-12T08:08:18.659+0530] {dag.py:3089} INFO - Sync 1 DAGs
[2025-11-12T08:08:18.674+0530] {logging_mixin.py:188} INFO - [2025-11-12T08:08:18.674+0530] {dag.py:3947} INFO - Setting next_dagrun for example_setup_teardown to 2025-11-11 00:00:00+00:00, run_after=2025-11-12 00:00:00+00:00
[2025-11-12T08:08:18.692+0530] {processor.py:183} INFO - Processing /home/logi/txtai/venv/lib/python3.10/site-packages/airflow/example_dags/example_setup_teardown.py took 0.097 seconds
[2025-11-12T08:09:18.433+0530] {processor.py:161} INFO - Started process (PID=10590) to work on /home/logi/txtai/venv/lib/python3.10/site-packages/airflow/example_dags/example_setup_teardown.py
[2025-11-12T08:09:18.435+0530] {processor.py:830} INFO - Processing file /home/logi/txtai/venv/lib/python3.10/site-packages/airflow/example_dags/example_setup_teardown.py for tasks to queue
[2025-11-12T08:09:18.439+0530] {logging_mixin.py:188} INFO - [2025-11-12T08:09:18.439+0530] {dagbag.py:545} INFO - Filling up the DagBag from /home/logi/txtai/venv/lib/python3.10/site-packages/airflow/example_dags/example_setup_teardown.py
[2025-11-12T08:09:18.455+0530] {processor.py:840} INFO - DAG(s) 'example_setup_teardown' retrieved from /home/logi/txtai/venv/lib/python3.10/site-packages/airflow/example_dags/example_setup_teardown.py
[2025-11-12T08:09:18.490+0530] {logging_mixin.py:188} INFO - [2025-11-12T08:09:18.489+0530] {dag.py:3089} INFO - Sync 1 DAGs
[2025-11-12T08:09:18.516+0530] {logging_mixin.py:188} INFO - [2025-11-12T08:09:18.516+0530] {dag.py:3947} INFO - Setting next_dagrun for example_setup_teardown to 2025-11-11 00:00:00+00:00, run_after=2025-11-12 00:00:00+00:00
[2025-11-12T08:09:18.543+0530] {processor.py:183} INFO - Processing /home/logi/txtai/venv/lib/python3.10/site-packages/airflow/example_dags/example_setup_teardown.py took 0.121 seconds
[2025-11-12T08:10:18.153+0530] {processor.py:161} INFO - Started process (PID=10989) to work on /home/logi/txtai/venv/lib/python3.10/site-packages/airflow/example_dags/example_setup_teardown.py
[2025-11-12T08:10:18.166+0530] {processor.py:830} INFO - Processing file /home/logi/txtai/venv/lib/python3.10/site-packages/airflow/example_dags/example_setup_teardown.py for tasks to queue
[2025-11-12T08:10:18.169+0530] {logging_mixin.py:188} INFO - [2025-11-12T08:10:18.168+0530] {dagbag.py:545} INFO - Filling up the DagBag from /home/logi/txtai/venv/lib/python3.10/site-packages/airflow/example_dags/example_setup_teardown.py
[2025-11-12T08:10:18.180+0530] {processor.py:840} INFO - DAG(s) 'example_setup_teardown' retrieved from /home/logi/txtai/venv/lib/python3.10/site-packages/airflow/example_dags/example_setup_teardown.py
[2025-11-12T08:10:18.207+0530] {logging_mixin.py:188} INFO - [2025-11-12T08:10:18.207+0530] {dag.py:3089} INFO - Sync 1 DAGs
[2025-11-12T08:10:18.228+0530] {logging_mixin.py:188} INFO - [2025-11-12T08:10:18.227+0530] {dag.py:3947} INFO - Setting next_dagrun for example_setup_teardown to 2025-11-11 00:00:00+00:00, run_after=2025-11-12 00:00:00+00:00
[2025-11-12T08:10:18.255+0530] {processor.py:183} INFO - Processing /home/logi/txtai/venv/lib/python3.10/site-packages/airflow/example_dags/example_setup_teardown.py took 0.113 seconds
[2025-11-12T08:11:22.118+0530] {processor.py:161} INFO - Started process (PID=11171) to work on /home/logi/txtai/venv/lib/python3.10/site-packages/airflow/example_dags/example_setup_teardown.py
[2025-11-12T08:11:22.132+0530] {processor.py:830} INFO - Processing file /home/logi/txtai/venv/lib/python3.10/site-packages/airflow/example_dags/example_setup_teardown.py for tasks to queue
[2025-11-12T08:11:22.135+0530] {logging_mixin.py:188} INFO - [2025-11-12T08:11:22.134+0530] {dagbag.py:545} INFO - Filling up the DagBag from /home/logi/txtai/venv/lib/python3.10/site-packages/airflow/example_dags/example_setup_teardown.py
[2025-11-12T08:11:22.151+0530] {processor.py:840} INFO - DAG(s) 'example_setup_teardown' retrieved from /home/logi/txtai/venv/lib/python3.10/site-packages/airflow/example_dags/example_setup_teardown.py
[2025-11-12T08:11:22.183+0530] {logging_mixin.py:188} INFO - [2025-11-12T08:11:22.182+0530] {dag.py:3089} INFO - Sync 1 DAGs
[2025-11-12T08:11:22.206+0530] {logging_mixin.py:188} INFO - [2025-11-12T08:11:22.205+0530] {dag.py:3947} INFO - Setting next_dagrun for example_setup_teardown to 2025-11-11 00:00:00+00:00, run_after=2025-11-12 00:00:00+00:00
[2025-11-12T08:11:22.232+0530] {processor.py:183} INFO - Processing /home/logi/txtai/venv/lib/python3.10/site-packages/airflow/example_dags/example_setup_teardown.py took 0.126 seconds
[2025-11-12T08:12:23.365+0530] {processor.py:161} INFO - Started process (PID=11662) to work on /home/logi/txtai/venv/lib/python3.10/site-packages/airflow/example_dags/example_setup_teardown.py
[2025-11-12T08:12:23.379+0530] {processor.py:830} INFO - Processing file /home/logi/txtai/venv/lib/python3.10/site-packages/airflow/example_dags/example_setup_teardown.py for tasks to queue
[2025-11-12T08:12:23.382+0530] {logging_mixin.py:188} INFO - [2025-11-12T08:12:23.381+0530] {dagbag.py:545} INFO - Filling up the DagBag from /home/logi/txtai/venv/lib/python3.10/site-packages/airflow/example_dags/example_setup_teardown.py
[2025-11-12T08:12:23.394+0530] {processor.py:840} INFO - DAG(s) 'example_setup_teardown' retrieved from /home/logi/txtai/venv/lib/python3.10/site-packages/airflow/example_dags/example_setup_teardown.py
[2025-11-12T08:12:23.422+0530] {logging_mixin.py:188} INFO - [2025-11-12T08:12:23.422+0530] {dag.py:3089} INFO - Sync 1 DAGs
[2025-11-12T08:12:23.442+0530] {logging_mixin.py:188} INFO - [2025-11-12T08:12:23.441+0530] {dag.py:3947} INFO - Setting next_dagrun for example_setup_teardown to 2025-11-11 00:00:00+00:00, run_after=2025-11-12 00:00:00+00:00
[2025-11-12T08:12:23.463+0530] {processor.py:183} INFO - Processing /home/logi/txtai/venv/lib/python3.10/site-packages/airflow/example_dags/example_setup_teardown.py took 0.109 seconds
[2025-11-12T08:13:44.548+0530] {processor.py:161} INFO - Started process (PID=12637) to work on /home/logi/txtai/venv/lib/python3.10/site-packages/airflow/example_dags/example_setup_teardown.py
[2025-11-12T08:13:44.561+0530] {processor.py:830} INFO - Processing file /home/logi/txtai/venv/lib/python3.10/site-packages/airflow/example_dags/example_setup_teardown.py for tasks to queue
[2025-11-12T08:13:44.565+0530] {logging_mixin.py:188} INFO - [2025-11-12T08:13:44.564+0530] {dagbag.py:545} INFO - Filling up the DagBag from /home/logi/txtai/venv/lib/python3.10/site-packages/airflow/example_dags/example_setup_teardown.py
[2025-11-12T08:13:44.576+0530] {processor.py:840} INFO - DAG(s) 'example_setup_teardown' retrieved from /home/logi/txtai/venv/lib/python3.10/site-packages/airflow/example_dags/example_setup_teardown.py
[2025-11-12T08:13:44.603+0530] {logging_mixin.py:188} INFO - [2025-11-12T08:13:44.603+0530] {dag.py:3089} INFO - Sync 1 DAGs
[2025-11-12T08:13:44.623+0530] {logging_mixin.py:188} INFO - [2025-11-12T08:13:44.623+0530] {dag.py:3947} INFO - Setting next_dagrun for example_setup_teardown to 2025-11-11 00:00:00+00:00, run_after=2025-11-12 00:00:00+00:00
[2025-11-12T08:13:44.651+0530] {processor.py:183} INFO - Processing /home/logi/txtai/venv/lib/python3.10/site-packages/airflow/example_dags/example_setup_teardown.py took 0.113 seconds
[2025-11-12T08:14:44.467+0530] {processor.py:161} INFO - Started process (PID=13126) to work on /home/logi/txtai/venv/lib/python3.10/site-packages/airflow/example_dags/example_setup_teardown.py
[2025-11-12T08:14:44.480+0530] {processor.py:830} INFO - Processing file /home/logi/txtai/venv/lib/python3.10/site-packages/airflow/example_dags/example_setup_teardown.py for tasks to queue
[2025-11-12T08:14:44.484+0530] {logging_mixin.py:188} INFO - [2025-11-12T08:14:44.483+0530] {dagbag.py:545} INFO - Filling up the DagBag from /home/logi/txtai/venv/lib/python3.10/site-packages/airflow/example_dags/example_setup_teardown.py
[2025-11-12T08:14:44.496+0530] {processor.py:840} INFO - DAG(s) 'example_setup_teardown' retrieved from /home/logi/txtai/venv/lib/python3.10/site-packages/airflow/example_dags/example_setup_teardown.py
[2025-11-12T08:14:44.525+0530] {logging_mixin.py:188} INFO - [2025-11-12T08:14:44.524+0530] {dag.py:3089} INFO - Sync 1 DAGs
[2025-11-12T08:14:44.542+0530] {logging_mixin.py:188} INFO - [2025-11-12T08:14:44.542+0530] {dag.py:3947} INFO - Setting next_dagrun for example_setup_teardown to 2025-11-11 00:00:00+00:00, run_after=2025-11-12 00:00:00+00:00
[2025-11-12T08:14:44.570+0530] {processor.py:183} INFO - Processing /home/logi/txtai/venv/lib/python3.10/site-packages/airflow/example_dags/example_setup_teardown.py took 0.114 seconds
[2025-11-12T08:15:42.344+0530] {processor.py:161} INFO - Started process (PID=13587) to work on /home/logi/txtai/venv/lib/python3.10/site-packages/airflow/example_dags/example_setup_teardown.py
[2025-11-12T08:15:42.358+0530] {processor.py:830} INFO - Processing file /home/logi/txtai/venv/lib/python3.10/site-packages/airflow/example_dags/example_setup_teardown.py for tasks to queue
[2025-11-12T08:15:42.361+0530] {logging_mixin.py:188} INFO - [2025-11-12T08:15:42.361+0530] {dagbag.py:545} INFO - Filling up the DagBag from /home/logi/txtai/venv/lib/python3.10/site-packages/airflow/example_dags/example_setup_teardown.py
[2025-11-12T08:15:42.373+0530] {processor.py:840} INFO - DAG(s) 'example_setup_teardown' retrieved from /home/logi/txtai/venv/lib/python3.10/site-packages/airflow/example_dags/example_setup_teardown.py
[2025-11-12T08:15:42.400+0530] {logging_mixin.py:188} INFO - [2025-11-12T08:15:42.399+0530] {dag.py:3089} INFO - Sync 1 DAGs
[2025-11-12T08:15:42.421+0530] {logging_mixin.py:188} INFO - [2025-11-12T08:15:42.421+0530] {dag.py:3947} INFO - Setting next_dagrun for example_setup_teardown to 2025-11-11 00:00:00+00:00, run_after=2025-11-12 00:00:00+00:00
[2025-11-12T08:15:42.447+0530] {processor.py:183} INFO - Processing /home/logi/txtai/venv/lib/python3.10/site-packages/airflow/example_dags/example_setup_teardown.py took 0.114 seconds
[2025-11-12T08:16:42.359+0530] {processor.py:161} INFO - Started process (PID=14073) to work on /home/logi/txtai/venv/lib/python3.10/site-packages/airflow/example_dags/example_setup_teardown.py
[2025-11-12T08:16:42.372+0530] {processor.py:830} INFO - Processing file /home/logi/txtai/venv/lib/python3.10/site-packages/airflow/example_dags/example_setup_teardown.py for tasks to queue
[2025-11-12T08:16:42.375+0530] {logging_mixin.py:188} INFO - [2025-11-12T08:16:42.375+0530] {dagbag.py:545} INFO - Filling up the DagBag from /home/logi/txtai/venv/lib/python3.10/site-packages/airflow/example_dags/example_setup_teardown.py
[2025-11-12T08:16:42.387+0530] {processor.py:840} INFO - DAG(s) 'example_setup_teardown' retrieved from /home/logi/txtai/venv/lib/python3.10/site-packages/airflow/example_dags/example_setup_teardown.py
[2025-11-12T08:16:42.415+0530] {logging_mixin.py:188} INFO - [2025-11-12T08:16:42.415+0530] {dag.py:3089} INFO - Sync 1 DAGs
[2025-11-12T08:16:42.436+0530] {logging_mixin.py:188} INFO - [2025-11-12T08:16:42.435+0530] {dag.py:3947} INFO - Setting next_dagrun for example_setup_teardown to 2025-11-11 00:00:00+00:00, run_after=2025-11-12 00:00:00+00:00
[2025-11-12T08:16:42.456+0530] {processor.py:183} INFO - Processing /home/logi/txtai/venv/lib/python3.10/site-packages/airflow/example_dags/example_setup_teardown.py took 0.109 seconds
[2025-11-12T08:17:41.602+0530] {processor.py:161} INFO - Started process (PID=14596) to work on /home/logi/txtai/venv/lib/python3.10/site-packages/airflow/example_dags/example_setup_teardown.py
[2025-11-12T08:17:41.615+0530] {processor.py:830} INFO - Processing file /home/logi/txtai/venv/lib/python3.10/site-packages/airflow/example_dags/example_setup_teardown.py for tasks to queue
[2025-11-12T08:17:41.619+0530] {logging_mixin.py:188} INFO - [2025-11-12T08:17:41.619+0530] {dagbag.py:545} INFO - Filling up the DagBag from /home/logi/txtai/venv/lib/python3.10/site-packages/airflow/example_dags/example_setup_teardown.py
[2025-11-12T08:17:41.636+0530] {processor.py:840} INFO - DAG(s) 'example_setup_teardown' retrieved from /home/logi/txtai/venv/lib/python3.10/site-packages/airflow/example_dags/example_setup_teardown.py
[2025-11-12T08:17:41.662+0530] {logging_mixin.py:188} INFO - [2025-11-12T08:17:41.662+0530] {dag.py:3089} INFO - Sync 1 DAGs
[2025-11-12T08:17:41.679+0530] {logging_mixin.py:188} INFO - [2025-11-12T08:17:41.679+0530] {dag.py:3947} INFO - Setting next_dagrun for example_setup_teardown to 2025-11-11 00:00:00+00:00, run_after=2025-11-12 00:00:00+00:00
[2025-11-12T08:17:41.700+0530] {processor.py:183} INFO - Processing /home/logi/txtai/venv/lib/python3.10/site-packages/airflow/example_dags/example_setup_teardown.py took 0.110 seconds
[2025-11-12T08:18:49.706+0530] {processor.py:161} INFO - Started process (PID=15311) to work on /home/logi/txtai/venv/lib/python3.10/site-packages/airflow/example_dags/example_setup_teardown.py
[2025-11-12T08:18:49.719+0530] {processor.py:830} INFO - Processing file /home/logi/txtai/venv/lib/python3.10/site-packages/airflow/example_dags/example_setup_teardown.py for tasks to queue
[2025-11-12T08:18:49.723+0530] {logging_mixin.py:188} INFO - [2025-11-12T08:18:49.722+0530] {dagbag.py:545} INFO - Filling up the DagBag from /home/logi/txtai/venv/lib/python3.10/site-packages/airflow/example_dags/example_setup_teardown.py
[2025-11-12T08:18:49.735+0530] {processor.py:840} INFO - DAG(s) 'example_setup_teardown' retrieved from /home/logi/txtai/venv/lib/python3.10/site-packages/airflow/example_dags/example_setup_teardown.py
[2025-11-12T08:18:49.763+0530] {logging_mixin.py:188} INFO - [2025-11-12T08:18:49.763+0530] {dag.py:3089} INFO - Sync 1 DAGs
[2025-11-12T08:18:49.782+0530] {logging_mixin.py:188} INFO - [2025-11-12T08:18:49.782+0530] {dag.py:3947} INFO - Setting next_dagrun for example_setup_teardown to 2025-11-11 00:00:00+00:00, run_after=2025-11-12 00:00:00+00:00
[2025-11-12T08:18:49.810+0530] {processor.py:183} INFO - Processing /home/logi/txtai/venv/lib/python3.10/site-packages/airflow/example_dags/example_setup_teardown.py took 0.115 seconds
[2025-11-12T08:19:50.502+0530] {processor.py:161} INFO - Started process (PID=15794) to work on /home/logi/txtai/venv/lib/python3.10/site-packages/airflow/example_dags/example_setup_teardown.py
[2025-11-12T08:19:50.515+0530] {processor.py:830} INFO - Processing file /home/logi/txtai/venv/lib/python3.10/site-packages/airflow/example_dags/example_setup_teardown.py for tasks to queue
[2025-11-12T08:19:50.519+0530] {logging_mixin.py:188} INFO - [2025-11-12T08:19:50.518+0530] {dagbag.py:545} INFO - Filling up the DagBag from /home/logi/txtai/venv/lib/python3.10/site-packages/airflow/example_dags/example_setup_teardown.py
[2025-11-12T08:19:50.531+0530] {processor.py:840} INFO - DAG(s) 'example_setup_teardown' retrieved from /home/logi/txtai/venv/lib/python3.10/site-packages/airflow/example_dags/example_setup_teardown.py
[2025-11-12T08:19:50.559+0530] {logging_mixin.py:188} INFO - [2025-11-12T08:19:50.558+0530] {dag.py:3089} INFO - Sync 1 DAGs
[2025-11-12T08:19:50.579+0530] {logging_mixin.py:188} INFO - [2025-11-12T08:19:50.578+0530] {dag.py:3947} INFO - Setting next_dagrun for example_setup_teardown to 2025-11-11 00:00:00+00:00, run_after=2025-11-12 00:00:00+00:00
[2025-11-12T08:19:50.605+0530] {processor.py:183} INFO - Processing /home/logi/txtai/venv/lib/python3.10/site-packages/airflow/example_dags/example_setup_teardown.py took 0.114 seconds
[2025-11-12T08:20:52.001+0530] {processor.py:161} INFO - Started process (PID=16281) to work on /home/logi/txtai/venv/lib/python3.10/site-packages/airflow/example_dags/example_setup_teardown.py
[2025-11-12T08:20:52.015+0530] {processor.py:830} INFO - Processing file /home/logi/txtai/venv/lib/python3.10/site-packages/airflow/example_dags/example_setup_teardown.py for tasks to queue
[2025-11-12T08:20:52.019+0530] {logging_mixin.py:188} INFO - [2025-11-12T08:20:52.018+0530] {dagbag.py:545} INFO - Filling up the DagBag from /home/logi/txtai/venv/lib/python3.10/site-packages/airflow/example_dags/example_setup_teardown.py
[2025-11-12T08:20:52.030+0530] {processor.py:840} INFO - DAG(s) 'example_setup_teardown' retrieved from /home/logi/txtai/venv/lib/python3.10/site-packages/airflow/example_dags/example_setup_teardown.py
[2025-11-12T08:20:52.059+0530] {logging_mixin.py:188} INFO - [2025-11-12T08:20:52.058+0530] {dag.py:3089} INFO - Sync 1 DAGs
[2025-11-12T08:20:52.078+0530] {logging_mixin.py:188} INFO - [2025-11-12T08:20:52.078+0530] {dag.py:3947} INFO - Setting next_dagrun for example_setup_teardown to 2025-11-11 00:00:00+00:00, run_after=2025-11-12 00:00:00+00:00
[2025-11-12T08:20:52.106+0530] {processor.py:183} INFO - Processing /home/logi/txtai/venv/lib/python3.10/site-packages/airflow/example_dags/example_setup_teardown.py took 0.116 seconds
[2025-11-12T08:21:58.541+0530] {processor.py:161} INFO - Started process (PID=16835) to work on /home/logi/txtai/venv/lib/python3.10/site-packages/airflow/example_dags/example_setup_teardown.py
[2025-11-12T08:21:58.544+0530] {processor.py:830} INFO - Processing file /home/logi/txtai/venv/lib/python3.10/site-packages/airflow/example_dags/example_setup_teardown.py for tasks to queue
[2025-11-12T08:21:58.547+0530] {logging_mixin.py:188} INFO - [2025-11-12T08:21:58.546+0530] {dagbag.py:545} INFO - Filling up the DagBag from /home/logi/txtai/venv/lib/python3.10/site-packages/airflow/example_dags/example_setup_teardown.py
[2025-11-12T08:21:58.559+0530] {processor.py:840} INFO - DAG(s) 'example_setup_teardown' retrieved from /home/logi/txtai/venv/lib/python3.10/site-packages/airflow/example_dags/example_setup_teardown.py
[2025-11-12T08:21:58.584+0530] {logging_mixin.py:188} INFO - [2025-11-12T08:21:58.584+0530] {dag.py:3089} INFO - Sync 1 DAGs
[2025-11-12T08:21:58.604+0530] {logging_mixin.py:188} INFO - [2025-11-12T08:21:58.604+0530] {dag.py:3947} INFO - Setting next_dagrun for example_setup_teardown to 2025-11-11 00:00:00+00:00, run_after=2025-11-12 00:00:00+00:00
[2025-11-12T08:21:58.637+0530] {processor.py:183} INFO - Processing /home/logi/txtai/venv/lib/python3.10/site-packages/airflow/example_dags/example_setup_teardown.py took 0.107 seconds
[2025-11-12T08:22:59.913+0530] {processor.py:161} INFO - Started process (PID=17366) to work on /home/logi/txtai/venv/lib/python3.10/site-packages/airflow/example_dags/example_setup_teardown.py
[2025-11-12T08:22:59.926+0530] {processor.py:830} INFO - Processing file /home/logi/txtai/venv/lib/python3.10/site-packages/airflow/example_dags/example_setup_teardown.py for tasks to queue
[2025-11-12T08:22:59.929+0530] {logging_mixin.py:188} INFO - [2025-11-12T08:22:59.929+0530] {dagbag.py:545} INFO - Filling up the DagBag from /home/logi/txtai/venv/lib/python3.10/site-packages/airflow/example_dags/example_setup_teardown.py
[2025-11-12T08:22:59.940+0530] {processor.py:840} INFO - DAG(s) 'example_setup_teardown' retrieved from /home/logi/txtai/venv/lib/python3.10/site-packages/airflow/example_dags/example_setup_teardown.py
[2025-11-12T08:22:59.967+0530] {logging_mixin.py:188} INFO - [2025-11-12T08:22:59.967+0530] {dag.py:3089} INFO - Sync 1 DAGs
[2025-11-12T08:22:59.988+0530] {logging_mixin.py:188} INFO - [2025-11-12T08:22:59.987+0530] {dag.py:3947} INFO - Setting next_dagrun for example_setup_teardown to 2025-11-11 00:00:00+00:00, run_after=2025-11-12 00:00:00+00:00
[2025-11-12T08:23:00.015+0530] {processor.py:183} INFO - Processing /home/logi/txtai/venv/lib/python3.10/site-packages/airflow/example_dags/example_setup_teardown.py took 0.114 seconds
[2025-11-12T08:24:31.349+0530] {processor.py:161} INFO - Started process (PID=18095) to work on /home/logi/txtai/venv/lib/python3.10/site-packages/airflow/example_dags/example_setup_teardown.py
[2025-11-12T08:24:31.362+0530] {processor.py:830} INFO - Processing file /home/logi/txtai/venv/lib/python3.10/site-packages/airflow/example_dags/example_setup_teardown.py for tasks to queue
[2025-11-12T08:24:31.365+0530] {logging_mixin.py:188} INFO - [2025-11-12T08:24:31.365+0530] {dagbag.py:545} INFO - Filling up the DagBag from /home/logi/txtai/venv/lib/python3.10/site-packages/airflow/example_dags/example_setup_teardown.py
[2025-11-12T08:24:31.377+0530] {processor.py:840} INFO - DAG(s) 'example_setup_teardown' retrieved from /home/logi/txtai/venv/lib/python3.10/site-packages/airflow/example_dags/example_setup_teardown.py
[2025-11-12T08:24:31.406+0530] {logging_mixin.py:188} INFO - [2025-11-12T08:24:31.406+0530] {dag.py:3089} INFO - Sync 1 DAGs
[2025-11-12T08:24:31.426+0530] {logging_mixin.py:188} INFO - [2025-11-12T08:24:31.426+0530] {dag.py:3947} INFO - Setting next_dagrun for example_setup_teardown to 2025-11-11 00:00:00+00:00, run_after=2025-11-12 00:00:00+00:00
[2025-11-12T08:24:31.454+0530] {processor.py:183} INFO - Processing /home/logi/txtai/venv/lib/python3.10/site-packages/airflow/example_dags/example_setup_teardown.py took 0.116 seconds
[2025-11-12T08:25:32.643+0530] {processor.py:161} INFO - Started process (PID=18196) to work on /home/logi/txtai/venv/lib/python3.10/site-packages/airflow/example_dags/example_setup_teardown.py
[2025-11-12T08:25:32.656+0530] {processor.py:830} INFO - Processing file /home/logi/txtai/venv/lib/python3.10/site-packages/airflow/example_dags/example_setup_teardown.py for tasks to queue
[2025-11-12T08:25:32.659+0530] {logging_mixin.py:188} INFO - [2025-11-12T08:25:32.658+0530] {dagbag.py:545} INFO - Filling up the DagBag from /home/logi/txtai/venv/lib/python3.10/site-packages/airflow/example_dags/example_setup_teardown.py
[2025-11-12T08:25:32.671+0530] {processor.py:840} INFO - DAG(s) 'example_setup_teardown' retrieved from /home/logi/txtai/venv/lib/python3.10/site-packages/airflow/example_dags/example_setup_teardown.py
[2025-11-12T08:25:32.698+0530] {logging_mixin.py:188} INFO - [2025-11-12T08:25:32.698+0530] {dag.py:3089} INFO - Sync 1 DAGs
[2025-11-12T08:25:32.718+0530] {logging_mixin.py:188} INFO - [2025-11-12T08:25:32.718+0530] {dag.py:3947} INFO - Setting next_dagrun for example_setup_teardown to 2025-11-11 00:00:00+00:00, run_after=2025-11-12 00:00:00+00:00
[2025-11-12T08:25:32.739+0530] {processor.py:183} INFO - Processing /home/logi/txtai/venv/lib/python3.10/site-packages/airflow/example_dags/example_setup_teardown.py took 0.108 seconds
[2025-11-12T08:26:32.636+0530] {processor.py:161} INFO - Started process (PID=18326) to work on /home/logi/txtai/venv/lib/python3.10/site-packages/airflow/example_dags/example_setup_teardown.py
[2025-11-12T08:26:32.650+0530] {processor.py:830} INFO - Processing file /home/logi/txtai/venv/lib/python3.10/site-packages/airflow/example_dags/example_setup_teardown.py for tasks to queue
[2025-11-12T08:26:32.653+0530] {logging_mixin.py:188} INFO - [2025-11-12T08:26:32.652+0530] {dagbag.py:545} INFO - Filling up the DagBag from /home/logi/txtai/venv/lib/python3.10/site-packages/airflow/example_dags/example_setup_teardown.py
[2025-11-12T08:26:32.665+0530] {processor.py:840} INFO - DAG(s) 'example_setup_teardown' retrieved from /home/logi/txtai/venv/lib/python3.10/site-packages/airflow/example_dags/example_setup_teardown.py
[2025-11-12T08:26:32.693+0530] {logging_mixin.py:188} INFO - [2025-11-12T08:26:32.693+0530] {dag.py:3089} INFO - Sync 1 DAGs
[2025-11-12T08:26:32.711+0530] {logging_mixin.py:188} INFO - [2025-11-12T08:26:32.711+0530] {dag.py:3947} INFO - Setting next_dagrun for example_setup_teardown to 2025-11-11 00:00:00+00:00, run_after=2025-11-12 00:00:00+00:00
[2025-11-12T08:26:32.738+0530] {processor.py:183} INFO - Processing /home/logi/txtai/venv/lib/python3.10/site-packages/airflow/example_dags/example_setup_teardown.py took 0.113 seconds
[2025-11-12T08:27:36.544+0530] {processor.py:161} INFO - Started process (PID=18490) to work on /home/logi/txtai/venv/lib/python3.10/site-packages/airflow/example_dags/example_setup_teardown.py
[2025-11-12T08:27:36.558+0530] {processor.py:830} INFO - Processing file /home/logi/txtai/venv/lib/python3.10/site-packages/airflow/example_dags/example_setup_teardown.py for tasks to queue
[2025-11-12T08:27:36.561+0530] {logging_mixin.py:188} INFO - [2025-11-12T08:27:36.560+0530] {dagbag.py:545} INFO - Filling up the DagBag from /home/logi/txtai/venv/lib/python3.10/site-packages/airflow/example_dags/example_setup_teardown.py
[2025-11-12T08:27:36.573+0530] {processor.py:840} INFO - DAG(s) 'example_setup_teardown' retrieved from /home/logi/txtai/venv/lib/python3.10/site-packages/airflow/example_dags/example_setup_teardown.py
[2025-11-12T08:27:36.602+0530] {logging_mixin.py:188} INFO - [2025-11-12T08:27:36.602+0530] {dag.py:3089} INFO - Sync 1 DAGs
[2025-11-12T08:27:36.622+0530] {logging_mixin.py:188} INFO - [2025-11-12T08:27:36.621+0530] {dag.py:3947} INFO - Setting next_dagrun for example_setup_teardown to 2025-11-11 00:00:00+00:00, run_after=2025-11-12 00:00:00+00:00
[2025-11-12T08:27:36.651+0530] {processor.py:183} INFO - Processing /home/logi/txtai/venv/lib/python3.10/site-packages/airflow/example_dags/example_setup_teardown.py took 0.118 seconds
[2025-11-12T08:28:43.467+0530] {processor.py:161} INFO - Started process (PID=18772) to work on /home/logi/txtai/venv/lib/python3.10/site-packages/airflow/example_dags/example_setup_teardown.py
[2025-11-12T08:28:43.480+0530] {processor.py:830} INFO - Processing file /home/logi/txtai/venv/lib/python3.10/site-packages/airflow/example_dags/example_setup_teardown.py for tasks to queue
[2025-11-12T08:28:43.484+0530] {logging_mixin.py:188} INFO - [2025-11-12T08:28:43.483+0530] {dagbag.py:545} INFO - Filling up the DagBag from /home/logi/txtai/venv/lib/python3.10/site-packages/airflow/example_dags/example_setup_teardown.py
[2025-11-12T08:28:43.495+0530] {processor.py:840} INFO - DAG(s) 'example_setup_teardown' retrieved from /home/logi/txtai/venv/lib/python3.10/site-packages/airflow/example_dags/example_setup_teardown.py
[2025-11-12T08:28:43.523+0530] {logging_mixin.py:188} INFO - [2025-11-12T08:28:43.522+0530] {dag.py:3089} INFO - Sync 1 DAGs
[2025-11-12T08:28:43.544+0530] {logging_mixin.py:188} INFO - [2025-11-12T08:28:43.544+0530] {dag.py:3947} INFO - Setting next_dagrun for example_setup_teardown to 2025-11-11 00:00:00+00:00, run_after=2025-11-12 00:00:00+00:00
[2025-11-12T08:28:43.574+0530] {processor.py:183} INFO - Processing /home/logi/txtai/venv/lib/python3.10/site-packages/airflow/example_dags/example_setup_teardown.py took 0.119 seconds
[2025-11-12T08:29:48.933+0530] {processor.py:161} INFO - Started process (PID=18940) to work on /home/logi/txtai/venv/lib/python3.10/site-packages/airflow/example_dags/example_setup_teardown.py
[2025-11-12T08:29:48.948+0530] {processor.py:830} INFO - Processing file /home/logi/txtai/venv/lib/python3.10/site-packages/airflow/example_dags/example_setup_teardown.py for tasks to queue
[2025-11-12T08:29:48.951+0530] {logging_mixin.py:188} INFO - [2025-11-12T08:29:48.950+0530] {dagbag.py:545} INFO - Filling up the DagBag from /home/logi/txtai/venv/lib/python3.10/site-packages/airflow/example_dags/example_setup_teardown.py
[2025-11-12T08:29:48.963+0530] {processor.py:840} INFO - DAG(s) 'example_setup_teardown' retrieved from /home/logi/txtai/venv/lib/python3.10/site-packages/airflow/example_dags/example_setup_teardown.py
[2025-11-12T08:29:48.993+0530] {logging_mixin.py:188} INFO - [2025-11-12T08:29:48.992+0530] {dag.py:3089} INFO - Sync 1 DAGs
[2025-11-12T08:29:49.014+0530] {logging_mixin.py:188} INFO - [2025-11-12T08:29:49.014+0530] {dag.py:3947} INFO - Setting next_dagrun for example_setup_teardown to 2025-11-11 00:00:00+00:00, run_after=2025-11-12 00:00:00+00:00
[2025-11-12T08:29:49.041+0530] {processor.py:183} INFO - Processing /home/logi/txtai/venv/lib/python3.10/site-packages/airflow/example_dags/example_setup_teardown.py took 0.119 seconds
[2025-11-12T08:30:47.454+0530] {processor.py:161} INFO - Started process (PID=19321) to work on /home/logi/txtai/venv/lib/python3.10/site-packages/airflow/example_dags/example_setup_teardown.py
[2025-11-12T08:30:47.468+0530] {processor.py:830} INFO - Processing file /home/logi/txtai/venv/lib/python3.10/site-packages/airflow/example_dags/example_setup_teardown.py for tasks to queue
[2025-11-12T08:30:47.471+0530] {logging_mixin.py:188} INFO - [2025-11-12T08:30:47.470+0530] {dagbag.py:545} INFO - Filling up the DagBag from /home/logi/txtai/venv/lib/python3.10/site-packages/airflow/example_dags/example_setup_teardown.py
[2025-11-12T08:30:47.483+0530] {processor.py:840} INFO - DAG(s) 'example_setup_teardown' retrieved from /home/logi/txtai/venv/lib/python3.10/site-packages/airflow/example_dags/example_setup_teardown.py
[2025-11-12T08:30:47.510+0530] {logging_mixin.py:188} INFO - [2025-11-12T08:30:47.509+0530] {dag.py:3089} INFO - Sync 1 DAGs
[2025-11-12T08:30:47.530+0530] {logging_mixin.py:188} INFO - [2025-11-12T08:30:47.530+0530] {dag.py:3947} INFO - Setting next_dagrun for example_setup_teardown to 2025-11-11 00:00:00+00:00, run_after=2025-11-12 00:00:00+00:00
[2025-11-12T08:30:47.558+0530] {processor.py:183} INFO - Processing /home/logi/txtai/venv/lib/python3.10/site-packages/airflow/example_dags/example_setup_teardown.py took 0.114 seconds
[2025-11-12T08:31:44.868+0530] {processor.py:161} INFO - Started process (PID=19435) to work on /home/logi/txtai/venv/lib/python3.10/site-packages/airflow/example_dags/example_setup_teardown.py
[2025-11-12T08:31:44.887+0530] {processor.py:830} INFO - Processing file /home/logi/txtai/venv/lib/python3.10/site-packages/airflow/example_dags/example_setup_teardown.py for tasks to queue
[2025-11-12T08:31:44.891+0530] {logging_mixin.py:188} INFO - [2025-11-12T08:31:44.890+0530] {dagbag.py:545} INFO - Filling up the DagBag from /home/logi/txtai/venv/lib/python3.10/site-packages/airflow/example_dags/example_setup_teardown.py
[2025-11-12T08:31:44.909+0530] {processor.py:840} INFO - DAG(s) 'example_setup_teardown' retrieved from /home/logi/txtai/venv/lib/python3.10/site-packages/airflow/example_dags/example_setup_teardown.py
[2025-11-12T08:31:44.945+0530] {logging_mixin.py:188} INFO - [2025-11-12T08:31:44.944+0530] {dag.py:3089} INFO - Sync 1 DAGs
[2025-11-12T08:31:44.979+0530] {logging_mixin.py:188} INFO - [2025-11-12T08:31:44.979+0530] {dag.py:3947} INFO - Setting next_dagrun for example_setup_teardown to 2025-11-11 00:00:00+00:00, run_after=2025-11-12 00:00:00+00:00
[2025-11-12T08:31:45.017+0530] {processor.py:183} INFO - Processing /home/logi/txtai/venv/lib/python3.10/site-packages/airflow/example_dags/example_setup_teardown.py took 0.162 seconds
[2025-11-12T08:32:50.196+0530] {processor.py:161} INFO - Started process (PID=19586) to work on /home/logi/txtai/venv/lib/python3.10/site-packages/airflow/example_dags/example_setup_teardown.py
[2025-11-12T08:32:50.199+0530] {processor.py:830} INFO - Processing file /home/logi/txtai/venv/lib/python3.10/site-packages/airflow/example_dags/example_setup_teardown.py for tasks to queue
[2025-11-12T08:32:50.202+0530] {logging_mixin.py:188} INFO - [2025-11-12T08:32:50.201+0530] {dagbag.py:545} INFO - Filling up the DagBag from /home/logi/txtai/venv/lib/python3.10/site-packages/airflow/example_dags/example_setup_teardown.py
[2025-11-12T08:32:50.214+0530] {processor.py:840} INFO - DAG(s) 'example_setup_teardown' retrieved from /home/logi/txtai/venv/lib/python3.10/site-packages/airflow/example_dags/example_setup_teardown.py
[2025-11-12T08:32:50.237+0530] {logging_mixin.py:188} INFO - [2025-11-12T08:32:50.236+0530] {dag.py:3089} INFO - Sync 1 DAGs
[2025-11-12T08:32:50.253+0530] {logging_mixin.py:188} INFO - [2025-11-12T08:32:50.253+0530] {dag.py:3947} INFO - Setting next_dagrun for example_setup_teardown to 2025-11-11 00:00:00+00:00, run_after=2025-11-12 00:00:00+00:00
[2025-11-12T08:32:50.274+0530] {processor.py:183} INFO - Processing /home/logi/txtai/venv/lib/python3.10/site-packages/airflow/example_dags/example_setup_teardown.py took 0.089 seconds
[2025-11-12T08:34:17.041+0530] {processor.py:161} INFO - Started process (PID=20012) to work on /home/logi/txtai/venv/lib/python3.10/site-packages/airflow/example_dags/example_setup_teardown.py
[2025-11-12T08:34:17.055+0530] {processor.py:830} INFO - Processing file /home/logi/txtai/venv/lib/python3.10/site-packages/airflow/example_dags/example_setup_teardown.py for tasks to queue
[2025-11-12T08:34:17.058+0530] {logging_mixin.py:188} INFO - [2025-11-12T08:34:17.058+0530] {dagbag.py:545} INFO - Filling up the DagBag from /home/logi/txtai/venv/lib/python3.10/site-packages/airflow/example_dags/example_setup_teardown.py
[2025-11-12T08:34:17.071+0530] {processor.py:840} INFO - DAG(s) 'example_setup_teardown' retrieved from /home/logi/txtai/venv/lib/python3.10/site-packages/airflow/example_dags/example_setup_teardown.py
[2025-11-12T08:34:17.100+0530] {logging_mixin.py:188} INFO - [2025-11-12T08:34:17.099+0530] {dag.py:3089} INFO - Sync 1 DAGs
[2025-11-12T08:34:17.120+0530] {logging_mixin.py:188} INFO - [2025-11-12T08:34:17.120+0530] {dag.py:3947} INFO - Setting next_dagrun for example_setup_teardown to 2025-11-11 00:00:00+00:00, run_after=2025-11-12 00:00:00+00:00
[2025-11-12T08:34:17.149+0530] {processor.py:183} INFO - Processing /home/logi/txtai/venv/lib/python3.10/site-packages/airflow/example_dags/example_setup_teardown.py took 0.119 seconds
[2025-11-12T08:35:17.337+0530] {processor.py:161} INFO - Started process (PID=20096) to work on /home/logi/txtai/venv/lib/python3.10/site-packages/airflow/example_dags/example_setup_teardown.py
[2025-11-12T08:35:17.351+0530] {processor.py:830} INFO - Processing file /home/logi/txtai/venv/lib/python3.10/site-packages/airflow/example_dags/example_setup_teardown.py for tasks to queue
[2025-11-12T08:35:17.354+0530] {logging_mixin.py:188} INFO - [2025-11-12T08:35:17.354+0530] {dagbag.py:545} INFO - Filling up the DagBag from /home/logi/txtai/venv/lib/python3.10/site-packages/airflow/example_dags/example_setup_teardown.py
[2025-11-12T08:35:17.372+0530] {processor.py:840} INFO - DAG(s) 'example_setup_teardown' retrieved from /home/logi/txtai/venv/lib/python3.10/site-packages/airflow/example_dags/example_setup_teardown.py
[2025-11-12T08:35:17.401+0530] {logging_mixin.py:188} INFO - [2025-11-12T08:35:17.400+0530] {dag.py:3089} INFO - Sync 1 DAGs
[2025-11-12T08:35:17.419+0530] {logging_mixin.py:188} INFO - [2025-11-12T08:35:17.419+0530] {dag.py:3947} INFO - Setting next_dagrun for example_setup_teardown to 2025-11-11 00:00:00+00:00, run_after=2025-11-12 00:00:00+00:00
[2025-11-12T08:35:17.440+0530] {processor.py:183} INFO - Processing /home/logi/txtai/venv/lib/python3.10/site-packages/airflow/example_dags/example_setup_teardown.py took 0.115 seconds
[2025-11-12T08:36:15.823+0530] {processor.py:161} INFO - Started process (PID=20178) to work on /home/logi/txtai/venv/lib/python3.10/site-packages/airflow/example_dags/example_setup_teardown.py
[2025-11-12T08:36:15.837+0530] {processor.py:830} INFO - Processing file /home/logi/txtai/venv/lib/python3.10/site-packages/airflow/example_dags/example_setup_teardown.py for tasks to queue
[2025-11-12T08:36:15.840+0530] {logging_mixin.py:188} INFO - [2025-11-12T08:36:15.840+0530] {dagbag.py:545} INFO - Filling up the DagBag from /home/logi/txtai/venv/lib/python3.10/site-packages/airflow/example_dags/example_setup_teardown.py
[2025-11-12T08:36:15.852+0530] {processor.py:840} INFO - DAG(s) 'example_setup_teardown' retrieved from /home/logi/txtai/venv/lib/python3.10/site-packages/airflow/example_dags/example_setup_teardown.py
[2025-11-12T08:36:15.879+0530] {logging_mixin.py:188} INFO - [2025-11-12T08:36:15.878+0530] {dag.py:3089} INFO - Sync 1 DAGs
[2025-11-12T08:36:15.900+0530] {logging_mixin.py:188} INFO - [2025-11-12T08:36:15.900+0530] {dag.py:3947} INFO - Setting next_dagrun for example_setup_teardown to 2025-11-11 00:00:00+00:00, run_after=2025-11-12 00:00:00+00:00
[2025-11-12T08:36:15.928+0530] {processor.py:183} INFO - Processing /home/logi/txtai/venv/lib/python3.10/site-packages/airflow/example_dags/example_setup_teardown.py took 0.116 seconds
[2025-11-12T08:37:14.132+0530] {processor.py:161} INFO - Started process (PID=20261) to work on /home/logi/txtai/venv/lib/python3.10/site-packages/airflow/example_dags/example_setup_teardown.py
[2025-11-12T08:37:14.145+0530] {processor.py:830} INFO - Processing file /home/logi/txtai/venv/lib/python3.10/site-packages/airflow/example_dags/example_setup_teardown.py for tasks to queue
[2025-11-12T08:37:14.148+0530] {logging_mixin.py:188} INFO - [2025-11-12T08:37:14.148+0530] {dagbag.py:545} INFO - Filling up the DagBag from /home/logi/txtai/venv/lib/python3.10/site-packages/airflow/example_dags/example_setup_teardown.py
[2025-11-12T08:37:14.160+0530] {processor.py:840} INFO - DAG(s) 'example_setup_teardown' retrieved from /home/logi/txtai/venv/lib/python3.10/site-packages/airflow/example_dags/example_setup_teardown.py
[2025-11-12T08:37:14.187+0530] {logging_mixin.py:188} INFO - [2025-11-12T08:37:14.187+0530] {dag.py:3089} INFO - Sync 1 DAGs
[2025-11-12T08:37:14.209+0530] {logging_mixin.py:188} INFO - [2025-11-12T08:37:14.208+0530] {dag.py:3947} INFO - Setting next_dagrun for example_setup_teardown to 2025-11-11 00:00:00+00:00, run_after=2025-11-12 00:00:00+00:00
[2025-11-12T08:37:14.238+0530] {processor.py:183} INFO - Processing /home/logi/txtai/venv/lib/python3.10/site-packages/airflow/example_dags/example_setup_teardown.py took 0.116 seconds
[2025-11-12T08:38:17.625+0530] {processor.py:161} INFO - Started process (PID=20466) to work on /home/logi/txtai/venv/lib/python3.10/site-packages/airflow/example_dags/example_setup_teardown.py
[2025-11-12T08:38:17.639+0530] {processor.py:830} INFO - Processing file /home/logi/txtai/venv/lib/python3.10/site-packages/airflow/example_dags/example_setup_teardown.py for tasks to queue
[2025-11-12T08:38:17.642+0530] {logging_mixin.py:188} INFO - [2025-11-12T08:38:17.642+0530] {dagbag.py:545} INFO - Filling up the DagBag from /home/logi/txtai/venv/lib/python3.10/site-packages/airflow/example_dags/example_setup_teardown.py
[2025-11-12T08:38:17.655+0530] {processor.py:840} INFO - DAG(s) 'example_setup_teardown' retrieved from /home/logi/txtai/venv/lib/python3.10/site-packages/airflow/example_dags/example_setup_teardown.py
[2025-11-12T08:38:17.692+0530] {logging_mixin.py:188} INFO - [2025-11-12T08:38:17.691+0530] {dag.py:3089} INFO - Sync 1 DAGs
[2025-11-12T08:38:17.711+0530] {logging_mixin.py:188} INFO - [2025-11-12T08:38:17.711+0530] {dag.py:3947} INFO - Setting next_dagrun for example_setup_teardown to 2025-11-11 00:00:00+00:00, run_after=2025-11-12 00:00:00+00:00
[2025-11-12T08:38:17.739+0530] {processor.py:183} INFO - Processing /home/logi/txtai/venv/lib/python3.10/site-packages/airflow/example_dags/example_setup_teardown.py took 0.131 seconds
[2025-11-12T08:39:31.659+0530] {processor.py:161} INFO - Started process (PID=20695) to work on /home/logi/txtai/venv/lib/python3.10/site-packages/airflow/example_dags/example_setup_teardown.py
[2025-11-12T08:39:31.673+0530] {processor.py:830} INFO - Processing file /home/logi/txtai/venv/lib/python3.10/site-packages/airflow/example_dags/example_setup_teardown.py for tasks to queue
[2025-11-12T08:39:31.677+0530] {logging_mixin.py:188} INFO - [2025-11-12T08:39:31.676+0530] {dagbag.py:545} INFO - Filling up the DagBag from /home/logi/txtai/venv/lib/python3.10/site-packages/airflow/example_dags/example_setup_teardown.py
[2025-11-12T08:39:31.688+0530] {processor.py:840} INFO - DAG(s) 'example_setup_teardown' retrieved from /home/logi/txtai/venv/lib/python3.10/site-packages/airflow/example_dags/example_setup_teardown.py
[2025-11-12T08:39:31.717+0530] {logging_mixin.py:188} INFO - [2025-11-12T08:39:31.716+0530] {dag.py:3089} INFO - Sync 1 DAGs
[2025-11-12T08:39:31.736+0530] {logging_mixin.py:188} INFO - [2025-11-12T08:39:31.736+0530] {dag.py:3947} INFO - Setting next_dagrun for example_setup_teardown to 2025-11-11 00:00:00+00:00, run_after=2025-11-12 00:00:00+00:00
[2025-11-12T08:39:31.763+0530] {processor.py:183} INFO - Processing /home/logi/txtai/venv/lib/python3.10/site-packages/airflow/example_dags/example_setup_teardown.py took 0.115 seconds
[2025-11-12T08:40:35.546+0530] {processor.py:161} INFO - Started process (PID=20779) to work on /home/logi/txtai/venv/lib/python3.10/site-packages/airflow/example_dags/example_setup_teardown.py
[2025-11-12T08:40:35.561+0530] {processor.py:830} INFO - Processing file /home/logi/txtai/venv/lib/python3.10/site-packages/airflow/example_dags/example_setup_teardown.py for tasks to queue
[2025-11-12T08:40:35.564+0530] {logging_mixin.py:188} INFO - [2025-11-12T08:40:35.563+0530] {dagbag.py:545} INFO - Filling up the DagBag from /home/logi/txtai/venv/lib/python3.10/site-packages/airflow/example_dags/example_setup_teardown.py
[2025-11-12T08:40:35.575+0530] {processor.py:840} INFO - DAG(s) 'example_setup_teardown' retrieved from /home/logi/txtai/venv/lib/python3.10/site-packages/airflow/example_dags/example_setup_teardown.py
[2025-11-12T08:40:35.603+0530] {logging_mixin.py:188} INFO - [2025-11-12T08:40:35.602+0530] {dag.py:3089} INFO - Sync 1 DAGs
[2025-11-12T08:40:35.623+0530] {logging_mixin.py:188} INFO - [2025-11-12T08:40:35.623+0530] {dag.py:3947} INFO - Setting next_dagrun for example_setup_teardown to 2025-11-11 00:00:00+00:00, run_after=2025-11-12 00:00:00+00:00
[2025-11-12T08:40:35.652+0530] {processor.py:183} INFO - Processing /home/logi/txtai/venv/lib/python3.10/site-packages/airflow/example_dags/example_setup_teardown.py took 0.117 seconds
[2025-11-12T08:41:40.459+0530] {processor.py:161} INFO - Started process (PID=20910) to work on /home/logi/txtai/venv/lib/python3.10/site-packages/airflow/example_dags/example_setup_teardown.py
[2025-11-12T08:41:40.473+0530] {processor.py:830} INFO - Processing file /home/logi/txtai/venv/lib/python3.10/site-packages/airflow/example_dags/example_setup_teardown.py for tasks to queue
[2025-11-12T08:41:40.476+0530] {logging_mixin.py:188} INFO - [2025-11-12T08:41:40.476+0530] {dagbag.py:545} INFO - Filling up the DagBag from /home/logi/txtai/venv/lib/python3.10/site-packages/airflow/example_dags/example_setup_teardown.py
[2025-11-12T08:41:40.488+0530] {processor.py:840} INFO - DAG(s) 'example_setup_teardown' retrieved from /home/logi/txtai/venv/lib/python3.10/site-packages/airflow/example_dags/example_setup_teardown.py
[2025-11-12T08:41:40.520+0530] {logging_mixin.py:188} INFO - [2025-11-12T08:41:40.519+0530] {dag.py:3089} INFO - Sync 1 DAGs
[2025-11-12T08:41:40.539+0530] {logging_mixin.py:188} INFO - [2025-11-12T08:41:40.539+0530] {dag.py:3947} INFO - Setting next_dagrun for example_setup_teardown to 2025-11-11 00:00:00+00:00, run_after=2025-11-12 00:00:00+00:00
[2025-11-12T08:41:40.559+0530] {processor.py:183} INFO - Processing /home/logi/txtai/venv/lib/python3.10/site-packages/airflow/example_dags/example_setup_teardown.py took 0.112 seconds
[2025-11-12T08:42:42.837+0530] {processor.py:161} INFO - Started process (PID=21036) to work on /home/logi/txtai/venv/lib/python3.10/site-packages/airflow/example_dags/example_setup_teardown.py
[2025-11-12T08:42:42.850+0530] {processor.py:830} INFO - Processing file /home/logi/txtai/venv/lib/python3.10/site-packages/airflow/example_dags/example_setup_teardown.py for tasks to queue
[2025-11-12T08:42:42.853+0530] {logging_mixin.py:188} INFO - [2025-11-12T08:42:42.853+0530] {dagbag.py:545} INFO - Filling up the DagBag from /home/logi/txtai/venv/lib/python3.10/site-packages/airflow/example_dags/example_setup_teardown.py
[2025-11-12T08:42:42.865+0530] {processor.py:840} INFO - DAG(s) 'example_setup_teardown' retrieved from /home/logi/txtai/venv/lib/python3.10/site-packages/airflow/example_dags/example_setup_teardown.py
[2025-11-12T08:42:42.892+0530] {logging_mixin.py:188} INFO - [2025-11-12T08:42:42.892+0530] {dag.py:3089} INFO - Sync 1 DAGs
[2025-11-12T08:42:42.913+0530] {logging_mixin.py:188} INFO - [2025-11-12T08:42:42.913+0530] {dag.py:3947} INFO - Setting next_dagrun for example_setup_teardown to 2025-11-11 00:00:00+00:00, run_after=2025-11-12 00:00:00+00:00
[2025-11-12T08:42:42.934+0530] {processor.py:183} INFO - Processing /home/logi/txtai/venv/lib/python3.10/site-packages/airflow/example_dags/example_setup_teardown.py took 0.109 seconds
[2025-11-12T08:43:56.097+0530] {processor.py:161} INFO - Started process (PID=21192) to work on /home/logi/txtai/venv/lib/python3.10/site-packages/airflow/example_dags/example_setup_teardown.py
[2025-11-12T08:43:56.110+0530] {processor.py:830} INFO - Processing file /home/logi/txtai/venv/lib/python3.10/site-packages/airflow/example_dags/example_setup_teardown.py for tasks to queue
[2025-11-12T08:43:56.113+0530] {logging_mixin.py:188} INFO - [2025-11-12T08:43:56.113+0530] {dagbag.py:545} INFO - Filling up the DagBag from /home/logi/txtai/venv/lib/python3.10/site-packages/airflow/example_dags/example_setup_teardown.py
[2025-11-12T08:43:56.125+0530] {processor.py:840} INFO - DAG(s) 'example_setup_teardown' retrieved from /home/logi/txtai/venv/lib/python3.10/site-packages/airflow/example_dags/example_setup_teardown.py
[2025-11-12T08:43:56.153+0530] {logging_mixin.py:188} INFO - [2025-11-12T08:43:56.153+0530] {dag.py:3089} INFO - Sync 1 DAGs
[2025-11-12T08:43:56.172+0530] {logging_mixin.py:188} INFO - [2025-11-12T08:43:56.172+0530] {dag.py:3947} INFO - Setting next_dagrun for example_setup_teardown to 2025-11-11 00:00:00+00:00, run_after=2025-11-12 00:00:00+00:00
[2025-11-12T08:43:56.204+0530] {processor.py:183} INFO - Processing /home/logi/txtai/venv/lib/python3.10/site-packages/airflow/example_dags/example_setup_teardown.py took 0.119 seconds
[2025-11-12T08:45:12.000+0530] {processor.py:161} INFO - Started process (PID=21621) to work on /home/logi/txtai/venv/lib/python3.10/site-packages/airflow/example_dags/example_setup_teardown.py
[2025-11-12T08:45:12.013+0530] {processor.py:830} INFO - Processing file /home/logi/txtai/venv/lib/python3.10/site-packages/airflow/example_dags/example_setup_teardown.py for tasks to queue
[2025-11-12T08:45:12.016+0530] {logging_mixin.py:188} INFO - [2025-11-12T08:45:12.016+0530] {dagbag.py:545} INFO - Filling up the DagBag from /home/logi/txtai/venv/lib/python3.10/site-packages/airflow/example_dags/example_setup_teardown.py
[2025-11-12T08:45:12.029+0530] {processor.py:840} INFO - DAG(s) 'example_setup_teardown' retrieved from /home/logi/txtai/venv/lib/python3.10/site-packages/airflow/example_dags/example_setup_teardown.py
[2025-11-12T08:45:12.056+0530] {logging_mixin.py:188} INFO - [2025-11-12T08:45:12.056+0530] {dag.py:3089} INFO - Sync 1 DAGs
[2025-11-12T08:45:12.073+0530] {logging_mixin.py:188} INFO - [2025-11-12T08:45:12.073+0530] {dag.py:3947} INFO - Setting next_dagrun for example_setup_teardown to 2025-11-11 00:00:00+00:00, run_after=2025-11-12 00:00:00+00:00
[2025-11-12T08:45:12.094+0530] {processor.py:183} INFO - Processing /home/logi/txtai/venv/lib/python3.10/site-packages/airflow/example_dags/example_setup_teardown.py took 0.106 seconds
[2025-11-12T08:46:14.769+0530] {processor.py:161} INFO - Started process (PID=21700) to work on /home/logi/txtai/venv/lib/python3.10/site-packages/airflow/example_dags/example_setup_teardown.py
[2025-11-12T08:46:14.783+0530] {processor.py:830} INFO - Processing file /home/logi/txtai/venv/lib/python3.10/site-packages/airflow/example_dags/example_setup_teardown.py for tasks to queue
[2025-11-12T08:46:14.789+0530] {logging_mixin.py:188} INFO - [2025-11-12T08:46:14.787+0530] {dagbag.py:545} INFO - Filling up the DagBag from /home/logi/txtai/venv/lib/python3.10/site-packages/airflow/example_dags/example_setup_teardown.py
[2025-11-12T08:46:14.801+0530] {processor.py:840} INFO - DAG(s) 'example_setup_teardown' retrieved from /home/logi/txtai/venv/lib/python3.10/site-packages/airflow/example_dags/example_setup_teardown.py
[2025-11-12T08:46:14.824+0530] {logging_mixin.py:188} INFO - [2025-11-12T08:46:14.823+0530] {dag.py:3089} INFO - Sync 1 DAGs
[2025-11-12T08:46:14.841+0530] {logging_mixin.py:188} INFO - [2025-11-12T08:46:14.841+0530] {dag.py:3947} INFO - Setting next_dagrun for example_setup_teardown to 2025-11-11 00:00:00+00:00, run_after=2025-11-12 00:00:00+00:00
[2025-11-12T08:46:14.864+0530] {processor.py:183} INFO - Processing /home/logi/txtai/venv/lib/python3.10/site-packages/airflow/example_dags/example_setup_teardown.py took 0.107 seconds
[2025-11-12T08:47:15.763+0530] {processor.py:161} INFO - Started process (PID=21791) to work on /home/logi/txtai/venv/lib/python3.10/site-packages/airflow/example_dags/example_setup_teardown.py
[2025-11-12T08:47:15.777+0530] {processor.py:830} INFO - Processing file /home/logi/txtai/venv/lib/python3.10/site-packages/airflow/example_dags/example_setup_teardown.py for tasks to queue
[2025-11-12T08:47:15.780+0530] {logging_mixin.py:188} INFO - [2025-11-12T08:47:15.780+0530] {dagbag.py:545} INFO - Filling up the DagBag from /home/logi/txtai/venv/lib/python3.10/site-packages/airflow/example_dags/example_setup_teardown.py
[2025-11-12T08:47:15.793+0530] {processor.py:840} INFO - DAG(s) 'example_setup_teardown' retrieved from /home/logi/txtai/venv/lib/python3.10/site-packages/airflow/example_dags/example_setup_teardown.py
[2025-11-12T08:47:15.822+0530] {logging_mixin.py:188} INFO - [2025-11-12T08:47:15.822+0530] {dag.py:3089} INFO - Sync 1 DAGs
[2025-11-12T08:47:15.841+0530] {logging_mixin.py:188} INFO - [2025-11-12T08:47:15.841+0530] {dag.py:3947} INFO - Setting next_dagrun for example_setup_teardown to 2025-11-11 00:00:00+00:00, run_after=2025-11-12 00:00:00+00:00
[2025-11-12T08:47:15.864+0530] {processor.py:183} INFO - Processing /home/logi/txtai/venv/lib/python3.10/site-packages/airflow/example_dags/example_setup_teardown.py took 0.114 seconds
[2025-11-12T08:48:15.261+0530] {processor.py:161} INFO - Started process (PID=21900) to work on /home/logi/txtai/venv/lib/python3.10/site-packages/airflow/example_dags/example_setup_teardown.py
[2025-11-12T08:48:15.274+0530] {processor.py:830} INFO - Processing file /home/logi/txtai/venv/lib/python3.10/site-packages/airflow/example_dags/example_setup_teardown.py for tasks to queue
[2025-11-12T08:48:15.278+0530] {logging_mixin.py:188} INFO - [2025-11-12T08:48:15.277+0530] {dagbag.py:545} INFO - Filling up the DagBag from /home/logi/txtai/venv/lib/python3.10/site-packages/airflow/example_dags/example_setup_teardown.py
[2025-11-12T08:48:15.296+0530] {processor.py:840} INFO - DAG(s) 'example_setup_teardown' retrieved from /home/logi/txtai/venv/lib/python3.10/site-packages/airflow/example_dags/example_setup_teardown.py
[2025-11-12T08:48:15.327+0530] {logging_mixin.py:188} INFO - [2025-11-12T08:48:15.327+0530] {dag.py:3089} INFO - Sync 1 DAGs
[2025-11-12T08:48:15.344+0530] {logging_mixin.py:188} INFO - [2025-11-12T08:48:15.344+0530] {dag.py:3947} INFO - Setting next_dagrun for example_setup_teardown to 2025-11-11 00:00:00+00:00, run_after=2025-11-12 00:00:00+00:00
[2025-11-12T08:48:15.367+0530] {processor.py:183} INFO - Processing /home/logi/txtai/venv/lib/python3.10/site-packages/airflow/example_dags/example_setup_teardown.py took 0.120 seconds
[2025-11-12T08:49:18.257+0530] {processor.py:161} INFO - Started process (PID=21985) to work on /home/logi/txtai/venv/lib/python3.10/site-packages/airflow/example_dags/example_setup_teardown.py
[2025-11-12T08:49:18.270+0530] {processor.py:830} INFO - Processing file /home/logi/txtai/venv/lib/python3.10/site-packages/airflow/example_dags/example_setup_teardown.py for tasks to queue
[2025-11-12T08:49:18.273+0530] {logging_mixin.py:188} INFO - [2025-11-12T08:49:18.273+0530] {dagbag.py:545} INFO - Filling up the DagBag from /home/logi/txtai/venv/lib/python3.10/site-packages/airflow/example_dags/example_setup_teardown.py
[2025-11-12T08:49:18.285+0530] {processor.py:840} INFO - DAG(s) 'example_setup_teardown' retrieved from /home/logi/txtai/venv/lib/python3.10/site-packages/airflow/example_dags/example_setup_teardown.py
[2025-11-12T08:49:18.308+0530] {logging_mixin.py:188} INFO - [2025-11-12T08:49:18.308+0530] {dag.py:3089} INFO - Sync 1 DAGs
[2025-11-12T08:49:18.325+0530] {logging_mixin.py:188} INFO - [2025-11-12T08:49:18.325+0530] {dag.py:3947} INFO - Setting next_dagrun for example_setup_teardown to 2025-11-11 00:00:00+00:00, run_after=2025-11-12 00:00:00+00:00
[2025-11-12T08:49:18.345+0530] {processor.py:183} INFO - Processing /home/logi/txtai/venv/lib/python3.10/site-packages/airflow/example_dags/example_setup_teardown.py took 0.099 seconds
[2025-11-12T08:50:27.342+0530] {processor.py:161} INFO - Started process (PID=22279) to work on /home/logi/txtai/venv/lib/python3.10/site-packages/airflow/example_dags/example_setup_teardown.py
[2025-11-12T08:50:27.355+0530] {processor.py:830} INFO - Processing file /home/logi/txtai/venv/lib/python3.10/site-packages/airflow/example_dags/example_setup_teardown.py for tasks to queue
[2025-11-12T08:50:27.358+0530] {logging_mixin.py:188} INFO - [2025-11-12T08:50:27.357+0530] {dagbag.py:545} INFO - Filling up the DagBag from /home/logi/txtai/venv/lib/python3.10/site-packages/airflow/example_dags/example_setup_teardown.py
[2025-11-12T08:50:27.370+0530] {processor.py:840} INFO - DAG(s) 'example_setup_teardown' retrieved from /home/logi/txtai/venv/lib/python3.10/site-packages/airflow/example_dags/example_setup_teardown.py
[2025-11-12T08:50:27.400+0530] {logging_mixin.py:188} INFO - [2025-11-12T08:50:27.399+0530] {dag.py:3089} INFO - Sync 1 DAGs
[2025-11-12T08:50:27.419+0530] {logging_mixin.py:188} INFO - [2025-11-12T08:50:27.419+0530] {dag.py:3947} INFO - Setting next_dagrun for example_setup_teardown to 2025-11-11 00:00:00+00:00, run_after=2025-11-12 00:00:00+00:00
[2025-11-12T08:50:27.447+0530] {processor.py:183} INFO - Processing /home/logi/txtai/venv/lib/python3.10/site-packages/airflow/example_dags/example_setup_teardown.py took 0.117 seconds
[2025-11-12T08:51:27.445+0530] {processor.py:161} INFO - Started process (PID=22418) to work on /home/logi/txtai/venv/lib/python3.10/site-packages/airflow/example_dags/example_setup_teardown.py
[2025-11-12T08:51:27.459+0530] {processor.py:830} INFO - Processing file /home/logi/txtai/venv/lib/python3.10/site-packages/airflow/example_dags/example_setup_teardown.py for tasks to queue
[2025-11-12T08:51:27.462+0530] {logging_mixin.py:188} INFO - [2025-11-12T08:51:27.462+0530] {dagbag.py:545} INFO - Filling up the DagBag from /home/logi/txtai/venv/lib/python3.10/site-packages/airflow/example_dags/example_setup_teardown.py
[2025-11-12T08:51:27.474+0530] {processor.py:840} INFO - DAG(s) 'example_setup_teardown' retrieved from /home/logi/txtai/venv/lib/python3.10/site-packages/airflow/example_dags/example_setup_teardown.py
[2025-11-12T08:51:27.503+0530] {logging_mixin.py:188} INFO - [2025-11-12T08:51:27.502+0530] {dag.py:3089} INFO - Sync 1 DAGs
[2025-11-12T08:51:27.523+0530] {logging_mixin.py:188} INFO - [2025-11-12T08:51:27.523+0530] {dag.py:3947} INFO - Setting next_dagrun for example_setup_teardown to 2025-11-11 00:00:00+00:00, run_after=2025-11-12 00:00:00+00:00
[2025-11-12T08:51:27.551+0530] {processor.py:183} INFO - Processing /home/logi/txtai/venv/lib/python3.10/site-packages/airflow/example_dags/example_setup_teardown.py took 0.118 seconds
[2025-11-12T08:52:27.002+0530] {processor.py:161} INFO - Started process (PID=22540) to work on /home/logi/txtai/venv/lib/python3.10/site-packages/airflow/example_dags/example_setup_teardown.py
[2025-11-12T08:52:27.016+0530] {processor.py:830} INFO - Processing file /home/logi/txtai/venv/lib/python3.10/site-packages/airflow/example_dags/example_setup_teardown.py for tasks to queue
[2025-11-12T08:52:27.019+0530] {logging_mixin.py:188} INFO - [2025-11-12T08:52:27.018+0530] {dagbag.py:545} INFO - Filling up the DagBag from /home/logi/txtai/venv/lib/python3.10/site-packages/airflow/example_dags/example_setup_teardown.py
[2025-11-12T08:52:27.030+0530] {processor.py:840} INFO - DAG(s) 'example_setup_teardown' retrieved from /home/logi/txtai/venv/lib/python3.10/site-packages/airflow/example_dags/example_setup_teardown.py
[2025-11-12T08:52:27.058+0530] {logging_mixin.py:188} INFO - [2025-11-12T08:52:27.057+0530] {dag.py:3089} INFO - Sync 1 DAGs
[2025-11-12T08:52:27.079+0530] {logging_mixin.py:188} INFO - [2025-11-12T08:52:27.079+0530] {dag.py:3947} INFO - Setting next_dagrun for example_setup_teardown to 2025-11-11 00:00:00+00:00, run_after=2025-11-12 00:00:00+00:00
[2025-11-12T08:52:27.107+0530] {processor.py:183} INFO - Processing /home/logi/txtai/venv/lib/python3.10/site-packages/airflow/example_dags/example_setup_teardown.py took 0.116 seconds
[2025-11-12T08:53:27.806+0530] {processor.py:161} INFO - Started process (PID=22698) to work on /home/logi/txtai/venv/lib/python3.10/site-packages/airflow/example_dags/example_setup_teardown.py
[2025-11-12T08:53:27.820+0530] {processor.py:830} INFO - Processing file /home/logi/txtai/venv/lib/python3.10/site-packages/airflow/example_dags/example_setup_teardown.py for tasks to queue
[2025-11-12T08:53:27.823+0530] {logging_mixin.py:188} INFO - [2025-11-12T08:53:27.822+0530] {dagbag.py:545} INFO - Filling up the DagBag from /home/logi/txtai/venv/lib/python3.10/site-packages/airflow/example_dags/example_setup_teardown.py
[2025-11-12T08:53:27.834+0530] {processor.py:840} INFO - DAG(s) 'example_setup_teardown' retrieved from /home/logi/txtai/venv/lib/python3.10/site-packages/airflow/example_dags/example_setup_teardown.py
[2025-11-12T08:53:27.863+0530] {logging_mixin.py:188} INFO - [2025-11-12T08:53:27.862+0530] {dag.py:3089} INFO - Sync 1 DAGs
[2025-11-12T08:53:27.883+0530] {logging_mixin.py:188} INFO - [2025-11-12T08:53:27.883+0530] {dag.py:3947} INFO - Setting next_dagrun for example_setup_teardown to 2025-11-11 00:00:00+00:00, run_after=2025-11-12 00:00:00+00:00
[2025-11-12T08:53:27.912+0530] {processor.py:183} INFO - Processing /home/logi/txtai/venv/lib/python3.10/site-packages/airflow/example_dags/example_setup_teardown.py took 0.117 seconds
[2025-11-12T08:54:36.982+0530] {processor.py:161} INFO - Started process (PID=22917) to work on /home/logi/txtai/venv/lib/python3.10/site-packages/airflow/example_dags/example_setup_teardown.py
[2025-11-12T08:54:36.996+0530] {processor.py:830} INFO - Processing file /home/logi/txtai/venv/lib/python3.10/site-packages/airflow/example_dags/example_setup_teardown.py for tasks to queue
[2025-11-12T08:54:36.999+0530] {logging_mixin.py:188} INFO - [2025-11-12T08:54:36.998+0530] {dagbag.py:545} INFO - Filling up the DagBag from /home/logi/txtai/venv/lib/python3.10/site-packages/airflow/example_dags/example_setup_teardown.py
[2025-11-12T08:54:37.010+0530] {processor.py:840} INFO - DAG(s) 'example_setup_teardown' retrieved from /home/logi/txtai/venv/lib/python3.10/site-packages/airflow/example_dags/example_setup_teardown.py
[2025-11-12T08:54:37.036+0530] {logging_mixin.py:188} INFO - [2025-11-12T08:54:37.035+0530] {dag.py:3089} INFO - Sync 1 DAGs
[2025-11-12T08:54:37.054+0530] {logging_mixin.py:188} INFO - [2025-11-12T08:54:37.054+0530] {dag.py:3947} INFO - Setting next_dagrun for example_setup_teardown to 2025-11-11 00:00:00+00:00, run_after=2025-11-12 00:00:00+00:00
[2025-11-12T08:54:37.073+0530] {processor.py:183} INFO - Processing /home/logi/txtai/venv/lib/python3.10/site-packages/airflow/example_dags/example_setup_teardown.py took 0.101 seconds
[2025-11-12T08:56:11.219+0530] {processor.py:161} INFO - Started process (PID=23321) to work on /home/logi/txtai/venv/lib/python3.10/site-packages/airflow/example_dags/example_setup_teardown.py
[2025-11-12T08:56:11.232+0530] {processor.py:830} INFO - Processing file /home/logi/txtai/venv/lib/python3.10/site-packages/airflow/example_dags/example_setup_teardown.py for tasks to queue
[2025-11-12T08:56:11.235+0530] {logging_mixin.py:188} INFO - [2025-11-12T08:56:11.234+0530] {dagbag.py:545} INFO - Filling up the DagBag from /home/logi/txtai/venv/lib/python3.10/site-packages/airflow/example_dags/example_setup_teardown.py
[2025-11-12T08:56:11.247+0530] {processor.py:840} INFO - DAG(s) 'example_setup_teardown' retrieved from /home/logi/txtai/venv/lib/python3.10/site-packages/airflow/example_dags/example_setup_teardown.py
[2025-11-12T08:56:11.289+0530] {logging_mixin.py:188} INFO - [2025-11-12T08:56:11.288+0530] {dag.py:3089} INFO - Sync 1 DAGs
[2025-11-12T08:56:11.311+0530] {logging_mixin.py:188} INFO - [2025-11-12T08:56:11.310+0530] {dag.py:3947} INFO - Setting next_dagrun for example_setup_teardown to 2025-11-11 00:00:00+00:00, run_after=2025-11-12 00:00:00+00:00
[2025-11-12T08:56:11.337+0530] {processor.py:183} INFO - Processing /home/logi/txtai/venv/lib/python3.10/site-packages/airflow/example_dags/example_setup_teardown.py took 0.129 seconds
[2025-11-12T08:57:11.332+0530] {processor.py:161} INFO - Started process (PID=23445) to work on /home/logi/txtai/venv/lib/python3.10/site-packages/airflow/example_dags/example_setup_teardown.py
[2025-11-12T08:57:11.347+0530] {processor.py:830} INFO - Processing file /home/logi/txtai/venv/lib/python3.10/site-packages/airflow/example_dags/example_setup_teardown.py for tasks to queue
[2025-11-12T08:57:11.350+0530] {logging_mixin.py:188} INFO - [2025-11-12T08:57:11.350+0530] {dagbag.py:545} INFO - Filling up the DagBag from /home/logi/txtai/venv/lib/python3.10/site-packages/airflow/example_dags/example_setup_teardown.py
[2025-11-12T08:57:11.364+0530] {processor.py:840} INFO - DAG(s) 'example_setup_teardown' retrieved from /home/logi/txtai/venv/lib/python3.10/site-packages/airflow/example_dags/example_setup_teardown.py
[2025-11-12T08:57:11.401+0530] {logging_mixin.py:188} INFO - [2025-11-12T08:57:11.400+0530] {dag.py:3089} INFO - Sync 1 DAGs
[2025-11-12T08:57:11.422+0530] {logging_mixin.py:188} INFO - [2025-11-12T08:57:11.422+0530] {dag.py:3947} INFO - Setting next_dagrun for example_setup_teardown to 2025-11-11 00:00:00+00:00, run_after=2025-11-12 00:00:00+00:00
[2025-11-12T08:57:11.449+0530] {processor.py:183} INFO - Processing /home/logi/txtai/venv/lib/python3.10/site-packages/airflow/example_dags/example_setup_teardown.py took 0.132 seconds
[2025-11-12T08:58:15.511+0530] {processor.py:161} INFO - Started process (PID=23628) to work on /home/logi/txtai/venv/lib/python3.10/site-packages/airflow/example_dags/example_setup_teardown.py
[2025-11-12T08:58:15.524+0530] {processor.py:830} INFO - Processing file /home/logi/txtai/venv/lib/python3.10/site-packages/airflow/example_dags/example_setup_teardown.py for tasks to queue
[2025-11-12T08:58:15.528+0530] {logging_mixin.py:188} INFO - [2025-11-12T08:58:15.527+0530] {dagbag.py:545} INFO - Filling up the DagBag from /home/logi/txtai/venv/lib/python3.10/site-packages/airflow/example_dags/example_setup_teardown.py
[2025-11-12T08:58:15.541+0530] {processor.py:840} INFO - DAG(s) 'example_setup_teardown' retrieved from /home/logi/txtai/venv/lib/python3.10/site-packages/airflow/example_dags/example_setup_teardown.py
[2025-11-12T08:58:15.567+0530] {logging_mixin.py:188} INFO - [2025-11-12T08:58:15.567+0530] {dag.py:3089} INFO - Sync 1 DAGs
[2025-11-12T08:58:15.586+0530] {logging_mixin.py:188} INFO - [2025-11-12T08:58:15.585+0530] {dag.py:3947} INFO - Setting next_dagrun for example_setup_teardown to 2025-11-11 00:00:00+00:00, run_after=2025-11-12 00:00:00+00:00
[2025-11-12T08:58:15.612+0530] {processor.py:183} INFO - Processing /home/logi/txtai/venv/lib/python3.10/site-packages/airflow/example_dags/example_setup_teardown.py took 0.112 seconds
[2025-11-12T08:59:25.555+0530] {processor.py:161} INFO - Started process (PID=23787) to work on /home/logi/txtai/venv/lib/python3.10/site-packages/airflow/example_dags/example_setup_teardown.py
[2025-11-12T08:59:25.569+0530] {processor.py:830} INFO - Processing file /home/logi/txtai/venv/lib/python3.10/site-packages/airflow/example_dags/example_setup_teardown.py for tasks to queue
[2025-11-12T08:59:25.573+0530] {logging_mixin.py:188} INFO - [2025-11-12T08:59:25.572+0530] {dagbag.py:545} INFO - Filling up the DagBag from /home/logi/txtai/venv/lib/python3.10/site-packages/airflow/example_dags/example_setup_teardown.py
[2025-11-12T08:59:25.585+0530] {processor.py:840} INFO - DAG(s) 'example_setup_teardown' retrieved from /home/logi/txtai/venv/lib/python3.10/site-packages/airflow/example_dags/example_setup_teardown.py
[2025-11-12T08:59:25.614+0530] {logging_mixin.py:188} INFO - [2025-11-12T08:59:25.614+0530] {dag.py:3089} INFO - Sync 1 DAGs
[2025-11-12T08:59:25.637+0530] {logging_mixin.py:188} INFO - [2025-11-12T08:59:25.637+0530] {dag.py:3947} INFO - Setting next_dagrun for example_setup_teardown to 2025-11-11 00:00:00+00:00, run_after=2025-11-12 00:00:00+00:00
[2025-11-12T08:59:25.677+0530] {processor.py:183} INFO - Processing /home/logi/txtai/venv/lib/python3.10/site-packages/airflow/example_dags/example_setup_teardown.py took 0.132 seconds
[2025-11-12T09:00:44.947+0530] {processor.py:161} INFO - Started process (PID=24303) to work on /home/logi/txtai/venv/lib/python3.10/site-packages/airflow/example_dags/example_setup_teardown.py
[2025-11-12T09:00:44.949+0530] {processor.py:830} INFO - Processing file /home/logi/txtai/venv/lib/python3.10/site-packages/airflow/example_dags/example_setup_teardown.py for tasks to queue
[2025-11-12T09:00:44.951+0530] {logging_mixin.py:188} INFO - [2025-11-12T09:00:44.950+0530] {dagbag.py:545} INFO - Filling up the DagBag from /home/logi/txtai/venv/lib/python3.10/site-packages/airflow/example_dags/example_setup_teardown.py
[2025-11-12T09:00:44.962+0530] {processor.py:840} INFO - DAG(s) 'example_setup_teardown' retrieved from /home/logi/txtai/venv/lib/python3.10/site-packages/airflow/example_dags/example_setup_teardown.py
[2025-11-12T09:00:44.984+0530] {logging_mixin.py:188} INFO - [2025-11-12T09:00:44.983+0530] {dag.py:3089} INFO - Sync 1 DAGs
[2025-11-12T09:00:45.012+0530] {logging_mixin.py:188} INFO - [2025-11-12T09:00:45.011+0530] {dag.py:3947} INFO - Setting next_dagrun for example_setup_teardown to 2025-11-11 00:00:00+00:00, run_after=2025-11-12 00:00:00+00:00
[2025-11-12T09:00:45.038+0530] {processor.py:183} INFO - Processing /home/logi/txtai/venv/lib/python3.10/site-packages/airflow/example_dags/example_setup_teardown.py took 0.098 seconds
[2025-11-12T09:01:44.807+0530] {processor.py:161} INFO - Started process (PID=24624) to work on /home/logi/txtai/venv/lib/python3.10/site-packages/airflow/example_dags/example_setup_teardown.py
[2025-11-12T09:01:44.819+0530] {processor.py:830} INFO - Processing file /home/logi/txtai/venv/lib/python3.10/site-packages/airflow/example_dags/example_setup_teardown.py for tasks to queue
[2025-11-12T09:01:44.822+0530] {logging_mixin.py:188} INFO - [2025-11-12T09:01:44.821+0530] {dagbag.py:545} INFO - Filling up the DagBag from /home/logi/txtai/venv/lib/python3.10/site-packages/airflow/example_dags/example_setup_teardown.py
[2025-11-12T09:01:44.833+0530] {processor.py:840} INFO - DAG(s) 'example_setup_teardown' retrieved from /home/logi/txtai/venv/lib/python3.10/site-packages/airflow/example_dags/example_setup_teardown.py
[2025-11-12T09:01:44.859+0530] {logging_mixin.py:188} INFO - [2025-11-12T09:01:44.859+0530] {dag.py:3089} INFO - Sync 1 DAGs
[2025-11-12T09:01:44.877+0530] {logging_mixin.py:188} INFO - [2025-11-12T09:01:44.877+0530] {dag.py:3947} INFO - Setting next_dagrun for example_setup_teardown to 2025-11-11 00:00:00+00:00, run_after=2025-11-12 00:00:00+00:00
[2025-11-12T09:01:44.902+0530] {processor.py:183} INFO - Processing /home/logi/txtai/venv/lib/python3.10/site-packages/airflow/example_dags/example_setup_teardown.py took 0.106 seconds
[2025-11-12T09:02:42.966+0530] {processor.py:161} INFO - Started process (PID=24941) to work on /home/logi/txtai/venv/lib/python3.10/site-packages/airflow/example_dags/example_setup_teardown.py
[2025-11-12T09:02:42.968+0530] {processor.py:830} INFO - Processing file /home/logi/txtai/venv/lib/python3.10/site-packages/airflow/example_dags/example_setup_teardown.py for tasks to queue
[2025-11-12T09:02:42.972+0530] {logging_mixin.py:188} INFO - [2025-11-12T09:02:42.971+0530] {dagbag.py:545} INFO - Filling up the DagBag from /home/logi/txtai/venv/lib/python3.10/site-packages/airflow/example_dags/example_setup_teardown.py
[2025-11-12T09:02:42.986+0530] {processor.py:840} INFO - DAG(s) 'example_setup_teardown' retrieved from /home/logi/txtai/venv/lib/python3.10/site-packages/airflow/example_dags/example_setup_teardown.py
[2025-11-12T09:02:43.012+0530] {logging_mixin.py:188} INFO - [2025-11-12T09:02:43.011+0530] {dag.py:3089} INFO - Sync 1 DAGs
[2025-11-12T09:02:43.031+0530] {logging_mixin.py:188} INFO - [2025-11-12T09:02:43.031+0530] {dag.py:3947} INFO - Setting next_dagrun for example_setup_teardown to 2025-11-11 00:00:00+00:00, run_after=2025-11-12 00:00:00+00:00
[2025-11-12T09:02:43.056+0530] {processor.py:183} INFO - Processing /home/logi/txtai/venv/lib/python3.10/site-packages/airflow/example_dags/example_setup_teardown.py took 0.104 seconds
[2025-11-12T09:03:41.959+0530] {processor.py:161} INFO - Started process (PID=25217) to work on /home/logi/txtai/venv/lib/python3.10/site-packages/airflow/example_dags/example_setup_teardown.py
[2025-11-12T09:03:41.973+0530] {processor.py:830} INFO - Processing file /home/logi/txtai/venv/lib/python3.10/site-packages/airflow/example_dags/example_setup_teardown.py for tasks to queue
[2025-11-12T09:03:41.976+0530] {logging_mixin.py:188} INFO - [2025-11-12T09:03:41.976+0530] {dagbag.py:545} INFO - Filling up the DagBag from /home/logi/txtai/venv/lib/python3.10/site-packages/airflow/example_dags/example_setup_teardown.py
[2025-11-12T09:03:41.989+0530] {processor.py:840} INFO - DAG(s) 'example_setup_teardown' retrieved from /home/logi/txtai/venv/lib/python3.10/site-packages/airflow/example_dags/example_setup_teardown.py
[2025-11-12T09:03:42.020+0530] {logging_mixin.py:188} INFO - [2025-11-12T09:03:42.019+0530] {dag.py:3089} INFO - Sync 1 DAGs
[2025-11-12T09:03:42.040+0530] {logging_mixin.py:188} INFO - [2025-11-12T09:03:42.040+0530] {dag.py:3947} INFO - Setting next_dagrun for example_setup_teardown to 2025-11-11 00:00:00+00:00, run_after=2025-11-12 00:00:00+00:00
[2025-11-12T09:03:42.060+0530] {processor.py:183} INFO - Processing /home/logi/txtai/venv/lib/python3.10/site-packages/airflow/example_dags/example_setup_teardown.py took 0.113 seconds
[2025-11-12T09:04:42.067+0530] {processor.py:161} INFO - Started process (PID=25658) to work on /home/logi/txtai/venv/lib/python3.10/site-packages/airflow/example_dags/example_setup_teardown.py
[2025-11-12T09:04:42.080+0530] {processor.py:830} INFO - Processing file /home/logi/txtai/venv/lib/python3.10/site-packages/airflow/example_dags/example_setup_teardown.py for tasks to queue
[2025-11-12T09:04:42.083+0530] {logging_mixin.py:188} INFO - [2025-11-12T09:04:42.083+0530] {dagbag.py:545} INFO - Filling up the DagBag from /home/logi/txtai/venv/lib/python3.10/site-packages/airflow/example_dags/example_setup_teardown.py
[2025-11-12T09:04:42.094+0530] {processor.py:840} INFO - DAG(s) 'example_setup_teardown' retrieved from /home/logi/txtai/venv/lib/python3.10/site-packages/airflow/example_dags/example_setup_teardown.py
[2025-11-12T09:04:42.115+0530] {logging_mixin.py:188} INFO - [2025-11-12T09:04:42.115+0530] {dag.py:3089} INFO - Sync 1 DAGs
[2025-11-12T09:04:42.129+0530] {logging_mixin.py:188} INFO - [2025-11-12T09:04:42.129+0530] {dag.py:3947} INFO - Setting next_dagrun for example_setup_teardown to 2025-11-11 00:00:00+00:00, run_after=2025-11-12 00:00:00+00:00
[2025-11-12T09:04:42.145+0530] {processor.py:183} INFO - Processing /home/logi/txtai/venv/lib/python3.10/site-packages/airflow/example_dags/example_setup_teardown.py took 0.084 seconds
[2025-11-12T09:06:11.219+0530] {processor.py:161} INFO - Started process (PID=26620) to work on /home/logi/txtai/venv/lib/python3.10/site-packages/airflow/example_dags/example_setup_teardown.py
[2025-11-12T09:06:11.234+0530] {processor.py:830} INFO - Processing file /home/logi/txtai/venv/lib/python3.10/site-packages/airflow/example_dags/example_setup_teardown.py for tasks to queue
[2025-11-12T09:06:11.237+0530] {logging_mixin.py:188} INFO - [2025-11-12T09:06:11.236+0530] {dagbag.py:545} INFO - Filling up the DagBag from /home/logi/txtai/venv/lib/python3.10/site-packages/airflow/example_dags/example_setup_teardown.py
[2025-11-12T09:06:11.251+0530] {processor.py:840} INFO - DAG(s) 'example_setup_teardown' retrieved from /home/logi/txtai/venv/lib/python3.10/site-packages/airflow/example_dags/example_setup_teardown.py
[2025-11-12T09:06:11.278+0530] {logging_mixin.py:188} INFO - [2025-11-12T09:06:11.278+0530] {dag.py:3089} INFO - Sync 1 DAGs
[2025-11-12T09:06:11.296+0530] {logging_mixin.py:188} INFO - [2025-11-12T09:06:11.296+0530] {dag.py:3947} INFO - Setting next_dagrun for example_setup_teardown to 2025-11-11 00:00:00+00:00, run_after=2025-11-12 00:00:00+00:00
[2025-11-12T09:06:11.314+0530] {processor.py:183} INFO - Processing /home/logi/txtai/venv/lib/python3.10/site-packages/airflow/example_dags/example_setup_teardown.py took 0.106 seconds
[2025-11-12T09:07:09.285+0530] {processor.py:161} INFO - Started process (PID=27059) to work on /home/logi/txtai/venv/lib/python3.10/site-packages/airflow/example_dags/example_setup_teardown.py
[2025-11-12T09:07:09.298+0530] {processor.py:830} INFO - Processing file /home/logi/txtai/venv/lib/python3.10/site-packages/airflow/example_dags/example_setup_teardown.py for tasks to queue
[2025-11-12T09:07:09.302+0530] {logging_mixin.py:188} INFO - [2025-11-12T09:07:09.301+0530] {dagbag.py:545} INFO - Filling up the DagBag from /home/logi/txtai/venv/lib/python3.10/site-packages/airflow/example_dags/example_setup_teardown.py
[2025-11-12T09:07:09.313+0530] {processor.py:840} INFO - DAG(s) 'example_setup_teardown' retrieved from /home/logi/txtai/venv/lib/python3.10/site-packages/airflow/example_dags/example_setup_teardown.py
[2025-11-12T09:07:09.339+0530] {logging_mixin.py:188} INFO - [2025-11-12T09:07:09.339+0530] {dag.py:3089} INFO - Sync 1 DAGs
[2025-11-12T09:07:09.359+0530] {logging_mixin.py:188} INFO - [2025-11-12T09:07:09.359+0530] {dag.py:3947} INFO - Setting next_dagrun for example_setup_teardown to 2025-11-11 00:00:00+00:00, run_after=2025-11-12 00:00:00+00:00
[2025-11-12T09:07:09.377+0530] {processor.py:183} INFO - Processing /home/logi/txtai/venv/lib/python3.10/site-packages/airflow/example_dags/example_setup_teardown.py took 0.102 seconds
[2025-11-12T09:08:09.442+0530] {processor.py:161} INFO - Started process (PID=27497) to work on /home/logi/txtai/venv/lib/python3.10/site-packages/airflow/example_dags/example_setup_teardown.py
[2025-11-12T09:08:09.444+0530] {processor.py:830} INFO - Processing file /home/logi/txtai/venv/lib/python3.10/site-packages/airflow/example_dags/example_setup_teardown.py for tasks to queue
[2025-11-12T09:08:09.448+0530] {logging_mixin.py:188} INFO - [2025-11-12T09:08:09.447+0530] {dagbag.py:545} INFO - Filling up the DagBag from /home/logi/txtai/venv/lib/python3.10/site-packages/airflow/example_dags/example_setup_teardown.py
[2025-11-12T09:08:09.459+0530] {processor.py:840} INFO - DAG(s) 'example_setup_teardown' retrieved from /home/logi/txtai/venv/lib/python3.10/site-packages/airflow/example_dags/example_setup_teardown.py
[2025-11-12T09:08:09.484+0530] {logging_mixin.py:188} INFO - [2025-11-12T09:08:09.483+0530] {dag.py:3089} INFO - Sync 1 DAGs
[2025-11-12T09:08:09.502+0530] {logging_mixin.py:188} INFO - [2025-11-12T09:08:09.502+0530] {dag.py:3947} INFO - Setting next_dagrun for example_setup_teardown to 2025-11-11 00:00:00+00:00, run_after=2025-11-12 00:00:00+00:00
[2025-11-12T09:08:09.526+0530] {processor.py:183} INFO - Processing /home/logi/txtai/venv/lib/python3.10/site-packages/airflow/example_dags/example_setup_teardown.py took 0.095 seconds
[2025-11-12T09:09:09.042+0530] {processor.py:161} INFO - Started process (PID=27577) to work on /home/logi/txtai/venv/lib/python3.10/site-packages/airflow/example_dags/example_setup_teardown.py
[2025-11-12T09:09:09.055+0530] {processor.py:830} INFO - Processing file /home/logi/txtai/venv/lib/python3.10/site-packages/airflow/example_dags/example_setup_teardown.py for tasks to queue
[2025-11-12T09:09:09.059+0530] {logging_mixin.py:188} INFO - [2025-11-12T09:09:09.058+0530] {dagbag.py:545} INFO - Filling up the DagBag from /home/logi/txtai/venv/lib/python3.10/site-packages/airflow/example_dags/example_setup_teardown.py
[2025-11-12T09:09:09.070+0530] {processor.py:840} INFO - DAG(s) 'example_setup_teardown' retrieved from /home/logi/txtai/venv/lib/python3.10/site-packages/airflow/example_dags/example_setup_teardown.py
[2025-11-12T09:09:09.099+0530] {logging_mixin.py:188} INFO - [2025-11-12T09:09:09.098+0530] {dag.py:3089} INFO - Sync 1 DAGs
[2025-11-12T09:09:09.119+0530] {logging_mixin.py:188} INFO - [2025-11-12T09:09:09.119+0530] {dag.py:3947} INFO - Setting next_dagrun for example_setup_teardown to 2025-11-11 00:00:00+00:00, run_after=2025-11-12 00:00:00+00:00
[2025-11-12T09:09:09.146+0530] {processor.py:183} INFO - Processing /home/logi/txtai/venv/lib/python3.10/site-packages/airflow/example_dags/example_setup_teardown.py took 0.115 seconds
[2025-11-12T09:10:11.215+0530] {processor.py:161} INFO - Started process (PID=27713) to work on /home/logi/txtai/venv/lib/python3.10/site-packages/airflow/example_dags/example_setup_teardown.py
[2025-11-12T09:10:11.228+0530] {processor.py:830} INFO - Processing file /home/logi/txtai/venv/lib/python3.10/site-packages/airflow/example_dags/example_setup_teardown.py for tasks to queue
[2025-11-12T09:10:11.231+0530] {logging_mixin.py:188} INFO - [2025-11-12T09:10:11.230+0530] {dagbag.py:545} INFO - Filling up the DagBag from /home/logi/txtai/venv/lib/python3.10/site-packages/airflow/example_dags/example_setup_teardown.py
[2025-11-12T09:10:11.242+0530] {processor.py:840} INFO - DAG(s) 'example_setup_teardown' retrieved from /home/logi/txtai/venv/lib/python3.10/site-packages/airflow/example_dags/example_setup_teardown.py
[2025-11-12T09:10:11.268+0530] {logging_mixin.py:188} INFO - [2025-11-12T09:10:11.267+0530] {dag.py:3089} INFO - Sync 1 DAGs
[2025-11-12T09:10:11.289+0530] {logging_mixin.py:188} INFO - [2025-11-12T09:10:11.289+0530] {dag.py:3947} INFO - Setting next_dagrun for example_setup_teardown to 2025-11-11 00:00:00+00:00, run_after=2025-11-12 00:00:00+00:00
[2025-11-12T09:10:11.316+0530] {processor.py:183} INFO - Processing /home/logi/txtai/venv/lib/python3.10/site-packages/airflow/example_dags/example_setup_teardown.py took 0.106 seconds
[2025-11-12T09:11:24.410+0530] {processor.py:161} INFO - Started process (PID=27987) to work on /home/logi/txtai/venv/lib/python3.10/site-packages/airflow/example_dags/example_setup_teardown.py
[2025-11-12T09:11:24.412+0530] {processor.py:830} INFO - Processing file /home/logi/txtai/venv/lib/python3.10/site-packages/airflow/example_dags/example_setup_teardown.py for tasks to queue
[2025-11-12T09:11:24.415+0530] {logging_mixin.py:188} INFO - [2025-11-12T09:11:24.415+0530] {dagbag.py:545} INFO - Filling up the DagBag from /home/logi/txtai/venv/lib/python3.10/site-packages/airflow/example_dags/example_setup_teardown.py
[2025-11-12T09:11:24.427+0530] {processor.py:840} INFO - DAG(s) 'example_setup_teardown' retrieved from /home/logi/txtai/venv/lib/python3.10/site-packages/airflow/example_dags/example_setup_teardown.py
[2025-11-12T09:11:24.453+0530] {logging_mixin.py:188} INFO - [2025-11-12T09:11:24.452+0530] {dag.py:3089} INFO - Sync 1 DAGs
[2025-11-12T09:11:24.470+0530] {logging_mixin.py:188} INFO - [2025-11-12T09:11:24.470+0530] {dag.py:3947} INFO - Setting next_dagrun for example_setup_teardown to 2025-11-11 00:00:00+00:00, run_after=2025-11-12 00:00:00+00:00
[2025-11-12T09:11:24.491+0530] {processor.py:183} INFO - Processing /home/logi/txtai/venv/lib/python3.10/site-packages/airflow/example_dags/example_setup_teardown.py took 0.092 seconds
[2025-11-12T09:12:27.853+0530] {processor.py:161} INFO - Started process (PID=28096) to work on /home/logi/txtai/venv/lib/python3.10/site-packages/airflow/example_dags/example_setup_teardown.py
[2025-11-12T09:12:27.866+0530] {processor.py:830} INFO - Processing file /home/logi/txtai/venv/lib/python3.10/site-packages/airflow/example_dags/example_setup_teardown.py for tasks to queue
[2025-11-12T09:12:27.870+0530] {logging_mixin.py:188} INFO - [2025-11-12T09:12:27.869+0530] {dagbag.py:545} INFO - Filling up the DagBag from /home/logi/txtai/venv/lib/python3.10/site-packages/airflow/example_dags/example_setup_teardown.py
[2025-11-12T09:12:27.882+0530] {processor.py:840} INFO - DAG(s) 'example_setup_teardown' retrieved from /home/logi/txtai/venv/lib/python3.10/site-packages/airflow/example_dags/example_setup_teardown.py
[2025-11-12T09:12:27.910+0530] {logging_mixin.py:188} INFO - [2025-11-12T09:12:27.910+0530] {dag.py:3089} INFO - Sync 1 DAGs
[2025-11-12T09:12:27.930+0530] {logging_mixin.py:188} INFO - [2025-11-12T09:12:27.929+0530] {dag.py:3947} INFO - Setting next_dagrun for example_setup_teardown to 2025-11-11 00:00:00+00:00, run_after=2025-11-12 00:00:00+00:00
[2025-11-12T09:12:27.957+0530] {processor.py:183} INFO - Processing /home/logi/txtai/venv/lib/python3.10/site-packages/airflow/example_dags/example_setup_teardown.py took 0.116 seconds
[2025-11-12T09:13:28.683+0530] {processor.py:161} INFO - Started process (PID=28238) to work on /home/logi/txtai/venv/lib/python3.10/site-packages/airflow/example_dags/example_setup_teardown.py
[2025-11-12T09:13:28.700+0530] {processor.py:830} INFO - Processing file /home/logi/txtai/venv/lib/python3.10/site-packages/airflow/example_dags/example_setup_teardown.py for tasks to queue
[2025-11-12T09:13:28.704+0530] {logging_mixin.py:188} INFO - [2025-11-12T09:13:28.703+0530] {dagbag.py:545} INFO - Filling up the DagBag from /home/logi/txtai/venv/lib/python3.10/site-packages/airflow/example_dags/example_setup_teardown.py
[2025-11-12T09:13:28.715+0530] {processor.py:840} INFO - DAG(s) 'example_setup_teardown' retrieved from /home/logi/txtai/venv/lib/python3.10/site-packages/airflow/example_dags/example_setup_teardown.py
[2025-11-12T09:13:28.736+0530] {logging_mixin.py:188} INFO - [2025-11-12T09:13:28.736+0530] {dag.py:3089} INFO - Sync 1 DAGs
[2025-11-12T09:13:28.758+0530] {logging_mixin.py:188} INFO - [2025-11-12T09:13:28.757+0530] {dag.py:3947} INFO - Setting next_dagrun for example_setup_teardown to 2025-11-11 00:00:00+00:00, run_after=2025-11-12 00:00:00+00:00
[2025-11-12T09:13:28.781+0530] {processor.py:183} INFO - Processing /home/logi/txtai/venv/lib/python3.10/site-packages/airflow/example_dags/example_setup_teardown.py took 0.109 seconds
[2025-11-12T09:14:29.009+0530] {processor.py:161} INFO - Started process (PID=28469) to work on /home/logi/txtai/venv/lib/python3.10/site-packages/airflow/example_dags/example_setup_teardown.py
[2025-11-12T09:14:29.023+0530] {processor.py:830} INFO - Processing file /home/logi/txtai/venv/lib/python3.10/site-packages/airflow/example_dags/example_setup_teardown.py for tasks to queue
[2025-11-12T09:14:29.026+0530] {logging_mixin.py:188} INFO - [2025-11-12T09:14:29.026+0530] {dagbag.py:545} INFO - Filling up the DagBag from /home/logi/txtai/venv/lib/python3.10/site-packages/airflow/example_dags/example_setup_teardown.py
[2025-11-12T09:14:29.039+0530] {processor.py:840} INFO - DAG(s) 'example_setup_teardown' retrieved from /home/logi/txtai/venv/lib/python3.10/site-packages/airflow/example_dags/example_setup_teardown.py
[2025-11-12T09:14:29.067+0530] {logging_mixin.py:188} INFO - [2025-11-12T09:14:29.067+0530] {dag.py:3089} INFO - Sync 1 DAGs
[2025-11-12T09:14:29.084+0530] {logging_mixin.py:188} INFO - [2025-11-12T09:14:29.084+0530] {dag.py:3947} INFO - Setting next_dagrun for example_setup_teardown to 2025-11-11 00:00:00+00:00, run_after=2025-11-12 00:00:00+00:00
[2025-11-12T09:14:29.116+0530] {processor.py:183} INFO - Processing /home/logi/txtai/venv/lib/python3.10/site-packages/airflow/example_dags/example_setup_teardown.py took 0.117 seconds
[2025-11-12T09:15:32.698+0530] {processor.py:161} INFO - Started process (PID=28651) to work on /home/logi/txtai/venv/lib/python3.10/site-packages/airflow/example_dags/example_setup_teardown.py
[2025-11-12T09:15:32.700+0530] {processor.py:830} INFO - Processing file /home/logi/txtai/venv/lib/python3.10/site-packages/airflow/example_dags/example_setup_teardown.py for tasks to queue
[2025-11-12T09:15:32.703+0530] {logging_mixin.py:188} INFO - [2025-11-12T09:15:32.702+0530] {dagbag.py:545} INFO - Filling up the DagBag from /home/logi/txtai/venv/lib/python3.10/site-packages/airflow/example_dags/example_setup_teardown.py
[2025-11-12T09:15:32.713+0530] {processor.py:840} INFO - DAG(s) 'example_setup_teardown' retrieved from /home/logi/txtai/venv/lib/python3.10/site-packages/airflow/example_dags/example_setup_teardown.py
[2025-11-12T09:15:32.732+0530] {logging_mixin.py:188} INFO - [2025-11-12T09:15:32.732+0530] {dag.py:3089} INFO - Sync 1 DAGs
[2025-11-12T09:15:32.746+0530] {logging_mixin.py:188} INFO - [2025-11-12T09:15:32.745+0530] {dag.py:3947} INFO - Setting next_dagrun for example_setup_teardown to 2025-11-11 00:00:00+00:00, run_after=2025-11-12 00:00:00+00:00
[2025-11-12T09:15:32.763+0530] {processor.py:183} INFO - Processing /home/logi/txtai/venv/lib/python3.10/site-packages/airflow/example_dags/example_setup_teardown.py took 0.074 seconds
[2025-11-12T09:16:40.200+0530] {processor.py:161} INFO - Started process (PID=29259) to work on /home/logi/txtai/venv/lib/python3.10/site-packages/airflow/example_dags/example_setup_teardown.py
[2025-11-12T09:16:40.212+0530] {processor.py:830} INFO - Processing file /home/logi/txtai/venv/lib/python3.10/site-packages/airflow/example_dags/example_setup_teardown.py for tasks to queue
[2025-11-12T09:16:40.215+0530] {logging_mixin.py:188} INFO - [2025-11-12T09:16:40.214+0530] {dagbag.py:545} INFO - Filling up the DagBag from /home/logi/txtai/venv/lib/python3.10/site-packages/airflow/example_dags/example_setup_teardown.py
[2025-11-12T09:16:40.224+0530] {processor.py:840} INFO - DAG(s) 'example_setup_teardown' retrieved from /home/logi/txtai/venv/lib/python3.10/site-packages/airflow/example_dags/example_setup_teardown.py
[2025-11-12T09:16:40.238+0530] {logging_mixin.py:188} INFO - [2025-11-12T09:16:40.238+0530] {dag.py:3089} INFO - Sync 1 DAGs
[2025-11-12T09:16:40.254+0530] {logging_mixin.py:188} INFO - [2025-11-12T09:16:40.254+0530] {dag.py:3947} INFO - Setting next_dagrun for example_setup_teardown to 2025-11-11 00:00:00+00:00, run_after=2025-11-12 00:00:00+00:00
[2025-11-12T09:16:40.272+0530] {processor.py:183} INFO - Processing /home/logi/txtai/venv/lib/python3.10/site-packages/airflow/example_dags/example_setup_teardown.py took 0.079 seconds
[2025-11-12T09:17:41.798+0530] {processor.py:161} INFO - Started process (PID=29763) to work on /home/logi/txtai/venv/lib/python3.10/site-packages/airflow/example_dags/example_setup_teardown.py
[2025-11-12T09:17:41.800+0530] {processor.py:830} INFO - Processing file /home/logi/txtai/venv/lib/python3.10/site-packages/airflow/example_dags/example_setup_teardown.py for tasks to queue
[2025-11-12T09:17:41.803+0530] {logging_mixin.py:188} INFO - [2025-11-12T09:17:41.803+0530] {dagbag.py:545} INFO - Filling up the DagBag from /home/logi/txtai/venv/lib/python3.10/site-packages/airflow/example_dags/example_setup_teardown.py
[2025-11-12T09:17:41.814+0530] {processor.py:840} INFO - DAG(s) 'example_setup_teardown' retrieved from /home/logi/txtai/venv/lib/python3.10/site-packages/airflow/example_dags/example_setup_teardown.py
[2025-11-12T09:17:41.837+0530] {logging_mixin.py:188} INFO - [2025-11-12T09:17:41.837+0530] {dag.py:3089} INFO - Sync 1 DAGs
[2025-11-12T09:17:41.948+0530] {logging_mixin.py:188} INFO - [2025-11-12T09:17:41.947+0530] {dag.py:3947} INFO - Setting next_dagrun for example_setup_teardown to 2025-11-11 00:00:00+00:00, run_after=2025-11-12 00:00:00+00:00
[2025-11-12T09:17:41.975+0530] {processor.py:183} INFO - Processing /home/logi/txtai/venv/lib/python3.10/site-packages/airflow/example_dags/example_setup_teardown.py took 0.187 seconds
