[2025-11-12T06:03:47.949+0530] {processor.py:161} INFO - Started process (PID=5906) to work on /home/logi/txtai/venv/lib/python3.10/site-packages/airflow/example_dags/example_dag_decorator.py
[2025-11-12T06:03:47.951+0530] {processor.py:830} INFO - Processing file /home/logi/txtai/venv/lib/python3.10/site-packages/airflow/example_dags/example_dag_decorator.py for tasks to queue
[2025-11-12T06:03:47.953+0530] {logging_mixin.py:188} INFO - [2025-11-12T06:03:47.953+0530] {dagbag.py:545} INFO - Filling up the DagBag from /home/logi/txtai/venv/lib/python3.10/site-packages/airflow/example_dags/example_dag_decorator.py
[2025-11-12T06:03:48.018+0530] {processor.py:840} INFO - DAG(s) 'example_dag_decorator' retrieved from /home/logi/txtai/venv/lib/python3.10/site-packages/airflow/example_dags/example_dag_decorator.py
[2025-11-12T06:03:48.102+0530] {logging_mixin.py:188} INFO - [2025-11-12T06:03:48.102+0530] {dag.py:3089} INFO - Sync 1 DAGs
[2025-11-12T06:03:48.109+0530] {logging_mixin.py:188} INFO - [2025-11-12T06:03:48.109+0530] {dag.py:3947} INFO - Setting next_dagrun for example_dag_decorator to None, run_after=None
[2025-11-12T06:03:48.129+0530] {processor.py:183} INFO - Processing /home/logi/txtai/venv/lib/python3.10/site-packages/airflow/example_dags/example_dag_decorator.py took 0.191 seconds
[2025-11-12T06:05:01.435+0530] {processor.py:161} INFO - Started process (PID=6193) to work on /home/logi/txtai/venv/lib/python3.10/site-packages/airflow/example_dags/example_dag_decorator.py
[2025-11-12T06:05:01.437+0530] {processor.py:830} INFO - Processing file /home/logi/txtai/venv/lib/python3.10/site-packages/airflow/example_dags/example_dag_decorator.py for tasks to queue
[2025-11-12T06:05:01.439+0530] {logging_mixin.py:188} INFO - [2025-11-12T06:05:01.439+0530] {dagbag.py:545} INFO - Filling up the DagBag from /home/logi/txtai/venv/lib/python3.10/site-packages/airflow/example_dags/example_dag_decorator.py
[2025-11-12T06:05:01.543+0530] {processor.py:840} INFO - DAG(s) 'example_dag_decorator' retrieved from /home/logi/txtai/venv/lib/python3.10/site-packages/airflow/example_dags/example_dag_decorator.py
[2025-11-12T06:05:01.618+0530] {logging_mixin.py:188} INFO - [2025-11-12T06:05:01.617+0530] {dag.py:3089} INFO - Sync 1 DAGs
[2025-11-12T06:05:01.628+0530] {logging_mixin.py:188} INFO - [2025-11-12T06:05:01.628+0530] {dag.py:3947} INFO - Setting next_dagrun for example_dag_decorator to None, run_after=None
[2025-11-12T06:05:01.665+0530] {processor.py:183} INFO - Processing /home/logi/txtai/venv/lib/python3.10/site-packages/airflow/example_dags/example_dag_decorator.py took 0.240 seconds
[2025-11-12T06:06:05.935+0530] {processor.py:161} INFO - Started process (PID=6607) to work on /home/logi/txtai/venv/lib/python3.10/site-packages/airflow/example_dags/example_dag_decorator.py
[2025-11-12T06:06:05.937+0530] {processor.py:830} INFO - Processing file /home/logi/txtai/venv/lib/python3.10/site-packages/airflow/example_dags/example_dag_decorator.py for tasks to queue
[2025-11-12T06:06:05.939+0530] {logging_mixin.py:188} INFO - [2025-11-12T06:06:05.939+0530] {dagbag.py:545} INFO - Filling up the DagBag from /home/logi/txtai/venv/lib/python3.10/site-packages/airflow/example_dags/example_dag_decorator.py
[2025-11-12T06:06:06.017+0530] {processor.py:840} INFO - DAG(s) 'example_dag_decorator' retrieved from /home/logi/txtai/venv/lib/python3.10/site-packages/airflow/example_dags/example_dag_decorator.py
[2025-11-12T06:06:06.089+0530] {logging_mixin.py:188} INFO - [2025-11-12T06:06:06.089+0530] {dag.py:3089} INFO - Sync 1 DAGs
[2025-11-12T06:06:06.097+0530] {logging_mixin.py:188} INFO - [2025-11-12T06:06:06.097+0530] {dag.py:3947} INFO - Setting next_dagrun for example_dag_decorator to None, run_after=None
[2025-11-12T06:06:06.128+0530] {processor.py:183} INFO - Processing /home/logi/txtai/venv/lib/python3.10/site-packages/airflow/example_dags/example_dag_decorator.py took 0.204 seconds
[2025-11-12T06:07:04.433+0530] {processor.py:161} INFO - Started process (PID=6777) to work on /home/logi/txtai/venv/lib/python3.10/site-packages/airflow/example_dags/example_dag_decorator.py
[2025-11-12T06:07:04.447+0530] {processor.py:830} INFO - Processing file /home/logi/txtai/venv/lib/python3.10/site-packages/airflow/example_dags/example_dag_decorator.py for tasks to queue
[2025-11-12T06:07:04.450+0530] {logging_mixin.py:188} INFO - [2025-11-12T06:07:04.449+0530] {dagbag.py:545} INFO - Filling up the DagBag from /home/logi/txtai/venv/lib/python3.10/site-packages/airflow/example_dags/example_dag_decorator.py
[2025-11-12T06:07:04.512+0530] {processor.py:840} INFO - DAG(s) 'example_dag_decorator' retrieved from /home/logi/txtai/venv/lib/python3.10/site-packages/airflow/example_dags/example_dag_decorator.py
[2025-11-12T06:07:04.531+0530] {logging_mixin.py:188} INFO - [2025-11-12T06:07:04.531+0530] {dag.py:3089} INFO - Sync 1 DAGs
[2025-11-12T06:07:04.541+0530] {logging_mixin.py:188} INFO - [2025-11-12T06:07:04.541+0530] {dag.py:3947} INFO - Setting next_dagrun for example_dag_decorator to None, run_after=None
[2025-11-12T06:07:04.562+0530] {processor.py:183} INFO - Processing /home/logi/txtai/venv/lib/python3.10/site-packages/airflow/example_dags/example_dag_decorator.py took 0.136 seconds
[2025-11-12T06:08:04.500+0530] {processor.py:161} INFO - Started process (PID=7175) to work on /home/logi/txtai/venv/lib/python3.10/site-packages/airflow/example_dags/example_dag_decorator.py
[2025-11-12T06:08:04.513+0530] {processor.py:830} INFO - Processing file /home/logi/txtai/venv/lib/python3.10/site-packages/airflow/example_dags/example_dag_decorator.py for tasks to queue
[2025-11-12T06:08:04.516+0530] {logging_mixin.py:188} INFO - [2025-11-12T06:08:04.516+0530] {dagbag.py:545} INFO - Filling up the DagBag from /home/logi/txtai/venv/lib/python3.10/site-packages/airflow/example_dags/example_dag_decorator.py
[2025-11-12T06:08:04.599+0530] {processor.py:840} INFO - DAG(s) 'example_dag_decorator' retrieved from /home/logi/txtai/venv/lib/python3.10/site-packages/airflow/example_dags/example_dag_decorator.py
[2025-11-12T06:08:04.674+0530] {logging_mixin.py:188} INFO - [2025-11-12T06:08:04.674+0530] {dag.py:3089} INFO - Sync 1 DAGs
[2025-11-12T06:08:04.682+0530] {logging_mixin.py:188} INFO - [2025-11-12T06:08:04.682+0530] {dag.py:3947} INFO - Setting next_dagrun for example_dag_decorator to None, run_after=None
[2025-11-12T06:08:04.714+0530] {processor.py:183} INFO - Processing /home/logi/txtai/venv/lib/python3.10/site-packages/airflow/example_dags/example_dag_decorator.py took 0.225 seconds
[2025-11-12T08:08:19.615+0530] {processor.py:161} INFO - Started process (PID=10138) to work on /home/logi/txtai/venv/lib/python3.10/site-packages/airflow/example_dags/example_dag_decorator.py
[2025-11-12T08:08:19.619+0530] {processor.py:830} INFO - Processing file /home/logi/txtai/venv/lib/python3.10/site-packages/airflow/example_dags/example_dag_decorator.py for tasks to queue
[2025-11-12T08:08:19.622+0530] {logging_mixin.py:188} INFO - [2025-11-12T08:08:19.622+0530] {dagbag.py:545} INFO - Filling up the DagBag from /home/logi/txtai/venv/lib/python3.10/site-packages/airflow/example_dags/example_dag_decorator.py
[2025-11-12T08:08:19.701+0530] {processor.py:840} INFO - DAG(s) 'example_dag_decorator' retrieved from /home/logi/txtai/venv/lib/python3.10/site-packages/airflow/example_dags/example_dag_decorator.py
[2025-11-12T08:08:19.778+0530] {logging_mixin.py:188} INFO - [2025-11-12T08:08:19.778+0530] {dag.py:3089} INFO - Sync 1 DAGs
[2025-11-12T08:08:19.785+0530] {logging_mixin.py:188} INFO - [2025-11-12T08:08:19.785+0530] {dag.py:3947} INFO - Setting next_dagrun for example_dag_decorator to None, run_after=None
[2025-11-12T08:08:19.817+0530] {processor.py:183} INFO - Processing /home/logi/txtai/venv/lib/python3.10/site-packages/airflow/example_dags/example_dag_decorator.py took 0.214 seconds
[2025-11-12T08:09:20.264+0530] {processor.py:161} INFO - Started process (PID=10608) to work on /home/logi/txtai/venv/lib/python3.10/site-packages/airflow/example_dags/example_dag_decorator.py
[2025-11-12T08:09:20.278+0530] {processor.py:830} INFO - Processing file /home/logi/txtai/venv/lib/python3.10/site-packages/airflow/example_dags/example_dag_decorator.py for tasks to queue
[2025-11-12T08:09:20.281+0530] {logging_mixin.py:188} INFO - [2025-11-12T08:09:20.281+0530] {dagbag.py:545} INFO - Filling up the DagBag from /home/logi/txtai/venv/lib/python3.10/site-packages/airflow/example_dags/example_dag_decorator.py
[2025-11-12T08:09:20.363+0530] {processor.py:840} INFO - DAG(s) 'example_dag_decorator' retrieved from /home/logi/txtai/venv/lib/python3.10/site-packages/airflow/example_dags/example_dag_decorator.py
[2025-11-12T08:09:20.433+0530] {logging_mixin.py:188} INFO - [2025-11-12T08:09:20.432+0530] {dag.py:3089} INFO - Sync 1 DAGs
[2025-11-12T08:09:20.441+0530] {logging_mixin.py:188} INFO - [2025-11-12T08:09:20.441+0530] {dag.py:3947} INFO - Setting next_dagrun for example_dag_decorator to None, run_after=None
[2025-11-12T08:09:20.470+0530] {processor.py:183} INFO - Processing /home/logi/txtai/venv/lib/python3.10/site-packages/airflow/example_dags/example_dag_decorator.py took 0.217 seconds
[2025-11-12T08:10:20.763+0530] {processor.py:161} INFO - Started process (PID=10991) to work on /home/logi/txtai/venv/lib/python3.10/site-packages/airflow/example_dags/example_dag_decorator.py
[2025-11-12T08:10:20.776+0530] {processor.py:830} INFO - Processing file /home/logi/txtai/venv/lib/python3.10/site-packages/airflow/example_dags/example_dag_decorator.py for tasks to queue
[2025-11-12T08:10:20.779+0530] {logging_mixin.py:188} INFO - [2025-11-12T08:10:20.779+0530] {dagbag.py:545} INFO - Filling up the DagBag from /home/logi/txtai/venv/lib/python3.10/site-packages/airflow/example_dags/example_dag_decorator.py
[2025-11-12T08:10:20.864+0530] {processor.py:840} INFO - DAG(s) 'example_dag_decorator' retrieved from /home/logi/txtai/venv/lib/python3.10/site-packages/airflow/example_dags/example_dag_decorator.py
[2025-11-12T08:10:20.882+0530] {logging_mixin.py:188} INFO - [2025-11-12T08:10:20.882+0530] {dag.py:3089} INFO - Sync 1 DAGs
[2025-11-12T08:10:20.892+0530] {logging_mixin.py:188} INFO - [2025-11-12T08:10:20.892+0530] {dag.py:3947} INFO - Setting next_dagrun for example_dag_decorator to None, run_after=None
[2025-11-12T08:10:20.930+0530] {processor.py:183} INFO - Processing /home/logi/txtai/venv/lib/python3.10/site-packages/airflow/example_dags/example_dag_decorator.py took 0.178 seconds
[2025-11-12T08:11:23.952+0530] {processor.py:161} INFO - Started process (PID=11188) to work on /home/logi/txtai/venv/lib/python3.10/site-packages/airflow/example_dags/example_dag_decorator.py
[2025-11-12T08:11:23.955+0530] {processor.py:830} INFO - Processing file /home/logi/txtai/venv/lib/python3.10/site-packages/airflow/example_dags/example_dag_decorator.py for tasks to queue
[2025-11-12T08:11:23.959+0530] {logging_mixin.py:188} INFO - [2025-11-12T08:11:23.958+0530] {dagbag.py:545} INFO - Filling up the DagBag from /home/logi/txtai/venv/lib/python3.10/site-packages/airflow/example_dags/example_dag_decorator.py
[2025-11-12T08:11:24.064+0530] {processor.py:840} INFO - DAG(s) 'example_dag_decorator' retrieved from /home/logi/txtai/venv/lib/python3.10/site-packages/airflow/example_dags/example_dag_decorator.py
[2025-11-12T08:11:24.153+0530] {logging_mixin.py:188} INFO - [2025-11-12T08:11:24.153+0530] {dag.py:3089} INFO - Sync 1 DAGs
[2025-11-12T08:11:24.163+0530] {logging_mixin.py:188} INFO - [2025-11-12T08:11:24.163+0530] {dag.py:3947} INFO - Setting next_dagrun for example_dag_decorator to None, run_after=None
[2025-11-12T08:11:24.198+0530] {processor.py:183} INFO - Processing /home/logi/txtai/venv/lib/python3.10/site-packages/airflow/example_dags/example_dag_decorator.py took 0.260 seconds
[2025-11-12T08:12:25.218+0530] {processor.py:161} INFO - Started process (PID=11679) to work on /home/logi/txtai/venv/lib/python3.10/site-packages/airflow/example_dags/example_dag_decorator.py
[2025-11-12T08:12:25.232+0530] {processor.py:830} INFO - Processing file /home/logi/txtai/venv/lib/python3.10/site-packages/airflow/example_dags/example_dag_decorator.py for tasks to queue
[2025-11-12T08:12:25.235+0530] {logging_mixin.py:188} INFO - [2025-11-12T08:12:25.235+0530] {dagbag.py:545} INFO - Filling up the DagBag from /home/logi/txtai/venv/lib/python3.10/site-packages/airflow/example_dags/example_dag_decorator.py
[2025-11-12T08:12:25.319+0530] {processor.py:840} INFO - DAG(s) 'example_dag_decorator' retrieved from /home/logi/txtai/venv/lib/python3.10/site-packages/airflow/example_dags/example_dag_decorator.py
[2025-11-12T08:12:25.394+0530] {logging_mixin.py:188} INFO - [2025-11-12T08:12:25.393+0530] {dag.py:3089} INFO - Sync 1 DAGs
[2025-11-12T08:12:25.402+0530] {logging_mixin.py:188} INFO - [2025-11-12T08:12:25.402+0530] {dag.py:3947} INFO - Setting next_dagrun for example_dag_decorator to None, run_after=None
[2025-11-12T08:12:25.422+0530] {processor.py:183} INFO - Processing /home/logi/txtai/venv/lib/python3.10/site-packages/airflow/example_dags/example_dag_decorator.py took 0.214 seconds
[2025-11-12T08:13:47.153+0530] {processor.py:161} INFO - Started process (PID=12643) to work on /home/logi/txtai/venv/lib/python3.10/site-packages/airflow/example_dags/example_dag_decorator.py
[2025-11-12T08:13:47.166+0530] {processor.py:830} INFO - Processing file /home/logi/txtai/venv/lib/python3.10/site-packages/airflow/example_dags/example_dag_decorator.py for tasks to queue
[2025-11-12T08:13:47.169+0530] {logging_mixin.py:188} INFO - [2025-11-12T08:13:47.169+0530] {dagbag.py:545} INFO - Filling up the DagBag from /home/logi/txtai/venv/lib/python3.10/site-packages/airflow/example_dags/example_dag_decorator.py
[2025-11-12T08:13:47.252+0530] {processor.py:840} INFO - DAG(s) 'example_dag_decorator' retrieved from /home/logi/txtai/venv/lib/python3.10/site-packages/airflow/example_dags/example_dag_decorator.py
[2025-11-12T08:13:47.325+0530] {logging_mixin.py:188} INFO - [2025-11-12T08:13:47.325+0530] {dag.py:3089} INFO - Sync 1 DAGs
[2025-11-12T08:13:47.333+0530] {logging_mixin.py:188} INFO - [2025-11-12T08:13:47.333+0530] {dag.py:3947} INFO - Setting next_dagrun for example_dag_decorator to None, run_after=None
[2025-11-12T08:13:47.365+0530] {processor.py:183} INFO - Processing /home/logi/txtai/venv/lib/python3.10/site-packages/airflow/example_dags/example_dag_decorator.py took 0.224 seconds
[2025-11-12T08:14:46.435+0530] {processor.py:161} INFO - Started process (PID=13132) to work on /home/logi/txtai/venv/lib/python3.10/site-packages/airflow/example_dags/example_dag_decorator.py
[2025-11-12T08:14:46.449+0530] {processor.py:830} INFO - Processing file /home/logi/txtai/venv/lib/python3.10/site-packages/airflow/example_dags/example_dag_decorator.py for tasks to queue
[2025-11-12T08:14:46.454+0530] {logging_mixin.py:188} INFO - [2025-11-12T08:14:46.453+0530] {dagbag.py:545} INFO - Filling up the DagBag from /home/logi/txtai/venv/lib/python3.10/site-packages/airflow/example_dags/example_dag_decorator.py
[2025-11-12T08:14:46.573+0530] {processor.py:840} INFO - DAG(s) 'example_dag_decorator' retrieved from /home/logi/txtai/venv/lib/python3.10/site-packages/airflow/example_dags/example_dag_decorator.py
[2025-11-12T08:14:46.657+0530] {logging_mixin.py:188} INFO - [2025-11-12T08:14:46.656+0530] {dag.py:3089} INFO - Sync 1 DAGs
[2025-11-12T08:14:46.668+0530] {logging_mixin.py:188} INFO - [2025-11-12T08:14:46.668+0530] {dag.py:3947} INFO - Setting next_dagrun for example_dag_decorator to None, run_after=None
[2025-11-12T08:14:46.690+0530] {processor.py:183} INFO - Processing /home/logi/txtai/venv/lib/python3.10/site-packages/airflow/example_dags/example_dag_decorator.py took 0.266 seconds
[2025-11-12T08:15:44.546+0530] {processor.py:161} INFO - Started process (PID=13623) to work on /home/logi/txtai/venv/lib/python3.10/site-packages/airflow/example_dags/example_dag_decorator.py
[2025-11-12T08:15:44.559+0530] {processor.py:830} INFO - Processing file /home/logi/txtai/venv/lib/python3.10/site-packages/airflow/example_dags/example_dag_decorator.py for tasks to queue
[2025-11-12T08:15:44.562+0530] {logging_mixin.py:188} INFO - [2025-11-12T08:15:44.561+0530] {dagbag.py:545} INFO - Filling up the DagBag from /home/logi/txtai/venv/lib/python3.10/site-packages/airflow/example_dags/example_dag_decorator.py
[2025-11-12T08:15:44.645+0530] {processor.py:840} INFO - DAG(s) 'example_dag_decorator' retrieved from /home/logi/txtai/venv/lib/python3.10/site-packages/airflow/example_dags/example_dag_decorator.py
[2025-11-12T08:15:44.662+0530] {logging_mixin.py:188} INFO - [2025-11-12T08:15:44.662+0530] {dag.py:3089} INFO - Sync 1 DAGs
[2025-11-12T08:15:44.672+0530] {logging_mixin.py:188} INFO - [2025-11-12T08:15:44.671+0530] {dag.py:3947} INFO - Setting next_dagrun for example_dag_decorator to None, run_after=None
[2025-11-12T08:15:44.712+0530] {processor.py:183} INFO - Processing /home/logi/txtai/venv/lib/python3.10/site-packages/airflow/example_dags/example_dag_decorator.py took 0.177 seconds
[2025-11-12T08:16:44.979+0530] {processor.py:161} INFO - Started process (PID=14105) to work on /home/logi/txtai/venv/lib/python3.10/site-packages/airflow/example_dags/example_dag_decorator.py
[2025-11-12T08:16:44.987+0530] {processor.py:830} INFO - Processing file /home/logi/txtai/venv/lib/python3.10/site-packages/airflow/example_dags/example_dag_decorator.py for tasks to queue
[2025-11-12T08:16:44.990+0530] {logging_mixin.py:188} INFO - [2025-11-12T08:16:44.990+0530] {dagbag.py:545} INFO - Filling up the DagBag from /home/logi/txtai/venv/lib/python3.10/site-packages/airflow/example_dags/example_dag_decorator.py
[2025-11-12T08:16:45.077+0530] {processor.py:840} INFO - DAG(s) 'example_dag_decorator' retrieved from /home/logi/txtai/venv/lib/python3.10/site-packages/airflow/example_dags/example_dag_decorator.py
[2025-11-12T08:16:45.101+0530] {logging_mixin.py:188} INFO - [2025-11-12T08:16:45.100+0530] {dag.py:3089} INFO - Sync 1 DAGs
[2025-11-12T08:16:45.112+0530] {logging_mixin.py:188} INFO - [2025-11-12T08:16:45.112+0530] {dag.py:3947} INFO - Setting next_dagrun for example_dag_decorator to None, run_after=None
[2025-11-12T08:16:45.144+0530] {processor.py:183} INFO - Processing /home/logi/txtai/venv/lib/python3.10/site-packages/airflow/example_dags/example_dag_decorator.py took 0.177 seconds
[2025-11-12T08:17:44.164+0530] {processor.py:161} INFO - Started process (PID=14628) to work on /home/logi/txtai/venv/lib/python3.10/site-packages/airflow/example_dags/example_dag_decorator.py
[2025-11-12T08:17:44.177+0530] {processor.py:830} INFO - Processing file /home/logi/txtai/venv/lib/python3.10/site-packages/airflow/example_dags/example_dag_decorator.py for tasks to queue
[2025-11-12T08:17:44.181+0530] {logging_mixin.py:188} INFO - [2025-11-12T08:17:44.180+0530] {dagbag.py:545} INFO - Filling up the DagBag from /home/logi/txtai/venv/lib/python3.10/site-packages/airflow/example_dags/example_dag_decorator.py
[2025-11-12T08:17:44.262+0530] {processor.py:840} INFO - DAG(s) 'example_dag_decorator' retrieved from /home/logi/txtai/venv/lib/python3.10/site-packages/airflow/example_dags/example_dag_decorator.py
[2025-11-12T08:17:44.335+0530] {logging_mixin.py:188} INFO - [2025-11-12T08:17:44.335+0530] {dag.py:3089} INFO - Sync 1 DAGs
[2025-11-12T08:17:44.343+0530] {logging_mixin.py:188} INFO - [2025-11-12T08:17:44.343+0530] {dag.py:3947} INFO - Setting next_dagrun for example_dag_decorator to None, run_after=None
[2025-11-12T08:17:44.365+0530] {processor.py:183} INFO - Processing /home/logi/txtai/venv/lib/python3.10/site-packages/airflow/example_dags/example_dag_decorator.py took 0.213 seconds
[2025-11-12T08:18:51.993+0530] {processor.py:161} INFO - Started process (PID=15313) to work on /home/logi/txtai/venv/lib/python3.10/site-packages/airflow/example_dags/example_dag_decorator.py
[2025-11-12T08:18:52.006+0530] {processor.py:830} INFO - Processing file /home/logi/txtai/venv/lib/python3.10/site-packages/airflow/example_dags/example_dag_decorator.py for tasks to queue
[2025-11-12T08:18:52.009+0530] {logging_mixin.py:188} INFO - [2025-11-12T08:18:52.009+0530] {dagbag.py:545} INFO - Filling up the DagBag from /home/logi/txtai/venv/lib/python3.10/site-packages/airflow/example_dags/example_dag_decorator.py
[2025-11-12T08:18:52.091+0530] {processor.py:840} INFO - DAG(s) 'example_dag_decorator' retrieved from /home/logi/txtai/venv/lib/python3.10/site-packages/airflow/example_dags/example_dag_decorator.py
[2025-11-12T08:18:52.163+0530] {logging_mixin.py:188} INFO - [2025-11-12T08:18:52.162+0530] {dag.py:3089} INFO - Sync 1 DAGs
[2025-11-12T08:18:52.173+0530] {logging_mixin.py:188} INFO - [2025-11-12T08:18:52.172+0530] {dag.py:3947} INFO - Setting next_dagrun for example_dag_decorator to None, run_after=None
[2025-11-12T08:18:52.204+0530] {processor.py:183} INFO - Processing /home/logi/txtai/venv/lib/python3.10/site-packages/airflow/example_dags/example_dag_decorator.py took 0.223 seconds
[2025-11-12T08:19:52.923+0530] {processor.py:161} INFO - Started process (PID=15800) to work on /home/logi/txtai/venv/lib/python3.10/site-packages/airflow/example_dags/example_dag_decorator.py
[2025-11-12T08:19:52.936+0530] {processor.py:830} INFO - Processing file /home/logi/txtai/venv/lib/python3.10/site-packages/airflow/example_dags/example_dag_decorator.py for tasks to queue
[2025-11-12T08:19:52.939+0530] {logging_mixin.py:188} INFO - [2025-11-12T08:19:52.939+0530] {dagbag.py:545} INFO - Filling up the DagBag from /home/logi/txtai/venv/lib/python3.10/site-packages/airflow/example_dags/example_dag_decorator.py
[2025-11-12T08:19:53.023+0530] {processor.py:840} INFO - DAG(s) 'example_dag_decorator' retrieved from /home/logi/txtai/venv/lib/python3.10/site-packages/airflow/example_dags/example_dag_decorator.py
[2025-11-12T08:19:53.041+0530] {logging_mixin.py:188} INFO - [2025-11-12T08:19:53.041+0530] {dag.py:3089} INFO - Sync 1 DAGs
[2025-11-12T08:19:53.051+0530] {logging_mixin.py:188} INFO - [2025-11-12T08:19:53.051+0530] {dag.py:3947} INFO - Setting next_dagrun for example_dag_decorator to None, run_after=None
[2025-11-12T08:19:53.090+0530] {processor.py:183} INFO - Processing /home/logi/txtai/venv/lib/python3.10/site-packages/airflow/example_dags/example_dag_decorator.py took 0.179 seconds
[2025-11-12T08:20:54.527+0530] {processor.py:161} INFO - Started process (PID=16318) to work on /home/logi/txtai/venv/lib/python3.10/site-packages/airflow/example_dags/example_dag_decorator.py
[2025-11-12T08:20:54.540+0530] {processor.py:830} INFO - Processing file /home/logi/txtai/venv/lib/python3.10/site-packages/airflow/example_dags/example_dag_decorator.py for tasks to queue
[2025-11-12T08:20:54.544+0530] {logging_mixin.py:188} INFO - [2025-11-12T08:20:54.543+0530] {dagbag.py:545} INFO - Filling up the DagBag from /home/logi/txtai/venv/lib/python3.10/site-packages/airflow/example_dags/example_dag_decorator.py
[2025-11-12T08:20:54.625+0530] {processor.py:840} INFO - DAG(s) 'example_dag_decorator' retrieved from /home/logi/txtai/venv/lib/python3.10/site-packages/airflow/example_dags/example_dag_decorator.py
[2025-11-12T08:20:54.698+0530] {logging_mixin.py:188} INFO - [2025-11-12T08:20:54.697+0530] {dag.py:3089} INFO - Sync 1 DAGs
[2025-11-12T08:20:54.706+0530] {logging_mixin.py:188} INFO - [2025-11-12T08:20:54.705+0530] {dag.py:3947} INFO - Setting next_dagrun for example_dag_decorator to None, run_after=None
[2025-11-12T08:20:54.737+0530] {processor.py:183} INFO - Processing /home/logi/txtai/venv/lib/python3.10/site-packages/airflow/example_dags/example_dag_decorator.py took 0.221 seconds
[2025-11-12T08:22:01.156+0530] {processor.py:161} INFO - Started process (PID=16856) to work on /home/logi/txtai/venv/lib/python3.10/site-packages/airflow/example_dags/example_dag_decorator.py
[2025-11-12T08:22:01.169+0530] {processor.py:830} INFO - Processing file /home/logi/txtai/venv/lib/python3.10/site-packages/airflow/example_dags/example_dag_decorator.py for tasks to queue
[2025-11-12T08:22:01.173+0530] {logging_mixin.py:188} INFO - [2025-11-12T08:22:01.172+0530] {dagbag.py:545} INFO - Filling up the DagBag from /home/logi/txtai/venv/lib/python3.10/site-packages/airflow/example_dags/example_dag_decorator.py
[2025-11-12T08:22:01.255+0530] {processor.py:840} INFO - DAG(s) 'example_dag_decorator' retrieved from /home/logi/txtai/venv/lib/python3.10/site-packages/airflow/example_dags/example_dag_decorator.py
[2025-11-12T08:22:01.273+0530] {logging_mixin.py:188} INFO - [2025-11-12T08:22:01.273+0530] {dag.py:3089} INFO - Sync 1 DAGs
[2025-11-12T08:22:01.285+0530] {logging_mixin.py:188} INFO - [2025-11-12T08:22:01.284+0530] {dag.py:3947} INFO - Setting next_dagrun for example_dag_decorator to None, run_after=None
[2025-11-12T08:22:01.325+0530] {processor.py:183} INFO - Processing /home/logi/txtai/venv/lib/python3.10/site-packages/airflow/example_dags/example_dag_decorator.py took 0.180 seconds
[2025-11-12T08:23:02.505+0530] {processor.py:161} INFO - Started process (PID=17372) to work on /home/logi/txtai/venv/lib/python3.10/site-packages/airflow/example_dags/example_dag_decorator.py
[2025-11-12T08:23:02.520+0530] {processor.py:830} INFO - Processing file /home/logi/txtai/venv/lib/python3.10/site-packages/airflow/example_dags/example_dag_decorator.py for tasks to queue
[2025-11-12T08:23:02.523+0530] {logging_mixin.py:188} INFO - [2025-11-12T08:23:02.522+0530] {dagbag.py:545} INFO - Filling up the DagBag from /home/logi/txtai/venv/lib/python3.10/site-packages/airflow/example_dags/example_dag_decorator.py
[2025-11-12T08:23:02.608+0530] {processor.py:840} INFO - DAG(s) 'example_dag_decorator' retrieved from /home/logi/txtai/venv/lib/python3.10/site-packages/airflow/example_dags/example_dag_decorator.py
[2025-11-12T08:23:02.678+0530] {logging_mixin.py:188} INFO - [2025-11-12T08:23:02.678+0530] {dag.py:3089} INFO - Sync 1 DAGs
[2025-11-12T08:23:02.688+0530] {logging_mixin.py:188} INFO - [2025-11-12T08:23:02.687+0530] {dag.py:3947} INFO - Setting next_dagrun for example_dag_decorator to None, run_after=None
[2025-11-12T08:23:02.718+0530] {processor.py:183} INFO - Processing /home/logi/txtai/venv/lib/python3.10/site-packages/airflow/example_dags/example_dag_decorator.py took 0.225 seconds
[2025-11-12T08:24:33.661+0530] {processor.py:161} INFO - Started process (PID=18098) to work on /home/logi/txtai/venv/lib/python3.10/site-packages/airflow/example_dags/example_dag_decorator.py
[2025-11-12T08:24:33.674+0530] {processor.py:830} INFO - Processing file /home/logi/txtai/venv/lib/python3.10/site-packages/airflow/example_dags/example_dag_decorator.py for tasks to queue
[2025-11-12T08:24:33.676+0530] {logging_mixin.py:188} INFO - [2025-11-12T08:24:33.675+0530] {dagbag.py:545} INFO - Filling up the DagBag from /home/logi/txtai/venv/lib/python3.10/site-packages/airflow/example_dags/example_dag_decorator.py
[2025-11-12T08:24:33.743+0530] {processor.py:840} INFO - DAG(s) 'example_dag_decorator' retrieved from /home/logi/txtai/venv/lib/python3.10/site-packages/airflow/example_dags/example_dag_decorator.py
[2025-11-12T08:24:33.761+0530] {logging_mixin.py:188} INFO - [2025-11-12T08:24:33.761+0530] {dag.py:3089} INFO - Sync 1 DAGs
[2025-11-12T08:24:33.771+0530] {logging_mixin.py:188} INFO - [2025-11-12T08:24:33.771+0530] {dag.py:3947} INFO - Setting next_dagrun for example_dag_decorator to None, run_after=None
[2025-11-12T08:24:33.792+0530] {processor.py:183} INFO - Processing /home/logi/txtai/venv/lib/python3.10/site-packages/airflow/example_dags/example_dag_decorator.py took 0.139 seconds
[2025-11-12T08:25:33.625+0530] {processor.py:161} INFO - Started process (PID=18199) to work on /home/logi/txtai/venv/lib/python3.10/site-packages/airflow/example_dags/example_dag_decorator.py
[2025-11-12T08:25:33.640+0530] {processor.py:830} INFO - Processing file /home/logi/txtai/venv/lib/python3.10/site-packages/airflow/example_dags/example_dag_decorator.py for tasks to queue
[2025-11-12T08:25:33.643+0530] {logging_mixin.py:188} INFO - [2025-11-12T08:25:33.642+0530] {dagbag.py:545} INFO - Filling up the DagBag from /home/logi/txtai/venv/lib/python3.10/site-packages/airflow/example_dags/example_dag_decorator.py
[2025-11-12T08:25:33.728+0530] {processor.py:840} INFO - DAG(s) 'example_dag_decorator' retrieved from /home/logi/txtai/venv/lib/python3.10/site-packages/airflow/example_dags/example_dag_decorator.py
[2025-11-12T08:25:33.800+0530] {logging_mixin.py:188} INFO - [2025-11-12T08:25:33.800+0530] {dag.py:3089} INFO - Sync 1 DAGs
[2025-11-12T08:25:33.809+0530] {logging_mixin.py:188} INFO - [2025-11-12T08:25:33.808+0530] {dag.py:3947} INFO - Setting next_dagrun for example_dag_decorator to None, run_after=None
[2025-11-12T08:25:33.842+0530] {processor.py:183} INFO - Processing /home/logi/txtai/venv/lib/python3.10/site-packages/airflow/example_dags/example_dag_decorator.py took 0.228 seconds
[2025-11-12T08:26:34.431+0530] {processor.py:161} INFO - Started process (PID=18333) to work on /home/logi/txtai/venv/lib/python3.10/site-packages/airflow/example_dags/example_dag_decorator.py
[2025-11-12T08:26:34.445+0530] {processor.py:830} INFO - Processing file /home/logi/txtai/venv/lib/python3.10/site-packages/airflow/example_dags/example_dag_decorator.py for tasks to queue
[2025-11-12T08:26:34.448+0530] {logging_mixin.py:188} INFO - [2025-11-12T08:26:34.447+0530] {dagbag.py:545} INFO - Filling up the DagBag from /home/logi/txtai/venv/lib/python3.10/site-packages/airflow/example_dags/example_dag_decorator.py
[2025-11-12T08:26:34.539+0530] {processor.py:840} INFO - DAG(s) 'example_dag_decorator' retrieved from /home/logi/txtai/venv/lib/python3.10/site-packages/airflow/example_dags/example_dag_decorator.py
[2025-11-12T08:26:34.558+0530] {logging_mixin.py:188} INFO - [2025-11-12T08:26:34.557+0530] {dag.py:3089} INFO - Sync 1 DAGs
[2025-11-12T08:26:34.568+0530] {logging_mixin.py:188} INFO - [2025-11-12T08:26:34.567+0530] {dag.py:3947} INFO - Setting next_dagrun for example_dag_decorator to None, run_after=None
[2025-11-12T08:26:34.599+0530] {processor.py:183} INFO - Processing /home/logi/txtai/venv/lib/python3.10/site-packages/airflow/example_dags/example_dag_decorator.py took 0.179 seconds
[2025-11-12T08:27:39.138+0530] {processor.py:161} INFO - Started process (PID=18521) to work on /home/logi/txtai/venv/lib/python3.10/site-packages/airflow/example_dags/example_dag_decorator.py
[2025-11-12T08:27:39.151+0530] {processor.py:830} INFO - Processing file /home/logi/txtai/venv/lib/python3.10/site-packages/airflow/example_dags/example_dag_decorator.py for tasks to queue
[2025-11-12T08:27:39.154+0530] {logging_mixin.py:188} INFO - [2025-11-12T08:27:39.154+0530] {dagbag.py:545} INFO - Filling up the DagBag from /home/logi/txtai/venv/lib/python3.10/site-packages/airflow/example_dags/example_dag_decorator.py
[2025-11-12T08:27:39.237+0530] {processor.py:840} INFO - DAG(s) 'example_dag_decorator' retrieved from /home/logi/txtai/venv/lib/python3.10/site-packages/airflow/example_dags/example_dag_decorator.py
[2025-11-12T08:27:39.313+0530] {logging_mixin.py:188} INFO - [2025-11-12T08:27:39.313+0530] {dag.py:3089} INFO - Sync 1 DAGs
[2025-11-12T08:27:39.321+0530] {logging_mixin.py:188} INFO - [2025-11-12T08:27:39.321+0530] {dag.py:3947} INFO - Setting next_dagrun for example_dag_decorator to None, run_after=None
[2025-11-12T08:27:39.352+0530] {processor.py:183} INFO - Processing /home/logi/txtai/venv/lib/python3.10/site-packages/airflow/example_dags/example_dag_decorator.py took 0.225 seconds
[2025-11-12T08:28:45.790+0530] {processor.py:161} INFO - Started process (PID=18788) to work on /home/logi/txtai/venv/lib/python3.10/site-packages/airflow/example_dags/example_dag_decorator.py
[2025-11-12T08:28:45.804+0530] {processor.py:830} INFO - Processing file /home/logi/txtai/venv/lib/python3.10/site-packages/airflow/example_dags/example_dag_decorator.py for tasks to queue
[2025-11-12T08:28:45.807+0530] {logging_mixin.py:188} INFO - [2025-11-12T08:28:45.806+0530] {dagbag.py:545} INFO - Filling up the DagBag from /home/logi/txtai/venv/lib/python3.10/site-packages/airflow/example_dags/example_dag_decorator.py
[2025-11-12T08:28:45.898+0530] {processor.py:840} INFO - DAG(s) 'example_dag_decorator' retrieved from /home/logi/txtai/venv/lib/python3.10/site-packages/airflow/example_dags/example_dag_decorator.py
[2025-11-12T08:28:45.984+0530] {logging_mixin.py:188} INFO - [2025-11-12T08:28:45.984+0530] {dag.py:3089} INFO - Sync 1 DAGs
[2025-11-12T08:28:45.993+0530] {logging_mixin.py:188} INFO - [2025-11-12T08:28:45.992+0530] {dag.py:3947} INFO - Setting next_dagrun for example_dag_decorator to None, run_after=None
[2025-11-12T08:28:46.026+0530] {processor.py:183} INFO - Processing /home/logi/txtai/venv/lib/python3.10/site-packages/airflow/example_dags/example_dag_decorator.py took 0.247 seconds
[2025-11-12T08:29:51.539+0530] {processor.py:161} INFO - Started process (PID=18942) to work on /home/logi/txtai/venv/lib/python3.10/site-packages/airflow/example_dags/example_dag_decorator.py
[2025-11-12T08:29:51.552+0530] {processor.py:830} INFO - Processing file /home/logi/txtai/venv/lib/python3.10/site-packages/airflow/example_dags/example_dag_decorator.py for tasks to queue
[2025-11-12T08:29:51.557+0530] {logging_mixin.py:188} INFO - [2025-11-12T08:29:51.556+0530] {dagbag.py:545} INFO - Filling up the DagBag from /home/logi/txtai/venv/lib/python3.10/site-packages/airflow/example_dags/example_dag_decorator.py
[2025-11-12T08:29:51.626+0530] {processor.py:840} INFO - DAG(s) 'example_dag_decorator' retrieved from /home/logi/txtai/venv/lib/python3.10/site-packages/airflow/example_dags/example_dag_decorator.py
[2025-11-12T08:29:51.699+0530] {logging_mixin.py:188} INFO - [2025-11-12T08:29:51.699+0530] {dag.py:3089} INFO - Sync 1 DAGs
[2025-11-12T08:29:51.707+0530] {logging_mixin.py:188} INFO - [2025-11-12T08:29:51.707+0530] {dag.py:3947} INFO - Setting next_dagrun for example_dag_decorator to None, run_after=None
[2025-11-12T08:29:51.742+0530] {processor.py:183} INFO - Processing /home/logi/txtai/venv/lib/python3.10/site-packages/airflow/example_dags/example_dag_decorator.py took 0.209 seconds
[2025-11-12T08:30:50.056+0530] {processor.py:161} INFO - Started process (PID=19324) to work on /home/logi/txtai/venv/lib/python3.10/site-packages/airflow/example_dags/example_dag_decorator.py
[2025-11-12T08:30:50.071+0530] {processor.py:830} INFO - Processing file /home/logi/txtai/venv/lib/python3.10/site-packages/airflow/example_dags/example_dag_decorator.py for tasks to queue
[2025-11-12T08:30:50.077+0530] {logging_mixin.py:188} INFO - [2025-11-12T08:30:50.076+0530] {dagbag.py:545} INFO - Filling up the DagBag from /home/logi/txtai/venv/lib/python3.10/site-packages/airflow/example_dags/example_dag_decorator.py
[2025-11-12T08:30:50.204+0530] {processor.py:840} INFO - DAG(s) 'example_dag_decorator' retrieved from /home/logi/txtai/venv/lib/python3.10/site-packages/airflow/example_dags/example_dag_decorator.py
[2025-11-12T08:30:50.293+0530] {logging_mixin.py:188} INFO - [2025-11-12T08:30:50.292+0530] {dag.py:3089} INFO - Sync 1 DAGs
[2025-11-12T08:30:50.304+0530] {logging_mixin.py:188} INFO - [2025-11-12T08:30:50.303+0530] {dag.py:3947} INFO - Setting next_dagrun for example_dag_decorator to None, run_after=None
[2025-11-12T08:30:50.340+0530] {processor.py:183} INFO - Processing /home/logi/txtai/venv/lib/python3.10/site-packages/airflow/example_dags/example_dag_decorator.py took 0.296 seconds
[2025-11-12T08:31:47.815+0530] {processor.py:161} INFO - Started process (PID=19441) to work on /home/logi/txtai/venv/lib/python3.10/site-packages/airflow/example_dags/example_dag_decorator.py
[2025-11-12T08:31:47.829+0530] {processor.py:830} INFO - Processing file /home/logi/txtai/venv/lib/python3.10/site-packages/airflow/example_dags/example_dag_decorator.py for tasks to queue
[2025-11-12T08:31:47.832+0530] {logging_mixin.py:188} INFO - [2025-11-12T08:31:47.831+0530] {dagbag.py:545} INFO - Filling up the DagBag from /home/logi/txtai/venv/lib/python3.10/site-packages/airflow/example_dags/example_dag_decorator.py
[2025-11-12T08:31:47.919+0530] {processor.py:840} INFO - DAG(s) 'example_dag_decorator' retrieved from /home/logi/txtai/venv/lib/python3.10/site-packages/airflow/example_dags/example_dag_decorator.py
[2025-11-12T08:31:47.994+0530] {logging_mixin.py:188} INFO - [2025-11-12T08:31:47.994+0530] {dag.py:3089} INFO - Sync 1 DAGs
[2025-11-12T08:31:48.002+0530] {logging_mixin.py:188} INFO - [2025-11-12T08:31:48.002+0530] {dag.py:3947} INFO - Setting next_dagrun for example_dag_decorator to None, run_after=None
[2025-11-12T08:31:48.033+0530] {processor.py:183} INFO - Processing /home/logi/txtai/venv/lib/python3.10/site-packages/airflow/example_dags/example_dag_decorator.py took 0.229 seconds
[2025-11-12T08:32:52.768+0530] {processor.py:161} INFO - Started process (PID=19592) to work on /home/logi/txtai/venv/lib/python3.10/site-packages/airflow/example_dags/example_dag_decorator.py
[2025-11-12T08:32:52.786+0530] {processor.py:830} INFO - Processing file /home/logi/txtai/venv/lib/python3.10/site-packages/airflow/example_dags/example_dag_decorator.py for tasks to queue
[2025-11-12T08:32:52.793+0530] {logging_mixin.py:188} INFO - [2025-11-12T08:32:52.791+0530] {dagbag.py:545} INFO - Filling up the DagBag from /home/logi/txtai/venv/lib/python3.10/site-packages/airflow/example_dags/example_dag_decorator.py
[2025-11-12T08:32:52.970+0530] {processor.py:840} INFO - DAG(s) 'example_dag_decorator' retrieved from /home/logi/txtai/venv/lib/python3.10/site-packages/airflow/example_dags/example_dag_decorator.py
[2025-11-12T08:32:53.058+0530] {logging_mixin.py:188} INFO - [2025-11-12T08:32:53.058+0530] {dag.py:3089} INFO - Sync 1 DAGs
[2025-11-12T08:32:53.068+0530] {logging_mixin.py:188} INFO - [2025-11-12T08:32:53.068+0530] {dag.py:3947} INFO - Setting next_dagrun for example_dag_decorator to None, run_after=None
[2025-11-12T08:32:53.102+0530] {processor.py:183} INFO - Processing /home/logi/txtai/venv/lib/python3.10/site-packages/airflow/example_dags/example_dag_decorator.py took 0.381 seconds
[2025-11-12T08:34:19.524+0530] {processor.py:161} INFO - Started process (PID=20015) to work on /home/logi/txtai/venv/lib/python3.10/site-packages/airflow/example_dags/example_dag_decorator.py
[2025-11-12T08:34:19.537+0530] {processor.py:830} INFO - Processing file /home/logi/txtai/venv/lib/python3.10/site-packages/airflow/example_dags/example_dag_decorator.py for tasks to queue
[2025-11-12T08:34:19.540+0530] {logging_mixin.py:188} INFO - [2025-11-12T08:34:19.539+0530] {dagbag.py:545} INFO - Filling up the DagBag from /home/logi/txtai/venv/lib/python3.10/site-packages/airflow/example_dags/example_dag_decorator.py
[2025-11-12T08:34:19.620+0530] {processor.py:840} INFO - DAG(s) 'example_dag_decorator' retrieved from /home/logi/txtai/venv/lib/python3.10/site-packages/airflow/example_dags/example_dag_decorator.py
[2025-11-12T08:34:19.692+0530] {logging_mixin.py:188} INFO - [2025-11-12T08:34:19.692+0530] {dag.py:3089} INFO - Sync 1 DAGs
[2025-11-12T08:34:19.701+0530] {logging_mixin.py:188} INFO - [2025-11-12T08:34:19.701+0530] {dag.py:3947} INFO - Setting next_dagrun for example_dag_decorator to None, run_after=None
[2025-11-12T08:34:19.734+0530] {processor.py:183} INFO - Processing /home/logi/txtai/venv/lib/python3.10/site-packages/airflow/example_dags/example_dag_decorator.py took 0.221 seconds
[2025-11-12T08:35:19.852+0530] {processor.py:161} INFO - Started process (PID=20100) to work on /home/logi/txtai/venv/lib/python3.10/site-packages/airflow/example_dags/example_dag_decorator.py
[2025-11-12T08:35:19.866+0530] {processor.py:830} INFO - Processing file /home/logi/txtai/venv/lib/python3.10/site-packages/airflow/example_dags/example_dag_decorator.py for tasks to queue
[2025-11-12T08:35:19.870+0530] {logging_mixin.py:188} INFO - [2025-11-12T08:35:19.869+0530] {dagbag.py:545} INFO - Filling up the DagBag from /home/logi/txtai/venv/lib/python3.10/site-packages/airflow/example_dags/example_dag_decorator.py
[2025-11-12T08:35:19.955+0530] {processor.py:840} INFO - DAG(s) 'example_dag_decorator' retrieved from /home/logi/txtai/venv/lib/python3.10/site-packages/airflow/example_dags/example_dag_decorator.py
[2025-11-12T08:35:20.027+0530] {logging_mixin.py:188} INFO - [2025-11-12T08:35:20.026+0530] {dag.py:3089} INFO - Sync 1 DAGs
[2025-11-12T08:35:20.035+0530] {logging_mixin.py:188} INFO - [2025-11-12T08:35:20.035+0530] {dag.py:3947} INFO - Setting next_dagrun for example_dag_decorator to None, run_after=None
[2025-11-12T08:35:20.068+0530] {processor.py:183} INFO - Processing /home/logi/txtai/venv/lib/python3.10/site-packages/airflow/example_dags/example_dag_decorator.py took 0.229 seconds
[2025-11-12T08:36:17.487+0530] {processor.py:161} INFO - Started process (PID=20180) to work on /home/logi/txtai/venv/lib/python3.10/site-packages/airflow/example_dags/example_dag_decorator.py
[2025-11-12T08:36:17.501+0530] {processor.py:830} INFO - Processing file /home/logi/txtai/venv/lib/python3.10/site-packages/airflow/example_dags/example_dag_decorator.py for tasks to queue
[2025-11-12T08:36:17.504+0530] {logging_mixin.py:188} INFO - [2025-11-12T08:36:17.504+0530] {dagbag.py:545} INFO - Filling up the DagBag from /home/logi/txtai/venv/lib/python3.10/site-packages/airflow/example_dags/example_dag_decorator.py
[2025-11-12T08:36:17.591+0530] {processor.py:840} INFO - DAG(s) 'example_dag_decorator' retrieved from /home/logi/txtai/venv/lib/python3.10/site-packages/airflow/example_dags/example_dag_decorator.py
[2025-11-12T08:36:17.662+0530] {logging_mixin.py:188} INFO - [2025-11-12T08:36:17.661+0530] {dag.py:3089} INFO - Sync 1 DAGs
[2025-11-12T08:36:17.670+0530] {logging_mixin.py:188} INFO - [2025-11-12T08:36:17.670+0530] {dag.py:3947} INFO - Setting next_dagrun for example_dag_decorator to None, run_after=None
[2025-11-12T08:36:17.701+0530] {processor.py:183} INFO - Processing /home/logi/txtai/venv/lib/python3.10/site-packages/airflow/example_dags/example_dag_decorator.py took 0.226 seconds
[2025-11-12T08:37:16.740+0530] {processor.py:161} INFO - Started process (PID=20272) to work on /home/logi/txtai/venv/lib/python3.10/site-packages/airflow/example_dags/example_dag_decorator.py
[2025-11-12T08:37:16.758+0530] {processor.py:830} INFO - Processing file /home/logi/txtai/venv/lib/python3.10/site-packages/airflow/example_dags/example_dag_decorator.py for tasks to queue
[2025-11-12T08:37:16.762+0530] {logging_mixin.py:188} INFO - [2025-11-12T08:37:16.761+0530] {dagbag.py:545} INFO - Filling up the DagBag from /home/logi/txtai/venv/lib/python3.10/site-packages/airflow/example_dags/example_dag_decorator.py
[2025-11-12T08:37:16.853+0530] {processor.py:840} INFO - DAG(s) 'example_dag_decorator' retrieved from /home/logi/txtai/venv/lib/python3.10/site-packages/airflow/example_dags/example_dag_decorator.py
[2025-11-12T08:37:16.930+0530] {logging_mixin.py:188} INFO - [2025-11-12T08:37:16.929+0530] {dag.py:3089} INFO - Sync 1 DAGs
[2025-11-12T08:37:16.939+0530] {logging_mixin.py:188} INFO - [2025-11-12T08:37:16.938+0530] {dag.py:3947} INFO - Setting next_dagrun for example_dag_decorator to None, run_after=None
[2025-11-12T08:37:16.971+0530] {processor.py:183} INFO - Processing /home/logi/txtai/venv/lib/python3.10/site-packages/airflow/example_dags/example_dag_decorator.py took 0.246 seconds
[2025-11-12T08:38:20.245+0530] {processor.py:161} INFO - Started process (PID=20475) to work on /home/logi/txtai/venv/lib/python3.10/site-packages/airflow/example_dags/example_dag_decorator.py
[2025-11-12T08:38:20.261+0530] {processor.py:830} INFO - Processing file /home/logi/txtai/venv/lib/python3.10/site-packages/airflow/example_dags/example_dag_decorator.py for tasks to queue
[2025-11-12T08:38:20.266+0530] {logging_mixin.py:188} INFO - [2025-11-12T08:38:20.265+0530] {dagbag.py:545} INFO - Filling up the DagBag from /home/logi/txtai/venv/lib/python3.10/site-packages/airflow/example_dags/example_dag_decorator.py
[2025-11-12T08:38:20.334+0530] {processor.py:840} INFO - DAG(s) 'example_dag_decorator' retrieved from /home/logi/txtai/venv/lib/python3.10/site-packages/airflow/example_dags/example_dag_decorator.py
[2025-11-12T08:38:20.435+0530] {logging_mixin.py:188} INFO - [2025-11-12T08:38:20.435+0530] {dag.py:3089} INFO - Sync 1 DAGs
[2025-11-12T08:38:20.443+0530] {logging_mixin.py:188} INFO - [2025-11-12T08:38:20.443+0530] {dag.py:3947} INFO - Setting next_dagrun for example_dag_decorator to None, run_after=None
[2025-11-12T08:38:20.475+0530] {processor.py:183} INFO - Processing /home/logi/txtai/venv/lib/python3.10/site-packages/airflow/example_dags/example_dag_decorator.py took 0.255 seconds
[2025-11-12T08:39:33.951+0530] {processor.py:161} INFO - Started process (PID=20698) to work on /home/logi/txtai/venv/lib/python3.10/site-packages/airflow/example_dags/example_dag_decorator.py
[2025-11-12T08:39:33.964+0530] {processor.py:830} INFO - Processing file /home/logi/txtai/venv/lib/python3.10/site-packages/airflow/example_dags/example_dag_decorator.py for tasks to queue
[2025-11-12T08:39:33.967+0530] {logging_mixin.py:188} INFO - [2025-11-12T08:39:33.966+0530] {dagbag.py:545} INFO - Filling up the DagBag from /home/logi/txtai/venv/lib/python3.10/site-packages/airflow/example_dags/example_dag_decorator.py
[2025-11-12T08:39:34.041+0530] {processor.py:840} INFO - DAG(s) 'example_dag_decorator' retrieved from /home/logi/txtai/venv/lib/python3.10/site-packages/airflow/example_dags/example_dag_decorator.py
[2025-11-12T08:39:34.126+0530] {logging_mixin.py:188} INFO - [2025-11-12T08:39:34.126+0530] {dag.py:3089} INFO - Sync 1 DAGs
[2025-11-12T08:39:34.138+0530] {logging_mixin.py:188} INFO - [2025-11-12T08:39:34.138+0530] {dag.py:3947} INFO - Setting next_dagrun for example_dag_decorator to None, run_after=None
[2025-11-12T08:39:34.162+0530] {processor.py:183} INFO - Processing /home/logi/txtai/venv/lib/python3.10/site-packages/airflow/example_dags/example_dag_decorator.py took 0.221 seconds
[2025-11-12T08:40:38.148+0530] {processor.py:161} INFO - Started process (PID=20781) to work on /home/logi/txtai/venv/lib/python3.10/site-packages/airflow/example_dags/example_dag_decorator.py
[2025-11-12T08:40:38.161+0530] {processor.py:830} INFO - Processing file /home/logi/txtai/venv/lib/python3.10/site-packages/airflow/example_dags/example_dag_decorator.py for tasks to queue
[2025-11-12T08:40:38.165+0530] {logging_mixin.py:188} INFO - [2025-11-12T08:40:38.164+0530] {dagbag.py:545} INFO - Filling up the DagBag from /home/logi/txtai/venv/lib/python3.10/site-packages/airflow/example_dags/example_dag_decorator.py
[2025-11-12T08:40:38.250+0530] {processor.py:840} INFO - DAG(s) 'example_dag_decorator' retrieved from /home/logi/txtai/venv/lib/python3.10/site-packages/airflow/example_dags/example_dag_decorator.py
[2025-11-12T08:40:38.321+0530] {logging_mixin.py:188} INFO - [2025-11-12T08:40:38.321+0530] {dag.py:3089} INFO - Sync 1 DAGs
[2025-11-12T08:40:38.329+0530] {logging_mixin.py:188} INFO - [2025-11-12T08:40:38.329+0530] {dag.py:3947} INFO - Setting next_dagrun for example_dag_decorator to None, run_after=None
[2025-11-12T08:40:38.360+0530] {processor.py:183} INFO - Processing /home/logi/txtai/venv/lib/python3.10/site-packages/airflow/example_dags/example_dag_decorator.py took 0.224 seconds
[2025-11-12T08:41:43.049+0530] {processor.py:161} INFO - Started process (PID=20912) to work on /home/logi/txtai/venv/lib/python3.10/site-packages/airflow/example_dags/example_dag_decorator.py
[2025-11-12T08:41:43.063+0530] {processor.py:830} INFO - Processing file /home/logi/txtai/venv/lib/python3.10/site-packages/airflow/example_dags/example_dag_decorator.py for tasks to queue
[2025-11-12T08:41:43.066+0530] {logging_mixin.py:188} INFO - [2025-11-12T08:41:43.066+0530] {dagbag.py:545} INFO - Filling up the DagBag from /home/logi/txtai/venv/lib/python3.10/site-packages/airflow/example_dags/example_dag_decorator.py
[2025-11-12T08:41:43.154+0530] {processor.py:840} INFO - DAG(s) 'example_dag_decorator' retrieved from /home/logi/txtai/venv/lib/python3.10/site-packages/airflow/example_dags/example_dag_decorator.py
[2025-11-12T08:41:43.233+0530] {logging_mixin.py:188} INFO - [2025-11-12T08:41:43.232+0530] {dag.py:3089} INFO - Sync 1 DAGs
[2025-11-12T08:41:43.241+0530] {logging_mixin.py:188} INFO - [2025-11-12T08:41:43.241+0530] {dag.py:3947} INFO - Setting next_dagrun for example_dag_decorator to None, run_after=None
[2025-11-12T08:41:43.273+0530] {processor.py:183} INFO - Processing /home/logi/txtai/venv/lib/python3.10/site-packages/airflow/example_dags/example_dag_decorator.py took 0.235 seconds
[2025-11-12T08:42:45.025+0530] {processor.py:161} INFO - Started process (PID=21038) to work on /home/logi/txtai/venv/lib/python3.10/site-packages/airflow/example_dags/example_dag_decorator.py
[2025-11-12T08:42:45.039+0530] {processor.py:830} INFO - Processing file /home/logi/txtai/venv/lib/python3.10/site-packages/airflow/example_dags/example_dag_decorator.py for tasks to queue
[2025-11-12T08:42:45.042+0530] {logging_mixin.py:188} INFO - [2025-11-12T08:42:45.042+0530] {dagbag.py:545} INFO - Filling up the DagBag from /home/logi/txtai/venv/lib/python3.10/site-packages/airflow/example_dags/example_dag_decorator.py
[2025-11-12T08:42:45.139+0530] {processor.py:840} INFO - DAG(s) 'example_dag_decorator' retrieved from /home/logi/txtai/venv/lib/python3.10/site-packages/airflow/example_dags/example_dag_decorator.py
[2025-11-12T08:42:45.226+0530] {logging_mixin.py:188} INFO - [2025-11-12T08:42:45.225+0530] {dag.py:3089} INFO - Sync 1 DAGs
[2025-11-12T08:42:45.235+0530] {logging_mixin.py:188} INFO - [2025-11-12T08:42:45.234+0530] {dag.py:3947} INFO - Setting next_dagrun for example_dag_decorator to None, run_after=None
[2025-11-12T08:42:45.270+0530] {processor.py:183} INFO - Processing /home/logi/txtai/venv/lib/python3.10/site-packages/airflow/example_dags/example_dag_decorator.py took 0.256 seconds
[2025-11-12T08:43:58.702+0530] {processor.py:161} INFO - Started process (PID=21195) to work on /home/logi/txtai/venv/lib/python3.10/site-packages/airflow/example_dags/example_dag_decorator.py
[2025-11-12T08:43:58.715+0530] {processor.py:830} INFO - Processing file /home/logi/txtai/venv/lib/python3.10/site-packages/airflow/example_dags/example_dag_decorator.py for tasks to queue
[2025-11-12T08:43:58.718+0530] {logging_mixin.py:188} INFO - [2025-11-12T08:43:58.717+0530] {dagbag.py:545} INFO - Filling up the DagBag from /home/logi/txtai/venv/lib/python3.10/site-packages/airflow/example_dags/example_dag_decorator.py
[2025-11-12T08:43:58.804+0530] {processor.py:840} INFO - DAG(s) 'example_dag_decorator' retrieved from /home/logi/txtai/venv/lib/python3.10/site-packages/airflow/example_dags/example_dag_decorator.py
[2025-11-12T08:43:58.880+0530] {logging_mixin.py:188} INFO - [2025-11-12T08:43:58.880+0530] {dag.py:3089} INFO - Sync 1 DAGs
[2025-11-12T08:43:58.889+0530] {logging_mixin.py:188} INFO - [2025-11-12T08:43:58.889+0530] {dag.py:3947} INFO - Setting next_dagrun for example_dag_decorator to None, run_after=None
[2025-11-12T08:43:58.910+0530] {processor.py:183} INFO - Processing /home/logi/txtai/venv/lib/python3.10/site-packages/airflow/example_dags/example_dag_decorator.py took 0.221 seconds
[2025-11-12T08:45:14.000+0530] {processor.py:161} INFO - Started process (PID=21623) to work on /home/logi/txtai/venv/lib/python3.10/site-packages/airflow/example_dags/example_dag_decorator.py
[2025-11-12T08:45:14.013+0530] {processor.py:830} INFO - Processing file /home/logi/txtai/venv/lib/python3.10/site-packages/airflow/example_dags/example_dag_decorator.py for tasks to queue
[2025-11-12T08:45:14.015+0530] {logging_mixin.py:188} INFO - [2025-11-12T08:45:14.015+0530] {dagbag.py:545} INFO - Filling up the DagBag from /home/logi/txtai/venv/lib/python3.10/site-packages/airflow/example_dags/example_dag_decorator.py
[2025-11-12T08:45:14.075+0530] {processor.py:840} INFO - DAG(s) 'example_dag_decorator' retrieved from /home/logi/txtai/venv/lib/python3.10/site-packages/airflow/example_dags/example_dag_decorator.py
[2025-11-12T08:45:14.148+0530] {logging_mixin.py:188} INFO - [2025-11-12T08:45:14.147+0530] {dag.py:3089} INFO - Sync 1 DAGs
[2025-11-12T08:45:14.157+0530] {logging_mixin.py:188} INFO - [2025-11-12T08:45:14.157+0530] {dag.py:3947} INFO - Setting next_dagrun for example_dag_decorator to None, run_after=None
[2025-11-12T08:45:14.328+0530] {processor.py:183} INFO - Processing /home/logi/txtai/venv/lib/python3.10/site-packages/airflow/example_dags/example_dag_decorator.py took 0.337 seconds
[2025-11-12T08:46:17.265+0530] {processor.py:161} INFO - Started process (PID=21702) to work on /home/logi/txtai/venv/lib/python3.10/site-packages/airflow/example_dags/example_dag_decorator.py
[2025-11-12T08:46:17.279+0530] {processor.py:830} INFO - Processing file /home/logi/txtai/venv/lib/python3.10/site-packages/airflow/example_dags/example_dag_decorator.py for tasks to queue
[2025-11-12T08:46:17.285+0530] {logging_mixin.py:188} INFO - [2025-11-12T08:46:17.284+0530] {dagbag.py:545} INFO - Filling up the DagBag from /home/logi/txtai/venv/lib/python3.10/site-packages/airflow/example_dags/example_dag_decorator.py
[2025-11-12T08:46:17.376+0530] {processor.py:840} INFO - DAG(s) 'example_dag_decorator' retrieved from /home/logi/txtai/venv/lib/python3.10/site-packages/airflow/example_dags/example_dag_decorator.py
[2025-11-12T08:46:17.399+0530] {logging_mixin.py:188} INFO - [2025-11-12T08:46:17.399+0530] {dag.py:3089} INFO - Sync 1 DAGs
[2025-11-12T08:46:17.410+0530] {logging_mixin.py:188} INFO - [2025-11-12T08:46:17.409+0530] {dag.py:3947} INFO - Setting next_dagrun for example_dag_decorator to None, run_after=None
[2025-11-12T08:46:17.442+0530] {processor.py:183} INFO - Processing /home/logi/txtai/venv/lib/python3.10/site-packages/airflow/example_dags/example_dag_decorator.py took 0.190 seconds
[2025-11-12T08:47:18.377+0530] {processor.py:161} INFO - Started process (PID=21794) to work on /home/logi/txtai/venv/lib/python3.10/site-packages/airflow/example_dags/example_dag_decorator.py
[2025-11-12T08:47:18.390+0530] {processor.py:830} INFO - Processing file /home/logi/txtai/venv/lib/python3.10/site-packages/airflow/example_dags/example_dag_decorator.py for tasks to queue
[2025-11-12T08:47:18.394+0530] {logging_mixin.py:188} INFO - [2025-11-12T08:47:18.393+0530] {dagbag.py:545} INFO - Filling up the DagBag from /home/logi/txtai/venv/lib/python3.10/site-packages/airflow/example_dags/example_dag_decorator.py
[2025-11-12T08:47:18.468+0530] {processor.py:840} INFO - DAG(s) 'example_dag_decorator' retrieved from /home/logi/txtai/venv/lib/python3.10/site-packages/airflow/example_dags/example_dag_decorator.py
[2025-11-12T08:47:18.489+0530] {logging_mixin.py:188} INFO - [2025-11-12T08:47:18.489+0530] {dag.py:3089} INFO - Sync 1 DAGs
[2025-11-12T08:47:18.501+0530] {logging_mixin.py:188} INFO - [2025-11-12T08:47:18.501+0530] {dag.py:3947} INFO - Setting next_dagrun for example_dag_decorator to None, run_after=None
[2025-11-12T08:47:18.523+0530] {processor.py:183} INFO - Processing /home/logi/txtai/venv/lib/python3.10/site-packages/airflow/example_dags/example_dag_decorator.py took 0.153 seconds
[2025-11-12T08:48:17.859+0530] {processor.py:161} INFO - Started process (PID=21902) to work on /home/logi/txtai/venv/lib/python3.10/site-packages/airflow/example_dags/example_dag_decorator.py
[2025-11-12T08:48:17.872+0530] {processor.py:830} INFO - Processing file /home/logi/txtai/venv/lib/python3.10/site-packages/airflow/example_dags/example_dag_decorator.py for tasks to queue
[2025-11-12T08:48:17.876+0530] {logging_mixin.py:188} INFO - [2025-11-12T08:48:17.875+0530] {dagbag.py:545} INFO - Filling up the DagBag from /home/logi/txtai/venv/lib/python3.10/site-packages/airflow/example_dags/example_dag_decorator.py
[2025-11-12T08:48:17.945+0530] {processor.py:840} INFO - DAG(s) 'example_dag_decorator' retrieved from /home/logi/txtai/venv/lib/python3.10/site-packages/airflow/example_dags/example_dag_decorator.py
[2025-11-12T08:48:18.019+0530] {logging_mixin.py:188} INFO - [2025-11-12T08:48:18.019+0530] {dag.py:3089} INFO - Sync 1 DAGs
[2025-11-12T08:48:18.027+0530] {logging_mixin.py:188} INFO - [2025-11-12T08:48:18.026+0530] {dag.py:3947} INFO - Setting next_dagrun for example_dag_decorator to None, run_after=None
[2025-11-12T08:48:18.058+0530] {processor.py:183} INFO - Processing /home/logi/txtai/venv/lib/python3.10/site-packages/airflow/example_dags/example_dag_decorator.py took 0.210 seconds
[2025-11-12T08:49:20.841+0530] {processor.py:161} INFO - Started process (PID=21988) to work on /home/logi/txtai/venv/lib/python3.10/site-packages/airflow/example_dags/example_dag_decorator.py
[2025-11-12T08:49:20.855+0530] {processor.py:830} INFO - Processing file /home/logi/txtai/venv/lib/python3.10/site-packages/airflow/example_dags/example_dag_decorator.py for tasks to queue
[2025-11-12T08:49:20.859+0530] {logging_mixin.py:188} INFO - [2025-11-12T08:49:20.858+0530] {dagbag.py:545} INFO - Filling up the DagBag from /home/logi/txtai/venv/lib/python3.10/site-packages/airflow/example_dags/example_dag_decorator.py
[2025-11-12T08:49:20.932+0530] {processor.py:840} INFO - DAG(s) 'example_dag_decorator' retrieved from /home/logi/txtai/venv/lib/python3.10/site-packages/airflow/example_dags/example_dag_decorator.py
[2025-11-12T08:49:20.951+0530] {logging_mixin.py:188} INFO - [2025-11-12T08:49:20.951+0530] {dag.py:3089} INFO - Sync 1 DAGs
[2025-11-12T08:49:20.963+0530] {logging_mixin.py:188} INFO - [2025-11-12T08:49:20.963+0530] {dag.py:3947} INFO - Setting next_dagrun for example_dag_decorator to None, run_after=None
[2025-11-12T08:49:20.990+0530] {processor.py:183} INFO - Processing /home/logi/txtai/venv/lib/python3.10/site-packages/airflow/example_dags/example_dag_decorator.py took 0.161 seconds
[2025-11-12T08:50:29.943+0530] {processor.py:161} INFO - Started process (PID=22285) to work on /home/logi/txtai/venv/lib/python3.10/site-packages/airflow/example_dags/example_dag_decorator.py
[2025-11-12T08:50:29.956+0530] {processor.py:830} INFO - Processing file /home/logi/txtai/venv/lib/python3.10/site-packages/airflow/example_dags/example_dag_decorator.py for tasks to queue
[2025-11-12T08:50:29.959+0530] {logging_mixin.py:188} INFO - [2025-11-12T08:50:29.959+0530] {dagbag.py:545} INFO - Filling up the DagBag from /home/logi/txtai/venv/lib/python3.10/site-packages/airflow/example_dags/example_dag_decorator.py
[2025-11-12T08:50:30.046+0530] {processor.py:840} INFO - DAG(s) 'example_dag_decorator' retrieved from /home/logi/txtai/venv/lib/python3.10/site-packages/airflow/example_dags/example_dag_decorator.py
[2025-11-12T08:50:30.063+0530] {logging_mixin.py:188} INFO - [2025-11-12T08:50:30.063+0530] {dag.py:3089} INFO - Sync 1 DAGs
[2025-11-12T08:50:30.073+0530] {logging_mixin.py:188} INFO - [2025-11-12T08:50:30.072+0530] {dag.py:3947} INFO - Setting next_dagrun for example_dag_decorator to None, run_after=None
[2025-11-12T08:50:30.094+0530] {processor.py:183} INFO - Processing /home/logi/txtai/venv/lib/python3.10/site-packages/airflow/example_dags/example_dag_decorator.py took 0.163 seconds
[2025-11-12T08:51:29.522+0530] {processor.py:161} INFO - Started process (PID=22420) to work on /home/logi/txtai/venv/lib/python3.10/site-packages/airflow/example_dags/example_dag_decorator.py
[2025-11-12T08:51:29.536+0530] {processor.py:830} INFO - Processing file /home/logi/txtai/venv/lib/python3.10/site-packages/airflow/example_dags/example_dag_decorator.py for tasks to queue
[2025-11-12T08:51:29.539+0530] {logging_mixin.py:188} INFO - [2025-11-12T08:51:29.538+0530] {dagbag.py:545} INFO - Filling up the DagBag from /home/logi/txtai/venv/lib/python3.10/site-packages/airflow/example_dags/example_dag_decorator.py
[2025-11-12T08:51:29.666+0530] {processor.py:840} INFO - DAG(s) 'example_dag_decorator' retrieved from /home/logi/txtai/venv/lib/python3.10/site-packages/airflow/example_dags/example_dag_decorator.py
[2025-11-12T08:51:29.685+0530] {logging_mixin.py:188} INFO - [2025-11-12T08:51:29.685+0530] {dag.py:3089} INFO - Sync 1 DAGs
[2025-11-12T08:51:29.695+0530] {logging_mixin.py:188} INFO - [2025-11-12T08:51:29.695+0530] {dag.py:3947} INFO - Setting next_dagrun for example_dag_decorator to None, run_after=None
[2025-11-12T08:51:29.727+0530] {processor.py:183} INFO - Processing /home/logi/txtai/venv/lib/python3.10/site-packages/airflow/example_dags/example_dag_decorator.py took 0.216 seconds
[2025-11-12T08:52:29.022+0530] {processor.py:161} INFO - Started process (PID=22547) to work on /home/logi/txtai/venv/lib/python3.10/site-packages/airflow/example_dags/example_dag_decorator.py
[2025-11-12T08:52:29.036+0530] {processor.py:830} INFO - Processing file /home/logi/txtai/venv/lib/python3.10/site-packages/airflow/example_dags/example_dag_decorator.py for tasks to queue
[2025-11-12T08:52:29.039+0530] {logging_mixin.py:188} INFO - [2025-11-12T08:52:29.038+0530] {dagbag.py:545} INFO - Filling up the DagBag from /home/logi/txtai/venv/lib/python3.10/site-packages/airflow/example_dags/example_dag_decorator.py
[2025-11-12T08:52:29.123+0530] {processor.py:840} INFO - DAG(s) 'example_dag_decorator' retrieved from /home/logi/txtai/venv/lib/python3.10/site-packages/airflow/example_dags/example_dag_decorator.py
[2025-11-12T08:52:29.143+0530] {logging_mixin.py:188} INFO - [2025-11-12T08:52:29.143+0530] {dag.py:3089} INFO - Sync 1 DAGs
[2025-11-12T08:52:29.154+0530] {logging_mixin.py:188} INFO - [2025-11-12T08:52:29.153+0530] {dag.py:3947} INFO - Setting next_dagrun for example_dag_decorator to None, run_after=None
[2025-11-12T08:52:29.185+0530] {processor.py:183} INFO - Processing /home/logi/txtai/venv/lib/python3.10/site-packages/airflow/example_dags/example_dag_decorator.py took 0.174 seconds
[2025-11-12T08:53:28.987+0530] {processor.py:161} INFO - Started process (PID=22704) to work on /home/logi/txtai/venv/lib/python3.10/site-packages/airflow/example_dags/example_dag_decorator.py
[2025-11-12T08:53:29.000+0530] {processor.py:830} INFO - Processing file /home/logi/txtai/venv/lib/python3.10/site-packages/airflow/example_dags/example_dag_decorator.py for tasks to queue
[2025-11-12T08:53:29.004+0530] {logging_mixin.py:188} INFO - [2025-11-12T08:53:29.003+0530] {dagbag.py:545} INFO - Filling up the DagBag from /home/logi/txtai/venv/lib/python3.10/site-packages/airflow/example_dags/example_dag_decorator.py
[2025-11-12T08:53:29.092+0530] {processor.py:840} INFO - DAG(s) 'example_dag_decorator' retrieved from /home/logi/txtai/venv/lib/python3.10/site-packages/airflow/example_dags/example_dag_decorator.py
[2025-11-12T08:53:29.110+0530] {logging_mixin.py:188} INFO - [2025-11-12T08:53:29.110+0530] {dag.py:3089} INFO - Sync 1 DAGs
[2025-11-12T08:53:29.124+0530] {logging_mixin.py:188} INFO - [2025-11-12T08:53:29.123+0530] {dag.py:3947} INFO - Setting next_dagrun for example_dag_decorator to None, run_after=None
[2025-11-12T08:53:29.159+0530] {processor.py:183} INFO - Processing /home/logi/txtai/venv/lib/python3.10/site-packages/airflow/example_dags/example_dag_decorator.py took 0.185 seconds
[2025-11-12T08:54:41.137+0530] {processor.py:161} INFO - Started process (PID=22949) to work on /home/logi/txtai/venv/lib/python3.10/site-packages/airflow/example_dags/example_dag_decorator.py
[2025-11-12T08:54:41.150+0530] {processor.py:830} INFO - Processing file /home/logi/txtai/venv/lib/python3.10/site-packages/airflow/example_dags/example_dag_decorator.py for tasks to queue
[2025-11-12T08:54:41.154+0530] {logging_mixin.py:188} INFO - [2025-11-12T08:54:41.153+0530] {dagbag.py:545} INFO - Filling up the DagBag from /home/logi/txtai/venv/lib/python3.10/site-packages/airflow/example_dags/example_dag_decorator.py
[2025-11-12T08:54:41.234+0530] {processor.py:840} INFO - DAG(s) 'example_dag_decorator' retrieved from /home/logi/txtai/venv/lib/python3.10/site-packages/airflow/example_dags/example_dag_decorator.py
[2025-11-12T08:54:41.252+0530] {logging_mixin.py:188} INFO - [2025-11-12T08:54:41.252+0530] {dag.py:3089} INFO - Sync 1 DAGs
[2025-11-12T08:54:41.262+0530] {logging_mixin.py:188} INFO - [2025-11-12T08:54:41.262+0530] {dag.py:3947} INFO - Setting next_dagrun for example_dag_decorator to None, run_after=None
[2025-11-12T08:54:41.288+0530] {processor.py:183} INFO - Processing /home/logi/txtai/venv/lib/python3.10/site-packages/airflow/example_dags/example_dag_decorator.py took 0.162 seconds
[2025-11-12T08:56:13.315+0530] {processor.py:161} INFO - Started process (PID=23323) to work on /home/logi/txtai/venv/lib/python3.10/site-packages/airflow/example_dags/example_dag_decorator.py
[2025-11-12T08:56:13.329+0530] {processor.py:830} INFO - Processing file /home/logi/txtai/venv/lib/python3.10/site-packages/airflow/example_dags/example_dag_decorator.py for tasks to queue
[2025-11-12T08:56:13.333+0530] {logging_mixin.py:188} INFO - [2025-11-12T08:56:13.332+0530] {dagbag.py:545} INFO - Filling up the DagBag from /home/logi/txtai/venv/lib/python3.10/site-packages/airflow/example_dags/example_dag_decorator.py
[2025-11-12T08:56:13.420+0530] {processor.py:840} INFO - DAG(s) 'example_dag_decorator' retrieved from /home/logi/txtai/venv/lib/python3.10/site-packages/airflow/example_dags/example_dag_decorator.py
[2025-11-12T08:56:13.438+0530] {logging_mixin.py:188} INFO - [2025-11-12T08:56:13.438+0530] {dag.py:3089} INFO - Sync 1 DAGs
[2025-11-12T08:56:13.449+0530] {logging_mixin.py:188} INFO - [2025-11-12T08:56:13.448+0530] {dag.py:3947} INFO - Setting next_dagrun for example_dag_decorator to None, run_after=None
[2025-11-12T08:56:13.480+0530] {processor.py:183} INFO - Processing /home/logi/txtai/venv/lib/python3.10/site-packages/airflow/example_dags/example_dag_decorator.py took 0.176 seconds
[2025-11-12T08:57:13.949+0530] {processor.py:161} INFO - Started process (PID=23451) to work on /home/logi/txtai/venv/lib/python3.10/site-packages/airflow/example_dags/example_dag_decorator.py
[2025-11-12T08:57:13.962+0530] {processor.py:830} INFO - Processing file /home/logi/txtai/venv/lib/python3.10/site-packages/airflow/example_dags/example_dag_decorator.py for tasks to queue
[2025-11-12T08:57:13.966+0530] {logging_mixin.py:188} INFO - [2025-11-12T08:57:13.965+0530] {dagbag.py:545} INFO - Filling up the DagBag from /home/logi/txtai/venv/lib/python3.10/site-packages/airflow/example_dags/example_dag_decorator.py
[2025-11-12T08:57:14.050+0530] {processor.py:840} INFO - DAG(s) 'example_dag_decorator' retrieved from /home/logi/txtai/venv/lib/python3.10/site-packages/airflow/example_dags/example_dag_decorator.py
[2025-11-12T08:57:14.070+0530] {logging_mixin.py:188} INFO - [2025-11-12T08:57:14.070+0530] {dag.py:3089} INFO - Sync 1 DAGs
[2025-11-12T08:57:14.080+0530] {logging_mixin.py:188} INFO - [2025-11-12T08:57:14.080+0530] {dag.py:3947} INFO - Setting next_dagrun for example_dag_decorator to None, run_after=None
[2025-11-12T08:57:14.119+0530] {processor.py:183} INFO - Processing /home/logi/txtai/venv/lib/python3.10/site-packages/airflow/example_dags/example_dag_decorator.py took 0.184 seconds
[2025-11-12T08:58:18.080+0530] {processor.py:161} INFO - Started process (PID=23630) to work on /home/logi/txtai/venv/lib/python3.10/site-packages/airflow/example_dags/example_dag_decorator.py
[2025-11-12T08:58:18.094+0530] {processor.py:830} INFO - Processing file /home/logi/txtai/venv/lib/python3.10/site-packages/airflow/example_dags/example_dag_decorator.py for tasks to queue
[2025-11-12T08:58:18.097+0530] {logging_mixin.py:188} INFO - [2025-11-12T08:58:18.096+0530] {dagbag.py:545} INFO - Filling up the DagBag from /home/logi/txtai/venv/lib/python3.10/site-packages/airflow/example_dags/example_dag_decorator.py
[2025-11-12T08:58:18.181+0530] {processor.py:840} INFO - DAG(s) 'example_dag_decorator' retrieved from /home/logi/txtai/venv/lib/python3.10/site-packages/airflow/example_dags/example_dag_decorator.py
[2025-11-12T08:58:18.200+0530] {logging_mixin.py:188} INFO - [2025-11-12T08:58:18.200+0530] {dag.py:3089} INFO - Sync 1 DAGs
[2025-11-12T08:58:18.212+0530] {logging_mixin.py:188} INFO - [2025-11-12T08:58:18.212+0530] {dag.py:3947} INFO - Setting next_dagrun for example_dag_decorator to None, run_after=None
[2025-11-12T08:58:18.243+0530] {processor.py:183} INFO - Processing /home/logi/txtai/venv/lib/python3.10/site-packages/airflow/example_dags/example_dag_decorator.py took 0.174 seconds
[2025-11-12T08:59:28.197+0530] {processor.py:161} INFO - Started process (PID=23793) to work on /home/logi/txtai/venv/lib/python3.10/site-packages/airflow/example_dags/example_dag_decorator.py
[2025-11-12T08:59:28.200+0530] {processor.py:830} INFO - Processing file /home/logi/txtai/venv/lib/python3.10/site-packages/airflow/example_dags/example_dag_decorator.py for tasks to queue
[2025-11-12T08:59:28.204+0530] {logging_mixin.py:188} INFO - [2025-11-12T08:59:28.202+0530] {dagbag.py:545} INFO - Filling up the DagBag from /home/logi/txtai/venv/lib/python3.10/site-packages/airflow/example_dags/example_dag_decorator.py
[2025-11-12T08:59:28.329+0530] {processor.py:840} INFO - DAG(s) 'example_dag_decorator' retrieved from /home/logi/txtai/venv/lib/python3.10/site-packages/airflow/example_dags/example_dag_decorator.py
[2025-11-12T08:59:28.367+0530] {logging_mixin.py:188} INFO - [2025-11-12T08:59:28.366+0530] {dag.py:3089} INFO - Sync 1 DAGs
[2025-11-12T08:59:28.388+0530] {logging_mixin.py:188} INFO - [2025-11-12T08:59:28.387+0530] {dag.py:3947} INFO - Setting next_dagrun for example_dag_decorator to None, run_after=None
[2025-11-12T08:59:28.455+0530] {processor.py:183} INFO - Processing /home/logi/txtai/venv/lib/python3.10/site-packages/airflow/example_dags/example_dag_decorator.py took 0.276 seconds
[2025-11-12T09:00:47.257+0530] {processor.py:161} INFO - Started process (PID=24335) to work on /home/logi/txtai/venv/lib/python3.10/site-packages/airflow/example_dags/example_dag_decorator.py
[2025-11-12T09:00:47.269+0530] {processor.py:830} INFO - Processing file /home/logi/txtai/venv/lib/python3.10/site-packages/airflow/example_dags/example_dag_decorator.py for tasks to queue
[2025-11-12T09:00:47.271+0530] {logging_mixin.py:188} INFO - [2025-11-12T09:00:47.271+0530] {dagbag.py:545} INFO - Filling up the DagBag from /home/logi/txtai/venv/lib/python3.10/site-packages/airflow/example_dags/example_dag_decorator.py
[2025-11-12T09:00:47.331+0530] {processor.py:840} INFO - DAG(s) 'example_dag_decorator' retrieved from /home/logi/txtai/venv/lib/python3.10/site-packages/airflow/example_dags/example_dag_decorator.py
[2025-11-12T09:00:47.348+0530] {logging_mixin.py:188} INFO - [2025-11-12T09:00:47.348+0530] {dag.py:3089} INFO - Sync 1 DAGs
[2025-11-12T09:00:47.358+0530] {logging_mixin.py:188} INFO - [2025-11-12T09:00:47.357+0530] {dag.py:3947} INFO - Setting next_dagrun for example_dag_decorator to None, run_after=None
[2025-11-12T09:00:47.376+0530] {processor.py:183} INFO - Processing /home/logi/txtai/venv/lib/python3.10/site-packages/airflow/example_dags/example_dag_decorator.py took 0.125 seconds
[2025-11-12T09:01:46.470+0530] {processor.py:161} INFO - Started process (PID=24626) to work on /home/logi/txtai/venv/lib/python3.10/site-packages/airflow/example_dags/example_dag_decorator.py
[2025-11-12T09:01:46.471+0530] {processor.py:830} INFO - Processing file /home/logi/txtai/venv/lib/python3.10/site-packages/airflow/example_dags/example_dag_decorator.py for tasks to queue
[2025-11-12T09:01:46.473+0530] {logging_mixin.py:188} INFO - [2025-11-12T09:01:46.473+0530] {dagbag.py:545} INFO - Filling up the DagBag from /home/logi/txtai/venv/lib/python3.10/site-packages/airflow/example_dags/example_dag_decorator.py
[2025-11-12T09:01:46.536+0530] {processor.py:840} INFO - DAG(s) 'example_dag_decorator' retrieved from /home/logi/txtai/venv/lib/python3.10/site-packages/airflow/example_dags/example_dag_decorator.py
[2025-11-12T09:01:46.552+0530] {logging_mixin.py:188} INFO - [2025-11-12T09:01:46.552+0530] {dag.py:3089} INFO - Sync 1 DAGs
[2025-11-12T09:01:46.560+0530] {logging_mixin.py:188} INFO - [2025-11-12T09:01:46.560+0530] {dag.py:3947} INFO - Setting next_dagrun for example_dag_decorator to None, run_after=None
[2025-11-12T09:01:46.579+0530] {processor.py:183} INFO - Processing /home/logi/txtai/venv/lib/python3.10/site-packages/airflow/example_dags/example_dag_decorator.py took 0.117 seconds
[2025-11-12T09:02:44.685+0530] {processor.py:161} INFO - Started process (PID=24943) to work on /home/logi/txtai/venv/lib/python3.10/site-packages/airflow/example_dags/example_dag_decorator.py
[2025-11-12T09:02:44.699+0530] {processor.py:830} INFO - Processing file /home/logi/txtai/venv/lib/python3.10/site-packages/airflow/example_dags/example_dag_decorator.py for tasks to queue
[2025-11-12T09:02:44.703+0530] {logging_mixin.py:188} INFO - [2025-11-12T09:02:44.702+0530] {dagbag.py:545} INFO - Filling up the DagBag from /home/logi/txtai/venv/lib/python3.10/site-packages/airflow/example_dags/example_dag_decorator.py
[2025-11-12T09:02:44.796+0530] {processor.py:840} INFO - DAG(s) 'example_dag_decorator' retrieved from /home/logi/txtai/venv/lib/python3.10/site-packages/airflow/example_dags/example_dag_decorator.py
[2025-11-12T09:02:44.817+0530] {logging_mixin.py:188} INFO - [2025-11-12T09:02:44.816+0530] {dag.py:3089} INFO - Sync 1 DAGs
[2025-11-12T09:02:44.972+0530] {logging_mixin.py:188} INFO - [2025-11-12T09:02:44.972+0530] {dag.py:3947} INFO - Setting next_dagrun for example_dag_decorator to None, run_after=None
[2025-11-12T09:02:44.995+0530] {processor.py:183} INFO - Processing /home/logi/txtai/venv/lib/python3.10/site-packages/airflow/example_dags/example_dag_decorator.py took 0.321 seconds
[2025-11-12T09:03:44.620+0530] {processor.py:161} INFO - Started process (PID=25234) to work on /home/logi/txtai/venv/lib/python3.10/site-packages/airflow/example_dags/example_dag_decorator.py
[2025-11-12T09:03:44.637+0530] {processor.py:830} INFO - Processing file /home/logi/txtai/venv/lib/python3.10/site-packages/airflow/example_dags/example_dag_decorator.py for tasks to queue
[2025-11-12T09:03:44.639+0530] {logging_mixin.py:188} INFO - [2025-11-12T09:03:44.639+0530] {dagbag.py:545} INFO - Filling up the DagBag from /home/logi/txtai/venv/lib/python3.10/site-packages/airflow/example_dags/example_dag_decorator.py
[2025-11-12T09:03:44.722+0530] {processor.py:840} INFO - DAG(s) 'example_dag_decorator' retrieved from /home/logi/txtai/venv/lib/python3.10/site-packages/airflow/example_dags/example_dag_decorator.py
[2025-11-12T09:03:44.737+0530] {logging_mixin.py:188} INFO - [2025-11-12T09:03:44.737+0530] {dag.py:3089} INFO - Sync 1 DAGs
[2025-11-12T09:03:44.746+0530] {logging_mixin.py:188} INFO - [2025-11-12T09:03:44.745+0530] {dag.py:3947} INFO - Setting next_dagrun for example_dag_decorator to None, run_after=None
[2025-11-12T09:03:44.870+0530] {processor.py:183} INFO - Processing /home/logi/txtai/venv/lib/python3.10/site-packages/airflow/example_dags/example_dag_decorator.py took 0.271 seconds
[2025-11-12T09:04:43.684+0530] {processor.py:161} INFO - Started process (PID=25675) to work on /home/logi/txtai/venv/lib/python3.10/site-packages/airflow/example_dags/example_dag_decorator.py
[2025-11-12T09:04:43.697+0530] {processor.py:830} INFO - Processing file /home/logi/txtai/venv/lib/python3.10/site-packages/airflow/example_dags/example_dag_decorator.py for tasks to queue
[2025-11-12T09:04:43.700+0530] {logging_mixin.py:188} INFO - [2025-11-12T09:04:43.700+0530] {dagbag.py:545} INFO - Filling up the DagBag from /home/logi/txtai/venv/lib/python3.10/site-packages/airflow/example_dags/example_dag_decorator.py
[2025-11-12T09:04:43.779+0530] {processor.py:840} INFO - DAG(s) 'example_dag_decorator' retrieved from /home/logi/txtai/venv/lib/python3.10/site-packages/airflow/example_dags/example_dag_decorator.py
[2025-11-12T09:04:43.958+0530] {logging_mixin.py:188} INFO - [2025-11-12T09:04:43.958+0530] {dag.py:3089} INFO - Sync 1 DAGs
[2025-11-12T09:04:43.965+0530] {logging_mixin.py:188} INFO - [2025-11-12T09:04:43.964+0530] {dag.py:3947} INFO - Setting next_dagrun for example_dag_decorator to None, run_after=None
[2025-11-12T09:04:43.993+0530] {processor.py:183} INFO - Processing /home/logi/txtai/venv/lib/python3.10/site-packages/airflow/example_dags/example_dag_decorator.py took 0.318 seconds
[2025-11-12T09:06:12.778+0530] {processor.py:161} INFO - Started process (PID=26652) to work on /home/logi/txtai/venv/lib/python3.10/site-packages/airflow/example_dags/example_dag_decorator.py
[2025-11-12T09:06:12.791+0530] {processor.py:830} INFO - Processing file /home/logi/txtai/venv/lib/python3.10/site-packages/airflow/example_dags/example_dag_decorator.py for tasks to queue
[2025-11-12T09:06:12.794+0530] {logging_mixin.py:188} INFO - [2025-11-12T09:06:12.793+0530] {dagbag.py:545} INFO - Filling up the DagBag from /home/logi/txtai/venv/lib/python3.10/site-packages/airflow/example_dags/example_dag_decorator.py
[2025-11-12T09:06:12.878+0530] {processor.py:840} INFO - DAG(s) 'example_dag_decorator' retrieved from /home/logi/txtai/venv/lib/python3.10/site-packages/airflow/example_dags/example_dag_decorator.py
[2025-11-12T09:06:13.048+0530] {logging_mixin.py:188} INFO - [2025-11-12T09:06:13.047+0530] {dag.py:3089} INFO - Sync 1 DAGs
[2025-11-12T09:06:13.059+0530] {logging_mixin.py:188} INFO - [2025-11-12T09:06:13.059+0530] {dag.py:3947} INFO - Setting next_dagrun for example_dag_decorator to None, run_after=None
[2025-11-12T09:06:13.096+0530] {processor.py:183} INFO - Processing /home/logi/txtai/venv/lib/python3.10/site-packages/airflow/example_dags/example_dag_decorator.py took 0.329 seconds
[2025-11-12T09:07:10.701+0530] {processor.py:161} INFO - Started process (PID=27061) to work on /home/logi/txtai/venv/lib/python3.10/site-packages/airflow/example_dags/example_dag_decorator.py
[2025-11-12T09:07:10.715+0530] {processor.py:830} INFO - Processing file /home/logi/txtai/venv/lib/python3.10/site-packages/airflow/example_dags/example_dag_decorator.py for tasks to queue
[2025-11-12T09:07:10.718+0530] {logging_mixin.py:188} INFO - [2025-11-12T09:07:10.717+0530] {dagbag.py:545} INFO - Filling up the DagBag from /home/logi/txtai/venv/lib/python3.10/site-packages/airflow/example_dags/example_dag_decorator.py
[2025-11-12T09:07:10.799+0530] {processor.py:840} INFO - DAG(s) 'example_dag_decorator' retrieved from /home/logi/txtai/venv/lib/python3.10/site-packages/airflow/example_dags/example_dag_decorator.py
[2025-11-12T09:07:10.968+0530] {logging_mixin.py:188} INFO - [2025-11-12T09:07:10.968+0530] {dag.py:3089} INFO - Sync 1 DAGs
[2025-11-12T09:07:10.975+0530] {logging_mixin.py:188} INFO - [2025-11-12T09:07:10.975+0530] {dag.py:3947} INFO - Setting next_dagrun for example_dag_decorator to None, run_after=None
[2025-11-12T09:07:11.003+0530] {processor.py:183} INFO - Processing /home/logi/txtai/venv/lib/python3.10/site-packages/airflow/example_dags/example_dag_decorator.py took 0.312 seconds
[2025-11-12T09:08:11.247+0530] {processor.py:161} INFO - Started process (PID=27499) to work on /home/logi/txtai/venv/lib/python3.10/site-packages/airflow/example_dags/example_dag_decorator.py
[2025-11-12T09:08:11.260+0530] {processor.py:830} INFO - Processing file /home/logi/txtai/venv/lib/python3.10/site-packages/airflow/example_dags/example_dag_decorator.py for tasks to queue
[2025-11-12T09:08:11.264+0530] {logging_mixin.py:188} INFO - [2025-11-12T09:08:11.263+0530] {dagbag.py:545} INFO - Filling up the DagBag from /home/logi/txtai/venv/lib/python3.10/site-packages/airflow/example_dags/example_dag_decorator.py
[2025-11-12T09:08:11.347+0530] {processor.py:840} INFO - DAG(s) 'example_dag_decorator' retrieved from /home/logi/txtai/venv/lib/python3.10/site-packages/airflow/example_dags/example_dag_decorator.py
[2025-11-12T09:08:11.373+0530] {logging_mixin.py:188} INFO - [2025-11-12T09:08:11.373+0530] {dag.py:3089} INFO - Sync 1 DAGs
[2025-11-12T09:08:11.386+0530] {logging_mixin.py:188} INFO - [2025-11-12T09:08:11.385+0530] {dag.py:3947} INFO - Setting next_dagrun for example_dag_decorator to None, run_after=None
[2025-11-12T09:08:11.411+0530] {processor.py:183} INFO - Processing /home/logi/txtai/venv/lib/python3.10/site-packages/airflow/example_dags/example_dag_decorator.py took 0.176 seconds
[2025-11-12T09:09:11.651+0530] {processor.py:161} INFO - Started process (PID=27579) to work on /home/logi/txtai/venv/lib/python3.10/site-packages/airflow/example_dags/example_dag_decorator.py
[2025-11-12T09:09:11.665+0530] {processor.py:830} INFO - Processing file /home/logi/txtai/venv/lib/python3.10/site-packages/airflow/example_dags/example_dag_decorator.py for tasks to queue
[2025-11-12T09:09:11.668+0530] {logging_mixin.py:188} INFO - [2025-11-12T09:09:11.667+0530] {dagbag.py:545} INFO - Filling up the DagBag from /home/logi/txtai/venv/lib/python3.10/site-packages/airflow/example_dags/example_dag_decorator.py
[2025-11-12T09:09:11.750+0530] {processor.py:840} INFO - DAG(s) 'example_dag_decorator' retrieved from /home/logi/txtai/venv/lib/python3.10/site-packages/airflow/example_dags/example_dag_decorator.py
[2025-11-12T09:09:11.993+0530] {logging_mixin.py:188} INFO - [2025-11-12T09:09:11.993+0530] {dag.py:3089} INFO - Sync 1 DAGs
[2025-11-12T09:09:12.001+0530] {logging_mixin.py:188} INFO - [2025-11-12T09:09:12.000+0530] {dag.py:3947} INFO - Setting next_dagrun for example_dag_decorator to None, run_after=None
[2025-11-12T09:09:12.020+0530] {processor.py:183} INFO - Processing /home/logi/txtai/venv/lib/python3.10/site-packages/airflow/example_dags/example_dag_decorator.py took 0.380 seconds
[2025-11-12T09:10:13.721+0530] {processor.py:161} INFO - Started process (PID=27715) to work on /home/logi/txtai/venv/lib/python3.10/site-packages/airflow/example_dags/example_dag_decorator.py
[2025-11-12T09:10:13.735+0530] {processor.py:830} INFO - Processing file /home/logi/txtai/venv/lib/python3.10/site-packages/airflow/example_dags/example_dag_decorator.py for tasks to queue
[2025-11-12T09:10:13.739+0530] {logging_mixin.py:188} INFO - [2025-11-12T09:10:13.738+0530] {dagbag.py:545} INFO - Filling up the DagBag from /home/logi/txtai/venv/lib/python3.10/site-packages/airflow/example_dags/example_dag_decorator.py
[2025-11-12T09:10:13.843+0530] {processor.py:840} INFO - DAG(s) 'example_dag_decorator' retrieved from /home/logi/txtai/venv/lib/python3.10/site-packages/airflow/example_dags/example_dag_decorator.py
[2025-11-12T09:10:13.864+0530] {logging_mixin.py:188} INFO - [2025-11-12T09:10:13.864+0530] {dag.py:3089} INFO - Sync 1 DAGs
[2025-11-12T09:10:13.891+0530] {logging_mixin.py:188} INFO - [2025-11-12T09:10:13.891+0530] {dag.py:3947} INFO - Setting next_dagrun for example_dag_decorator to None, run_after=None
[2025-11-12T09:10:14.169+0530] {processor.py:183} INFO - Processing /home/logi/txtai/venv/lib/python3.10/site-packages/airflow/example_dags/example_dag_decorator.py took 0.459 seconds
[2025-11-12T09:11:26.923+0530] {processor.py:161} INFO - Started process (PID=27989) to work on /home/logi/txtai/venv/lib/python3.10/site-packages/airflow/example_dags/example_dag_decorator.py
[2025-11-12T09:11:26.937+0530] {processor.py:830} INFO - Processing file /home/logi/txtai/venv/lib/python3.10/site-packages/airflow/example_dags/example_dag_decorator.py for tasks to queue
[2025-11-12T09:11:26.940+0530] {logging_mixin.py:188} INFO - [2025-11-12T09:11:26.939+0530] {dagbag.py:545} INFO - Filling up the DagBag from /home/logi/txtai/venv/lib/python3.10/site-packages/airflow/example_dags/example_dag_decorator.py
[2025-11-12T09:11:27.024+0530] {processor.py:840} INFO - DAG(s) 'example_dag_decorator' retrieved from /home/logi/txtai/venv/lib/python3.10/site-packages/airflow/example_dags/example_dag_decorator.py
[2025-11-12T09:11:27.270+0530] {logging_mixin.py:188} INFO - [2025-11-12T09:11:27.270+0530] {dag.py:3089} INFO - Sync 1 DAGs
[2025-11-12T09:11:27.277+0530] {logging_mixin.py:188} INFO - [2025-11-12T09:11:27.277+0530] {dag.py:3947} INFO - Setting next_dagrun for example_dag_decorator to None, run_after=None
[2025-11-12T09:11:27.309+0530] {processor.py:183} INFO - Processing /home/logi/txtai/venv/lib/python3.10/site-packages/airflow/example_dags/example_dag_decorator.py took 0.398 seconds
[2025-11-12T09:12:30.378+0530] {processor.py:161} INFO - Started process (PID=28102) to work on /home/logi/txtai/venv/lib/python3.10/site-packages/airflow/example_dags/example_dag_decorator.py
[2025-11-12T09:12:30.391+0530] {processor.py:830} INFO - Processing file /home/logi/txtai/venv/lib/python3.10/site-packages/airflow/example_dags/example_dag_decorator.py for tasks to queue
[2025-11-12T09:12:30.394+0530] {logging_mixin.py:188} INFO - [2025-11-12T09:12:30.394+0530] {dagbag.py:545} INFO - Filling up the DagBag from /home/logi/txtai/venv/lib/python3.10/site-packages/airflow/example_dags/example_dag_decorator.py
[2025-11-12T09:12:30.660+0530] {processor.py:840} INFO - DAG(s) 'example_dag_decorator' retrieved from /home/logi/txtai/venv/lib/python3.10/site-packages/airflow/example_dags/example_dag_decorator.py
[2025-11-12T09:12:30.677+0530] {logging_mixin.py:188} INFO - [2025-11-12T09:12:30.676+0530] {dag.py:3089} INFO - Sync 1 DAGs
[2025-11-12T09:12:30.689+0530] {logging_mixin.py:188} INFO - [2025-11-12T09:12:30.688+0530] {dag.py:3947} INFO - Setting next_dagrun for example_dag_decorator to None, run_after=None
[2025-11-12T09:12:30.726+0530] {processor.py:183} INFO - Processing /home/logi/txtai/venv/lib/python3.10/site-packages/airflow/example_dags/example_dag_decorator.py took 0.361 seconds
[2025-11-12T09:13:31.308+0530] {processor.py:161} INFO - Started process (PID=28271) to work on /home/logi/txtai/venv/lib/python3.10/site-packages/airflow/example_dags/example_dag_decorator.py
[2025-11-12T09:13:31.321+0530] {processor.py:830} INFO - Processing file /home/logi/txtai/venv/lib/python3.10/site-packages/airflow/example_dags/example_dag_decorator.py for tasks to queue
[2025-11-12T09:13:31.325+0530] {logging_mixin.py:188} INFO - [2025-11-12T09:13:31.324+0530] {dagbag.py:545} INFO - Filling up the DagBag from /home/logi/txtai/venv/lib/python3.10/site-packages/airflow/example_dags/example_dag_decorator.py
[2025-11-12T09:13:31.411+0530] {processor.py:840} INFO - DAG(s) 'example_dag_decorator' retrieved from /home/logi/txtai/venv/lib/python3.10/site-packages/airflow/example_dags/example_dag_decorator.py
[2025-11-12T09:13:31.609+0530] {logging_mixin.py:188} INFO - [2025-11-12T09:13:31.608+0530] {dag.py:3089} INFO - Sync 1 DAGs
[2025-11-12T09:13:31.616+0530] {logging_mixin.py:188} INFO - [2025-11-12T09:13:31.615+0530] {dag.py:3947} INFO - Setting next_dagrun for example_dag_decorator to None, run_after=None
[2025-11-12T09:13:31.644+0530] {processor.py:183} INFO - Processing /home/logi/txtai/venv/lib/python3.10/site-packages/airflow/example_dags/example_dag_decorator.py took 0.348 seconds
[2025-11-12T09:14:31.531+0530] {processor.py:161} INFO - Started process (PID=28472) to work on /home/logi/txtai/venv/lib/python3.10/site-packages/airflow/example_dags/example_dag_decorator.py
[2025-11-12T09:14:31.544+0530] {processor.py:830} INFO - Processing file /home/logi/txtai/venv/lib/python3.10/site-packages/airflow/example_dags/example_dag_decorator.py for tasks to queue
[2025-11-12T09:14:31.548+0530] {logging_mixin.py:188} INFO - [2025-11-12T09:14:31.547+0530] {dagbag.py:545} INFO - Filling up the DagBag from /home/logi/txtai/venv/lib/python3.10/site-packages/airflow/example_dags/example_dag_decorator.py
[2025-11-12T09:14:31.633+0530] {processor.py:840} INFO - DAG(s) 'example_dag_decorator' retrieved from /home/logi/txtai/venv/lib/python3.10/site-packages/airflow/example_dags/example_dag_decorator.py
[2025-11-12T09:14:31.651+0530] {logging_mixin.py:188} INFO - [2025-11-12T09:14:31.651+0530] {dag.py:3089} INFO - Sync 1 DAGs
[2025-11-12T09:14:31.914+0530] {logging_mixin.py:188} INFO - [2025-11-12T09:14:31.913+0530] {dag.py:3947} INFO - Setting next_dagrun for example_dag_decorator to None, run_after=None
[2025-11-12T09:14:31.954+0530] {processor.py:183} INFO - Processing /home/logi/txtai/venv/lib/python3.10/site-packages/airflow/example_dags/example_dag_decorator.py took 0.435 seconds
[2025-11-12T09:15:36.918+0530] {processor.py:161} INFO - Started process (PID=28694) to work on /home/logi/txtai/venv/lib/python3.10/site-packages/airflow/example_dags/example_dag_decorator.py
[2025-11-12T09:15:36.931+0530] {processor.py:830} INFO - Processing file /home/logi/txtai/venv/lib/python3.10/site-packages/airflow/example_dags/example_dag_decorator.py for tasks to queue
[2025-11-12T09:15:36.934+0530] {logging_mixin.py:188} INFO - [2025-11-12T09:15:36.933+0530] {dagbag.py:545} INFO - Filling up the DagBag from /home/logi/txtai/venv/lib/python3.10/site-packages/airflow/example_dags/example_dag_decorator.py
[2025-11-12T09:15:37.099+0530] {processor.py:840} INFO - DAG(s) 'example_dag_decorator' retrieved from /home/logi/txtai/venv/lib/python3.10/site-packages/airflow/example_dags/example_dag_decorator.py
[2025-11-12T09:15:37.157+0530] {logging_mixin.py:188} INFO - [2025-11-12T09:15:37.157+0530] {dag.py:3089} INFO - Sync 1 DAGs
[2025-11-12T09:15:37.164+0530] {logging_mixin.py:188} INFO - [2025-11-12T09:15:37.164+0530] {dag.py:3947} INFO - Setting next_dagrun for example_dag_decorator to None, run_after=None
[2025-11-12T09:15:37.191+0530] {processor.py:183} INFO - Processing /home/logi/txtai/venv/lib/python3.10/site-packages/airflow/example_dags/example_dag_decorator.py took 0.282 seconds
[2025-11-12T09:17:05.065+0530] {processor.py:161} INFO - Started process (PID=29461) to work on /home/logi/txtai/venv/lib/python3.10/site-packages/airflow/example_dags/example_dag_decorator.py
[2025-11-12T09:17:05.079+0530] {processor.py:830} INFO - Processing file /home/logi/txtai/venv/lib/python3.10/site-packages/airflow/example_dags/example_dag_decorator.py for tasks to queue
[2025-11-12T09:17:05.082+0530] {logging_mixin.py:188} INFO - [2025-11-12T09:17:05.082+0530] {dagbag.py:545} INFO - Filling up the DagBag from /home/logi/txtai/venv/lib/python3.10/site-packages/airflow/example_dags/example_dag_decorator.py
[2025-11-12T09:17:05.260+0530] {processor.py:840} INFO - DAG(s) 'example_dag_decorator' retrieved from /home/logi/txtai/venv/lib/python3.10/site-packages/airflow/example_dags/example_dag_decorator.py
[2025-11-12T09:17:05.318+0530] {logging_mixin.py:188} INFO - [2025-11-12T09:17:05.318+0530] {dag.py:3089} INFO - Sync 1 DAGs
[2025-11-12T09:17:05.325+0530] {logging_mixin.py:188} INFO - [2025-11-12T09:17:05.324+0530] {dag.py:3947} INFO - Setting next_dagrun for example_dag_decorator to None, run_after=None
[2025-11-12T09:17:05.353+0530] {processor.py:183} INFO - Processing /home/logi/txtai/venv/lib/python3.10/site-packages/airflow/example_dags/example_dag_decorator.py took 0.297 seconds
[2025-11-12T09:18:05.063+0530] {processor.py:161} INFO - Started process (PID=29811) to work on /home/logi/txtai/venv/lib/python3.10/site-packages/airflow/example_dags/example_dag_decorator.py
[2025-11-12T09:18:05.077+0530] {processor.py:830} INFO - Processing file /home/logi/txtai/venv/lib/python3.10/site-packages/airflow/example_dags/example_dag_decorator.py for tasks to queue
[2025-11-12T09:18:05.082+0530] {logging_mixin.py:188} INFO - [2025-11-12T09:18:05.081+0530] {dagbag.py:545} INFO - Filling up the DagBag from /home/logi/txtai/venv/lib/python3.10/site-packages/airflow/example_dags/example_dag_decorator.py
[2025-11-12T09:18:05.339+0530] {processor.py:840} INFO - DAG(s) 'example_dag_decorator' retrieved from /home/logi/txtai/venv/lib/python3.10/site-packages/airflow/example_dags/example_dag_decorator.py
[2025-11-12T09:18:05.403+0530] {logging_mixin.py:188} INFO - [2025-11-12T09:18:05.402+0530] {dag.py:3089} INFO - Sync 1 DAGs
[2025-11-12T09:18:05.411+0530] {logging_mixin.py:188} INFO - [2025-11-12T09:18:05.411+0530] {dag.py:3947} INFO - Setting next_dagrun for example_dag_decorator to None, run_after=None
[2025-11-12T09:18:05.442+0530] {processor.py:183} INFO - Processing /home/logi/txtai/venv/lib/python3.10/site-packages/airflow/example_dags/example_dag_decorator.py took 0.394 seconds
