[2025-11-12T06:04:00.070+0530] {processor.py:161} INFO - Started process (PID=5922) to work on /home/logi/txtai/venv/lib/python3.10/site-packages/airflow/example_dags/example_bash_decorator.py
[2025-11-12T06:04:00.071+0530] {processor.py:830} INFO - Processing file /home/logi/txtai/venv/lib/python3.10/site-packages/airflow/example_dags/example_bash_decorator.py for tasks to queue
[2025-11-12T06:04:00.074+0530] {logging_mixin.py:188} INFO - [2025-11-12T06:04:00.073+0530] {dagbag.py:545} INFO - Filling up the DagBag from /home/logi/txtai/venv/lib/python3.10/site-packages/airflow/example_dags/example_bash_decorator.py
[2025-11-12T06:04:00.090+0530] {processor.py:840} INFO - DAG(s) 'example_bash_decorator' retrieved from /home/logi/txtai/venv/lib/python3.10/site-packages/airflow/example_dags/example_bash_decorator.py
[2025-11-12T06:04:00.163+0530] {logging_mixin.py:188} INFO - [2025-11-12T06:04:00.163+0530] {dag.py:3089} INFO - Sync 1 DAGs
[2025-11-12T06:04:00.171+0530] {logging_mixin.py:188} INFO - [2025-11-12T06:04:00.171+0530] {dag.py:3947} INFO - Setting next_dagrun for example_bash_decorator to None, run_after=None
[2025-11-12T06:04:00.202+0530] {processor.py:183} INFO - Processing /home/logi/txtai/venv/lib/python3.10/site-packages/airflow/example_dags/example_bash_decorator.py took 0.142 seconds
[2025-11-12T06:05:14.142+0530] {processor.py:161} INFO - Started process (PID=6227) to work on /home/logi/txtai/venv/lib/python3.10/site-packages/airflow/example_dags/example_bash_decorator.py
[2025-11-12T06:05:14.155+0530] {processor.py:830} INFO - Processing file /home/logi/txtai/venv/lib/python3.10/site-packages/airflow/example_dags/example_bash_decorator.py for tasks to queue
[2025-11-12T06:05:14.158+0530] {logging_mixin.py:188} INFO - [2025-11-12T06:05:14.157+0530] {dagbag.py:545} INFO - Filling up the DagBag from /home/logi/txtai/venv/lib/python3.10/site-packages/airflow/example_dags/example_bash_decorator.py
[2025-11-12T06:05:14.178+0530] {processor.py:840} INFO - DAG(s) 'example_bash_decorator' retrieved from /home/logi/txtai/venv/lib/python3.10/site-packages/airflow/example_dags/example_bash_decorator.py
[2025-11-12T06:05:14.207+0530] {logging_mixin.py:188} INFO - [2025-11-12T06:05:14.207+0530] {dag.py:3089} INFO - Sync 1 DAGs
[2025-11-12T06:05:14.215+0530] {logging_mixin.py:188} INFO - [2025-11-12T06:05:14.215+0530] {dag.py:3947} INFO - Setting next_dagrun for example_bash_decorator to None, run_after=None
[2025-11-12T06:05:14.238+0530] {processor.py:183} INFO - Processing /home/logi/txtai/venv/lib/python3.10/site-packages/airflow/example_dags/example_bash_decorator.py took 0.106 seconds
[2025-11-12T06:06:17.630+0530] {processor.py:161} INFO - Started process (PID=6679) to work on /home/logi/txtai/venv/lib/python3.10/site-packages/airflow/example_dags/example_bash_decorator.py
[2025-11-12T06:06:17.643+0530] {processor.py:830} INFO - Processing file /home/logi/txtai/venv/lib/python3.10/site-packages/airflow/example_dags/example_bash_decorator.py for tasks to queue
[2025-11-12T06:06:17.647+0530] {logging_mixin.py:188} INFO - [2025-11-12T06:06:17.646+0530] {dagbag.py:545} INFO - Filling up the DagBag from /home/logi/txtai/venv/lib/python3.10/site-packages/airflow/example_dags/example_bash_decorator.py
[2025-11-12T06:06:17.668+0530] {processor.py:840} INFO - DAG(s) 'example_bash_decorator' retrieved from /home/logi/txtai/venv/lib/python3.10/site-packages/airflow/example_dags/example_bash_decorator.py
[2025-11-12T06:06:17.697+0530] {logging_mixin.py:188} INFO - [2025-11-12T06:06:17.697+0530] {dag.py:3089} INFO - Sync 1 DAGs
[2025-11-12T06:06:17.706+0530] {logging_mixin.py:188} INFO - [2025-11-12T06:06:17.706+0530] {dag.py:3947} INFO - Setting next_dagrun for example_bash_decorator to None, run_after=None
[2025-11-12T06:06:17.724+0530] {processor.py:183} INFO - Processing /home/logi/txtai/venv/lib/python3.10/site-packages/airflow/example_dags/example_bash_decorator.py took 0.104 seconds
[2025-11-12T06:07:14.977+0530] {processor.py:161} INFO - Started process (PID=6789) to work on /home/logi/txtai/venv/lib/python3.10/site-packages/airflow/example_dags/example_bash_decorator.py
[2025-11-12T06:07:14.990+0530] {processor.py:830} INFO - Processing file /home/logi/txtai/venv/lib/python3.10/site-packages/airflow/example_dags/example_bash_decorator.py for tasks to queue
[2025-11-12T06:07:14.994+0530] {logging_mixin.py:188} INFO - [2025-11-12T06:07:14.993+0530] {dagbag.py:545} INFO - Filling up the DagBag from /home/logi/txtai/venv/lib/python3.10/site-packages/airflow/example_dags/example_bash_decorator.py
[2025-11-12T06:07:15.016+0530] {processor.py:840} INFO - DAG(s) 'example_bash_decorator' retrieved from /home/logi/txtai/venv/lib/python3.10/site-packages/airflow/example_dags/example_bash_decorator.py
[2025-11-12T06:07:15.045+0530] {logging_mixin.py:188} INFO - [2025-11-12T06:07:15.045+0530] {dag.py:3089} INFO - Sync 1 DAGs
[2025-11-12T06:07:15.054+0530] {logging_mixin.py:188} INFO - [2025-11-12T06:07:15.054+0530] {dag.py:3947} INFO - Setting next_dagrun for example_bash_decorator to None, run_after=None
[2025-11-12T06:07:15.081+0530] {processor.py:183} INFO - Processing /home/logi/txtai/venv/lib/python3.10/site-packages/airflow/example_dags/example_bash_decorator.py took 0.115 seconds
[2025-11-12T06:08:17.397+0530] {processor.py:161} INFO - Started process (PID=7365) to work on /home/logi/txtai/venv/lib/python3.10/site-packages/airflow/example_dags/example_bash_decorator.py
[2025-11-12T06:08:17.399+0530] {processor.py:830} INFO - Processing file /home/logi/txtai/venv/lib/python3.10/site-packages/airflow/example_dags/example_bash_decorator.py for tasks to queue
[2025-11-12T06:08:17.402+0530] {logging_mixin.py:188} INFO - [2025-11-12T06:08:17.402+0530] {dagbag.py:545} INFO - Filling up the DagBag from /home/logi/txtai/venv/lib/python3.10/site-packages/airflow/example_dags/example_bash_decorator.py
[2025-11-12T06:08:17.431+0530] {processor.py:840} INFO - DAG(s) 'example_bash_decorator' retrieved from /home/logi/txtai/venv/lib/python3.10/site-packages/airflow/example_dags/example_bash_decorator.py
[2025-11-12T06:08:17.454+0530] {logging_mixin.py:188} INFO - [2025-11-12T06:08:17.453+0530] {dag.py:3089} INFO - Sync 1 DAGs
[2025-11-12T06:08:17.464+0530] {logging_mixin.py:188} INFO - [2025-11-12T06:08:17.464+0530] {dag.py:3947} INFO - Setting next_dagrun for example_bash_decorator to None, run_after=None
[2025-11-12T06:08:17.485+0530] {processor.py:183} INFO - Processing /home/logi/txtai/venv/lib/python3.10/site-packages/airflow/example_dags/example_bash_decorator.py took 0.100 seconds
[2025-11-12T08:08:32.652+0530] {processor.py:161} INFO - Started process (PID=10234) to work on /home/logi/txtai/venv/lib/python3.10/site-packages/airflow/example_dags/example_bash_decorator.py
[2025-11-12T08:08:32.665+0530] {processor.py:830} INFO - Processing file /home/logi/txtai/venv/lib/python3.10/site-packages/airflow/example_dags/example_bash_decorator.py for tasks to queue
[2025-11-12T08:08:32.668+0530] {logging_mixin.py:188} INFO - [2025-11-12T08:08:32.667+0530] {dagbag.py:545} INFO - Filling up the DagBag from /home/logi/txtai/venv/lib/python3.10/site-packages/airflow/example_dags/example_bash_decorator.py
[2025-11-12T08:08:32.699+0530] {processor.py:840} INFO - DAG(s) 'example_bash_decorator' retrieved from /home/logi/txtai/venv/lib/python3.10/site-packages/airflow/example_dags/example_bash_decorator.py
[2025-11-12T08:08:32.798+0530] {logging_mixin.py:188} INFO - [2025-11-12T08:08:32.798+0530] {dag.py:3089} INFO - Sync 1 DAGs
[2025-11-12T08:08:32.806+0530] {logging_mixin.py:188} INFO - [2025-11-12T08:08:32.806+0530] {dag.py:3947} INFO - Setting next_dagrun for example_bash_decorator to None, run_after=None
[2025-11-12T08:08:32.841+0530] {processor.py:183} INFO - Processing /home/logi/txtai/venv/lib/python3.10/site-packages/airflow/example_dags/example_bash_decorator.py took 0.200 seconds
[2025-11-12T08:09:32.796+0530] {processor.py:161} INFO - Started process (PID=10683) to work on /home/logi/txtai/venv/lib/python3.10/site-packages/airflow/example_dags/example_bash_decorator.py
[2025-11-12T08:09:32.812+0530] {processor.py:830} INFO - Processing file /home/logi/txtai/venv/lib/python3.10/site-packages/airflow/example_dags/example_bash_decorator.py for tasks to queue
[2025-11-12T08:09:32.820+0530] {logging_mixin.py:188} INFO - [2025-11-12T08:09:32.818+0530] {dagbag.py:545} INFO - Filling up the DagBag from /home/logi/txtai/venv/lib/python3.10/site-packages/airflow/example_dags/example_bash_decorator.py
[2025-11-12T08:09:32.856+0530] {processor.py:840} INFO - DAG(s) 'example_bash_decorator' retrieved from /home/logi/txtai/venv/lib/python3.10/site-packages/airflow/example_dags/example_bash_decorator.py
[2025-11-12T08:09:32.875+0530] {logging_mixin.py:188} INFO - [2025-11-12T08:09:32.875+0530] {dag.py:3089} INFO - Sync 1 DAGs
[2025-11-12T08:09:32.887+0530] {logging_mixin.py:188} INFO - [2025-11-12T08:09:32.887+0530] {dag.py:3947} INFO - Setting next_dagrun for example_bash_decorator to None, run_after=None
[2025-11-12T08:09:32.911+0530] {processor.py:183} INFO - Processing /home/logi/txtai/venv/lib/python3.10/site-packages/airflow/example_dags/example_bash_decorator.py took 0.150 seconds
[2025-11-12T08:10:32.801+0530] {processor.py:161} INFO - Started process (PID=11062) to work on /home/logi/txtai/venv/lib/python3.10/site-packages/airflow/example_dags/example_bash_decorator.py
[2025-11-12T08:10:32.814+0530] {processor.py:830} INFO - Processing file /home/logi/txtai/venv/lib/python3.10/site-packages/airflow/example_dags/example_bash_decorator.py for tasks to queue
[2025-11-12T08:10:32.818+0530] {logging_mixin.py:188} INFO - [2025-11-12T08:10:32.817+0530] {dagbag.py:545} INFO - Filling up the DagBag from /home/logi/txtai/venv/lib/python3.10/site-packages/airflow/example_dags/example_bash_decorator.py
[2025-11-12T08:10:32.841+0530] {processor.py:840} INFO - DAG(s) 'example_bash_decorator' retrieved from /home/logi/txtai/venv/lib/python3.10/site-packages/airflow/example_dags/example_bash_decorator.py
[2025-11-12T08:10:32.871+0530] {logging_mixin.py:188} INFO - [2025-11-12T08:10:32.870+0530] {dag.py:3089} INFO - Sync 1 DAGs
[2025-11-12T08:10:32.881+0530] {logging_mixin.py:188} INFO - [2025-11-12T08:10:32.880+0530] {dag.py:3947} INFO - Setting next_dagrun for example_bash_decorator to None, run_after=None
[2025-11-12T08:10:32.907+0530] {processor.py:183} INFO - Processing /home/logi/txtai/venv/lib/python3.10/site-packages/airflow/example_dags/example_bash_decorator.py took 0.117 seconds
[2025-11-12T08:11:36.057+0530] {processor.py:161} INFO - Started process (PID=11276) to work on /home/logi/txtai/venv/lib/python3.10/site-packages/airflow/example_dags/example_bash_decorator.py
[2025-11-12T08:11:36.070+0530] {processor.py:830} INFO - Processing file /home/logi/txtai/venv/lib/python3.10/site-packages/airflow/example_dags/example_bash_decorator.py for tasks to queue
[2025-11-12T08:11:36.073+0530] {logging_mixin.py:188} INFO - [2025-11-12T08:11:36.073+0530] {dagbag.py:545} INFO - Filling up the DagBag from /home/logi/txtai/venv/lib/python3.10/site-packages/airflow/example_dags/example_bash_decorator.py
[2025-11-12T08:11:36.094+0530] {processor.py:840} INFO - DAG(s) 'example_bash_decorator' retrieved from /home/logi/txtai/venv/lib/python3.10/site-packages/airflow/example_dags/example_bash_decorator.py
[2025-11-12T08:11:36.123+0530] {logging_mixin.py:188} INFO - [2025-11-12T08:11:36.122+0530] {dag.py:3089} INFO - Sync 1 DAGs
[2025-11-12T08:11:36.132+0530] {logging_mixin.py:188} INFO - [2025-11-12T08:11:36.131+0530] {dag.py:3947} INFO - Setting next_dagrun for example_bash_decorator to None, run_after=None
[2025-11-12T08:11:36.149+0530] {processor.py:183} INFO - Processing /home/logi/txtai/venv/lib/python3.10/site-packages/airflow/example_dags/example_bash_decorator.py took 0.103 seconds
[2025-11-12T08:12:42.804+0530] {processor.py:161} INFO - Started process (PID=11877) to work on /home/logi/txtai/venv/lib/python3.10/site-packages/airflow/example_dags/example_bash_decorator.py
[2025-11-12T08:12:42.818+0530] {processor.py:830} INFO - Processing file /home/logi/txtai/venv/lib/python3.10/site-packages/airflow/example_dags/example_bash_decorator.py for tasks to queue
[2025-11-12T08:12:42.822+0530] {logging_mixin.py:188} INFO - [2025-11-12T08:12:42.821+0530] {dagbag.py:545} INFO - Filling up the DagBag from /home/logi/txtai/venv/lib/python3.10/site-packages/airflow/example_dags/example_bash_decorator.py
[2025-11-12T08:12:42.855+0530] {processor.py:840} INFO - DAG(s) 'example_bash_decorator' retrieved from /home/logi/txtai/venv/lib/python3.10/site-packages/airflow/example_dags/example_bash_decorator.py
[2025-11-12T08:12:42.887+0530] {logging_mixin.py:188} INFO - [2025-11-12T08:12:42.886+0530] {dag.py:3089} INFO - Sync 1 DAGs
[2025-11-12T08:12:42.902+0530] {logging_mixin.py:188} INFO - [2025-11-12T08:12:42.902+0530] {dag.py:3947} INFO - Setting next_dagrun for example_bash_decorator to None, run_after=None
[2025-11-12T08:12:42.933+0530] {processor.py:183} INFO - Processing /home/logi/txtai/venv/lib/python3.10/site-packages/airflow/example_dags/example_bash_decorator.py took 0.148 seconds
[2025-11-12T08:14:22.162+0530] {processor.py:161} INFO - Started process (PID=12937) to work on /home/logi/txtai/venv/lib/python3.10/site-packages/airflow/example_dags/example_bash_decorator.py
[2025-11-12T08:14:22.175+0530] {processor.py:830} INFO - Processing file /home/logi/txtai/venv/lib/python3.10/site-packages/airflow/example_dags/example_bash_decorator.py for tasks to queue
[2025-11-12T08:14:22.179+0530] {logging_mixin.py:188} INFO - [2025-11-12T08:14:22.178+0530] {dagbag.py:545} INFO - Filling up the DagBag from /home/logi/txtai/venv/lib/python3.10/site-packages/airflow/example_dags/example_bash_decorator.py
[2025-11-12T08:14:22.202+0530] {processor.py:840} INFO - DAG(s) 'example_bash_decorator' retrieved from /home/logi/txtai/venv/lib/python3.10/site-packages/airflow/example_dags/example_bash_decorator.py
[2025-11-12T08:14:22.231+0530] {logging_mixin.py:188} INFO - [2025-11-12T08:14:22.231+0530] {dag.py:3089} INFO - Sync 1 DAGs
[2025-11-12T08:14:22.242+0530] {logging_mixin.py:188} INFO - [2025-11-12T08:14:22.242+0530] {dag.py:3947} INFO - Setting next_dagrun for example_bash_decorator to None, run_after=None
[2025-11-12T08:14:22.262+0530] {processor.py:183} INFO - Processing /home/logi/txtai/venv/lib/python3.10/site-packages/airflow/example_dags/example_bash_decorator.py took 0.111 seconds
[2025-11-12T08:15:21.747+0530] {processor.py:161} INFO - Started process (PID=13430) to work on /home/logi/txtai/venv/lib/python3.10/site-packages/airflow/example_dags/example_bash_decorator.py
[2025-11-12T08:15:21.760+0530] {processor.py:830} INFO - Processing file /home/logi/txtai/venv/lib/python3.10/site-packages/airflow/example_dags/example_bash_decorator.py for tasks to queue
[2025-11-12T08:15:21.763+0530] {logging_mixin.py:188} INFO - [2025-11-12T08:15:21.763+0530] {dagbag.py:545} INFO - Filling up the DagBag from /home/logi/txtai/venv/lib/python3.10/site-packages/airflow/example_dags/example_bash_decorator.py
[2025-11-12T08:15:21.786+0530] {processor.py:840} INFO - DAG(s) 'example_bash_decorator' retrieved from /home/logi/txtai/venv/lib/python3.10/site-packages/airflow/example_dags/example_bash_decorator.py
[2025-11-12T08:15:21.814+0530] {logging_mixin.py:188} INFO - [2025-11-12T08:15:21.814+0530] {dag.py:3089} INFO - Sync 1 DAGs
[2025-11-12T08:15:21.824+0530] {logging_mixin.py:188} INFO - [2025-11-12T08:15:21.823+0530] {dag.py:3947} INFO - Setting next_dagrun for example_bash_decorator to None, run_after=None
[2025-11-12T08:15:21.845+0530] {processor.py:183} INFO - Processing /home/logi/txtai/venv/lib/python3.10/site-packages/airflow/example_dags/example_bash_decorator.py took 0.109 seconds
[2025-11-12T08:16:19.391+0530] {processor.py:161} INFO - Started process (PID=13912) to work on /home/logi/txtai/venv/lib/python3.10/site-packages/airflow/example_dags/example_bash_decorator.py
[2025-11-12T08:16:19.393+0530] {processor.py:830} INFO - Processing file /home/logi/txtai/venv/lib/python3.10/site-packages/airflow/example_dags/example_bash_decorator.py for tasks to queue
[2025-11-12T08:16:19.396+0530] {logging_mixin.py:188} INFO - [2025-11-12T08:16:19.395+0530] {dagbag.py:545} INFO - Filling up the DagBag from /home/logi/txtai/venv/lib/python3.10/site-packages/airflow/example_dags/example_bash_decorator.py
[2025-11-12T08:16:19.419+0530] {processor.py:840} INFO - DAG(s) 'example_bash_decorator' retrieved from /home/logi/txtai/venv/lib/python3.10/site-packages/airflow/example_dags/example_bash_decorator.py
[2025-11-12T08:16:19.441+0530] {logging_mixin.py:188} INFO - [2025-11-12T08:16:19.441+0530] {dag.py:3089} INFO - Sync 1 DAGs
[2025-11-12T08:16:19.451+0530] {logging_mixin.py:188} INFO - [2025-11-12T08:16:19.451+0530] {dag.py:3947} INFO - Setting next_dagrun for example_bash_decorator to None, run_after=None
[2025-11-12T08:16:19.472+0530] {processor.py:183} INFO - Processing /home/logi/txtai/venv/lib/python3.10/site-packages/airflow/example_dags/example_bash_decorator.py took 0.092 seconds
[2025-11-12T08:17:19.374+0530] {processor.py:161} INFO - Started process (PID=14405) to work on /home/logi/txtai/venv/lib/python3.10/site-packages/airflow/example_dags/example_bash_decorator.py
[2025-11-12T08:17:19.388+0530] {processor.py:830} INFO - Processing file /home/logi/txtai/venv/lib/python3.10/site-packages/airflow/example_dags/example_bash_decorator.py for tasks to queue
[2025-11-12T08:17:19.391+0530] {logging_mixin.py:188} INFO - [2025-11-12T08:17:19.390+0530] {dagbag.py:545} INFO - Filling up the DagBag from /home/logi/txtai/venv/lib/python3.10/site-packages/airflow/example_dags/example_bash_decorator.py
[2025-11-12T08:17:19.414+0530] {processor.py:840} INFO - DAG(s) 'example_bash_decorator' retrieved from /home/logi/txtai/venv/lib/python3.10/site-packages/airflow/example_dags/example_bash_decorator.py
[2025-11-12T08:17:19.443+0530] {logging_mixin.py:188} INFO - [2025-11-12T08:17:19.443+0530] {dag.py:3089} INFO - Sync 1 DAGs
[2025-11-12T08:17:19.453+0530] {logging_mixin.py:188} INFO - [2025-11-12T08:17:19.453+0530] {dag.py:3947} INFO - Setting next_dagrun for example_bash_decorator to None, run_after=None
[2025-11-12T08:17:19.473+0530] {processor.py:183} INFO - Processing /home/logi/txtai/venv/lib/python3.10/site-packages/airflow/example_dags/example_bash_decorator.py took 0.110 seconds
[2025-11-12T08:18:25.775+0530] {processor.py:161} INFO - Started process (PID=15090) to work on /home/logi/txtai/venv/lib/python3.10/site-packages/airflow/example_dags/example_bash_decorator.py
[2025-11-12T08:18:25.788+0530] {processor.py:830} INFO - Processing file /home/logi/txtai/venv/lib/python3.10/site-packages/airflow/example_dags/example_bash_decorator.py for tasks to queue
[2025-11-12T08:18:25.792+0530] {logging_mixin.py:188} INFO - [2025-11-12T08:18:25.791+0530] {dagbag.py:545} INFO - Filling up the DagBag from /home/logi/txtai/venv/lib/python3.10/site-packages/airflow/example_dags/example_bash_decorator.py
[2025-11-12T08:18:25.813+0530] {processor.py:840} INFO - DAG(s) 'example_bash_decorator' retrieved from /home/logi/txtai/venv/lib/python3.10/site-packages/airflow/example_dags/example_bash_decorator.py
[2025-11-12T08:18:25.842+0530] {logging_mixin.py:188} INFO - [2025-11-12T08:18:25.841+0530] {dag.py:3089} INFO - Sync 1 DAGs
[2025-11-12T08:18:25.852+0530] {logging_mixin.py:188} INFO - [2025-11-12T08:18:25.851+0530] {dag.py:3947} INFO - Setting next_dagrun for example_bash_decorator to None, run_after=None
[2025-11-12T08:18:25.873+0530] {processor.py:183} INFO - Processing /home/logi/txtai/venv/lib/python3.10/site-packages/airflow/example_dags/example_bash_decorator.py took 0.110 seconds
[2025-11-12T08:19:32.501+0530] {processor.py:161} INFO - Started process (PID=15644) to work on /home/logi/txtai/venv/lib/python3.10/site-packages/airflow/example_dags/example_bash_decorator.py
[2025-11-12T08:19:32.514+0530] {processor.py:830} INFO - Processing file /home/logi/txtai/venv/lib/python3.10/site-packages/airflow/example_dags/example_bash_decorator.py for tasks to queue
[2025-11-12T08:19:32.518+0530] {logging_mixin.py:188} INFO - [2025-11-12T08:19:32.517+0530] {dagbag.py:545} INFO - Filling up the DagBag from /home/logi/txtai/venv/lib/python3.10/site-packages/airflow/example_dags/example_bash_decorator.py
[2025-11-12T08:19:32.539+0530] {processor.py:840} INFO - DAG(s) 'example_bash_decorator' retrieved from /home/logi/txtai/venv/lib/python3.10/site-packages/airflow/example_dags/example_bash_decorator.py
[2025-11-12T08:19:32.568+0530] {logging_mixin.py:188} INFO - [2025-11-12T08:19:32.567+0530] {dag.py:3089} INFO - Sync 1 DAGs
[2025-11-12T08:19:32.577+0530] {logging_mixin.py:188} INFO - [2025-11-12T08:19:32.577+0530] {dag.py:3947} INFO - Setting next_dagrun for example_bash_decorator to None, run_after=None
[2025-11-12T08:19:32.601+0530] {processor.py:183} INFO - Processing /home/logi/txtai/venv/lib/python3.10/site-packages/airflow/example_dags/example_bash_decorator.py took 0.111 seconds
[2025-11-12T08:20:31.607+0530] {processor.py:161} INFO - Started process (PID=16126) to work on /home/logi/txtai/venv/lib/python3.10/site-packages/airflow/example_dags/example_bash_decorator.py
[2025-11-12T08:20:31.620+0530] {processor.py:830} INFO - Processing file /home/logi/txtai/venv/lib/python3.10/site-packages/airflow/example_dags/example_bash_decorator.py for tasks to queue
[2025-11-12T08:20:31.624+0530] {logging_mixin.py:188} INFO - [2025-11-12T08:20:31.623+0530] {dagbag.py:545} INFO - Filling up the DagBag from /home/logi/txtai/venv/lib/python3.10/site-packages/airflow/example_dags/example_bash_decorator.py
[2025-11-12T08:20:31.646+0530] {processor.py:840} INFO - DAG(s) 'example_bash_decorator' retrieved from /home/logi/txtai/venv/lib/python3.10/site-packages/airflow/example_dags/example_bash_decorator.py
[2025-11-12T08:20:31.669+0530] {logging_mixin.py:188} INFO - [2025-11-12T08:20:31.669+0530] {dag.py:3089} INFO - Sync 1 DAGs
[2025-11-12T08:20:31.679+0530] {logging_mixin.py:188} INFO - [2025-11-12T08:20:31.679+0530] {dag.py:3947} INFO - Setting next_dagrun for example_bash_decorator to None, run_after=None
[2025-11-12T08:20:31.699+0530] {processor.py:183} INFO - Processing /home/logi/txtai/venv/lib/python3.10/site-packages/airflow/example_dags/example_bash_decorator.py took 0.103 seconds
[2025-11-12T08:21:40.025+0530] {processor.py:161} INFO - Started process (PID=16688) to work on /home/logi/txtai/venv/lib/python3.10/site-packages/airflow/example_dags/example_bash_decorator.py
[2025-11-12T08:21:40.038+0530] {processor.py:830} INFO - Processing file /home/logi/txtai/venv/lib/python3.10/site-packages/airflow/example_dags/example_bash_decorator.py for tasks to queue
[2025-11-12T08:21:40.041+0530] {logging_mixin.py:188} INFO - [2025-11-12T08:21:40.041+0530] {dagbag.py:545} INFO - Filling up the DagBag from /home/logi/txtai/venv/lib/python3.10/site-packages/airflow/example_dags/example_bash_decorator.py
[2025-11-12T08:21:40.063+0530] {processor.py:840} INFO - DAG(s) 'example_bash_decorator' retrieved from /home/logi/txtai/venv/lib/python3.10/site-packages/airflow/example_dags/example_bash_decorator.py
[2025-11-12T08:21:40.092+0530] {logging_mixin.py:188} INFO - [2025-11-12T08:21:40.092+0530] {dag.py:3089} INFO - Sync 1 DAGs
[2025-11-12T08:21:40.102+0530] {logging_mixin.py:188} INFO - [2025-11-12T08:21:40.102+0530] {dag.py:3947} INFO - Setting next_dagrun for example_bash_decorator to None, run_after=None
[2025-11-12T08:21:40.129+0530] {processor.py:183} INFO - Processing /home/logi/txtai/venv/lib/python3.10/site-packages/airflow/example_dags/example_bash_decorator.py took 0.115 seconds
[2025-11-12T08:22:41.697+0530] {processor.py:161} INFO - Started process (PID=17206) to work on /home/logi/txtai/venv/lib/python3.10/site-packages/airflow/example_dags/example_bash_decorator.py
[2025-11-12T08:22:41.699+0530] {processor.py:830} INFO - Processing file /home/logi/txtai/venv/lib/python3.10/site-packages/airflow/example_dags/example_bash_decorator.py for tasks to queue
[2025-11-12T08:22:41.702+0530] {logging_mixin.py:188} INFO - [2025-11-12T08:22:41.702+0530] {dagbag.py:545} INFO - Filling up the DagBag from /home/logi/txtai/venv/lib/python3.10/site-packages/airflow/example_dags/example_bash_decorator.py
[2025-11-12T08:22:41.724+0530] {processor.py:840} INFO - DAG(s) 'example_bash_decorator' retrieved from /home/logi/txtai/venv/lib/python3.10/site-packages/airflow/example_dags/example_bash_decorator.py
[2025-11-12T08:22:41.745+0530] {logging_mixin.py:188} INFO - [2025-11-12T08:22:41.745+0530] {dag.py:3089} INFO - Sync 1 DAGs
[2025-11-12T08:22:41.755+0530] {logging_mixin.py:188} INFO - [2025-11-12T08:22:41.754+0530] {dag.py:3947} INFO - Setting next_dagrun for example_bash_decorator to None, run_after=None
[2025-11-12T08:22:41.774+0530] {processor.py:183} INFO - Processing /home/logi/txtai/venv/lib/python3.10/site-packages/airflow/example_dags/example_bash_decorator.py took 0.091 seconds
[2025-11-12T08:24:08.655+0530] {processor.py:161} INFO - Started process (PID=18000) to work on /home/logi/txtai/venv/lib/python3.10/site-packages/airflow/example_dags/example_bash_decorator.py
[2025-11-12T08:24:08.669+0530] {processor.py:830} INFO - Processing file /home/logi/txtai/venv/lib/python3.10/site-packages/airflow/example_dags/example_bash_decorator.py for tasks to queue
[2025-11-12T08:24:08.672+0530] {logging_mixin.py:188} INFO - [2025-11-12T08:24:08.672+0530] {dagbag.py:545} INFO - Filling up the DagBag from /home/logi/txtai/venv/lib/python3.10/site-packages/airflow/example_dags/example_bash_decorator.py
[2025-11-12T08:24:08.695+0530] {processor.py:840} INFO - DAG(s) 'example_bash_decorator' retrieved from /home/logi/txtai/venv/lib/python3.10/site-packages/airflow/example_dags/example_bash_decorator.py
[2025-11-12T08:24:08.724+0530] {logging_mixin.py:188} INFO - [2025-11-12T08:24:08.724+0530] {dag.py:3089} INFO - Sync 1 DAGs
[2025-11-12T08:24:08.735+0530] {logging_mixin.py:188} INFO - [2025-11-12T08:24:08.734+0530] {dag.py:3947} INFO - Setting next_dagrun for example_bash_decorator to None, run_after=None
[2025-11-12T08:24:08.762+0530] {processor.py:183} INFO - Processing /home/logi/txtai/venv/lib/python3.10/site-packages/airflow/example_dags/example_bash_decorator.py took 0.118 seconds
[2025-11-12T08:25:14.441+0530] {processor.py:161} INFO - Started process (PID=18155) to work on /home/logi/txtai/venv/lib/python3.10/site-packages/airflow/example_dags/example_bash_decorator.py
[2025-11-12T08:25:14.443+0530] {processor.py:830} INFO - Processing file /home/logi/txtai/venv/lib/python3.10/site-packages/airflow/example_dags/example_bash_decorator.py for tasks to queue
[2025-11-12T08:25:14.446+0530] {logging_mixin.py:188} INFO - [2025-11-12T08:25:14.446+0530] {dagbag.py:545} INFO - Filling up the DagBag from /home/logi/txtai/venv/lib/python3.10/site-packages/airflow/example_dags/example_bash_decorator.py
[2025-11-12T08:25:14.468+0530] {processor.py:840} INFO - DAG(s) 'example_bash_decorator' retrieved from /home/logi/txtai/venv/lib/python3.10/site-packages/airflow/example_dags/example_bash_decorator.py
[2025-11-12T08:25:14.491+0530] {logging_mixin.py:188} INFO - [2025-11-12T08:25:14.490+0530] {dag.py:3089} INFO - Sync 1 DAGs
[2025-11-12T08:25:14.500+0530] {logging_mixin.py:188} INFO - [2025-11-12T08:25:14.500+0530] {dag.py:3947} INFO - Setting next_dagrun for example_bash_decorator to None, run_after=None
[2025-11-12T08:25:14.521+0530] {processor.py:183} INFO - Processing /home/logi/txtai/venv/lib/python3.10/site-packages/airflow/example_dags/example_bash_decorator.py took 0.091 seconds
[2025-11-12T08:26:12.099+0530] {processor.py:161} INFO - Started process (PID=18267) to work on /home/logi/txtai/venv/lib/python3.10/site-packages/airflow/example_dags/example_bash_decorator.py
[2025-11-12T08:26:12.113+0530] {processor.py:830} INFO - Processing file /home/logi/txtai/venv/lib/python3.10/site-packages/airflow/example_dags/example_bash_decorator.py for tasks to queue
[2025-11-12T08:26:12.116+0530] {logging_mixin.py:188} INFO - [2025-11-12T08:26:12.116+0530] {dagbag.py:545} INFO - Filling up the DagBag from /home/logi/txtai/venv/lib/python3.10/site-packages/airflow/example_dags/example_bash_decorator.py
[2025-11-12T08:26:12.139+0530] {processor.py:840} INFO - DAG(s) 'example_bash_decorator' retrieved from /home/logi/txtai/venv/lib/python3.10/site-packages/airflow/example_dags/example_bash_decorator.py
[2025-11-12T08:26:12.169+0530] {logging_mixin.py:188} INFO - [2025-11-12T08:26:12.169+0530] {dag.py:3089} INFO - Sync 1 DAGs
[2025-11-12T08:26:12.179+0530] {logging_mixin.py:188} INFO - [2025-11-12T08:26:12.179+0530] {dag.py:3947} INFO - Setting next_dagrun for example_bash_decorator to None, run_after=None
[2025-11-12T08:26:12.206+0530] {processor.py:183} INFO - Processing /home/logi/txtai/venv/lib/python3.10/site-packages/airflow/example_dags/example_bash_decorator.py took 0.118 seconds
[2025-11-12T08:27:17.360+0530] {processor.py:161} INFO - Started process (PID=18420) to work on /home/logi/txtai/venv/lib/python3.10/site-packages/airflow/example_dags/example_bash_decorator.py
[2025-11-12T08:27:17.375+0530] {processor.py:830} INFO - Processing file /home/logi/txtai/venv/lib/python3.10/site-packages/airflow/example_dags/example_bash_decorator.py for tasks to queue
[2025-11-12T08:27:17.378+0530] {logging_mixin.py:188} INFO - [2025-11-12T08:27:17.377+0530] {dagbag.py:545} INFO - Filling up the DagBag from /home/logi/txtai/venv/lib/python3.10/site-packages/airflow/example_dags/example_bash_decorator.py
[2025-11-12T08:27:17.402+0530] {processor.py:840} INFO - DAG(s) 'example_bash_decorator' retrieved from /home/logi/txtai/venv/lib/python3.10/site-packages/airflow/example_dags/example_bash_decorator.py
[2025-11-12T08:27:17.432+0530] {logging_mixin.py:188} INFO - [2025-11-12T08:27:17.431+0530] {dag.py:3089} INFO - Sync 1 DAGs
[2025-11-12T08:27:17.441+0530] {logging_mixin.py:188} INFO - [2025-11-12T08:27:17.441+0530] {dag.py:3947} INFO - Setting next_dagrun for example_bash_decorator to None, run_after=None
[2025-11-12T08:27:17.468+0530] {processor.py:183} INFO - Processing /home/logi/txtai/venv/lib/python3.10/site-packages/airflow/example_dags/example_bash_decorator.py took 0.120 seconds
[2025-11-12T08:28:20.002+0530] {processor.py:161} INFO - Started process (PID=18592) to work on /home/logi/txtai/venv/lib/python3.10/site-packages/airflow/example_dags/example_bash_decorator.py
[2025-11-12T08:28:20.012+0530] {processor.py:830} INFO - Processing file /home/logi/txtai/venv/lib/python3.10/site-packages/airflow/example_dags/example_bash_decorator.py for tasks to queue
[2025-11-12T08:28:20.016+0530] {logging_mixin.py:188} INFO - [2025-11-12T08:28:20.015+0530] {dagbag.py:545} INFO - Filling up the DagBag from /home/logi/txtai/venv/lib/python3.10/site-packages/airflow/example_dags/example_bash_decorator.py
[2025-11-12T08:28:20.040+0530] {processor.py:840} INFO - DAG(s) 'example_bash_decorator' retrieved from /home/logi/txtai/venv/lib/python3.10/site-packages/airflow/example_dags/example_bash_decorator.py
[2025-11-12T08:28:20.072+0530] {logging_mixin.py:188} INFO - [2025-11-12T08:28:20.071+0530] {dag.py:3089} INFO - Sync 1 DAGs
[2025-11-12T08:28:20.081+0530] {logging_mixin.py:188} INFO - [2025-11-12T08:28:20.081+0530] {dag.py:3947} INFO - Setting next_dagrun for example_bash_decorator to None, run_after=None
[2025-11-12T08:28:20.102+0530] {processor.py:183} INFO - Processing /home/logi/txtai/venv/lib/python3.10/site-packages/airflow/example_dags/example_bash_decorator.py took 0.112 seconds
[2025-11-12T08:29:30.351+0530] {processor.py:161} INFO - Started process (PID=18898) to work on /home/logi/txtai/venv/lib/python3.10/site-packages/airflow/example_dags/example_bash_decorator.py
[2025-11-12T08:29:30.365+0530] {processor.py:830} INFO - Processing file /home/logi/txtai/venv/lib/python3.10/site-packages/airflow/example_dags/example_bash_decorator.py for tasks to queue
[2025-11-12T08:29:30.368+0530] {logging_mixin.py:188} INFO - [2025-11-12T08:29:30.368+0530] {dagbag.py:545} INFO - Filling up the DagBag from /home/logi/txtai/venv/lib/python3.10/site-packages/airflow/example_dags/example_bash_decorator.py
[2025-11-12T08:29:30.391+0530] {processor.py:840} INFO - DAG(s) 'example_bash_decorator' retrieved from /home/logi/txtai/venv/lib/python3.10/site-packages/airflow/example_dags/example_bash_decorator.py
[2025-11-12T08:29:30.420+0530] {logging_mixin.py:188} INFO - [2025-11-12T08:29:30.420+0530] {dag.py:3089} INFO - Sync 1 DAGs
[2025-11-12T08:29:30.430+0530] {logging_mixin.py:188} INFO - [2025-11-12T08:29:30.430+0530] {dag.py:3947} INFO - Setting next_dagrun for example_bash_decorator to None, run_after=None
[2025-11-12T08:29:30.450+0530] {processor.py:183} INFO - Processing /home/logi/txtai/venv/lib/python3.10/site-packages/airflow/example_dags/example_bash_decorator.py took 0.110 seconds
[2025-11-12T08:30:31.222+0530] {processor.py:161} INFO - Started process (PID=19224) to work on /home/logi/txtai/venv/lib/python3.10/site-packages/airflow/example_dags/example_bash_decorator.py
[2025-11-12T08:30:31.235+0530] {processor.py:830} INFO - Processing file /home/logi/txtai/venv/lib/python3.10/site-packages/airflow/example_dags/example_bash_decorator.py for tasks to queue
[2025-11-12T08:30:31.238+0530] {logging_mixin.py:188} INFO - [2025-11-12T08:30:31.238+0530] {dagbag.py:545} INFO - Filling up the DagBag from /home/logi/txtai/venv/lib/python3.10/site-packages/airflow/example_dags/example_bash_decorator.py
[2025-11-12T08:30:31.261+0530] {processor.py:840} INFO - DAG(s) 'example_bash_decorator' retrieved from /home/logi/txtai/venv/lib/python3.10/site-packages/airflow/example_dags/example_bash_decorator.py
[2025-11-12T08:30:31.291+0530] {logging_mixin.py:188} INFO - [2025-11-12T08:30:31.291+0530] {dag.py:3089} INFO - Sync 1 DAGs
[2025-11-12T08:30:31.300+0530] {logging_mixin.py:188} INFO - [2025-11-12T08:30:31.299+0530] {dag.py:3947} INFO - Setting next_dagrun for example_bash_decorator to None, run_after=None
[2025-11-12T08:30:31.318+0530] {processor.py:183} INFO - Processing /home/logi/txtai/venv/lib/python3.10/site-packages/airflow/example_dags/example_bash_decorator.py took 0.107 seconds
[2025-11-12T08:31:31.586+0530] {processor.py:161} INFO - Started process (PID=19383) to work on /home/logi/txtai/venv/lib/python3.10/site-packages/airflow/example_dags/example_bash_decorator.py
[2025-11-12T08:31:31.599+0530] {processor.py:830} INFO - Processing file /home/logi/txtai/venv/lib/python3.10/site-packages/airflow/example_dags/example_bash_decorator.py for tasks to queue
[2025-11-12T08:31:31.602+0530] {logging_mixin.py:188} INFO - [2025-11-12T08:31:31.601+0530] {dagbag.py:545} INFO - Filling up the DagBag from /home/logi/txtai/venv/lib/python3.10/site-packages/airflow/example_dags/example_bash_decorator.py
[2025-11-12T08:31:31.624+0530] {processor.py:840} INFO - DAG(s) 'example_bash_decorator' retrieved from /home/logi/txtai/venv/lib/python3.10/site-packages/airflow/example_dags/example_bash_decorator.py
[2025-11-12T08:31:31.656+0530] {logging_mixin.py:188} INFO - [2025-11-12T08:31:31.656+0530] {dag.py:3089} INFO - Sync 1 DAGs
[2025-11-12T08:31:31.666+0530] {logging_mixin.py:188} INFO - [2025-11-12T08:31:31.666+0530] {dag.py:3947} INFO - Setting next_dagrun for example_bash_decorator to None, run_after=None
[2025-11-12T08:31:31.686+0530] {processor.py:183} INFO - Processing /home/logi/txtai/venv/lib/python3.10/site-packages/airflow/example_dags/example_bash_decorator.py took 0.111 seconds
[2025-11-12T08:32:31.819+0530] {processor.py:161} INFO - Started process (PID=19509) to work on /home/logi/txtai/venv/lib/python3.10/site-packages/airflow/example_dags/example_bash_decorator.py
[2025-11-12T08:32:31.821+0530] {processor.py:830} INFO - Processing file /home/logi/txtai/venv/lib/python3.10/site-packages/airflow/example_dags/example_bash_decorator.py for tasks to queue
[2025-11-12T08:32:31.824+0530] {logging_mixin.py:188} INFO - [2025-11-12T08:32:31.823+0530] {dagbag.py:545} INFO - Filling up the DagBag from /home/logi/txtai/venv/lib/python3.10/site-packages/airflow/example_dags/example_bash_decorator.py
[2025-11-12T08:32:31.846+0530] {processor.py:840} INFO - DAG(s) 'example_bash_decorator' retrieved from /home/logi/txtai/venv/lib/python3.10/site-packages/airflow/example_dags/example_bash_decorator.py
[2025-11-12T08:32:31.868+0530] {logging_mixin.py:188} INFO - [2025-11-12T08:32:31.868+0530] {dag.py:3089} INFO - Sync 1 DAGs
[2025-11-12T08:32:31.878+0530] {logging_mixin.py:188} INFO - [2025-11-12T08:32:31.877+0530] {dag.py:3947} INFO - Setting next_dagrun for example_bash_decorator to None, run_after=None
[2025-11-12T08:32:31.897+0530] {processor.py:183} INFO - Processing /home/logi/txtai/venv/lib/python3.10/site-packages/airflow/example_dags/example_bash_decorator.py took 0.090 seconds
[2025-11-12T08:33:34.679+0530] {processor.py:161} INFO - Started process (PID=19646) to work on /home/logi/txtai/venv/lib/python3.10/site-packages/airflow/example_dags/example_bash_decorator.py
[2025-11-12T08:33:34.692+0530] {processor.py:830} INFO - Processing file /home/logi/txtai/venv/lib/python3.10/site-packages/airflow/example_dags/example_bash_decorator.py for tasks to queue
[2025-11-12T08:33:34.695+0530] {logging_mixin.py:188} INFO - [2025-11-12T08:33:34.695+0530] {dagbag.py:545} INFO - Filling up the DagBag from /home/logi/txtai/venv/lib/python3.10/site-packages/airflow/example_dags/example_bash_decorator.py
[2025-11-12T08:33:34.717+0530] {processor.py:840} INFO - DAG(s) 'example_bash_decorator' retrieved from /home/logi/txtai/venv/lib/python3.10/site-packages/airflow/example_dags/example_bash_decorator.py
[2025-11-12T08:33:34.746+0530] {logging_mixin.py:188} INFO - [2025-11-12T08:33:34.746+0530] {dag.py:3089} INFO - Sync 1 DAGs
[2025-11-12T08:33:34.756+0530] {logging_mixin.py:188} INFO - [2025-11-12T08:33:34.756+0530] {dag.py:3947} INFO - Setting next_dagrun for example_bash_decorator to None, run_after=None
[2025-11-12T08:33:34.784+0530] {processor.py:183} INFO - Processing /home/logi/txtai/venv/lib/python3.10/site-packages/airflow/example_dags/example_bash_decorator.py took 0.116 seconds
[2025-11-12T08:35:02.473+0530] {processor.py:161} INFO - Started process (PID=20081) to work on /home/logi/txtai/venv/lib/python3.10/site-packages/airflow/example_dags/example_bash_decorator.py
[2025-11-12T08:35:02.486+0530] {processor.py:830} INFO - Processing file /home/logi/txtai/venv/lib/python3.10/site-packages/airflow/example_dags/example_bash_decorator.py for tasks to queue
[2025-11-12T08:35:02.490+0530] {logging_mixin.py:188} INFO - [2025-11-12T08:35:02.489+0530] {dagbag.py:545} INFO - Filling up the DagBag from /home/logi/txtai/venv/lib/python3.10/site-packages/airflow/example_dags/example_bash_decorator.py
[2025-11-12T08:35:02.514+0530] {processor.py:840} INFO - DAG(s) 'example_bash_decorator' retrieved from /home/logi/txtai/venv/lib/python3.10/site-packages/airflow/example_dags/example_bash_decorator.py
[2025-11-12T08:35:02.542+0530] {logging_mixin.py:188} INFO - [2025-11-12T08:35:02.541+0530] {dag.py:3089} INFO - Sync 1 DAGs
[2025-11-12T08:35:02.552+0530] {logging_mixin.py:188} INFO - [2025-11-12T08:35:02.552+0530] {dag.py:3947} INFO - Setting next_dagrun for example_bash_decorator to None, run_after=None
[2025-11-12T08:35:02.573+0530] {processor.py:183} INFO - Processing /home/logi/txtai/venv/lib/python3.10/site-packages/airflow/example_dags/example_bash_decorator.py took 0.111 seconds
[2025-11-12T08:36:00.313+0530] {processor.py:161} INFO - Started process (PID=20163) to work on /home/logi/txtai/venv/lib/python3.10/site-packages/airflow/example_dags/example_bash_decorator.py
[2025-11-12T08:36:00.327+0530] {processor.py:830} INFO - Processing file /home/logi/txtai/venv/lib/python3.10/site-packages/airflow/example_dags/example_bash_decorator.py for tasks to queue
[2025-11-12T08:36:00.330+0530] {logging_mixin.py:188} INFO - [2025-11-12T08:36:00.329+0530] {dagbag.py:545} INFO - Filling up the DagBag from /home/logi/txtai/venv/lib/python3.10/site-packages/airflow/example_dags/example_bash_decorator.py
[2025-11-12T08:36:00.354+0530] {processor.py:840} INFO - DAG(s) 'example_bash_decorator' retrieved from /home/logi/txtai/venv/lib/python3.10/site-packages/airflow/example_dags/example_bash_decorator.py
[2025-11-12T08:36:00.380+0530] {logging_mixin.py:188} INFO - [2025-11-12T08:36:00.380+0530] {dag.py:3089} INFO - Sync 1 DAGs
[2025-11-12T08:36:00.391+0530] {logging_mixin.py:188} INFO - [2025-11-12T08:36:00.390+0530] {dag.py:3947} INFO - Setting next_dagrun for example_bash_decorator to None, run_after=None
[2025-11-12T08:36:00.414+0530] {processor.py:183} INFO - Processing /home/logi/txtai/venv/lib/python3.10/site-packages/airflow/example_dags/example_bash_decorator.py took 0.113 seconds
[2025-11-12T08:36:59.262+0530] {processor.py:161} INFO - Started process (PID=20243) to work on /home/logi/txtai/venv/lib/python3.10/site-packages/airflow/example_dags/example_bash_decorator.py
[2025-11-12T08:36:59.276+0530] {processor.py:830} INFO - Processing file /home/logi/txtai/venv/lib/python3.10/site-packages/airflow/example_dags/example_bash_decorator.py for tasks to queue
[2025-11-12T08:36:59.279+0530] {logging_mixin.py:188} INFO - [2025-11-12T08:36:59.278+0530] {dagbag.py:545} INFO - Filling up the DagBag from /home/logi/txtai/venv/lib/python3.10/site-packages/airflow/example_dags/example_bash_decorator.py
[2025-11-12T08:36:59.302+0530] {processor.py:840} INFO - DAG(s) 'example_bash_decorator' retrieved from /home/logi/txtai/venv/lib/python3.10/site-packages/airflow/example_dags/example_bash_decorator.py
[2025-11-12T08:36:59.330+0530] {logging_mixin.py:188} INFO - [2025-11-12T08:36:59.330+0530] {dag.py:3089} INFO - Sync 1 DAGs
[2025-11-12T08:36:59.341+0530] {logging_mixin.py:188} INFO - [2025-11-12T08:36:59.340+0530] {dag.py:3947} INFO - Setting next_dagrun for example_bash_decorator to None, run_after=None
[2025-11-12T08:36:59.360+0530] {processor.py:183} INFO - Processing /home/logi/txtai/venv/lib/python3.10/site-packages/airflow/example_dags/example_bash_decorator.py took 0.111 seconds
[2025-11-12T08:38:02.564+0530] {processor.py:161} INFO - Started process (PID=20414) to work on /home/logi/txtai/venv/lib/python3.10/site-packages/airflow/example_dags/example_bash_decorator.py
[2025-11-12T08:38:02.566+0530] {processor.py:830} INFO - Processing file /home/logi/txtai/venv/lib/python3.10/site-packages/airflow/example_dags/example_bash_decorator.py for tasks to queue
[2025-11-12T08:38:02.570+0530] {logging_mixin.py:188} INFO - [2025-11-12T08:38:02.569+0530] {dagbag.py:545} INFO - Filling up the DagBag from /home/logi/txtai/venv/lib/python3.10/site-packages/airflow/example_dags/example_bash_decorator.py
[2025-11-12T08:38:02.594+0530] {processor.py:840} INFO - DAG(s) 'example_bash_decorator' retrieved from /home/logi/txtai/venv/lib/python3.10/site-packages/airflow/example_dags/example_bash_decorator.py
[2025-11-12T08:38:02.618+0530] {logging_mixin.py:188} INFO - [2025-11-12T08:38:02.618+0530] {dag.py:3089} INFO - Sync 1 DAGs
[2025-11-12T08:38:02.630+0530] {logging_mixin.py:188} INFO - [2025-11-12T08:38:02.630+0530] {dag.py:3947} INFO - Setting next_dagrun for example_bash_decorator to None, run_after=None
[2025-11-12T08:38:02.660+0530] {processor.py:183} INFO - Processing /home/logi/txtai/venv/lib/python3.10/site-packages/airflow/example_dags/example_bash_decorator.py took 0.108 seconds
[2025-11-12T08:39:10.139+0530] {processor.py:161} INFO - Started process (PID=20626) to work on /home/logi/txtai/venv/lib/python3.10/site-packages/airflow/example_dags/example_bash_decorator.py
[2025-11-12T08:39:10.152+0530] {processor.py:830} INFO - Processing file /home/logi/txtai/venv/lib/python3.10/site-packages/airflow/example_dags/example_bash_decorator.py for tasks to queue
[2025-11-12T08:39:10.155+0530] {logging_mixin.py:188} INFO - [2025-11-12T08:39:10.154+0530] {dagbag.py:545} INFO - Filling up the DagBag from /home/logi/txtai/venv/lib/python3.10/site-packages/airflow/example_dags/example_bash_decorator.py
[2025-11-12T08:39:10.175+0530] {processor.py:840} INFO - DAG(s) 'example_bash_decorator' retrieved from /home/logi/txtai/venv/lib/python3.10/site-packages/airflow/example_dags/example_bash_decorator.py
[2025-11-12T08:39:10.198+0530] {logging_mixin.py:188} INFO - [2025-11-12T08:39:10.198+0530] {dag.py:3089} INFO - Sync 1 DAGs
[2025-11-12T08:39:10.206+0530] {logging_mixin.py:188} INFO - [2025-11-12T08:39:10.206+0530] {dag.py:3947} INFO - Setting next_dagrun for example_bash_decorator to None, run_after=None
[2025-11-12T08:39:10.222+0530] {processor.py:183} INFO - Processing /home/logi/txtai/venv/lib/python3.10/site-packages/airflow/example_dags/example_bash_decorator.py took 0.095 seconds
[2025-11-12T08:40:18.720+0530] {processor.py:161} INFO - Started process (PID=20764) to work on /home/logi/txtai/venv/lib/python3.10/site-packages/airflow/example_dags/example_bash_decorator.py
[2025-11-12T08:40:18.722+0530] {processor.py:830} INFO - Processing file /home/logi/txtai/venv/lib/python3.10/site-packages/airflow/example_dags/example_bash_decorator.py for tasks to queue
[2025-11-12T08:40:18.725+0530] {logging_mixin.py:188} INFO - [2025-11-12T08:40:18.725+0530] {dagbag.py:545} INFO - Filling up the DagBag from /home/logi/txtai/venv/lib/python3.10/site-packages/airflow/example_dags/example_bash_decorator.py
[2025-11-12T08:40:18.748+0530] {processor.py:840} INFO - DAG(s) 'example_bash_decorator' retrieved from /home/logi/txtai/venv/lib/python3.10/site-packages/airflow/example_dags/example_bash_decorator.py
[2025-11-12T08:40:18.770+0530] {logging_mixin.py:188} INFO - [2025-11-12T08:40:18.770+0530] {dag.py:3089} INFO - Sync 1 DAGs
[2025-11-12T08:40:18.781+0530] {logging_mixin.py:188} INFO - [2025-11-12T08:40:18.781+0530] {dag.py:3947} INFO - Setting next_dagrun for example_bash_decorator to None, run_after=None
[2025-11-12T08:40:18.801+0530] {processor.py:183} INFO - Processing /home/logi/txtai/venv/lib/python3.10/site-packages/airflow/example_dags/example_bash_decorator.py took 0.093 seconds
[2025-11-12T08:41:25.345+0530] {processor.py:161} INFO - Started process (PID=20881) to work on /home/logi/txtai/venv/lib/python3.10/site-packages/airflow/example_dags/example_bash_decorator.py
[2025-11-12T08:41:25.360+0530] {processor.py:830} INFO - Processing file /home/logi/txtai/venv/lib/python3.10/site-packages/airflow/example_dags/example_bash_decorator.py for tasks to queue
[2025-11-12T08:41:25.363+0530] {logging_mixin.py:188} INFO - [2025-11-12T08:41:25.363+0530] {dagbag.py:545} INFO - Filling up the DagBag from /home/logi/txtai/venv/lib/python3.10/site-packages/airflow/example_dags/example_bash_decorator.py
[2025-11-12T08:41:25.386+0530] {processor.py:840} INFO - DAG(s) 'example_bash_decorator' retrieved from /home/logi/txtai/venv/lib/python3.10/site-packages/airflow/example_dags/example_bash_decorator.py
[2025-11-12T08:41:25.411+0530] {logging_mixin.py:188} INFO - [2025-11-12T08:41:25.411+0530] {dag.py:3089} INFO - Sync 1 DAGs
[2025-11-12T08:41:25.421+0530] {logging_mixin.py:188} INFO - [2025-11-12T08:41:25.421+0530] {dag.py:3947} INFO - Setting next_dagrun for example_bash_decorator to None, run_after=None
[2025-11-12T08:41:25.443+0530] {processor.py:183} INFO - Processing /home/logi/txtai/venv/lib/python3.10/site-packages/airflow/example_dags/example_bash_decorator.py took 0.110 seconds
[2025-11-12T08:42:27.419+0530] {processor.py:161} INFO - Started process (PID=20971) to work on /home/logi/txtai/venv/lib/python3.10/site-packages/airflow/example_dags/example_bash_decorator.py
[2025-11-12T08:42:27.432+0530] {processor.py:830} INFO - Processing file /home/logi/txtai/venv/lib/python3.10/site-packages/airflow/example_dags/example_bash_decorator.py for tasks to queue
[2025-11-12T08:42:27.434+0530] {logging_mixin.py:188} INFO - [2025-11-12T08:42:27.434+0530] {dagbag.py:545} INFO - Filling up the DagBag from /home/logi/txtai/venv/lib/python3.10/site-packages/airflow/example_dags/example_bash_decorator.py
[2025-11-12T08:42:27.447+0530] {processor.py:840} INFO - DAG(s) 'example_bash_decorator' retrieved from /home/logi/txtai/venv/lib/python3.10/site-packages/airflow/example_dags/example_bash_decorator.py
[2025-11-12T08:42:27.465+0530] {logging_mixin.py:188} INFO - [2025-11-12T08:42:27.465+0530] {dag.py:3089} INFO - Sync 1 DAGs
[2025-11-12T08:42:27.475+0530] {logging_mixin.py:188} INFO - [2025-11-12T08:42:27.475+0530] {dag.py:3947} INFO - Setting next_dagrun for example_bash_decorator to None, run_after=None
[2025-11-12T08:42:27.494+0530] {processor.py:183} INFO - Processing /home/logi/txtai/venv/lib/python3.10/site-packages/airflow/example_dags/example_bash_decorator.py took 0.082 seconds
[2025-11-12T08:43:35.570+0530] {processor.py:161} INFO - Started process (PID=21140) to work on /home/logi/txtai/venv/lib/python3.10/site-packages/airflow/example_dags/example_bash_decorator.py
[2025-11-12T08:43:35.584+0530] {processor.py:830} INFO - Processing file /home/logi/txtai/venv/lib/python3.10/site-packages/airflow/example_dags/example_bash_decorator.py for tasks to queue
[2025-11-12T08:43:35.587+0530] {logging_mixin.py:188} INFO - [2025-11-12T08:43:35.586+0530] {dagbag.py:545} INFO - Filling up the DagBag from /home/logi/txtai/venv/lib/python3.10/site-packages/airflow/example_dags/example_bash_decorator.py
[2025-11-12T08:43:35.607+0530] {processor.py:840} INFO - DAG(s) 'example_bash_decorator' retrieved from /home/logi/txtai/venv/lib/python3.10/site-packages/airflow/example_dags/example_bash_decorator.py
[2025-11-12T08:43:35.627+0530] {logging_mixin.py:188} INFO - [2025-11-12T08:43:35.627+0530] {dag.py:3089} INFO - Sync 1 DAGs
[2025-11-12T08:43:35.637+0530] {logging_mixin.py:188} INFO - [2025-11-12T08:43:35.637+0530] {dag.py:3947} INFO - Setting next_dagrun for example_bash_decorator to None, run_after=None
[2025-11-12T08:43:35.657+0530] {processor.py:183} INFO - Processing /home/logi/txtai/venv/lib/python3.10/site-packages/airflow/example_dags/example_bash_decorator.py took 0.093 seconds
[2025-11-12T08:45:22.379+0530] {processor.py:161} INFO - Started process (PID=21631) to work on /home/logi/txtai/venv/lib/python3.10/site-packages/airflow/example_dags/example_bash_decorator.py
[2025-11-12T08:45:22.392+0530] {processor.py:830} INFO - Processing file /home/logi/txtai/venv/lib/python3.10/site-packages/airflow/example_dags/example_bash_decorator.py for tasks to queue
[2025-11-12T08:45:22.395+0530] {logging_mixin.py:188} INFO - [2025-11-12T08:45:22.395+0530] {dagbag.py:545} INFO - Filling up the DagBag from /home/logi/txtai/venv/lib/python3.10/site-packages/airflow/example_dags/example_bash_decorator.py
[2025-11-12T08:45:22.419+0530] {processor.py:840} INFO - DAG(s) 'example_bash_decorator' retrieved from /home/logi/txtai/venv/lib/python3.10/site-packages/airflow/example_dags/example_bash_decorator.py
[2025-11-12T08:45:22.448+0530] {logging_mixin.py:188} INFO - [2025-11-12T08:45:22.447+0530] {dag.py:3089} INFO - Sync 1 DAGs
[2025-11-12T08:45:22.458+0530] {logging_mixin.py:188} INFO - [2025-11-12T08:45:22.457+0530] {dag.py:3947} INFO - Setting next_dagrun for example_bash_decorator to None, run_after=None
[2025-11-12T08:45:22.478+0530] {processor.py:183} INFO - Processing /home/logi/txtai/venv/lib/python3.10/site-packages/airflow/example_dags/example_bash_decorator.py took 0.110 seconds
[2025-11-12T08:46:25.172+0530] {processor.py:161} INFO - Started process (PID=21710) to work on /home/logi/txtai/venv/lib/python3.10/site-packages/airflow/example_dags/example_bash_decorator.py
[2025-11-12T08:46:25.186+0530] {processor.py:830} INFO - Processing file /home/logi/txtai/venv/lib/python3.10/site-packages/airflow/example_dags/example_bash_decorator.py for tasks to queue
[2025-11-12T08:46:25.188+0530] {logging_mixin.py:188} INFO - [2025-11-12T08:46:25.188+0530] {dagbag.py:545} INFO - Filling up the DagBag from /home/logi/txtai/venv/lib/python3.10/site-packages/airflow/example_dags/example_bash_decorator.py
[2025-11-12T08:46:25.212+0530] {processor.py:840} INFO - DAG(s) 'example_bash_decorator' retrieved from /home/logi/txtai/venv/lib/python3.10/site-packages/airflow/example_dags/example_bash_decorator.py
[2025-11-12T08:46:25.239+0530] {logging_mixin.py:188} INFO - [2025-11-12T08:46:25.239+0530] {dag.py:3089} INFO - Sync 1 DAGs
[2025-11-12T08:46:25.249+0530] {logging_mixin.py:188} INFO - [2025-11-12T08:46:25.249+0530] {dag.py:3947} INFO - Setting next_dagrun for example_bash_decorator to None, run_after=None
[2025-11-12T08:46:25.273+0530] {processor.py:183} INFO - Processing /home/logi/txtai/venv/lib/python3.10/site-packages/airflow/example_dags/example_bash_decorator.py took 0.112 seconds
[2025-11-12T08:47:26.178+0530] {processor.py:161} INFO - Started process (PID=21802) to work on /home/logi/txtai/venv/lib/python3.10/site-packages/airflow/example_dags/example_bash_decorator.py
[2025-11-12T08:47:26.191+0530] {processor.py:830} INFO - Processing file /home/logi/txtai/venv/lib/python3.10/site-packages/airflow/example_dags/example_bash_decorator.py for tasks to queue
[2025-11-12T08:47:26.196+0530] {logging_mixin.py:188} INFO - [2025-11-12T08:47:26.195+0530] {dagbag.py:545} INFO - Filling up the DagBag from /home/logi/txtai/venv/lib/python3.10/site-packages/airflow/example_dags/example_bash_decorator.py
[2025-11-12T08:47:26.222+0530] {processor.py:840} INFO - DAG(s) 'example_bash_decorator' retrieved from /home/logi/txtai/venv/lib/python3.10/site-packages/airflow/example_dags/example_bash_decorator.py
[2025-11-12T08:47:26.251+0530] {logging_mixin.py:188} INFO - [2025-11-12T08:47:26.250+0530] {dag.py:3089} INFO - Sync 1 DAGs
[2025-11-12T08:47:26.262+0530] {logging_mixin.py:188} INFO - [2025-11-12T08:47:26.261+0530] {dag.py:3947} INFO - Setting next_dagrun for example_bash_decorator to None, run_after=None
[2025-11-12T08:47:26.283+0530] {processor.py:183} INFO - Processing /home/logi/txtai/venv/lib/python3.10/site-packages/airflow/example_dags/example_bash_decorator.py took 0.116 seconds
[2025-11-12T08:48:25.789+0530] {processor.py:161} INFO - Started process (PID=21910) to work on /home/logi/txtai/venv/lib/python3.10/site-packages/airflow/example_dags/example_bash_decorator.py
[2025-11-12T08:48:25.803+0530] {processor.py:830} INFO - Processing file /home/logi/txtai/venv/lib/python3.10/site-packages/airflow/example_dags/example_bash_decorator.py for tasks to queue
[2025-11-12T08:48:25.808+0530] {logging_mixin.py:188} INFO - [2025-11-12T08:48:25.807+0530] {dagbag.py:545} INFO - Filling up the DagBag from /home/logi/txtai/venv/lib/python3.10/site-packages/airflow/example_dags/example_bash_decorator.py
[2025-11-12T08:48:25.835+0530] {processor.py:840} INFO - DAG(s) 'example_bash_decorator' retrieved from /home/logi/txtai/venv/lib/python3.10/site-packages/airflow/example_dags/example_bash_decorator.py
[2025-11-12T08:48:25.859+0530] {logging_mixin.py:188} INFO - [2025-11-12T08:48:25.859+0530] {dag.py:3089} INFO - Sync 1 DAGs
[2025-11-12T08:48:25.876+0530] {logging_mixin.py:188} INFO - [2025-11-12T08:48:25.875+0530] {dag.py:3947} INFO - Setting next_dagrun for example_bash_decorator to None, run_after=None
[2025-11-12T08:48:25.898+0530] {processor.py:183} INFO - Processing /home/logi/txtai/venv/lib/python3.10/site-packages/airflow/example_dags/example_bash_decorator.py took 0.120 seconds
[2025-11-12T08:49:27.462+0530] {processor.py:161} INFO - Started process (PID=21995) to work on /home/logi/txtai/venv/lib/python3.10/site-packages/airflow/example_dags/example_bash_decorator.py
[2025-11-12T08:49:27.476+0530] {processor.py:830} INFO - Processing file /home/logi/txtai/venv/lib/python3.10/site-packages/airflow/example_dags/example_bash_decorator.py for tasks to queue
[2025-11-12T08:49:27.479+0530] {logging_mixin.py:188} INFO - [2025-11-12T08:49:27.479+0530] {dagbag.py:545} INFO - Filling up the DagBag from /home/logi/txtai/venv/lib/python3.10/site-packages/airflow/example_dags/example_bash_decorator.py
[2025-11-12T08:49:27.503+0530] {processor.py:840} INFO - DAG(s) 'example_bash_decorator' retrieved from /home/logi/txtai/venv/lib/python3.10/site-packages/airflow/example_dags/example_bash_decorator.py
[2025-11-12T08:49:27.532+0530] {logging_mixin.py:188} INFO - [2025-11-12T08:49:27.532+0530] {dag.py:3089} INFO - Sync 1 DAGs
[2025-11-12T08:49:27.542+0530] {logging_mixin.py:188} INFO - [2025-11-12T08:49:27.542+0530] {dag.py:3947} INFO - Setting next_dagrun for example_bash_decorator to None, run_after=None
[2025-11-12T08:49:27.570+0530] {processor.py:183} INFO - Processing /home/logi/txtai/venv/lib/python3.10/site-packages/airflow/example_dags/example_bash_decorator.py took 0.120 seconds
[2025-11-12T08:50:38.000+0530] {processor.py:161} INFO - Started process (PID=22297) to work on /home/logi/txtai/venv/lib/python3.10/site-packages/airflow/example_dags/example_bash_decorator.py
[2025-11-12T08:50:38.014+0530] {processor.py:830} INFO - Processing file /home/logi/txtai/venv/lib/python3.10/site-packages/airflow/example_dags/example_bash_decorator.py for tasks to queue
[2025-11-12T08:50:38.017+0530] {logging_mixin.py:188} INFO - [2025-11-12T08:50:38.017+0530] {dagbag.py:545} INFO - Filling up the DagBag from /home/logi/txtai/venv/lib/python3.10/site-packages/airflow/example_dags/example_bash_decorator.py
[2025-11-12T08:50:38.042+0530] {processor.py:840} INFO - DAG(s) 'example_bash_decorator' retrieved from /home/logi/txtai/venv/lib/python3.10/site-packages/airflow/example_dags/example_bash_decorator.py
[2025-11-12T08:50:38.071+0530] {logging_mixin.py:188} INFO - [2025-11-12T08:50:38.071+0530] {dag.py:3089} INFO - Sync 1 DAGs
[2025-11-12T08:50:38.081+0530] {logging_mixin.py:188} INFO - [2025-11-12T08:50:38.081+0530] {dag.py:3947} INFO - Setting next_dagrun for example_bash_decorator to None, run_after=None
[2025-11-12T08:50:38.108+0530] {processor.py:183} INFO - Processing /home/logi/txtai/venv/lib/python3.10/site-packages/airflow/example_dags/example_bash_decorator.py took 0.119 seconds
[2025-11-12T08:51:37.752+0530] {processor.py:161} INFO - Started process (PID=22436) to work on /home/logi/txtai/venv/lib/python3.10/site-packages/airflow/example_dags/example_bash_decorator.py
[2025-11-12T08:51:37.765+0530] {processor.py:830} INFO - Processing file /home/logi/txtai/venv/lib/python3.10/site-packages/airflow/example_dags/example_bash_decorator.py for tasks to queue
[2025-11-12T08:51:37.768+0530] {logging_mixin.py:188} INFO - [2025-11-12T08:51:37.768+0530] {dagbag.py:545} INFO - Filling up the DagBag from /home/logi/txtai/venv/lib/python3.10/site-packages/airflow/example_dags/example_bash_decorator.py
[2025-11-12T08:51:37.791+0530] {processor.py:840} INFO - DAG(s) 'example_bash_decorator' retrieved from /home/logi/txtai/venv/lib/python3.10/site-packages/airflow/example_dags/example_bash_decorator.py
[2025-11-12T08:51:37.821+0530] {logging_mixin.py:188} INFO - [2025-11-12T08:51:37.820+0530] {dag.py:3089} INFO - Sync 1 DAGs
[2025-11-12T08:51:37.830+0530] {logging_mixin.py:188} INFO - [2025-11-12T08:51:37.830+0530] {dag.py:3947} INFO - Setting next_dagrun for example_bash_decorator to None, run_after=None
[2025-11-12T08:51:37.858+0530] {processor.py:183} INFO - Processing /home/logi/txtai/venv/lib/python3.10/site-packages/airflow/example_dags/example_bash_decorator.py took 0.125 seconds
[2025-11-12T08:52:36.558+0530] {processor.py:161} INFO - Started process (PID=22559) to work on /home/logi/txtai/venv/lib/python3.10/site-packages/airflow/example_dags/example_bash_decorator.py
[2025-11-12T08:52:36.571+0530] {processor.py:830} INFO - Processing file /home/logi/txtai/venv/lib/python3.10/site-packages/airflow/example_dags/example_bash_decorator.py for tasks to queue
[2025-11-12T08:52:36.574+0530] {logging_mixin.py:188} INFO - [2025-11-12T08:52:36.574+0530] {dagbag.py:545} INFO - Filling up the DagBag from /home/logi/txtai/venv/lib/python3.10/site-packages/airflow/example_dags/example_bash_decorator.py
[2025-11-12T08:52:36.597+0530] {processor.py:840} INFO - DAG(s) 'example_bash_decorator' retrieved from /home/logi/txtai/venv/lib/python3.10/site-packages/airflow/example_dags/example_bash_decorator.py
[2025-11-12T08:52:36.627+0530] {logging_mixin.py:188} INFO - [2025-11-12T08:52:36.627+0530] {dag.py:3089} INFO - Sync 1 DAGs
[2025-11-12T08:52:36.639+0530] {logging_mixin.py:188} INFO - [2025-11-12T08:52:36.639+0530] {dag.py:3947} INFO - Setting next_dagrun for example_bash_decorator to None, run_after=None
[2025-11-12T08:52:36.666+0530] {processor.py:183} INFO - Processing /home/logi/txtai/venv/lib/python3.10/site-packages/airflow/example_dags/example_bash_decorator.py took 0.120 seconds
[2025-11-12T08:53:37.977+0530] {processor.py:161} INFO - Started process (PID=22716) to work on /home/logi/txtai/venv/lib/python3.10/site-packages/airflow/example_dags/example_bash_decorator.py
[2025-11-12T08:53:37.990+0530] {processor.py:830} INFO - Processing file /home/logi/txtai/venv/lib/python3.10/site-packages/airflow/example_dags/example_bash_decorator.py for tasks to queue
[2025-11-12T08:53:37.994+0530] {logging_mixin.py:188} INFO - [2025-11-12T08:53:37.993+0530] {dagbag.py:545} INFO - Filling up the DagBag from /home/logi/txtai/venv/lib/python3.10/site-packages/airflow/example_dags/example_bash_decorator.py
[2025-11-12T08:53:38.016+0530] {processor.py:840} INFO - DAG(s) 'example_bash_decorator' retrieved from /home/logi/txtai/venv/lib/python3.10/site-packages/airflow/example_dags/example_bash_decorator.py
[2025-11-12T08:53:38.046+0530] {logging_mixin.py:188} INFO - [2025-11-12T08:53:38.046+0530] {dag.py:3089} INFO - Sync 1 DAGs
[2025-11-12T08:53:38.060+0530] {logging_mixin.py:188} INFO - [2025-11-12T08:53:38.060+0530] {dag.py:3947} INFO - Setting next_dagrun for example_bash_decorator to None, run_after=None
[2025-11-12T08:53:38.083+0530] {processor.py:183} INFO - Processing /home/logi/txtai/venv/lib/python3.10/site-packages/airflow/example_dags/example_bash_decorator.py took 0.118 seconds
[2025-11-12T08:55:02.185+0530] {processor.py:161} INFO - Started process (PID=23184) to work on /home/logi/txtai/venv/lib/python3.10/site-packages/airflow/example_dags/example_bash_decorator.py
[2025-11-12T08:55:02.198+0530] {processor.py:830} INFO - Processing file /home/logi/txtai/venv/lib/python3.10/site-packages/airflow/example_dags/example_bash_decorator.py for tasks to queue
[2025-11-12T08:55:02.201+0530] {logging_mixin.py:188} INFO - [2025-11-12T08:55:02.201+0530] {dagbag.py:545} INFO - Filling up the DagBag from /home/logi/txtai/venv/lib/python3.10/site-packages/airflow/example_dags/example_bash_decorator.py
[2025-11-12T08:55:02.224+0530] {processor.py:840} INFO - DAG(s) 'example_bash_decorator' retrieved from /home/logi/txtai/venv/lib/python3.10/site-packages/airflow/example_dags/example_bash_decorator.py
[2025-11-12T08:55:02.253+0530] {logging_mixin.py:188} INFO - [2025-11-12T08:55:02.252+0530] {dag.py:3089} INFO - Sync 1 DAGs
[2025-11-12T08:55:02.263+0530] {logging_mixin.py:188} INFO - [2025-11-12T08:55:02.262+0530] {dag.py:3947} INFO - Setting next_dagrun for example_bash_decorator to None, run_after=None
[2025-11-12T08:55:02.283+0530] {processor.py:183} INFO - Processing /home/logi/txtai/venv/lib/python3.10/site-packages/airflow/example_dags/example_bash_decorator.py took 0.109 seconds
[2025-11-12T08:56:21.525+0530] {processor.py:161} INFO - Started process (PID=23339) to work on /home/logi/txtai/venv/lib/python3.10/site-packages/airflow/example_dags/example_bash_decorator.py
[2025-11-12T08:56:21.538+0530] {processor.py:830} INFO - Processing file /home/logi/txtai/venv/lib/python3.10/site-packages/airflow/example_dags/example_bash_decorator.py for tasks to queue
[2025-11-12T08:56:21.543+0530] {logging_mixin.py:188} INFO - [2025-11-12T08:56:21.542+0530] {dagbag.py:545} INFO - Filling up the DagBag from /home/logi/txtai/venv/lib/python3.10/site-packages/airflow/example_dags/example_bash_decorator.py
[2025-11-12T08:56:21.582+0530] {processor.py:840} INFO - DAG(s) 'example_bash_decorator' retrieved from /home/logi/txtai/venv/lib/python3.10/site-packages/airflow/example_dags/example_bash_decorator.py
[2025-11-12T08:56:21.613+0530] {logging_mixin.py:188} INFO - [2025-11-12T08:56:21.612+0530] {dag.py:3089} INFO - Sync 1 DAGs
[2025-11-12T08:56:21.624+0530] {logging_mixin.py:188} INFO - [2025-11-12T08:56:21.623+0530] {dag.py:3947} INFO - Setting next_dagrun for example_bash_decorator to None, run_after=None
[2025-11-12T08:56:21.640+0530] {processor.py:183} INFO - Processing /home/logi/txtai/venv/lib/python3.10/site-packages/airflow/example_dags/example_bash_decorator.py took 0.130 seconds
[2025-11-12T08:57:21.632+0530] {processor.py:161} INFO - Started process (PID=23472) to work on /home/logi/txtai/venv/lib/python3.10/site-packages/airflow/example_dags/example_bash_decorator.py
[2025-11-12T08:57:21.646+0530] {processor.py:830} INFO - Processing file /home/logi/txtai/venv/lib/python3.10/site-packages/airflow/example_dags/example_bash_decorator.py for tasks to queue
[2025-11-12T08:57:21.648+0530] {logging_mixin.py:188} INFO - [2025-11-12T08:57:21.647+0530] {dagbag.py:545} INFO - Filling up the DagBag from /home/logi/txtai/venv/lib/python3.10/site-packages/airflow/example_dags/example_bash_decorator.py
[2025-11-12T08:57:21.661+0530] {processor.py:840} INFO - DAG(s) 'example_bash_decorator' retrieved from /home/logi/txtai/venv/lib/python3.10/site-packages/airflow/example_dags/example_bash_decorator.py
[2025-11-12T08:57:21.686+0530] {logging_mixin.py:188} INFO - [2025-11-12T08:57:21.686+0530] {dag.py:3089} INFO - Sync 1 DAGs
[2025-11-12T08:57:21.704+0530] {logging_mixin.py:188} INFO - [2025-11-12T08:57:21.704+0530] {dag.py:3947} INFO - Setting next_dagrun for example_bash_decorator to None, run_after=None
[2025-11-12T08:57:21.732+0530] {processor.py:183} INFO - Processing /home/logi/txtai/venv/lib/python3.10/site-packages/airflow/example_dags/example_bash_decorator.py took 0.107 seconds
[2025-11-12T08:58:27.009+0530] {processor.py:161} INFO - Started process (PID=23647) to work on /home/logi/txtai/venv/lib/python3.10/site-packages/airflow/example_dags/example_bash_decorator.py
[2025-11-12T08:58:27.023+0530] {processor.py:830} INFO - Processing file /home/logi/txtai/venv/lib/python3.10/site-packages/airflow/example_dags/example_bash_decorator.py for tasks to queue
[2025-11-12T08:58:27.026+0530] {logging_mixin.py:188} INFO - [2025-11-12T08:58:27.026+0530] {dagbag.py:545} INFO - Filling up the DagBag from /home/logi/txtai/venv/lib/python3.10/site-packages/airflow/example_dags/example_bash_decorator.py
[2025-11-12T08:58:27.050+0530] {processor.py:840} INFO - DAG(s) 'example_bash_decorator' retrieved from /home/logi/txtai/venv/lib/python3.10/site-packages/airflow/example_dags/example_bash_decorator.py
[2025-11-12T08:58:27.079+0530] {logging_mixin.py:188} INFO - [2025-11-12T08:58:27.078+0530] {dag.py:3089} INFO - Sync 1 DAGs
[2025-11-12T08:58:27.089+0530] {logging_mixin.py:188} INFO - [2025-11-12T08:58:27.088+0530] {dag.py:3947} INFO - Setting next_dagrun for example_bash_decorator to None, run_after=None
[2025-11-12T08:58:27.116+0530] {processor.py:183} INFO - Processing /home/logi/txtai/venv/lib/python3.10/site-packages/airflow/example_dags/example_bash_decorator.py took 0.118 seconds
[2025-11-12T08:59:35.862+0530] {processor.py:161} INFO - Started process (PID=23802) to work on /home/logi/txtai/venv/lib/python3.10/site-packages/airflow/example_dags/example_bash_decorator.py
[2025-11-12T08:59:35.875+0530] {processor.py:830} INFO - Processing file /home/logi/txtai/venv/lib/python3.10/site-packages/airflow/example_dags/example_bash_decorator.py for tasks to queue
[2025-11-12T08:59:35.878+0530] {logging_mixin.py:188} INFO - [2025-11-12T08:59:35.878+0530] {dagbag.py:545} INFO - Filling up the DagBag from /home/logi/txtai/venv/lib/python3.10/site-packages/airflow/example_dags/example_bash_decorator.py
[2025-11-12T08:59:35.900+0530] {processor.py:840} INFO - DAG(s) 'example_bash_decorator' retrieved from /home/logi/txtai/venv/lib/python3.10/site-packages/airflow/example_dags/example_bash_decorator.py
[2025-11-12T08:59:35.926+0530] {logging_mixin.py:188} INFO - [2025-11-12T08:59:35.925+0530] {dag.py:3089} INFO - Sync 1 DAGs
[2025-11-12T08:59:35.936+0530] {logging_mixin.py:188} INFO - [2025-11-12T08:59:35.936+0530] {dag.py:3947} INFO - Setting next_dagrun for example_bash_decorator to None, run_after=None
[2025-11-12T08:59:35.955+0530] {processor.py:183} INFO - Processing /home/logi/txtai/venv/lib/python3.10/site-packages/airflow/example_dags/example_bash_decorator.py took 0.105 seconds
[2025-11-12T09:00:54.270+0530] {processor.py:161} INFO - Started process (PID=24373) to work on /home/logi/txtai/venv/lib/python3.10/site-packages/airflow/example_dags/example_bash_decorator.py
[2025-11-12T09:00:54.273+0530] {processor.py:830} INFO - Processing file /home/logi/txtai/venv/lib/python3.10/site-packages/airflow/example_dags/example_bash_decorator.py for tasks to queue
[2025-11-12T09:00:54.276+0530] {logging_mixin.py:188} INFO - [2025-11-12T09:00:54.275+0530] {dagbag.py:545} INFO - Filling up the DagBag from /home/logi/txtai/venv/lib/python3.10/site-packages/airflow/example_dags/example_bash_decorator.py
[2025-11-12T09:00:54.289+0530] {processor.py:840} INFO - DAG(s) 'example_bash_decorator' retrieved from /home/logi/txtai/venv/lib/python3.10/site-packages/airflow/example_dags/example_bash_decorator.py
[2025-11-12T09:00:54.305+0530] {logging_mixin.py:188} INFO - [2025-11-12T09:00:54.305+0530] {dag.py:3089} INFO - Sync 1 DAGs
[2025-11-12T09:00:54.313+0530] {logging_mixin.py:188} INFO - [2025-11-12T09:00:54.313+0530] {dag.py:3947} INFO - Setting next_dagrun for example_bash_decorator to None, run_after=None
[2025-11-12T09:00:54.330+0530] {processor.py:183} INFO - Processing /home/logi/txtai/venv/lib/python3.10/site-packages/airflow/example_dags/example_bash_decorator.py took 0.075 seconds
[2025-11-12T09:01:53.297+0530] {processor.py:161} INFO - Started process (PID=24634) to work on /home/logi/txtai/venv/lib/python3.10/site-packages/airflow/example_dags/example_bash_decorator.py
[2025-11-12T09:01:53.310+0530] {processor.py:830} INFO - Processing file /home/logi/txtai/venv/lib/python3.10/site-packages/airflow/example_dags/example_bash_decorator.py for tasks to queue
[2025-11-12T09:01:53.314+0530] {logging_mixin.py:188} INFO - [2025-11-12T09:01:53.313+0530] {dagbag.py:545} INFO - Filling up the DagBag from /home/logi/txtai/venv/lib/python3.10/site-packages/airflow/example_dags/example_bash_decorator.py
[2025-11-12T09:01:53.338+0530] {processor.py:840} INFO - DAG(s) 'example_bash_decorator' retrieved from /home/logi/txtai/venv/lib/python3.10/site-packages/airflow/example_dags/example_bash_decorator.py
[2025-11-12T09:01:53.358+0530] {logging_mixin.py:188} INFO - [2025-11-12T09:01:53.358+0530] {dag.py:3089} INFO - Sync 1 DAGs
[2025-11-12T09:01:53.369+0530] {logging_mixin.py:188} INFO - [2025-11-12T09:01:53.369+0530] {dag.py:3947} INFO - Setting next_dagrun for example_bash_decorator to None, run_after=None
[2025-11-12T09:01:53.389+0530] {processor.py:183} INFO - Processing /home/logi/txtai/venv/lib/python3.10/site-packages/airflow/example_dags/example_bash_decorator.py took 0.102 seconds
[2025-11-12T09:02:52.292+0530] {processor.py:161} INFO - Started process (PID=25011) to work on /home/logi/txtai/venv/lib/python3.10/site-packages/airflow/example_dags/example_bash_decorator.py
[2025-11-12T09:02:52.306+0530] {processor.py:830} INFO - Processing file /home/logi/txtai/venv/lib/python3.10/site-packages/airflow/example_dags/example_bash_decorator.py for tasks to queue
[2025-11-12T09:02:52.309+0530] {logging_mixin.py:188} INFO - [2025-11-12T09:02:52.308+0530] {dagbag.py:545} INFO - Filling up the DagBag from /home/logi/txtai/venv/lib/python3.10/site-packages/airflow/example_dags/example_bash_decorator.py
[2025-11-12T09:02:52.331+0530] {processor.py:840} INFO - DAG(s) 'example_bash_decorator' retrieved from /home/logi/txtai/venv/lib/python3.10/site-packages/airflow/example_dags/example_bash_decorator.py
[2025-11-12T09:02:52.359+0530] {logging_mixin.py:188} INFO - [2025-11-12T09:02:52.359+0530] {dag.py:3089} INFO - Sync 1 DAGs
[2025-11-12T09:02:52.369+0530] {logging_mixin.py:188} INFO - [2025-11-12T09:02:52.369+0530] {dag.py:3947} INFO - Setting next_dagrun for example_bash_decorator to None, run_after=None
[2025-11-12T09:02:52.397+0530] {processor.py:183} INFO - Processing /home/logi/txtai/venv/lib/python3.10/site-packages/airflow/example_dags/example_bash_decorator.py took 0.116 seconds
[2025-11-12T09:03:52.274+0530] {processor.py:161} INFO - Started process (PID=25287) to work on /home/logi/txtai/venv/lib/python3.10/site-packages/airflow/example_dags/example_bash_decorator.py
[2025-11-12T09:03:52.287+0530] {processor.py:830} INFO - Processing file /home/logi/txtai/venv/lib/python3.10/site-packages/airflow/example_dags/example_bash_decorator.py for tasks to queue
[2025-11-12T09:03:52.290+0530] {logging_mixin.py:188} INFO - [2025-11-12T09:03:52.289+0530] {dagbag.py:545} INFO - Filling up the DagBag from /home/logi/txtai/venv/lib/python3.10/site-packages/airflow/example_dags/example_bash_decorator.py
[2025-11-12T09:03:52.312+0530] {processor.py:840} INFO - DAG(s) 'example_bash_decorator' retrieved from /home/logi/txtai/venv/lib/python3.10/site-packages/airflow/example_dags/example_bash_decorator.py
[2025-11-12T09:03:52.341+0530] {logging_mixin.py:188} INFO - [2025-11-12T09:03:52.341+0530] {dag.py:3089} INFO - Sync 1 DAGs
[2025-11-12T09:03:52.351+0530] {logging_mixin.py:188} INFO - [2025-11-12T09:03:52.350+0530] {dag.py:3947} INFO - Setting next_dagrun for example_bash_decorator to None, run_after=None
[2025-11-12T09:03:52.369+0530] {processor.py:183} INFO - Processing /home/logi/txtai/venv/lib/python3.10/site-packages/airflow/example_dags/example_bash_decorator.py took 0.107 seconds
[2025-11-12T09:04:51.763+0530] {processor.py:161} INFO - Started process (PID=25728) to work on /home/logi/txtai/venv/lib/python3.10/site-packages/airflow/example_dags/example_bash_decorator.py
[2025-11-12T09:04:51.776+0530] {processor.py:830} INFO - Processing file /home/logi/txtai/venv/lib/python3.10/site-packages/airflow/example_dags/example_bash_decorator.py for tasks to queue
[2025-11-12T09:04:51.779+0530] {logging_mixin.py:188} INFO - [2025-11-12T09:04:51.778+0530] {dagbag.py:545} INFO - Filling up the DagBag from /home/logi/txtai/venv/lib/python3.10/site-packages/airflow/example_dags/example_bash_decorator.py
[2025-11-12T09:04:51.802+0530] {processor.py:840} INFO - DAG(s) 'example_bash_decorator' retrieved from /home/logi/txtai/venv/lib/python3.10/site-packages/airflow/example_dags/example_bash_decorator.py
[2025-11-12T09:04:51.831+0530] {logging_mixin.py:188} INFO - [2025-11-12T09:04:51.831+0530] {dag.py:3089} INFO - Sync 1 DAGs
[2025-11-12T09:04:51.841+0530] {logging_mixin.py:188} INFO - [2025-11-12T09:04:51.841+0530] {dag.py:3947} INFO - Setting next_dagrun for example_bash_decorator to None, run_after=None
[2025-11-12T09:04:51.867+0530] {processor.py:183} INFO - Processing /home/logi/txtai/venv/lib/python3.10/site-packages/airflow/example_dags/example_bash_decorator.py took 0.114 seconds
[2025-11-12T09:06:20.196+0530] {processor.py:161} INFO - Started process (PID=26690) to work on /home/logi/txtai/venv/lib/python3.10/site-packages/airflow/example_dags/example_bash_decorator.py
[2025-11-12T09:06:20.209+0530] {processor.py:830} INFO - Processing file /home/logi/txtai/venv/lib/python3.10/site-packages/airflow/example_dags/example_bash_decorator.py for tasks to queue
[2025-11-12T09:06:20.212+0530] {logging_mixin.py:188} INFO - [2025-11-12T09:06:20.212+0530] {dagbag.py:545} INFO - Filling up the DagBag from /home/logi/txtai/venv/lib/python3.10/site-packages/airflow/example_dags/example_bash_decorator.py
[2025-11-12T09:06:20.234+0530] {processor.py:840} INFO - DAG(s) 'example_bash_decorator' retrieved from /home/logi/txtai/venv/lib/python3.10/site-packages/airflow/example_dags/example_bash_decorator.py
[2025-11-12T09:06:20.263+0530] {logging_mixin.py:188} INFO - [2025-11-12T09:06:20.263+0530] {dag.py:3089} INFO - Sync 1 DAGs
[2025-11-12T09:06:20.272+0530] {logging_mixin.py:188} INFO - [2025-11-12T09:06:20.271+0530] {dag.py:3947} INFO - Setting next_dagrun for example_bash_decorator to None, run_after=None
[2025-11-12T09:06:20.289+0530] {processor.py:183} INFO - Processing /home/logi/txtai/venv/lib/python3.10/site-packages/airflow/example_dags/example_bash_decorator.py took 0.104 seconds
[2025-11-12T09:07:18.802+0530] {processor.py:161} INFO - Started process (PID=27130) to work on /home/logi/txtai/venv/lib/python3.10/site-packages/airflow/example_dags/example_bash_decorator.py
[2025-11-12T09:07:18.815+0530] {processor.py:830} INFO - Processing file /home/logi/txtai/venv/lib/python3.10/site-packages/airflow/example_dags/example_bash_decorator.py for tasks to queue
[2025-11-12T09:07:18.818+0530] {logging_mixin.py:188} INFO - [2025-11-12T09:07:18.818+0530] {dagbag.py:545} INFO - Filling up the DagBag from /home/logi/txtai/venv/lib/python3.10/site-packages/airflow/example_dags/example_bash_decorator.py
[2025-11-12T09:07:18.840+0530] {processor.py:840} INFO - DAG(s) 'example_bash_decorator' retrieved from /home/logi/txtai/venv/lib/python3.10/site-packages/airflow/example_dags/example_bash_decorator.py
[2025-11-12T09:07:18.869+0530] {logging_mixin.py:188} INFO - [2025-11-12T09:07:18.869+0530] {dag.py:3089} INFO - Sync 1 DAGs
[2025-11-12T09:07:18.878+0530] {logging_mixin.py:188} INFO - [2025-11-12T09:07:18.878+0530] {dag.py:3947} INFO - Setting next_dagrun for example_bash_decorator to None, run_after=None
[2025-11-12T09:07:18.897+0530] {processor.py:183} INFO - Processing /home/logi/txtai/venv/lib/python3.10/site-packages/airflow/example_dags/example_bash_decorator.py took 0.105 seconds
[2025-11-12T09:08:18.759+0530] {processor.py:161} INFO - Started process (PID=27507) to work on /home/logi/txtai/venv/lib/python3.10/site-packages/airflow/example_dags/example_bash_decorator.py
[2025-11-12T09:08:18.761+0530] {processor.py:830} INFO - Processing file /home/logi/txtai/venv/lib/python3.10/site-packages/airflow/example_dags/example_bash_decorator.py for tasks to queue
[2025-11-12T09:08:18.765+0530] {logging_mixin.py:188} INFO - [2025-11-12T09:08:18.764+0530] {dagbag.py:545} INFO - Filling up the DagBag from /home/logi/txtai/venv/lib/python3.10/site-packages/airflow/example_dags/example_bash_decorator.py
[2025-11-12T09:08:18.787+0530] {processor.py:840} INFO - DAG(s) 'example_bash_decorator' retrieved from /home/logi/txtai/venv/lib/python3.10/site-packages/airflow/example_dags/example_bash_decorator.py
[2025-11-12T09:08:18.808+0530] {logging_mixin.py:188} INFO - [2025-11-12T09:08:18.808+0530] {dag.py:3089} INFO - Sync 1 DAGs
[2025-11-12T09:08:18.818+0530] {logging_mixin.py:188} INFO - [2025-11-12T09:08:18.817+0530] {dag.py:3947} INFO - Setting next_dagrun for example_bash_decorator to None, run_after=None
[2025-11-12T09:08:18.838+0530] {processor.py:183} INFO - Processing /home/logi/txtai/venv/lib/python3.10/site-packages/airflow/example_dags/example_bash_decorator.py took 0.090 seconds
[2025-11-12T09:09:19.547+0530] {processor.py:161} INFO - Started process (PID=27587) to work on /home/logi/txtai/venv/lib/python3.10/site-packages/airflow/example_dags/example_bash_decorator.py
[2025-11-12T09:09:19.560+0530] {processor.py:830} INFO - Processing file /home/logi/txtai/venv/lib/python3.10/site-packages/airflow/example_dags/example_bash_decorator.py for tasks to queue
[2025-11-12T09:09:19.564+0530] {logging_mixin.py:188} INFO - [2025-11-12T09:09:19.563+0530] {dagbag.py:545} INFO - Filling up the DagBag from /home/logi/txtai/venv/lib/python3.10/site-packages/airflow/example_dags/example_bash_decorator.py
[2025-11-12T09:09:19.586+0530] {processor.py:840} INFO - DAG(s) 'example_bash_decorator' retrieved from /home/logi/txtai/venv/lib/python3.10/site-packages/airflow/example_dags/example_bash_decorator.py
[2025-11-12T09:09:19.614+0530] {logging_mixin.py:188} INFO - [2025-11-12T09:09:19.614+0530] {dag.py:3089} INFO - Sync 1 DAGs
[2025-11-12T09:09:19.624+0530] {logging_mixin.py:188} INFO - [2025-11-12T09:09:19.624+0530] {dag.py:3947} INFO - Setting next_dagrun for example_bash_decorator to None, run_after=None
[2025-11-12T09:09:19.655+0530] {processor.py:183} INFO - Processing /home/logi/txtai/venv/lib/python3.10/site-packages/airflow/example_dags/example_bash_decorator.py took 0.119 seconds
[2025-11-12T09:10:23.776+0530] {processor.py:161} INFO - Started process (PID=27772) to work on /home/logi/txtai/venv/lib/python3.10/site-packages/airflow/example_dags/example_bash_decorator.py
[2025-11-12T09:10:23.789+0530] {processor.py:830} INFO - Processing file /home/logi/txtai/venv/lib/python3.10/site-packages/airflow/example_dags/example_bash_decorator.py for tasks to queue
[2025-11-12T09:10:23.792+0530] {logging_mixin.py:188} INFO - [2025-11-12T09:10:23.791+0530] {dagbag.py:545} INFO - Filling up the DagBag from /home/logi/txtai/venv/lib/python3.10/site-packages/airflow/example_dags/example_bash_decorator.py
[2025-11-12T09:10:23.812+0530] {processor.py:840} INFO - DAG(s) 'example_bash_decorator' retrieved from /home/logi/txtai/venv/lib/python3.10/site-packages/airflow/example_dags/example_bash_decorator.py
[2025-11-12T09:10:23.842+0530] {logging_mixin.py:188} INFO - [2025-11-12T09:10:23.841+0530] {dag.py:3089} INFO - Sync 1 DAGs
[2025-11-12T09:10:23.850+0530] {logging_mixin.py:188} INFO - [2025-11-12T09:10:23.850+0530] {dag.py:3947} INFO - Setting next_dagrun for example_bash_decorator to None, run_after=None
[2025-11-12T09:10:23.866+0530] {processor.py:183} INFO - Processing /home/logi/txtai/venv/lib/python3.10/site-packages/airflow/example_dags/example_bash_decorator.py took 0.100 seconds
[2025-11-12T09:11:34.132+0530] {processor.py:161} INFO - Started process (PID=27997) to work on /home/logi/txtai/venv/lib/python3.10/site-packages/airflow/example_dags/example_bash_decorator.py
[2025-11-12T09:11:34.146+0530] {processor.py:830} INFO - Processing file /home/logi/txtai/venv/lib/python3.10/site-packages/airflow/example_dags/example_bash_decorator.py for tasks to queue
[2025-11-12T09:11:34.149+0530] {logging_mixin.py:188} INFO - [2025-11-12T09:11:34.149+0530] {dagbag.py:545} INFO - Filling up the DagBag from /home/logi/txtai/venv/lib/python3.10/site-packages/airflow/example_dags/example_bash_decorator.py
[2025-11-12T09:11:34.177+0530] {processor.py:840} INFO - DAG(s) 'example_bash_decorator' retrieved from /home/logi/txtai/venv/lib/python3.10/site-packages/airflow/example_dags/example_bash_decorator.py
[2025-11-12T09:11:34.205+0530] {logging_mixin.py:188} INFO - [2025-11-12T09:11:34.205+0530] {dag.py:3089} INFO - Sync 1 DAGs
[2025-11-12T09:11:34.219+0530] {logging_mixin.py:188} INFO - [2025-11-12T09:11:34.219+0530] {dag.py:3947} INFO - Setting next_dagrun for example_bash_decorator to None, run_after=None
[2025-11-12T09:11:34.245+0530] {processor.py:183} INFO - Processing /home/logi/txtai/venv/lib/python3.10/site-packages/airflow/example_dags/example_bash_decorator.py took 0.126 seconds
[2025-11-12T09:12:38.179+0530] {processor.py:161} INFO - Started process (PID=28118) to work on /home/logi/txtai/venv/lib/python3.10/site-packages/airflow/example_dags/example_bash_decorator.py
[2025-11-12T09:12:38.193+0530] {processor.py:830} INFO - Processing file /home/logi/txtai/venv/lib/python3.10/site-packages/airflow/example_dags/example_bash_decorator.py for tasks to queue
[2025-11-12T09:12:38.197+0530] {logging_mixin.py:188} INFO - [2025-11-12T09:12:38.196+0530] {dagbag.py:545} INFO - Filling up the DagBag from /home/logi/txtai/venv/lib/python3.10/site-packages/airflow/example_dags/example_bash_decorator.py
[2025-11-12T09:12:38.219+0530] {processor.py:840} INFO - DAG(s) 'example_bash_decorator' retrieved from /home/logi/txtai/venv/lib/python3.10/site-packages/airflow/example_dags/example_bash_decorator.py
[2025-11-12T09:12:38.247+0530] {logging_mixin.py:188} INFO - [2025-11-12T09:12:38.247+0530] {dag.py:3089} INFO - Sync 1 DAGs
[2025-11-12T09:12:38.257+0530] {logging_mixin.py:188} INFO - [2025-11-12T09:12:38.257+0530] {dag.py:3947} INFO - Setting next_dagrun for example_bash_decorator to None, run_after=None
[2025-11-12T09:12:38.285+0530] {processor.py:183} INFO - Processing /home/logi/txtai/venv/lib/python3.10/site-packages/airflow/example_dags/example_bash_decorator.py took 0.122 seconds
[2025-11-12T09:13:39.411+0530] {processor.py:161} INFO - Started process (PID=28309) to work on /home/logi/txtai/venv/lib/python3.10/site-packages/airflow/example_dags/example_bash_decorator.py
[2025-11-12T09:13:39.424+0530] {processor.py:830} INFO - Processing file /home/logi/txtai/venv/lib/python3.10/site-packages/airflow/example_dags/example_bash_decorator.py for tasks to queue
[2025-11-12T09:13:39.426+0530] {logging_mixin.py:188} INFO - [2025-11-12T09:13:39.426+0530] {dagbag.py:545} INFO - Filling up the DagBag from /home/logi/txtai/venv/lib/python3.10/site-packages/airflow/example_dags/example_bash_decorator.py
[2025-11-12T09:13:39.443+0530] {processor.py:840} INFO - DAG(s) 'example_bash_decorator' retrieved from /home/logi/txtai/venv/lib/python3.10/site-packages/airflow/example_dags/example_bash_decorator.py
[2025-11-12T09:13:39.460+0530] {logging_mixin.py:188} INFO - [2025-11-12T09:13:39.460+0530] {dag.py:3089} INFO - Sync 1 DAGs
[2025-11-12T09:13:39.468+0530] {logging_mixin.py:188} INFO - [2025-11-12T09:13:39.468+0530] {dag.py:3947} INFO - Setting next_dagrun for example_bash_decorator to None, run_after=None
[2025-11-12T09:13:39.488+0530] {processor.py:183} INFO - Processing /home/logi/txtai/venv/lib/python3.10/site-packages/airflow/example_dags/example_bash_decorator.py took 0.082 seconds
[2025-11-12T09:14:39.535+0530] {processor.py:161} INFO - Started process (PID=28481) to work on /home/logi/txtai/venv/lib/python3.10/site-packages/airflow/example_dags/example_bash_decorator.py
[2025-11-12T09:14:39.549+0530] {processor.py:830} INFO - Processing file /home/logi/txtai/venv/lib/python3.10/site-packages/airflow/example_dags/example_bash_decorator.py for tasks to queue
[2025-11-12T09:14:39.553+0530] {logging_mixin.py:188} INFO - [2025-11-12T09:14:39.553+0530] {dagbag.py:545} INFO - Filling up the DagBag from /home/logi/txtai/venv/lib/python3.10/site-packages/airflow/example_dags/example_bash_decorator.py
[2025-11-12T09:14:39.576+0530] {processor.py:840} INFO - DAG(s) 'example_bash_decorator' retrieved from /home/logi/txtai/venv/lib/python3.10/site-packages/airflow/example_dags/example_bash_decorator.py
[2025-11-12T09:14:39.608+0530] {logging_mixin.py:188} INFO - [2025-11-12T09:14:39.608+0530] {dag.py:3089} INFO - Sync 1 DAGs
[2025-11-12T09:14:39.619+0530] {logging_mixin.py:188} INFO - [2025-11-12T09:14:39.619+0530] {dag.py:3947} INFO - Setting next_dagrun for example_bash_decorator to None, run_after=None
[2025-11-12T09:14:39.641+0530] {processor.py:183} INFO - Processing /home/logi/txtai/venv/lib/python3.10/site-packages/airflow/example_dags/example_bash_decorator.py took 0.117 seconds
[2025-11-12T09:15:56.556+0530] {processor.py:161} INFO - Started process (PID=28956) to work on /home/logi/txtai/venv/lib/python3.10/site-packages/airflow/example_dags/example_bash_decorator.py
[2025-11-12T09:15:56.570+0530] {processor.py:830} INFO - Processing file /home/logi/txtai/venv/lib/python3.10/site-packages/airflow/example_dags/example_bash_decorator.py for tasks to queue
[2025-11-12T09:15:56.573+0530] {logging_mixin.py:188} INFO - [2025-11-12T09:15:56.572+0530] {dagbag.py:545} INFO - Filling up the DagBag from /home/logi/txtai/venv/lib/python3.10/site-packages/airflow/example_dags/example_bash_decorator.py
[2025-11-12T09:15:56.595+0530] {processor.py:840} INFO - DAG(s) 'example_bash_decorator' retrieved from /home/logi/txtai/venv/lib/python3.10/site-packages/airflow/example_dags/example_bash_decorator.py
[2025-11-12T09:15:56.623+0530] {logging_mixin.py:188} INFO - [2025-11-12T09:15:56.623+0530] {dag.py:3089} INFO - Sync 1 DAGs
[2025-11-12T09:15:56.632+0530] {logging_mixin.py:188} INFO - [2025-11-12T09:15:56.632+0530] {dag.py:3947} INFO - Setting next_dagrun for example_bash_decorator to None, run_after=None
[2025-11-12T09:15:56.653+0530] {processor.py:183} INFO - Processing /home/logi/txtai/venv/lib/python3.10/site-packages/airflow/example_dags/example_bash_decorator.py took 0.107 seconds
[2025-11-12T09:17:13.244+0530] {processor.py:161} INFO - Started process (PID=29513) to work on /home/logi/txtai/venv/lib/python3.10/site-packages/airflow/example_dags/example_bash_decorator.py
[2025-11-12T09:17:13.257+0530] {processor.py:830} INFO - Processing file /home/logi/txtai/venv/lib/python3.10/site-packages/airflow/example_dags/example_bash_decorator.py for tasks to queue
[2025-11-12T09:17:13.260+0530] {logging_mixin.py:188} INFO - [2025-11-12T09:17:13.259+0530] {dagbag.py:545} INFO - Filling up the DagBag from /home/logi/txtai/venv/lib/python3.10/site-packages/airflow/example_dags/example_bash_decorator.py
[2025-11-12T09:17:13.273+0530] {processor.py:840} INFO - DAG(s) 'example_bash_decorator' retrieved from /home/logi/txtai/venv/lib/python3.10/site-packages/airflow/example_dags/example_bash_decorator.py
[2025-11-12T09:17:13.290+0530] {logging_mixin.py:188} INFO - [2025-11-12T09:17:13.289+0530] {dag.py:3089} INFO - Sync 1 DAGs
[2025-11-12T09:17:13.298+0530] {logging_mixin.py:188} INFO - [2025-11-12T09:17:13.298+0530] {dag.py:3947} INFO - Setting next_dagrun for example_bash_decorator to None, run_after=None
[2025-11-12T09:17:13.324+0530] {processor.py:183} INFO - Processing /home/logi/txtai/venv/lib/python3.10/site-packages/airflow/example_dags/example_bash_decorator.py took 0.086 seconds
[2025-11-12T09:18:13.299+0530] {processor.py:161} INFO - Started process (PID=29839) to work on /home/logi/txtai/venv/lib/python3.10/site-packages/airflow/example_dags/example_bash_decorator.py
[2025-11-12T09:18:13.304+0530] {processor.py:830} INFO - Processing file /home/logi/txtai/venv/lib/python3.10/site-packages/airflow/example_dags/example_bash_decorator.py for tasks to queue
[2025-11-12T09:18:13.316+0530] {logging_mixin.py:188} INFO - [2025-11-12T09:18:13.312+0530] {dagbag.py:545} INFO - Filling up the DagBag from /home/logi/txtai/venv/lib/python3.10/site-packages/airflow/example_dags/example_bash_decorator.py
[2025-11-12T09:18:13.368+0530] {processor.py:840} INFO - DAG(s) 'example_bash_decorator' retrieved from /home/logi/txtai/venv/lib/python3.10/site-packages/airflow/example_dags/example_bash_decorator.py
[2025-11-12T09:18:13.409+0530] {logging_mixin.py:188} INFO - [2025-11-12T09:18:13.408+0530] {dag.py:3089} INFO - Sync 1 DAGs
[2025-11-12T09:18:13.437+0530] {logging_mixin.py:188} INFO - [2025-11-12T09:18:13.436+0530] {dag.py:3947} INFO - Setting next_dagrun for example_bash_decorator to None, run_after=None
[2025-11-12T09:18:13.518+0530] {processor.py:183} INFO - Processing /home/logi/txtai/venv/lib/python3.10/site-packages/airflow/example_dags/example_bash_decorator.py took 0.254 seconds
