[2025-11-12T06:03:42.158+0530] {processor.py:161} INFO - Started process (PID=5900) to work on /home/logi/txtai/venv/lib/python3.10/site-packages/airflow/example_dags/example_params_trigger_ui.py
[2025-11-12T06:03:42.160+0530] {processor.py:830} INFO - Processing file /home/logi/txtai/venv/lib/python3.10/site-packages/airflow/example_dags/example_params_trigger_ui.py for tasks to queue
[2025-11-12T06:03:42.163+0530] {logging_mixin.py:188} INFO - [2025-11-12T06:03:42.162+0530] {dagbag.py:545} INFO - Filling up the DagBag from /home/logi/txtai/venv/lib/python3.10/site-packages/airflow/example_dags/example_params_trigger_ui.py
[2025-11-12T06:03:42.176+0530] {processor.py:840} INFO - DAG(s) 'example_params_trigger_ui' retrieved from /home/logi/txtai/venv/lib/python3.10/site-packages/airflow/example_dags/example_params_trigger_ui.py
[2025-11-12T06:03:42.211+0530] {logging_mixin.py:188} INFO - [2025-11-12T06:03:42.211+0530] {dag.py:3089} INFO - Sync 1 DAGs
[2025-11-12T06:03:42.220+0530] {logging_mixin.py:188} INFO - [2025-11-12T06:03:42.220+0530] {dag.py:3947} INFO - Setting next_dagrun for example_params_trigger_ui to None, run_after=None
[2025-11-12T06:03:42.247+0530] {processor.py:183} INFO - Processing /home/logi/txtai/venv/lib/python3.10/site-packages/airflow/example_dags/example_params_trigger_ui.py took 0.100 seconds
[2025-11-12T06:04:54.612+0530] {processor.py:161} INFO - Started process (PID=6186) to work on /home/logi/txtai/venv/lib/python3.10/site-packages/airflow/example_dags/example_params_trigger_ui.py
[2025-11-12T06:04:54.625+0530] {processor.py:830} INFO - Processing file /home/logi/txtai/venv/lib/python3.10/site-packages/airflow/example_dags/example_params_trigger_ui.py for tasks to queue
[2025-11-12T06:04:54.629+0530] {logging_mixin.py:188} INFO - [2025-11-12T06:04:54.628+0530] {dagbag.py:545} INFO - Filling up the DagBag from /home/logi/txtai/venv/lib/python3.10/site-packages/airflow/example_dags/example_params_trigger_ui.py
[2025-11-12T06:04:54.645+0530] {processor.py:840} INFO - DAG(s) 'example_params_trigger_ui' retrieved from /home/logi/txtai/venv/lib/python3.10/site-packages/airflow/example_dags/example_params_trigger_ui.py
[2025-11-12T06:04:54.695+0530] {logging_mixin.py:188} INFO - [2025-11-12T06:04:54.695+0530] {dag.py:3089} INFO - Sync 1 DAGs
[2025-11-12T06:04:54.705+0530] {logging_mixin.py:188} INFO - [2025-11-12T06:04:54.705+0530] {dag.py:3947} INFO - Setting next_dagrun for example_params_trigger_ui to None, run_after=None
[2025-11-12T06:04:54.726+0530] {processor.py:183} INFO - Processing /home/logi/txtai/venv/lib/python3.10/site-packages/airflow/example_dags/example_params_trigger_ui.py took 0.125 seconds
[2025-11-12T06:05:59.902+0530] {processor.py:161} INFO - Started process (PID=6571) to work on /home/logi/txtai/venv/lib/python3.10/site-packages/airflow/example_dags/example_params_trigger_ui.py
[2025-11-12T06:05:59.915+0530] {processor.py:830} INFO - Processing file /home/logi/txtai/venv/lib/python3.10/site-packages/airflow/example_dags/example_params_trigger_ui.py for tasks to queue
[2025-11-12T06:05:59.919+0530] {logging_mixin.py:188} INFO - [2025-11-12T06:05:59.918+0530] {dagbag.py:545} INFO - Filling up the DagBag from /home/logi/txtai/venv/lib/python3.10/site-packages/airflow/example_dags/example_params_trigger_ui.py
[2025-11-12T06:05:59.933+0530] {processor.py:840} INFO - DAG(s) 'example_params_trigger_ui' retrieved from /home/logi/txtai/venv/lib/python3.10/site-packages/airflow/example_dags/example_params_trigger_ui.py
[2025-11-12T06:05:59.984+0530] {logging_mixin.py:188} INFO - [2025-11-12T06:05:59.984+0530] {dag.py:3089} INFO - Sync 1 DAGs
[2025-11-12T06:05:59.993+0530] {logging_mixin.py:188} INFO - [2025-11-12T06:05:59.993+0530] {dag.py:3947} INFO - Setting next_dagrun for example_params_trigger_ui to None, run_after=None
[2025-11-12T06:06:00.020+0530] {processor.py:183} INFO - Processing /home/logi/txtai/venv/lib/python3.10/site-packages/airflow/example_dags/example_params_trigger_ui.py took 0.129 seconds
[2025-11-12T06:06:57.518+0530] {processor.py:161} INFO - Started process (PID=6771) to work on /home/logi/txtai/venv/lib/python3.10/site-packages/airflow/example_dags/example_params_trigger_ui.py
[2025-11-12T06:06:57.531+0530] {processor.py:830} INFO - Processing file /home/logi/txtai/venv/lib/python3.10/site-packages/airflow/example_dags/example_params_trigger_ui.py for tasks to queue
[2025-11-12T06:06:57.534+0530] {logging_mixin.py:188} INFO - [2025-11-12T06:06:57.534+0530] {dagbag.py:545} INFO - Filling up the DagBag from /home/logi/txtai/venv/lib/python3.10/site-packages/airflow/example_dags/example_params_trigger_ui.py
[2025-11-12T06:06:57.550+0530] {processor.py:840} INFO - DAG(s) 'example_params_trigger_ui' retrieved from /home/logi/txtai/venv/lib/python3.10/site-packages/airflow/example_dags/example_params_trigger_ui.py
[2025-11-12T06:06:57.599+0530] {logging_mixin.py:188} INFO - [2025-11-12T06:06:57.599+0530] {dag.py:3089} INFO - Sync 1 DAGs
[2025-11-12T06:06:57.609+0530] {logging_mixin.py:188} INFO - [2025-11-12T06:06:57.609+0530] {dag.py:3947} INFO - Setting next_dagrun for example_params_trigger_ui to None, run_after=None
[2025-11-12T06:06:57.629+0530] {processor.py:183} INFO - Processing /home/logi/txtai/venv/lib/python3.10/site-packages/airflow/example_dags/example_params_trigger_ui.py took 0.122 seconds
[2025-11-12T06:07:57.873+0530] {processor.py:161} INFO - Started process (PID=7141) to work on /home/logi/txtai/venv/lib/python3.10/site-packages/airflow/example_dags/example_params_trigger_ui.py
[2025-11-12T06:07:57.886+0530] {processor.py:830} INFO - Processing file /home/logi/txtai/venv/lib/python3.10/site-packages/airflow/example_dags/example_params_trigger_ui.py for tasks to queue
[2025-11-12T06:07:57.889+0530] {logging_mixin.py:188} INFO - [2025-11-12T06:07:57.888+0530] {dagbag.py:545} INFO - Filling up the DagBag from /home/logi/txtai/venv/lib/python3.10/site-packages/airflow/example_dags/example_params_trigger_ui.py
[2025-11-12T06:07:57.904+0530] {processor.py:840} INFO - DAG(s) 'example_params_trigger_ui' retrieved from /home/logi/txtai/venv/lib/python3.10/site-packages/airflow/example_dags/example_params_trigger_ui.py
[2025-11-12T06:07:57.945+0530] {logging_mixin.py:188} INFO - [2025-11-12T06:07:57.945+0530] {dag.py:3089} INFO - Sync 1 DAGs
[2025-11-12T06:07:57.953+0530] {logging_mixin.py:188} INFO - [2025-11-12T06:07:57.953+0530] {dag.py:3947} INFO - Setting next_dagrun for example_params_trigger_ui to None, run_after=None
[2025-11-12T06:07:57.970+0530] {processor.py:183} INFO - Processing /home/logi/txtai/venv/lib/python3.10/site-packages/airflow/example_dags/example_params_trigger_ui.py took 0.105 seconds
[2025-11-12T08:08:14.314+0530] {processor.py:161} INFO - Started process (PID=10101) to work on /home/logi/txtai/venv/lib/python3.10/site-packages/airflow/example_dags/example_params_trigger_ui.py
[2025-11-12T08:08:14.327+0530] {processor.py:830} INFO - Processing file /home/logi/txtai/venv/lib/python3.10/site-packages/airflow/example_dags/example_params_trigger_ui.py for tasks to queue
[2025-11-12T08:08:14.330+0530] {logging_mixin.py:188} INFO - [2025-11-12T08:08:14.330+0530] {dagbag.py:545} INFO - Filling up the DagBag from /home/logi/txtai/venv/lib/python3.10/site-packages/airflow/example_dags/example_params_trigger_ui.py
[2025-11-12T08:08:14.345+0530] {processor.py:840} INFO - DAG(s) 'example_params_trigger_ui' retrieved from /home/logi/txtai/venv/lib/python3.10/site-packages/airflow/example_dags/example_params_trigger_ui.py
[2025-11-12T08:08:14.394+0530] {logging_mixin.py:188} INFO - [2025-11-12T08:08:14.394+0530] {dag.py:3089} INFO - Sync 1 DAGs
[2025-11-12T08:08:14.403+0530] {logging_mixin.py:188} INFO - [2025-11-12T08:08:14.402+0530] {dag.py:3947} INFO - Setting next_dagrun for example_params_trigger_ui to None, run_after=None
[2025-11-12T08:08:14.419+0530] {processor.py:183} INFO - Processing /home/logi/txtai/venv/lib/python3.10/site-packages/airflow/example_dags/example_params_trigger_ui.py took 0.114 seconds
[2025-11-12T08:09:14.446+0530] {processor.py:161} INFO - Started process (PID=10570) to work on /home/logi/txtai/venv/lib/python3.10/site-packages/airflow/example_dags/example_params_trigger_ui.py
[2025-11-12T08:09:14.448+0530] {processor.py:830} INFO - Processing file /home/logi/txtai/venv/lib/python3.10/site-packages/airflow/example_dags/example_params_trigger_ui.py for tasks to queue
[2025-11-12T08:09:14.450+0530] {logging_mixin.py:188} INFO - [2025-11-12T08:09:14.450+0530] {dagbag.py:545} INFO - Filling up the DagBag from /home/logi/txtai/venv/lib/python3.10/site-packages/airflow/example_dags/example_params_trigger_ui.py
[2025-11-12T08:09:14.465+0530] {processor.py:840} INFO - DAG(s) 'example_params_trigger_ui' retrieved from /home/logi/txtai/venv/lib/python3.10/site-packages/airflow/example_dags/example_params_trigger_ui.py
[2025-11-12T08:09:14.504+0530] {logging_mixin.py:188} INFO - [2025-11-12T08:09:14.504+0530] {dag.py:3089} INFO - Sync 1 DAGs
[2025-11-12T08:09:14.513+0530] {logging_mixin.py:188} INFO - [2025-11-12T08:09:14.513+0530] {dag.py:3947} INFO - Setting next_dagrun for example_params_trigger_ui to None, run_after=None
[2025-11-12T08:09:14.530+0530] {processor.py:183} INFO - Processing /home/logi/txtai/venv/lib/python3.10/site-packages/airflow/example_dags/example_params_trigger_ui.py took 0.094 seconds
[2025-11-12T08:10:13.070+0530] {processor.py:161} INFO - Started process (PID=10984) to work on /home/logi/txtai/venv/lib/python3.10/site-packages/airflow/example_dags/example_params_trigger_ui.py
[2025-11-12T08:10:13.083+0530] {processor.py:830} INFO - Processing file /home/logi/txtai/venv/lib/python3.10/site-packages/airflow/example_dags/example_params_trigger_ui.py for tasks to queue
[2025-11-12T08:10:13.086+0530] {logging_mixin.py:188} INFO - [2025-11-12T08:10:13.086+0530] {dagbag.py:545} INFO - Filling up the DagBag from /home/logi/txtai/venv/lib/python3.10/site-packages/airflow/example_dags/example_params_trigger_ui.py
[2025-11-12T08:10:13.102+0530] {processor.py:840} INFO - DAG(s) 'example_params_trigger_ui' retrieved from /home/logi/txtai/venv/lib/python3.10/site-packages/airflow/example_dags/example_params_trigger_ui.py
[2025-11-12T08:10:13.151+0530] {logging_mixin.py:188} INFO - [2025-11-12T08:10:13.151+0530] {dag.py:3089} INFO - Sync 1 DAGs
[2025-11-12T08:10:13.162+0530] {logging_mixin.py:188} INFO - [2025-11-12T08:10:13.161+0530] {dag.py:3947} INFO - Setting next_dagrun for example_params_trigger_ui to None, run_after=None
[2025-11-12T08:10:13.189+0530] {processor.py:183} INFO - Processing /home/logi/txtai/venv/lib/python3.10/site-packages/airflow/example_dags/example_params_trigger_ui.py took 0.131 seconds
[2025-11-12T08:11:17.311+0530] {processor.py:161} INFO - Started process (PID=11166) to work on /home/logi/txtai/venv/lib/python3.10/site-packages/airflow/example_dags/example_params_trigger_ui.py
[2025-11-12T08:11:17.325+0530] {processor.py:830} INFO - Processing file /home/logi/txtai/venv/lib/python3.10/site-packages/airflow/example_dags/example_params_trigger_ui.py for tasks to queue
[2025-11-12T08:11:17.328+0530] {logging_mixin.py:188} INFO - [2025-11-12T08:11:17.328+0530] {dagbag.py:545} INFO - Filling up the DagBag from /home/logi/txtai/venv/lib/python3.10/site-packages/airflow/example_dags/example_params_trigger_ui.py
[2025-11-12T08:11:17.345+0530] {processor.py:840} INFO - DAG(s) 'example_params_trigger_ui' retrieved from /home/logi/txtai/venv/lib/python3.10/site-packages/airflow/example_dags/example_params_trigger_ui.py
[2025-11-12T08:11:17.394+0530] {logging_mixin.py:188} INFO - [2025-11-12T08:11:17.394+0530] {dag.py:3089} INFO - Sync 1 DAGs
[2025-11-12T08:11:17.405+0530] {logging_mixin.py:188} INFO - [2025-11-12T08:11:17.404+0530] {dag.py:3947} INFO - Setting next_dagrun for example_params_trigger_ui to None, run_after=None
[2025-11-12T08:11:17.424+0530] {processor.py:183} INFO - Processing /home/logi/txtai/venv/lib/python3.10/site-packages/airflow/example_dags/example_params_trigger_ui.py took 0.124 seconds
[2025-11-12T08:12:18.547+0530] {processor.py:161} INFO - Started process (PID=11623) to work on /home/logi/txtai/venv/lib/python3.10/site-packages/airflow/example_dags/example_params_trigger_ui.py
[2025-11-12T08:12:18.563+0530] {processor.py:830} INFO - Processing file /home/logi/txtai/venv/lib/python3.10/site-packages/airflow/example_dags/example_params_trigger_ui.py for tasks to queue
[2025-11-12T08:12:18.568+0530] {logging_mixin.py:188} INFO - [2025-11-12T08:12:18.567+0530] {dagbag.py:545} INFO - Filling up the DagBag from /home/logi/txtai/venv/lib/python3.10/site-packages/airflow/example_dags/example_params_trigger_ui.py
[2025-11-12T08:12:18.593+0530] {processor.py:840} INFO - DAG(s) 'example_params_trigger_ui' retrieved from /home/logi/txtai/venv/lib/python3.10/site-packages/airflow/example_dags/example_params_trigger_ui.py
[2025-11-12T08:12:18.656+0530] {logging_mixin.py:188} INFO - [2025-11-12T08:12:18.655+0530] {dag.py:3089} INFO - Sync 1 DAGs
[2025-11-12T08:12:18.678+0530] {logging_mixin.py:188} INFO - [2025-11-12T08:12:18.677+0530] {dag.py:3947} INFO - Setting next_dagrun for example_params_trigger_ui to None, run_after=None
[2025-11-12T08:12:18.743+0530] {processor.py:183} INFO - Processing /home/logi/txtai/venv/lib/python3.10/site-packages/airflow/example_dags/example_params_trigger_ui.py took 0.214 seconds
[2025-11-12T08:13:40.556+0530] {processor.py:161} INFO - Started process (PID=12602) to work on /home/logi/txtai/venv/lib/python3.10/site-packages/airflow/example_dags/example_params_trigger_ui.py
[2025-11-12T08:13:40.570+0530] {processor.py:830} INFO - Processing file /home/logi/txtai/venv/lib/python3.10/site-packages/airflow/example_dags/example_params_trigger_ui.py for tasks to queue
[2025-11-12T08:13:40.572+0530] {logging_mixin.py:188} INFO - [2025-11-12T08:13:40.571+0530] {dagbag.py:545} INFO - Filling up the DagBag from /home/logi/txtai/venv/lib/python3.10/site-packages/airflow/example_dags/example_params_trigger_ui.py
[2025-11-12T08:13:40.581+0530] {processor.py:840} INFO - DAG(s) 'example_params_trigger_ui' retrieved from /home/logi/txtai/venv/lib/python3.10/site-packages/airflow/example_dags/example_params_trigger_ui.py
[2025-11-12T08:13:40.615+0530] {logging_mixin.py:188} INFO - [2025-11-12T08:13:40.614+0530] {dag.py:3089} INFO - Sync 1 DAGs
[2025-11-12T08:13:40.625+0530] {logging_mixin.py:188} INFO - [2025-11-12T08:13:40.625+0530] {dag.py:3947} INFO - Setting next_dagrun for example_params_trigger_ui to None, run_after=None
[2025-11-12T08:13:40.647+0530] {processor.py:183} INFO - Processing /home/logi/txtai/venv/lib/python3.10/site-packages/airflow/example_dags/example_params_trigger_ui.py took 0.102 seconds
[2025-11-12T08:14:40.417+0530] {processor.py:161} INFO - Started process (PID=13088) to work on /home/logi/txtai/venv/lib/python3.10/site-packages/airflow/example_dags/example_params_trigger_ui.py
[2025-11-12T08:14:40.430+0530] {processor.py:830} INFO - Processing file /home/logi/txtai/venv/lib/python3.10/site-packages/airflow/example_dags/example_params_trigger_ui.py for tasks to queue
[2025-11-12T08:14:40.433+0530] {logging_mixin.py:188} INFO - [2025-11-12T08:14:40.432+0530] {dagbag.py:545} INFO - Filling up the DagBag from /home/logi/txtai/venv/lib/python3.10/site-packages/airflow/example_dags/example_params_trigger_ui.py
[2025-11-12T08:14:40.448+0530] {processor.py:840} INFO - DAG(s) 'example_params_trigger_ui' retrieved from /home/logi/txtai/venv/lib/python3.10/site-packages/airflow/example_dags/example_params_trigger_ui.py
[2025-11-12T08:14:40.497+0530] {logging_mixin.py:188} INFO - [2025-11-12T08:14:40.497+0530] {dag.py:3089} INFO - Sync 1 DAGs
[2025-11-12T08:14:40.507+0530] {logging_mixin.py:188} INFO - [2025-11-12T08:14:40.507+0530] {dag.py:3947} INFO - Setting next_dagrun for example_params_trigger_ui to None, run_after=None
[2025-11-12T08:14:40.527+0530] {processor.py:183} INFO - Processing /home/logi/txtai/venv/lib/python3.10/site-packages/airflow/example_dags/example_params_trigger_ui.py took 0.122 seconds
[2025-11-12T08:15:38.530+0530] {processor.py:161} INFO - Started process (PID=13568) to work on /home/logi/txtai/venv/lib/python3.10/site-packages/airflow/example_dags/example_params_trigger_ui.py
[2025-11-12T08:15:38.543+0530] {processor.py:830} INFO - Processing file /home/logi/txtai/venv/lib/python3.10/site-packages/airflow/example_dags/example_params_trigger_ui.py for tasks to queue
[2025-11-12T08:15:38.547+0530] {logging_mixin.py:188} INFO - [2025-11-12T08:15:38.546+0530] {dagbag.py:545} INFO - Filling up the DagBag from /home/logi/txtai/venv/lib/python3.10/site-packages/airflow/example_dags/example_params_trigger_ui.py
[2025-11-12T08:15:38.562+0530] {processor.py:840} INFO - DAG(s) 'example_params_trigger_ui' retrieved from /home/logi/txtai/venv/lib/python3.10/site-packages/airflow/example_dags/example_params_trigger_ui.py
[2025-11-12T08:15:38.611+0530] {logging_mixin.py:188} INFO - [2025-11-12T08:15:38.610+0530] {dag.py:3089} INFO - Sync 1 DAGs
[2025-11-12T08:15:38.621+0530] {logging_mixin.py:188} INFO - [2025-11-12T08:15:38.621+0530] {dag.py:3947} INFO - Setting next_dagrun for example_params_trigger_ui to None, run_after=None
[2025-11-12T08:15:38.641+0530] {processor.py:183} INFO - Processing /home/logi/txtai/venv/lib/python3.10/site-packages/airflow/example_dags/example_params_trigger_ui.py took 0.122 seconds
[2025-11-12T08:16:37.150+0530] {processor.py:161} INFO - Started process (PID=14035) to work on /home/logi/txtai/venv/lib/python3.10/site-packages/airflow/example_dags/example_params_trigger_ui.py
[2025-11-12T08:16:37.164+0530] {processor.py:830} INFO - Processing file /home/logi/txtai/venv/lib/python3.10/site-packages/airflow/example_dags/example_params_trigger_ui.py for tasks to queue
[2025-11-12T08:16:37.167+0530] {logging_mixin.py:188} INFO - [2025-11-12T08:16:37.166+0530] {dagbag.py:545} INFO - Filling up the DagBag from /home/logi/txtai/venv/lib/python3.10/site-packages/airflow/example_dags/example_params_trigger_ui.py
[2025-11-12T08:16:37.182+0530] {processor.py:840} INFO - DAG(s) 'example_params_trigger_ui' retrieved from /home/logi/txtai/venv/lib/python3.10/site-packages/airflow/example_dags/example_params_trigger_ui.py
[2025-11-12T08:16:37.230+0530] {logging_mixin.py:188} INFO - [2025-11-12T08:16:37.230+0530] {dag.py:3089} INFO - Sync 1 DAGs
[2025-11-12T08:16:37.240+0530] {logging_mixin.py:188} INFO - [2025-11-12T08:16:37.240+0530] {dag.py:3947} INFO - Setting next_dagrun for example_params_trigger_ui to None, run_after=None
[2025-11-12T08:16:37.259+0530] {processor.py:183} INFO - Processing /home/logi/txtai/venv/lib/python3.10/site-packages/airflow/example_dags/example_params_trigger_ui.py took 0.120 seconds
[2025-11-12T08:17:36.407+0530] {processor.py:161} INFO - Started process (PID=14542) to work on /home/logi/txtai/venv/lib/python3.10/site-packages/airflow/example_dags/example_params_trigger_ui.py
[2025-11-12T08:17:36.420+0530] {processor.py:830} INFO - Processing file /home/logi/txtai/venv/lib/python3.10/site-packages/airflow/example_dags/example_params_trigger_ui.py for tasks to queue
[2025-11-12T08:17:36.424+0530] {logging_mixin.py:188} INFO - [2025-11-12T08:17:36.423+0530] {dagbag.py:545} INFO - Filling up the DagBag from /home/logi/txtai/venv/lib/python3.10/site-packages/airflow/example_dags/example_params_trigger_ui.py
[2025-11-12T08:17:36.440+0530] {processor.py:840} INFO - DAG(s) 'example_params_trigger_ui' retrieved from /home/logi/txtai/venv/lib/python3.10/site-packages/airflow/example_dags/example_params_trigger_ui.py
[2025-11-12T08:17:36.482+0530] {logging_mixin.py:188} INFO - [2025-11-12T08:17:36.481+0530] {dag.py:3089} INFO - Sync 1 DAGs
[2025-11-12T08:17:36.493+0530] {logging_mixin.py:188} INFO - [2025-11-12T08:17:36.493+0530] {dag.py:3947} INFO - Setting next_dagrun for example_params_trigger_ui to None, run_after=None
[2025-11-12T08:17:36.517+0530] {processor.py:183} INFO - Processing /home/logi/txtai/venv/lib/python3.10/site-packages/airflow/example_dags/example_params_trigger_ui.py took 0.123 seconds
[2025-11-12T08:18:45.382+0530] {processor.py:161} INFO - Started process (PID=15272) to work on /home/logi/txtai/venv/lib/python3.10/site-packages/airflow/example_dags/example_params_trigger_ui.py
[2025-11-12T08:18:45.396+0530] {processor.py:830} INFO - Processing file /home/logi/txtai/venv/lib/python3.10/site-packages/airflow/example_dags/example_params_trigger_ui.py for tasks to queue
[2025-11-12T08:18:45.400+0530] {logging_mixin.py:188} INFO - [2025-11-12T08:18:45.399+0530] {dagbag.py:545} INFO - Filling up the DagBag from /home/logi/txtai/venv/lib/python3.10/site-packages/airflow/example_dags/example_params_trigger_ui.py
[2025-11-12T08:18:45.415+0530] {processor.py:840} INFO - DAG(s) 'example_params_trigger_ui' retrieved from /home/logi/txtai/venv/lib/python3.10/site-packages/airflow/example_dags/example_params_trigger_ui.py
[2025-11-12T08:18:45.465+0530] {logging_mixin.py:188} INFO - [2025-11-12T08:18:45.464+0530] {dag.py:3089} INFO - Sync 1 DAGs
[2025-11-12T08:18:45.475+0530] {logging_mixin.py:188} INFO - [2025-11-12T08:18:45.474+0530] {dag.py:3947} INFO - Setting next_dagrun for example_params_trigger_ui to None, run_after=None
[2025-11-12T08:18:45.495+0530] {processor.py:183} INFO - Processing /home/logi/txtai/venv/lib/python3.10/site-packages/airflow/example_dags/example_params_trigger_ui.py took 0.123 seconds
[2025-11-12T08:19:45.437+0530] {processor.py:161} INFO - Started process (PID=15755) to work on /home/logi/txtai/venv/lib/python3.10/site-packages/airflow/example_dags/example_params_trigger_ui.py
[2025-11-12T08:19:45.451+0530] {processor.py:830} INFO - Processing file /home/logi/txtai/venv/lib/python3.10/site-packages/airflow/example_dags/example_params_trigger_ui.py for tasks to queue
[2025-11-12T08:19:45.454+0530] {logging_mixin.py:188} INFO - [2025-11-12T08:19:45.454+0530] {dagbag.py:545} INFO - Filling up the DagBag from /home/logi/txtai/venv/lib/python3.10/site-packages/airflow/example_dags/example_params_trigger_ui.py
[2025-11-12T08:19:45.470+0530] {processor.py:840} INFO - DAG(s) 'example_params_trigger_ui' retrieved from /home/logi/txtai/venv/lib/python3.10/site-packages/airflow/example_dags/example_params_trigger_ui.py
[2025-11-12T08:19:45.517+0530] {logging_mixin.py:188} INFO - [2025-11-12T08:19:45.517+0530] {dag.py:3089} INFO - Sync 1 DAGs
[2025-11-12T08:19:45.527+0530] {logging_mixin.py:188} INFO - [2025-11-12T08:19:45.527+0530] {dag.py:3947} INFO - Setting next_dagrun for example_params_trigger_ui to None, run_after=None
[2025-11-12T08:19:45.547+0530] {processor.py:183} INFO - Processing /home/logi/txtai/venv/lib/python3.10/site-packages/airflow/example_dags/example_params_trigger_ui.py took 0.120 seconds
[2025-11-12T08:20:46.922+0530] {processor.py:161} INFO - Started process (PID=16242) to work on /home/logi/txtai/venv/lib/python3.10/site-packages/airflow/example_dags/example_params_trigger_ui.py
[2025-11-12T08:20:46.925+0530] {processor.py:830} INFO - Processing file /home/logi/txtai/venv/lib/python3.10/site-packages/airflow/example_dags/example_params_trigger_ui.py for tasks to queue
[2025-11-12T08:20:46.928+0530] {logging_mixin.py:188} INFO - [2025-11-12T08:20:46.927+0530] {dagbag.py:545} INFO - Filling up the DagBag from /home/logi/txtai/venv/lib/python3.10/site-packages/airflow/example_dags/example_params_trigger_ui.py
[2025-11-12T08:20:46.944+0530] {processor.py:840} INFO - DAG(s) 'example_params_trigger_ui' retrieved from /home/logi/txtai/venv/lib/python3.10/site-packages/airflow/example_dags/example_params_trigger_ui.py
[2025-11-12T08:20:46.984+0530] {logging_mixin.py:188} INFO - [2025-11-12T08:20:46.984+0530] {dag.py:3089} INFO - Sync 1 DAGs
[2025-11-12T08:20:46.995+0530] {logging_mixin.py:188} INFO - [2025-11-12T08:20:46.995+0530] {dag.py:3947} INFO - Setting next_dagrun for example_params_trigger_ui to None, run_after=None
[2025-11-12T08:20:47.016+0530] {processor.py:183} INFO - Processing /home/logi/txtai/venv/lib/python3.10/site-packages/airflow/example_dags/example_params_trigger_ui.py took 0.104 seconds
[2025-11-12T08:21:53.861+0530] {processor.py:161} INFO - Started process (PID=16797) to work on /home/logi/txtai/venv/lib/python3.10/site-packages/airflow/example_dags/example_params_trigger_ui.py
[2025-11-12T08:21:53.875+0530] {processor.py:830} INFO - Processing file /home/logi/txtai/venv/lib/python3.10/site-packages/airflow/example_dags/example_params_trigger_ui.py for tasks to queue
[2025-11-12T08:21:53.878+0530] {logging_mixin.py:188} INFO - [2025-11-12T08:21:53.877+0530] {dagbag.py:545} INFO - Filling up the DagBag from /home/logi/txtai/venv/lib/python3.10/site-packages/airflow/example_dags/example_params_trigger_ui.py
[2025-11-12T08:21:53.894+0530] {processor.py:840} INFO - DAG(s) 'example_params_trigger_ui' retrieved from /home/logi/txtai/venv/lib/python3.10/site-packages/airflow/example_dags/example_params_trigger_ui.py
[2025-11-12T08:21:53.940+0530] {logging_mixin.py:188} INFO - [2025-11-12T08:21:53.940+0530] {dag.py:3089} INFO - Sync 1 DAGs
[2025-11-12T08:21:53.950+0530] {logging_mixin.py:188} INFO - [2025-11-12T08:21:53.950+0530] {dag.py:3947} INFO - Setting next_dagrun for example_params_trigger_ui to None, run_after=None
[2025-11-12T08:21:53.969+0530] {processor.py:183} INFO - Processing /home/logi/txtai/venv/lib/python3.10/site-packages/airflow/example_dags/example_params_trigger_ui.py took 0.119 seconds
[2025-11-12T08:22:55.236+0530] {processor.py:161} INFO - Started process (PID=17328) to work on /home/logi/txtai/venv/lib/python3.10/site-packages/airflow/example_dags/example_params_trigger_ui.py
[2025-11-12T08:22:55.249+0530] {processor.py:830} INFO - Processing file /home/logi/txtai/venv/lib/python3.10/site-packages/airflow/example_dags/example_params_trigger_ui.py for tasks to queue
[2025-11-12T08:22:55.252+0530] {logging_mixin.py:188} INFO - [2025-11-12T08:22:55.252+0530] {dagbag.py:545} INFO - Filling up the DagBag from /home/logi/txtai/venv/lib/python3.10/site-packages/airflow/example_dags/example_params_trigger_ui.py
[2025-11-12T08:22:55.267+0530] {processor.py:840} INFO - DAG(s) 'example_params_trigger_ui' retrieved from /home/logi/txtai/venv/lib/python3.10/site-packages/airflow/example_dags/example_params_trigger_ui.py
[2025-11-12T08:22:55.307+0530] {logging_mixin.py:188} INFO - [2025-11-12T08:22:55.307+0530] {dag.py:3089} INFO - Sync 1 DAGs
[2025-11-12T08:22:55.318+0530] {logging_mixin.py:188} INFO - [2025-11-12T08:22:55.317+0530] {dag.py:3947} INFO - Setting next_dagrun for example_params_trigger_ui to None, run_after=None
[2025-11-12T08:22:55.337+0530] {processor.py:183} INFO - Processing /home/logi/txtai/venv/lib/python3.10/site-packages/airflow/example_dags/example_params_trigger_ui.py took 0.109 seconds
[2025-11-12T08:24:26.137+0530] {processor.py:161} INFO - Started process (PID=18091) to work on /home/logi/txtai/venv/lib/python3.10/site-packages/airflow/example_dags/example_params_trigger_ui.py
[2025-11-12T08:24:26.151+0530] {processor.py:830} INFO - Processing file /home/logi/txtai/venv/lib/python3.10/site-packages/airflow/example_dags/example_params_trigger_ui.py for tasks to queue
[2025-11-12T08:24:26.154+0530] {logging_mixin.py:188} INFO - [2025-11-12T08:24:26.153+0530] {dagbag.py:545} INFO - Filling up the DagBag from /home/logi/txtai/venv/lib/python3.10/site-packages/airflow/example_dags/example_params_trigger_ui.py
[2025-11-12T08:24:26.170+0530] {processor.py:840} INFO - DAG(s) 'example_params_trigger_ui' retrieved from /home/logi/txtai/venv/lib/python3.10/site-packages/airflow/example_dags/example_params_trigger_ui.py
[2025-11-12T08:24:26.218+0530] {logging_mixin.py:188} INFO - [2025-11-12T08:24:26.218+0530] {dag.py:3089} INFO - Sync 1 DAGs
[2025-11-12T08:24:26.229+0530] {logging_mixin.py:188} INFO - [2025-11-12T08:24:26.228+0530] {dag.py:3947} INFO - Setting next_dagrun for example_params_trigger_ui to None, run_after=None
[2025-11-12T08:24:26.249+0530] {processor.py:183} INFO - Processing /home/logi/txtai/venv/lib/python3.10/site-packages/airflow/example_dags/example_params_trigger_ui.py took 0.123 seconds
[2025-11-12T08:25:28.630+0530] {processor.py:161} INFO - Started process (PID=18192) to work on /home/logi/txtai/venv/lib/python3.10/site-packages/airflow/example_dags/example_params_trigger_ui.py
[2025-11-12T08:25:28.644+0530] {processor.py:830} INFO - Processing file /home/logi/txtai/venv/lib/python3.10/site-packages/airflow/example_dags/example_params_trigger_ui.py for tasks to queue
[2025-11-12T08:25:28.647+0530] {logging_mixin.py:188} INFO - [2025-11-12T08:25:28.646+0530] {dagbag.py:545} INFO - Filling up the DagBag from /home/logi/txtai/venv/lib/python3.10/site-packages/airflow/example_dags/example_params_trigger_ui.py
[2025-11-12T08:25:28.663+0530] {processor.py:840} INFO - DAG(s) 'example_params_trigger_ui' retrieved from /home/logi/txtai/venv/lib/python3.10/site-packages/airflow/example_dags/example_params_trigger_ui.py
[2025-11-12T08:25:28.710+0530] {logging_mixin.py:188} INFO - [2025-11-12T08:25:28.710+0530] {dag.py:3089} INFO - Sync 1 DAGs
[2025-11-12T08:25:28.721+0530] {logging_mixin.py:188} INFO - [2025-11-12T08:25:28.720+0530] {dag.py:3947} INFO - Setting next_dagrun for example_params_trigger_ui to None, run_after=None
[2025-11-12T08:25:28.749+0530] {processor.py:183} INFO - Processing /home/logi/txtai/venv/lib/python3.10/site-packages/airflow/example_dags/example_params_trigger_ui.py took 0.130 seconds
[2025-11-12T08:26:27.534+0530] {processor.py:161} INFO - Started process (PID=18318) to work on /home/logi/txtai/venv/lib/python3.10/site-packages/airflow/example_dags/example_params_trigger_ui.py
[2025-11-12T08:26:27.548+0530] {processor.py:830} INFO - Processing file /home/logi/txtai/venv/lib/python3.10/site-packages/airflow/example_dags/example_params_trigger_ui.py for tasks to queue
[2025-11-12T08:26:27.551+0530] {logging_mixin.py:188} INFO - [2025-11-12T08:26:27.550+0530] {dagbag.py:545} INFO - Filling up the DagBag from /home/logi/txtai/venv/lib/python3.10/site-packages/airflow/example_dags/example_params_trigger_ui.py
[2025-11-12T08:26:27.566+0530] {processor.py:840} INFO - DAG(s) 'example_params_trigger_ui' retrieved from /home/logi/txtai/venv/lib/python3.10/site-packages/airflow/example_dags/example_params_trigger_ui.py
[2025-11-12T08:26:27.616+0530] {logging_mixin.py:188} INFO - [2025-11-12T08:26:27.615+0530] {dag.py:3089} INFO - Sync 1 DAGs
[2025-11-12T08:26:27.627+0530] {logging_mixin.py:188} INFO - [2025-11-12T08:26:27.627+0530] {dag.py:3947} INFO - Setting next_dagrun for example_params_trigger_ui to None, run_after=None
[2025-11-12T08:26:27.647+0530] {processor.py:183} INFO - Processing /home/logi/txtai/venv/lib/python3.10/site-packages/airflow/example_dags/example_params_trigger_ui.py took 0.124 seconds
[2025-11-12T08:27:32.181+0530] {processor.py:161} INFO - Started process (PID=18455) to work on /home/logi/txtai/venv/lib/python3.10/site-packages/airflow/example_dags/example_params_trigger_ui.py
[2025-11-12T08:27:32.195+0530] {processor.py:830} INFO - Processing file /home/logi/txtai/venv/lib/python3.10/site-packages/airflow/example_dags/example_params_trigger_ui.py for tasks to queue
[2025-11-12T08:27:32.198+0530] {logging_mixin.py:188} INFO - [2025-11-12T08:27:32.197+0530] {dagbag.py:545} INFO - Filling up the DagBag from /home/logi/txtai/venv/lib/python3.10/site-packages/airflow/example_dags/example_params_trigger_ui.py
[2025-11-12T08:27:32.214+0530] {processor.py:840} INFO - DAG(s) 'example_params_trigger_ui' retrieved from /home/logi/txtai/venv/lib/python3.10/site-packages/airflow/example_dags/example_params_trigger_ui.py
[2025-11-12T08:27:32.262+0530] {logging_mixin.py:188} INFO - [2025-11-12T08:27:32.262+0530] {dag.py:3089} INFO - Sync 1 DAGs
[2025-11-12T08:27:32.272+0530] {logging_mixin.py:188} INFO - [2025-11-12T08:27:32.272+0530] {dag.py:3947} INFO - Setting next_dagrun for example_params_trigger_ui to None, run_after=None
[2025-11-12T08:27:32.293+0530] {processor.py:183} INFO - Processing /home/logi/txtai/venv/lib/python3.10/site-packages/airflow/example_dags/example_params_trigger_ui.py took 0.123 seconds
[2025-11-12T08:28:33.702+0530] {processor.py:161} INFO - Started process (PID=18672) to work on /home/logi/txtai/venv/lib/python3.10/site-packages/airflow/example_dags/example_params_trigger_ui.py
[2025-11-12T08:28:33.715+0530] {processor.py:830} INFO - Processing file /home/logi/txtai/venv/lib/python3.10/site-packages/airflow/example_dags/example_params_trigger_ui.py for tasks to queue
[2025-11-12T08:28:33.719+0530] {logging_mixin.py:188} INFO - [2025-11-12T08:28:33.719+0530] {dagbag.py:545} INFO - Filling up the DagBag from /home/logi/txtai/venv/lib/python3.10/site-packages/airflow/example_dags/example_params_trigger_ui.py
[2025-11-12T08:28:33.736+0530] {processor.py:840} INFO - DAG(s) 'example_params_trigger_ui' retrieved from /home/logi/txtai/venv/lib/python3.10/site-packages/airflow/example_dags/example_params_trigger_ui.py
[2025-11-12T08:28:33.782+0530] {logging_mixin.py:188} INFO - [2025-11-12T08:28:33.781+0530] {dag.py:3089} INFO - Sync 1 DAGs
[2025-11-12T08:28:33.792+0530] {logging_mixin.py:188} INFO - [2025-11-12T08:28:33.792+0530] {dag.py:3947} INFO - Setting next_dagrun for example_params_trigger_ui to None, run_after=None
[2025-11-12T08:28:33.815+0530] {processor.py:183} INFO - Processing /home/logi/txtai/venv/lib/python3.10/site-packages/airflow/example_dags/example_params_trigger_ui.py took 0.125 seconds
[2025-11-12T08:29:43.561+0530] {processor.py:161} INFO - Started process (PID=18935) to work on /home/logi/txtai/venv/lib/python3.10/site-packages/airflow/example_dags/example_params_trigger_ui.py
[2025-11-12T08:29:43.574+0530] {processor.py:830} INFO - Processing file /home/logi/txtai/venv/lib/python3.10/site-packages/airflow/example_dags/example_params_trigger_ui.py for tasks to queue
[2025-11-12T08:29:43.577+0530] {logging_mixin.py:188} INFO - [2025-11-12T08:29:43.576+0530] {dagbag.py:545} INFO - Filling up the DagBag from /home/logi/txtai/venv/lib/python3.10/site-packages/airflow/example_dags/example_params_trigger_ui.py
[2025-11-12T08:29:43.592+0530] {processor.py:840} INFO - DAG(s) 'example_params_trigger_ui' retrieved from /home/logi/txtai/venv/lib/python3.10/site-packages/airflow/example_dags/example_params_trigger_ui.py
[2025-11-12T08:29:43.635+0530] {logging_mixin.py:188} INFO - [2025-11-12T08:29:43.634+0530] {dag.py:3089} INFO - Sync 1 DAGs
[2025-11-12T08:29:43.645+0530] {logging_mixin.py:188} INFO - [2025-11-12T08:29:43.645+0530] {dag.py:3947} INFO - Setting next_dagrun for example_params_trigger_ui to None, run_after=None
[2025-11-12T08:29:43.666+0530] {processor.py:183} INFO - Processing /home/logi/txtai/venv/lib/python3.10/site-packages/airflow/example_dags/example_params_trigger_ui.py took 0.116 seconds
[2025-11-12T08:30:42.810+0530] {processor.py:161} INFO - Started process (PID=19317) to work on /home/logi/txtai/venv/lib/python3.10/site-packages/airflow/example_dags/example_params_trigger_ui.py
[2025-11-12T08:30:42.824+0530] {processor.py:830} INFO - Processing file /home/logi/txtai/venv/lib/python3.10/site-packages/airflow/example_dags/example_params_trigger_ui.py for tasks to queue
[2025-11-12T08:30:42.827+0530] {logging_mixin.py:188} INFO - [2025-11-12T08:30:42.826+0530] {dagbag.py:545} INFO - Filling up the DagBag from /home/logi/txtai/venv/lib/python3.10/site-packages/airflow/example_dags/example_params_trigger_ui.py
[2025-11-12T08:30:42.842+0530] {processor.py:840} INFO - DAG(s) 'example_params_trigger_ui' retrieved from /home/logi/txtai/venv/lib/python3.10/site-packages/airflow/example_dags/example_params_trigger_ui.py
[2025-11-12T08:30:42.890+0530] {logging_mixin.py:188} INFO - [2025-11-12T08:30:42.890+0530] {dag.py:3089} INFO - Sync 1 DAGs
[2025-11-12T08:30:42.901+0530] {logging_mixin.py:188} INFO - [2025-11-12T08:30:42.900+0530] {dag.py:3947} INFO - Setting next_dagrun for example_params_trigger_ui to None, run_after=None
[2025-11-12T08:30:42.927+0530] {processor.py:183} INFO - Processing /home/logi/txtai/venv/lib/python3.10/site-packages/airflow/example_dags/example_params_trigger_ui.py took 0.128 seconds
[2025-11-12T08:31:41.357+0530] {processor.py:161} INFO - Started process (PID=19427) to work on /home/logi/txtai/venv/lib/python3.10/site-packages/airflow/example_dags/example_params_trigger_ui.py
[2025-11-12T08:31:41.371+0530] {processor.py:830} INFO - Processing file /home/logi/txtai/venv/lib/python3.10/site-packages/airflow/example_dags/example_params_trigger_ui.py for tasks to queue
[2025-11-12T08:31:41.374+0530] {logging_mixin.py:188} INFO - [2025-11-12T08:31:41.373+0530] {dagbag.py:545} INFO - Filling up the DagBag from /home/logi/txtai/venv/lib/python3.10/site-packages/airflow/example_dags/example_params_trigger_ui.py
[2025-11-12T08:31:41.385+0530] {processor.py:840} INFO - DAG(s) 'example_params_trigger_ui' retrieved from /home/logi/txtai/venv/lib/python3.10/site-packages/airflow/example_dags/example_params_trigger_ui.py
[2025-11-12T08:31:41.425+0530] {logging_mixin.py:188} INFO - [2025-11-12T08:31:41.425+0530] {dag.py:3089} INFO - Sync 1 DAGs
[2025-11-12T08:31:41.436+0530] {logging_mixin.py:188} INFO - [2025-11-12T08:31:41.436+0530] {dag.py:3947} INFO - Setting next_dagrun for example_params_trigger_ui to None, run_after=None
[2025-11-12T08:31:41.464+0530] {processor.py:183} INFO - Processing /home/logi/txtai/venv/lib/python3.10/site-packages/airflow/example_dags/example_params_trigger_ui.py took 0.118 seconds
[2025-11-12T08:32:45.916+0530] {processor.py:161} INFO - Started process (PID=19581) to work on /home/logi/txtai/venv/lib/python3.10/site-packages/airflow/example_dags/example_params_trigger_ui.py
[2025-11-12T08:32:45.929+0530] {processor.py:830} INFO - Processing file /home/logi/txtai/venv/lib/python3.10/site-packages/airflow/example_dags/example_params_trigger_ui.py for tasks to queue
[2025-11-12T08:32:45.933+0530] {logging_mixin.py:188} INFO - [2025-11-12T08:32:45.932+0530] {dagbag.py:545} INFO - Filling up the DagBag from /home/logi/txtai/venv/lib/python3.10/site-packages/airflow/example_dags/example_params_trigger_ui.py
[2025-11-12T08:32:45.949+0530] {processor.py:840} INFO - DAG(s) 'example_params_trigger_ui' retrieved from /home/logi/txtai/venv/lib/python3.10/site-packages/airflow/example_dags/example_params_trigger_ui.py
[2025-11-12T08:32:46.004+0530] {logging_mixin.py:188} INFO - [2025-11-12T08:32:46.003+0530] {dag.py:3089} INFO - Sync 1 DAGs
[2025-11-12T08:32:46.015+0530] {logging_mixin.py:188} INFO - [2025-11-12T08:32:46.014+0530] {dag.py:3947} INFO - Setting next_dagrun for example_params_trigger_ui to None, run_after=None
[2025-11-12T08:32:46.042+0530] {processor.py:183} INFO - Processing /home/logi/txtai/venv/lib/python3.10/site-packages/airflow/example_dags/example_params_trigger_ui.py took 0.137 seconds
[2025-11-12T08:34:11.841+0530] {processor.py:161} INFO - Started process (PID=20008) to work on /home/logi/txtai/venv/lib/python3.10/site-packages/airflow/example_dags/example_params_trigger_ui.py
[2025-11-12T08:34:11.854+0530] {processor.py:830} INFO - Processing file /home/logi/txtai/venv/lib/python3.10/site-packages/airflow/example_dags/example_params_trigger_ui.py for tasks to queue
[2025-11-12T08:34:11.857+0530] {logging_mixin.py:188} INFO - [2025-11-12T08:34:11.857+0530] {dagbag.py:545} INFO - Filling up the DagBag from /home/logi/txtai/venv/lib/python3.10/site-packages/airflow/example_dags/example_params_trigger_ui.py
[2025-11-12T08:34:11.874+0530] {processor.py:840} INFO - DAG(s) 'example_params_trigger_ui' retrieved from /home/logi/txtai/venv/lib/python3.10/site-packages/airflow/example_dags/example_params_trigger_ui.py
[2025-11-12T08:34:11.921+0530] {logging_mixin.py:188} INFO - [2025-11-12T08:34:11.921+0530] {dag.py:3089} INFO - Sync 1 DAGs
[2025-11-12T08:34:11.932+0530] {logging_mixin.py:188} INFO - [2025-11-12T08:34:11.931+0530] {dag.py:3947} INFO - Setting next_dagrun for example_params_trigger_ui to None, run_after=None
[2025-11-12T08:34:11.953+0530] {processor.py:183} INFO - Processing /home/logi/txtai/venv/lib/python3.10/site-packages/airflow/example_dags/example_params_trigger_ui.py took 0.123 seconds
[2025-11-12T08:35:12.728+0530] {processor.py:161} INFO - Started process (PID=20092) to work on /home/logi/txtai/venv/lib/python3.10/site-packages/airflow/example_dags/example_params_trigger_ui.py
[2025-11-12T08:35:12.742+0530] {processor.py:830} INFO - Processing file /home/logi/txtai/venv/lib/python3.10/site-packages/airflow/example_dags/example_params_trigger_ui.py for tasks to queue
[2025-11-12T08:35:12.745+0530] {logging_mixin.py:188} INFO - [2025-11-12T08:35:12.744+0530] {dagbag.py:545} INFO - Filling up the DagBag from /home/logi/txtai/venv/lib/python3.10/site-packages/airflow/example_dags/example_params_trigger_ui.py
[2025-11-12T08:35:12.761+0530] {processor.py:840} INFO - DAG(s) 'example_params_trigger_ui' retrieved from /home/logi/txtai/venv/lib/python3.10/site-packages/airflow/example_dags/example_params_trigger_ui.py
[2025-11-12T08:35:12.810+0530] {logging_mixin.py:188} INFO - [2025-11-12T08:35:12.810+0530] {dag.py:3089} INFO - Sync 1 DAGs
[2025-11-12T08:35:12.820+0530] {logging_mixin.py:188} INFO - [2025-11-12T08:35:12.820+0530] {dag.py:3947} INFO - Setting next_dagrun for example_params_trigger_ui to None, run_after=None
[2025-11-12T08:35:12.842+0530] {processor.py:183} INFO - Processing /home/logi/txtai/venv/lib/python3.10/site-packages/airflow/example_dags/example_params_trigger_ui.py took 0.128 seconds
[2025-11-12T08:36:10.851+0530] {processor.py:161} INFO - Started process (PID=20173) to work on /home/logi/txtai/venv/lib/python3.10/site-packages/airflow/example_dags/example_params_trigger_ui.py
[2025-11-12T08:36:10.864+0530] {processor.py:830} INFO - Processing file /home/logi/txtai/venv/lib/python3.10/site-packages/airflow/example_dags/example_params_trigger_ui.py for tasks to queue
[2025-11-12T08:36:10.867+0530] {logging_mixin.py:188} INFO - [2025-11-12T08:36:10.866+0530] {dagbag.py:545} INFO - Filling up the DagBag from /home/logi/txtai/venv/lib/python3.10/site-packages/airflow/example_dags/example_params_trigger_ui.py
[2025-11-12T08:36:10.883+0530] {processor.py:840} INFO - DAG(s) 'example_params_trigger_ui' retrieved from /home/logi/txtai/venv/lib/python3.10/site-packages/airflow/example_dags/example_params_trigger_ui.py
[2025-11-12T08:36:10.931+0530] {logging_mixin.py:188} INFO - [2025-11-12T08:36:10.931+0530] {dag.py:3089} INFO - Sync 1 DAGs
[2025-11-12T08:36:10.942+0530] {logging_mixin.py:188} INFO - [2025-11-12T08:36:10.942+0530] {dag.py:3947} INFO - Setting next_dagrun for example_params_trigger_ui to None, run_after=None
[2025-11-12T08:36:10.962+0530] {processor.py:183} INFO - Processing /home/logi/txtai/venv/lib/python3.10/site-packages/airflow/example_dags/example_params_trigger_ui.py took 0.122 seconds
[2025-11-12T08:37:09.334+0530] {processor.py:161} INFO - Started process (PID=20253) to work on /home/logi/txtai/venv/lib/python3.10/site-packages/airflow/example_dags/example_params_trigger_ui.py
[2025-11-12T08:37:09.348+0530] {processor.py:830} INFO - Processing file /home/logi/txtai/venv/lib/python3.10/site-packages/airflow/example_dags/example_params_trigger_ui.py for tasks to queue
[2025-11-12T08:37:09.351+0530] {logging_mixin.py:188} INFO - [2025-11-12T08:37:09.350+0530] {dagbag.py:545} INFO - Filling up the DagBag from /home/logi/txtai/venv/lib/python3.10/site-packages/airflow/example_dags/example_params_trigger_ui.py
[2025-11-12T08:37:09.370+0530] {processor.py:840} INFO - DAG(s) 'example_params_trigger_ui' retrieved from /home/logi/txtai/venv/lib/python3.10/site-packages/airflow/example_dags/example_params_trigger_ui.py
[2025-11-12T08:37:09.419+0530] {logging_mixin.py:188} INFO - [2025-11-12T08:37:09.418+0530] {dag.py:3089} INFO - Sync 1 DAGs
[2025-11-12T08:37:09.431+0530] {logging_mixin.py:188} INFO - [2025-11-12T08:37:09.430+0530] {dag.py:3947} INFO - Setting next_dagrun for example_params_trigger_ui to None, run_after=None
[2025-11-12T08:37:09.459+0530] {processor.py:183} INFO - Processing /home/logi/txtai/venv/lib/python3.10/site-packages/airflow/example_dags/example_params_trigger_ui.py took 0.136 seconds
[2025-11-12T08:38:12.386+0530] {processor.py:161} INFO - Started process (PID=20452) to work on /home/logi/txtai/venv/lib/python3.10/site-packages/airflow/example_dags/example_params_trigger_ui.py
[2025-11-12T08:38:12.400+0530] {processor.py:830} INFO - Processing file /home/logi/txtai/venv/lib/python3.10/site-packages/airflow/example_dags/example_params_trigger_ui.py for tasks to queue
[2025-11-12T08:38:12.403+0530] {logging_mixin.py:188} INFO - [2025-11-12T08:38:12.402+0530] {dagbag.py:545} INFO - Filling up the DagBag from /home/logi/txtai/venv/lib/python3.10/site-packages/airflow/example_dags/example_params_trigger_ui.py
[2025-11-12T08:38:12.419+0530] {processor.py:840} INFO - DAG(s) 'example_params_trigger_ui' retrieved from /home/logi/txtai/venv/lib/python3.10/site-packages/airflow/example_dags/example_params_trigger_ui.py
[2025-11-12T08:38:12.467+0530] {logging_mixin.py:188} INFO - [2025-11-12T08:38:12.466+0530] {dag.py:3089} INFO - Sync 1 DAGs
[2025-11-12T08:38:12.477+0530] {logging_mixin.py:188} INFO - [2025-11-12T08:38:12.477+0530] {dag.py:3947} INFO - Setting next_dagrun for example_params_trigger_ui to None, run_after=None
[2025-11-12T08:38:12.498+0530] {processor.py:183} INFO - Processing /home/logi/txtai/venv/lib/python3.10/site-packages/airflow/example_dags/example_params_trigger_ui.py took 0.123 seconds
[2025-11-12T08:39:27.820+0530] {processor.py:161} INFO - Started process (PID=20691) to work on /home/logi/txtai/venv/lib/python3.10/site-packages/airflow/example_dags/example_params_trigger_ui.py
[2025-11-12T08:39:27.833+0530] {processor.py:830} INFO - Processing file /home/logi/txtai/venv/lib/python3.10/site-packages/airflow/example_dags/example_params_trigger_ui.py for tasks to queue
[2025-11-12T08:39:27.836+0530] {logging_mixin.py:188} INFO - [2025-11-12T08:39:27.835+0530] {dagbag.py:545} INFO - Filling up the DagBag from /home/logi/txtai/venv/lib/python3.10/site-packages/airflow/example_dags/example_params_trigger_ui.py
[2025-11-12T08:39:27.851+0530] {processor.py:840} INFO - DAG(s) 'example_params_trigger_ui' retrieved from /home/logi/txtai/venv/lib/python3.10/site-packages/airflow/example_dags/example_params_trigger_ui.py
[2025-11-12T08:39:27.901+0530] {logging_mixin.py:188} INFO - [2025-11-12T08:39:27.901+0530] {dag.py:3089} INFO - Sync 1 DAGs
[2025-11-12T08:39:27.911+0530] {logging_mixin.py:188} INFO - [2025-11-12T08:39:27.911+0530] {dag.py:3947} INFO - Setting next_dagrun for example_params_trigger_ui to None, run_after=None
[2025-11-12T08:39:27.931+0530] {processor.py:183} INFO - Processing /home/logi/txtai/venv/lib/python3.10/site-packages/airflow/example_dags/example_params_trigger_ui.py took 0.122 seconds
[2025-11-12T08:40:31.276+0530] {processor.py:161} INFO - Started process (PID=20774) to work on /home/logi/txtai/venv/lib/python3.10/site-packages/airflow/example_dags/example_params_trigger_ui.py
[2025-11-12T08:40:31.289+0530] {processor.py:830} INFO - Processing file /home/logi/txtai/venv/lib/python3.10/site-packages/airflow/example_dags/example_params_trigger_ui.py for tasks to queue
[2025-11-12T08:40:31.292+0530] {logging_mixin.py:188} INFO - [2025-11-12T08:40:31.291+0530] {dagbag.py:545} INFO - Filling up the DagBag from /home/logi/txtai/venv/lib/python3.10/site-packages/airflow/example_dags/example_params_trigger_ui.py
[2025-11-12T08:40:31.308+0530] {processor.py:840} INFO - DAG(s) 'example_params_trigger_ui' retrieved from /home/logi/txtai/venv/lib/python3.10/site-packages/airflow/example_dags/example_params_trigger_ui.py
[2025-11-12T08:40:31.357+0530] {logging_mixin.py:188} INFO - [2025-11-12T08:40:31.357+0530] {dag.py:3089} INFO - Sync 1 DAGs
[2025-11-12T08:40:31.367+0530] {logging_mixin.py:188} INFO - [2025-11-12T08:40:31.367+0530] {dag.py:3947} INFO - Setting next_dagrun for example_params_trigger_ui to None, run_after=None
[2025-11-12T08:40:31.388+0530] {processor.py:183} INFO - Processing /home/logi/txtai/venv/lib/python3.10/site-packages/airflow/example_dags/example_params_trigger_ui.py took 0.123 seconds
[2025-11-12T08:41:35.245+0530] {processor.py:161} INFO - Started process (PID=20906) to work on /home/logi/txtai/venv/lib/python3.10/site-packages/airflow/example_dags/example_params_trigger_ui.py
[2025-11-12T08:41:35.259+0530] {processor.py:830} INFO - Processing file /home/logi/txtai/venv/lib/python3.10/site-packages/airflow/example_dags/example_params_trigger_ui.py for tasks to queue
[2025-11-12T08:41:35.263+0530] {logging_mixin.py:188} INFO - [2025-11-12T08:41:35.262+0530] {dagbag.py:545} INFO - Filling up the DagBag from /home/logi/txtai/venv/lib/python3.10/site-packages/airflow/example_dags/example_params_trigger_ui.py
[2025-11-12T08:41:35.291+0530] {processor.py:840} INFO - DAG(s) 'example_params_trigger_ui' retrieved from /home/logi/txtai/venv/lib/python3.10/site-packages/airflow/example_dags/example_params_trigger_ui.py
[2025-11-12T08:41:35.353+0530] {logging_mixin.py:188} INFO - [2025-11-12T08:41:35.352+0530] {dag.py:3089} INFO - Sync 1 DAGs
[2025-11-12T08:41:35.369+0530] {logging_mixin.py:188} INFO - [2025-11-12T08:41:35.368+0530] {dag.py:3947} INFO - Setting next_dagrun for example_params_trigger_ui to None, run_after=None
[2025-11-12T08:41:35.417+0530] {processor.py:183} INFO - Processing /home/logi/txtai/venv/lib/python3.10/site-packages/airflow/example_dags/example_params_trigger_ui.py took 0.189 seconds
[2025-11-12T08:42:37.741+0530] {processor.py:161} INFO - Started process (PID=21014) to work on /home/logi/txtai/venv/lib/python3.10/site-packages/airflow/example_dags/example_params_trigger_ui.py
[2025-11-12T08:42:37.755+0530] {processor.py:830} INFO - Processing file /home/logi/txtai/venv/lib/python3.10/site-packages/airflow/example_dags/example_params_trigger_ui.py for tasks to queue
[2025-11-12T08:42:37.759+0530] {logging_mixin.py:188} INFO - [2025-11-12T08:42:37.759+0530] {dagbag.py:545} INFO - Filling up the DagBag from /home/logi/txtai/venv/lib/python3.10/site-packages/airflow/example_dags/example_params_trigger_ui.py
[2025-11-12T08:42:37.781+0530] {processor.py:840} INFO - DAG(s) 'example_params_trigger_ui' retrieved from /home/logi/txtai/venv/lib/python3.10/site-packages/airflow/example_dags/example_params_trigger_ui.py
[2025-11-12T08:42:37.836+0530] {logging_mixin.py:188} INFO - [2025-11-12T08:42:37.836+0530] {dag.py:3089} INFO - Sync 1 DAGs
[2025-11-12T08:42:37.851+0530] {logging_mixin.py:188} INFO - [2025-11-12T08:42:37.851+0530] {dag.py:3947} INFO - Setting next_dagrun for example_params_trigger_ui to None, run_after=None
[2025-11-12T08:42:37.887+0530] {processor.py:183} INFO - Processing /home/logi/txtai/venv/lib/python3.10/site-packages/airflow/example_dags/example_params_trigger_ui.py took 0.162 seconds
[2025-11-12T08:43:51.038+0530] {processor.py:161} INFO - Started process (PID=21184) to work on /home/logi/txtai/venv/lib/python3.10/site-packages/airflow/example_dags/example_params_trigger_ui.py
[2025-11-12T08:43:51.052+0530] {processor.py:830} INFO - Processing file /home/logi/txtai/venv/lib/python3.10/site-packages/airflow/example_dags/example_params_trigger_ui.py for tasks to queue
[2025-11-12T08:43:51.056+0530] {logging_mixin.py:188} INFO - [2025-11-12T08:43:51.055+0530] {dagbag.py:545} INFO - Filling up the DagBag from /home/logi/txtai/venv/lib/python3.10/site-packages/airflow/example_dags/example_params_trigger_ui.py
[2025-11-12T08:43:51.072+0530] {processor.py:840} INFO - DAG(s) 'example_params_trigger_ui' retrieved from /home/logi/txtai/venv/lib/python3.10/site-packages/airflow/example_dags/example_params_trigger_ui.py
[2025-11-12T08:43:51.122+0530] {logging_mixin.py:188} INFO - [2025-11-12T08:43:51.122+0530] {dag.py:3089} INFO - Sync 1 DAGs
[2025-11-12T08:43:51.132+0530] {logging_mixin.py:188} INFO - [2025-11-12T08:43:51.131+0530] {dag.py:3947} INFO - Setting next_dagrun for example_params_trigger_ui to None, run_after=None
[2025-11-12T08:43:51.154+0530] {processor.py:183} INFO - Processing /home/logi/txtai/venv/lib/python3.10/site-packages/airflow/example_dags/example_params_trigger_ui.py took 0.128 seconds
[2025-11-12T08:45:06.791+0530] {processor.py:161} INFO - Started process (PID=21617) to work on /home/logi/txtai/venv/lib/python3.10/site-packages/airflow/example_dags/example_params_trigger_ui.py
[2025-11-12T08:45:06.805+0530] {processor.py:830} INFO - Processing file /home/logi/txtai/venv/lib/python3.10/site-packages/airflow/example_dags/example_params_trigger_ui.py for tasks to queue
[2025-11-12T08:45:06.809+0530] {logging_mixin.py:188} INFO - [2025-11-12T08:45:06.808+0530] {dagbag.py:545} INFO - Filling up the DagBag from /home/logi/txtai/venv/lib/python3.10/site-packages/airflow/example_dags/example_params_trigger_ui.py
[2025-11-12T08:45:06.825+0530] {processor.py:840} INFO - DAG(s) 'example_params_trigger_ui' retrieved from /home/logi/txtai/venv/lib/python3.10/site-packages/airflow/example_dags/example_params_trigger_ui.py
[2025-11-12T08:45:06.874+0530] {logging_mixin.py:188} INFO - [2025-11-12T08:45:06.874+0530] {dag.py:3089} INFO - Sync 1 DAGs
[2025-11-12T08:45:06.885+0530] {logging_mixin.py:188} INFO - [2025-11-12T08:45:06.885+0530] {dag.py:3947} INFO - Setting next_dagrun for example_params_trigger_ui to None, run_after=None
[2025-11-12T08:45:06.906+0530] {processor.py:183} INFO - Processing /home/logi/txtai/venv/lib/python3.10/site-packages/airflow/example_dags/example_params_trigger_ui.py took 0.127 seconds
[2025-11-12T08:46:09.559+0530] {processor.py:161} INFO - Started process (PID=21696) to work on /home/logi/txtai/venv/lib/python3.10/site-packages/airflow/example_dags/example_params_trigger_ui.py
[2025-11-12T08:46:09.572+0530] {processor.py:830} INFO - Processing file /home/logi/txtai/venv/lib/python3.10/site-packages/airflow/example_dags/example_params_trigger_ui.py for tasks to queue
[2025-11-12T08:46:09.576+0530] {logging_mixin.py:188} INFO - [2025-11-12T08:46:09.575+0530] {dagbag.py:545} INFO - Filling up the DagBag from /home/logi/txtai/venv/lib/python3.10/site-packages/airflow/example_dags/example_params_trigger_ui.py
[2025-11-12T08:46:09.592+0530] {processor.py:840} INFO - DAG(s) 'example_params_trigger_ui' retrieved from /home/logi/txtai/venv/lib/python3.10/site-packages/airflow/example_dags/example_params_trigger_ui.py
[2025-11-12T08:46:09.640+0530] {logging_mixin.py:188} INFO - [2025-11-12T08:46:09.639+0530] {dag.py:3089} INFO - Sync 1 DAGs
[2025-11-12T08:46:09.651+0530] {logging_mixin.py:188} INFO - [2025-11-12T08:46:09.650+0530] {dag.py:3947} INFO - Setting next_dagrun for example_params_trigger_ui to None, run_after=None
[2025-11-12T08:46:09.678+0530] {processor.py:183} INFO - Processing /home/logi/txtai/venv/lib/python3.10/site-packages/airflow/example_dags/example_params_trigger_ui.py took 0.130 seconds
[2025-11-12T08:47:10.650+0530] {processor.py:161} INFO - Started process (PID=21787) to work on /home/logi/txtai/venv/lib/python3.10/site-packages/airflow/example_dags/example_params_trigger_ui.py
[2025-11-12T08:47:10.662+0530] {processor.py:830} INFO - Processing file /home/logi/txtai/venv/lib/python3.10/site-packages/airflow/example_dags/example_params_trigger_ui.py for tasks to queue
[2025-11-12T08:47:10.666+0530] {logging_mixin.py:188} INFO - [2025-11-12T08:47:10.665+0530] {dagbag.py:545} INFO - Filling up the DagBag from /home/logi/txtai/venv/lib/python3.10/site-packages/airflow/example_dags/example_params_trigger_ui.py
[2025-11-12T08:47:10.676+0530] {processor.py:840} INFO - DAG(s) 'example_params_trigger_ui' retrieved from /home/logi/txtai/venv/lib/python3.10/site-packages/airflow/example_dags/example_params_trigger_ui.py
[2025-11-12T08:47:10.711+0530] {logging_mixin.py:188} INFO - [2025-11-12T08:47:10.711+0530] {dag.py:3089} INFO - Sync 1 DAGs
[2025-11-12T08:47:10.722+0530] {logging_mixin.py:188} INFO - [2025-11-12T08:47:10.722+0530] {dag.py:3947} INFO - Setting next_dagrun for example_params_trigger_ui to None, run_after=None
[2025-11-12T08:47:10.743+0530] {processor.py:183} INFO - Processing /home/logi/txtai/venv/lib/python3.10/site-packages/airflow/example_dags/example_params_trigger_ui.py took 0.104 seconds
[2025-11-12T08:48:10.141+0530] {processor.py:161} INFO - Started process (PID=21896) to work on /home/logi/txtai/venv/lib/python3.10/site-packages/airflow/example_dags/example_params_trigger_ui.py
[2025-11-12T08:48:10.154+0530] {processor.py:830} INFO - Processing file /home/logi/txtai/venv/lib/python3.10/site-packages/airflow/example_dags/example_params_trigger_ui.py for tasks to queue
[2025-11-12T08:48:10.158+0530] {logging_mixin.py:188} INFO - [2025-11-12T08:48:10.157+0530] {dagbag.py:545} INFO - Filling up the DagBag from /home/logi/txtai/venv/lib/python3.10/site-packages/airflow/example_dags/example_params_trigger_ui.py
[2025-11-12T08:48:10.174+0530] {processor.py:840} INFO - DAG(s) 'example_params_trigger_ui' retrieved from /home/logi/txtai/venv/lib/python3.10/site-packages/airflow/example_dags/example_params_trigger_ui.py
[2025-11-12T08:48:10.223+0530] {logging_mixin.py:188} INFO - [2025-11-12T08:48:10.223+0530] {dag.py:3089} INFO - Sync 1 DAGs
[2025-11-12T08:48:10.234+0530] {logging_mixin.py:188} INFO - [2025-11-12T08:48:10.234+0530] {dag.py:3947} INFO - Setting next_dagrun for example_params_trigger_ui to None, run_after=None
[2025-11-12T08:48:10.256+0530] {processor.py:183} INFO - Processing /home/logi/txtai/venv/lib/python3.10/site-packages/airflow/example_dags/example_params_trigger_ui.py took 0.126 seconds
[2025-11-12T08:49:13.140+0530] {processor.py:161} INFO - Started process (PID=21981) to work on /home/logi/txtai/venv/lib/python3.10/site-packages/airflow/example_dags/example_params_trigger_ui.py
[2025-11-12T08:49:13.153+0530] {processor.py:830} INFO - Processing file /home/logi/txtai/venv/lib/python3.10/site-packages/airflow/example_dags/example_params_trigger_ui.py for tasks to queue
[2025-11-12T08:49:13.155+0530] {logging_mixin.py:188} INFO - [2025-11-12T08:49:13.154+0530] {dagbag.py:545} INFO - Filling up the DagBag from /home/logi/txtai/venv/lib/python3.10/site-packages/airflow/example_dags/example_params_trigger_ui.py
[2025-11-12T08:49:13.164+0530] {processor.py:840} INFO - DAG(s) 'example_params_trigger_ui' retrieved from /home/logi/txtai/venv/lib/python3.10/site-packages/airflow/example_dags/example_params_trigger_ui.py
[2025-11-12T08:49:13.197+0530] {logging_mixin.py:188} INFO - [2025-11-12T08:49:13.197+0530] {dag.py:3089} INFO - Sync 1 DAGs
[2025-11-12T08:49:13.207+0530] {logging_mixin.py:188} INFO - [2025-11-12T08:49:13.207+0530] {dag.py:3947} INFO - Setting next_dagrun for example_params_trigger_ui to None, run_after=None
[2025-11-12T08:49:13.228+0530] {processor.py:183} INFO - Processing /home/logi/txtai/venv/lib/python3.10/site-packages/airflow/example_dags/example_params_trigger_ui.py took 0.095 seconds
[2025-11-12T08:50:23.337+0530] {processor.py:161} INFO - Started process (PID=22271) to work on /home/logi/txtai/venv/lib/python3.10/site-packages/airflow/example_dags/example_params_trigger_ui.py
[2025-11-12T08:50:23.351+0530] {processor.py:830} INFO - Processing file /home/logi/txtai/venv/lib/python3.10/site-packages/airflow/example_dags/example_params_trigger_ui.py for tasks to queue
[2025-11-12T08:50:23.354+0530] {logging_mixin.py:188} INFO - [2025-11-12T08:50:23.353+0530] {dagbag.py:545} INFO - Filling up the DagBag from /home/logi/txtai/venv/lib/python3.10/site-packages/airflow/example_dags/example_params_trigger_ui.py
[2025-11-12T08:50:23.370+0530] {processor.py:840} INFO - DAG(s) 'example_params_trigger_ui' retrieved from /home/logi/txtai/venv/lib/python3.10/site-packages/airflow/example_dags/example_params_trigger_ui.py
[2025-11-12T08:50:23.419+0530] {logging_mixin.py:188} INFO - [2025-11-12T08:50:23.419+0530] {dag.py:3089} INFO - Sync 1 DAGs
[2025-11-12T08:50:23.430+0530] {logging_mixin.py:188} INFO - [2025-11-12T08:50:23.429+0530] {dag.py:3947} INFO - Setting next_dagrun for example_params_trigger_ui to None, run_after=None
[2025-11-12T08:50:23.449+0530] {processor.py:183} INFO - Processing /home/logi/txtai/venv/lib/python3.10/site-packages/airflow/example_dags/example_params_trigger_ui.py took 0.124 seconds
[2025-11-12T08:51:23.004+0530] {processor.py:161} INFO - Started process (PID=22410) to work on /home/logi/txtai/venv/lib/python3.10/site-packages/airflow/example_dags/example_params_trigger_ui.py
[2025-11-12T08:51:23.018+0530] {processor.py:830} INFO - Processing file /home/logi/txtai/venv/lib/python3.10/site-packages/airflow/example_dags/example_params_trigger_ui.py for tasks to queue
[2025-11-12T08:51:23.021+0530] {logging_mixin.py:188} INFO - [2025-11-12T08:51:23.021+0530] {dagbag.py:545} INFO - Filling up the DagBag from /home/logi/txtai/venv/lib/python3.10/site-packages/airflow/example_dags/example_params_trigger_ui.py
[2025-11-12T08:51:23.038+0530] {processor.py:840} INFO - DAG(s) 'example_params_trigger_ui' retrieved from /home/logi/txtai/venv/lib/python3.10/site-packages/airflow/example_dags/example_params_trigger_ui.py
[2025-11-12T08:51:23.086+0530] {logging_mixin.py:188} INFO - [2025-11-12T08:51:23.086+0530] {dag.py:3089} INFO - Sync 1 DAGs
[2025-11-12T08:51:23.097+0530] {logging_mixin.py:188} INFO - [2025-11-12T08:51:23.097+0530] {dag.py:3947} INFO - Setting next_dagrun for example_params_trigger_ui to None, run_after=None
[2025-11-12T08:51:23.117+0530] {processor.py:183} INFO - Processing /home/logi/txtai/venv/lib/python3.10/site-packages/airflow/example_dags/example_params_trigger_ui.py took 0.124 seconds
[2025-11-12T08:52:22.071+0530] {processor.py:161} INFO - Started process (PID=22536) to work on /home/logi/txtai/venv/lib/python3.10/site-packages/airflow/example_dags/example_params_trigger_ui.py
[2025-11-12T08:52:22.085+0530] {processor.py:830} INFO - Processing file /home/logi/txtai/venv/lib/python3.10/site-packages/airflow/example_dags/example_params_trigger_ui.py for tasks to queue
[2025-11-12T08:52:22.088+0530] {logging_mixin.py:188} INFO - [2025-11-12T08:52:22.087+0530] {dagbag.py:545} INFO - Filling up the DagBag from /home/logi/txtai/venv/lib/python3.10/site-packages/airflow/example_dags/example_params_trigger_ui.py
[2025-11-12T08:52:22.104+0530] {processor.py:840} INFO - DAG(s) 'example_params_trigger_ui' retrieved from /home/logi/txtai/venv/lib/python3.10/site-packages/airflow/example_dags/example_params_trigger_ui.py
[2025-11-12T08:52:22.150+0530] {logging_mixin.py:188} INFO - [2025-11-12T08:52:22.150+0530] {dag.py:3089} INFO - Sync 1 DAGs
[2025-11-12T08:52:22.160+0530] {logging_mixin.py:188} INFO - [2025-11-12T08:52:22.160+0530] {dag.py:3947} INFO - Setting next_dagrun for example_params_trigger_ui to None, run_after=None
[2025-11-12T08:52:22.183+0530] {processor.py:183} INFO - Processing /home/logi/txtai/venv/lib/python3.10/site-packages/airflow/example_dags/example_params_trigger_ui.py took 0.123 seconds
[2025-11-12T08:53:22.594+0530] {processor.py:161} INFO - Started process (PID=22690) to work on /home/logi/txtai/venv/lib/python3.10/site-packages/airflow/example_dags/example_params_trigger_ui.py
[2025-11-12T08:53:22.608+0530] {processor.py:830} INFO - Processing file /home/logi/txtai/venv/lib/python3.10/site-packages/airflow/example_dags/example_params_trigger_ui.py for tasks to queue
[2025-11-12T08:53:22.612+0530] {logging_mixin.py:188} INFO - [2025-11-12T08:53:22.611+0530] {dagbag.py:545} INFO - Filling up the DagBag from /home/logi/txtai/venv/lib/python3.10/site-packages/airflow/example_dags/example_params_trigger_ui.py
[2025-11-12T08:53:22.628+0530] {processor.py:840} INFO - DAG(s) 'example_params_trigger_ui' retrieved from /home/logi/txtai/venv/lib/python3.10/site-packages/airflow/example_dags/example_params_trigger_ui.py
[2025-11-12T08:53:22.677+0530] {logging_mixin.py:188} INFO - [2025-11-12T08:53:22.677+0530] {dag.py:3089} INFO - Sync 1 DAGs
[2025-11-12T08:53:22.688+0530] {logging_mixin.py:188} INFO - [2025-11-12T08:53:22.688+0530] {dag.py:3947} INFO - Setting next_dagrun for example_params_trigger_ui to None, run_after=None
[2025-11-12T08:53:22.708+0530] {processor.py:183} INFO - Processing /home/logi/txtai/venv/lib/python3.10/site-packages/airflow/example_dags/example_params_trigger_ui.py took 0.125 seconds
[2025-11-12T08:54:27.903+0530] {processor.py:161} INFO - Started process (PID=22836) to work on /home/logi/txtai/venv/lib/python3.10/site-packages/airflow/example_dags/example_params_trigger_ui.py
[2025-11-12T08:54:27.918+0530] {processor.py:830} INFO - Processing file /home/logi/txtai/venv/lib/python3.10/site-packages/airflow/example_dags/example_params_trigger_ui.py for tasks to queue
[2025-11-12T08:54:27.923+0530] {logging_mixin.py:188} INFO - [2025-11-12T08:54:27.922+0530] {dagbag.py:545} INFO - Filling up the DagBag from /home/logi/txtai/venv/lib/python3.10/site-packages/airflow/example_dags/example_params_trigger_ui.py
[2025-11-12T08:54:27.946+0530] {processor.py:840} INFO - DAG(s) 'example_params_trigger_ui' retrieved from /home/logi/txtai/venv/lib/python3.10/site-packages/airflow/example_dags/example_params_trigger_ui.py
[2025-11-12T08:54:28.007+0530] {logging_mixin.py:188} INFO - [2025-11-12T08:54:28.007+0530] {dag.py:3089} INFO - Sync 1 DAGs
[2025-11-12T08:54:28.020+0530] {logging_mixin.py:188} INFO - [2025-11-12T08:54:28.020+0530] {dag.py:3947} INFO - Setting next_dagrun for example_params_trigger_ui to None, run_after=None
[2025-11-12T08:54:28.062+0530] {processor.py:183} INFO - Processing /home/logi/txtai/venv/lib/python3.10/site-packages/airflow/example_dags/example_params_trigger_ui.py took 0.172 seconds
[2025-11-12T08:55:39.035+0530] {processor.py:161} INFO - Started process (PID=23258) to work on /home/logi/txtai/venv/lib/python3.10/site-packages/airflow/example_dags/example_params_trigger_ui.py
[2025-11-12T08:55:39.049+0530] {processor.py:830} INFO - Processing file /home/logi/txtai/venv/lib/python3.10/site-packages/airflow/example_dags/example_params_trigger_ui.py for tasks to queue
[2025-11-12T08:55:39.052+0530] {logging_mixin.py:188} INFO - [2025-11-12T08:55:39.052+0530] {dagbag.py:545} INFO - Filling up the DagBag from /home/logi/txtai/venv/lib/python3.10/site-packages/airflow/example_dags/example_params_trigger_ui.py
[2025-11-12T08:55:39.070+0530] {processor.py:840} INFO - DAG(s) 'example_params_trigger_ui' retrieved from /home/logi/txtai/venv/lib/python3.10/site-packages/airflow/example_dags/example_params_trigger_ui.py
[2025-11-12T08:55:39.124+0530] {logging_mixin.py:188} INFO - [2025-11-12T08:55:39.123+0530] {dag.py:3089} INFO - Sync 1 DAGs
[2025-11-12T08:55:39.136+0530] {logging_mixin.py:188} INFO - [2025-11-12T08:55:39.135+0530] {dag.py:3947} INFO - Setting next_dagrun for example_params_trigger_ui to None, run_after=None
[2025-11-12T08:55:39.159+0530] {processor.py:183} INFO - Processing /home/logi/txtai/venv/lib/python3.10/site-packages/airflow/example_dags/example_params_trigger_ui.py took 0.135 seconds
[2025-11-12T08:56:40.624+0530] {processor.py:161} INFO - Started process (PID=23380) to work on /home/logi/txtai/venv/lib/python3.10/site-packages/airflow/example_dags/example_params_trigger_ui.py
[2025-11-12T08:56:40.637+0530] {processor.py:830} INFO - Processing file /home/logi/txtai/venv/lib/python3.10/site-packages/airflow/example_dags/example_params_trigger_ui.py for tasks to queue
[2025-11-12T08:56:40.640+0530] {logging_mixin.py:188} INFO - [2025-11-12T08:56:40.640+0530] {dagbag.py:545} INFO - Filling up the DagBag from /home/logi/txtai/venv/lib/python3.10/site-packages/airflow/example_dags/example_params_trigger_ui.py
[2025-11-12T08:56:40.656+0530] {processor.py:840} INFO - DAG(s) 'example_params_trigger_ui' retrieved from /home/logi/txtai/venv/lib/python3.10/site-packages/airflow/example_dags/example_params_trigger_ui.py
[2025-11-12T08:56:40.709+0530] {logging_mixin.py:188} INFO - [2025-11-12T08:56:40.708+0530] {dag.py:3089} INFO - Sync 1 DAGs
[2025-11-12T08:56:40.727+0530] {logging_mixin.py:188} INFO - [2025-11-12T08:56:40.727+0530] {dag.py:3947} INFO - Setting next_dagrun for example_params_trigger_ui to None, run_after=None
[2025-11-12T08:56:40.749+0530] {processor.py:183} INFO - Processing /home/logi/txtai/venv/lib/python3.10/site-packages/airflow/example_dags/example_params_trigger_ui.py took 0.136 seconds
[2025-11-12T08:57:42.271+0530] {processor.py:161} INFO - Started process (PID=23546) to work on /home/logi/txtai/venv/lib/python3.10/site-packages/airflow/example_dags/example_params_trigger_ui.py
[2025-11-12T08:57:42.285+0530] {processor.py:830} INFO - Processing file /home/logi/txtai/venv/lib/python3.10/site-packages/airflow/example_dags/example_params_trigger_ui.py for tasks to queue
[2025-11-12T08:57:42.288+0530] {logging_mixin.py:188} INFO - [2025-11-12T08:57:42.287+0530] {dagbag.py:545} INFO - Filling up the DagBag from /home/logi/txtai/venv/lib/python3.10/site-packages/airflow/example_dags/example_params_trigger_ui.py
[2025-11-12T08:57:42.303+0530] {processor.py:840} INFO - DAG(s) 'example_params_trigger_ui' retrieved from /home/logi/txtai/venv/lib/python3.10/site-packages/airflow/example_dags/example_params_trigger_ui.py
[2025-11-12T08:57:42.350+0530] {logging_mixin.py:188} INFO - [2025-11-12T08:57:42.350+0530] {dag.py:3089} INFO - Sync 1 DAGs
[2025-11-12T08:57:42.359+0530] {logging_mixin.py:188} INFO - [2025-11-12T08:57:42.359+0530] {dag.py:3947} INFO - Setting next_dagrun for example_params_trigger_ui to None, run_after=None
[2025-11-12T08:57:42.380+0530] {processor.py:183} INFO - Processing /home/logi/txtai/venv/lib/python3.10/site-packages/airflow/example_dags/example_params_trigger_ui.py took 0.119 seconds
[2025-11-12T08:58:49.850+0530] {processor.py:161} INFO - Started process (PID=23707) to work on /home/logi/txtai/venv/lib/python3.10/site-packages/airflow/example_dags/example_params_trigger_ui.py
[2025-11-12T08:58:49.866+0530] {processor.py:830} INFO - Processing file /home/logi/txtai/venv/lib/python3.10/site-packages/airflow/example_dags/example_params_trigger_ui.py for tasks to queue
[2025-11-12T08:58:49.871+0530] {logging_mixin.py:188} INFO - [2025-11-12T08:58:49.871+0530] {dagbag.py:545} INFO - Filling up the DagBag from /home/logi/txtai/venv/lib/python3.10/site-packages/airflow/example_dags/example_params_trigger_ui.py
[2025-11-12T08:58:49.903+0530] {processor.py:840} INFO - DAG(s) 'example_params_trigger_ui' retrieved from /home/logi/txtai/venv/lib/python3.10/site-packages/airflow/example_dags/example_params_trigger_ui.py
[2025-11-12T08:58:49.991+0530] {logging_mixin.py:188} INFO - [2025-11-12T08:58:49.990+0530] {dag.py:3089} INFO - Sync 1 DAGs
[2025-11-12T08:58:50.038+0530] {logging_mixin.py:188} INFO - [2025-11-12T08:58:50.037+0530] {dag.py:3947} INFO - Setting next_dagrun for example_params_trigger_ui to None, run_after=None
[2025-11-12T08:58:50.122+0530] {processor.py:183} INFO - Processing /home/logi/txtai/venv/lib/python3.10/site-packages/airflow/example_dags/example_params_trigger_ui.py took 0.297 seconds
[2025-11-12T09:00:03.895+0530] {processor.py:161} INFO - Started process (PID=23939) to work on /home/logi/txtai/venv/lib/python3.10/site-packages/airflow/example_dags/example_params_trigger_ui.py
[2025-11-12T09:00:03.909+0530] {processor.py:830} INFO - Processing file /home/logi/txtai/venv/lib/python3.10/site-packages/airflow/example_dags/example_params_trigger_ui.py for tasks to queue
[2025-11-12T09:00:03.912+0530] {logging_mixin.py:188} INFO - [2025-11-12T09:00:03.911+0530] {dagbag.py:545} INFO - Filling up the DagBag from /home/logi/txtai/venv/lib/python3.10/site-packages/airflow/example_dags/example_params_trigger_ui.py
[2025-11-12T09:00:03.927+0530] {processor.py:840} INFO - DAG(s) 'example_params_trigger_ui' retrieved from /home/logi/txtai/venv/lib/python3.10/site-packages/airflow/example_dags/example_params_trigger_ui.py
[2025-11-12T09:00:03.977+0530] {logging_mixin.py:188} INFO - [2025-11-12T09:00:03.977+0530] {dag.py:3089} INFO - Sync 1 DAGs
[2025-11-12T09:00:03.989+0530] {logging_mixin.py:188} INFO - [2025-11-12T09:00:03.989+0530] {dag.py:3947} INFO - Setting next_dagrun for example_params_trigger_ui to None, run_after=None
[2025-11-12T09:00:04.027+0530] {processor.py:183} INFO - Processing /home/logi/txtai/venv/lib/python3.10/site-packages/airflow/example_dags/example_params_trigger_ui.py took 0.148 seconds
[2025-11-12T09:01:12.161+0530] {processor.py:161} INFO - Started process (PID=24503) to work on /home/logi/txtai/venv/lib/python3.10/site-packages/airflow/example_dags/example_params_trigger_ui.py
[2025-11-12T09:01:12.175+0530] {processor.py:830} INFO - Processing file /home/logi/txtai/venv/lib/python3.10/site-packages/airflow/example_dags/example_params_trigger_ui.py for tasks to queue
[2025-11-12T09:01:12.178+0530] {logging_mixin.py:188} INFO - [2025-11-12T09:01:12.177+0530] {dagbag.py:545} INFO - Filling up the DagBag from /home/logi/txtai/venv/lib/python3.10/site-packages/airflow/example_dags/example_params_trigger_ui.py
[2025-11-12T09:01:12.196+0530] {processor.py:840} INFO - DAG(s) 'example_params_trigger_ui' retrieved from /home/logi/txtai/venv/lib/python3.10/site-packages/airflow/example_dags/example_params_trigger_ui.py
[2025-11-12T09:01:12.243+0530] {logging_mixin.py:188} INFO - [2025-11-12T09:01:12.243+0530] {dag.py:3089} INFO - Sync 1 DAGs
[2025-11-12T09:01:12.255+0530] {logging_mixin.py:188} INFO - [2025-11-12T09:01:12.254+0530] {dag.py:3947} INFO - Setting next_dagrun for example_params_trigger_ui to None, run_after=None
[2025-11-12T09:01:12.275+0530] {processor.py:183} INFO - Processing /home/logi/txtai/venv/lib/python3.10/site-packages/airflow/example_dags/example_params_trigger_ui.py took 0.125 seconds
[2025-11-12T09:02:09.730+0530] {processor.py:161} INFO - Started process (PID=24671) to work on /home/logi/txtai/venv/lib/python3.10/site-packages/airflow/example_dags/example_params_trigger_ui.py
[2025-11-12T09:02:09.744+0530] {processor.py:830} INFO - Processing file /home/logi/txtai/venv/lib/python3.10/site-packages/airflow/example_dags/example_params_trigger_ui.py for tasks to queue
[2025-11-12T09:02:09.747+0530] {logging_mixin.py:188} INFO - [2025-11-12T09:02:09.746+0530] {dagbag.py:545} INFO - Filling up the DagBag from /home/logi/txtai/venv/lib/python3.10/site-packages/airflow/example_dags/example_params_trigger_ui.py
[2025-11-12T09:02:09.764+0530] {processor.py:840} INFO - DAG(s) 'example_params_trigger_ui' retrieved from /home/logi/txtai/venv/lib/python3.10/site-packages/airflow/example_dags/example_params_trigger_ui.py
[2025-11-12T09:02:09.816+0530] {logging_mixin.py:188} INFO - [2025-11-12T09:02:09.816+0530] {dag.py:3089} INFO - Sync 1 DAGs
[2025-11-12T09:02:09.829+0530] {logging_mixin.py:188} INFO - [2025-11-12T09:02:09.829+0530] {dag.py:3947} INFO - Setting next_dagrun for example_params_trigger_ui to None, run_after=None
[2025-11-12T09:02:09.852+0530] {processor.py:183} INFO - Processing /home/logi/txtai/venv/lib/python3.10/site-packages/airflow/example_dags/example_params_trigger_ui.py took 0.135 seconds
[2025-11-12T09:03:09.626+0530] {processor.py:161} INFO - Started process (PID=25138) to work on /home/logi/txtai/venv/lib/python3.10/site-packages/airflow/example_dags/example_params_trigger_ui.py
[2025-11-12T09:03:09.639+0530] {processor.py:830} INFO - Processing file /home/logi/txtai/venv/lib/python3.10/site-packages/airflow/example_dags/example_params_trigger_ui.py for tasks to queue
[2025-11-12T09:03:09.642+0530] {logging_mixin.py:188} INFO - [2025-11-12T09:03:09.642+0530] {dagbag.py:545} INFO - Filling up the DagBag from /home/logi/txtai/venv/lib/python3.10/site-packages/airflow/example_dags/example_params_trigger_ui.py
[2025-11-12T09:03:09.658+0530] {processor.py:840} INFO - DAG(s) 'example_params_trigger_ui' retrieved from /home/logi/txtai/venv/lib/python3.10/site-packages/airflow/example_dags/example_params_trigger_ui.py
[2025-11-12T09:03:09.707+0530] {logging_mixin.py:188} INFO - [2025-11-12T09:03:09.706+0530] {dag.py:3089} INFO - Sync 1 DAGs
[2025-11-12T09:03:09.717+0530] {logging_mixin.py:188} INFO - [2025-11-12T09:03:09.716+0530] {dag.py:3947} INFO - Setting next_dagrun for example_params_trigger_ui to None, run_after=None
[2025-11-12T09:03:09.737+0530] {processor.py:183} INFO - Processing /home/logi/txtai/venv/lib/python3.10/site-packages/airflow/example_dags/example_params_trigger_ui.py took 0.122 seconds
[2025-11-12T09:04:11.701+0530] {processor.py:161} INFO - Started process (PID=25449) to work on /home/logi/txtai/venv/lib/python3.10/site-packages/airflow/example_dags/example_params_trigger_ui.py
[2025-11-12T09:04:11.714+0530] {processor.py:830} INFO - Processing file /home/logi/txtai/venv/lib/python3.10/site-packages/airflow/example_dags/example_params_trigger_ui.py for tasks to queue
[2025-11-12T09:04:11.718+0530] {logging_mixin.py:188} INFO - [2025-11-12T09:04:11.717+0530] {dagbag.py:545} INFO - Filling up the DagBag from /home/logi/txtai/venv/lib/python3.10/site-packages/airflow/example_dags/example_params_trigger_ui.py
[2025-11-12T09:04:11.732+0530] {processor.py:840} INFO - DAG(s) 'example_params_trigger_ui' retrieved from /home/logi/txtai/venv/lib/python3.10/site-packages/airflow/example_dags/example_params_trigger_ui.py
[2025-11-12T09:04:11.777+0530] {logging_mixin.py:188} INFO - [2025-11-12T09:04:11.777+0530] {dag.py:3089} INFO - Sync 1 DAGs
[2025-11-12T09:04:11.786+0530] {logging_mixin.py:188} INFO - [2025-11-12T09:04:11.786+0530] {dag.py:3947} INFO - Setting next_dagrun for example_params_trigger_ui to None, run_after=None
[2025-11-12T09:04:11.806+0530] {processor.py:183} INFO - Processing /home/logi/txtai/venv/lib/python3.10/site-packages/airflow/example_dags/example_params_trigger_ui.py took 0.114 seconds
[2025-11-12T09:05:31.239+0530] {processor.py:161} INFO - Started process (PID=26315) to work on /home/logi/txtai/venv/lib/python3.10/site-packages/airflow/example_dags/example_params_trigger_ui.py
[2025-11-12T09:05:31.245+0530] {processor.py:830} INFO - Processing file /home/logi/txtai/venv/lib/python3.10/site-packages/airflow/example_dags/example_params_trigger_ui.py for tasks to queue
[2025-11-12T09:05:31.249+0530] {logging_mixin.py:188} INFO - [2025-11-12T09:05:31.248+0530] {dagbag.py:545} INFO - Filling up the DagBag from /home/logi/txtai/venv/lib/python3.10/site-packages/airflow/example_dags/example_params_trigger_ui.py
[2025-11-12T09:05:31.265+0530] {processor.py:840} INFO - DAG(s) 'example_params_trigger_ui' retrieved from /home/logi/txtai/venv/lib/python3.10/site-packages/airflow/example_dags/example_params_trigger_ui.py
[2025-11-12T09:05:31.310+0530] {logging_mixin.py:188} INFO - [2025-11-12T09:05:31.310+0530] {dag.py:3089} INFO - Sync 1 DAGs
[2025-11-12T09:05:31.319+0530] {logging_mixin.py:188} INFO - [2025-11-12T09:05:31.319+0530] {dag.py:3947} INFO - Setting next_dagrun for example_params_trigger_ui to None, run_after=None
[2025-11-12T09:05:31.337+0530] {processor.py:183} INFO - Processing /home/logi/txtai/venv/lib/python3.10/site-packages/airflow/example_dags/example_params_trigger_ui.py took 0.110 seconds
[2025-11-12T09:06:41.774+0530] {processor.py:161} INFO - Started process (PID=26867) to work on /home/logi/txtai/venv/lib/python3.10/site-packages/airflow/example_dags/example_params_trigger_ui.py
[2025-11-12T09:06:41.787+0530] {processor.py:830} INFO - Processing file /home/logi/txtai/venv/lib/python3.10/site-packages/airflow/example_dags/example_params_trigger_ui.py for tasks to queue
[2025-11-12T09:06:41.790+0530] {logging_mixin.py:188} INFO - [2025-11-12T09:06:41.789+0530] {dagbag.py:545} INFO - Filling up the DagBag from /home/logi/txtai/venv/lib/python3.10/site-packages/airflow/example_dags/example_params_trigger_ui.py
[2025-11-12T09:06:41.805+0530] {processor.py:840} INFO - DAG(s) 'example_params_trigger_ui' retrieved from /home/logi/txtai/venv/lib/python3.10/site-packages/airflow/example_dags/example_params_trigger_ui.py
[2025-11-12T09:06:41.855+0530] {logging_mixin.py:188} INFO - [2025-11-12T09:06:41.854+0530] {dag.py:3089} INFO - Sync 1 DAGs
[2025-11-12T09:06:41.864+0530] {logging_mixin.py:188} INFO - [2025-11-12T09:06:41.864+0530] {dag.py:3947} INFO - Setting next_dagrun for example_params_trigger_ui to None, run_after=None
[2025-11-12T09:06:41.881+0530] {processor.py:183} INFO - Processing /home/logi/txtai/venv/lib/python3.10/site-packages/airflow/example_dags/example_params_trigger_ui.py took 0.117 seconds
[2025-11-12T09:07:40.579+0530] {processor.py:161} INFO - Started process (PID=27320) to work on /home/logi/txtai/venv/lib/python3.10/site-packages/airflow/example_dags/example_params_trigger_ui.py
[2025-11-12T09:07:40.593+0530] {processor.py:830} INFO - Processing file /home/logi/txtai/venv/lib/python3.10/site-packages/airflow/example_dags/example_params_trigger_ui.py for tasks to queue
[2025-11-12T09:07:40.596+0530] {logging_mixin.py:188} INFO - [2025-11-12T09:07:40.595+0530] {dagbag.py:545} INFO - Filling up the DagBag from /home/logi/txtai/venv/lib/python3.10/site-packages/airflow/example_dags/example_params_trigger_ui.py
[2025-11-12T09:07:40.611+0530] {processor.py:840} INFO - DAG(s) 'example_params_trigger_ui' retrieved from /home/logi/txtai/venv/lib/python3.10/site-packages/airflow/example_dags/example_params_trigger_ui.py
[2025-11-12T09:07:40.660+0530] {logging_mixin.py:188} INFO - [2025-11-12T09:07:40.659+0530] {dag.py:3089} INFO - Sync 1 DAGs
[2025-11-12T09:07:40.669+0530] {logging_mixin.py:188} INFO - [2025-11-12T09:07:40.669+0530] {dag.py:3947} INFO - Setting next_dagrun for example_params_trigger_ui to None, run_after=None
[2025-11-12T09:07:40.688+0530] {processor.py:183} INFO - Processing /home/logi/txtai/venv/lib/python3.10/site-packages/airflow/example_dags/example_params_trigger_ui.py took 0.120 seconds
[2025-11-12T09:08:40.636+0530] {processor.py:161} INFO - Started process (PID=27551) to work on /home/logi/txtai/venv/lib/python3.10/site-packages/airflow/example_dags/example_params_trigger_ui.py
[2025-11-12T09:08:40.639+0530] {processor.py:830} INFO - Processing file /home/logi/txtai/venv/lib/python3.10/site-packages/airflow/example_dags/example_params_trigger_ui.py for tasks to queue
[2025-11-12T09:08:40.642+0530] {logging_mixin.py:188} INFO - [2025-11-12T09:08:40.642+0530] {dagbag.py:545} INFO - Filling up the DagBag from /home/logi/txtai/venv/lib/python3.10/site-packages/airflow/example_dags/example_params_trigger_ui.py
[2025-11-12T09:08:40.659+0530] {processor.py:840} INFO - DAG(s) 'example_params_trigger_ui' retrieved from /home/logi/txtai/venv/lib/python3.10/site-packages/airflow/example_dags/example_params_trigger_ui.py
[2025-11-12T09:08:40.696+0530] {logging_mixin.py:188} INFO - [2025-11-12T09:08:40.695+0530] {dag.py:3089} INFO - Sync 1 DAGs
[2025-11-12T09:08:40.706+0530] {logging_mixin.py:188} INFO - [2025-11-12T09:08:40.706+0530] {dag.py:3947} INFO - Setting next_dagrun for example_params_trigger_ui to None, run_after=None
[2025-11-12T09:08:40.728+0530] {processor.py:183} INFO - Processing /home/logi/txtai/venv/lib/python3.10/site-packages/airflow/example_dags/example_params_trigger_ui.py took 0.102 seconds
[2025-11-12T09:09:45.745+0530] {processor.py:161} INFO - Started process (PID=27655) to work on /home/logi/txtai/venv/lib/python3.10/site-packages/airflow/example_dags/example_params_trigger_ui.py
[2025-11-12T09:09:45.758+0530] {processor.py:830} INFO - Processing file /home/logi/txtai/venv/lib/python3.10/site-packages/airflow/example_dags/example_params_trigger_ui.py for tasks to queue
[2025-11-12T09:09:45.761+0530] {logging_mixin.py:188} INFO - [2025-11-12T09:09:45.760+0530] {dagbag.py:545} INFO - Filling up the DagBag from /home/logi/txtai/venv/lib/python3.10/site-packages/airflow/example_dags/example_params_trigger_ui.py
[2025-11-12T09:09:45.770+0530] {processor.py:840} INFO - DAG(s) 'example_params_trigger_ui' retrieved from /home/logi/txtai/venv/lib/python3.10/site-packages/airflow/example_dags/example_params_trigger_ui.py
[2025-11-12T09:09:45.805+0530] {logging_mixin.py:188} INFO - [2025-11-12T09:09:45.804+0530] {dag.py:3089} INFO - Sync 1 DAGs
[2025-11-12T09:09:45.815+0530] {logging_mixin.py:188} INFO - [2025-11-12T09:09:45.815+0530] {dag.py:3947} INFO - Setting next_dagrun for example_params_trigger_ui to None, run_after=None
[2025-11-12T09:09:45.836+0530] {processor.py:183} INFO - Processing /home/logi/txtai/venv/lib/python3.10/site-packages/airflow/example_dags/example_params_trigger_ui.py took 0.097 seconds
[2025-11-12T09:10:56.575+0530] {processor.py:161} INFO - Started process (PID=27927) to work on /home/logi/txtai/venv/lib/python3.10/site-packages/airflow/example_dags/example_params_trigger_ui.py
[2025-11-12T09:10:56.589+0530] {processor.py:830} INFO - Processing file /home/logi/txtai/venv/lib/python3.10/site-packages/airflow/example_dags/example_params_trigger_ui.py for tasks to queue
[2025-11-12T09:10:56.592+0530] {logging_mixin.py:188} INFO - [2025-11-12T09:10:56.592+0530] {dagbag.py:545} INFO - Filling up the DagBag from /home/logi/txtai/venv/lib/python3.10/site-packages/airflow/example_dags/example_params_trigger_ui.py
[2025-11-12T09:10:56.614+0530] {processor.py:840} INFO - DAG(s) 'example_params_trigger_ui' retrieved from /home/logi/txtai/venv/lib/python3.10/site-packages/airflow/example_dags/example_params_trigger_ui.py
[2025-11-12T09:10:56.662+0530] {logging_mixin.py:188} INFO - [2025-11-12T09:10:56.662+0530] {dag.py:3089} INFO - Sync 1 DAGs
[2025-11-12T09:10:56.674+0530] {logging_mixin.py:188} INFO - [2025-11-12T09:10:56.674+0530] {dag.py:3947} INFO - Setting next_dagrun for example_params_trigger_ui to None, run_after=None
[2025-11-12T09:10:56.697+0530] {processor.py:183} INFO - Processing /home/logi/txtai/venv/lib/python3.10/site-packages/airflow/example_dags/example_params_trigger_ui.py took 0.134 seconds
[2025-11-12T09:11:58.163+0530] {processor.py:161} INFO - Started process (PID=28027) to work on /home/logi/txtai/venv/lib/python3.10/site-packages/airflow/example_dags/example_params_trigger_ui.py
[2025-11-12T09:11:58.177+0530] {processor.py:830} INFO - Processing file /home/logi/txtai/venv/lib/python3.10/site-packages/airflow/example_dags/example_params_trigger_ui.py for tasks to queue
[2025-11-12T09:11:58.182+0530] {logging_mixin.py:188} INFO - [2025-11-12T09:11:58.181+0530] {dagbag.py:545} INFO - Filling up the DagBag from /home/logi/txtai/venv/lib/python3.10/site-packages/airflow/example_dags/example_params_trigger_ui.py
[2025-11-12T09:11:58.199+0530] {processor.py:840} INFO - DAG(s) 'example_params_trigger_ui' retrieved from /home/logi/txtai/venv/lib/python3.10/site-packages/airflow/example_dags/example_params_trigger_ui.py
[2025-11-12T09:11:58.245+0530] {logging_mixin.py:188} INFO - [2025-11-12T09:11:58.244+0530] {dag.py:3089} INFO - Sync 1 DAGs
[2025-11-12T09:11:58.256+0530] {logging_mixin.py:188} INFO - [2025-11-12T09:11:58.256+0530] {dag.py:3947} INFO - Setting next_dagrun for example_params_trigger_ui to None, run_after=None
[2025-11-12T09:11:58.277+0530] {processor.py:183} INFO - Processing /home/logi/txtai/venv/lib/python3.10/site-packages/airflow/example_dags/example_params_trigger_ui.py took 0.126 seconds
[2025-11-12T09:13:02.670+0530] {processor.py:161} INFO - Started process (PID=28191) to work on /home/logi/txtai/venv/lib/python3.10/site-packages/airflow/example_dags/example_params_trigger_ui.py
[2025-11-12T09:13:02.684+0530] {processor.py:830} INFO - Processing file /home/logi/txtai/venv/lib/python3.10/site-packages/airflow/example_dags/example_params_trigger_ui.py for tasks to queue
[2025-11-12T09:13:02.688+0530] {logging_mixin.py:188} INFO - [2025-11-12T09:13:02.687+0530] {dagbag.py:545} INFO - Filling up the DagBag from /home/logi/txtai/venv/lib/python3.10/site-packages/airflow/example_dags/example_params_trigger_ui.py
[2025-11-12T09:13:02.709+0530] {processor.py:840} INFO - DAG(s) 'example_params_trigger_ui' retrieved from /home/logi/txtai/venv/lib/python3.10/site-packages/airflow/example_dags/example_params_trigger_ui.py
[2025-11-12T09:13:02.766+0530] {logging_mixin.py:188} INFO - [2025-11-12T09:13:02.766+0530] {dag.py:3089} INFO - Sync 1 DAGs
[2025-11-12T09:13:02.781+0530] {logging_mixin.py:188} INFO - [2025-11-12T09:13:02.780+0530] {dag.py:3947} INFO - Setting next_dagrun for example_params_trigger_ui to None, run_after=None
[2025-11-12T09:13:02.812+0530] {processor.py:183} INFO - Processing /home/logi/txtai/venv/lib/python3.10/site-packages/airflow/example_dags/example_params_trigger_ui.py took 0.157 seconds
[2025-11-12T09:14:04.223+0530] {processor.py:161} INFO - Started process (PID=28407) to work on /home/logi/txtai/venv/lib/python3.10/site-packages/airflow/example_dags/example_params_trigger_ui.py
[2025-11-12T09:14:04.237+0530] {processor.py:830} INFO - Processing file /home/logi/txtai/venv/lib/python3.10/site-packages/airflow/example_dags/example_params_trigger_ui.py for tasks to queue
[2025-11-12T09:14:04.240+0530] {logging_mixin.py:188} INFO - [2025-11-12T09:14:04.239+0530] {dagbag.py:545} INFO - Filling up the DagBag from /home/logi/txtai/venv/lib/python3.10/site-packages/airflow/example_dags/example_params_trigger_ui.py
[2025-11-12T09:14:04.260+0530] {processor.py:840} INFO - DAG(s) 'example_params_trigger_ui' retrieved from /home/logi/txtai/venv/lib/python3.10/site-packages/airflow/example_dags/example_params_trigger_ui.py
[2025-11-12T09:14:04.305+0530] {logging_mixin.py:188} INFO - [2025-11-12T09:14:04.304+0530] {dag.py:3089} INFO - Sync 1 DAGs
[2025-11-12T09:14:04.316+0530] {logging_mixin.py:188} INFO - [2025-11-12T09:14:04.316+0530] {dag.py:3947} INFO - Setting next_dagrun for example_params_trigger_ui to None, run_after=None
[2025-11-12T09:14:04.336+0530] {processor.py:183} INFO - Processing /home/logi/txtai/venv/lib/python3.10/site-packages/airflow/example_dags/example_params_trigger_ui.py took 0.124 seconds
[2025-11-12T09:15:03.861+0530] {processor.py:161} INFO - Started process (PID=28507) to work on /home/logi/txtai/venv/lib/python3.10/site-packages/airflow/example_dags/example_params_trigger_ui.py
[2025-11-12T09:15:03.874+0530] {processor.py:830} INFO - Processing file /home/logi/txtai/venv/lib/python3.10/site-packages/airflow/example_dags/example_params_trigger_ui.py for tasks to queue
[2025-11-12T09:15:03.878+0530] {logging_mixin.py:188} INFO - [2025-11-12T09:15:03.877+0530] {dagbag.py:545} INFO - Filling up the DagBag from /home/logi/txtai/venv/lib/python3.10/site-packages/airflow/example_dags/example_params_trigger_ui.py
[2025-11-12T09:15:03.898+0530] {processor.py:840} INFO - DAG(s) 'example_params_trigger_ui' retrieved from /home/logi/txtai/venv/lib/python3.10/site-packages/airflow/example_dags/example_params_trigger_ui.py
[2025-11-12T09:15:03.945+0530] {logging_mixin.py:188} INFO - [2025-11-12T09:15:03.945+0530] {dag.py:3089} INFO - Sync 1 DAGs
[2025-11-12T09:15:03.956+0530] {logging_mixin.py:188} INFO - [2025-11-12T09:15:03.956+0530] {dag.py:3947} INFO - Setting next_dagrun for example_params_trigger_ui to None, run_after=None
[2025-11-12T09:15:03.977+0530] {processor.py:183} INFO - Processing /home/logi/txtai/venv/lib/python3.10/site-packages/airflow/example_dags/example_params_trigger_ui.py took 0.127 seconds
[2025-11-12T09:16:36.159+0530] {processor.py:161} INFO - Started process (PID=29240) to work on /home/logi/txtai/venv/lib/python3.10/site-packages/airflow/example_dags/example_params_trigger_ui.py
[2025-11-12T09:16:36.161+0530] {processor.py:830} INFO - Processing file /home/logi/txtai/venv/lib/python3.10/site-packages/airflow/example_dags/example_params_trigger_ui.py for tasks to queue
[2025-11-12T09:16:36.165+0530] {logging_mixin.py:188} INFO - [2025-11-12T09:16:36.164+0530] {dagbag.py:545} INFO - Filling up the DagBag from /home/logi/txtai/venv/lib/python3.10/site-packages/airflow/example_dags/example_params_trigger_ui.py
[2025-11-12T09:16:36.180+0530] {processor.py:840} INFO - DAG(s) 'example_params_trigger_ui' retrieved from /home/logi/txtai/venv/lib/python3.10/site-packages/airflow/example_dags/example_params_trigger_ui.py
[2025-11-12T09:16:36.220+0530] {logging_mixin.py:188} INFO - [2025-11-12T09:16:36.220+0530] {dag.py:3089} INFO - Sync 1 DAGs
[2025-11-12T09:16:36.230+0530] {logging_mixin.py:188} INFO - [2025-11-12T09:16:36.230+0530] {dag.py:3947} INFO - Setting next_dagrun for example_params_trigger_ui to None, run_after=None
[2025-11-12T09:16:36.250+0530] {processor.py:183} INFO - Processing /home/logi/txtai/venv/lib/python3.10/site-packages/airflow/example_dags/example_params_trigger_ui.py took 0.102 seconds
[2025-11-12T09:17:37.173+0530] {processor.py:161} INFO - Started process (PID=29699) to work on /home/logi/txtai/venv/lib/python3.10/site-packages/airflow/example_dags/example_params_trigger_ui.py
[2025-11-12T09:17:37.186+0530] {processor.py:830} INFO - Processing file /home/logi/txtai/venv/lib/python3.10/site-packages/airflow/example_dags/example_params_trigger_ui.py for tasks to queue
[2025-11-12T09:17:37.189+0530] {logging_mixin.py:188} INFO - [2025-11-12T09:17:37.189+0530] {dagbag.py:545} INFO - Filling up the DagBag from /home/logi/txtai/venv/lib/python3.10/site-packages/airflow/example_dags/example_params_trigger_ui.py
[2025-11-12T09:17:37.204+0530] {processor.py:840} INFO - DAG(s) 'example_params_trigger_ui' retrieved from /home/logi/txtai/venv/lib/python3.10/site-packages/airflow/example_dags/example_params_trigger_ui.py
[2025-11-12T09:17:37.252+0530] {logging_mixin.py:188} INFO - [2025-11-12T09:17:37.252+0530] {dag.py:3089} INFO - Sync 1 DAGs
[2025-11-12T09:17:37.260+0530] {logging_mixin.py:188} INFO - [2025-11-12T09:17:37.260+0530] {dag.py:3947} INFO - Setting next_dagrun for example_params_trigger_ui to None, run_after=None
[2025-11-12T09:17:37.375+0530] {processor.py:183} INFO - Processing /home/logi/txtai/venv/lib/python3.10/site-packages/airflow/example_dags/example_params_trigger_ui.py took 0.213 seconds
