[2025-11-12T06:04:06.633+0530] {processor.py:161} INFO - Started process (PID=5930) to work on /home/logi/txtai/venv/lib/python3.10/site-packages/airflow/example_dags/example_branch_day_of_week_operator.py
[2025-11-12T06:04:06.635+0530] {processor.py:830} INFO - Processing file /home/logi/txtai/venv/lib/python3.10/site-packages/airflow/example_dags/example_branch_day_of_week_operator.py for tasks to queue
[2025-11-12T06:04:06.637+0530] {logging_mixin.py:188} INFO - [2025-11-12T06:04:06.637+0530] {dagbag.py:545} INFO - Filling up the DagBag from /home/logi/txtai/venv/lib/python3.10/site-packages/airflow/example_dags/example_branch_day_of_week_operator.py
[2025-11-12T06:04:06.649+0530] {processor.py:840} INFO - DAG(s) 'example_weekday_branch_operator' retrieved from /home/logi/txtai/venv/lib/python3.10/site-packages/airflow/example_dags/example_branch_day_of_week_operator.py
[2025-11-12T06:04:06.663+0530] {logging_mixin.py:188} INFO - [2025-11-12T06:04:06.663+0530] {dag.py:3089} INFO - Sync 1 DAGs
[2025-11-12T06:04:06.679+0530] {logging_mixin.py:188} INFO - [2025-11-12T06:04:06.679+0530] {dag.py:3947} INFO - Setting next_dagrun for example_weekday_branch_operator to 2025-11-11 00:00:00+00:00, run_after=2025-11-12 00:00:00+00:00
[2025-11-12T06:04:06.716+0530] {processor.py:183} INFO - Processing /home/logi/txtai/venv/lib/python3.10/site-packages/airflow/example_dags/example_branch_day_of_week_operator.py took 0.093 seconds
[2025-11-12T06:05:22.726+0530] {processor.py:161} INFO - Started process (PID=6235) to work on /home/logi/txtai/venv/lib/python3.10/site-packages/airflow/example_dags/example_branch_day_of_week_operator.py
[2025-11-12T06:05:22.741+0530] {processor.py:830} INFO - Processing file /home/logi/txtai/venv/lib/python3.10/site-packages/airflow/example_dags/example_branch_day_of_week_operator.py for tasks to queue
[2025-11-12T06:05:22.746+0530] {logging_mixin.py:188} INFO - [2025-11-12T06:05:22.744+0530] {dagbag.py:545} INFO - Filling up the DagBag from /home/logi/txtai/venv/lib/python3.10/site-packages/airflow/example_dags/example_branch_day_of_week_operator.py
[2025-11-12T06:05:22.768+0530] {processor.py:840} INFO - DAG(s) 'example_weekday_branch_operator' retrieved from /home/logi/txtai/venv/lib/python3.10/site-packages/airflow/example_dags/example_branch_day_of_week_operator.py
[2025-11-12T06:05:22.796+0530] {logging_mixin.py:188} INFO - [2025-11-12T06:05:22.796+0530] {dag.py:3089} INFO - Sync 1 DAGs
[2025-11-12T06:05:22.825+0530] {logging_mixin.py:188} INFO - [2025-11-12T06:05:22.825+0530] {dag.py:3947} INFO - Setting next_dagrun for example_weekday_branch_operator to 2025-11-11 00:00:00+00:00, run_after=2025-11-12 00:00:00+00:00
[2025-11-12T06:05:22.878+0530] {processor.py:183} INFO - Processing /home/logi/txtai/venv/lib/python3.10/site-packages/airflow/example_dags/example_branch_day_of_week_operator.py took 0.166 seconds
[2025-11-12T06:06:24.913+0530] {processor.py:161} INFO - Started process (PID=6717) to work on /home/logi/txtai/venv/lib/python3.10/site-packages/airflow/example_dags/example_branch_day_of_week_operator.py
[2025-11-12T06:06:24.927+0530] {processor.py:830} INFO - Processing file /home/logi/txtai/venv/lib/python3.10/site-packages/airflow/example_dags/example_branch_day_of_week_operator.py for tasks to queue
[2025-11-12T06:06:24.930+0530] {logging_mixin.py:188} INFO - [2025-11-12T06:06:24.930+0530] {dagbag.py:545} INFO - Filling up the DagBag from /home/logi/txtai/venv/lib/python3.10/site-packages/airflow/example_dags/example_branch_day_of_week_operator.py
[2025-11-12T06:06:24.947+0530] {processor.py:840} INFO - DAG(s) 'example_weekday_branch_operator' retrieved from /home/logi/txtai/venv/lib/python3.10/site-packages/airflow/example_dags/example_branch_day_of_week_operator.py
[2025-11-12T06:06:24.977+0530] {logging_mixin.py:188} INFO - [2025-11-12T06:06:24.977+0530] {dag.py:3089} INFO - Sync 1 DAGs
[2025-11-12T06:06:25.000+0530] {logging_mixin.py:188} INFO - [2025-11-12T06:06:25.000+0530] {dag.py:3947} INFO - Setting next_dagrun for example_weekday_branch_operator to 2025-11-11 00:00:00+00:00, run_after=2025-11-12 00:00:00+00:00
[2025-11-12T06:06:25.022+0530] {processor.py:183} INFO - Processing /home/logi/txtai/venv/lib/python3.10/site-packages/airflow/example_dags/example_branch_day_of_week_operator.py took 0.124 seconds
[2025-11-12T06:07:52.591+0530] {processor.py:161} INFO - Started process (PID=7070) to work on /home/logi/txtai/venv/lib/python3.10/site-packages/airflow/example_dags/example_branch_day_of_week_operator.py
[2025-11-12T06:07:52.604+0530] {processor.py:830} INFO - Processing file /home/logi/txtai/venv/lib/python3.10/site-packages/airflow/example_dags/example_branch_day_of_week_operator.py for tasks to queue
[2025-11-12T06:07:52.607+0530] {logging_mixin.py:188} INFO - [2025-11-12T06:07:52.606+0530] {dagbag.py:545} INFO - Filling up the DagBag from /home/logi/txtai/venv/lib/python3.10/site-packages/airflow/example_dags/example_branch_day_of_week_operator.py
[2025-11-12T06:07:52.619+0530] {processor.py:840} INFO - DAG(s) 'example_weekday_branch_operator' retrieved from /home/logi/txtai/venv/lib/python3.10/site-packages/airflow/example_dags/example_branch_day_of_week_operator.py
[2025-11-12T06:07:52.645+0530] {logging_mixin.py:188} INFO - [2025-11-12T06:07:52.645+0530] {dag.py:3089} INFO - Sync 1 DAGs
[2025-11-12T06:07:52.665+0530] {logging_mixin.py:188} INFO - [2025-11-12T06:07:52.665+0530] {dag.py:3947} INFO - Setting next_dagrun for example_weekday_branch_operator to 2025-11-11 00:00:00+00:00, run_after=2025-11-12 00:00:00+00:00
[2025-11-12T06:07:52.682+0530] {processor.py:183} INFO - Processing /home/logi/txtai/venv/lib/python3.10/site-packages/airflow/example_dags/example_branch_day_of_week_operator.py took 0.102 seconds
[2025-11-12T06:08:52.855+0530] {processor.py:161} INFO - Started process (PID=7450) to work on /home/logi/txtai/venv/lib/python3.10/site-packages/airflow/example_dags/example_branch_day_of_week_operator.py
[2025-11-12T06:08:52.868+0530] {processor.py:830} INFO - Processing file /home/logi/txtai/venv/lib/python3.10/site-packages/airflow/example_dags/example_branch_day_of_week_operator.py for tasks to queue
[2025-11-12T06:08:52.871+0530] {logging_mixin.py:188} INFO - [2025-11-12T06:08:52.870+0530] {dagbag.py:545} INFO - Filling up the DagBag from /home/logi/txtai/venv/lib/python3.10/site-packages/airflow/example_dags/example_branch_day_of_week_operator.py
[2025-11-12T06:08:52.885+0530] {processor.py:840} INFO - DAG(s) 'example_weekday_branch_operator' retrieved from /home/logi/txtai/venv/lib/python3.10/site-packages/airflow/example_dags/example_branch_day_of_week_operator.py
[2025-11-12T06:08:52.914+0530] {logging_mixin.py:188} INFO - [2025-11-12T06:08:52.914+0530] {dag.py:3089} INFO - Sync 1 DAGs
[2025-11-12T06:08:52.935+0530] {logging_mixin.py:188} INFO - [2025-11-12T06:08:52.935+0530] {dag.py:3947} INFO - Setting next_dagrun for example_weekday_branch_operator to 2025-11-11 00:00:00+00:00, run_after=2025-11-12 00:00:00+00:00
[2025-11-12T06:08:52.956+0530] {processor.py:183} INFO - Processing /home/logi/txtai/venv/lib/python3.10/site-packages/airflow/example_dags/example_branch_day_of_week_operator.py took 0.113 seconds
[2025-11-12T08:08:40.460+0530] {processor.py:161} INFO - Started process (PID=10306) to work on /home/logi/txtai/venv/lib/python3.10/site-packages/airflow/example_dags/example_branch_day_of_week_operator.py
[2025-11-12T08:08:40.462+0530] {processor.py:830} INFO - Processing file /home/logi/txtai/venv/lib/python3.10/site-packages/airflow/example_dags/example_branch_day_of_week_operator.py for tasks to queue
[2025-11-12T08:08:40.466+0530] {logging_mixin.py:188} INFO - [2025-11-12T08:08:40.465+0530] {dagbag.py:545} INFO - Filling up the DagBag from /home/logi/txtai/venv/lib/python3.10/site-packages/airflow/example_dags/example_branch_day_of_week_operator.py
[2025-11-12T08:08:40.484+0530] {processor.py:840} INFO - DAG(s) 'example_weekday_branch_operator' retrieved from /home/logi/txtai/venv/lib/python3.10/site-packages/airflow/example_dags/example_branch_day_of_week_operator.py
[2025-11-12T08:08:40.518+0530] {logging_mixin.py:188} INFO - [2025-11-12T08:08:40.517+0530] {dag.py:3089} INFO - Sync 1 DAGs
[2025-11-12T08:08:40.556+0530] {logging_mixin.py:188} INFO - [2025-11-12T08:08:40.555+0530] {dag.py:3947} INFO - Setting next_dagrun for example_weekday_branch_operator to 2025-11-11 00:00:00+00:00, run_after=2025-11-12 00:00:00+00:00
[2025-11-12T08:08:40.585+0530] {processor.py:183} INFO - Processing /home/logi/txtai/venv/lib/python3.10/site-packages/airflow/example_dags/example_branch_day_of_week_operator.py took 0.138 seconds
[2025-11-12T08:09:39.282+0530] {processor.py:161} INFO - Started process (PID=10751) to work on /home/logi/txtai/venv/lib/python3.10/site-packages/airflow/example_dags/example_branch_day_of_week_operator.py
[2025-11-12T08:09:39.284+0530] {processor.py:830} INFO - Processing file /home/logi/txtai/venv/lib/python3.10/site-packages/airflow/example_dags/example_branch_day_of_week_operator.py for tasks to queue
[2025-11-12T08:09:39.288+0530] {logging_mixin.py:188} INFO - [2025-11-12T08:09:39.287+0530] {dagbag.py:545} INFO - Filling up the DagBag from /home/logi/txtai/venv/lib/python3.10/site-packages/airflow/example_dags/example_branch_day_of_week_operator.py
[2025-11-12T08:09:39.304+0530] {processor.py:840} INFO - DAG(s) 'example_weekday_branch_operator' retrieved from /home/logi/txtai/venv/lib/python3.10/site-packages/airflow/example_dags/example_branch_day_of_week_operator.py
[2025-11-12T08:09:39.334+0530] {logging_mixin.py:188} INFO - [2025-11-12T08:09:39.334+0530] {dag.py:3089} INFO - Sync 1 DAGs
[2025-11-12T08:09:39.353+0530] {logging_mixin.py:188} INFO - [2025-11-12T08:09:39.353+0530] {dag.py:3947} INFO - Setting next_dagrun for example_weekday_branch_operator to 2025-11-11 00:00:00+00:00, run_after=2025-11-12 00:00:00+00:00
[2025-11-12T08:09:39.371+0530] {processor.py:183} INFO - Processing /home/logi/txtai/venv/lib/python3.10/site-packages/airflow/example_dags/example_branch_day_of_week_operator.py took 0.102 seconds
[2025-11-12T08:11:11.856+0530] {processor.py:161} INFO - Started process (PID=11150) to work on /home/logi/txtai/venv/lib/python3.10/site-packages/airflow/example_dags/example_branch_day_of_week_operator.py
[2025-11-12T08:11:11.869+0530] {processor.py:830} INFO - Processing file /home/logi/txtai/venv/lib/python3.10/site-packages/airflow/example_dags/example_branch_day_of_week_operator.py for tasks to queue
[2025-11-12T08:11:11.872+0530] {logging_mixin.py:188} INFO - [2025-11-12T08:11:11.871+0530] {dagbag.py:545} INFO - Filling up the DagBag from /home/logi/txtai/venv/lib/python3.10/site-packages/airflow/example_dags/example_branch_day_of_week_operator.py
[2025-11-12T08:11:11.881+0530] {processor.py:840} INFO - DAG(s) 'example_weekday_branch_operator' retrieved from /home/logi/txtai/venv/lib/python3.10/site-packages/airflow/example_dags/example_branch_day_of_week_operator.py
[2025-11-12T08:11:11.897+0530] {logging_mixin.py:188} INFO - [2025-11-12T08:11:11.897+0530] {dag.py:3089} INFO - Sync 1 DAGs
[2025-11-12T08:11:11.916+0530] {logging_mixin.py:188} INFO - [2025-11-12T08:11:11.915+0530] {dag.py:3947} INFO - Setting next_dagrun for example_weekday_branch_operator to 2025-11-11 00:00:00+00:00, run_after=2025-11-12 00:00:00+00:00
[2025-11-12T08:11:11.937+0530] {processor.py:183} INFO - Processing /home/logi/txtai/venv/lib/python3.10/site-packages/airflow/example_dags/example_branch_day_of_week_operator.py took 0.089 seconds
[2025-11-12T08:12:12.591+0530] {processor.py:161} INFO - Started process (PID=11556) to work on /home/logi/txtai/venv/lib/python3.10/site-packages/airflow/example_dags/example_branch_day_of_week_operator.py
[2025-11-12T08:12:12.605+0530] {processor.py:830} INFO - Processing file /home/logi/txtai/venv/lib/python3.10/site-packages/airflow/example_dags/example_branch_day_of_week_operator.py for tasks to queue
[2025-11-12T08:12:12.608+0530] {logging_mixin.py:188} INFO - [2025-11-12T08:12:12.608+0530] {dagbag.py:545} INFO - Filling up the DagBag from /home/logi/txtai/venv/lib/python3.10/site-packages/airflow/example_dags/example_branch_day_of_week_operator.py
[2025-11-12T08:12:12.623+0530] {processor.py:840} INFO - DAG(s) 'example_weekday_branch_operator' retrieved from /home/logi/txtai/venv/lib/python3.10/site-packages/airflow/example_dags/example_branch_day_of_week_operator.py
[2025-11-12T08:12:12.652+0530] {logging_mixin.py:188} INFO - [2025-11-12T08:12:12.651+0530] {dag.py:3089} INFO - Sync 1 DAGs
[2025-11-12T08:12:12.670+0530] {logging_mixin.py:188} INFO - [2025-11-12T08:12:12.670+0530] {dag.py:3947} INFO - Setting next_dagrun for example_weekday_branch_operator to 2025-11-11 00:00:00+00:00, run_after=2025-11-12 00:00:00+00:00
[2025-11-12T08:12:12.690+0530] {processor.py:183} INFO - Processing /home/logi/txtai/venv/lib/python3.10/site-packages/airflow/example_dags/example_branch_day_of_week_operator.py took 0.117 seconds
[2025-11-12T08:13:59.421+0530] {processor.py:161} INFO - Started process (PID=12752) to work on /home/logi/txtai/venv/lib/python3.10/site-packages/airflow/example_dags/example_branch_day_of_week_operator.py
[2025-11-12T08:13:59.435+0530] {processor.py:830} INFO - Processing file /home/logi/txtai/venv/lib/python3.10/site-packages/airflow/example_dags/example_branch_day_of_week_operator.py for tasks to queue
[2025-11-12T08:13:59.438+0530] {logging_mixin.py:188} INFO - [2025-11-12T08:13:59.438+0530] {dagbag.py:545} INFO - Filling up the DagBag from /home/logi/txtai/venv/lib/python3.10/site-packages/airflow/example_dags/example_branch_day_of_week_operator.py
[2025-11-12T08:13:59.451+0530] {processor.py:840} INFO - DAG(s) 'example_weekday_branch_operator' retrieved from /home/logi/txtai/venv/lib/python3.10/site-packages/airflow/example_dags/example_branch_day_of_week_operator.py
[2025-11-12T08:13:59.480+0530] {logging_mixin.py:188} INFO - [2025-11-12T08:13:59.480+0530] {dag.py:3089} INFO - Sync 1 DAGs
[2025-11-12T08:13:59.499+0530] {logging_mixin.py:188} INFO - [2025-11-12T08:13:59.499+0530] {dag.py:3947} INFO - Setting next_dagrun for example_weekday_branch_operator to 2025-11-11 00:00:00+00:00, run_after=2025-11-12 00:00:00+00:00
[2025-11-12T08:13:59.528+0530] {processor.py:183} INFO - Processing /home/logi/txtai/venv/lib/python3.10/site-packages/airflow/example_dags/example_branch_day_of_week_operator.py took 0.119 seconds
[2025-11-12T08:14:58.639+0530] {processor.py:161} INFO - Started process (PID=13232) to work on /home/logi/txtai/venv/lib/python3.10/site-packages/airflow/example_dags/example_branch_day_of_week_operator.py
[2025-11-12T08:14:58.641+0530] {processor.py:830} INFO - Processing file /home/logi/txtai/venv/lib/python3.10/site-packages/airflow/example_dags/example_branch_day_of_week_operator.py for tasks to queue
[2025-11-12T08:14:58.644+0530] {logging_mixin.py:188} INFO - [2025-11-12T08:14:58.643+0530] {dagbag.py:545} INFO - Filling up the DagBag from /home/logi/txtai/venv/lib/python3.10/site-packages/airflow/example_dags/example_branch_day_of_week_operator.py
[2025-11-12T08:14:58.657+0530] {processor.py:840} INFO - DAG(s) 'example_weekday_branch_operator' retrieved from /home/logi/txtai/venv/lib/python3.10/site-packages/airflow/example_dags/example_branch_day_of_week_operator.py
[2025-11-12T08:14:58.681+0530] {logging_mixin.py:188} INFO - [2025-11-12T08:14:58.680+0530] {dag.py:3089} INFO - Sync 1 DAGs
[2025-11-12T08:14:58.697+0530] {logging_mixin.py:188} INFO - [2025-11-12T08:14:58.697+0530] {dag.py:3947} INFO - Setting next_dagrun for example_weekday_branch_operator to 2025-11-11 00:00:00+00:00, run_after=2025-11-12 00:00:00+00:00
[2025-11-12T08:14:58.716+0530] {processor.py:183} INFO - Processing /home/logi/txtai/venv/lib/python3.10/site-packages/airflow/example_dags/example_branch_day_of_week_operator.py took 0.089 seconds
[2025-11-12T08:16:24.529+0530] {processor.py:161} INFO - Started process (PID=13951) to work on /home/logi/txtai/venv/lib/python3.10/site-packages/airflow/example_dags/example_branch_day_of_week_operator.py
[2025-11-12T08:16:24.531+0530] {processor.py:830} INFO - Processing file /home/logi/txtai/venv/lib/python3.10/site-packages/airflow/example_dags/example_branch_day_of_week_operator.py for tasks to queue
[2025-11-12T08:16:24.534+0530] {logging_mixin.py:188} INFO - [2025-11-12T08:16:24.533+0530] {dagbag.py:545} INFO - Filling up the DagBag from /home/logi/txtai/venv/lib/python3.10/site-packages/airflow/example_dags/example_branch_day_of_week_operator.py
[2025-11-12T08:16:24.548+0530] {processor.py:840} INFO - DAG(s) 'example_weekday_branch_operator' retrieved from /home/logi/txtai/venv/lib/python3.10/site-packages/airflow/example_dags/example_branch_day_of_week_operator.py
[2025-11-12T08:16:24.573+0530] {logging_mixin.py:188} INFO - [2025-11-12T08:16:24.572+0530] {dag.py:3089} INFO - Sync 1 DAGs
[2025-11-12T08:16:24.590+0530] {logging_mixin.py:188} INFO - [2025-11-12T08:16:24.590+0530] {dag.py:3947} INFO - Setting next_dagrun for example_weekday_branch_operator to 2025-11-11 00:00:00+00:00, run_after=2025-11-12 00:00:00+00:00
[2025-11-12T08:16:24.614+0530] {processor.py:183} INFO - Processing /home/logi/txtai/venv/lib/python3.10/site-packages/airflow/example_dags/example_branch_day_of_week_operator.py took 0.096 seconds
[2025-11-12T08:17:27.079+0530] {processor.py:161} INFO - Started process (PID=14449) to work on /home/logi/txtai/venv/lib/python3.10/site-packages/airflow/example_dags/example_branch_day_of_week_operator.py
[2025-11-12T08:17:27.093+0530] {processor.py:830} INFO - Processing file /home/logi/txtai/venv/lib/python3.10/site-packages/airflow/example_dags/example_branch_day_of_week_operator.py for tasks to queue
[2025-11-12T08:17:27.097+0530] {logging_mixin.py:188} INFO - [2025-11-12T08:17:27.096+0530] {dagbag.py:545} INFO - Filling up the DagBag from /home/logi/txtai/venv/lib/python3.10/site-packages/airflow/example_dags/example_branch_day_of_week_operator.py
[2025-11-12T08:17:27.110+0530] {processor.py:840} INFO - DAG(s) 'example_weekday_branch_operator' retrieved from /home/logi/txtai/venv/lib/python3.10/site-packages/airflow/example_dags/example_branch_day_of_week_operator.py
[2025-11-12T08:17:27.140+0530] {logging_mixin.py:188} INFO - [2025-11-12T08:17:27.140+0530] {dag.py:3089} INFO - Sync 1 DAGs
[2025-11-12T08:17:27.158+0530] {logging_mixin.py:188} INFO - [2025-11-12T08:17:27.158+0530] {dag.py:3947} INFO - Setting next_dagrun for example_weekday_branch_operator to 2025-11-11 00:00:00+00:00, run_after=2025-11-12 00:00:00+00:00
[2025-11-12T08:17:27.179+0530] {processor.py:183} INFO - Processing /home/logi/txtai/venv/lib/python3.10/site-packages/airflow/example_dags/example_branch_day_of_week_operator.py took 0.111 seconds
[2025-11-12T08:19:07.250+0530] {processor.py:161} INFO - Started process (PID=15428) to work on /home/logi/txtai/venv/lib/python3.10/site-packages/airflow/example_dags/example_branch_day_of_week_operator.py
[2025-11-12T08:19:07.263+0530] {processor.py:830} INFO - Processing file /home/logi/txtai/venv/lib/python3.10/site-packages/airflow/example_dags/example_branch_day_of_week_operator.py for tasks to queue
[2025-11-12T08:19:07.266+0530] {logging_mixin.py:188} INFO - [2025-11-12T08:19:07.266+0530] {dagbag.py:545} INFO - Filling up the DagBag from /home/logi/txtai/venv/lib/python3.10/site-packages/airflow/example_dags/example_branch_day_of_week_operator.py
[2025-11-12T08:19:07.279+0530] {processor.py:840} INFO - DAG(s) 'example_weekday_branch_operator' retrieved from /home/logi/txtai/venv/lib/python3.10/site-packages/airflow/example_dags/example_branch_day_of_week_operator.py
[2025-11-12T08:19:07.307+0530] {logging_mixin.py:188} INFO - [2025-11-12T08:19:07.307+0530] {dag.py:3089} INFO - Sync 1 DAGs
[2025-11-12T08:19:07.326+0530] {logging_mixin.py:188} INFO - [2025-11-12T08:19:07.326+0530] {dag.py:3947} INFO - Setting next_dagrun for example_weekday_branch_operator to 2025-11-11 00:00:00+00:00, run_after=2025-11-12 00:00:00+00:00
[2025-11-12T08:19:07.354+0530] {processor.py:183} INFO - Processing /home/logi/txtai/venv/lib/python3.10/site-packages/airflow/example_dags/example_branch_day_of_week_operator.py took 0.115 seconds
[2025-11-12T08:20:36.528+0530] {processor.py:161} INFO - Started process (PID=16165) to work on /home/logi/txtai/venv/lib/python3.10/site-packages/airflow/example_dags/example_branch_day_of_week_operator.py
[2025-11-12T08:20:36.542+0530] {processor.py:830} INFO - Processing file /home/logi/txtai/venv/lib/python3.10/site-packages/airflow/example_dags/example_branch_day_of_week_operator.py for tasks to queue
[2025-11-12T08:20:36.545+0530] {logging_mixin.py:188} INFO - [2025-11-12T08:20:36.544+0530] {dagbag.py:545} INFO - Filling up the DagBag from /home/logi/txtai/venv/lib/python3.10/site-packages/airflow/example_dags/example_branch_day_of_week_operator.py
[2025-11-12T08:20:36.559+0530] {processor.py:840} INFO - DAG(s) 'example_weekday_branch_operator' retrieved from /home/logi/txtai/venv/lib/python3.10/site-packages/airflow/example_dags/example_branch_day_of_week_operator.py
[2025-11-12T08:20:36.586+0530] {logging_mixin.py:188} INFO - [2025-11-12T08:20:36.586+0530] {dag.py:3089} INFO - Sync 1 DAGs
[2025-11-12T08:20:36.606+0530] {logging_mixin.py:188} INFO - [2025-11-12T08:20:36.606+0530] {dag.py:3947} INFO - Setting next_dagrun for example_weekday_branch_operator to 2025-11-11 00:00:00+00:00, run_after=2025-11-12 00:00:00+00:00
[2025-11-12T08:20:36.634+0530] {processor.py:183} INFO - Processing /home/logi/txtai/venv/lib/python3.10/site-packages/airflow/example_dags/example_branch_day_of_week_operator.py took 0.117 seconds
[2025-11-12T08:21:44.019+0530] {processor.py:161} INFO - Started process (PID=16707) to work on /home/logi/txtai/venv/lib/python3.10/site-packages/airflow/example_dags/example_branch_day_of_week_operator.py
[2025-11-12T08:21:44.032+0530] {processor.py:830} INFO - Processing file /home/logi/txtai/venv/lib/python3.10/site-packages/airflow/example_dags/example_branch_day_of_week_operator.py for tasks to queue
[2025-11-12T08:21:44.036+0530] {logging_mixin.py:188} INFO - [2025-11-12T08:21:44.035+0530] {dagbag.py:545} INFO - Filling up the DagBag from /home/logi/txtai/venv/lib/python3.10/site-packages/airflow/example_dags/example_branch_day_of_week_operator.py
[2025-11-12T08:21:44.050+0530] {processor.py:840} INFO - DAG(s) 'example_weekday_branch_operator' retrieved from /home/logi/txtai/venv/lib/python3.10/site-packages/airflow/example_dags/example_branch_day_of_week_operator.py
[2025-11-12T08:21:44.079+0530] {logging_mixin.py:188} INFO - [2025-11-12T08:21:44.078+0530] {dag.py:3089} INFO - Sync 1 DAGs
[2025-11-12T08:21:44.099+0530] {logging_mixin.py:188} INFO - [2025-11-12T08:21:44.099+0530] {dag.py:3947} INFO - Setting next_dagrun for example_weekday_branch_operator to 2025-11-11 00:00:00+00:00, run_after=2025-11-12 00:00:00+00:00
[2025-11-12T08:21:44.118+0530] {processor.py:183} INFO - Processing /home/logi/txtai/venv/lib/python3.10/site-packages/airflow/example_dags/example_branch_day_of_week_operator.py took 0.110 seconds
[2025-11-12T08:22:46.243+0530] {processor.py:161} INFO - Started process (PID=17244) to work on /home/logi/txtai/venv/lib/python3.10/site-packages/airflow/example_dags/example_branch_day_of_week_operator.py
[2025-11-12T08:22:46.256+0530] {processor.py:830} INFO - Processing file /home/logi/txtai/venv/lib/python3.10/site-packages/airflow/example_dags/example_branch_day_of_week_operator.py for tasks to queue
[2025-11-12T08:22:46.259+0530] {logging_mixin.py:188} INFO - [2025-11-12T08:22:46.259+0530] {dagbag.py:545} INFO - Filling up the DagBag from /home/logi/txtai/venv/lib/python3.10/site-packages/airflow/example_dags/example_branch_day_of_week_operator.py
[2025-11-12T08:22:46.273+0530] {processor.py:840} INFO - DAG(s) 'example_weekday_branch_operator' retrieved from /home/logi/txtai/venv/lib/python3.10/site-packages/airflow/example_dags/example_branch_day_of_week_operator.py
[2025-11-12T08:22:46.302+0530] {logging_mixin.py:188} INFO - [2025-11-12T08:22:46.301+0530] {dag.py:3089} INFO - Sync 1 DAGs
[2025-11-12T08:22:46.322+0530] {logging_mixin.py:188} INFO - [2025-11-12T08:22:46.322+0530] {dag.py:3947} INFO - Setting next_dagrun for example_weekday_branch_operator to 2025-11-11 00:00:00+00:00, run_after=2025-11-12 00:00:00+00:00
[2025-11-12T08:22:46.350+0530] {processor.py:183} INFO - Processing /home/logi/txtai/venv/lib/python3.10/site-packages/airflow/example_dags/example_branch_day_of_week_operator.py took 0.119 seconds
[2025-11-12T08:24:13.478+0530] {processor.py:161} INFO - Started process (PID=18054) to work on /home/logi/txtai/venv/lib/python3.10/site-packages/airflow/example_dags/example_branch_day_of_week_operator.py
[2025-11-12T08:24:13.480+0530] {processor.py:830} INFO - Processing file /home/logi/txtai/venv/lib/python3.10/site-packages/airflow/example_dags/example_branch_day_of_week_operator.py for tasks to queue
[2025-11-12T08:24:13.483+0530] {logging_mixin.py:188} INFO - [2025-11-12T08:24:13.483+0530] {dagbag.py:545} INFO - Filling up the DagBag from /home/logi/txtai/venv/lib/python3.10/site-packages/airflow/example_dags/example_branch_day_of_week_operator.py
[2025-11-12T08:24:13.497+0530] {processor.py:840} INFO - DAG(s) 'example_weekday_branch_operator' retrieved from /home/logi/txtai/venv/lib/python3.10/site-packages/airflow/example_dags/example_branch_day_of_week_operator.py
[2025-11-12T08:24:13.521+0530] {logging_mixin.py:188} INFO - [2025-11-12T08:24:13.521+0530] {dag.py:3089} INFO - Sync 1 DAGs
[2025-11-12T08:24:13.539+0530] {logging_mixin.py:188} INFO - [2025-11-12T08:24:13.538+0530] {dag.py:3947} INFO - Setting next_dagrun for example_weekday_branch_operator to 2025-11-11 00:00:00+00:00, run_after=2025-11-12 00:00:00+00:00
[2025-11-12T08:24:13.561+0530] {processor.py:183} INFO - Processing /home/logi/txtai/venv/lib/python3.10/site-packages/airflow/example_dags/example_branch_day_of_week_operator.py took 0.094 seconds
[2025-11-12T08:25:18.434+0530] {processor.py:161} INFO - Started process (PID=18161) to work on /home/logi/txtai/venv/lib/python3.10/site-packages/airflow/example_dags/example_branch_day_of_week_operator.py
[2025-11-12T08:25:18.448+0530] {processor.py:830} INFO - Processing file /home/logi/txtai/venv/lib/python3.10/site-packages/airflow/example_dags/example_branch_day_of_week_operator.py for tasks to queue
[2025-11-12T08:25:18.451+0530] {logging_mixin.py:188} INFO - [2025-11-12T08:25:18.450+0530] {dagbag.py:545} INFO - Filling up the DagBag from /home/logi/txtai/venv/lib/python3.10/site-packages/airflow/example_dags/example_branch_day_of_week_operator.py
[2025-11-12T08:25:18.465+0530] {processor.py:840} INFO - DAG(s) 'example_weekday_branch_operator' retrieved from /home/logi/txtai/venv/lib/python3.10/site-packages/airflow/example_dags/example_branch_day_of_week_operator.py
[2025-11-12T08:25:18.494+0530] {logging_mixin.py:188} INFO - [2025-11-12T08:25:18.494+0530] {dag.py:3089} INFO - Sync 1 DAGs
[2025-11-12T08:25:18.514+0530] {logging_mixin.py:188} INFO - [2025-11-12T08:25:18.514+0530] {dag.py:3947} INFO - Setting next_dagrun for example_weekday_branch_operator to 2025-11-11 00:00:00+00:00, run_after=2025-11-12 00:00:00+00:00
[2025-11-12T08:25:18.535+0530] {processor.py:183} INFO - Processing /home/logi/txtai/venv/lib/python3.10/site-packages/airflow/example_dags/example_branch_day_of_week_operator.py took 0.112 seconds
[2025-11-12T08:26:48.340+0530] {processor.py:161} INFO - Started process (PID=18355) to work on /home/logi/txtai/venv/lib/python3.10/site-packages/airflow/example_dags/example_branch_day_of_week_operator.py
[2025-11-12T08:26:48.355+0530] {processor.py:830} INFO - Processing file /home/logi/txtai/venv/lib/python3.10/site-packages/airflow/example_dags/example_branch_day_of_week_operator.py for tasks to queue
[2025-11-12T08:26:48.358+0530] {logging_mixin.py:188} INFO - [2025-11-12T08:26:48.357+0530] {dagbag.py:545} INFO - Filling up the DagBag from /home/logi/txtai/venv/lib/python3.10/site-packages/airflow/example_dags/example_branch_day_of_week_operator.py
[2025-11-12T08:26:48.372+0530] {processor.py:840} INFO - DAG(s) 'example_weekday_branch_operator' retrieved from /home/logi/txtai/venv/lib/python3.10/site-packages/airflow/example_dags/example_branch_day_of_week_operator.py
[2025-11-12T08:26:48.401+0530] {logging_mixin.py:188} INFO - [2025-11-12T08:26:48.400+0530] {dag.py:3089} INFO - Sync 1 DAGs
[2025-11-12T08:26:48.420+0530] {logging_mixin.py:188} INFO - [2025-11-12T08:26:48.419+0530] {dag.py:3947} INFO - Setting next_dagrun for example_weekday_branch_operator to 2025-11-11 00:00:00+00:00, run_after=2025-11-12 00:00:00+00:00
[2025-11-12T08:26:48.447+0530] {processor.py:183} INFO - Processing /home/logi/txtai/venv/lib/python3.10/site-packages/airflow/example_dags/example_branch_day_of_week_operator.py took 0.118 seconds
[2025-11-12T08:27:51.510+0530] {processor.py:161} INFO - Started process (PID=18540) to work on /home/logi/txtai/venv/lib/python3.10/site-packages/airflow/example_dags/example_branch_day_of_week_operator.py
[2025-11-12T08:27:51.524+0530] {processor.py:830} INFO - Processing file /home/logi/txtai/venv/lib/python3.10/site-packages/airflow/example_dags/example_branch_day_of_week_operator.py for tasks to queue
[2025-11-12T08:27:51.527+0530] {logging_mixin.py:188} INFO - [2025-11-12T08:27:51.527+0530] {dagbag.py:545} INFO - Filling up the DagBag from /home/logi/txtai/venv/lib/python3.10/site-packages/airflow/example_dags/example_branch_day_of_week_operator.py
[2025-11-12T08:27:51.542+0530] {processor.py:840} INFO - DAG(s) 'example_weekday_branch_operator' retrieved from /home/logi/txtai/venv/lib/python3.10/site-packages/airflow/example_dags/example_branch_day_of_week_operator.py
[2025-11-12T08:27:51.571+0530] {logging_mixin.py:188} INFO - [2025-11-12T08:27:51.571+0530] {dag.py:3089} INFO - Sync 1 DAGs
[2025-11-12T08:27:51.591+0530] {logging_mixin.py:188} INFO - [2025-11-12T08:27:51.591+0530] {dag.py:3947} INFO - Setting next_dagrun for example_weekday_branch_operator to 2025-11-11 00:00:00+00:00, run_after=2025-11-12 00:00:00+00:00
[2025-11-12T08:27:51.621+0530] {processor.py:183} INFO - Processing /home/logi/txtai/venv/lib/python3.10/site-packages/airflow/example_dags/example_branch_day_of_week_operator.py took 0.122 seconds
[2025-11-12T08:28:59.686+0530] {processor.py:161} INFO - Started process (PID=18815) to work on /home/logi/txtai/venv/lib/python3.10/site-packages/airflow/example_dags/example_branch_day_of_week_operator.py
[2025-11-12T08:28:59.700+0530] {processor.py:830} INFO - Processing file /home/logi/txtai/venv/lib/python3.10/site-packages/airflow/example_dags/example_branch_day_of_week_operator.py for tasks to queue
[2025-11-12T08:28:59.703+0530] {logging_mixin.py:188} INFO - [2025-11-12T08:28:59.702+0530] {dagbag.py:545} INFO - Filling up the DagBag from /home/logi/txtai/venv/lib/python3.10/site-packages/airflow/example_dags/example_branch_day_of_week_operator.py
[2025-11-12T08:28:59.717+0530] {processor.py:840} INFO - DAG(s) 'example_weekday_branch_operator' retrieved from /home/logi/txtai/venv/lib/python3.10/site-packages/airflow/example_dags/example_branch_day_of_week_operator.py
[2025-11-12T08:28:59.746+0530] {logging_mixin.py:188} INFO - [2025-11-12T08:28:59.746+0530] {dag.py:3089} INFO - Sync 1 DAGs
[2025-11-12T08:28:59.764+0530] {logging_mixin.py:188} INFO - [2025-11-12T08:28:59.764+0530] {dag.py:3947} INFO - Setting next_dagrun for example_weekday_branch_operator to 2025-11-11 00:00:00+00:00, run_after=2025-11-12 00:00:00+00:00
[2025-11-12T08:28:59.787+0530] {processor.py:183} INFO - Processing /home/logi/txtai/venv/lib/python3.10/site-packages/airflow/example_dags/example_branch_day_of_week_operator.py took 0.112 seconds
[2025-11-12T08:30:04.593+0530] {processor.py:161} INFO - Started process (PID=19048) to work on /home/logi/txtai/venv/lib/python3.10/site-packages/airflow/example_dags/example_branch_day_of_week_operator.py
[2025-11-12T08:30:04.607+0530] {processor.py:830} INFO - Processing file /home/logi/txtai/venv/lib/python3.10/site-packages/airflow/example_dags/example_branch_day_of_week_operator.py for tasks to queue
[2025-11-12T08:30:04.611+0530] {logging_mixin.py:188} INFO - [2025-11-12T08:30:04.610+0530] {dagbag.py:545} INFO - Filling up the DagBag from /home/logi/txtai/venv/lib/python3.10/site-packages/airflow/example_dags/example_branch_day_of_week_operator.py
[2025-11-12T08:30:04.624+0530] {processor.py:840} INFO - DAG(s) 'example_weekday_branch_operator' retrieved from /home/logi/txtai/venv/lib/python3.10/site-packages/airflow/example_dags/example_branch_day_of_week_operator.py
[2025-11-12T08:30:04.644+0530] {logging_mixin.py:188} INFO - [2025-11-12T08:30:04.644+0530] {dag.py:3089} INFO - Sync 1 DAGs
[2025-11-12T08:30:04.661+0530] {logging_mixin.py:188} INFO - [2025-11-12T08:30:04.661+0530] {dag.py:3947} INFO - Setting next_dagrun for example_weekday_branch_operator to 2025-11-11 00:00:00+00:00, run_after=2025-11-12 00:00:00+00:00
[2025-11-12T08:30:04.679+0530] {processor.py:183} INFO - Processing /home/logi/txtai/venv/lib/python3.10/site-packages/airflow/example_dags/example_branch_day_of_week_operator.py took 0.096 seconds
[2025-11-12T08:31:04.200+0530] {processor.py:161} INFO - Started process (PID=19338) to work on /home/logi/txtai/venv/lib/python3.10/site-packages/airflow/example_dags/example_branch_day_of_week_operator.py
[2025-11-12T08:31:04.214+0530] {processor.py:830} INFO - Processing file /home/logi/txtai/venv/lib/python3.10/site-packages/airflow/example_dags/example_branch_day_of_week_operator.py for tasks to queue
[2025-11-12T08:31:04.218+0530] {logging_mixin.py:188} INFO - [2025-11-12T08:31:04.217+0530] {dagbag.py:545} INFO - Filling up the DagBag from /home/logi/txtai/venv/lib/python3.10/site-packages/airflow/example_dags/example_branch_day_of_week_operator.py
[2025-11-12T08:31:04.232+0530] {processor.py:840} INFO - DAG(s) 'example_weekday_branch_operator' retrieved from /home/logi/txtai/venv/lib/python3.10/site-packages/airflow/example_dags/example_branch_day_of_week_operator.py
[2025-11-12T08:31:04.261+0530] {logging_mixin.py:188} INFO - [2025-11-12T08:31:04.260+0530] {dag.py:3089} INFO - Sync 1 DAGs
[2025-11-12T08:31:04.280+0530] {logging_mixin.py:188} INFO - [2025-11-12T08:31:04.280+0530] {dag.py:3947} INFO - Setting next_dagrun for example_weekday_branch_operator to 2025-11-11 00:00:00+00:00, run_after=2025-11-12 00:00:00+00:00
[2025-11-12T08:31:04.309+0530] {processor.py:183} INFO - Processing /home/logi/txtai/venv/lib/python3.10/site-packages/airflow/example_dags/example_branch_day_of_week_operator.py took 0.120 seconds
[2025-11-12T08:32:03.411+0530] {processor.py:161} INFO - Started process (PID=19479) to work on /home/logi/txtai/venv/lib/python3.10/site-packages/airflow/example_dags/example_branch_day_of_week_operator.py
[2025-11-12T08:32:03.425+0530] {processor.py:830} INFO - Processing file /home/logi/txtai/venv/lib/python3.10/site-packages/airflow/example_dags/example_branch_day_of_week_operator.py for tasks to queue
[2025-11-12T08:32:03.429+0530] {logging_mixin.py:188} INFO - [2025-11-12T08:32:03.428+0530] {dagbag.py:545} INFO - Filling up the DagBag from /home/logi/txtai/venv/lib/python3.10/site-packages/airflow/example_dags/example_branch_day_of_week_operator.py
[2025-11-12T08:32:03.449+0530] {processor.py:840} INFO - DAG(s) 'example_weekday_branch_operator' retrieved from /home/logi/txtai/venv/lib/python3.10/site-packages/airflow/example_dags/example_branch_day_of_week_operator.py
[2025-11-12T08:32:03.481+0530] {logging_mixin.py:188} INFO - [2025-11-12T08:32:03.480+0530] {dag.py:3089} INFO - Sync 1 DAGs
[2025-11-12T08:32:03.505+0530] {logging_mixin.py:188} INFO - [2025-11-12T08:32:03.505+0530] {dag.py:3947} INFO - Setting next_dagrun for example_weekday_branch_operator to 2025-11-11 00:00:00+00:00, run_after=2025-11-12 00:00:00+00:00
[2025-11-12T08:32:03.526+0530] {processor.py:183} INFO - Processing /home/logi/txtai/venv/lib/python3.10/site-packages/airflow/example_dags/example_branch_day_of_week_operator.py took 0.127 seconds
[2025-11-12T08:33:07.206+0530] {processor.py:161} INFO - Started process (PID=19609) to work on /home/logi/txtai/venv/lib/python3.10/site-packages/airflow/example_dags/example_branch_day_of_week_operator.py
[2025-11-12T08:33:07.208+0530] {processor.py:830} INFO - Processing file /home/logi/txtai/venv/lib/python3.10/site-packages/airflow/example_dags/example_branch_day_of_week_operator.py for tasks to queue
[2025-11-12T08:33:07.210+0530] {logging_mixin.py:188} INFO - [2025-11-12T08:33:07.210+0530] {dagbag.py:545} INFO - Filling up the DagBag from /home/logi/txtai/venv/lib/python3.10/site-packages/airflow/example_dags/example_branch_day_of_week_operator.py
[2025-11-12T08:33:07.217+0530] {processor.py:840} INFO - DAG(s) 'example_weekday_branch_operator' retrieved from /home/logi/txtai/venv/lib/python3.10/site-packages/airflow/example_dags/example_branch_day_of_week_operator.py
[2025-11-12T08:33:07.231+0530] {logging_mixin.py:188} INFO - [2025-11-12T08:33:07.230+0530] {dag.py:3089} INFO - Sync 1 DAGs
[2025-11-12T08:33:07.247+0530] {logging_mixin.py:188} INFO - [2025-11-12T08:33:07.246+0530] {dag.py:3947} INFO - Setting next_dagrun for example_weekday_branch_operator to 2025-11-11 00:00:00+00:00, run_after=2025-11-12 00:00:00+00:00
[2025-11-12T08:33:07.264+0530] {processor.py:183} INFO - Processing /home/logi/txtai/venv/lib/python3.10/site-packages/airflow/example_dags/example_branch_day_of_week_operator.py took 0.063 seconds
[2025-11-12T08:34:33.778+0530] {processor.py:161} INFO - Started process (PID=20029) to work on /home/logi/txtai/venv/lib/python3.10/site-packages/airflow/example_dags/example_branch_day_of_week_operator.py
[2025-11-12T08:34:33.791+0530] {processor.py:830} INFO - Processing file /home/logi/txtai/venv/lib/python3.10/site-packages/airflow/example_dags/example_branch_day_of_week_operator.py for tasks to queue
[2025-11-12T08:34:33.795+0530] {logging_mixin.py:188} INFO - [2025-11-12T08:34:33.794+0530] {dagbag.py:545} INFO - Filling up the DagBag from /home/logi/txtai/venv/lib/python3.10/site-packages/airflow/example_dags/example_branch_day_of_week_operator.py
[2025-11-12T08:34:33.808+0530] {processor.py:840} INFO - DAG(s) 'example_weekday_branch_operator' retrieved from /home/logi/txtai/venv/lib/python3.10/site-packages/airflow/example_dags/example_branch_day_of_week_operator.py
[2025-11-12T08:34:33.835+0530] {logging_mixin.py:188} INFO - [2025-11-12T08:34:33.835+0530] {dag.py:3089} INFO - Sync 1 DAGs
[2025-11-12T08:34:33.855+0530] {logging_mixin.py:188} INFO - [2025-11-12T08:34:33.855+0530] {dag.py:3947} INFO - Setting next_dagrun for example_weekday_branch_operator to 2025-11-11 00:00:00+00:00, run_after=2025-11-12 00:00:00+00:00
[2025-11-12T08:34:33.879+0530] {processor.py:183} INFO - Processing /home/logi/txtai/venv/lib/python3.10/site-packages/airflow/example_dags/example_branch_day_of_week_operator.py took 0.111 seconds
[2025-11-12T08:35:34.090+0530] {processor.py:161} INFO - Started process (PID=20115) to work on /home/logi/txtai/venv/lib/python3.10/site-packages/airflow/example_dags/example_branch_day_of_week_operator.py
[2025-11-12T08:35:34.093+0530] {processor.py:830} INFO - Processing file /home/logi/txtai/venv/lib/python3.10/site-packages/airflow/example_dags/example_branch_day_of_week_operator.py for tasks to queue
[2025-11-12T08:35:34.096+0530] {logging_mixin.py:188} INFO - [2025-11-12T08:35:34.096+0530] {dagbag.py:545} INFO - Filling up the DagBag from /home/logi/txtai/venv/lib/python3.10/site-packages/airflow/example_dags/example_branch_day_of_week_operator.py
[2025-11-12T08:35:34.110+0530] {processor.py:840} INFO - DAG(s) 'example_weekday_branch_operator' retrieved from /home/logi/txtai/venv/lib/python3.10/site-packages/airflow/example_dags/example_branch_day_of_week_operator.py
[2025-11-12T08:35:34.134+0530] {logging_mixin.py:188} INFO - [2025-11-12T08:35:34.133+0530] {dag.py:3089} INFO - Sync 1 DAGs
[2025-11-12T08:35:34.152+0530] {logging_mixin.py:188} INFO - [2025-11-12T08:35:34.152+0530] {dag.py:3947} INFO - Setting next_dagrun for example_weekday_branch_operator to 2025-11-11 00:00:00+00:00, run_after=2025-11-12 00:00:00+00:00
[2025-11-12T08:35:34.182+0530] {processor.py:183} INFO - Processing /home/logi/txtai/venv/lib/python3.10/site-packages/airflow/example_dags/example_branch_day_of_week_operator.py took 0.102 seconds
[2025-11-12T08:37:01.862+0530] {processor.py:161} INFO - Started process (PID=20245) to work on /home/logi/txtai/venv/lib/python3.10/site-packages/airflow/example_dags/example_branch_day_of_week_operator.py
[2025-11-12T08:37:01.875+0530] {processor.py:830} INFO - Processing file /home/logi/txtai/venv/lib/python3.10/site-packages/airflow/example_dags/example_branch_day_of_week_operator.py for tasks to queue
[2025-11-12T08:37:01.879+0530] {logging_mixin.py:188} INFO - [2025-11-12T08:37:01.878+0530] {dagbag.py:545} INFO - Filling up the DagBag from /home/logi/txtai/venv/lib/python3.10/site-packages/airflow/example_dags/example_branch_day_of_week_operator.py
[2025-11-12T08:37:01.892+0530] {processor.py:840} INFO - DAG(s) 'example_weekday_branch_operator' retrieved from /home/logi/txtai/venv/lib/python3.10/site-packages/airflow/example_dags/example_branch_day_of_week_operator.py
[2025-11-12T08:37:01.919+0530] {logging_mixin.py:188} INFO - [2025-11-12T08:37:01.919+0530] {dag.py:3089} INFO - Sync 1 DAGs
[2025-11-12T08:37:01.941+0530] {logging_mixin.py:188} INFO - [2025-11-12T08:37:01.940+0530] {dag.py:3947} INFO - Setting next_dagrun for example_weekday_branch_operator to 2025-11-11 00:00:00+00:00, run_after=2025-11-12 00:00:00+00:00
[2025-11-12T08:37:01.974+0530] {processor.py:183} INFO - Processing /home/logi/txtai/venv/lib/python3.10/site-packages/airflow/example_dags/example_branch_day_of_week_operator.py took 0.123 seconds
[2025-11-12T08:38:05.170+0530] {processor.py:161} INFO - Started process (PID=20417) to work on /home/logi/txtai/venv/lib/python3.10/site-packages/airflow/example_dags/example_branch_day_of_week_operator.py
[2025-11-12T08:38:05.183+0530] {processor.py:830} INFO - Processing file /home/logi/txtai/venv/lib/python3.10/site-packages/airflow/example_dags/example_branch_day_of_week_operator.py for tasks to queue
[2025-11-12T08:38:05.186+0530] {logging_mixin.py:188} INFO - [2025-11-12T08:38:05.185+0530] {dagbag.py:545} INFO - Filling up the DagBag from /home/logi/txtai/venv/lib/python3.10/site-packages/airflow/example_dags/example_branch_day_of_week_operator.py
[2025-11-12T08:38:05.194+0530] {processor.py:840} INFO - DAG(s) 'example_weekday_branch_operator' retrieved from /home/logi/txtai/venv/lib/python3.10/site-packages/airflow/example_dags/example_branch_day_of_week_operator.py
[2025-11-12T08:38:05.212+0530] {logging_mixin.py:188} INFO - [2025-11-12T08:38:05.211+0530] {dag.py:3089} INFO - Sync 1 DAGs
[2025-11-12T08:38:05.229+0530] {logging_mixin.py:188} INFO - [2025-11-12T08:38:05.229+0530] {dag.py:3947} INFO - Setting next_dagrun for example_weekday_branch_operator to 2025-11-11 00:00:00+00:00, run_after=2025-11-12 00:00:00+00:00
[2025-11-12T08:38:05.251+0530] {processor.py:183} INFO - Processing /home/logi/txtai/venv/lib/python3.10/site-packages/airflow/example_dags/example_branch_day_of_week_operator.py took 0.092 seconds
[2025-11-12T08:39:12.415+0530] {processor.py:161} INFO - Started process (PID=20632) to work on /home/logi/txtai/venv/lib/python3.10/site-packages/airflow/example_dags/example_branch_day_of_week_operator.py
[2025-11-12T08:39:12.428+0530] {processor.py:830} INFO - Processing file /home/logi/txtai/venv/lib/python3.10/site-packages/airflow/example_dags/example_branch_day_of_week_operator.py for tasks to queue
[2025-11-12T08:39:12.431+0530] {logging_mixin.py:188} INFO - [2025-11-12T08:39:12.431+0530] {dagbag.py:545} INFO - Filling up the DagBag from /home/logi/txtai/venv/lib/python3.10/site-packages/airflow/example_dags/example_branch_day_of_week_operator.py
[2025-11-12T08:39:12.438+0530] {processor.py:840} INFO - DAG(s) 'example_weekday_branch_operator' retrieved from /home/logi/txtai/venv/lib/python3.10/site-packages/airflow/example_dags/example_branch_day_of_week_operator.py
[2025-11-12T08:39:12.455+0530] {logging_mixin.py:188} INFO - [2025-11-12T08:39:12.454+0530] {dag.py:3089} INFO - Sync 1 DAGs
[2025-11-12T08:39:12.471+0530] {logging_mixin.py:188} INFO - [2025-11-12T08:39:12.471+0530] {dag.py:3947} INFO - Setting next_dagrun for example_weekday_branch_operator to 2025-11-11 00:00:00+00:00, run_after=2025-11-12 00:00:00+00:00
[2025-11-12T08:39:12.491+0530] {processor.py:183} INFO - Processing /home/logi/txtai/venv/lib/python3.10/site-packages/airflow/example_dags/example_branch_day_of_week_operator.py took 0.088 seconds
[2025-11-12T08:40:21.290+0530] {processor.py:161} INFO - Started process (PID=20766) to work on /home/logi/txtai/venv/lib/python3.10/site-packages/airflow/example_dags/example_branch_day_of_week_operator.py
[2025-11-12T08:40:21.304+0530] {processor.py:830} INFO - Processing file /home/logi/txtai/venv/lib/python3.10/site-packages/airflow/example_dags/example_branch_day_of_week_operator.py for tasks to queue
[2025-11-12T08:40:21.307+0530] {logging_mixin.py:188} INFO - [2025-11-12T08:40:21.307+0530] {dagbag.py:545} INFO - Filling up the DagBag from /home/logi/txtai/venv/lib/python3.10/site-packages/airflow/example_dags/example_branch_day_of_week_operator.py
[2025-11-12T08:40:21.322+0530] {processor.py:840} INFO - DAG(s) 'example_weekday_branch_operator' retrieved from /home/logi/txtai/venv/lib/python3.10/site-packages/airflow/example_dags/example_branch_day_of_week_operator.py
[2025-11-12T08:40:21.353+0530] {logging_mixin.py:188} INFO - [2025-11-12T08:40:21.352+0530] {dag.py:3089} INFO - Sync 1 DAGs
[2025-11-12T08:40:21.372+0530] {logging_mixin.py:188} INFO - [2025-11-12T08:40:21.371+0530] {dag.py:3947} INFO - Setting next_dagrun for example_weekday_branch_operator to 2025-11-11 00:00:00+00:00, run_after=2025-11-12 00:00:00+00:00
[2025-11-12T08:40:21.399+0530] {processor.py:183} INFO - Processing /home/logi/txtai/venv/lib/python3.10/site-packages/airflow/example_dags/example_branch_day_of_week_operator.py took 0.120 seconds
[2025-11-12T08:41:28.000+0530] {processor.py:161} INFO - Started process (PID=20883) to work on /home/logi/txtai/venv/lib/python3.10/site-packages/airflow/example_dags/example_branch_day_of_week_operator.py
[2025-11-12T08:41:28.016+0530] {processor.py:830} INFO - Processing file /home/logi/txtai/venv/lib/python3.10/site-packages/airflow/example_dags/example_branch_day_of_week_operator.py for tasks to queue
[2025-11-12T08:41:28.027+0530] {logging_mixin.py:188} INFO - [2025-11-12T08:41:28.025+0530] {dagbag.py:545} INFO - Filling up the DagBag from /home/logi/txtai/venv/lib/python3.10/site-packages/airflow/example_dags/example_branch_day_of_week_operator.py
[2025-11-12T08:41:28.051+0530] {processor.py:840} INFO - DAG(s) 'example_weekday_branch_operator' retrieved from /home/logi/txtai/venv/lib/python3.10/site-packages/airflow/example_dags/example_branch_day_of_week_operator.py
[2025-11-12T08:41:28.103+0530] {logging_mixin.py:188} INFO - [2025-11-12T08:41:28.103+0530] {dag.py:3089} INFO - Sync 1 DAGs
[2025-11-12T08:41:28.143+0530] {logging_mixin.py:188} INFO - [2025-11-12T08:41:28.141+0530] {dag.py:3947} INFO - Setting next_dagrun for example_weekday_branch_operator to 2025-11-11 00:00:00+00:00, run_after=2025-11-12 00:00:00+00:00
[2025-11-12T08:41:28.190+0530] {processor.py:183} INFO - Processing /home/logi/txtai/venv/lib/python3.10/site-packages/airflow/example_dags/example_branch_day_of_week_operator.py took 0.209 seconds
[2025-11-12T08:42:29.161+0530] {processor.py:161} INFO - Started process (PID=20977) to work on /home/logi/txtai/venv/lib/python3.10/site-packages/airflow/example_dags/example_branch_day_of_week_operator.py
[2025-11-12T08:42:29.174+0530] {processor.py:830} INFO - Processing file /home/logi/txtai/venv/lib/python3.10/site-packages/airflow/example_dags/example_branch_day_of_week_operator.py for tasks to queue
[2025-11-12T08:42:29.177+0530] {logging_mixin.py:188} INFO - [2025-11-12T08:42:29.177+0530] {dagbag.py:545} INFO - Filling up the DagBag from /home/logi/txtai/venv/lib/python3.10/site-packages/airflow/example_dags/example_branch_day_of_week_operator.py
[2025-11-12T08:42:29.191+0530] {processor.py:840} INFO - DAG(s) 'example_weekday_branch_operator' retrieved from /home/logi/txtai/venv/lib/python3.10/site-packages/airflow/example_dags/example_branch_day_of_week_operator.py
[2025-11-12T08:42:29.219+0530] {logging_mixin.py:188} INFO - [2025-11-12T08:42:29.219+0530] {dag.py:3089} INFO - Sync 1 DAGs
[2025-11-12T08:42:29.244+0530] {logging_mixin.py:188} INFO - [2025-11-12T08:42:29.244+0530] {dag.py:3947} INFO - Setting next_dagrun for example_weekday_branch_operator to 2025-11-11 00:00:00+00:00, run_after=2025-11-12 00:00:00+00:00
[2025-11-12T08:42:29.265+0530] {processor.py:183} INFO - Processing /home/logi/txtai/venv/lib/python3.10/site-packages/airflow/example_dags/example_branch_day_of_week_operator.py took 0.116 seconds
[2025-11-12T08:43:38.088+0530] {processor.py:161} INFO - Started process (PID=21142) to work on /home/logi/txtai/venv/lib/python3.10/site-packages/airflow/example_dags/example_branch_day_of_week_operator.py
[2025-11-12T08:43:38.103+0530] {processor.py:830} INFO - Processing file /home/logi/txtai/venv/lib/python3.10/site-packages/airflow/example_dags/example_branch_day_of_week_operator.py for tasks to queue
[2025-11-12T08:43:38.106+0530] {logging_mixin.py:188} INFO - [2025-11-12T08:43:38.106+0530] {dagbag.py:545} INFO - Filling up the DagBag from /home/logi/txtai/venv/lib/python3.10/site-packages/airflow/example_dags/example_branch_day_of_week_operator.py
[2025-11-12T08:43:38.120+0530] {processor.py:840} INFO - DAG(s) 'example_weekday_branch_operator' retrieved from /home/logi/txtai/venv/lib/python3.10/site-packages/airflow/example_dags/example_branch_day_of_week_operator.py
[2025-11-12T08:43:38.150+0530] {logging_mixin.py:188} INFO - [2025-11-12T08:43:38.150+0530] {dag.py:3089} INFO - Sync 1 DAGs
[2025-11-12T08:43:38.169+0530] {logging_mixin.py:188} INFO - [2025-11-12T08:43:38.169+0530] {dag.py:3947} INFO - Setting next_dagrun for example_weekday_branch_operator to 2025-11-11 00:00:00+00:00, run_after=2025-11-12 00:00:00+00:00
[2025-11-12T08:43:38.197+0530] {processor.py:183} INFO - Processing /home/logi/txtai/venv/lib/python3.10/site-packages/airflow/example_dags/example_branch_day_of_week_operator.py took 0.120 seconds
[2025-11-12T08:45:24.502+0530] {processor.py:161} INFO - Started process (PID=21633) to work on /home/logi/txtai/venv/lib/python3.10/site-packages/airflow/example_dags/example_branch_day_of_week_operator.py
[2025-11-12T08:45:24.515+0530] {processor.py:830} INFO - Processing file /home/logi/txtai/venv/lib/python3.10/site-packages/airflow/example_dags/example_branch_day_of_week_operator.py for tasks to queue
[2025-11-12T08:45:24.519+0530] {logging_mixin.py:188} INFO - [2025-11-12T08:45:24.518+0530] {dagbag.py:545} INFO - Filling up the DagBag from /home/logi/txtai/venv/lib/python3.10/site-packages/airflow/example_dags/example_branch_day_of_week_operator.py
[2025-11-12T08:45:24.532+0530] {processor.py:840} INFO - DAG(s) 'example_weekday_branch_operator' retrieved from /home/logi/txtai/venv/lib/python3.10/site-packages/airflow/example_dags/example_branch_day_of_week_operator.py
[2025-11-12T08:45:24.561+0530] {logging_mixin.py:188} INFO - [2025-11-12T08:45:24.561+0530] {dag.py:3089} INFO - Sync 1 DAGs
[2025-11-12T08:45:24.583+0530] {logging_mixin.py:188} INFO - [2025-11-12T08:45:24.583+0530] {dag.py:3947} INFO - Setting next_dagrun for example_weekday_branch_operator to 2025-11-11 00:00:00+00:00, run_after=2025-11-12 00:00:00+00:00
[2025-11-12T08:45:24.604+0530] {processor.py:183} INFO - Processing /home/logi/txtai/venv/lib/python3.10/site-packages/airflow/example_dags/example_branch_day_of_week_operator.py took 0.112 seconds
[2025-11-12T08:46:27.563+0530] {processor.py:161} INFO - Started process (PID=21712) to work on /home/logi/txtai/venv/lib/python3.10/site-packages/airflow/example_dags/example_branch_day_of_week_operator.py
[2025-11-12T08:46:27.576+0530] {processor.py:830} INFO - Processing file /home/logi/txtai/venv/lib/python3.10/site-packages/airflow/example_dags/example_branch_day_of_week_operator.py for tasks to queue
[2025-11-12T08:46:27.579+0530] {logging_mixin.py:188} INFO - [2025-11-12T08:46:27.578+0530] {dagbag.py:545} INFO - Filling up the DagBag from /home/logi/txtai/venv/lib/python3.10/site-packages/airflow/example_dags/example_branch_day_of_week_operator.py
[2025-11-12T08:46:27.591+0530] {processor.py:840} INFO - DAG(s) 'example_weekday_branch_operator' retrieved from /home/logi/txtai/venv/lib/python3.10/site-packages/airflow/example_dags/example_branch_day_of_week_operator.py
[2025-11-12T08:46:27.618+0530] {logging_mixin.py:188} INFO - [2025-11-12T08:46:27.618+0530] {dag.py:3089} INFO - Sync 1 DAGs
[2025-11-12T08:46:27.639+0530] {logging_mixin.py:188} INFO - [2025-11-12T08:46:27.639+0530] {dag.py:3947} INFO - Setting next_dagrun for example_weekday_branch_operator to 2025-11-11 00:00:00+00:00, run_after=2025-11-12 00:00:00+00:00
[2025-11-12T08:46:27.665+0530] {processor.py:183} INFO - Processing /home/logi/txtai/venv/lib/python3.10/site-packages/airflow/example_dags/example_branch_day_of_week_operator.py took 0.112 seconds
[2025-11-12T08:47:28.686+0530] {processor.py:161} INFO - Started process (PID=21805) to work on /home/logi/txtai/venv/lib/python3.10/site-packages/airflow/example_dags/example_branch_day_of_week_operator.py
[2025-11-12T08:47:28.700+0530] {processor.py:830} INFO - Processing file /home/logi/txtai/venv/lib/python3.10/site-packages/airflow/example_dags/example_branch_day_of_week_operator.py for tasks to queue
[2025-11-12T08:47:28.704+0530] {logging_mixin.py:188} INFO - [2025-11-12T08:47:28.703+0530] {dagbag.py:545} INFO - Filling up the DagBag from /home/logi/txtai/venv/lib/python3.10/site-packages/airflow/example_dags/example_branch_day_of_week_operator.py
[2025-11-12T08:47:28.718+0530] {processor.py:840} INFO - DAG(s) 'example_weekday_branch_operator' retrieved from /home/logi/txtai/venv/lib/python3.10/site-packages/airflow/example_dags/example_branch_day_of_week_operator.py
[2025-11-12T08:47:28.749+0530] {logging_mixin.py:188} INFO - [2025-11-12T08:47:28.749+0530] {dag.py:3089} INFO - Sync 1 DAGs
[2025-11-12T08:47:28.768+0530] {logging_mixin.py:188} INFO - [2025-11-12T08:47:28.768+0530] {dag.py:3947} INFO - Setting next_dagrun for example_weekday_branch_operator to 2025-11-11 00:00:00+00:00, run_after=2025-11-12 00:00:00+00:00
[2025-11-12T08:47:28.792+0530] {processor.py:183} INFO - Processing /home/logi/txtai/venv/lib/python3.10/site-packages/airflow/example_dags/example_branch_day_of_week_operator.py took 0.118 seconds
[2025-11-12T08:48:58.938+0530] {processor.py:161} INFO - Started process (PID=21957) to work on /home/logi/txtai/venv/lib/python3.10/site-packages/airflow/example_dags/example_branch_day_of_week_operator.py
[2025-11-12T08:48:58.953+0530] {processor.py:830} INFO - Processing file /home/logi/txtai/venv/lib/python3.10/site-packages/airflow/example_dags/example_branch_day_of_week_operator.py for tasks to queue
[2025-11-12T08:48:58.957+0530] {logging_mixin.py:188} INFO - [2025-11-12T08:48:58.956+0530] {dagbag.py:545} INFO - Filling up the DagBag from /home/logi/txtai/venv/lib/python3.10/site-packages/airflow/example_dags/example_branch_day_of_week_operator.py
[2025-11-12T08:48:58.973+0530] {processor.py:840} INFO - DAG(s) 'example_weekday_branch_operator' retrieved from /home/logi/txtai/venv/lib/python3.10/site-packages/airflow/example_dags/example_branch_day_of_week_operator.py
[2025-11-12T08:48:59.007+0530] {logging_mixin.py:188} INFO - [2025-11-12T08:48:59.007+0530] {dag.py:3089} INFO - Sync 1 DAGs
[2025-11-12T08:48:59.028+0530] {logging_mixin.py:188} INFO - [2025-11-12T08:48:59.028+0530] {dag.py:3947} INFO - Setting next_dagrun for example_weekday_branch_operator to 2025-11-11 00:00:00+00:00, run_after=2025-11-12 00:00:00+00:00
[2025-11-12T08:48:59.059+0530] {processor.py:183} INFO - Processing /home/logi/txtai/venv/lib/python3.10/site-packages/airflow/example_dags/example_branch_day_of_week_operator.py took 0.135 seconds
[2025-11-12T08:50:07.592+0530] {processor.py:161} INFO - Started process (PID=22235) to work on /home/logi/txtai/venv/lib/python3.10/site-packages/airflow/example_dags/example_branch_day_of_week_operator.py
[2025-11-12T08:50:07.606+0530] {processor.py:830} INFO - Processing file /home/logi/txtai/venv/lib/python3.10/site-packages/airflow/example_dags/example_branch_day_of_week_operator.py for tasks to queue
[2025-11-12T08:50:07.610+0530] {logging_mixin.py:188} INFO - [2025-11-12T08:50:07.609+0530] {dagbag.py:545} INFO - Filling up the DagBag from /home/logi/txtai/venv/lib/python3.10/site-packages/airflow/example_dags/example_branch_day_of_week_operator.py
[2025-11-12T08:50:07.624+0530] {processor.py:840} INFO - DAG(s) 'example_weekday_branch_operator' retrieved from /home/logi/txtai/venv/lib/python3.10/site-packages/airflow/example_dags/example_branch_day_of_week_operator.py
[2025-11-12T08:50:07.653+0530] {logging_mixin.py:188} INFO - [2025-11-12T08:50:07.652+0530] {dag.py:3089} INFO - Sync 1 DAGs
[2025-11-12T08:50:07.673+0530] {logging_mixin.py:188} INFO - [2025-11-12T08:50:07.673+0530] {dag.py:3947} INFO - Setting next_dagrun for example_weekday_branch_operator to 2025-11-11 00:00:00+00:00, run_after=2025-11-12 00:00:00+00:00
[2025-11-12T08:50:07.701+0530] {processor.py:183} INFO - Processing /home/logi/txtai/venv/lib/python3.10/site-packages/airflow/example_dags/example_branch_day_of_week_operator.py took 0.120 seconds
[2025-11-12T08:51:09.882+0530] {processor.py:161} INFO - Started process (PID=22374) to work on /home/logi/txtai/venv/lib/python3.10/site-packages/airflow/example_dags/example_branch_day_of_week_operator.py
[2025-11-12T08:51:09.895+0530] {processor.py:830} INFO - Processing file /home/logi/txtai/venv/lib/python3.10/site-packages/airflow/example_dags/example_branch_day_of_week_operator.py for tasks to queue
[2025-11-12T08:51:09.899+0530] {logging_mixin.py:188} INFO - [2025-11-12T08:51:09.898+0530] {dagbag.py:545} INFO - Filling up the DagBag from /home/logi/txtai/venv/lib/python3.10/site-packages/airflow/example_dags/example_branch_day_of_week_operator.py
[2025-11-12T08:51:09.908+0530] {processor.py:840} INFO - DAG(s) 'example_weekday_branch_operator' retrieved from /home/logi/txtai/venv/lib/python3.10/site-packages/airflow/example_dags/example_branch_day_of_week_operator.py
[2025-11-12T08:51:09.930+0530] {logging_mixin.py:188} INFO - [2025-11-12T08:51:09.930+0530] {dag.py:3089} INFO - Sync 1 DAGs
[2025-11-12T08:51:09.951+0530] {logging_mixin.py:188} INFO - [2025-11-12T08:51:09.951+0530] {dag.py:3947} INFO - Setting next_dagrun for example_weekday_branch_operator to 2025-11-11 00:00:00+00:00, run_after=2025-11-12 00:00:00+00:00
[2025-11-12T08:51:09.977+0530] {processor.py:183} INFO - Processing /home/logi/txtai/venv/lib/python3.10/site-packages/airflow/example_dags/example_branch_day_of_week_operator.py took 0.110 seconds
[2025-11-12T08:52:39.178+0530] {processor.py:161} INFO - Started process (PID=22593) to work on /home/logi/txtai/venv/lib/python3.10/site-packages/airflow/example_dags/example_branch_day_of_week_operator.py
[2025-11-12T08:52:39.192+0530] {processor.py:830} INFO - Processing file /home/logi/txtai/venv/lib/python3.10/site-packages/airflow/example_dags/example_branch_day_of_week_operator.py for tasks to queue
[2025-11-12T08:52:39.195+0530] {logging_mixin.py:188} INFO - [2025-11-12T08:52:39.194+0530] {dagbag.py:545} INFO - Filling up the DagBag from /home/logi/txtai/venv/lib/python3.10/site-packages/airflow/example_dags/example_branch_day_of_week_operator.py
[2025-11-12T08:52:39.208+0530] {processor.py:840} INFO - DAG(s) 'example_weekday_branch_operator' retrieved from /home/logi/txtai/venv/lib/python3.10/site-packages/airflow/example_dags/example_branch_day_of_week_operator.py
[2025-11-12T08:52:39.236+0530] {logging_mixin.py:188} INFO - [2025-11-12T08:52:39.236+0530] {dag.py:3089} INFO - Sync 1 DAGs
[2025-11-12T08:52:39.257+0530] {logging_mixin.py:188} INFO - [2025-11-12T08:52:39.256+0530] {dag.py:3947} INFO - Setting next_dagrun for example_weekday_branch_operator to 2025-11-11 00:00:00+00:00, run_after=2025-11-12 00:00:00+00:00
[2025-11-12T08:52:39.279+0530] {processor.py:183} INFO - Processing /home/logi/txtai/venv/lib/python3.10/site-packages/airflow/example_dags/example_branch_day_of_week_operator.py took 0.112 seconds
[2025-11-12T08:53:40.587+0530] {processor.py:161} INFO - Started process (PID=22722) to work on /home/logi/txtai/venv/lib/python3.10/site-packages/airflow/example_dags/example_branch_day_of_week_operator.py
[2025-11-12T08:53:40.601+0530] {processor.py:830} INFO - Processing file /home/logi/txtai/venv/lib/python3.10/site-packages/airflow/example_dags/example_branch_day_of_week_operator.py for tasks to queue
[2025-11-12T08:53:40.604+0530] {logging_mixin.py:188} INFO - [2025-11-12T08:53:40.603+0530] {dagbag.py:545} INFO - Filling up the DagBag from /home/logi/txtai/venv/lib/python3.10/site-packages/airflow/example_dags/example_branch_day_of_week_operator.py
[2025-11-12T08:53:40.617+0530] {processor.py:840} INFO - DAG(s) 'example_weekday_branch_operator' retrieved from /home/logi/txtai/venv/lib/python3.10/site-packages/airflow/example_dags/example_branch_day_of_week_operator.py
[2025-11-12T08:53:40.648+0530] {logging_mixin.py:188} INFO - [2025-11-12T08:53:40.648+0530] {dag.py:3089} INFO - Sync 1 DAGs
[2025-11-12T08:53:40.668+0530] {logging_mixin.py:188} INFO - [2025-11-12T08:53:40.667+0530] {dag.py:3947} INFO - Setting next_dagrun for example_weekday_branch_operator to 2025-11-11 00:00:00+00:00, run_after=2025-11-12 00:00:00+00:00
[2025-11-12T08:53:40.695+0530] {processor.py:183} INFO - Processing /home/logi/txtai/venv/lib/python3.10/site-packages/airflow/example_dags/example_branch_day_of_week_operator.py took 0.120 seconds
[2025-11-12T08:55:04.742+0530] {processor.py:161} INFO - Started process (PID=23200) to work on /home/logi/txtai/venv/lib/python3.10/site-packages/airflow/example_dags/example_branch_day_of_week_operator.py
[2025-11-12T08:55:04.755+0530] {processor.py:830} INFO - Processing file /home/logi/txtai/venv/lib/python3.10/site-packages/airflow/example_dags/example_branch_day_of_week_operator.py for tasks to queue
[2025-11-12T08:55:04.759+0530] {logging_mixin.py:188} INFO - [2025-11-12T08:55:04.758+0530] {dagbag.py:545} INFO - Filling up the DagBag from /home/logi/txtai/venv/lib/python3.10/site-packages/airflow/example_dags/example_branch_day_of_week_operator.py
[2025-11-12T08:55:04.771+0530] {processor.py:840} INFO - DAG(s) 'example_weekday_branch_operator' retrieved from /home/logi/txtai/venv/lib/python3.10/site-packages/airflow/example_dags/example_branch_day_of_week_operator.py
[2025-11-12T08:55:04.800+0530] {logging_mixin.py:188} INFO - [2025-11-12T08:55:04.799+0530] {dag.py:3089} INFO - Sync 1 DAGs
[2025-11-12T08:55:04.819+0530] {logging_mixin.py:188} INFO - [2025-11-12T08:55:04.818+0530] {dag.py:3947} INFO - Setting next_dagrun for example_weekday_branch_operator to 2025-11-11 00:00:00+00:00, run_after=2025-11-12 00:00:00+00:00
[2025-11-12T08:55:04.841+0530] {processor.py:183} INFO - Processing /home/logi/txtai/venv/lib/python3.10/site-packages/airflow/example_dags/example_branch_day_of_week_operator.py took 0.111 seconds
[2025-11-12T08:56:23.734+0530] {processor.py:161} INFO - Started process (PID=23341) to work on /home/logi/txtai/venv/lib/python3.10/site-packages/airflow/example_dags/example_branch_day_of_week_operator.py
[2025-11-12T08:56:23.747+0530] {processor.py:830} INFO - Processing file /home/logi/txtai/venv/lib/python3.10/site-packages/airflow/example_dags/example_branch_day_of_week_operator.py for tasks to queue
[2025-11-12T08:56:23.750+0530] {logging_mixin.py:188} INFO - [2025-11-12T08:56:23.750+0530] {dagbag.py:545} INFO - Filling up the DagBag from /home/logi/txtai/venv/lib/python3.10/site-packages/airflow/example_dags/example_branch_day_of_week_operator.py
[2025-11-12T08:56:23.762+0530] {processor.py:840} INFO - DAG(s) 'example_weekday_branch_operator' retrieved from /home/logi/txtai/venv/lib/python3.10/site-packages/airflow/example_dags/example_branch_day_of_week_operator.py
[2025-11-12T08:56:23.788+0530] {logging_mixin.py:188} INFO - [2025-11-12T08:56:23.787+0530] {dag.py:3089} INFO - Sync 1 DAGs
[2025-11-12T08:56:23.808+0530] {logging_mixin.py:188} INFO - [2025-11-12T08:56:23.808+0530] {dag.py:3947} INFO - Setting next_dagrun for example_weekday_branch_operator to 2025-11-11 00:00:00+00:00, run_after=2025-11-12 00:00:00+00:00
[2025-11-12T08:56:23.835+0530] {processor.py:183} INFO - Processing /home/logi/txtai/venv/lib/python3.10/site-packages/airflow/example_dags/example_branch_day_of_week_operator.py took 0.115 seconds
[2025-11-12T08:57:24.266+0530] {processor.py:161} INFO - Started process (PID=23478) to work on /home/logi/txtai/venv/lib/python3.10/site-packages/airflow/example_dags/example_branch_day_of_week_operator.py
[2025-11-12T08:57:24.280+0530] {processor.py:830} INFO - Processing file /home/logi/txtai/venv/lib/python3.10/site-packages/airflow/example_dags/example_branch_day_of_week_operator.py for tasks to queue
[2025-11-12T08:57:24.283+0530] {logging_mixin.py:188} INFO - [2025-11-12T08:57:24.283+0530] {dagbag.py:545} INFO - Filling up the DagBag from /home/logi/txtai/venv/lib/python3.10/site-packages/airflow/example_dags/example_branch_day_of_week_operator.py
[2025-11-12T08:57:24.298+0530] {processor.py:840} INFO - DAG(s) 'example_weekday_branch_operator' retrieved from /home/logi/txtai/venv/lib/python3.10/site-packages/airflow/example_dags/example_branch_day_of_week_operator.py
[2025-11-12T08:57:24.331+0530] {logging_mixin.py:188} INFO - [2025-11-12T08:57:24.330+0530] {dag.py:3089} INFO - Sync 1 DAGs
[2025-11-12T08:57:24.358+0530] {logging_mixin.py:188} INFO - [2025-11-12T08:57:24.357+0530] {dag.py:3947} INFO - Setting next_dagrun for example_weekday_branch_operator to 2025-11-11 00:00:00+00:00, run_after=2025-11-12 00:00:00+00:00
[2025-11-12T08:57:24.384+0530] {processor.py:183} INFO - Processing /home/logi/txtai/venv/lib/python3.10/site-packages/airflow/example_dags/example_branch_day_of_week_operator.py took 0.129 seconds
[2025-11-12T08:58:29.695+0530] {processor.py:161} INFO - Started process (PID=23653) to work on /home/logi/txtai/venv/lib/python3.10/site-packages/airflow/example_dags/example_branch_day_of_week_operator.py
[2025-11-12T08:58:29.708+0530] {processor.py:830} INFO - Processing file /home/logi/txtai/venv/lib/python3.10/site-packages/airflow/example_dags/example_branch_day_of_week_operator.py for tasks to queue
[2025-11-12T08:58:29.712+0530] {logging_mixin.py:188} INFO - [2025-11-12T08:58:29.711+0530] {dagbag.py:545} INFO - Filling up the DagBag from /home/logi/txtai/venv/lib/python3.10/site-packages/airflow/example_dags/example_branch_day_of_week_operator.py
[2025-11-12T08:58:29.725+0530] {processor.py:840} INFO - DAG(s) 'example_weekday_branch_operator' retrieved from /home/logi/txtai/venv/lib/python3.10/site-packages/airflow/example_dags/example_branch_day_of_week_operator.py
[2025-11-12T08:58:29.758+0530] {logging_mixin.py:188} INFO - [2025-11-12T08:58:29.758+0530] {dag.py:3089} INFO - Sync 1 DAGs
[2025-11-12T08:58:29.786+0530] {logging_mixin.py:188} INFO - [2025-11-12T08:58:29.786+0530] {dag.py:3947} INFO - Setting next_dagrun for example_weekday_branch_operator to 2025-11-11 00:00:00+00:00, run_after=2025-11-12 00:00:00+00:00
[2025-11-12T08:58:29.816+0530] {processor.py:183} INFO - Processing /home/logi/txtai/venv/lib/python3.10/site-packages/airflow/example_dags/example_branch_day_of_week_operator.py took 0.132 seconds
[2025-11-12T08:59:38.482+0530] {processor.py:161} INFO - Started process (PID=23804) to work on /home/logi/txtai/venv/lib/python3.10/site-packages/airflow/example_dags/example_branch_day_of_week_operator.py
[2025-11-12T08:59:38.498+0530] {processor.py:830} INFO - Processing file /home/logi/txtai/venv/lib/python3.10/site-packages/airflow/example_dags/example_branch_day_of_week_operator.py for tasks to queue
[2025-11-12T08:59:38.502+0530] {logging_mixin.py:188} INFO - [2025-11-12T08:59:38.501+0530] {dagbag.py:545} INFO - Filling up the DagBag from /home/logi/txtai/venv/lib/python3.10/site-packages/airflow/example_dags/example_branch_day_of_week_operator.py
[2025-11-12T08:59:38.523+0530] {processor.py:840} INFO - DAG(s) 'example_weekday_branch_operator' retrieved from /home/logi/txtai/venv/lib/python3.10/site-packages/airflow/example_dags/example_branch_day_of_week_operator.py
[2025-11-12T08:59:38.560+0530] {logging_mixin.py:188} INFO - [2025-11-12T08:59:38.560+0530] {dag.py:3089} INFO - Sync 1 DAGs
[2025-11-12T08:59:38.655+0530] {logging_mixin.py:188} INFO - [2025-11-12T08:59:38.653+0530] {dag.py:3947} INFO - Setting next_dagrun for example_weekday_branch_operator to 2025-11-11 00:00:00+00:00, run_after=2025-11-12 00:00:00+00:00
[2025-11-12T08:59:38.797+0530] {processor.py:183} INFO - Processing /home/logi/txtai/venv/lib/python3.10/site-packages/airflow/example_dags/example_branch_day_of_week_operator.py took 0.331 seconds
[2025-11-12T09:00:56.727+0530] {processor.py:161} INFO - Started process (PID=24405) to work on /home/logi/txtai/venv/lib/python3.10/site-packages/airflow/example_dags/example_branch_day_of_week_operator.py
[2025-11-12T09:00:56.741+0530] {processor.py:830} INFO - Processing file /home/logi/txtai/venv/lib/python3.10/site-packages/airflow/example_dags/example_branch_day_of_week_operator.py for tasks to queue
[2025-11-12T09:00:56.744+0530] {logging_mixin.py:188} INFO - [2025-11-12T09:00:56.743+0530] {dagbag.py:545} INFO - Filling up the DagBag from /home/logi/txtai/venv/lib/python3.10/site-packages/airflow/example_dags/example_branch_day_of_week_operator.py
[2025-11-12T09:00:56.756+0530] {processor.py:840} INFO - DAG(s) 'example_weekday_branch_operator' retrieved from /home/logi/txtai/venv/lib/python3.10/site-packages/airflow/example_dags/example_branch_day_of_week_operator.py
[2025-11-12T09:00:56.785+0530] {logging_mixin.py:188} INFO - [2025-11-12T09:00:56.785+0530] {dag.py:3089} INFO - Sync 1 DAGs
[2025-11-12T09:00:56.806+0530] {logging_mixin.py:188} INFO - [2025-11-12T09:00:56.806+0530] {dag.py:3947} INFO - Setting next_dagrun for example_weekday_branch_operator to 2025-11-11 00:00:00+00:00, run_after=2025-11-12 00:00:00+00:00
[2025-11-12T09:00:56.831+0530] {processor.py:183} INFO - Processing /home/logi/txtai/venv/lib/python3.10/site-packages/airflow/example_dags/example_branch_day_of_week_operator.py took 0.116 seconds
[2025-11-12T09:02:24.864+0530] {processor.py:161} INFO - Started process (PID=24775) to work on /home/logi/txtai/venv/lib/python3.10/site-packages/airflow/example_dags/example_branch_day_of_week_operator.py
[2025-11-12T09:02:24.878+0530] {processor.py:830} INFO - Processing file /home/logi/txtai/venv/lib/python3.10/site-packages/airflow/example_dags/example_branch_day_of_week_operator.py for tasks to queue
[2025-11-12T09:02:24.881+0530] {logging_mixin.py:188} INFO - [2025-11-12T09:02:24.881+0530] {dagbag.py:545} INFO - Filling up the DagBag from /home/logi/txtai/venv/lib/python3.10/site-packages/airflow/example_dags/example_branch_day_of_week_operator.py
[2025-11-12T09:02:24.894+0530] {processor.py:840} INFO - DAG(s) 'example_weekday_branch_operator' retrieved from /home/logi/txtai/venv/lib/python3.10/site-packages/airflow/example_dags/example_branch_day_of_week_operator.py
[2025-11-12T09:02:24.922+0530] {logging_mixin.py:188} INFO - [2025-11-12T09:02:24.921+0530] {dag.py:3089} INFO - Sync 1 DAGs
[2025-11-12T09:02:24.943+0530] {logging_mixin.py:188} INFO - [2025-11-12T09:02:24.942+0530] {dag.py:3947} INFO - Setting next_dagrun for example_weekday_branch_operator to 2025-11-11 00:00:00+00:00, run_after=2025-11-12 00:00:00+00:00
[2025-11-12T09:02:24.962+0530] {processor.py:183} INFO - Processing /home/logi/txtai/venv/lib/python3.10/site-packages/airflow/example_dags/example_branch_day_of_week_operator.py took 0.109 seconds
[2025-11-12T09:03:53.794+0530] {processor.py:161} INFO - Started process (PID=25304) to work on /home/logi/txtai/venv/lib/python3.10/site-packages/airflow/example_dags/example_branch_day_of_week_operator.py
[2025-11-12T09:03:53.807+0530] {processor.py:830} INFO - Processing file /home/logi/txtai/venv/lib/python3.10/site-packages/airflow/example_dags/example_branch_day_of_week_operator.py for tasks to queue
[2025-11-12T09:03:53.810+0530] {logging_mixin.py:188} INFO - [2025-11-12T09:03:53.810+0530] {dagbag.py:545} INFO - Filling up the DagBag from /home/logi/txtai/venv/lib/python3.10/site-packages/airflow/example_dags/example_branch_day_of_week_operator.py
[2025-11-12T09:03:53.823+0530] {processor.py:840} INFO - DAG(s) 'example_weekday_branch_operator' retrieved from /home/logi/txtai/venv/lib/python3.10/site-packages/airflow/example_dags/example_branch_day_of_week_operator.py
[2025-11-12T09:03:53.850+0530] {logging_mixin.py:188} INFO - [2025-11-12T09:03:53.850+0530] {dag.py:3089} INFO - Sync 1 DAGs
[2025-11-12T09:03:53.871+0530] {logging_mixin.py:188} INFO - [2025-11-12T09:03:53.870+0530] {dag.py:3947} INFO - Setting next_dagrun for example_weekday_branch_operator to 2025-11-11 00:00:00+00:00, run_after=2025-11-12 00:00:00+00:00
[2025-11-12T09:03:53.897+0530] {processor.py:183} INFO - Processing /home/logi/txtai/venv/lib/python3.10/site-packages/airflow/example_dags/example_branch_day_of_week_operator.py took 0.114 seconds
[2025-11-12T09:04:53.341+0530] {processor.py:161} INFO - Started process (PID=25745) to work on /home/logi/txtai/venv/lib/python3.10/site-packages/airflow/example_dags/example_branch_day_of_week_operator.py
[2025-11-12T09:04:53.353+0530] {processor.py:830} INFO - Processing file /home/logi/txtai/venv/lib/python3.10/site-packages/airflow/example_dags/example_branch_day_of_week_operator.py for tasks to queue
[2025-11-12T09:04:53.355+0530] {logging_mixin.py:188} INFO - [2025-11-12T09:04:53.354+0530] {dagbag.py:545} INFO - Filling up the DagBag from /home/logi/txtai/venv/lib/python3.10/site-packages/airflow/example_dags/example_branch_day_of_week_operator.py
[2025-11-12T09:04:53.361+0530] {processor.py:840} INFO - DAG(s) 'example_weekday_branch_operator' retrieved from /home/logi/txtai/venv/lib/python3.10/site-packages/airflow/example_dags/example_branch_day_of_week_operator.py
[2025-11-12T09:04:53.376+0530] {logging_mixin.py:188} INFO - [2025-11-12T09:04:53.376+0530] {dag.py:3089} INFO - Sync 1 DAGs
[2025-11-12T09:04:53.392+0530] {logging_mixin.py:188} INFO - [2025-11-12T09:04:53.391+0530] {dag.py:3947} INFO - Setting next_dagrun for example_weekday_branch_operator to 2025-11-11 00:00:00+00:00, run_after=2025-11-12 00:00:00+00:00
[2025-11-12T09:04:53.410+0530] {processor.py:183} INFO - Processing /home/logi/txtai/venv/lib/python3.10/site-packages/airflow/example_dags/example_branch_day_of_week_operator.py took 0.075 seconds
[2025-11-12T09:06:23.593+0530] {processor.py:161} INFO - Started process (PID=26723) to work on /home/logi/txtai/venv/lib/python3.10/site-packages/airflow/example_dags/example_branch_day_of_week_operator.py
[2025-11-12T09:06:23.606+0530] {processor.py:830} INFO - Processing file /home/logi/txtai/venv/lib/python3.10/site-packages/airflow/example_dags/example_branch_day_of_week_operator.py for tasks to queue
[2025-11-12T09:06:23.609+0530] {logging_mixin.py:188} INFO - [2025-11-12T09:06:23.608+0530] {dagbag.py:545} INFO - Filling up the DagBag from /home/logi/txtai/venv/lib/python3.10/site-packages/airflow/example_dags/example_branch_day_of_week_operator.py
[2025-11-12T09:06:23.622+0530] {processor.py:840} INFO - DAG(s) 'example_weekday_branch_operator' retrieved from /home/logi/txtai/venv/lib/python3.10/site-packages/airflow/example_dags/example_branch_day_of_week_operator.py
[2025-11-12T09:06:23.648+0530] {logging_mixin.py:188} INFO - [2025-11-12T09:06:23.647+0530] {dag.py:3089} INFO - Sync 1 DAGs
[2025-11-12T09:06:23.666+0530] {logging_mixin.py:188} INFO - [2025-11-12T09:06:23.666+0530] {dag.py:3947} INFO - Setting next_dagrun for example_weekday_branch_operator to 2025-11-11 00:00:00+00:00, run_after=2025-11-12 00:00:00+00:00
[2025-11-12T09:06:23.685+0530] {processor.py:183} INFO - Processing /home/logi/txtai/venv/lib/python3.10/site-packages/airflow/example_dags/example_branch_day_of_week_operator.py took 0.104 seconds
[2025-11-12T09:07:22.525+0530] {processor.py:161} INFO - Started process (PID=27163) to work on /home/logi/txtai/venv/lib/python3.10/site-packages/airflow/example_dags/example_branch_day_of_week_operator.py
[2025-11-12T09:07:22.538+0530] {processor.py:830} INFO - Processing file /home/logi/txtai/venv/lib/python3.10/site-packages/airflow/example_dags/example_branch_day_of_week_operator.py for tasks to queue
[2025-11-12T09:07:22.541+0530] {logging_mixin.py:188} INFO - [2025-11-12T09:07:22.541+0530] {dagbag.py:545} INFO - Filling up the DagBag from /home/logi/txtai/venv/lib/python3.10/site-packages/airflow/example_dags/example_branch_day_of_week_operator.py
[2025-11-12T09:07:22.555+0530] {processor.py:840} INFO - DAG(s) 'example_weekday_branch_operator' retrieved from /home/logi/txtai/venv/lib/python3.10/site-packages/airflow/example_dags/example_branch_day_of_week_operator.py
[2025-11-12T09:07:22.583+0530] {logging_mixin.py:188} INFO - [2025-11-12T09:07:22.583+0530] {dag.py:3089} INFO - Sync 1 DAGs
[2025-11-12T09:07:22.602+0530] {logging_mixin.py:188} INFO - [2025-11-12T09:07:22.602+0530] {dag.py:3947} INFO - Setting next_dagrun for example_weekday_branch_operator to 2025-11-11 00:00:00+00:00, run_after=2025-11-12 00:00:00+00:00
[2025-11-12T09:07:22.631+0530] {processor.py:183} INFO - Processing /home/logi/txtai/venv/lib/python3.10/site-packages/airflow/example_dags/example_branch_day_of_week_operator.py took 0.116 seconds
[2025-11-12T09:08:21.545+0530] {processor.py:161} INFO - Started process (PID=27511) to work on /home/logi/txtai/venv/lib/python3.10/site-packages/airflow/example_dags/example_branch_day_of_week_operator.py
[2025-11-12T09:08:21.559+0530] {processor.py:830} INFO - Processing file /home/logi/txtai/venv/lib/python3.10/site-packages/airflow/example_dags/example_branch_day_of_week_operator.py for tasks to queue
[2025-11-12T09:08:21.562+0530] {logging_mixin.py:188} INFO - [2025-11-12T09:08:21.561+0530] {dagbag.py:545} INFO - Filling up the DagBag from /home/logi/txtai/venv/lib/python3.10/site-packages/airflow/example_dags/example_branch_day_of_week_operator.py
[2025-11-12T09:08:21.576+0530] {processor.py:840} INFO - DAG(s) 'example_weekday_branch_operator' retrieved from /home/logi/txtai/venv/lib/python3.10/site-packages/airflow/example_dags/example_branch_day_of_week_operator.py
[2025-11-12T09:08:21.612+0530] {logging_mixin.py:188} INFO - [2025-11-12T09:08:21.612+0530] {dag.py:3089} INFO - Sync 1 DAGs
[2025-11-12T09:08:21.632+0530] {logging_mixin.py:188} INFO - [2025-11-12T09:08:21.632+0530] {dag.py:3947} INFO - Setting next_dagrun for example_weekday_branch_operator to 2025-11-11 00:00:00+00:00, run_after=2025-11-12 00:00:00+00:00
[2025-11-12T09:08:21.659+0530] {processor.py:183} INFO - Processing /home/logi/txtai/venv/lib/python3.10/site-packages/airflow/example_dags/example_branch_day_of_week_operator.py took 0.125 seconds
[2025-11-12T09:09:24.301+0530] {processor.py:161} INFO - Started process (PID=27592) to work on /home/logi/txtai/venv/lib/python3.10/site-packages/airflow/example_dags/example_branch_day_of_week_operator.py
[2025-11-12T09:09:24.314+0530] {processor.py:830} INFO - Processing file /home/logi/txtai/venv/lib/python3.10/site-packages/airflow/example_dags/example_branch_day_of_week_operator.py for tasks to queue
[2025-11-12T09:09:24.317+0530] {logging_mixin.py:188} INFO - [2025-11-12T09:09:24.317+0530] {dagbag.py:545} INFO - Filling up the DagBag from /home/logi/txtai/venv/lib/python3.10/site-packages/airflow/example_dags/example_branch_day_of_week_operator.py
[2025-11-12T09:09:24.330+0530] {processor.py:840} INFO - DAG(s) 'example_weekday_branch_operator' retrieved from /home/logi/txtai/venv/lib/python3.10/site-packages/airflow/example_dags/example_branch_day_of_week_operator.py
[2025-11-12T09:09:24.359+0530] {logging_mixin.py:188} INFO - [2025-11-12T09:09:24.358+0530] {dag.py:3089} INFO - Sync 1 DAGs
[2025-11-12T09:09:24.378+0530] {logging_mixin.py:188} INFO - [2025-11-12T09:09:24.378+0530] {dag.py:3947} INFO - Setting next_dagrun for example_weekday_branch_operator to 2025-11-11 00:00:00+00:00, run_after=2025-11-12 00:00:00+00:00
[2025-11-12T09:09:24.405+0530] {processor.py:183} INFO - Processing /home/logi/txtai/venv/lib/python3.10/site-packages/airflow/example_dags/example_branch_day_of_week_operator.py took 0.116 seconds
[2025-11-12T09:10:31.453+0530] {processor.py:161} INFO - Started process (PID=27838) to work on /home/logi/txtai/venv/lib/python3.10/site-packages/airflow/example_dags/example_branch_day_of_week_operator.py
[2025-11-12T09:10:31.466+0530] {processor.py:830} INFO - Processing file /home/logi/txtai/venv/lib/python3.10/site-packages/airflow/example_dags/example_branch_day_of_week_operator.py for tasks to queue
[2025-11-12T09:10:31.471+0530] {logging_mixin.py:188} INFO - [2025-11-12T09:10:31.470+0530] {dagbag.py:545} INFO - Filling up the DagBag from /home/logi/txtai/venv/lib/python3.10/site-packages/airflow/example_dags/example_branch_day_of_week_operator.py
[2025-11-12T09:10:31.493+0530] {processor.py:840} INFO - DAG(s) 'example_weekday_branch_operator' retrieved from /home/logi/txtai/venv/lib/python3.10/site-packages/airflow/example_dags/example_branch_day_of_week_operator.py
[2025-11-12T09:10:31.533+0530] {logging_mixin.py:188} INFO - [2025-11-12T09:10:31.533+0530] {dag.py:3089} INFO - Sync 1 DAGs
[2025-11-12T09:10:31.557+0530] {logging_mixin.py:188} INFO - [2025-11-12T09:10:31.557+0530] {dag.py:3947} INFO - Setting next_dagrun for example_weekday_branch_operator to 2025-11-11 00:00:00+00:00, run_after=2025-11-12 00:00:00+00:00
[2025-11-12T09:10:31.607+0530] {processor.py:183} INFO - Processing /home/logi/txtai/venv/lib/python3.10/site-packages/airflow/example_dags/example_branch_day_of_week_operator.py took 0.167 seconds
[2025-11-12T09:11:38.681+0530] {processor.py:161} INFO - Started process (PID=28005) to work on /home/logi/txtai/venv/lib/python3.10/site-packages/airflow/example_dags/example_branch_day_of_week_operator.py
[2025-11-12T09:11:38.697+0530] {processor.py:830} INFO - Processing file /home/logi/txtai/venv/lib/python3.10/site-packages/airflow/example_dags/example_branch_day_of_week_operator.py for tasks to queue
[2025-11-12T09:11:38.701+0530] {logging_mixin.py:188} INFO - [2025-11-12T09:11:38.700+0530] {dagbag.py:545} INFO - Filling up the DagBag from /home/logi/txtai/venv/lib/python3.10/site-packages/airflow/example_dags/example_branch_day_of_week_operator.py
[2025-11-12T09:11:38.718+0530] {processor.py:840} INFO - DAG(s) 'example_weekday_branch_operator' retrieved from /home/logi/txtai/venv/lib/python3.10/site-packages/airflow/example_dags/example_branch_day_of_week_operator.py
[2025-11-12T09:11:38.756+0530] {logging_mixin.py:188} INFO - [2025-11-12T09:11:38.755+0530] {dag.py:3089} INFO - Sync 1 DAGs
[2025-11-12T09:11:38.782+0530] {logging_mixin.py:188} INFO - [2025-11-12T09:11:38.781+0530] {dag.py:3947} INFO - Setting next_dagrun for example_weekday_branch_operator to 2025-11-11 00:00:00+00:00, run_after=2025-11-12 00:00:00+00:00
[2025-11-12T09:11:38.816+0530] {processor.py:183} INFO - Processing /home/logi/txtai/venv/lib/python3.10/site-packages/airflow/example_dags/example_branch_day_of_week_operator.py took 0.147 seconds
[2025-11-12T09:12:43.228+0530] {processor.py:161} INFO - Started process (PID=28152) to work on /home/logi/txtai/venv/lib/python3.10/site-packages/airflow/example_dags/example_branch_day_of_week_operator.py
[2025-11-12T09:12:43.241+0530] {processor.py:830} INFO - Processing file /home/logi/txtai/venv/lib/python3.10/site-packages/airflow/example_dags/example_branch_day_of_week_operator.py for tasks to queue
[2025-11-12T09:12:43.243+0530] {logging_mixin.py:188} INFO - [2025-11-12T09:12:43.243+0530] {dagbag.py:545} INFO - Filling up the DagBag from /home/logi/txtai/venv/lib/python3.10/site-packages/airflow/example_dags/example_branch_day_of_week_operator.py
[2025-11-12T09:12:43.252+0530] {processor.py:840} INFO - DAG(s) 'example_weekday_branch_operator' retrieved from /home/logi/txtai/venv/lib/python3.10/site-packages/airflow/example_dags/example_branch_day_of_week_operator.py
[2025-11-12T09:12:43.269+0530] {logging_mixin.py:188} INFO - [2025-11-12T09:12:43.269+0530] {dag.py:3089} INFO - Sync 1 DAGs
[2025-11-12T09:12:43.288+0530] {logging_mixin.py:188} INFO - [2025-11-12T09:12:43.287+0530] {dag.py:3947} INFO - Setting next_dagrun for example_weekday_branch_operator to 2025-11-11 00:00:00+00:00, run_after=2025-11-12 00:00:00+00:00
[2025-11-12T09:12:43.308+0530] {processor.py:183} INFO - Processing /home/logi/txtai/venv/lib/python3.10/site-packages/airflow/example_dags/example_branch_day_of_week_operator.py took 0.088 seconds
[2025-11-12T09:13:43.717+0530] {processor.py:161} INFO - Started process (PID=28343) to work on /home/logi/txtai/venv/lib/python3.10/site-packages/airflow/example_dags/example_branch_day_of_week_operator.py
[2025-11-12T09:13:43.730+0530] {processor.py:830} INFO - Processing file /home/logi/txtai/venv/lib/python3.10/site-packages/airflow/example_dags/example_branch_day_of_week_operator.py for tasks to queue
[2025-11-12T09:13:43.734+0530] {logging_mixin.py:188} INFO - [2025-11-12T09:13:43.733+0530] {dagbag.py:545} INFO - Filling up the DagBag from /home/logi/txtai/venv/lib/python3.10/site-packages/airflow/example_dags/example_branch_day_of_week_operator.py
[2025-11-12T09:13:43.747+0530] {processor.py:840} INFO - DAG(s) 'example_weekday_branch_operator' retrieved from /home/logi/txtai/venv/lib/python3.10/site-packages/airflow/example_dags/example_branch_day_of_week_operator.py
[2025-11-12T09:13:43.772+0530] {logging_mixin.py:188} INFO - [2025-11-12T09:13:43.772+0530] {dag.py:3089} INFO - Sync 1 DAGs
[2025-11-12T09:13:43.789+0530] {logging_mixin.py:188} INFO - [2025-11-12T09:13:43.789+0530] {dag.py:3947} INFO - Setting next_dagrun for example_weekday_branch_operator to 2025-11-11 00:00:00+00:00, run_after=2025-11-12 00:00:00+00:00
[2025-11-12T09:13:43.809+0530] {processor.py:183} INFO - Processing /home/logi/txtai/venv/lib/python3.10/site-packages/airflow/example_dags/example_branch_day_of_week_operator.py took 0.100 seconds
[2025-11-12T09:14:43.894+0530] {processor.py:161} INFO - Started process (PID=28485) to work on /home/logi/txtai/venv/lib/python3.10/site-packages/airflow/example_dags/example_branch_day_of_week_operator.py
[2025-11-12T09:14:43.907+0530] {processor.py:830} INFO - Processing file /home/logi/txtai/venv/lib/python3.10/site-packages/airflow/example_dags/example_branch_day_of_week_operator.py for tasks to queue
[2025-11-12T09:14:43.910+0530] {logging_mixin.py:188} INFO - [2025-11-12T09:14:43.910+0530] {dagbag.py:545} INFO - Filling up the DagBag from /home/logi/txtai/venv/lib/python3.10/site-packages/airflow/example_dags/example_branch_day_of_week_operator.py
[2025-11-12T09:14:43.923+0530] {processor.py:840} INFO - DAG(s) 'example_weekday_branch_operator' retrieved from /home/logi/txtai/venv/lib/python3.10/site-packages/airflow/example_dags/example_branch_day_of_week_operator.py
[2025-11-12T09:14:43.951+0530] {logging_mixin.py:188} INFO - [2025-11-12T09:14:43.951+0530] {dag.py:3089} INFO - Sync 1 DAGs
[2025-11-12T09:14:43.969+0530] {logging_mixin.py:188} INFO - [2025-11-12T09:14:43.969+0530] {dag.py:3947} INFO - Setting next_dagrun for example_weekday_branch_operator to 2025-11-11 00:00:00+00:00, run_after=2025-11-12 00:00:00+00:00
[2025-11-12T09:14:43.988+0530] {processor.py:183} INFO - Processing /home/logi/txtai/venv/lib/python3.10/site-packages/airflow/example_dags/example_branch_day_of_week_operator.py took 0.105 seconds
[2025-11-12T09:16:02.080+0530] {processor.py:161} INFO - Started process (PID=28991) to work on /home/logi/txtai/venv/lib/python3.10/site-packages/airflow/example_dags/example_branch_day_of_week_operator.py
[2025-11-12T09:16:02.093+0530] {processor.py:830} INFO - Processing file /home/logi/txtai/venv/lib/python3.10/site-packages/airflow/example_dags/example_branch_day_of_week_operator.py for tasks to queue
[2025-11-12T09:16:02.096+0530] {logging_mixin.py:188} INFO - [2025-11-12T09:16:02.096+0530] {dagbag.py:545} INFO - Filling up the DagBag from /home/logi/txtai/venv/lib/python3.10/site-packages/airflow/example_dags/example_branch_day_of_week_operator.py
[2025-11-12T09:16:02.109+0530] {processor.py:840} INFO - DAG(s) 'example_weekday_branch_operator' retrieved from /home/logi/txtai/venv/lib/python3.10/site-packages/airflow/example_dags/example_branch_day_of_week_operator.py
[2025-11-12T09:16:02.134+0530] {logging_mixin.py:188} INFO - [2025-11-12T09:16:02.133+0530] {dag.py:3089} INFO - Sync 1 DAGs
[2025-11-12T09:16:02.153+0530] {logging_mixin.py:188} INFO - [2025-11-12T09:16:02.153+0530] {dag.py:3947} INFO - Setting next_dagrun for example_weekday_branch_operator to 2025-11-11 00:00:00+00:00, run_after=2025-11-12 00:00:00+00:00
[2025-11-12T09:16:02.268+0530] {processor.py:183} INFO - Processing /home/logi/txtai/venv/lib/python3.10/site-packages/airflow/example_dags/example_branch_day_of_week_operator.py took 0.198 seconds
[2025-11-12T09:17:18.338+0530] {processor.py:161} INFO - Started process (PID=29549) to work on /home/logi/txtai/venv/lib/python3.10/site-packages/airflow/example_dags/example_branch_day_of_week_operator.py
[2025-11-12T09:17:18.351+0530] {processor.py:830} INFO - Processing file /home/logi/txtai/venv/lib/python3.10/site-packages/airflow/example_dags/example_branch_day_of_week_operator.py for tasks to queue
[2025-11-12T09:17:18.355+0530] {logging_mixin.py:188} INFO - [2025-11-12T09:17:18.354+0530] {dagbag.py:545} INFO - Filling up the DagBag from /home/logi/txtai/venv/lib/python3.10/site-packages/airflow/example_dags/example_branch_day_of_week_operator.py
[2025-11-12T09:17:18.367+0530] {processor.py:840} INFO - DAG(s) 'example_weekday_branch_operator' retrieved from /home/logi/txtai/venv/lib/python3.10/site-packages/airflow/example_dags/example_branch_day_of_week_operator.py
[2025-11-12T09:17:18.392+0530] {logging_mixin.py:188} INFO - [2025-11-12T09:17:18.392+0530] {dag.py:3089} INFO - Sync 1 DAGs
[2025-11-12T09:17:18.412+0530] {logging_mixin.py:188} INFO - [2025-11-12T09:17:18.412+0530] {dag.py:3947} INFO - Setting next_dagrun for example_weekday_branch_operator to 2025-11-11 00:00:00+00:00, run_after=2025-11-12 00:00:00+00:00
[2025-11-12T09:17:18.429+0530] {processor.py:183} INFO - Processing /home/logi/txtai/venv/lib/python3.10/site-packages/airflow/example_dags/example_branch_day_of_week_operator.py took 0.101 seconds
