[2025-11-12T06:03:44.563+0530] {processor.py:161} INFO - Started process (PID=5902) to work on /home/logi/txtai/venv/lib/python3.10/site-packages/airflow/example_dags/example_sensors.py
[2025-11-12T06:03:44.565+0530] {processor.py:830} INFO - Processing file /home/logi/txtai/venv/lib/python3.10/site-packages/airflow/example_dags/example_sensors.py for tasks to queue
[2025-11-12T06:03:44.567+0530] {logging_mixin.py:188} INFO - [2025-11-12T06:03:44.567+0530] {dagbag.py:545} INFO - Filling up the DagBag from /home/logi/txtai/venv/lib/python3.10/site-packages/airflow/example_dags/example_sensors.py
[2025-11-12T06:03:44.582+0530] {processor.py:840} INFO - DAG(s) 'example_sensors' retrieved from /home/logi/txtai/venv/lib/python3.10/site-packages/airflow/example_dags/example_sensors.py
[2025-11-12T06:03:44.601+0530] {logging_mixin.py:188} INFO - [2025-11-12T06:03:44.601+0530] {dag.py:3089} INFO - Sync 1 DAGs
[2025-11-12T06:03:44.610+0530] {logging_mixin.py:188} INFO - [2025-11-12T06:03:44.610+0530] {dag.py:3947} INFO - Setting next_dagrun for example_sensors to None, run_after=None
[2025-11-12T06:03:44.639+0530] {processor.py:183} INFO - Processing /home/logi/txtai/venv/lib/python3.10/site-packages/airflow/example_dags/example_sensors.py took 0.087 seconds
[2025-11-12T06:04:57.089+0530] {processor.py:161} INFO - Started process (PID=6189) to work on /home/logi/txtai/venv/lib/python3.10/site-packages/airflow/example_dags/example_sensors.py
[2025-11-12T06:04:57.102+0530] {processor.py:830} INFO - Processing file /home/logi/txtai/venv/lib/python3.10/site-packages/airflow/example_dags/example_sensors.py for tasks to queue
[2025-11-12T06:04:57.105+0530] {logging_mixin.py:188} INFO - [2025-11-12T06:04:57.105+0530] {dagbag.py:545} INFO - Filling up the DagBag from /home/logi/txtai/venv/lib/python3.10/site-packages/airflow/example_dags/example_sensors.py
[2025-11-12T06:04:57.121+0530] {processor.py:840} INFO - DAG(s) 'example_sensors' retrieved from /home/logi/txtai/venv/lib/python3.10/site-packages/airflow/example_dags/example_sensors.py
[2025-11-12T06:04:57.151+0530] {logging_mixin.py:188} INFO - [2025-11-12T06:04:57.151+0530] {dag.py:3089} INFO - Sync 1 DAGs
[2025-11-12T06:04:57.161+0530] {logging_mixin.py:188} INFO - [2025-11-12T06:04:57.160+0530] {dag.py:3947} INFO - Setting next_dagrun for example_sensors to None, run_after=None
[2025-11-12T06:04:57.186+0530] {processor.py:183} INFO - Processing /home/logi/txtai/venv/lib/python3.10/site-packages/airflow/example_dags/example_sensors.py took 0.109 seconds
[2025-11-12T06:06:01.853+0530] {processor.py:161} INFO - Started process (PID=6573) to work on /home/logi/txtai/venv/lib/python3.10/site-packages/airflow/example_dags/example_sensors.py
[2025-11-12T06:06:01.866+0530] {processor.py:830} INFO - Processing file /home/logi/txtai/venv/lib/python3.10/site-packages/airflow/example_dags/example_sensors.py for tasks to queue
[2025-11-12T06:06:01.869+0530] {logging_mixin.py:188} INFO - [2025-11-12T06:06:01.868+0530] {dagbag.py:545} INFO - Filling up the DagBag from /home/logi/txtai/venv/lib/python3.10/site-packages/airflow/example_dags/example_sensors.py
[2025-11-12T06:06:01.884+0530] {processor.py:840} INFO - DAG(s) 'example_sensors' retrieved from /home/logi/txtai/venv/lib/python3.10/site-packages/airflow/example_dags/example_sensors.py
[2025-11-12T06:06:01.918+0530] {logging_mixin.py:188} INFO - [2025-11-12T06:06:01.918+0530] {dag.py:3089} INFO - Sync 1 DAGs
[2025-11-12T06:06:01.927+0530] {logging_mixin.py:188} INFO - [2025-11-12T06:06:01.926+0530] {dag.py:3947} INFO - Setting next_dagrun for example_sensors to None, run_after=None
[2025-11-12T06:06:01.944+0530] {processor.py:183} INFO - Processing /home/logi/txtai/venv/lib/python3.10/site-packages/airflow/example_dags/example_sensors.py took 0.102 seconds
[2025-11-12T06:07:00.115+0530] {processor.py:161} INFO - Started process (PID=6773) to work on /home/logi/txtai/venv/lib/python3.10/site-packages/airflow/example_dags/example_sensors.py
[2025-11-12T06:07:00.128+0530] {processor.py:830} INFO - Processing file /home/logi/txtai/venv/lib/python3.10/site-packages/airflow/example_dags/example_sensors.py for tasks to queue
[2025-11-12T06:07:00.131+0530] {logging_mixin.py:188} INFO - [2025-11-12T06:07:00.131+0530] {dagbag.py:545} INFO - Filling up the DagBag from /home/logi/txtai/venv/lib/python3.10/site-packages/airflow/example_dags/example_sensors.py
[2025-11-12T06:07:00.146+0530] {processor.py:840} INFO - DAG(s) 'example_sensors' retrieved from /home/logi/txtai/venv/lib/python3.10/site-packages/airflow/example_dags/example_sensors.py
[2025-11-12T06:07:00.178+0530] {logging_mixin.py:188} INFO - [2025-11-12T06:07:00.178+0530] {dag.py:3089} INFO - Sync 1 DAGs
[2025-11-12T06:07:00.188+0530] {logging_mixin.py:188} INFO - [2025-11-12T06:07:00.188+0530] {dag.py:3947} INFO - Setting next_dagrun for example_sensors to None, run_after=None
[2025-11-12T06:07:00.215+0530] {processor.py:183} INFO - Processing /home/logi/txtai/venv/lib/python3.10/site-packages/airflow/example_dags/example_sensors.py took 0.112 seconds
[2025-11-12T06:08:00.301+0530] {processor.py:161} INFO - Started process (PID=7143) to work on /home/logi/txtai/venv/lib/python3.10/site-packages/airflow/example_dags/example_sensors.py
[2025-11-12T06:08:00.314+0530] {processor.py:830} INFO - Processing file /home/logi/txtai/venv/lib/python3.10/site-packages/airflow/example_dags/example_sensors.py for tasks to queue
[2025-11-12T06:08:00.317+0530] {logging_mixin.py:188} INFO - [2025-11-12T06:08:00.316+0530] {dagbag.py:545} INFO - Filling up the DagBag from /home/logi/txtai/venv/lib/python3.10/site-packages/airflow/example_dags/example_sensors.py
[2025-11-12T06:08:00.331+0530] {processor.py:840} INFO - DAG(s) 'example_sensors' retrieved from /home/logi/txtai/venv/lib/python3.10/site-packages/airflow/example_dags/example_sensors.py
[2025-11-12T06:08:00.365+0530] {logging_mixin.py:188} INFO - [2025-11-12T06:08:00.364+0530] {dag.py:3089} INFO - Sync 1 DAGs
[2025-11-12T06:08:00.373+0530] {logging_mixin.py:188} INFO - [2025-11-12T06:08:00.373+0530] {dag.py:3947} INFO - Setting next_dagrun for example_sensors to None, run_after=None
[2025-11-12T06:08:00.398+0530] {processor.py:183} INFO - Processing /home/logi/txtai/venv/lib/python3.10/site-packages/airflow/example_dags/example_sensors.py took 0.107 seconds
[2025-11-12T08:08:16.030+0530] {processor.py:161} INFO - Started process (PID=10103) to work on /home/logi/txtai/venv/lib/python3.10/site-packages/airflow/example_dags/example_sensors.py
[2025-11-12T08:08:16.032+0530] {processor.py:830} INFO - Processing file /home/logi/txtai/venv/lib/python3.10/site-packages/airflow/example_dags/example_sensors.py for tasks to queue
[2025-11-12T08:08:16.037+0530] {logging_mixin.py:188} INFO - [2025-11-12T08:08:16.035+0530] {dagbag.py:545} INFO - Filling up the DagBag from /home/logi/txtai/venv/lib/python3.10/site-packages/airflow/example_dags/example_sensors.py
[2025-11-12T08:08:16.056+0530] {processor.py:840} INFO - DAG(s) 'example_sensors' retrieved from /home/logi/txtai/venv/lib/python3.10/site-packages/airflow/example_dags/example_sensors.py
[2025-11-12T08:08:16.090+0530] {logging_mixin.py:188} INFO - [2025-11-12T08:08:16.089+0530] {dag.py:3089} INFO - Sync 1 DAGs
[2025-11-12T08:08:16.103+0530] {logging_mixin.py:188} INFO - [2025-11-12T08:08:16.102+0530] {dag.py:3947} INFO - Setting next_dagrun for example_sensors to None, run_after=None
[2025-11-12T08:08:16.129+0530] {processor.py:183} INFO - Processing /home/logi/txtai/venv/lib/python3.10/site-packages/airflow/example_dags/example_sensors.py took 0.113 seconds
[2025-11-12T08:09:16.506+0530] {processor.py:161} INFO - Started process (PID=10572) to work on /home/logi/txtai/venv/lib/python3.10/site-packages/airflow/example_dags/example_sensors.py
[2025-11-12T08:09:16.520+0530] {processor.py:830} INFO - Processing file /home/logi/txtai/venv/lib/python3.10/site-packages/airflow/example_dags/example_sensors.py for tasks to queue
[2025-11-12T08:09:16.524+0530] {logging_mixin.py:188} INFO - [2025-11-12T08:09:16.523+0530] {dagbag.py:545} INFO - Filling up the DagBag from /home/logi/txtai/venv/lib/python3.10/site-packages/airflow/example_dags/example_sensors.py
[2025-11-12T08:09:16.546+0530] {processor.py:840} INFO - DAG(s) 'example_sensors' retrieved from /home/logi/txtai/venv/lib/python3.10/site-packages/airflow/example_dags/example_sensors.py
[2025-11-12T08:09:16.592+0530] {logging_mixin.py:188} INFO - [2025-11-12T08:09:16.591+0530] {dag.py:3089} INFO - Sync 1 DAGs
[2025-11-12T08:09:16.622+0530] {logging_mixin.py:188} INFO - [2025-11-12T08:09:16.621+0530] {dag.py:3947} INFO - Setting next_dagrun for example_sensors to None, run_after=None
[2025-11-12T08:09:16.696+0530] {processor.py:183} INFO - Processing /home/logi/txtai/venv/lib/python3.10/site-packages/airflow/example_dags/example_sensors.py took 0.209 seconds
[2025-11-12T08:10:15.671+0530] {processor.py:161} INFO - Started process (PID=10986) to work on /home/logi/txtai/venv/lib/python3.10/site-packages/airflow/example_dags/example_sensors.py
[2025-11-12T08:10:15.685+0530] {processor.py:830} INFO - Processing file /home/logi/txtai/venv/lib/python3.10/site-packages/airflow/example_dags/example_sensors.py for tasks to queue
[2025-11-12T08:10:15.688+0530] {logging_mixin.py:188} INFO - [2025-11-12T08:10:15.687+0530] {dagbag.py:545} INFO - Filling up the DagBag from /home/logi/txtai/venv/lib/python3.10/site-packages/airflow/example_dags/example_sensors.py
[2025-11-12T08:10:15.703+0530] {processor.py:840} INFO - DAG(s) 'example_sensors' retrieved from /home/logi/txtai/venv/lib/python3.10/site-packages/airflow/example_dags/example_sensors.py
[2025-11-12T08:10:15.738+0530] {logging_mixin.py:188} INFO - [2025-11-12T08:10:15.737+0530] {dag.py:3089} INFO - Sync 1 DAGs
[2025-11-12T08:10:15.748+0530] {logging_mixin.py:188} INFO - [2025-11-12T08:10:15.748+0530] {dag.py:3947} INFO - Setting next_dagrun for example_sensors to None, run_after=None
[2025-11-12T08:10:15.776+0530] {processor.py:183} INFO - Processing /home/logi/txtai/venv/lib/python3.10/site-packages/airflow/example_dags/example_sensors.py took 0.117 seconds
[2025-11-12T08:11:19.668+0530] {processor.py:161} INFO - Started process (PID=11169) to work on /home/logi/txtai/venv/lib/python3.10/site-packages/airflow/example_dags/example_sensors.py
[2025-11-12T08:11:19.681+0530] {processor.py:830} INFO - Processing file /home/logi/txtai/venv/lib/python3.10/site-packages/airflow/example_dags/example_sensors.py for tasks to queue
[2025-11-12T08:11:19.684+0530] {logging_mixin.py:188} INFO - [2025-11-12T08:11:19.683+0530] {dagbag.py:545} INFO - Filling up the DagBag from /home/logi/txtai/venv/lib/python3.10/site-packages/airflow/example_dags/example_sensors.py
[2025-11-12T08:11:19.693+0530] {processor.py:840} INFO - DAG(s) 'example_sensors' retrieved from /home/logi/txtai/venv/lib/python3.10/site-packages/airflow/example_dags/example_sensors.py
[2025-11-12T08:11:19.713+0530] {logging_mixin.py:188} INFO - [2025-11-12T08:11:19.713+0530] {dag.py:3089} INFO - Sync 1 DAGs
[2025-11-12T08:11:19.724+0530] {logging_mixin.py:188} INFO - [2025-11-12T08:11:19.724+0530] {dag.py:3947} INFO - Setting next_dagrun for example_sensors to None, run_after=None
[2025-11-12T08:11:19.746+0530] {processor.py:183} INFO - Processing /home/logi/txtai/venv/lib/python3.10/site-packages/airflow/example_dags/example_sensors.py took 0.084 seconds
[2025-11-12T08:12:21.283+0530] {processor.py:161} INFO - Started process (PID=11641) to work on /home/logi/txtai/venv/lib/python3.10/site-packages/airflow/example_dags/example_sensors.py
[2025-11-12T08:12:21.302+0530] {processor.py:830} INFO - Processing file /home/logi/txtai/venv/lib/python3.10/site-packages/airflow/example_dags/example_sensors.py for tasks to queue
[2025-11-12T08:12:21.308+0530] {logging_mixin.py:188} INFO - [2025-11-12T08:12:21.306+0530] {dagbag.py:545} INFO - Filling up the DagBag from /home/logi/txtai/venv/lib/python3.10/site-packages/airflow/example_dags/example_sensors.py
[2025-11-12T08:12:21.329+0530] {processor.py:840} INFO - DAG(s) 'example_sensors' retrieved from /home/logi/txtai/venv/lib/python3.10/site-packages/airflow/example_dags/example_sensors.py
[2025-11-12T08:12:21.375+0530] {logging_mixin.py:188} INFO - [2025-11-12T08:12:21.374+0530] {dag.py:3089} INFO - Sync 1 DAGs
[2025-11-12T08:12:21.403+0530] {logging_mixin.py:188} INFO - [2025-11-12T08:12:21.402+0530] {dag.py:3947} INFO - Setting next_dagrun for example_sensors to None, run_after=None
[2025-11-12T08:12:21.479+0530] {processor.py:183} INFO - Processing /home/logi/txtai/venv/lib/python3.10/site-packages/airflow/example_dags/example_sensors.py took 0.244 seconds
[2025-11-12T08:13:43.167+0530] {processor.py:161} INFO - Started process (PID=12619) to work on /home/logi/txtai/venv/lib/python3.10/site-packages/airflow/example_dags/example_sensors.py
[2025-11-12T08:13:43.180+0530] {processor.py:830} INFO - Processing file /home/logi/txtai/venv/lib/python3.10/site-packages/airflow/example_dags/example_sensors.py for tasks to queue
[2025-11-12T08:13:43.184+0530] {logging_mixin.py:188} INFO - [2025-11-12T08:13:43.183+0530] {dagbag.py:545} INFO - Filling up the DagBag from /home/logi/txtai/venv/lib/python3.10/site-packages/airflow/example_dags/example_sensors.py
[2025-11-12T08:13:43.198+0530] {processor.py:840} INFO - DAG(s) 'example_sensors' retrieved from /home/logi/txtai/venv/lib/python3.10/site-packages/airflow/example_dags/example_sensors.py
[2025-11-12T08:13:43.231+0530] {logging_mixin.py:188} INFO - [2025-11-12T08:13:43.231+0530] {dag.py:3089} INFO - Sync 1 DAGs
[2025-11-12T08:13:43.241+0530] {logging_mixin.py:188} INFO - [2025-11-12T08:13:43.241+0530] {dag.py:3947} INFO - Setting next_dagrun for example_sensors to None, run_after=None
[2025-11-12T08:13:43.269+0530] {processor.py:183} INFO - Processing /home/logi/txtai/venv/lib/python3.10/site-packages/airflow/example_dags/example_sensors.py took 0.114 seconds
[2025-11-12T08:14:41.863+0530] {processor.py:161} INFO - Started process (PID=13094) to work on /home/logi/txtai/venv/lib/python3.10/site-packages/airflow/example_dags/example_sensors.py
[2025-11-12T08:14:41.876+0530] {processor.py:830} INFO - Processing file /home/logi/txtai/venv/lib/python3.10/site-packages/airflow/example_dags/example_sensors.py for tasks to queue
[2025-11-12T08:14:41.879+0530] {logging_mixin.py:188} INFO - [2025-11-12T08:14:41.879+0530] {dagbag.py:545} INFO - Filling up the DagBag from /home/logi/txtai/venv/lib/python3.10/site-packages/airflow/example_dags/example_sensors.py
[2025-11-12T08:14:41.894+0530] {processor.py:840} INFO - DAG(s) 'example_sensors' retrieved from /home/logi/txtai/venv/lib/python3.10/site-packages/airflow/example_dags/example_sensors.py
[2025-11-12T08:14:41.928+0530] {logging_mixin.py:188} INFO - [2025-11-12T08:14:41.928+0530] {dag.py:3089} INFO - Sync 1 DAGs
[2025-11-12T08:14:41.938+0530] {logging_mixin.py:188} INFO - [2025-11-12T08:14:41.938+0530] {dag.py:3947} INFO - Setting next_dagrun for example_sensors to None, run_after=None
[2025-11-12T08:14:41.966+0530] {processor.py:183} INFO - Processing /home/logi/txtai/venv/lib/python3.10/site-packages/airflow/example_dags/example_sensors.py took 0.115 seconds
[2025-11-12T08:15:40.548+0530] {processor.py:161} INFO - Started process (PID=13585) to work on /home/logi/txtai/venv/lib/python3.10/site-packages/airflow/example_dags/example_sensors.py
[2025-11-12T08:15:40.561+0530] {processor.py:830} INFO - Processing file /home/logi/txtai/venv/lib/python3.10/site-packages/airflow/example_dags/example_sensors.py for tasks to queue
[2025-11-12T08:15:40.564+0530] {logging_mixin.py:188} INFO - [2025-11-12T08:15:40.563+0530] {dagbag.py:545} INFO - Filling up the DagBag from /home/logi/txtai/venv/lib/python3.10/site-packages/airflow/example_dags/example_sensors.py
[2025-11-12T08:15:40.579+0530] {processor.py:840} INFO - DAG(s) 'example_sensors' retrieved from /home/logi/txtai/venv/lib/python3.10/site-packages/airflow/example_dags/example_sensors.py
[2025-11-12T08:15:40.613+0530] {logging_mixin.py:188} INFO - [2025-11-12T08:15:40.613+0530] {dag.py:3089} INFO - Sync 1 DAGs
[2025-11-12T08:15:40.625+0530] {logging_mixin.py:188} INFO - [2025-11-12T08:15:40.624+0530] {dag.py:3947} INFO - Setting next_dagrun for example_sensors to None, run_after=None
[2025-11-12T08:15:40.668+0530] {processor.py:183} INFO - Processing /home/logi/txtai/venv/lib/python3.10/site-packages/airflow/example_dags/example_sensors.py took 0.132 seconds
[2025-11-12T08:16:39.759+0530] {processor.py:161} INFO - Started process (PID=14067) to work on /home/logi/txtai/venv/lib/python3.10/site-packages/airflow/example_dags/example_sensors.py
[2025-11-12T08:16:39.773+0530] {processor.py:830} INFO - Processing file /home/logi/txtai/venv/lib/python3.10/site-packages/airflow/example_dags/example_sensors.py for tasks to queue
[2025-11-12T08:16:39.776+0530] {logging_mixin.py:188} INFO - [2025-11-12T08:16:39.776+0530] {dagbag.py:545} INFO - Filling up the DagBag from /home/logi/txtai/venv/lib/python3.10/site-packages/airflow/example_dags/example_sensors.py
[2025-11-12T08:16:39.792+0530] {processor.py:840} INFO - DAG(s) 'example_sensors' retrieved from /home/logi/txtai/venv/lib/python3.10/site-packages/airflow/example_dags/example_sensors.py
[2025-11-12T08:16:39.826+0530] {logging_mixin.py:188} INFO - [2025-11-12T08:16:39.825+0530] {dag.py:3089} INFO - Sync 1 DAGs
[2025-11-12T08:16:39.836+0530] {logging_mixin.py:188} INFO - [2025-11-12T08:16:39.835+0530] {dag.py:3947} INFO - Setting next_dagrun for example_sensors to None, run_after=None
[2025-11-12T08:16:39.866+0530] {processor.py:183} INFO - Processing /home/logi/txtai/venv/lib/python3.10/site-packages/airflow/example_dags/example_sensors.py took 0.118 seconds
[2025-11-12T08:17:39.011+0530] {processor.py:161} INFO - Started process (PID=14572) to work on /home/logi/txtai/venv/lib/python3.10/site-packages/airflow/example_dags/example_sensors.py
[2025-11-12T08:17:39.024+0530] {processor.py:830} INFO - Processing file /home/logi/txtai/venv/lib/python3.10/site-packages/airflow/example_dags/example_sensors.py for tasks to queue
[2025-11-12T08:17:39.028+0530] {logging_mixin.py:188} INFO - [2025-11-12T08:17:39.027+0530] {dagbag.py:545} INFO - Filling up the DagBag from /home/logi/txtai/venv/lib/python3.10/site-packages/airflow/example_dags/example_sensors.py
[2025-11-12T08:17:39.043+0530] {processor.py:840} INFO - DAG(s) 'example_sensors' retrieved from /home/logi/txtai/venv/lib/python3.10/site-packages/airflow/example_dags/example_sensors.py
[2025-11-12T08:17:39.077+0530] {logging_mixin.py:188} INFO - [2025-11-12T08:17:39.077+0530] {dag.py:3089} INFO - Sync 1 DAGs
[2025-11-12T08:17:39.086+0530] {logging_mixin.py:188} INFO - [2025-11-12T08:17:39.086+0530] {dag.py:3947} INFO - Setting next_dagrun for example_sensors to None, run_after=None
[2025-11-12T08:17:39.109+0530] {processor.py:183} INFO - Processing /home/logi/txtai/venv/lib/python3.10/site-packages/airflow/example_dags/example_sensors.py took 0.109 seconds
[2025-11-12T08:18:47.989+0530] {processor.py:161} INFO - Started process (PID=15278) to work on /home/logi/txtai/venv/lib/python3.10/site-packages/airflow/example_dags/example_sensors.py
[2025-11-12T08:18:48.002+0530] {processor.py:830} INFO - Processing file /home/logi/txtai/venv/lib/python3.10/site-packages/airflow/example_dags/example_sensors.py for tasks to queue
[2025-11-12T08:18:48.005+0530] {logging_mixin.py:188} INFO - [2025-11-12T08:18:48.005+0530] {dagbag.py:545} INFO - Filling up the DagBag from /home/logi/txtai/venv/lib/python3.10/site-packages/airflow/example_dags/example_sensors.py
[2025-11-12T08:18:48.021+0530] {processor.py:840} INFO - DAG(s) 'example_sensors' retrieved from /home/logi/txtai/venv/lib/python3.10/site-packages/airflow/example_dags/example_sensors.py
[2025-11-12T08:18:48.051+0530] {logging_mixin.py:188} INFO - [2025-11-12T08:18:48.050+0530] {dag.py:3089} INFO - Sync 1 DAGs
[2025-11-12T08:18:48.062+0530] {logging_mixin.py:188} INFO - [2025-11-12T08:18:48.062+0530] {dag.py:3947} INFO - Setting next_dagrun for example_sensors to None, run_after=None
[2025-11-12T08:18:48.087+0530] {processor.py:183} INFO - Processing /home/logi/txtai/venv/lib/python3.10/site-packages/airflow/example_dags/example_sensors.py took 0.105 seconds
[2025-11-12T08:19:48.033+0530] {processor.py:161} INFO - Started process (PID=15769) to work on /home/logi/txtai/venv/lib/python3.10/site-packages/airflow/example_dags/example_sensors.py
[2025-11-12T08:19:48.046+0530] {processor.py:830} INFO - Processing file /home/logi/txtai/venv/lib/python3.10/site-packages/airflow/example_dags/example_sensors.py for tasks to queue
[2025-11-12T08:19:48.049+0530] {logging_mixin.py:188} INFO - [2025-11-12T08:19:48.048+0530] {dagbag.py:545} INFO - Filling up the DagBag from /home/logi/txtai/venv/lib/python3.10/site-packages/airflow/example_dags/example_sensors.py
[2025-11-12T08:19:48.057+0530] {processor.py:840} INFO - DAG(s) 'example_sensors' retrieved from /home/logi/txtai/venv/lib/python3.10/site-packages/airflow/example_dags/example_sensors.py
[2025-11-12T08:19:48.075+0530] {logging_mixin.py:188} INFO - [2025-11-12T08:19:48.075+0530] {dag.py:3089} INFO - Sync 1 DAGs
[2025-11-12T08:19:48.086+0530] {logging_mixin.py:188} INFO - [2025-11-12T08:19:48.085+0530] {dag.py:3947} INFO - Setting next_dagrun for example_sensors to None, run_after=None
[2025-11-12T08:19:48.105+0530] {processor.py:183} INFO - Processing /home/logi/txtai/venv/lib/python3.10/site-packages/airflow/example_dags/example_sensors.py took 0.084 seconds
[2025-11-12T08:20:49.413+0530] {processor.py:161} INFO - Started process (PID=16279) to work on /home/logi/txtai/venv/lib/python3.10/site-packages/airflow/example_dags/example_sensors.py
[2025-11-12T08:20:49.427+0530] {processor.py:830} INFO - Processing file /home/logi/txtai/venv/lib/python3.10/site-packages/airflow/example_dags/example_sensors.py for tasks to queue
[2025-11-12T08:20:49.430+0530] {logging_mixin.py:188} INFO - [2025-11-12T08:20:49.430+0530] {dagbag.py:545} INFO - Filling up the DagBag from /home/logi/txtai/venv/lib/python3.10/site-packages/airflow/example_dags/example_sensors.py
[2025-11-12T08:20:49.446+0530] {processor.py:840} INFO - DAG(s) 'example_sensors' retrieved from /home/logi/txtai/venv/lib/python3.10/site-packages/airflow/example_dags/example_sensors.py
[2025-11-12T08:20:49.480+0530] {logging_mixin.py:188} INFO - [2025-11-12T08:20:49.480+0530] {dag.py:3089} INFO - Sync 1 DAGs
[2025-11-12T08:20:49.490+0530] {logging_mixin.py:188} INFO - [2025-11-12T08:20:49.490+0530] {dag.py:3947} INFO - Setting next_dagrun for example_sensors to None, run_after=None
[2025-11-12T08:20:49.518+0530] {processor.py:183} INFO - Processing /home/logi/txtai/venv/lib/python3.10/site-packages/airflow/example_dags/example_sensors.py took 0.116 seconds
[2025-11-12T08:21:55.946+0530] {processor.py:161} INFO - Started process (PID=16818) to work on /home/logi/txtai/venv/lib/python3.10/site-packages/airflow/example_dags/example_sensors.py
[2025-11-12T08:21:55.961+0530] {processor.py:830} INFO - Processing file /home/logi/txtai/venv/lib/python3.10/site-packages/airflow/example_dags/example_sensors.py for tasks to queue
[2025-11-12T08:21:55.964+0530] {logging_mixin.py:188} INFO - [2025-11-12T08:21:55.963+0530] {dagbag.py:545} INFO - Filling up the DagBag from /home/logi/txtai/venv/lib/python3.10/site-packages/airflow/example_dags/example_sensors.py
[2025-11-12T08:21:55.980+0530] {processor.py:840} INFO - DAG(s) 'example_sensors' retrieved from /home/logi/txtai/venv/lib/python3.10/site-packages/airflow/example_dags/example_sensors.py
[2025-11-12T08:21:56.013+0530] {logging_mixin.py:188} INFO - [2025-11-12T08:21:56.013+0530] {dag.py:3089} INFO - Sync 1 DAGs
[2025-11-12T08:21:56.023+0530] {logging_mixin.py:188} INFO - [2025-11-12T08:21:56.023+0530] {dag.py:3947} INFO - Setting next_dagrun for example_sensors to None, run_after=None
[2025-11-12T08:21:56.051+0530] {processor.py:183} INFO - Processing /home/logi/txtai/venv/lib/python3.10/site-packages/airflow/example_dags/example_sensors.py took 0.115 seconds
[2025-11-12T08:22:57.303+0530] {processor.py:161} INFO - Started process (PID=17334) to work on /home/logi/txtai/venv/lib/python3.10/site-packages/airflow/example_dags/example_sensors.py
[2025-11-12T08:22:57.311+0530] {processor.py:830} INFO - Processing file /home/logi/txtai/venv/lib/python3.10/site-packages/airflow/example_dags/example_sensors.py for tasks to queue
[2025-11-12T08:22:57.315+0530] {logging_mixin.py:188} INFO - [2025-11-12T08:22:57.314+0530] {dagbag.py:545} INFO - Filling up the DagBag from /home/logi/txtai/venv/lib/python3.10/site-packages/airflow/example_dags/example_sensors.py
[2025-11-12T08:22:57.331+0530] {processor.py:840} INFO - DAG(s) 'example_sensors' retrieved from /home/logi/txtai/venv/lib/python3.10/site-packages/airflow/example_dags/example_sensors.py
[2025-11-12T08:22:57.361+0530] {logging_mixin.py:188} INFO - [2025-11-12T08:22:57.360+0530] {dag.py:3089} INFO - Sync 1 DAGs
[2025-11-12T08:22:57.371+0530] {logging_mixin.py:188} INFO - [2025-11-12T08:22:57.370+0530] {dag.py:3947} INFO - Setting next_dagrun for example_sensors to None, run_after=None
[2025-11-12T08:22:57.390+0530] {processor.py:183} INFO - Processing /home/logi/txtai/venv/lib/python3.10/site-packages/airflow/example_dags/example_sensors.py took 0.098 seconds
[2025-11-12T08:24:28.748+0530] {processor.py:161} INFO - Started process (PID=18093) to work on /home/logi/txtai/venv/lib/python3.10/site-packages/airflow/example_dags/example_sensors.py
[2025-11-12T08:24:28.761+0530] {processor.py:830} INFO - Processing file /home/logi/txtai/venv/lib/python3.10/site-packages/airflow/example_dags/example_sensors.py for tasks to queue
[2025-11-12T08:24:28.765+0530] {logging_mixin.py:188} INFO - [2025-11-12T08:24:28.764+0530] {dagbag.py:545} INFO - Filling up the DagBag from /home/logi/txtai/venv/lib/python3.10/site-packages/airflow/example_dags/example_sensors.py
[2025-11-12T08:24:28.781+0530] {processor.py:840} INFO - DAG(s) 'example_sensors' retrieved from /home/logi/txtai/venv/lib/python3.10/site-packages/airflow/example_dags/example_sensors.py
[2025-11-12T08:24:28.814+0530] {logging_mixin.py:188} INFO - [2025-11-12T08:24:28.813+0530] {dag.py:3089} INFO - Sync 1 DAGs
[2025-11-12T08:24:28.824+0530] {logging_mixin.py:188} INFO - [2025-11-12T08:24:28.824+0530] {dag.py:3947} INFO - Setting next_dagrun for example_sensors to None, run_after=None
[2025-11-12T08:24:28.853+0530] {processor.py:183} INFO - Processing /home/logi/txtai/venv/lib/python3.10/site-packages/airflow/example_dags/example_sensors.py took 0.116 seconds
[2025-11-12T08:25:30.147+0530] {processor.py:161} INFO - Started process (PID=18194) to work on /home/logi/txtai/venv/lib/python3.10/site-packages/airflow/example_dags/example_sensors.py
[2025-11-12T08:25:30.161+0530] {processor.py:830} INFO - Processing file /home/logi/txtai/venv/lib/python3.10/site-packages/airflow/example_dags/example_sensors.py for tasks to queue
[2025-11-12T08:25:30.163+0530] {logging_mixin.py:188} INFO - [2025-11-12T08:25:30.163+0530] {dagbag.py:545} INFO - Filling up the DagBag from /home/logi/txtai/venv/lib/python3.10/site-packages/airflow/example_dags/example_sensors.py
[2025-11-12T08:25:30.172+0530] {processor.py:840} INFO - DAG(s) 'example_sensors' retrieved from /home/logi/txtai/venv/lib/python3.10/site-packages/airflow/example_dags/example_sensors.py
[2025-11-12T08:25:30.193+0530] {logging_mixin.py:188} INFO - [2025-11-12T08:25:30.192+0530] {dag.py:3089} INFO - Sync 1 DAGs
[2025-11-12T08:25:30.203+0530] {logging_mixin.py:188} INFO - [2025-11-12T08:25:30.203+0530] {dag.py:3947} INFO - Setting next_dagrun for example_sensors to None, run_after=None
[2025-11-12T08:25:30.223+0530] {processor.py:183} INFO - Processing /home/logi/txtai/venv/lib/python3.10/site-packages/airflow/example_dags/example_sensors.py took 0.082 seconds
[2025-11-12T08:26:30.124+0530] {processor.py:161} INFO - Started process (PID=18324) to work on /home/logi/txtai/venv/lib/python3.10/site-packages/airflow/example_dags/example_sensors.py
[2025-11-12T08:26:30.137+0530] {processor.py:830} INFO - Processing file /home/logi/txtai/venv/lib/python3.10/site-packages/airflow/example_dags/example_sensors.py for tasks to queue
[2025-11-12T08:26:30.140+0530] {logging_mixin.py:188} INFO - [2025-11-12T08:26:30.140+0530] {dagbag.py:545} INFO - Filling up the DagBag from /home/logi/txtai/venv/lib/python3.10/site-packages/airflow/example_dags/example_sensors.py
[2025-11-12T08:26:30.149+0530] {processor.py:840} INFO - DAG(s) 'example_sensors' retrieved from /home/logi/txtai/venv/lib/python3.10/site-packages/airflow/example_dags/example_sensors.py
[2025-11-12T08:26:30.172+0530] {logging_mixin.py:188} INFO - [2025-11-12T08:26:30.171+0530] {dag.py:3089} INFO - Sync 1 DAGs
[2025-11-12T08:26:30.183+0530] {logging_mixin.py:188} INFO - [2025-11-12T08:26:30.182+0530] {dag.py:3947} INFO - Setting next_dagrun for example_sensors to None, run_after=None
[2025-11-12T08:26:30.202+0530] {processor.py:183} INFO - Processing /home/logi/txtai/venv/lib/python3.10/site-packages/airflow/example_dags/example_sensors.py took 0.085 seconds
[2025-11-12T08:27:34.834+0530] {processor.py:161} INFO - Started process (PID=18458) to work on /home/logi/txtai/venv/lib/python3.10/site-packages/airflow/example_dags/example_sensors.py
[2025-11-12T08:27:34.847+0530] {processor.py:830} INFO - Processing file /home/logi/txtai/venv/lib/python3.10/site-packages/airflow/example_dags/example_sensors.py for tasks to queue
[2025-11-12T08:27:34.851+0530] {logging_mixin.py:188} INFO - [2025-11-12T08:27:34.850+0530] {dagbag.py:545} INFO - Filling up the DagBag from /home/logi/txtai/venv/lib/python3.10/site-packages/airflow/example_dags/example_sensors.py
[2025-11-12T08:27:34.865+0530] {processor.py:840} INFO - DAG(s) 'example_sensors' retrieved from /home/logi/txtai/venv/lib/python3.10/site-packages/airflow/example_dags/example_sensors.py
[2025-11-12T08:27:34.899+0530] {logging_mixin.py:188} INFO - [2025-11-12T08:27:34.899+0530] {dag.py:3089} INFO - Sync 1 DAGs
[2025-11-12T08:27:34.910+0530] {logging_mixin.py:188} INFO - [2025-11-12T08:27:34.910+0530] {dag.py:3947} INFO - Setting next_dagrun for example_sensors to None, run_after=None
[2025-11-12T08:27:34.930+0530] {processor.py:183} INFO - Processing /home/logi/txtai/venv/lib/python3.10/site-packages/airflow/example_dags/example_sensors.py took 0.107 seconds
[2025-11-12T08:28:39.480+0530] {processor.py:161} INFO - Started process (PID=18727) to work on /home/logi/txtai/venv/lib/python3.10/site-packages/airflow/example_dags/example_sensors.py
[2025-11-12T08:28:39.481+0530] {processor.py:830} INFO - Processing file /home/logi/txtai/venv/lib/python3.10/site-packages/airflow/example_dags/example_sensors.py for tasks to queue
[2025-11-12T08:28:39.484+0530] {logging_mixin.py:188} INFO - [2025-11-12T08:28:39.483+0530] {dagbag.py:545} INFO - Filling up the DagBag from /home/logi/txtai/venv/lib/python3.10/site-packages/airflow/example_dags/example_sensors.py
[2025-11-12T08:28:39.492+0530] {processor.py:840} INFO - DAG(s) 'example_sensors' retrieved from /home/logi/txtai/venv/lib/python3.10/site-packages/airflow/example_dags/example_sensors.py
[2025-11-12T08:28:39.509+0530] {logging_mixin.py:188} INFO - [2025-11-12T08:28:39.508+0530] {dag.py:3089} INFO - Sync 1 DAGs
[2025-11-12T08:28:39.517+0530] {logging_mixin.py:188} INFO - [2025-11-12T08:28:39.517+0530] {dag.py:3947} INFO - Setting next_dagrun for example_sensors to None, run_after=None
[2025-11-12T08:28:39.534+0530] {processor.py:183} INFO - Processing /home/logi/txtai/venv/lib/python3.10/site-packages/airflow/example_dags/example_sensors.py took 0.059 seconds
[2025-11-12T08:29:46.171+0530] {processor.py:161} INFO - Started process (PID=18937) to work on /home/logi/txtai/venv/lib/python3.10/site-packages/airflow/example_dags/example_sensors.py
[2025-11-12T08:29:46.185+0530] {processor.py:830} INFO - Processing file /home/logi/txtai/venv/lib/python3.10/site-packages/airflow/example_dags/example_sensors.py for tasks to queue
[2025-11-12T08:29:46.189+0530] {logging_mixin.py:188} INFO - [2025-11-12T08:29:46.188+0530] {dagbag.py:545} INFO - Filling up the DagBag from /home/logi/txtai/venv/lib/python3.10/site-packages/airflow/example_dags/example_sensors.py
[2025-11-12T08:29:46.205+0530] {processor.py:840} INFO - DAG(s) 'example_sensors' retrieved from /home/logi/txtai/venv/lib/python3.10/site-packages/airflow/example_dags/example_sensors.py
[2025-11-12T08:29:46.237+0530] {logging_mixin.py:188} INFO - [2025-11-12T08:29:46.236+0530] {dag.py:3089} INFO - Sync 1 DAGs
[2025-11-12T08:29:46.247+0530] {logging_mixin.py:188} INFO - [2025-11-12T08:29:46.246+0530] {dag.py:3947} INFO - Setting next_dagrun for example_sensors to None, run_after=None
[2025-11-12T08:29:46.270+0530] {processor.py:183} INFO - Processing /home/logi/txtai/venv/lib/python3.10/site-packages/airflow/example_dags/example_sensors.py took 0.111 seconds
[2025-11-12T08:30:44.858+0530] {processor.py:161} INFO - Started process (PID=19319) to work on /home/logi/txtai/venv/lib/python3.10/site-packages/airflow/example_dags/example_sensors.py
[2025-11-12T08:30:44.871+0530] {processor.py:830} INFO - Processing file /home/logi/txtai/venv/lib/python3.10/site-packages/airflow/example_dags/example_sensors.py for tasks to queue
[2025-11-12T08:30:44.874+0530] {logging_mixin.py:188} INFO - [2025-11-12T08:30:44.874+0530] {dagbag.py:545} INFO - Filling up the DagBag from /home/logi/txtai/venv/lib/python3.10/site-packages/airflow/example_dags/example_sensors.py
[2025-11-12T08:30:44.889+0530] {processor.py:840} INFO - DAG(s) 'example_sensors' retrieved from /home/logi/txtai/venv/lib/python3.10/site-packages/airflow/example_dags/example_sensors.py
[2025-11-12T08:30:44.924+0530] {logging_mixin.py:188} INFO - [2025-11-12T08:30:44.924+0530] {dag.py:3089} INFO - Sync 1 DAGs
[2025-11-12T08:30:44.934+0530] {logging_mixin.py:188} INFO - [2025-11-12T08:30:44.934+0530] {dag.py:3947} INFO - Setting next_dagrun for example_sensors to None, run_after=None
[2025-11-12T08:30:44.955+0530] {processor.py:183} INFO - Processing /home/logi/txtai/venv/lib/python3.10/site-packages/airflow/example_dags/example_sensors.py took 0.109 seconds
[2025-11-12T08:31:42.700+0530] {processor.py:161} INFO - Started process (PID=19429) to work on /home/logi/txtai/venv/lib/python3.10/site-packages/airflow/example_dags/example_sensors.py
[2025-11-12T08:31:42.705+0530] {processor.py:830} INFO - Processing file /home/logi/txtai/venv/lib/python3.10/site-packages/airflow/example_dags/example_sensors.py for tasks to queue
[2025-11-12T08:31:42.711+0530] {logging_mixin.py:188} INFO - [2025-11-12T08:31:42.710+0530] {dagbag.py:545} INFO - Filling up the DagBag from /home/logi/txtai/venv/lib/python3.10/site-packages/airflow/example_dags/example_sensors.py
[2025-11-12T08:31:42.740+0530] {processor.py:840} INFO - DAG(s) 'example_sensors' retrieved from /home/logi/txtai/venv/lib/python3.10/site-packages/airflow/example_dags/example_sensors.py
[2025-11-12T08:31:42.760+0530] {logging_mixin.py:188} INFO - [2025-11-12T08:31:42.760+0530] {dag.py:3089} INFO - Sync 1 DAGs
[2025-11-12T08:31:42.770+0530] {logging_mixin.py:188} INFO - [2025-11-12T08:31:42.770+0530] {dag.py:3947} INFO - Setting next_dagrun for example_sensors to None, run_after=None
[2025-11-12T08:31:42.802+0530] {processor.py:183} INFO - Processing /home/logi/txtai/venv/lib/python3.10/site-packages/airflow/example_dags/example_sensors.py took 0.117 seconds
[2025-11-12T08:32:47.607+0530] {processor.py:161} INFO - Started process (PID=19583) to work on /home/logi/txtai/venv/lib/python3.10/site-packages/airflow/example_dags/example_sensors.py
[2025-11-12T08:32:47.620+0530] {processor.py:830} INFO - Processing file /home/logi/txtai/venv/lib/python3.10/site-packages/airflow/example_dags/example_sensors.py for tasks to queue
[2025-11-12T08:32:47.624+0530] {logging_mixin.py:188} INFO - [2025-11-12T08:32:47.623+0530] {dagbag.py:545} INFO - Filling up the DagBag from /home/logi/txtai/venv/lib/python3.10/site-packages/airflow/example_dags/example_sensors.py
[2025-11-12T08:32:47.643+0530] {processor.py:840} INFO - DAG(s) 'example_sensors' retrieved from /home/logi/txtai/venv/lib/python3.10/site-packages/airflow/example_dags/example_sensors.py
[2025-11-12T08:32:47.674+0530] {logging_mixin.py:188} INFO - [2025-11-12T08:32:47.674+0530] {dag.py:3089} INFO - Sync 1 DAGs
[2025-11-12T08:32:47.685+0530] {logging_mixin.py:188} INFO - [2025-11-12T08:32:47.685+0530] {dag.py:3947} INFO - Setting next_dagrun for example_sensors to None, run_after=None
[2025-11-12T08:32:47.717+0530] {processor.py:183} INFO - Processing /home/logi/txtai/venv/lib/python3.10/site-packages/airflow/example_dags/example_sensors.py took 0.125 seconds
[2025-11-12T08:34:14.435+0530] {processor.py:161} INFO - Started process (PID=20010) to work on /home/logi/txtai/venv/lib/python3.10/site-packages/airflow/example_dags/example_sensors.py
[2025-11-12T08:34:14.448+0530] {processor.py:830} INFO - Processing file /home/logi/txtai/venv/lib/python3.10/site-packages/airflow/example_dags/example_sensors.py for tasks to queue
[2025-11-12T08:34:14.451+0530] {logging_mixin.py:188} INFO - [2025-11-12T08:34:14.451+0530] {dagbag.py:545} INFO - Filling up the DagBag from /home/logi/txtai/venv/lib/python3.10/site-packages/airflow/example_dags/example_sensors.py
[2025-11-12T08:34:14.466+0530] {processor.py:840} INFO - DAG(s) 'example_sensors' retrieved from /home/logi/txtai/venv/lib/python3.10/site-packages/airflow/example_dags/example_sensors.py
[2025-11-12T08:34:14.500+0530] {logging_mixin.py:188} INFO - [2025-11-12T08:34:14.499+0530] {dag.py:3089} INFO - Sync 1 DAGs
[2025-11-12T08:34:14.510+0530] {logging_mixin.py:188} INFO - [2025-11-12T08:34:14.509+0530] {dag.py:3947} INFO - Setting next_dagrun for example_sensors to None, run_after=None
[2025-11-12T08:34:14.532+0530] {processor.py:183} INFO - Processing /home/logi/txtai/venv/lib/python3.10/site-packages/airflow/example_dags/example_sensors.py took 0.108 seconds
[2025-11-12T08:35:14.745+0530] {processor.py:161} INFO - Started process (PID=20094) to work on /home/logi/txtai/venv/lib/python3.10/site-packages/airflow/example_dags/example_sensors.py
[2025-11-12T08:35:14.758+0530] {processor.py:830} INFO - Processing file /home/logi/txtai/venv/lib/python3.10/site-packages/airflow/example_dags/example_sensors.py for tasks to queue
[2025-11-12T08:35:14.762+0530] {logging_mixin.py:188} INFO - [2025-11-12T08:35:14.761+0530] {dagbag.py:545} INFO - Filling up the DagBag from /home/logi/txtai/venv/lib/python3.10/site-packages/airflow/example_dags/example_sensors.py
[2025-11-12T08:35:14.778+0530] {processor.py:840} INFO - DAG(s) 'example_sensors' retrieved from /home/logi/txtai/venv/lib/python3.10/site-packages/airflow/example_dags/example_sensors.py
[2025-11-12T08:35:14.811+0530] {logging_mixin.py:188} INFO - [2025-11-12T08:35:14.810+0530] {dag.py:3089} INFO - Sync 1 DAGs
[2025-11-12T08:35:14.821+0530] {logging_mixin.py:188} INFO - [2025-11-12T08:35:14.821+0530] {dag.py:3947} INFO - Setting next_dagrun for example_sensors to None, run_after=None
[2025-11-12T08:35:14.842+0530] {processor.py:183} INFO - Processing /home/logi/txtai/venv/lib/python3.10/site-packages/airflow/example_dags/example_sensors.py took 0.109 seconds
[2025-11-12T08:36:13.227+0530] {processor.py:161} INFO - Started process (PID=20176) to work on /home/logi/txtai/venv/lib/python3.10/site-packages/airflow/example_dags/example_sensors.py
[2025-11-12T08:36:13.240+0530] {processor.py:830} INFO - Processing file /home/logi/txtai/venv/lib/python3.10/site-packages/airflow/example_dags/example_sensors.py for tasks to queue
[2025-11-12T08:36:13.243+0530] {logging_mixin.py:188} INFO - [2025-11-12T08:36:13.243+0530] {dagbag.py:545} INFO - Filling up the DagBag from /home/logi/txtai/venv/lib/python3.10/site-packages/airflow/example_dags/example_sensors.py
[2025-11-12T08:36:13.258+0530] {processor.py:840} INFO - DAG(s) 'example_sensors' retrieved from /home/logi/txtai/venv/lib/python3.10/site-packages/airflow/example_dags/example_sensors.py
[2025-11-12T08:36:13.292+0530] {logging_mixin.py:188} INFO - [2025-11-12T08:36:13.292+0530] {dag.py:3089} INFO - Sync 1 DAGs
[2025-11-12T08:36:13.303+0530] {logging_mixin.py:188} INFO - [2025-11-12T08:36:13.303+0530] {dag.py:3947} INFO - Setting next_dagrun for example_sensors to None, run_after=None
[2025-11-12T08:36:13.324+0530] {processor.py:183} INFO - Processing /home/logi/txtai/venv/lib/python3.10/site-packages/airflow/example_dags/example_sensors.py took 0.108 seconds
[2025-11-12T08:37:12.173+0530] {processor.py:161} INFO - Started process (PID=20259) to work on /home/logi/txtai/venv/lib/python3.10/site-packages/airflow/example_dags/example_sensors.py
[2025-11-12T08:37:12.187+0530] {processor.py:830} INFO - Processing file /home/logi/txtai/venv/lib/python3.10/site-packages/airflow/example_dags/example_sensors.py for tasks to queue
[2025-11-12T08:37:12.190+0530] {logging_mixin.py:188} INFO - [2025-11-12T08:37:12.189+0530] {dagbag.py:545} INFO - Filling up the DagBag from /home/logi/txtai/venv/lib/python3.10/site-packages/airflow/example_dags/example_sensors.py
[2025-11-12T08:37:12.201+0530] {processor.py:840} INFO - DAG(s) 'example_sensors' retrieved from /home/logi/txtai/venv/lib/python3.10/site-packages/airflow/example_dags/example_sensors.py
[2025-11-12T08:37:12.232+0530] {logging_mixin.py:188} INFO - [2025-11-12T08:37:12.231+0530] {dag.py:3089} INFO - Sync 1 DAGs
[2025-11-12T08:37:12.242+0530] {logging_mixin.py:188} INFO - [2025-11-12T08:37:12.242+0530] {dag.py:3947} INFO - Setting next_dagrun for example_sensors to None, run_after=None
[2025-11-12T08:37:12.274+0530] {processor.py:183} INFO - Processing /home/logi/txtai/venv/lib/python3.10/site-packages/airflow/example_dags/example_sensors.py took 0.115 seconds
[2025-11-12T08:38:15.014+0530] {processor.py:161} INFO - Started process (PID=20457) to work on /home/logi/txtai/venv/lib/python3.10/site-packages/airflow/example_dags/example_sensors.py
[2025-11-12T08:38:15.028+0530] {processor.py:830} INFO - Processing file /home/logi/txtai/venv/lib/python3.10/site-packages/airflow/example_dags/example_sensors.py for tasks to queue
[2025-11-12T08:38:15.031+0530] {logging_mixin.py:188} INFO - [2025-11-12T08:38:15.030+0530] {dagbag.py:545} INFO - Filling up the DagBag from /home/logi/txtai/venv/lib/python3.10/site-packages/airflow/example_dags/example_sensors.py
[2025-11-12T08:38:15.047+0530] {processor.py:840} INFO - DAG(s) 'example_sensors' retrieved from /home/logi/txtai/venv/lib/python3.10/site-packages/airflow/example_dags/example_sensors.py
[2025-11-12T08:38:15.082+0530] {logging_mixin.py:188} INFO - [2025-11-12T08:38:15.082+0530] {dag.py:3089} INFO - Sync 1 DAGs
[2025-11-12T08:38:15.092+0530] {logging_mixin.py:188} INFO - [2025-11-12T08:38:15.092+0530] {dag.py:3947} INFO - Setting next_dagrun for example_sensors to None, run_after=None
[2025-11-12T08:38:15.114+0530] {processor.py:183} INFO - Processing /home/logi/txtai/venv/lib/python3.10/site-packages/airflow/example_dags/example_sensors.py took 0.116 seconds
[2025-11-12T08:39:29.950+0530] {processor.py:161} INFO - Started process (PID=20693) to work on /home/logi/txtai/venv/lib/python3.10/site-packages/airflow/example_dags/example_sensors.py
[2025-11-12T08:39:29.964+0530] {processor.py:830} INFO - Processing file /home/logi/txtai/venv/lib/python3.10/site-packages/airflow/example_dags/example_sensors.py for tasks to queue
[2025-11-12T08:39:29.968+0530] {logging_mixin.py:188} INFO - [2025-11-12T08:39:29.967+0530] {dagbag.py:545} INFO - Filling up the DagBag from /home/logi/txtai/venv/lib/python3.10/site-packages/airflow/example_dags/example_sensors.py
[2025-11-12T08:39:29.984+0530] {processor.py:840} INFO - DAG(s) 'example_sensors' retrieved from /home/logi/txtai/venv/lib/python3.10/site-packages/airflow/example_dags/example_sensors.py
[2025-11-12T08:39:30.020+0530] {logging_mixin.py:188} INFO - [2025-11-12T08:39:30.019+0530] {dag.py:3089} INFO - Sync 1 DAGs
[2025-11-12T08:39:30.031+0530] {logging_mixin.py:188} INFO - [2025-11-12T08:39:30.030+0530] {dag.py:3947} INFO - Setting next_dagrun for example_sensors to None, run_after=None
[2025-11-12T08:39:30.052+0530] {processor.py:183} INFO - Processing /home/logi/txtai/venv/lib/python3.10/site-packages/airflow/example_dags/example_sensors.py took 0.113 seconds
[2025-11-12T08:40:32.956+0530] {processor.py:161} INFO - Started process (PID=20776) to work on /home/logi/txtai/venv/lib/python3.10/site-packages/airflow/example_dags/example_sensors.py
[2025-11-12T08:40:32.969+0530] {processor.py:830} INFO - Processing file /home/logi/txtai/venv/lib/python3.10/site-packages/airflow/example_dags/example_sensors.py for tasks to queue
[2025-11-12T08:40:32.973+0530] {logging_mixin.py:188} INFO - [2025-11-12T08:40:32.972+0530] {dagbag.py:545} INFO - Filling up the DagBag from /home/logi/txtai/venv/lib/python3.10/site-packages/airflow/example_dags/example_sensors.py
[2025-11-12T08:40:32.989+0530] {processor.py:840} INFO - DAG(s) 'example_sensors' retrieved from /home/logi/txtai/venv/lib/python3.10/site-packages/airflow/example_dags/example_sensors.py
[2025-11-12T08:40:33.025+0530] {logging_mixin.py:188} INFO - [2025-11-12T08:40:33.025+0530] {dag.py:3089} INFO - Sync 1 DAGs
[2025-11-12T08:40:33.036+0530] {logging_mixin.py:188} INFO - [2025-11-12T08:40:33.035+0530] {dag.py:3947} INFO - Setting next_dagrun for example_sensors to None, run_after=None
[2025-11-12T08:40:33.058+0530] {processor.py:183} INFO - Processing /home/logi/txtai/venv/lib/python3.10/site-packages/airflow/example_dags/example_sensors.py took 0.115 seconds
[2025-11-12T08:41:37.859+0530] {processor.py:161} INFO - Started process (PID=20908) to work on /home/logi/txtai/venv/lib/python3.10/site-packages/airflow/example_dags/example_sensors.py
[2025-11-12T08:41:37.872+0530] {processor.py:830} INFO - Processing file /home/logi/txtai/venv/lib/python3.10/site-packages/airflow/example_dags/example_sensors.py for tasks to queue
[2025-11-12T08:41:37.876+0530] {logging_mixin.py:188} INFO - [2025-11-12T08:41:37.875+0530] {dagbag.py:545} INFO - Filling up the DagBag from /home/logi/txtai/venv/lib/python3.10/site-packages/airflow/example_dags/example_sensors.py
[2025-11-12T08:41:37.891+0530] {processor.py:840} INFO - DAG(s) 'example_sensors' retrieved from /home/logi/txtai/venv/lib/python3.10/site-packages/airflow/example_dags/example_sensors.py
[2025-11-12T08:41:37.925+0530] {logging_mixin.py:188} INFO - [2025-11-12T08:41:37.925+0530] {dag.py:3089} INFO - Sync 1 DAGs
[2025-11-12T08:41:37.936+0530] {logging_mixin.py:188} INFO - [2025-11-12T08:41:37.936+0530] {dag.py:3947} INFO - Setting next_dagrun for example_sensors to None, run_after=None
[2025-11-12T08:41:37.958+0530] {processor.py:183} INFO - Processing /home/logi/txtai/venv/lib/python3.10/site-packages/airflow/example_dags/example_sensors.py took 0.110 seconds
[2025-11-12T08:42:40.229+0530] {processor.py:161} INFO - Started process (PID=21030) to work on /home/logi/txtai/venv/lib/python3.10/site-packages/airflow/example_dags/example_sensors.py
[2025-11-12T08:42:40.243+0530] {processor.py:830} INFO - Processing file /home/logi/txtai/venv/lib/python3.10/site-packages/airflow/example_dags/example_sensors.py for tasks to queue
[2025-11-12T08:42:40.246+0530] {logging_mixin.py:188} INFO - [2025-11-12T08:42:40.246+0530] {dagbag.py:545} INFO - Filling up the DagBag from /home/logi/txtai/venv/lib/python3.10/site-packages/airflow/example_dags/example_sensors.py
[2025-11-12T08:42:40.262+0530] {processor.py:840} INFO - DAG(s) 'example_sensors' retrieved from /home/logi/txtai/venv/lib/python3.10/site-packages/airflow/example_dags/example_sensors.py
[2025-11-12T08:42:40.294+0530] {logging_mixin.py:188} INFO - [2025-11-12T08:42:40.294+0530] {dag.py:3089} INFO - Sync 1 DAGs
[2025-11-12T08:42:40.305+0530] {logging_mixin.py:188} INFO - [2025-11-12T08:42:40.304+0530] {dag.py:3947} INFO - Setting next_dagrun for example_sensors to None, run_after=None
[2025-11-12T08:42:40.326+0530] {processor.py:183} INFO - Processing /home/logi/txtai/venv/lib/python3.10/site-packages/airflow/example_dags/example_sensors.py took 0.107 seconds
[2025-11-12T08:43:53.697+0530] {processor.py:161} INFO - Started process (PID=21190) to work on /home/logi/txtai/venv/lib/python3.10/site-packages/airflow/example_dags/example_sensors.py
[2025-11-12T08:43:53.712+0530] {processor.py:830} INFO - Processing file /home/logi/txtai/venv/lib/python3.10/site-packages/airflow/example_dags/example_sensors.py for tasks to queue
[2025-11-12T08:43:53.716+0530] {logging_mixin.py:188} INFO - [2025-11-12T08:43:53.715+0530] {dagbag.py:545} INFO - Filling up the DagBag from /home/logi/txtai/venv/lib/python3.10/site-packages/airflow/example_dags/example_sensors.py
[2025-11-12T08:43:53.738+0530] {processor.py:840} INFO - DAG(s) 'example_sensors' retrieved from /home/logi/txtai/venv/lib/python3.10/site-packages/airflow/example_dags/example_sensors.py
[2025-11-12T08:43:53.796+0530] {logging_mixin.py:188} INFO - [2025-11-12T08:43:53.795+0530] {dag.py:3089} INFO - Sync 1 DAGs
[2025-11-12T08:43:53.827+0530] {logging_mixin.py:188} INFO - [2025-11-12T08:43:53.826+0530] {dag.py:3947} INFO - Setting next_dagrun for example_sensors to None, run_after=None
[2025-11-12T08:43:53.925+0530] {processor.py:183} INFO - Processing /home/logi/txtai/venv/lib/python3.10/site-packages/airflow/example_dags/example_sensors.py took 0.251 seconds
[2025-11-12T08:45:09.367+0530] {processor.py:161} INFO - Started process (PID=21619) to work on /home/logi/txtai/venv/lib/python3.10/site-packages/airflow/example_dags/example_sensors.py
[2025-11-12T08:45:09.381+0530] {processor.py:830} INFO - Processing file /home/logi/txtai/venv/lib/python3.10/site-packages/airflow/example_dags/example_sensors.py for tasks to queue
[2025-11-12T08:45:09.384+0530] {logging_mixin.py:188} INFO - [2025-11-12T08:45:09.383+0530] {dagbag.py:545} INFO - Filling up the DagBag from /home/logi/txtai/venv/lib/python3.10/site-packages/airflow/example_dags/example_sensors.py
[2025-11-12T08:45:09.394+0530] {processor.py:840} INFO - DAG(s) 'example_sensors' retrieved from /home/logi/txtai/venv/lib/python3.10/site-packages/airflow/example_dags/example_sensors.py
[2025-11-12T08:45:09.418+0530] {logging_mixin.py:188} INFO - [2025-11-12T08:45:09.418+0530] {dag.py:3089} INFO - Sync 1 DAGs
[2025-11-12T08:45:09.431+0530] {logging_mixin.py:188} INFO - [2025-11-12T08:45:09.431+0530] {dag.py:3947} INFO - Setting next_dagrun for example_sensors to None, run_after=None
[2025-11-12T08:45:09.456+0530] {processor.py:183} INFO - Processing /home/logi/txtai/venv/lib/python3.10/site-packages/airflow/example_dags/example_sensors.py took 0.097 seconds
[2025-11-12T08:46:12.159+0530] {processor.py:161} INFO - Started process (PID=21698) to work on /home/logi/txtai/venv/lib/python3.10/site-packages/airflow/example_dags/example_sensors.py
[2025-11-12T08:46:12.173+0530] {processor.py:830} INFO - Processing file /home/logi/txtai/venv/lib/python3.10/site-packages/airflow/example_dags/example_sensors.py for tasks to queue
[2025-11-12T08:46:12.177+0530] {logging_mixin.py:188} INFO - [2025-11-12T08:46:12.176+0530] {dagbag.py:545} INFO - Filling up the DagBag from /home/logi/txtai/venv/lib/python3.10/site-packages/airflow/example_dags/example_sensors.py
[2025-11-12T08:46:12.192+0530] {processor.py:840} INFO - DAG(s) 'example_sensors' retrieved from /home/logi/txtai/venv/lib/python3.10/site-packages/airflow/example_dags/example_sensors.py
[2025-11-12T08:46:12.226+0530] {logging_mixin.py:188} INFO - [2025-11-12T08:46:12.226+0530] {dag.py:3089} INFO - Sync 1 DAGs
[2025-11-12T08:46:12.237+0530] {logging_mixin.py:188} INFO - [2025-11-12T08:46:12.236+0530] {dag.py:3947} INFO - Setting next_dagrun for example_sensors to None, run_after=None
[2025-11-12T08:46:12.265+0530] {processor.py:183} INFO - Processing /home/logi/txtai/venv/lib/python3.10/site-packages/airflow/example_dags/example_sensors.py took 0.117 seconds
[2025-11-12T08:47:13.149+0530] {processor.py:161} INFO - Started process (PID=21789) to work on /home/logi/txtai/venv/lib/python3.10/site-packages/airflow/example_dags/example_sensors.py
[2025-11-12T08:47:13.162+0530] {processor.py:830} INFO - Processing file /home/logi/txtai/venv/lib/python3.10/site-packages/airflow/example_dags/example_sensors.py for tasks to queue
[2025-11-12T08:47:13.165+0530] {logging_mixin.py:188} INFO - [2025-11-12T08:47:13.164+0530] {dagbag.py:545} INFO - Filling up the DagBag from /home/logi/txtai/venv/lib/python3.10/site-packages/airflow/example_dags/example_sensors.py
[2025-11-12T08:47:13.180+0530] {processor.py:840} INFO - DAG(s) 'example_sensors' retrieved from /home/logi/txtai/venv/lib/python3.10/site-packages/airflow/example_dags/example_sensors.py
[2025-11-12T08:47:13.207+0530] {logging_mixin.py:188} INFO - [2025-11-12T08:47:13.207+0530] {dag.py:3089} INFO - Sync 1 DAGs
[2025-11-12T08:47:13.219+0530] {logging_mixin.py:188} INFO - [2025-11-12T08:47:13.218+0530] {dag.py:3947} INFO - Setting next_dagrun for example_sensors to None, run_after=None
[2025-11-12T08:47:13.242+0530] {processor.py:183} INFO - Processing /home/logi/txtai/venv/lib/python3.10/site-packages/airflow/example_dags/example_sensors.py took 0.100 seconds
[2025-11-12T08:48:12.631+0530] {processor.py:161} INFO - Started process (PID=21898) to work on /home/logi/txtai/venv/lib/python3.10/site-packages/airflow/example_dags/example_sensors.py
[2025-11-12T08:48:12.644+0530] {processor.py:830} INFO - Processing file /home/logi/txtai/venv/lib/python3.10/site-packages/airflow/example_dags/example_sensors.py for tasks to queue
[2025-11-12T08:48:12.647+0530] {logging_mixin.py:188} INFO - [2025-11-12T08:48:12.647+0530] {dagbag.py:545} INFO - Filling up the DagBag from /home/logi/txtai/venv/lib/python3.10/site-packages/airflow/example_dags/example_sensors.py
[2025-11-12T08:48:12.662+0530] {processor.py:840} INFO - DAG(s) 'example_sensors' retrieved from /home/logi/txtai/venv/lib/python3.10/site-packages/airflow/example_dags/example_sensors.py
[2025-11-12T08:48:12.696+0530] {logging_mixin.py:188} INFO - [2025-11-12T08:48:12.696+0530] {dag.py:3089} INFO - Sync 1 DAGs
[2025-11-12T08:48:12.706+0530] {logging_mixin.py:188} INFO - [2025-11-12T08:48:12.706+0530] {dag.py:3947} INFO - Setting next_dagrun for example_sensors to None, run_after=None
[2025-11-12T08:48:12.734+0530] {processor.py:183} INFO - Processing /home/logi/txtai/venv/lib/python3.10/site-packages/airflow/example_dags/example_sensors.py took 0.115 seconds
[2025-11-12T08:49:15.641+0530] {processor.py:161} INFO - Started process (PID=21983) to work on /home/logi/txtai/venv/lib/python3.10/site-packages/airflow/example_dags/example_sensors.py
[2025-11-12T08:49:15.655+0530] {processor.py:830} INFO - Processing file /home/logi/txtai/venv/lib/python3.10/site-packages/airflow/example_dags/example_sensors.py for tasks to queue
[2025-11-12T08:49:15.659+0530] {logging_mixin.py:188} INFO - [2025-11-12T08:49:15.658+0530] {dagbag.py:545} INFO - Filling up the DagBag from /home/logi/txtai/venv/lib/python3.10/site-packages/airflow/example_dags/example_sensors.py
[2025-11-12T08:49:15.674+0530] {processor.py:840} INFO - DAG(s) 'example_sensors' retrieved from /home/logi/txtai/venv/lib/python3.10/site-packages/airflow/example_dags/example_sensors.py
[2025-11-12T08:49:15.716+0530] {logging_mixin.py:188} INFO - [2025-11-12T08:49:15.716+0530] {dag.py:3089} INFO - Sync 1 DAGs
[2025-11-12T08:49:15.731+0530] {logging_mixin.py:188} INFO - [2025-11-12T08:49:15.730+0530] {dag.py:3947} INFO - Setting next_dagrun for example_sensors to None, run_after=None
[2025-11-12T08:49:15.763+0530] {processor.py:183} INFO - Processing /home/logi/txtai/venv/lib/python3.10/site-packages/airflow/example_dags/example_sensors.py took 0.133 seconds
[2025-11-12T08:50:24.745+0530] {processor.py:161} INFO - Started process (PID=22277) to work on /home/logi/txtai/venv/lib/python3.10/site-packages/airflow/example_dags/example_sensors.py
[2025-11-12T08:50:24.759+0530] {processor.py:830} INFO - Processing file /home/logi/txtai/venv/lib/python3.10/site-packages/airflow/example_dags/example_sensors.py for tasks to queue
[2025-11-12T08:50:24.764+0530] {logging_mixin.py:188} INFO - [2025-11-12T08:50:24.763+0530] {dagbag.py:545} INFO - Filling up the DagBag from /home/logi/txtai/venv/lib/python3.10/site-packages/airflow/example_dags/example_sensors.py
[2025-11-12T08:50:24.774+0530] {processor.py:840} INFO - DAG(s) 'example_sensors' retrieved from /home/logi/txtai/venv/lib/python3.10/site-packages/airflow/example_dags/example_sensors.py
[2025-11-12T08:50:24.798+0530] {logging_mixin.py:188} INFO - [2025-11-12T08:50:24.797+0530] {dag.py:3089} INFO - Sync 1 DAGs
[2025-11-12T08:50:24.812+0530] {logging_mixin.py:188} INFO - [2025-11-12T08:50:24.812+0530] {dag.py:3947} INFO - Setting next_dagrun for example_sensors to None, run_after=None
[2025-11-12T08:50:24.832+0530] {processor.py:183} INFO - Processing /home/logi/txtai/venv/lib/python3.10/site-packages/airflow/example_dags/example_sensors.py took 0.104 seconds
[2025-11-12T08:51:25.615+0530] {processor.py:161} INFO - Started process (PID=22416) to work on /home/logi/txtai/venv/lib/python3.10/site-packages/airflow/example_dags/example_sensors.py
[2025-11-12T08:51:25.628+0530] {processor.py:830} INFO - Processing file /home/logi/txtai/venv/lib/python3.10/site-packages/airflow/example_dags/example_sensors.py for tasks to queue
[2025-11-12T08:51:25.632+0530] {logging_mixin.py:188} INFO - [2025-11-12T08:51:25.631+0530] {dagbag.py:545} INFO - Filling up the DagBag from /home/logi/txtai/venv/lib/python3.10/site-packages/airflow/example_dags/example_sensors.py
[2025-11-12T08:51:25.647+0530] {processor.py:840} INFO - DAG(s) 'example_sensors' retrieved from /home/logi/txtai/venv/lib/python3.10/site-packages/airflow/example_dags/example_sensors.py
[2025-11-12T08:51:25.680+0530] {logging_mixin.py:188} INFO - [2025-11-12T08:51:25.679+0530] {dag.py:3089} INFO - Sync 1 DAGs
[2025-11-12T08:51:25.690+0530] {logging_mixin.py:188} INFO - [2025-11-12T08:51:25.690+0530] {dag.py:3947} INFO - Setting next_dagrun for example_sensors to None, run_after=None
[2025-11-12T08:51:25.711+0530] {processor.py:183} INFO - Processing /home/logi/txtai/venv/lib/python3.10/site-packages/airflow/example_dags/example_sensors.py took 0.109 seconds
[2025-11-12T08:52:24.650+0530] {processor.py:161} INFO - Started process (PID=22538) to work on /home/logi/txtai/venv/lib/python3.10/site-packages/airflow/example_dags/example_sensors.py
[2025-11-12T08:52:24.665+0530] {processor.py:830} INFO - Processing file /home/logi/txtai/venv/lib/python3.10/site-packages/airflow/example_dags/example_sensors.py for tasks to queue
[2025-11-12T08:52:24.668+0530] {logging_mixin.py:188} INFO - [2025-11-12T08:52:24.667+0530] {dagbag.py:545} INFO - Filling up the DagBag from /home/logi/txtai/venv/lib/python3.10/site-packages/airflow/example_dags/example_sensors.py
[2025-11-12T08:52:24.685+0530] {processor.py:840} INFO - DAG(s) 'example_sensors' retrieved from /home/logi/txtai/venv/lib/python3.10/site-packages/airflow/example_dags/example_sensors.py
[2025-11-12T08:52:24.722+0530] {logging_mixin.py:188} INFO - [2025-11-12T08:52:24.722+0530] {dag.py:3089} INFO - Sync 1 DAGs
[2025-11-12T08:52:24.733+0530] {logging_mixin.py:188} INFO - [2025-11-12T08:52:24.732+0530] {dag.py:3947} INFO - Setting next_dagrun for example_sensors to None, run_after=None
[2025-11-12T08:52:24.754+0530] {processor.py:183} INFO - Processing /home/logi/txtai/venv/lib/python3.10/site-packages/airflow/example_dags/example_sensors.py took 0.117 seconds
[2025-11-12T08:53:25.200+0530] {processor.py:161} INFO - Started process (PID=22696) to work on /home/logi/txtai/venv/lib/python3.10/site-packages/airflow/example_dags/example_sensors.py
[2025-11-12T08:53:25.213+0530] {processor.py:830} INFO - Processing file /home/logi/txtai/venv/lib/python3.10/site-packages/airflow/example_dags/example_sensors.py for tasks to queue
[2025-11-12T08:53:25.217+0530] {logging_mixin.py:188} INFO - [2025-11-12T08:53:25.216+0530] {dagbag.py:545} INFO - Filling up the DagBag from /home/logi/txtai/venv/lib/python3.10/site-packages/airflow/example_dags/example_sensors.py
[2025-11-12T08:53:25.232+0530] {processor.py:840} INFO - DAG(s) 'example_sensors' retrieved from /home/logi/txtai/venv/lib/python3.10/site-packages/airflow/example_dags/example_sensors.py
[2025-11-12T08:53:25.266+0530] {logging_mixin.py:188} INFO - [2025-11-12T08:53:25.265+0530] {dag.py:3089} INFO - Sync 1 DAGs
[2025-11-12T08:53:25.276+0530] {logging_mixin.py:188} INFO - [2025-11-12T08:53:25.276+0530] {dag.py:3947} INFO - Setting next_dagrun for example_sensors to None, run_after=None
[2025-11-12T08:53:25.303+0530] {processor.py:183} INFO - Processing /home/logi/txtai/venv/lib/python3.10/site-packages/airflow/example_dags/example_sensors.py took 0.115 seconds
[2025-11-12T08:54:30.467+0530] {processor.py:161} INFO - Started process (PID=22842) to work on /home/logi/txtai/venv/lib/python3.10/site-packages/airflow/example_dags/example_sensors.py
[2025-11-12T08:54:30.481+0530] {processor.py:830} INFO - Processing file /home/logi/txtai/venv/lib/python3.10/site-packages/airflow/example_dags/example_sensors.py for tasks to queue
[2025-11-12T08:54:30.488+0530] {logging_mixin.py:188} INFO - [2025-11-12T08:54:30.487+0530] {dagbag.py:545} INFO - Filling up the DagBag from /home/logi/txtai/venv/lib/python3.10/site-packages/airflow/example_dags/example_sensors.py
[2025-11-12T08:54:30.506+0530] {processor.py:840} INFO - DAG(s) 'example_sensors' retrieved from /home/logi/txtai/venv/lib/python3.10/site-packages/airflow/example_dags/example_sensors.py
[2025-11-12T08:54:30.539+0530] {logging_mixin.py:188} INFO - [2025-11-12T08:54:30.539+0530] {dag.py:3089} INFO - Sync 1 DAGs
[2025-11-12T08:54:30.552+0530] {logging_mixin.py:188} INFO - [2025-11-12T08:54:30.552+0530] {dag.py:3947} INFO - Setting next_dagrun for example_sensors to None, run_after=None
[2025-11-12T08:54:30.579+0530] {processor.py:183} INFO - Processing /home/logi/txtai/venv/lib/python3.10/site-packages/airflow/example_dags/example_sensors.py took 0.127 seconds
[2025-11-12T08:55:41.698+0530] {processor.py:161} INFO - Started process (PID=23260) to work on /home/logi/txtai/venv/lib/python3.10/site-packages/airflow/example_dags/example_sensors.py
[2025-11-12T08:55:41.712+0530] {processor.py:830} INFO - Processing file /home/logi/txtai/venv/lib/python3.10/site-packages/airflow/example_dags/example_sensors.py for tasks to queue
[2025-11-12T08:55:41.715+0530] {logging_mixin.py:188} INFO - [2025-11-12T08:55:41.715+0530] {dagbag.py:545} INFO - Filling up the DagBag from /home/logi/txtai/venv/lib/python3.10/site-packages/airflow/example_dags/example_sensors.py
[2025-11-12T08:55:41.730+0530] {processor.py:840} INFO - DAG(s) 'example_sensors' retrieved from /home/logi/txtai/venv/lib/python3.10/site-packages/airflow/example_dags/example_sensors.py
[2025-11-12T08:55:41.766+0530] {logging_mixin.py:188} INFO - [2025-11-12T08:55:41.766+0530] {dag.py:3089} INFO - Sync 1 DAGs
[2025-11-12T08:55:41.779+0530] {logging_mixin.py:188} INFO - [2025-11-12T08:55:41.778+0530] {dag.py:3947} INFO - Setting next_dagrun for example_sensors to None, run_after=None
[2025-11-12T08:55:41.803+0530] {processor.py:183} INFO - Processing /home/logi/txtai/venv/lib/python3.10/site-packages/airflow/example_dags/example_sensors.py took 0.117 seconds
[2025-11-12T08:56:43.261+0530] {processor.py:161} INFO - Started process (PID=23386) to work on /home/logi/txtai/venv/lib/python3.10/site-packages/airflow/example_dags/example_sensors.py
[2025-11-12T08:56:43.275+0530] {processor.py:830} INFO - Processing file /home/logi/txtai/venv/lib/python3.10/site-packages/airflow/example_dags/example_sensors.py for tasks to queue
[2025-11-12T08:56:43.278+0530] {logging_mixin.py:188} INFO - [2025-11-12T08:56:43.278+0530] {dagbag.py:545} INFO - Filling up the DagBag from /home/logi/txtai/venv/lib/python3.10/site-packages/airflow/example_dags/example_sensors.py
[2025-11-12T08:56:43.303+0530] {processor.py:840} INFO - DAG(s) 'example_sensors' retrieved from /home/logi/txtai/venv/lib/python3.10/site-packages/airflow/example_dags/example_sensors.py
[2025-11-12T08:56:43.338+0530] {logging_mixin.py:188} INFO - [2025-11-12T08:56:43.337+0530] {dag.py:3089} INFO - Sync 1 DAGs
[2025-11-12T08:56:43.351+0530] {logging_mixin.py:188} INFO - [2025-11-12T08:56:43.351+0530] {dag.py:3947} INFO - Setting next_dagrun for example_sensors to None, run_after=None
[2025-11-12T08:56:43.372+0530] {processor.py:183} INFO - Processing /home/logi/txtai/venv/lib/python3.10/site-packages/airflow/example_dags/example_sensors.py took 0.122 seconds
[2025-11-12T08:57:44.884+0530] {processor.py:161} INFO - Started process (PID=23554) to work on /home/logi/txtai/venv/lib/python3.10/site-packages/airflow/example_dags/example_sensors.py
[2025-11-12T08:57:44.898+0530] {processor.py:830} INFO - Processing file /home/logi/txtai/venv/lib/python3.10/site-packages/airflow/example_dags/example_sensors.py for tasks to queue
[2025-11-12T08:57:44.901+0530] {logging_mixin.py:188} INFO - [2025-11-12T08:57:44.901+0530] {dagbag.py:545} INFO - Filling up the DagBag from /home/logi/txtai/venv/lib/python3.10/site-packages/airflow/example_dags/example_sensors.py
[2025-11-12T08:57:44.924+0530] {processor.py:840} INFO - DAG(s) 'example_sensors' retrieved from /home/logi/txtai/venv/lib/python3.10/site-packages/airflow/example_dags/example_sensors.py
[2025-11-12T08:57:44.970+0530] {logging_mixin.py:188} INFO - [2025-11-12T08:57:44.969+0530] {dag.py:3089} INFO - Sync 1 DAGs
[2025-11-12T08:57:44.982+0530] {logging_mixin.py:188} INFO - [2025-11-12T08:57:44.982+0530] {dag.py:3947} INFO - Setting next_dagrun for example_sensors to None, run_after=None
[2025-11-12T08:57:45.004+0530] {processor.py:183} INFO - Processing /home/logi/txtai/venv/lib/python3.10/site-packages/airflow/example_dags/example_sensors.py took 0.134 seconds
[2025-11-12T08:58:52.520+0530] {processor.py:161} INFO - Started process (PID=23712) to work on /home/logi/txtai/venv/lib/python3.10/site-packages/airflow/example_dags/example_sensors.py
[2025-11-12T08:58:52.534+0530] {processor.py:830} INFO - Processing file /home/logi/txtai/venv/lib/python3.10/site-packages/airflow/example_dags/example_sensors.py for tasks to queue
[2025-11-12T08:58:52.537+0530] {logging_mixin.py:188} INFO - [2025-11-12T08:58:52.537+0530] {dagbag.py:545} INFO - Filling up the DagBag from /home/logi/txtai/venv/lib/python3.10/site-packages/airflow/example_dags/example_sensors.py
[2025-11-12T08:58:52.553+0530] {processor.py:840} INFO - DAG(s) 'example_sensors' retrieved from /home/logi/txtai/venv/lib/python3.10/site-packages/airflow/example_dags/example_sensors.py
[2025-11-12T08:58:52.586+0530] {logging_mixin.py:188} INFO - [2025-11-12T08:58:52.586+0530] {dag.py:3089} INFO - Sync 1 DAGs
[2025-11-12T08:58:52.597+0530] {logging_mixin.py:188} INFO - [2025-11-12T08:58:52.597+0530] {dag.py:3947} INFO - Setting next_dagrun for example_sensors to None, run_after=None
[2025-11-12T08:58:52.624+0530] {processor.py:183} INFO - Processing /home/logi/txtai/venv/lib/python3.10/site-packages/airflow/example_dags/example_sensors.py took 0.115 seconds
[2025-11-12T09:00:06.210+0530] {processor.py:161} INFO - Started process (PID=23988) to work on /home/logi/txtai/venv/lib/python3.10/site-packages/airflow/example_dags/example_sensors.py
[2025-11-12T09:00:06.224+0530] {processor.py:830} INFO - Processing file /home/logi/txtai/venv/lib/python3.10/site-packages/airflow/example_dags/example_sensors.py for tasks to queue
[2025-11-12T09:00:06.228+0530] {logging_mixin.py:188} INFO - [2025-11-12T09:00:06.227+0530] {dagbag.py:545} INFO - Filling up the DagBag from /home/logi/txtai/venv/lib/python3.10/site-packages/airflow/example_dags/example_sensors.py
[2025-11-12T09:00:06.244+0530] {processor.py:840} INFO - DAG(s) 'example_sensors' retrieved from /home/logi/txtai/venv/lib/python3.10/site-packages/airflow/example_dags/example_sensors.py
[2025-11-12T09:00:06.275+0530] {logging_mixin.py:188} INFO - [2025-11-12T09:00:06.275+0530] {dag.py:3089} INFO - Sync 1 DAGs
[2025-11-12T09:00:06.287+0530] {logging_mixin.py:188} INFO - [2025-11-12T09:00:06.286+0530] {dag.py:3947} INFO - Setting next_dagrun for example_sensors to None, run_after=None
[2025-11-12T09:00:06.312+0530] {processor.py:183} INFO - Processing /home/logi/txtai/venv/lib/python3.10/site-packages/airflow/example_dags/example_sensors.py took 0.113 seconds
[2025-11-12T09:01:14.754+0530] {processor.py:161} INFO - Started process (PID=24520) to work on /home/logi/txtai/venv/lib/python3.10/site-packages/airflow/example_dags/example_sensors.py
[2025-11-12T09:01:14.768+0530] {processor.py:830} INFO - Processing file /home/logi/txtai/venv/lib/python3.10/site-packages/airflow/example_dags/example_sensors.py for tasks to queue
[2025-11-12T09:01:14.771+0530] {logging_mixin.py:188} INFO - [2025-11-12T09:01:14.771+0530] {dagbag.py:545} INFO - Filling up the DagBag from /home/logi/txtai/venv/lib/python3.10/site-packages/airflow/example_dags/example_sensors.py
[2025-11-12T09:01:14.788+0530] {processor.py:840} INFO - DAG(s) 'example_sensors' retrieved from /home/logi/txtai/venv/lib/python3.10/site-packages/airflow/example_dags/example_sensors.py
[2025-11-12T09:01:14.823+0530] {logging_mixin.py:188} INFO - [2025-11-12T09:01:14.822+0530] {dag.py:3089} INFO - Sync 1 DAGs
[2025-11-12T09:01:14.835+0530] {logging_mixin.py:188} INFO - [2025-11-12T09:01:14.835+0530] {dag.py:3947} INFO - Setting next_dagrun for example_sensors to None, run_after=None
[2025-11-12T09:01:14.864+0530] {processor.py:183} INFO - Processing /home/logi/txtai/venv/lib/python3.10/site-packages/airflow/example_dags/example_sensors.py took 0.122 seconds
[2025-11-12T09:02:12.217+0530] {processor.py:161} INFO - Started process (PID=24703) to work on /home/logi/txtai/venv/lib/python3.10/site-packages/airflow/example_dags/example_sensors.py
[2025-11-12T09:02:12.219+0530] {processor.py:830} INFO - Processing file /home/logi/txtai/venv/lib/python3.10/site-packages/airflow/example_dags/example_sensors.py for tasks to queue
[2025-11-12T09:02:12.220+0530] {logging_mixin.py:188} INFO - [2025-11-12T09:02:12.220+0530] {dagbag.py:545} INFO - Filling up the DagBag from /home/logi/txtai/venv/lib/python3.10/site-packages/airflow/example_dags/example_sensors.py
[2025-11-12T09:02:12.228+0530] {processor.py:840} INFO - DAG(s) 'example_sensors' retrieved from /home/logi/txtai/venv/lib/python3.10/site-packages/airflow/example_dags/example_sensors.py
[2025-11-12T09:02:12.246+0530] {logging_mixin.py:188} INFO - [2025-11-12T09:02:12.246+0530] {dag.py:3089} INFO - Sync 1 DAGs
[2025-11-12T09:02:12.255+0530] {logging_mixin.py:188} INFO - [2025-11-12T09:02:12.255+0530] {dag.py:3947} INFO - Setting next_dagrun for example_sensors to None, run_after=None
[2025-11-12T09:02:12.273+0530] {processor.py:183} INFO - Processing /home/logi/txtai/venv/lib/python3.10/site-packages/airflow/example_dags/example_sensors.py took 0.061 seconds
[2025-11-12T09:03:11.152+0530] {processor.py:161} INFO - Started process (PID=25140) to work on /home/logi/txtai/venv/lib/python3.10/site-packages/airflow/example_dags/example_sensors.py
[2025-11-12T09:03:11.166+0530] {processor.py:830} INFO - Processing file /home/logi/txtai/venv/lib/python3.10/site-packages/airflow/example_dags/example_sensors.py for tasks to queue
[2025-11-12T09:03:11.169+0530] {logging_mixin.py:188} INFO - [2025-11-12T09:03:11.168+0530] {dagbag.py:545} INFO - Filling up the DagBag from /home/logi/txtai/venv/lib/python3.10/site-packages/airflow/example_dags/example_sensors.py
[2025-11-12T09:03:11.183+0530] {processor.py:840} INFO - DAG(s) 'example_sensors' retrieved from /home/logi/txtai/venv/lib/python3.10/site-packages/airflow/example_dags/example_sensors.py
[2025-11-12T09:03:11.217+0530] {logging_mixin.py:188} INFO - [2025-11-12T09:03:11.217+0530] {dag.py:3089} INFO - Sync 1 DAGs
[2025-11-12T09:03:11.227+0530] {logging_mixin.py:188} INFO - [2025-11-12T09:03:11.227+0530] {dag.py:3947} INFO - Setting next_dagrun for example_sensors to None, run_after=None
[2025-11-12T09:03:11.250+0530] {processor.py:183} INFO - Processing /home/logi/txtai/venv/lib/python3.10/site-packages/airflow/example_dags/example_sensors.py took 0.109 seconds
[2025-11-12T09:04:13.816+0530] {processor.py:161} INFO - Started process (PID=25466) to work on /home/logi/txtai/venv/lib/python3.10/site-packages/airflow/example_dags/example_sensors.py
[2025-11-12T09:04:13.829+0530] {processor.py:830} INFO - Processing file /home/logi/txtai/venv/lib/python3.10/site-packages/airflow/example_dags/example_sensors.py for tasks to queue
[2025-11-12T09:04:13.832+0530] {logging_mixin.py:188} INFO - [2025-11-12T09:04:13.831+0530] {dagbag.py:545} INFO - Filling up the DagBag from /home/logi/txtai/venv/lib/python3.10/site-packages/airflow/example_dags/example_sensors.py
[2025-11-12T09:04:13.846+0530] {processor.py:840} INFO - DAG(s) 'example_sensors' retrieved from /home/logi/txtai/venv/lib/python3.10/site-packages/airflow/example_dags/example_sensors.py
[2025-11-12T09:04:13.879+0530] {logging_mixin.py:188} INFO - [2025-11-12T09:04:13.879+0530] {dag.py:3089} INFO - Sync 1 DAGs
[2025-11-12T09:04:13.890+0530] {logging_mixin.py:188} INFO - [2025-11-12T09:04:13.889+0530] {dag.py:3947} INFO - Setting next_dagrun for example_sensors to None, run_after=None
[2025-11-12T09:04:13.909+0530] {processor.py:183} INFO - Processing /home/logi/txtai/venv/lib/python3.10/site-packages/airflow/example_dags/example_sensors.py took 0.104 seconds
[2025-11-12T09:05:33.807+0530] {processor.py:161} INFO - Started process (PID=26347) to work on /home/logi/txtai/venv/lib/python3.10/site-packages/airflow/example_dags/example_sensors.py
[2025-11-12T09:05:33.820+0530] {processor.py:830} INFO - Processing file /home/logi/txtai/venv/lib/python3.10/site-packages/airflow/example_dags/example_sensors.py for tasks to queue
[2025-11-12T09:05:33.823+0530] {logging_mixin.py:188} INFO - [2025-11-12T09:05:33.823+0530] {dagbag.py:545} INFO - Filling up the DagBag from /home/logi/txtai/venv/lib/python3.10/site-packages/airflow/example_dags/example_sensors.py
[2025-11-12T09:05:33.837+0530] {processor.py:840} INFO - DAG(s) 'example_sensors' retrieved from /home/logi/txtai/venv/lib/python3.10/site-packages/airflow/example_dags/example_sensors.py
[2025-11-12T09:05:33.870+0530] {logging_mixin.py:188} INFO - [2025-11-12T09:05:33.870+0530] {dag.py:3089} INFO - Sync 1 DAGs
[2025-11-12T09:05:33.881+0530] {logging_mixin.py:188} INFO - [2025-11-12T09:05:33.881+0530] {dag.py:3947} INFO - Setting next_dagrun for example_sensors to None, run_after=None
[2025-11-12T09:05:33.900+0530] {processor.py:183} INFO - Processing /home/logi/txtai/venv/lib/python3.10/site-packages/airflow/example_dags/example_sensors.py took 0.103 seconds
[2025-11-12T09:06:43.506+0530] {processor.py:161} INFO - Started process (PID=26884) to work on /home/logi/txtai/venv/lib/python3.10/site-packages/airflow/example_dags/example_sensors.py
[2025-11-12T09:06:43.519+0530] {processor.py:830} INFO - Processing file /home/logi/txtai/venv/lib/python3.10/site-packages/airflow/example_dags/example_sensors.py for tasks to queue
[2025-11-12T09:06:43.523+0530] {logging_mixin.py:188} INFO - [2025-11-12T09:06:43.522+0530] {dagbag.py:545} INFO - Filling up the DagBag from /home/logi/txtai/venv/lib/python3.10/site-packages/airflow/example_dags/example_sensors.py
[2025-11-12T09:06:43.538+0530] {processor.py:840} INFO - DAG(s) 'example_sensors' retrieved from /home/logi/txtai/venv/lib/python3.10/site-packages/airflow/example_dags/example_sensors.py
[2025-11-12T09:06:43.572+0530] {logging_mixin.py:188} INFO - [2025-11-12T09:06:43.572+0530] {dag.py:3089} INFO - Sync 1 DAGs
[2025-11-12T09:06:43.581+0530] {logging_mixin.py:188} INFO - [2025-11-12T09:06:43.581+0530] {dag.py:3947} INFO - Setting next_dagrun for example_sensors to None, run_after=None
[2025-11-12T09:06:43.599+0530] {processor.py:183} INFO - Processing /home/logi/txtai/venv/lib/python3.10/site-packages/airflow/example_dags/example_sensors.py took 0.104 seconds
[2025-11-12T09:07:43.181+0530] {processor.py:161} INFO - Started process (PID=27352) to work on /home/logi/txtai/venv/lib/python3.10/site-packages/airflow/example_dags/example_sensors.py
[2025-11-12T09:07:43.194+0530] {processor.py:830} INFO - Processing file /home/logi/txtai/venv/lib/python3.10/site-packages/airflow/example_dags/example_sensors.py for tasks to queue
[2025-11-12T09:07:43.197+0530] {logging_mixin.py:188} INFO - [2025-11-12T09:07:43.196+0530] {dagbag.py:545} INFO - Filling up the DagBag from /home/logi/txtai/venv/lib/python3.10/site-packages/airflow/example_dags/example_sensors.py
[2025-11-12T09:07:43.212+0530] {processor.py:840} INFO - DAG(s) 'example_sensors' retrieved from /home/logi/txtai/venv/lib/python3.10/site-packages/airflow/example_dags/example_sensors.py
[2025-11-12T09:07:43.246+0530] {logging_mixin.py:188} INFO - [2025-11-12T09:07:43.246+0530] {dag.py:3089} INFO - Sync 1 DAGs
[2025-11-12T09:07:43.255+0530] {logging_mixin.py:188} INFO - [2025-11-12T09:07:43.255+0530] {dag.py:3947} INFO - Setting next_dagrun for example_sensors to None, run_after=None
[2025-11-12T09:07:43.274+0530] {processor.py:183} INFO - Processing /home/logi/txtai/venv/lib/python3.10/site-packages/airflow/example_dags/example_sensors.py took 0.104 seconds
[2025-11-12T09:08:43.229+0530] {processor.py:161} INFO - Started process (PID=27553) to work on /home/logi/txtai/venv/lib/python3.10/site-packages/airflow/example_dags/example_sensors.py
[2025-11-12T09:08:43.231+0530] {processor.py:830} INFO - Processing file /home/logi/txtai/venv/lib/python3.10/site-packages/airflow/example_dags/example_sensors.py for tasks to queue
[2025-11-12T09:08:43.235+0530] {logging_mixin.py:188} INFO - [2025-11-12T09:08:43.234+0530] {dagbag.py:545} INFO - Filling up the DagBag from /home/logi/txtai/venv/lib/python3.10/site-packages/airflow/example_dags/example_sensors.py
[2025-11-12T09:08:43.243+0530] {processor.py:840} INFO - DAG(s) 'example_sensors' retrieved from /home/logi/txtai/venv/lib/python3.10/site-packages/airflow/example_dags/example_sensors.py
[2025-11-12T09:08:43.262+0530] {logging_mixin.py:188} INFO - [2025-11-12T09:08:43.261+0530] {dag.py:3089} INFO - Sync 1 DAGs
[2025-11-12T09:08:43.271+0530] {logging_mixin.py:188} INFO - [2025-11-12T09:08:43.271+0530] {dag.py:3947} INFO - Setting next_dagrun for example_sensors to None, run_after=None
[2025-11-12T09:08:43.292+0530] {processor.py:183} INFO - Processing /home/logi/txtai/venv/lib/python3.10/site-packages/airflow/example_dags/example_sensors.py took 0.074 seconds
[2025-11-12T09:09:47.277+0530] {processor.py:161} INFO - Started process (PID=27657) to work on /home/logi/txtai/venv/lib/python3.10/site-packages/airflow/example_dags/example_sensors.py
[2025-11-12T09:09:47.291+0530] {processor.py:830} INFO - Processing file /home/logi/txtai/venv/lib/python3.10/site-packages/airflow/example_dags/example_sensors.py for tasks to queue
[2025-11-12T09:09:47.294+0530] {logging_mixin.py:188} INFO - [2025-11-12T09:09:47.293+0530] {dagbag.py:545} INFO - Filling up the DagBag from /home/logi/txtai/venv/lib/python3.10/site-packages/airflow/example_dags/example_sensors.py
[2025-11-12T09:09:47.309+0530] {processor.py:840} INFO - DAG(s) 'example_sensors' retrieved from /home/logi/txtai/venv/lib/python3.10/site-packages/airflow/example_dags/example_sensors.py
[2025-11-12T09:09:47.342+0530] {logging_mixin.py:188} INFO - [2025-11-12T09:09:47.341+0530] {dag.py:3089} INFO - Sync 1 DAGs
[2025-11-12T09:09:47.352+0530] {logging_mixin.py:188} INFO - [2025-11-12T09:09:47.351+0530] {dag.py:3947} INFO - Setting next_dagrun for example_sensors to None, run_after=None
[2025-11-12T09:09:47.372+0530] {processor.py:183} INFO - Processing /home/logi/txtai/venv/lib/python3.10/site-packages/airflow/example_dags/example_sensors.py took 0.109 seconds
[2025-11-12T09:10:58.234+0530] {processor.py:161} INFO - Started process (PID=27933) to work on /home/logi/txtai/venv/lib/python3.10/site-packages/airflow/example_dags/example_sensors.py
[2025-11-12T09:10:58.247+0530] {processor.py:830} INFO - Processing file /home/logi/txtai/venv/lib/python3.10/site-packages/airflow/example_dags/example_sensors.py for tasks to queue
[2025-11-12T09:10:58.251+0530] {logging_mixin.py:188} INFO - [2025-11-12T09:10:58.250+0530] {dagbag.py:545} INFO - Filling up the DagBag from /home/logi/txtai/venv/lib/python3.10/site-packages/airflow/example_dags/example_sensors.py
[2025-11-12T09:10:58.266+0530] {processor.py:840} INFO - DAG(s) 'example_sensors' retrieved from /home/logi/txtai/venv/lib/python3.10/site-packages/airflow/example_dags/example_sensors.py
[2025-11-12T09:10:58.300+0530] {logging_mixin.py:188} INFO - [2025-11-12T09:10:58.299+0530] {dag.py:3089} INFO - Sync 1 DAGs
[2025-11-12T09:10:58.310+0530] {logging_mixin.py:188} INFO - [2025-11-12T09:10:58.310+0530] {dag.py:3947} INFO - Setting next_dagrun for example_sensors to None, run_after=None
[2025-11-12T09:10:58.331+0530] {processor.py:183} INFO - Processing /home/logi/txtai/venv/lib/python3.10/site-packages/airflow/example_dags/example_sensors.py took 0.108 seconds
[2025-11-12T09:12:00.540+0530] {processor.py:161} INFO - Started process (PID=28029) to work on /home/logi/txtai/venv/lib/python3.10/site-packages/airflow/example_dags/example_sensors.py
[2025-11-12T09:12:00.554+0530] {processor.py:830} INFO - Processing file /home/logi/txtai/venv/lib/python3.10/site-packages/airflow/example_dags/example_sensors.py for tasks to queue
[2025-11-12T09:12:00.557+0530] {logging_mixin.py:188} INFO - [2025-11-12T09:12:00.556+0530] {dagbag.py:545} INFO - Filling up the DagBag from /home/logi/txtai/venv/lib/python3.10/site-packages/airflow/example_dags/example_sensors.py
[2025-11-12T09:12:00.572+0530] {processor.py:840} INFO - DAG(s) 'example_sensors' retrieved from /home/logi/txtai/venv/lib/python3.10/site-packages/airflow/example_dags/example_sensors.py
[2025-11-12T09:12:00.606+0530] {logging_mixin.py:188} INFO - [2025-11-12T09:12:00.605+0530] {dag.py:3089} INFO - Sync 1 DAGs
[2025-11-12T09:12:00.616+0530] {logging_mixin.py:188} INFO - [2025-11-12T09:12:00.616+0530] {dag.py:3947} INFO - Setting next_dagrun for example_sensors to None, run_after=None
[2025-11-12T09:12:00.645+0530] {processor.py:183} INFO - Processing /home/logi/txtai/venv/lib/python3.10/site-packages/airflow/example_dags/example_sensors.py took 0.116 seconds
[2025-11-12T09:13:04.357+0530] {processor.py:161} INFO - Started process (PID=28194) to work on /home/logi/txtai/venv/lib/python3.10/site-packages/airflow/example_dags/example_sensors.py
[2025-11-12T09:13:04.370+0530] {processor.py:830} INFO - Processing file /home/logi/txtai/venv/lib/python3.10/site-packages/airflow/example_dags/example_sensors.py for tasks to queue
[2025-11-12T09:13:04.373+0530] {logging_mixin.py:188} INFO - [2025-11-12T09:13:04.373+0530] {dagbag.py:545} INFO - Filling up the DagBag from /home/logi/txtai/venv/lib/python3.10/site-packages/airflow/example_dags/example_sensors.py
[2025-11-12T09:13:04.388+0530] {processor.py:840} INFO - DAG(s) 'example_sensors' retrieved from /home/logi/txtai/venv/lib/python3.10/site-packages/airflow/example_dags/example_sensors.py
[2025-11-12T09:13:04.421+0530] {logging_mixin.py:188} INFO - [2025-11-12T09:13:04.421+0530] {dag.py:3089} INFO - Sync 1 DAGs
[2025-11-12T09:13:04.430+0530] {logging_mixin.py:188} INFO - [2025-11-12T09:13:04.430+0530] {dag.py:3947} INFO - Setting next_dagrun for example_sensors to None, run_after=None
[2025-11-12T09:13:04.448+0530] {processor.py:183} INFO - Processing /home/logi/txtai/venv/lib/python3.10/site-packages/airflow/example_dags/example_sensors.py took 0.102 seconds
[2025-11-12T09:14:06.641+0530] {processor.py:161} INFO - Started process (PID=28409) to work on /home/logi/txtai/venv/lib/python3.10/site-packages/airflow/example_dags/example_sensors.py
[2025-11-12T09:14:06.656+0530] {processor.py:830} INFO - Processing file /home/logi/txtai/venv/lib/python3.10/site-packages/airflow/example_dags/example_sensors.py for tasks to queue
[2025-11-12T09:14:06.660+0530] {logging_mixin.py:188} INFO - [2025-11-12T09:14:06.659+0530] {dagbag.py:545} INFO - Filling up the DagBag from /home/logi/txtai/venv/lib/python3.10/site-packages/airflow/example_dags/example_sensors.py
[2025-11-12T09:14:06.686+0530] {processor.py:840} INFO - DAG(s) 'example_sensors' retrieved from /home/logi/txtai/venv/lib/python3.10/site-packages/airflow/example_dags/example_sensors.py
[2025-11-12T09:14:06.722+0530] {logging_mixin.py:188} INFO - [2025-11-12T09:14:06.722+0530] {dag.py:3089} INFO - Sync 1 DAGs
[2025-11-12T09:14:06.745+0530] {logging_mixin.py:188} INFO - [2025-11-12T09:14:06.744+0530] {dag.py:3947} INFO - Setting next_dagrun for example_sensors to None, run_after=None
[2025-11-12T09:14:06.777+0530] {processor.py:183} INFO - Processing /home/logi/txtai/venv/lib/python3.10/site-packages/airflow/example_dags/example_sensors.py took 0.148 seconds
[2025-11-12T09:15:05.271+0530] {processor.py:161} INFO - Started process (PID=28510) to work on /home/logi/txtai/venv/lib/python3.10/site-packages/airflow/example_dags/example_sensors.py
[2025-11-12T09:15:05.285+0530] {processor.py:830} INFO - Processing file /home/logi/txtai/venv/lib/python3.10/site-packages/airflow/example_dags/example_sensors.py for tasks to queue
[2025-11-12T09:15:05.288+0530] {logging_mixin.py:188} INFO - [2025-11-12T09:15:05.287+0530] {dagbag.py:545} INFO - Filling up the DagBag from /home/logi/txtai/venv/lib/python3.10/site-packages/airflow/example_dags/example_sensors.py
[2025-11-12T09:15:05.306+0530] {processor.py:840} INFO - DAG(s) 'example_sensors' retrieved from /home/logi/txtai/venv/lib/python3.10/site-packages/airflow/example_dags/example_sensors.py
[2025-11-12T09:15:05.341+0530] {logging_mixin.py:188} INFO - [2025-11-12T09:15:05.340+0530] {dag.py:3089} INFO - Sync 1 DAGs
[2025-11-12T09:15:05.354+0530] {logging_mixin.py:188} INFO - [2025-11-12T09:15:05.353+0530] {dag.py:3947} INFO - Setting next_dagrun for example_sensors to None, run_after=None
[2025-11-12T09:15:05.381+0530] {processor.py:183} INFO - Processing /home/logi/txtai/venv/lib/python3.10/site-packages/airflow/example_dags/example_sensors.py took 0.121 seconds
[2025-11-12T09:16:38.051+0530] {processor.py:161} INFO - Started process (PID=29242) to work on /home/logi/txtai/venv/lib/python3.10/site-packages/airflow/example_dags/example_sensors.py
[2025-11-12T09:16:38.065+0530] {processor.py:830} INFO - Processing file /home/logi/txtai/venv/lib/python3.10/site-packages/airflow/example_dags/example_sensors.py for tasks to queue
[2025-11-12T09:16:38.068+0530] {logging_mixin.py:188} INFO - [2025-11-12T09:16:38.068+0530] {dagbag.py:545} INFO - Filling up the DagBag from /home/logi/txtai/venv/lib/python3.10/site-packages/airflow/example_dags/example_sensors.py
[2025-11-12T09:16:38.087+0530] {processor.py:840} INFO - DAG(s) 'example_sensors' retrieved from /home/logi/txtai/venv/lib/python3.10/site-packages/airflow/example_dags/example_sensors.py
[2025-11-12T09:16:38.123+0530] {logging_mixin.py:188} INFO - [2025-11-12T09:16:38.123+0530] {dag.py:3089} INFO - Sync 1 DAGs
[2025-11-12T09:16:38.137+0530] {logging_mixin.py:188} INFO - [2025-11-12T09:16:38.136+0530] {dag.py:3947} INFO - Setting next_dagrun for example_sensors to None, run_after=None
[2025-11-12T09:16:38.163+0530] {processor.py:183} INFO - Processing /home/logi/txtai/venv/lib/python3.10/site-packages/airflow/example_dags/example_sensors.py took 0.124 seconds
[2025-11-12T09:17:38.951+0530] {processor.py:161} INFO - Started process (PID=29717) to work on /home/logi/txtai/venv/lib/python3.10/site-packages/airflow/example_dags/example_sensors.py
[2025-11-12T09:17:38.964+0530] {processor.py:830} INFO - Processing file /home/logi/txtai/venv/lib/python3.10/site-packages/airflow/example_dags/example_sensors.py for tasks to queue
[2025-11-12T09:17:38.967+0530] {logging_mixin.py:188} INFO - [2025-11-12T09:17:38.966+0530] {dagbag.py:545} INFO - Filling up the DagBag from /home/logi/txtai/venv/lib/python3.10/site-packages/airflow/example_dags/example_sensors.py
[2025-11-12T09:17:38.981+0530] {processor.py:840} INFO - DAG(s) 'example_sensors' retrieved from /home/logi/txtai/venv/lib/python3.10/site-packages/airflow/example_dags/example_sensors.py
[2025-11-12T09:17:39.013+0530] {logging_mixin.py:188} INFO - [2025-11-12T09:17:39.013+0530] {dag.py:3089} INFO - Sync 1 DAGs
[2025-11-12T09:17:39.022+0530] {logging_mixin.py:188} INFO - [2025-11-12T09:17:39.022+0530] {dag.py:3947} INFO - Setting next_dagrun for example_sensors to None, run_after=None
[2025-11-12T09:17:39.155+0530] {processor.py:183} INFO - Processing /home/logi/txtai/venv/lib/python3.10/site-packages/airflow/example_dags/example_sensors.py took 0.213 seconds
