[2025-11-12T06:03:25.309+0530] {processor.py:161} INFO - Started process (PID=5848) to work on /home/logi/txtai/venv/lib/python3.10/site-packages/airflow/example_dags/tutorial_dag.py
[2025-11-12T06:03:25.310+0530] {processor.py:830} INFO - Processing file /home/logi/txtai/venv/lib/python3.10/site-packages/airflow/example_dags/tutorial_dag.py for tasks to queue
[2025-11-12T06:03:25.313+0530] {logging_mixin.py:188} INFO - [2025-11-12T06:03:25.313+0530] {dagbag.py:545} INFO - Filling up the DagBag from /home/logi/txtai/venv/lib/python3.10/site-packages/airflow/example_dags/tutorial_dag.py
[2025-11-12T06:03:25.325+0530] {processor.py:840} INFO - DAG(s) 'tutorial_dag' retrieved from /home/logi/txtai/venv/lib/python3.10/site-packages/airflow/example_dags/tutorial_dag.py
[2025-11-12T06:03:25.349+0530] {logging_mixin.py:188} INFO - [2025-11-12T06:03:25.349+0530] {dag.py:3089} INFO - Sync 1 DAGs
[2025-11-12T06:03:25.359+0530] {logging_mixin.py:188} INFO - [2025-11-12T06:03:25.359+0530] {dag.py:3947} INFO - Setting next_dagrun for tutorial_dag to None, run_after=None
[2025-11-12T06:03:25.397+0530] {processor.py:183} INFO - Processing /home/logi/txtai/venv/lib/python3.10/site-packages/airflow/example_dags/tutorial_dag.py took 0.098 seconds
[2025-11-12T06:04:34.949+0530] {processor.py:161} INFO - Started process (PID=6146) to work on /home/logi/txtai/venv/lib/python3.10/site-packages/airflow/example_dags/tutorial_dag.py
[2025-11-12T06:04:34.962+0530] {processor.py:830} INFO - Processing file /home/logi/txtai/venv/lib/python3.10/site-packages/airflow/example_dags/tutorial_dag.py for tasks to queue
[2025-11-12T06:04:34.965+0530] {logging_mixin.py:188} INFO - [2025-11-12T06:04:34.964+0530] {dagbag.py:545} INFO - Filling up the DagBag from /home/logi/txtai/venv/lib/python3.10/site-packages/airflow/example_dags/tutorial_dag.py
[2025-11-12T06:04:34.972+0530] {processor.py:840} INFO - DAG(s) 'tutorial_dag' retrieved from /home/logi/txtai/venv/lib/python3.10/site-packages/airflow/example_dags/tutorial_dag.py
[2025-11-12T06:04:34.986+0530] {logging_mixin.py:188} INFO - [2025-11-12T06:04:34.986+0530] {dag.py:3089} INFO - Sync 1 DAGs
[2025-11-12T06:04:34.995+0530] {logging_mixin.py:188} INFO - [2025-11-12T06:04:34.995+0530] {dag.py:3947} INFO - Setting next_dagrun for tutorial_dag to None, run_after=None
[2025-11-12T06:04:35.013+0530] {processor.py:183} INFO - Processing /home/logi/txtai/venv/lib/python3.10/site-packages/airflow/example_dags/tutorial_dag.py took 0.070 seconds
[2025-11-12T06:05:37.463+0530] {processor.py:161} INFO - Started process (PID=6375) to work on /home/logi/txtai/venv/lib/python3.10/site-packages/airflow/example_dags/tutorial_dag.py
[2025-11-12T06:05:37.476+0530] {processor.py:830} INFO - Processing file /home/logi/txtai/venv/lib/python3.10/site-packages/airflow/example_dags/tutorial_dag.py for tasks to queue
[2025-11-12T06:05:37.479+0530] {logging_mixin.py:188} INFO - [2025-11-12T06:05:37.479+0530] {dagbag.py:545} INFO - Filling up the DagBag from /home/logi/txtai/venv/lib/python3.10/site-packages/airflow/example_dags/tutorial_dag.py
[2025-11-12T06:05:37.489+0530] {processor.py:840} INFO - DAG(s) 'tutorial_dag' retrieved from /home/logi/txtai/venv/lib/python3.10/site-packages/airflow/example_dags/tutorial_dag.py
[2025-11-12T06:05:37.515+0530] {logging_mixin.py:188} INFO - [2025-11-12T06:05:37.515+0530] {dag.py:3089} INFO - Sync 1 DAGs
[2025-11-12T06:05:37.528+0530] {logging_mixin.py:188} INFO - [2025-11-12T06:05:37.527+0530] {dag.py:3947} INFO - Setting next_dagrun for tutorial_dag to None, run_after=None
[2025-11-12T06:05:37.555+0530] {processor.py:183} INFO - Processing /home/logi/txtai/venv/lib/python3.10/site-packages/airflow/example_dags/tutorial_dag.py took 0.100 seconds
[2025-11-12T06:06:37.135+0530] {processor.py:161} INFO - Started process (PID=6741) to work on /home/logi/txtai/venv/lib/python3.10/site-packages/airflow/example_dags/tutorial_dag.py
[2025-11-12T06:06:37.149+0530] {processor.py:830} INFO - Processing file /home/logi/txtai/venv/lib/python3.10/site-packages/airflow/example_dags/tutorial_dag.py for tasks to queue
[2025-11-12T06:06:37.152+0530] {logging_mixin.py:188} INFO - [2025-11-12T06:06:37.151+0530] {dagbag.py:545} INFO - Filling up the DagBag from /home/logi/txtai/venv/lib/python3.10/site-packages/airflow/example_dags/tutorial_dag.py
[2025-11-12T06:06:37.162+0530] {processor.py:840} INFO - DAG(s) 'tutorial_dag' retrieved from /home/logi/txtai/venv/lib/python3.10/site-packages/airflow/example_dags/tutorial_dag.py
[2025-11-12T06:06:37.190+0530] {logging_mixin.py:188} INFO - [2025-11-12T06:06:37.189+0530] {dag.py:3089} INFO - Sync 1 DAGs
[2025-11-12T06:06:37.204+0530] {logging_mixin.py:188} INFO - [2025-11-12T06:06:37.204+0530] {dag.py:3947} INFO - Setting next_dagrun for tutorial_dag to None, run_after=None
[2025-11-12T06:06:37.231+0530] {processor.py:183} INFO - Processing /home/logi/txtai/venv/lib/python3.10/site-packages/airflow/example_dags/tutorial_dag.py took 0.108 seconds
[2025-11-12T06:07:34.607+0530] {processor.py:161} INFO - Started process (PID=6820) to work on /home/logi/txtai/venv/lib/python3.10/site-packages/airflow/example_dags/tutorial_dag.py
[2025-11-12T06:07:34.621+0530] {processor.py:830} INFO - Processing file /home/logi/txtai/venv/lib/python3.10/site-packages/airflow/example_dags/tutorial_dag.py for tasks to queue
[2025-11-12T06:07:34.624+0530] {logging_mixin.py:188} INFO - [2025-11-12T06:07:34.623+0530] {dagbag.py:545} INFO - Filling up the DagBag from /home/logi/txtai/venv/lib/python3.10/site-packages/airflow/example_dags/tutorial_dag.py
[2025-11-12T06:07:34.637+0530] {processor.py:840} INFO - DAG(s) 'tutorial_dag' retrieved from /home/logi/txtai/venv/lib/python3.10/site-packages/airflow/example_dags/tutorial_dag.py
[2025-11-12T06:07:34.673+0530] {logging_mixin.py:188} INFO - [2025-11-12T06:07:34.673+0530] {dag.py:3089} INFO - Sync 1 DAGs
[2025-11-12T06:07:34.689+0530] {logging_mixin.py:188} INFO - [2025-11-12T06:07:34.688+0530] {dag.py:3947} INFO - Setting next_dagrun for tutorial_dag to None, run_after=None
[2025-11-12T06:07:34.713+0530] {processor.py:183} INFO - Processing /home/logi/txtai/venv/lib/python3.10/site-packages/airflow/example_dags/tutorial_dag.py took 0.117 seconds
[2025-11-12T06:08:36.870+0530] {processor.py:161} INFO - Started process (PID=7397) to work on /home/logi/txtai/venv/lib/python3.10/site-packages/airflow/example_dags/tutorial_dag.py
[2025-11-12T06:08:36.883+0530] {processor.py:830} INFO - Processing file /home/logi/txtai/venv/lib/python3.10/site-packages/airflow/example_dags/tutorial_dag.py for tasks to queue
[2025-11-12T06:08:36.887+0530] {logging_mixin.py:188} INFO - [2025-11-12T06:08:36.886+0530] {dagbag.py:545} INFO - Filling up the DagBag from /home/logi/txtai/venv/lib/python3.10/site-packages/airflow/example_dags/tutorial_dag.py
[2025-11-12T06:08:36.897+0530] {processor.py:840} INFO - DAG(s) 'tutorial_dag' retrieved from /home/logi/txtai/venv/lib/python3.10/site-packages/airflow/example_dags/tutorial_dag.py
[2025-11-12T06:08:36.925+0530] {logging_mixin.py:188} INFO - [2025-11-12T06:08:36.925+0530] {dag.py:3089} INFO - Sync 1 DAGs
[2025-11-12T06:08:36.939+0530] {logging_mixin.py:188} INFO - [2025-11-12T06:08:36.939+0530] {dag.py:3947} INFO - Setting next_dagrun for tutorial_dag to None, run_after=None
[2025-11-12T06:08:36.965+0530] {processor.py:183} INFO - Processing /home/logi/txtai/venv/lib/python3.10/site-packages/airflow/example_dags/tutorial_dag.py took 0.107 seconds
[2025-11-12T08:07:56.693+0530] {processor.py:161} INFO - Started process (PID=9947) to work on /home/logi/txtai/venv/lib/python3.10/site-packages/airflow/example_dags/tutorial_dag.py
[2025-11-12T08:07:56.707+0530] {processor.py:830} INFO - Processing file /home/logi/txtai/venv/lib/python3.10/site-packages/airflow/example_dags/tutorial_dag.py for tasks to queue
[2025-11-12T08:07:56.710+0530] {logging_mixin.py:188} INFO - [2025-11-12T08:07:56.709+0530] {dagbag.py:545} INFO - Filling up the DagBag from /home/logi/txtai/venv/lib/python3.10/site-packages/airflow/example_dags/tutorial_dag.py
[2025-11-12T08:07:56.724+0530] {processor.py:840} INFO - DAG(s) 'tutorial_dag' retrieved from /home/logi/txtai/venv/lib/python3.10/site-packages/airflow/example_dags/tutorial_dag.py
[2025-11-12T08:07:56.765+0530] {logging_mixin.py:188} INFO - [2025-11-12T08:07:56.764+0530] {dag.py:3089} INFO - Sync 1 DAGs
[2025-11-12T08:07:56.779+0530] {logging_mixin.py:188} INFO - [2025-11-12T08:07:56.779+0530] {dag.py:3947} INFO - Setting next_dagrun for tutorial_dag to None, run_after=None
[2025-11-12T08:07:56.844+0530] {processor.py:183} INFO - Processing /home/logi/txtai/venv/lib/python3.10/site-packages/airflow/example_dags/tutorial_dag.py took 0.161 seconds
[2025-11-12T08:08:56.258+0530] {processor.py:161} INFO - Started process (PID=10433) to work on /home/logi/txtai/venv/lib/python3.10/site-packages/airflow/example_dags/tutorial_dag.py
[2025-11-12T08:08:56.271+0530] {processor.py:830} INFO - Processing file /home/logi/txtai/venv/lib/python3.10/site-packages/airflow/example_dags/tutorial_dag.py for tasks to queue
[2025-11-12T08:08:56.275+0530] {logging_mixin.py:188} INFO - [2025-11-12T08:08:56.274+0530] {dagbag.py:545} INFO - Filling up the DagBag from /home/logi/txtai/venv/lib/python3.10/site-packages/airflow/example_dags/tutorial_dag.py
[2025-11-12T08:08:56.283+0530] {processor.py:840} INFO - DAG(s) 'tutorial_dag' retrieved from /home/logi/txtai/venv/lib/python3.10/site-packages/airflow/example_dags/tutorial_dag.py
[2025-11-12T08:08:56.308+0530] {logging_mixin.py:188} INFO - [2025-11-12T08:08:56.307+0530] {dag.py:3089} INFO - Sync 1 DAGs
[2025-11-12T08:08:56.324+0530] {logging_mixin.py:188} INFO - [2025-11-12T08:08:56.324+0530] {dag.py:3947} INFO - Setting next_dagrun for tutorial_dag to None, run_after=None
[2025-11-12T08:08:56.341+0530] {processor.py:183} INFO - Processing /home/logi/txtai/venv/lib/python3.10/site-packages/airflow/example_dags/tutorial_dag.py took 0.093 seconds
[2025-11-12T08:09:55.068+0530] {processor.py:161} INFO - Started process (PID=10878) to work on /home/logi/txtai/venv/lib/python3.10/site-packages/airflow/example_dags/tutorial_dag.py
[2025-11-12T08:09:55.082+0530] {processor.py:830} INFO - Processing file /home/logi/txtai/venv/lib/python3.10/site-packages/airflow/example_dags/tutorial_dag.py for tasks to queue
[2025-11-12T08:09:55.086+0530] {logging_mixin.py:188} INFO - [2025-11-12T08:09:55.085+0530] {dagbag.py:545} INFO - Filling up the DagBag from /home/logi/txtai/venv/lib/python3.10/site-packages/airflow/example_dags/tutorial_dag.py
[2025-11-12T08:09:55.097+0530] {processor.py:840} INFO - DAG(s) 'tutorial_dag' retrieved from /home/logi/txtai/venv/lib/python3.10/site-packages/airflow/example_dags/tutorial_dag.py
[2025-11-12T08:09:55.126+0530] {logging_mixin.py:188} INFO - [2025-11-12T08:09:55.125+0530] {dag.py:3089} INFO - Sync 1 DAGs
[2025-11-12T08:09:55.141+0530] {logging_mixin.py:188} INFO - [2025-11-12T08:09:55.141+0530] {dag.py:3947} INFO - Setting next_dagrun for tutorial_dag to None, run_after=None
[2025-11-12T08:09:55.173+0530] {processor.py:183} INFO - Processing /home/logi/txtai/venv/lib/python3.10/site-packages/airflow/example_dags/tutorial_dag.py took 0.120 seconds
[2025-11-12T08:10:55.376+0530] {processor.py:161} INFO - Started process (PID=11136) to work on /home/logi/txtai/venv/lib/python3.10/site-packages/airflow/example_dags/tutorial_dag.py
[2025-11-12T08:10:55.378+0530] {processor.py:830} INFO - Processing file /home/logi/txtai/venv/lib/python3.10/site-packages/airflow/example_dags/tutorial_dag.py for tasks to queue
[2025-11-12T08:10:55.381+0530] {logging_mixin.py:188} INFO - [2025-11-12T08:10:55.381+0530] {dagbag.py:545} INFO - Filling up the DagBag from /home/logi/txtai/venv/lib/python3.10/site-packages/airflow/example_dags/tutorial_dag.py
[2025-11-12T08:10:55.391+0530] {processor.py:840} INFO - DAG(s) 'tutorial_dag' retrieved from /home/logi/txtai/venv/lib/python3.10/site-packages/airflow/example_dags/tutorial_dag.py
[2025-11-12T08:10:55.417+0530] {logging_mixin.py:188} INFO - [2025-11-12T08:10:55.416+0530] {dag.py:3089} INFO - Sync 1 DAGs
[2025-11-12T08:10:55.427+0530] {logging_mixin.py:188} INFO - [2025-11-12T08:10:55.426+0530] {dag.py:3947} INFO - Setting next_dagrun for tutorial_dag to None, run_after=None
[2025-11-12T08:10:55.455+0530] {processor.py:183} INFO - Processing /home/logi/txtai/venv/lib/python3.10/site-packages/airflow/example_dags/tutorial_dag.py took 0.089 seconds
[2025-11-12T08:11:57.888+0530] {processor.py:161} INFO - Started process (PID=11440) to work on /home/logi/txtai/venv/lib/python3.10/site-packages/airflow/example_dags/tutorial_dag.py
[2025-11-12T08:11:57.902+0530] {processor.py:830} INFO - Processing file /home/logi/txtai/venv/lib/python3.10/site-packages/airflow/example_dags/tutorial_dag.py for tasks to queue
[2025-11-12T08:11:57.905+0530] {logging_mixin.py:188} INFO - [2025-11-12T08:11:57.905+0530] {dagbag.py:545} INFO - Filling up the DagBag from /home/logi/txtai/venv/lib/python3.10/site-packages/airflow/example_dags/tutorial_dag.py
[2025-11-12T08:11:57.916+0530] {processor.py:840} INFO - DAG(s) 'tutorial_dag' retrieved from /home/logi/txtai/venv/lib/python3.10/site-packages/airflow/example_dags/tutorial_dag.py
[2025-11-12T08:11:57.944+0530] {logging_mixin.py:188} INFO - [2025-11-12T08:11:57.944+0530] {dag.py:3089} INFO - Sync 1 DAGs
[2025-11-12T08:11:57.959+0530] {logging_mixin.py:188} INFO - [2025-11-12T08:11:57.958+0530] {dag.py:3947} INFO - Setting next_dagrun for tutorial_dag to None, run_after=None
[2025-11-12T08:11:57.986+0530] {processor.py:183} INFO - Processing /home/logi/txtai/venv/lib/python3.10/site-packages/airflow/example_dags/tutorial_dag.py took 0.109 seconds
[2025-11-12T08:13:23.705+0530] {processor.py:161} INFO - Started process (PID=12465) to work on /home/logi/txtai/venv/lib/python3.10/site-packages/airflow/example_dags/tutorial_dag.py
[2025-11-12T08:13:23.718+0530] {processor.py:830} INFO - Processing file /home/logi/txtai/venv/lib/python3.10/site-packages/airflow/example_dags/tutorial_dag.py for tasks to queue
[2025-11-12T08:13:23.721+0530] {logging_mixin.py:188} INFO - [2025-11-12T08:13:23.720+0530] {dagbag.py:545} INFO - Filling up the DagBag from /home/logi/txtai/venv/lib/python3.10/site-packages/airflow/example_dags/tutorial_dag.py
[2025-11-12T08:13:23.730+0530] {processor.py:840} INFO - DAG(s) 'tutorial_dag' retrieved from /home/logi/txtai/venv/lib/python3.10/site-packages/airflow/example_dags/tutorial_dag.py
[2025-11-12T08:13:23.757+0530] {logging_mixin.py:188} INFO - [2025-11-12T08:13:23.756+0530] {dag.py:3089} INFO - Sync 1 DAGs
[2025-11-12T08:13:23.771+0530] {logging_mixin.py:188} INFO - [2025-11-12T08:13:23.770+0530] {dag.py:3947} INFO - Setting next_dagrun for tutorial_dag to None, run_after=None
[2025-11-12T08:13:23.799+0530] {processor.py:183} INFO - Processing /home/logi/txtai/venv/lib/python3.10/site-packages/airflow/example_dags/tutorial_dag.py took 0.105 seconds
[2025-11-12T08:14:14.722+0530] {processor.py:161} INFO - Started process (PID=12891) to work on /home/logi/txtai/venv/lib/python3.10/site-packages/airflow/example_dags/tutorial_dag.py
[2025-11-12T08:14:14.736+0530] {processor.py:830} INFO - Processing file /home/logi/txtai/venv/lib/python3.10/site-packages/airflow/example_dags/tutorial_dag.py for tasks to queue
[2025-11-12T08:14:14.740+0530] {logging_mixin.py:188} INFO - [2025-11-12T08:14:14.739+0530] {dagbag.py:545} INFO - Filling up the DagBag from /home/logi/txtai/venv/lib/python3.10/site-packages/airflow/example_dags/tutorial_dag.py
[2025-11-12T08:14:14.750+0530] {processor.py:840} INFO - DAG(s) 'tutorial_dag' retrieved from /home/logi/txtai/venv/lib/python3.10/site-packages/airflow/example_dags/tutorial_dag.py
[2025-11-12T08:14:14.775+0530] {logging_mixin.py:188} INFO - [2025-11-12T08:14:14.775+0530] {dag.py:3089} INFO - Sync 1 DAGs
[2025-11-12T08:14:14.792+0530] {logging_mixin.py:188} INFO - [2025-11-12T08:14:14.791+0530] {dag.py:3947} INFO - Setting next_dagrun for tutorial_dag to None, run_after=None
[2025-11-12T08:14:14.812+0530] {processor.py:183} INFO - Processing /home/logi/txtai/venv/lib/python3.10/site-packages/airflow/example_dags/tutorial_dag.py took 0.102 seconds
[2025-11-12T08:15:13.163+0530] {processor.py:161} INFO - Started process (PID=13373) to work on /home/logi/txtai/venv/lib/python3.10/site-packages/airflow/example_dags/tutorial_dag.py
[2025-11-12T08:15:13.178+0530] {processor.py:830} INFO - Processing file /home/logi/txtai/venv/lib/python3.10/site-packages/airflow/example_dags/tutorial_dag.py for tasks to queue
[2025-11-12T08:15:13.181+0530] {logging_mixin.py:188} INFO - [2025-11-12T08:15:13.180+0530] {dagbag.py:545} INFO - Filling up the DagBag from /home/logi/txtai/venv/lib/python3.10/site-packages/airflow/example_dags/tutorial_dag.py
[2025-11-12T08:15:13.191+0530] {processor.py:840} INFO - DAG(s) 'tutorial_dag' retrieved from /home/logi/txtai/venv/lib/python3.10/site-packages/airflow/example_dags/tutorial_dag.py
[2025-11-12T08:15:13.218+0530] {logging_mixin.py:188} INFO - [2025-11-12T08:15:13.217+0530] {dag.py:3089} INFO - Sync 1 DAGs
[2025-11-12T08:15:13.233+0530] {logging_mixin.py:188} INFO - [2025-11-12T08:15:13.233+0530] {dag.py:3947} INFO - Setting next_dagrun for tutorial_dag to None, run_after=None
[2025-11-12T08:15:13.259+0530] {processor.py:183} INFO - Processing /home/logi/txtai/venv/lib/python3.10/site-packages/airflow/example_dags/tutorial_dag.py took 0.107 seconds
[2025-11-12T08:16:12.146+0530] {processor.py:161} INFO - Started process (PID=13840) to work on /home/logi/txtai/venv/lib/python3.10/site-packages/airflow/example_dags/tutorial_dag.py
[2025-11-12T08:16:12.161+0530] {processor.py:830} INFO - Processing file /home/logi/txtai/venv/lib/python3.10/site-packages/airflow/example_dags/tutorial_dag.py for tasks to queue
[2025-11-12T08:16:12.164+0530] {logging_mixin.py:188} INFO - [2025-11-12T08:16:12.163+0530] {dagbag.py:545} INFO - Filling up the DagBag from /home/logi/txtai/venv/lib/python3.10/site-packages/airflow/example_dags/tutorial_dag.py
[2025-11-12T08:16:12.174+0530] {processor.py:840} INFO - DAG(s) 'tutorial_dag' retrieved from /home/logi/txtai/venv/lib/python3.10/site-packages/airflow/example_dags/tutorial_dag.py
[2025-11-12T08:16:12.201+0530] {logging_mixin.py:188} INFO - [2025-11-12T08:16:12.201+0530] {dag.py:3089} INFO - Sync 1 DAGs
[2025-11-12T08:16:12.216+0530] {logging_mixin.py:188} INFO - [2025-11-12T08:16:12.216+0530] {dag.py:3947} INFO - Setting next_dagrun for tutorial_dag to None, run_after=None
[2025-11-12T08:16:12.237+0530] {processor.py:183} INFO - Processing /home/logi/txtai/venv/lib/python3.10/site-packages/airflow/example_dags/tutorial_dag.py took 0.102 seconds
[2025-11-12T08:17:11.586+0530] {processor.py:161} INFO - Started process (PID=14331) to work on /home/logi/txtai/venv/lib/python3.10/site-packages/airflow/example_dags/tutorial_dag.py
[2025-11-12T08:17:11.599+0530] {processor.py:830} INFO - Processing file /home/logi/txtai/venv/lib/python3.10/site-packages/airflow/example_dags/tutorial_dag.py for tasks to queue
[2025-11-12T08:17:11.602+0530] {logging_mixin.py:188} INFO - [2025-11-12T08:17:11.601+0530] {dagbag.py:545} INFO - Filling up the DagBag from /home/logi/txtai/venv/lib/python3.10/site-packages/airflow/example_dags/tutorial_dag.py
[2025-11-12T08:17:11.612+0530] {processor.py:840} INFO - DAG(s) 'tutorial_dag' retrieved from /home/logi/txtai/venv/lib/python3.10/site-packages/airflow/example_dags/tutorial_dag.py
[2025-11-12T08:17:11.637+0530] {logging_mixin.py:188} INFO - [2025-11-12T08:17:11.637+0530] {dag.py:3089} INFO - Sync 1 DAGs
[2025-11-12T08:17:11.648+0530] {logging_mixin.py:188} INFO - [2025-11-12T08:17:11.648+0530] {dag.py:3947} INFO - Setting next_dagrun for tutorial_dag to None, run_after=None
[2025-11-12T08:17:11.668+0530] {processor.py:183} INFO - Processing /home/logi/txtai/venv/lib/python3.10/site-packages/airflow/example_dags/tutorial_dag.py took 0.094 seconds
[2025-11-12T08:18:16.582+0530] {processor.py:161} INFO - Started process (PID=14999) to work on /home/logi/txtai/venv/lib/python3.10/site-packages/airflow/example_dags/tutorial_dag.py
[2025-11-12T08:18:16.595+0530] {processor.py:830} INFO - Processing file /home/logi/txtai/venv/lib/python3.10/site-packages/airflow/example_dags/tutorial_dag.py for tasks to queue
[2025-11-12T08:18:16.599+0530] {logging_mixin.py:188} INFO - [2025-11-12T08:18:16.598+0530] {dagbag.py:545} INFO - Filling up the DagBag from /home/logi/txtai/venv/lib/python3.10/site-packages/airflow/example_dags/tutorial_dag.py
[2025-11-12T08:18:16.609+0530] {processor.py:840} INFO - DAG(s) 'tutorial_dag' retrieved from /home/logi/txtai/venv/lib/python3.10/site-packages/airflow/example_dags/tutorial_dag.py
[2025-11-12T08:18:16.636+0530] {logging_mixin.py:188} INFO - [2025-11-12T08:18:16.635+0530] {dag.py:3089} INFO - Sync 1 DAGs
[2025-11-12T08:18:16.650+0530] {logging_mixin.py:188} INFO - [2025-11-12T08:18:16.650+0530] {dag.py:3947} INFO - Setting next_dagrun for tutorial_dag to None, run_after=None
[2025-11-12T08:18:16.679+0530] {processor.py:183} INFO - Processing /home/logi/txtai/venv/lib/python3.10/site-packages/airflow/example_dags/tutorial_dag.py took 0.108 seconds
[2025-11-12T08:19:22.316+0530] {processor.py:161} INFO - Started process (PID=15567) to work on /home/logi/txtai/venv/lib/python3.10/site-packages/airflow/example_dags/tutorial_dag.py
[2025-11-12T08:19:22.330+0530] {processor.py:830} INFO - Processing file /home/logi/txtai/venv/lib/python3.10/site-packages/airflow/example_dags/tutorial_dag.py for tasks to queue
[2025-11-12T08:19:22.333+0530] {logging_mixin.py:188} INFO - [2025-11-12T08:19:22.332+0530] {dagbag.py:545} INFO - Filling up the DagBag from /home/logi/txtai/venv/lib/python3.10/site-packages/airflow/example_dags/tutorial_dag.py
[2025-11-12T08:19:22.342+0530] {processor.py:840} INFO - DAG(s) 'tutorial_dag' retrieved from /home/logi/txtai/venv/lib/python3.10/site-packages/airflow/example_dags/tutorial_dag.py
[2025-11-12T08:19:22.368+0530] {logging_mixin.py:188} INFO - [2025-11-12T08:19:22.368+0530] {dag.py:3089} INFO - Sync 1 DAGs
[2025-11-12T08:19:22.384+0530] {logging_mixin.py:188} INFO - [2025-11-12T08:19:22.384+0530] {dag.py:3947} INFO - Setting next_dagrun for tutorial_dag to None, run_after=None
[2025-11-12T08:19:22.411+0530] {processor.py:183} INFO - Processing /home/logi/txtai/venv/lib/python3.10/site-packages/airflow/example_dags/tutorial_dag.py took 0.106 seconds
[2025-11-12T08:20:21.307+0530] {processor.py:161} INFO - Started process (PID=16049) to work on /home/logi/txtai/venv/lib/python3.10/site-packages/airflow/example_dags/tutorial_dag.py
[2025-11-12T08:20:21.321+0530] {processor.py:830} INFO - Processing file /home/logi/txtai/venv/lib/python3.10/site-packages/airflow/example_dags/tutorial_dag.py for tasks to queue
[2025-11-12T08:20:21.324+0530] {logging_mixin.py:188} INFO - [2025-11-12T08:20:21.323+0530] {dagbag.py:545} INFO - Filling up the DagBag from /home/logi/txtai/venv/lib/python3.10/site-packages/airflow/example_dags/tutorial_dag.py
[2025-11-12T08:20:21.334+0530] {processor.py:840} INFO - DAG(s) 'tutorial_dag' retrieved from /home/logi/txtai/venv/lib/python3.10/site-packages/airflow/example_dags/tutorial_dag.py
[2025-11-12T08:20:21.362+0530] {logging_mixin.py:188} INFO - [2025-11-12T08:20:21.362+0530] {dag.py:3089} INFO - Sync 1 DAGs
[2025-11-12T08:20:21.377+0530] {logging_mixin.py:188} INFO - [2025-11-12T08:20:21.377+0530] {dag.py:3947} INFO - Setting next_dagrun for tutorial_dag to None, run_after=None
[2025-11-12T08:20:21.404+0530] {processor.py:183} INFO - Processing /home/logi/txtai/venv/lib/python3.10/site-packages/airflow/example_dags/tutorial_dag.py took 0.109 seconds
[2025-11-12T08:21:27.502+0530] {processor.py:161} INFO - Started process (PID=16573) to work on /home/logi/txtai/venv/lib/python3.10/site-packages/airflow/example_dags/tutorial_dag.py
[2025-11-12T08:21:27.517+0530] {processor.py:830} INFO - Processing file /home/logi/txtai/venv/lib/python3.10/site-packages/airflow/example_dags/tutorial_dag.py for tasks to queue
[2025-11-12T08:21:27.520+0530] {logging_mixin.py:188} INFO - [2025-11-12T08:21:27.520+0530] {dagbag.py:545} INFO - Filling up the DagBag from /home/logi/txtai/venv/lib/python3.10/site-packages/airflow/example_dags/tutorial_dag.py
[2025-11-12T08:21:27.530+0530] {processor.py:840} INFO - DAG(s) 'tutorial_dag' retrieved from /home/logi/txtai/venv/lib/python3.10/site-packages/airflow/example_dags/tutorial_dag.py
[2025-11-12T08:21:27.558+0530] {logging_mixin.py:188} INFO - [2025-11-12T08:21:27.558+0530] {dag.py:3089} INFO - Sync 1 DAGs
[2025-11-12T08:21:27.573+0530] {logging_mixin.py:188} INFO - [2025-11-12T08:21:27.573+0530] {dag.py:3947} INFO - Setting next_dagrun for tutorial_dag to None, run_after=None
[2025-11-12T08:21:27.601+0530] {processor.py:183} INFO - Processing /home/logi/txtai/venv/lib/python3.10/site-packages/airflow/example_dags/tutorial_dag.py took 0.110 seconds
[2025-11-12T08:22:28.469+0530] {processor.py:161} INFO - Started process (PID=17078) to work on /home/logi/txtai/venv/lib/python3.10/site-packages/airflow/example_dags/tutorial_dag.py
[2025-11-12T08:22:28.483+0530] {processor.py:830} INFO - Processing file /home/logi/txtai/venv/lib/python3.10/site-packages/airflow/example_dags/tutorial_dag.py for tasks to queue
[2025-11-12T08:22:28.486+0530] {logging_mixin.py:188} INFO - [2025-11-12T08:22:28.485+0530] {dagbag.py:545} INFO - Filling up the DagBag from /home/logi/txtai/venv/lib/python3.10/site-packages/airflow/example_dags/tutorial_dag.py
[2025-11-12T08:22:28.496+0530] {processor.py:840} INFO - DAG(s) 'tutorial_dag' retrieved from /home/logi/txtai/venv/lib/python3.10/site-packages/airflow/example_dags/tutorial_dag.py
[2025-11-12T08:22:28.524+0530] {logging_mixin.py:188} INFO - [2025-11-12T08:22:28.523+0530] {dag.py:3089} INFO - Sync 1 DAGs
[2025-11-12T08:22:28.539+0530] {logging_mixin.py:188} INFO - [2025-11-12T08:22:28.539+0530] {dag.py:3947} INFO - Setting next_dagrun for tutorial_dag to None, run_after=None
[2025-11-12T08:22:28.559+0530] {processor.py:183} INFO - Processing /home/logi/txtai/venv/lib/python3.10/site-packages/airflow/example_dags/tutorial_dag.py took 0.101 seconds
[2025-11-12T08:23:50.564+0530] {processor.py:161} INFO - Started process (PID=17954) to work on /home/logi/txtai/venv/lib/python3.10/site-packages/airflow/example_dags/tutorial_dag.py
[2025-11-12T08:23:50.578+0530] {processor.py:830} INFO - Processing file /home/logi/txtai/venv/lib/python3.10/site-packages/airflow/example_dags/tutorial_dag.py for tasks to queue
[2025-11-12T08:23:50.581+0530] {logging_mixin.py:188} INFO - [2025-11-12T08:23:50.580+0530] {dagbag.py:545} INFO - Filling up the DagBag from /home/logi/txtai/venv/lib/python3.10/site-packages/airflow/example_dags/tutorial_dag.py
[2025-11-12T08:23:50.590+0530] {processor.py:840} INFO - DAG(s) 'tutorial_dag' retrieved from /home/logi/txtai/venv/lib/python3.10/site-packages/airflow/example_dags/tutorial_dag.py
[2025-11-12T08:23:50.616+0530] {logging_mixin.py:188} INFO - [2025-11-12T08:23:50.616+0530] {dag.py:3089} INFO - Sync 1 DAGs
[2025-11-12T08:23:50.631+0530] {logging_mixin.py:188} INFO - [2025-11-12T08:23:50.631+0530] {dag.py:3947} INFO - Setting next_dagrun for tutorial_dag to None, run_after=None
[2025-11-12T08:23:50.652+0530] {processor.py:183} INFO - Processing /home/logi/txtai/venv/lib/python3.10/site-packages/airflow/example_dags/tutorial_dag.py took 0.099 seconds
[2025-11-12T08:24:56.645+0530] {processor.py:161} INFO - Started process (PID=18136) to work on /home/logi/txtai/venv/lib/python3.10/site-packages/airflow/example_dags/tutorial_dag.py
[2025-11-12T08:24:56.659+0530] {processor.py:830} INFO - Processing file /home/logi/txtai/venv/lib/python3.10/site-packages/airflow/example_dags/tutorial_dag.py for tasks to queue
[2025-11-12T08:24:56.662+0530] {logging_mixin.py:188} INFO - [2025-11-12T08:24:56.662+0530] {dagbag.py:545} INFO - Filling up the DagBag from /home/logi/txtai/venv/lib/python3.10/site-packages/airflow/example_dags/tutorial_dag.py
[2025-11-12T08:24:56.673+0530] {processor.py:840} INFO - DAG(s) 'tutorial_dag' retrieved from /home/logi/txtai/venv/lib/python3.10/site-packages/airflow/example_dags/tutorial_dag.py
[2025-11-12T08:24:56.700+0530] {logging_mixin.py:188} INFO - [2025-11-12T08:24:56.700+0530] {dag.py:3089} INFO - Sync 1 DAGs
[2025-11-12T08:24:56.714+0530] {logging_mixin.py:188} INFO - [2025-11-12T08:24:56.714+0530] {dag.py:3947} INFO - Setting next_dagrun for tutorial_dag to None, run_after=None
[2025-11-12T08:24:56.743+0530] {processor.py:183} INFO - Processing /home/logi/txtai/venv/lib/python3.10/site-packages/airflow/example_dags/tutorial_dag.py took 0.109 seconds
[2025-11-12T08:25:54.201+0530] {processor.py:161} INFO - Started process (PID=18237) to work on /home/logi/txtai/venv/lib/python3.10/site-packages/airflow/example_dags/tutorial_dag.py
[2025-11-12T08:25:54.214+0530] {processor.py:830} INFO - Processing file /home/logi/txtai/venv/lib/python3.10/site-packages/airflow/example_dags/tutorial_dag.py for tasks to queue
[2025-11-12T08:25:54.218+0530] {logging_mixin.py:188} INFO - [2025-11-12T08:25:54.217+0530] {dagbag.py:545} INFO - Filling up the DagBag from /home/logi/txtai/venv/lib/python3.10/site-packages/airflow/example_dags/tutorial_dag.py
[2025-11-12T08:25:54.227+0530] {processor.py:840} INFO - DAG(s) 'tutorial_dag' retrieved from /home/logi/txtai/venv/lib/python3.10/site-packages/airflow/example_dags/tutorial_dag.py
[2025-11-12T08:25:54.254+0530] {logging_mixin.py:188} INFO - [2025-11-12T08:25:54.254+0530] {dag.py:3089} INFO - Sync 1 DAGs
[2025-11-12T08:25:54.269+0530] {logging_mixin.py:188} INFO - [2025-11-12T08:25:54.269+0530] {dag.py:3947} INFO - Setting next_dagrun for tutorial_dag to None, run_after=None
[2025-11-12T08:25:54.297+0530] {processor.py:183} INFO - Processing /home/logi/txtai/venv/lib/python3.10/site-packages/airflow/example_dags/tutorial_dag.py took 0.107 seconds
[2025-11-12T08:26:58.852+0530] {processor.py:161} INFO - Started process (PID=18385) to work on /home/logi/txtai/venv/lib/python3.10/site-packages/airflow/example_dags/tutorial_dag.py
[2025-11-12T08:26:58.854+0530] {processor.py:830} INFO - Processing file /home/logi/txtai/venv/lib/python3.10/site-packages/airflow/example_dags/tutorial_dag.py for tasks to queue
[2025-11-12T08:26:58.857+0530] {logging_mixin.py:188} INFO - [2025-11-12T08:26:58.857+0530] {dagbag.py:545} INFO - Filling up the DagBag from /home/logi/txtai/venv/lib/python3.10/site-packages/airflow/example_dags/tutorial_dag.py
[2025-11-12T08:26:58.868+0530] {processor.py:840} INFO - DAG(s) 'tutorial_dag' retrieved from /home/logi/txtai/venv/lib/python3.10/site-packages/airflow/example_dags/tutorial_dag.py
[2025-11-12T08:26:58.894+0530] {logging_mixin.py:188} INFO - [2025-11-12T08:26:58.894+0530] {dag.py:3089} INFO - Sync 1 DAGs
[2025-11-12T08:26:58.905+0530] {logging_mixin.py:188} INFO - [2025-11-12T08:26:58.904+0530] {dag.py:3947} INFO - Setting next_dagrun for tutorial_dag to None, run_after=None
[2025-11-12T08:26:58.926+0530] {processor.py:183} INFO - Processing /home/logi/txtai/venv/lib/python3.10/site-packages/airflow/example_dags/tutorial_dag.py took 0.085 seconds
[2025-11-12T08:28:01.874+0530] {processor.py:161} INFO - Started process (PID=18552) to work on /home/logi/txtai/venv/lib/python3.10/site-packages/airflow/example_dags/tutorial_dag.py
[2025-11-12T08:28:01.876+0530] {processor.py:830} INFO - Processing file /home/logi/txtai/venv/lib/python3.10/site-packages/airflow/example_dags/tutorial_dag.py for tasks to queue
[2025-11-12T08:28:01.879+0530] {logging_mixin.py:188} INFO - [2025-11-12T08:28:01.878+0530] {dagbag.py:545} INFO - Filling up the DagBag from /home/logi/txtai/venv/lib/python3.10/site-packages/airflow/example_dags/tutorial_dag.py
[2025-11-12T08:28:01.889+0530] {processor.py:840} INFO - DAG(s) 'tutorial_dag' retrieved from /home/logi/txtai/venv/lib/python3.10/site-packages/airflow/example_dags/tutorial_dag.py
[2025-11-12T08:28:01.917+0530] {logging_mixin.py:188} INFO - [2025-11-12T08:28:01.917+0530] {dag.py:3089} INFO - Sync 1 DAGs
[2025-11-12T08:28:01.930+0530] {logging_mixin.py:188} INFO - [2025-11-12T08:28:01.930+0530] {dag.py:3947} INFO - Setting next_dagrun for tutorial_dag to None, run_after=None
[2025-11-12T08:28:01.950+0530] {processor.py:183} INFO - Processing /home/logi/txtai/venv/lib/python3.10/site-packages/airflow/example_dags/tutorial_dag.py took 0.088 seconds
[2025-11-12T08:29:13.200+0530] {processor.py:161} INFO - Started process (PID=18852) to work on /home/logi/txtai/venv/lib/python3.10/site-packages/airflow/example_dags/tutorial_dag.py
[2025-11-12T08:29:13.214+0530] {processor.py:830} INFO - Processing file /home/logi/txtai/venv/lib/python3.10/site-packages/airflow/example_dags/tutorial_dag.py for tasks to queue
[2025-11-12T08:29:13.217+0530] {logging_mixin.py:188} INFO - [2025-11-12T08:29:13.216+0530] {dagbag.py:545} INFO - Filling up the DagBag from /home/logi/txtai/venv/lib/python3.10/site-packages/airflow/example_dags/tutorial_dag.py
[2025-11-12T08:29:13.227+0530] {processor.py:840} INFO - DAG(s) 'tutorial_dag' retrieved from /home/logi/txtai/venv/lib/python3.10/site-packages/airflow/example_dags/tutorial_dag.py
[2025-11-12T08:29:13.256+0530] {logging_mixin.py:188} INFO - [2025-11-12T08:29:13.256+0530] {dag.py:3089} INFO - Sync 1 DAGs
[2025-11-12T08:29:13.268+0530] {logging_mixin.py:188} INFO - [2025-11-12T08:29:13.267+0530] {dag.py:3947} INFO - Setting next_dagrun for tutorial_dag to None, run_after=None
[2025-11-12T08:29:13.298+0530] {processor.py:183} INFO - Processing /home/logi/txtai/venv/lib/python3.10/site-packages/airflow/example_dags/tutorial_dag.py took 0.108 seconds
[2025-11-12T08:30:13.894+0530] {processor.py:161} INFO - Started process (PID=19103) to work on /home/logi/txtai/venv/lib/python3.10/site-packages/airflow/example_dags/tutorial_dag.py
[2025-11-12T08:30:13.907+0530] {processor.py:830} INFO - Processing file /home/logi/txtai/venv/lib/python3.10/site-packages/airflow/example_dags/tutorial_dag.py for tasks to queue
[2025-11-12T08:30:13.909+0530] {logging_mixin.py:188} INFO - [2025-11-12T08:30:13.908+0530] {dagbag.py:545} INFO - Filling up the DagBag from /home/logi/txtai/venv/lib/python3.10/site-packages/airflow/example_dags/tutorial_dag.py
[2025-11-12T08:30:13.914+0530] {processor.py:840} INFO - DAG(s) 'tutorial_dag' retrieved from /home/logi/txtai/venv/lib/python3.10/site-packages/airflow/example_dags/tutorial_dag.py
[2025-11-12T08:30:13.927+0530] {logging_mixin.py:188} INFO - [2025-11-12T08:30:13.927+0530] {dag.py:3089} INFO - Sync 1 DAGs
[2025-11-12T08:30:13.936+0530] {logging_mixin.py:188} INFO - [2025-11-12T08:30:13.936+0530] {dag.py:3947} INFO - Setting next_dagrun for tutorial_dag to None, run_after=None
[2025-11-12T08:30:13.955+0530] {processor.py:183} INFO - Processing /home/logi/txtai/venv/lib/python3.10/site-packages/airflow/example_dags/tutorial_dag.py took 0.067 seconds
[2025-11-12T08:31:13.349+0530] {processor.py:161} INFO - Started process (PID=19347) to work on /home/logi/txtai/venv/lib/python3.10/site-packages/airflow/example_dags/tutorial_dag.py
[2025-11-12T08:31:13.362+0530] {processor.py:830} INFO - Processing file /home/logi/txtai/venv/lib/python3.10/site-packages/airflow/example_dags/tutorial_dag.py for tasks to queue
[2025-11-12T08:31:13.365+0530] {logging_mixin.py:188} INFO - [2025-11-12T08:31:13.365+0530] {dagbag.py:545} INFO - Filling up the DagBag from /home/logi/txtai/venv/lib/python3.10/site-packages/airflow/example_dags/tutorial_dag.py
[2025-11-12T08:31:13.375+0530] {processor.py:840} INFO - DAG(s) 'tutorial_dag' retrieved from /home/logi/txtai/venv/lib/python3.10/site-packages/airflow/example_dags/tutorial_dag.py
[2025-11-12T08:31:13.401+0530] {logging_mixin.py:188} INFO - [2025-11-12T08:31:13.401+0530] {dag.py:3089} INFO - Sync 1 DAGs
[2025-11-12T08:31:13.415+0530] {logging_mixin.py:188} INFO - [2025-11-12T08:31:13.415+0530] {dag.py:3947} INFO - Setting next_dagrun for tutorial_dag to None, run_after=None
[2025-11-12T08:31:13.443+0530] {processor.py:183} INFO - Processing /home/logi/txtai/venv/lib/python3.10/site-packages/airflow/example_dags/tutorial_dag.py took 0.106 seconds
[2025-11-12T08:32:12.725+0530] {processor.py:161} INFO - Started process (PID=19492) to work on /home/logi/txtai/venv/lib/python3.10/site-packages/airflow/example_dags/tutorial_dag.py
[2025-11-12T08:32:12.738+0530] {processor.py:830} INFO - Processing file /home/logi/txtai/venv/lib/python3.10/site-packages/airflow/example_dags/tutorial_dag.py for tasks to queue
[2025-11-12T08:32:12.742+0530] {logging_mixin.py:188} INFO - [2025-11-12T08:32:12.741+0530] {dagbag.py:545} INFO - Filling up the DagBag from /home/logi/txtai/venv/lib/python3.10/site-packages/airflow/example_dags/tutorial_dag.py
[2025-11-12T08:32:12.751+0530] {processor.py:840} INFO - DAG(s) 'tutorial_dag' retrieved from /home/logi/txtai/venv/lib/python3.10/site-packages/airflow/example_dags/tutorial_dag.py
[2025-11-12T08:32:12.779+0530] {logging_mixin.py:188} INFO - [2025-11-12T08:32:12.778+0530] {dag.py:3089} INFO - Sync 1 DAGs
[2025-11-12T08:32:12.792+0530] {logging_mixin.py:188} INFO - [2025-11-12T08:32:12.791+0530] {dag.py:3947} INFO - Setting next_dagrun for tutorial_dag to None, run_after=None
[2025-11-12T08:32:12.822+0530] {processor.py:183} INFO - Processing /home/logi/txtai/venv/lib/python3.10/site-packages/airflow/example_dags/tutorial_dag.py took 0.110 seconds
[2025-11-12T08:33:16.724+0530] {processor.py:161} INFO - Started process (PID=19629) to work on /home/logi/txtai/venv/lib/python3.10/site-packages/airflow/example_dags/tutorial_dag.py
[2025-11-12T08:33:16.738+0530] {processor.py:830} INFO - Processing file /home/logi/txtai/venv/lib/python3.10/site-packages/airflow/example_dags/tutorial_dag.py for tasks to queue
[2025-11-12T08:33:16.743+0530] {logging_mixin.py:188} INFO - [2025-11-12T08:33:16.742+0530] {dagbag.py:545} INFO - Filling up the DagBag from /home/logi/txtai/venv/lib/python3.10/site-packages/airflow/example_dags/tutorial_dag.py
[2025-11-12T08:33:16.756+0530] {processor.py:840} INFO - DAG(s) 'tutorial_dag' retrieved from /home/logi/txtai/venv/lib/python3.10/site-packages/airflow/example_dags/tutorial_dag.py
[2025-11-12T08:33:16.790+0530] {logging_mixin.py:188} INFO - [2025-11-12T08:33:16.790+0530] {dag.py:3089} INFO - Sync 1 DAGs
[2025-11-12T08:33:16.806+0530] {logging_mixin.py:188} INFO - [2025-11-12T08:33:16.805+0530] {dag.py:3947} INFO - Setting next_dagrun for tutorial_dag to None, run_after=None
[2025-11-12T08:33:16.847+0530] {processor.py:183} INFO - Processing /home/logi/txtai/venv/lib/python3.10/site-packages/airflow/example_dags/tutorial_dag.py took 0.138 seconds
[2025-11-12T08:34:45.592+0530] {processor.py:161} INFO - Started process (PID=20062) to work on /home/logi/txtai/venv/lib/python3.10/site-packages/airflow/example_dags/tutorial_dag.py
[2025-11-12T08:34:45.605+0530] {processor.py:830} INFO - Processing file /home/logi/txtai/venv/lib/python3.10/site-packages/airflow/example_dags/tutorial_dag.py for tasks to queue
[2025-11-12T08:34:45.608+0530] {logging_mixin.py:188} INFO - [2025-11-12T08:34:45.608+0530] {dagbag.py:545} INFO - Filling up the DagBag from /home/logi/txtai/venv/lib/python3.10/site-packages/airflow/example_dags/tutorial_dag.py
[2025-11-12T08:34:45.618+0530] {processor.py:840} INFO - DAG(s) 'tutorial_dag' retrieved from /home/logi/txtai/venv/lib/python3.10/site-packages/airflow/example_dags/tutorial_dag.py
[2025-11-12T08:34:45.644+0530] {logging_mixin.py:188} INFO - [2025-11-12T08:34:45.644+0530] {dag.py:3089} INFO - Sync 1 DAGs
[2025-11-12T08:34:45.659+0530] {logging_mixin.py:188} INFO - [2025-11-12T08:34:45.659+0530] {dag.py:3947} INFO - Setting next_dagrun for tutorial_dag to None, run_after=None
[2025-11-12T08:34:45.686+0530] {processor.py:183} INFO - Processing /home/logi/txtai/venv/lib/python3.10/site-packages/airflow/example_dags/tutorial_dag.py took 0.105 seconds
[2025-11-12T08:35:42.978+0530] {processor.py:161} INFO - Started process (PID=20146) to work on /home/logi/txtai/venv/lib/python3.10/site-packages/airflow/example_dags/tutorial_dag.py
[2025-11-12T08:35:42.992+0530] {processor.py:830} INFO - Processing file /home/logi/txtai/venv/lib/python3.10/site-packages/airflow/example_dags/tutorial_dag.py for tasks to queue
[2025-11-12T08:35:42.995+0530] {logging_mixin.py:188} INFO - [2025-11-12T08:35:42.994+0530] {dagbag.py:545} INFO - Filling up the DagBag from /home/logi/txtai/venv/lib/python3.10/site-packages/airflow/example_dags/tutorial_dag.py
[2025-11-12T08:35:43.005+0530] {processor.py:840} INFO - DAG(s) 'tutorial_dag' retrieved from /home/logi/txtai/venv/lib/python3.10/site-packages/airflow/example_dags/tutorial_dag.py
[2025-11-12T08:35:43.032+0530] {logging_mixin.py:188} INFO - [2025-11-12T08:35:43.032+0530] {dag.py:3089} INFO - Sync 1 DAGs
[2025-11-12T08:35:43.047+0530] {logging_mixin.py:188} INFO - [2025-11-12T08:35:43.047+0530] {dag.py:3947} INFO - Setting next_dagrun for tutorial_dag to None, run_after=None
[2025-11-12T08:35:43.075+0530] {processor.py:183} INFO - Processing /home/logi/txtai/venv/lib/python3.10/site-packages/airflow/example_dags/tutorial_dag.py took 0.107 seconds
[2025-11-12T08:36:42.326+0530] {processor.py:161} INFO - Started process (PID=20227) to work on /home/logi/txtai/venv/lib/python3.10/site-packages/airflow/example_dags/tutorial_dag.py
[2025-11-12T08:36:42.340+0530] {processor.py:830} INFO - Processing file /home/logi/txtai/venv/lib/python3.10/site-packages/airflow/example_dags/tutorial_dag.py for tasks to queue
[2025-11-12T08:36:42.343+0530] {logging_mixin.py:188} INFO - [2025-11-12T08:36:42.342+0530] {dagbag.py:545} INFO - Filling up the DagBag from /home/logi/txtai/venv/lib/python3.10/site-packages/airflow/example_dags/tutorial_dag.py
[2025-11-12T08:36:42.356+0530] {processor.py:840} INFO - DAG(s) 'tutorial_dag' retrieved from /home/logi/txtai/venv/lib/python3.10/site-packages/airflow/example_dags/tutorial_dag.py
[2025-11-12T08:36:42.387+0530] {logging_mixin.py:188} INFO - [2025-11-12T08:36:42.387+0530] {dag.py:3089} INFO - Sync 1 DAGs
[2025-11-12T08:36:42.399+0530] {logging_mixin.py:188} INFO - [2025-11-12T08:36:42.399+0530] {dag.py:3947} INFO - Setting next_dagrun for tutorial_dag to None, run_after=None
[2025-11-12T08:36:42.427+0530] {processor.py:183} INFO - Processing /home/logi/txtai/venv/lib/python3.10/site-packages/airflow/example_dags/tutorial_dag.py took 0.112 seconds
[2025-11-12T08:37:44.919+0530] {processor.py:161} INFO - Started process (PID=20372) to work on /home/logi/txtai/venv/lib/python3.10/site-packages/airflow/example_dags/tutorial_dag.py
[2025-11-12T08:37:44.933+0530] {processor.py:830} INFO - Processing file /home/logi/txtai/venv/lib/python3.10/site-packages/airflow/example_dags/tutorial_dag.py for tasks to queue
[2025-11-12T08:37:44.937+0530] {logging_mixin.py:188} INFO - [2025-11-12T08:37:44.936+0530] {dagbag.py:545} INFO - Filling up the DagBag from /home/logi/txtai/venv/lib/python3.10/site-packages/airflow/example_dags/tutorial_dag.py
[2025-11-12T08:37:44.946+0530] {processor.py:840} INFO - DAG(s) 'tutorial_dag' retrieved from /home/logi/txtai/venv/lib/python3.10/site-packages/airflow/example_dags/tutorial_dag.py
[2025-11-12T08:37:44.979+0530] {logging_mixin.py:188} INFO - [2025-11-12T08:37:44.978+0530] {dag.py:3089} INFO - Sync 1 DAGs
[2025-11-12T08:37:44.993+0530] {logging_mixin.py:188} INFO - [2025-11-12T08:37:44.993+0530] {dag.py:3947} INFO - Setting next_dagrun for tutorial_dag to None, run_after=None
[2025-11-12T08:37:45.020+0530] {processor.py:183} INFO - Processing /home/logi/txtai/venv/lib/python3.10/site-packages/airflow/example_dags/tutorial_dag.py took 0.113 seconds
[2025-11-12T08:38:45.666+0530] {processor.py:161} INFO - Started process (PID=20516) to work on /home/logi/txtai/venv/lib/python3.10/site-packages/airflow/example_dags/tutorial_dag.py
[2025-11-12T08:38:45.679+0530] {processor.py:830} INFO - Processing file /home/logi/txtai/venv/lib/python3.10/site-packages/airflow/example_dags/tutorial_dag.py for tasks to queue
[2025-11-12T08:38:45.682+0530] {logging_mixin.py:188} INFO - [2025-11-12T08:38:45.682+0530] {dagbag.py:545} INFO - Filling up the DagBag from /home/logi/txtai/venv/lib/python3.10/site-packages/airflow/example_dags/tutorial_dag.py
[2025-11-12T08:38:45.692+0530] {processor.py:840} INFO - DAG(s) 'tutorial_dag' retrieved from /home/logi/txtai/venv/lib/python3.10/site-packages/airflow/example_dags/tutorial_dag.py
[2025-11-12T08:38:45.716+0530] {logging_mixin.py:188} INFO - [2025-11-12T08:38:45.716+0530] {dag.py:3089} INFO - Sync 1 DAGs
[2025-11-12T08:38:45.727+0530] {logging_mixin.py:188} INFO - [2025-11-12T08:38:45.727+0530] {dag.py:3947} INFO - Setting next_dagrun for tutorial_dag to None, run_after=None
[2025-11-12T08:38:45.749+0530] {processor.py:183} INFO - Processing /home/logi/txtai/venv/lib/python3.10/site-packages/airflow/example_dags/tutorial_dag.py took 0.090 seconds
[2025-11-12T08:40:00.441+0530] {processor.py:161} INFO - Started process (PID=20745) to work on /home/logi/txtai/venv/lib/python3.10/site-packages/airflow/example_dags/tutorial_dag.py
[2025-11-12T08:40:00.456+0530] {processor.py:830} INFO - Processing file /home/logi/txtai/venv/lib/python3.10/site-packages/airflow/example_dags/tutorial_dag.py for tasks to queue
[2025-11-12T08:40:00.460+0530] {logging_mixin.py:188} INFO - [2025-11-12T08:40:00.459+0530] {dagbag.py:545} INFO - Filling up the DagBag from /home/logi/txtai/venv/lib/python3.10/site-packages/airflow/example_dags/tutorial_dag.py
[2025-11-12T08:40:00.474+0530] {processor.py:840} INFO - DAG(s) 'tutorial_dag' retrieved from /home/logi/txtai/venv/lib/python3.10/site-packages/airflow/example_dags/tutorial_dag.py
[2025-11-12T08:40:00.512+0530] {logging_mixin.py:188} INFO - [2025-11-12T08:40:00.511+0530] {dag.py:3089} INFO - Sync 1 DAGs
[2025-11-12T08:40:00.528+0530] {logging_mixin.py:188} INFO - [2025-11-12T08:40:00.528+0530] {dag.py:3947} INFO - Setting next_dagrun for tutorial_dag to None, run_after=None
[2025-11-12T08:40:00.556+0530] {processor.py:183} INFO - Processing /home/logi/txtai/venv/lib/python3.10/site-packages/airflow/example_dags/tutorial_dag.py took 0.132 seconds
[2025-11-12T08:41:08.311+0530] {processor.py:161} INFO - Started process (PID=20850) to work on /home/logi/txtai/venv/lib/python3.10/site-packages/airflow/example_dags/tutorial_dag.py
[2025-11-12T08:41:08.324+0530] {processor.py:830} INFO - Processing file /home/logi/txtai/venv/lib/python3.10/site-packages/airflow/example_dags/tutorial_dag.py for tasks to queue
[2025-11-12T08:41:08.328+0530] {logging_mixin.py:188} INFO - [2025-11-12T08:41:08.327+0530] {dagbag.py:545} INFO - Filling up the DagBag from /home/logi/txtai/venv/lib/python3.10/site-packages/airflow/example_dags/tutorial_dag.py
[2025-11-12T08:41:08.339+0530] {processor.py:840} INFO - DAG(s) 'tutorial_dag' retrieved from /home/logi/txtai/venv/lib/python3.10/site-packages/airflow/example_dags/tutorial_dag.py
[2025-11-12T08:41:08.367+0530] {logging_mixin.py:188} INFO - [2025-11-12T08:41:08.366+0530] {dag.py:3089} INFO - Sync 1 DAGs
[2025-11-12T08:41:08.380+0530] {logging_mixin.py:188} INFO - [2025-11-12T08:41:08.379+0530] {dag.py:3947} INFO - Setting next_dagrun for tutorial_dag to None, run_after=None
[2025-11-12T08:41:08.410+0530] {processor.py:183} INFO - Processing /home/logi/txtai/venv/lib/python3.10/site-packages/airflow/example_dags/tutorial_dag.py took 0.111 seconds
[2025-11-12T08:42:10.320+0530] {processor.py:161} INFO - Started process (PID=20954) to work on /home/logi/txtai/venv/lib/python3.10/site-packages/airflow/example_dags/tutorial_dag.py
[2025-11-12T08:42:10.335+0530] {processor.py:830} INFO - Processing file /home/logi/txtai/venv/lib/python3.10/site-packages/airflow/example_dags/tutorial_dag.py for tasks to queue
[2025-11-12T08:42:10.339+0530] {logging_mixin.py:188} INFO - [2025-11-12T08:42:10.338+0530] {dagbag.py:545} INFO - Filling up the DagBag from /home/logi/txtai/venv/lib/python3.10/site-packages/airflow/example_dags/tutorial_dag.py
[2025-11-12T08:42:10.349+0530] {processor.py:840} INFO - DAG(s) 'tutorial_dag' retrieved from /home/logi/txtai/venv/lib/python3.10/site-packages/airflow/example_dags/tutorial_dag.py
[2025-11-12T08:42:10.375+0530] {logging_mixin.py:188} INFO - [2025-11-12T08:42:10.375+0530] {dag.py:3089} INFO - Sync 1 DAGs
[2025-11-12T08:42:10.394+0530] {logging_mixin.py:188} INFO - [2025-11-12T08:42:10.393+0530] {dag.py:3947} INFO - Setting next_dagrun for tutorial_dag to None, run_after=None
[2025-11-12T08:42:10.427+0530] {processor.py:183} INFO - Processing /home/logi/txtai/venv/lib/python3.10/site-packages/airflow/example_dags/tutorial_dag.py took 0.117 seconds
[2025-11-12T08:43:16.308+0530] {processor.py:161} INFO - Started process (PID=21111) to work on /home/logi/txtai/venv/lib/python3.10/site-packages/airflow/example_dags/tutorial_dag.py
[2025-11-12T08:43:16.323+0530] {processor.py:830} INFO - Processing file /home/logi/txtai/venv/lib/python3.10/site-packages/airflow/example_dags/tutorial_dag.py for tasks to queue
[2025-11-12T08:43:16.326+0530] {logging_mixin.py:188} INFO - [2025-11-12T08:43:16.326+0530] {dagbag.py:545} INFO - Filling up the DagBag from /home/logi/txtai/venv/lib/python3.10/site-packages/airflow/example_dags/tutorial_dag.py
[2025-11-12T08:43:16.337+0530] {processor.py:840} INFO - DAG(s) 'tutorial_dag' retrieved from /home/logi/txtai/venv/lib/python3.10/site-packages/airflow/example_dags/tutorial_dag.py
[2025-11-12T08:43:16.365+0530] {logging_mixin.py:188} INFO - [2025-11-12T08:43:16.364+0530] {dag.py:3089} INFO - Sync 1 DAGs
[2025-11-12T08:43:16.379+0530] {logging_mixin.py:188} INFO - [2025-11-12T08:43:16.379+0530] {dag.py:3947} INFO - Setting next_dagrun for tutorial_dag to None, run_after=None
[2025-11-12T08:43:16.400+0530] {processor.py:183} INFO - Processing /home/logi/txtai/venv/lib/python3.10/site-packages/airflow/example_dags/tutorial_dag.py took 0.103 seconds
[2025-11-12T08:44:51.054+0530] {processor.py:161} INFO - Started process (PID=21598) to work on /home/logi/txtai/venv/lib/python3.10/site-packages/airflow/example_dags/tutorial_dag.py
[2025-11-12T08:44:51.067+0530] {processor.py:830} INFO - Processing file /home/logi/txtai/venv/lib/python3.10/site-packages/airflow/example_dags/tutorial_dag.py for tasks to queue
[2025-11-12T08:44:51.070+0530] {logging_mixin.py:188} INFO - [2025-11-12T08:44:51.070+0530] {dagbag.py:545} INFO - Filling up the DagBag from /home/logi/txtai/venv/lib/python3.10/site-packages/airflow/example_dags/tutorial_dag.py
[2025-11-12T08:44:51.081+0530] {processor.py:840} INFO - DAG(s) 'tutorial_dag' retrieved from /home/logi/txtai/venv/lib/python3.10/site-packages/airflow/example_dags/tutorial_dag.py
[2025-11-12T08:44:51.111+0530] {logging_mixin.py:188} INFO - [2025-11-12T08:44:51.110+0530] {dag.py:3089} INFO - Sync 1 DAGs
[2025-11-12T08:44:51.125+0530] {logging_mixin.py:188} INFO - [2025-11-12T08:44:51.125+0530] {dag.py:3947} INFO - Setting next_dagrun for tutorial_dag to None, run_after=None
[2025-11-12T08:44:51.160+0530] {processor.py:183} INFO - Processing /home/logi/txtai/venv/lib/python3.10/site-packages/airflow/example_dags/tutorial_dag.py took 0.118 seconds
[2025-11-12T08:45:41.215+0530] {processor.py:161} INFO - Started process (PID=21670) to work on /home/logi/txtai/venv/lib/python3.10/site-packages/airflow/example_dags/tutorial_dag.py
[2025-11-12T08:45:41.228+0530] {processor.py:830} INFO - Processing file /home/logi/txtai/venv/lib/python3.10/site-packages/airflow/example_dags/tutorial_dag.py for tasks to queue
[2025-11-12T08:45:41.231+0530] {logging_mixin.py:188} INFO - [2025-11-12T08:45:41.231+0530] {dagbag.py:545} INFO - Filling up the DagBag from /home/logi/txtai/venv/lib/python3.10/site-packages/airflow/example_dags/tutorial_dag.py
[2025-11-12T08:45:41.241+0530] {processor.py:840} INFO - DAG(s) 'tutorial_dag' retrieved from /home/logi/txtai/venv/lib/python3.10/site-packages/airflow/example_dags/tutorial_dag.py
[2025-11-12T08:45:41.267+0530] {logging_mixin.py:188} INFO - [2025-11-12T08:45:41.267+0530] {dag.py:3089} INFO - Sync 1 DAGs
[2025-11-12T08:45:41.279+0530] {logging_mixin.py:188} INFO - [2025-11-12T08:45:41.279+0530] {dag.py:3947} INFO - Setting next_dagrun for tutorial_dag to None, run_after=None
[2025-11-12T08:45:41.307+0530] {processor.py:183} INFO - Processing /home/logi/txtai/venv/lib/python3.10/site-packages/airflow/example_dags/tutorial_dag.py took 0.103 seconds
[2025-11-12T08:46:43.484+0530] {processor.py:161} INFO - Started process (PID=21749) to work on /home/logi/txtai/venv/lib/python3.10/site-packages/airflow/example_dags/tutorial_dag.py
[2025-11-12T08:46:43.498+0530] {processor.py:830} INFO - Processing file /home/logi/txtai/venv/lib/python3.10/site-packages/airflow/example_dags/tutorial_dag.py for tasks to queue
[2025-11-12T08:46:43.501+0530] {logging_mixin.py:188} INFO - [2025-11-12T08:46:43.500+0530] {dagbag.py:545} INFO - Filling up the DagBag from /home/logi/txtai/venv/lib/python3.10/site-packages/airflow/example_dags/tutorial_dag.py
[2025-11-12T08:46:43.511+0530] {processor.py:840} INFO - DAG(s) 'tutorial_dag' retrieved from /home/logi/txtai/venv/lib/python3.10/site-packages/airflow/example_dags/tutorial_dag.py
[2025-11-12T08:46:43.539+0530] {logging_mixin.py:188} INFO - [2025-11-12T08:46:43.538+0530] {dag.py:3089} INFO - Sync 1 DAGs
[2025-11-12T08:46:43.553+0530] {logging_mixin.py:188} INFO - [2025-11-12T08:46:43.553+0530] {dag.py:3947} INFO - Setting next_dagrun for tutorial_dag to None, run_after=None
[2025-11-12T08:46:43.574+0530] {processor.py:183} INFO - Processing /home/logi/txtai/venv/lib/python3.10/site-packages/airflow/example_dags/tutorial_dag.py took 0.100 seconds
[2025-11-12T08:47:42.295+0530] {processor.py:161} INFO - Started process (PID=21858) to work on /home/logi/txtai/venv/lib/python3.10/site-packages/airflow/example_dags/tutorial_dag.py
[2025-11-12T08:47:42.308+0530] {processor.py:830} INFO - Processing file /home/logi/txtai/venv/lib/python3.10/site-packages/airflow/example_dags/tutorial_dag.py for tasks to queue
[2025-11-12T08:47:42.312+0530] {logging_mixin.py:188} INFO - [2025-11-12T08:47:42.311+0530] {dagbag.py:545} INFO - Filling up the DagBag from /home/logi/txtai/venv/lib/python3.10/site-packages/airflow/example_dags/tutorial_dag.py
[2025-11-12T08:47:42.322+0530] {processor.py:840} INFO - DAG(s) 'tutorial_dag' retrieved from /home/logi/txtai/venv/lib/python3.10/site-packages/airflow/example_dags/tutorial_dag.py
[2025-11-12T08:47:42.350+0530] {logging_mixin.py:188} INFO - [2025-11-12T08:47:42.350+0530] {dag.py:3089} INFO - Sync 1 DAGs
[2025-11-12T08:47:42.363+0530] {logging_mixin.py:188} INFO - [2025-11-12T08:47:42.362+0530] {dag.py:3947} INFO - Setting next_dagrun for tutorial_dag to None, run_after=None
[2025-11-12T08:47:42.383+0530] {processor.py:183} INFO - Processing /home/logi/txtai/venv/lib/python3.10/site-packages/airflow/example_dags/tutorial_dag.py took 0.101 seconds
[2025-11-12T08:48:40.716+0530] {processor.py:161} INFO - Started process (PID=21936) to work on /home/logi/txtai/venv/lib/python3.10/site-packages/airflow/example_dags/tutorial_dag.py
[2025-11-12T08:48:40.729+0530] {processor.py:830} INFO - Processing file /home/logi/txtai/venv/lib/python3.10/site-packages/airflow/example_dags/tutorial_dag.py for tasks to queue
[2025-11-12T08:48:40.732+0530] {logging_mixin.py:188} INFO - [2025-11-12T08:48:40.731+0530] {dagbag.py:545} INFO - Filling up the DagBag from /home/logi/txtai/venv/lib/python3.10/site-packages/airflow/example_dags/tutorial_dag.py
[2025-11-12T08:48:40.739+0530] {processor.py:840} INFO - DAG(s) 'tutorial_dag' retrieved from /home/logi/txtai/venv/lib/python3.10/site-packages/airflow/example_dags/tutorial_dag.py
[2025-11-12T08:48:40.756+0530] {logging_mixin.py:188} INFO - [2025-11-12T08:48:40.755+0530] {dag.py:3089} INFO - Sync 1 DAGs
[2025-11-12T08:48:40.768+0530] {logging_mixin.py:188} INFO - [2025-11-12T08:48:40.768+0530] {dag.py:3947} INFO - Setting next_dagrun for tutorial_dag to None, run_after=None
[2025-11-12T08:48:40.803+0530] {processor.py:183} INFO - Processing /home/logi/txtai/venv/lib/python3.10/site-packages/airflow/example_dags/tutorial_dag.py took 0.094 seconds
[2025-11-12T08:49:48.359+0530] {processor.py:161} INFO - Started process (PID=22153) to work on /home/logi/txtai/venv/lib/python3.10/site-packages/airflow/example_dags/tutorial_dag.py
[2025-11-12T08:49:48.373+0530] {processor.py:830} INFO - Processing file /home/logi/txtai/venv/lib/python3.10/site-packages/airflow/example_dags/tutorial_dag.py for tasks to queue
[2025-11-12T08:49:48.376+0530] {logging_mixin.py:188} INFO - [2025-11-12T08:49:48.375+0530] {dagbag.py:545} INFO - Filling up the DagBag from /home/logi/txtai/venv/lib/python3.10/site-packages/airflow/example_dags/tutorial_dag.py
[2025-11-12T08:49:48.386+0530] {processor.py:840} INFO - DAG(s) 'tutorial_dag' retrieved from /home/logi/txtai/venv/lib/python3.10/site-packages/airflow/example_dags/tutorial_dag.py
[2025-11-12T08:49:48.413+0530] {logging_mixin.py:188} INFO - [2025-11-12T08:49:48.413+0530] {dag.py:3089} INFO - Sync 1 DAGs
[2025-11-12T08:49:48.429+0530] {logging_mixin.py:188} INFO - [2025-11-12T08:49:48.429+0530] {dag.py:3947} INFO - Setting next_dagrun for tutorial_dag to None, run_after=None
[2025-11-12T08:49:48.452+0530] {processor.py:183} INFO - Processing /home/logi/txtai/venv/lib/python3.10/site-packages/airflow/example_dags/tutorial_dag.py took 0.105 seconds
[2025-11-12T08:50:51.631+0530] {processor.py:161} INFO - Started process (PID=22345) to work on /home/logi/txtai/venv/lib/python3.10/site-packages/airflow/example_dags/tutorial_dag.py
[2025-11-12T08:50:51.644+0530] {processor.py:830} INFO - Processing file /home/logi/txtai/venv/lib/python3.10/site-packages/airflow/example_dags/tutorial_dag.py for tasks to queue
[2025-11-12T08:50:51.647+0530] {logging_mixin.py:188} INFO - [2025-11-12T08:50:51.646+0530] {dagbag.py:545} INFO - Filling up the DagBag from /home/logi/txtai/venv/lib/python3.10/site-packages/airflow/example_dags/tutorial_dag.py
[2025-11-12T08:50:51.656+0530] {processor.py:840} INFO - DAG(s) 'tutorial_dag' retrieved from /home/logi/txtai/venv/lib/python3.10/site-packages/airflow/example_dags/tutorial_dag.py
[2025-11-12T08:50:51.683+0530] {logging_mixin.py:188} INFO - [2025-11-12T08:50:51.682+0530] {dag.py:3089} INFO - Sync 1 DAGs
[2025-11-12T08:50:51.698+0530] {logging_mixin.py:188} INFO - [2025-11-12T08:50:51.698+0530] {dag.py:3947} INFO - Setting next_dagrun for tutorial_dag to None, run_after=None
[2025-11-12T08:50:51.718+0530] {processor.py:183} INFO - Processing /home/logi/txtai/venv/lib/python3.10/site-packages/airflow/example_dags/tutorial_dag.py took 0.098 seconds
[2025-11-12T08:51:50.679+0530] {processor.py:161} INFO - Started process (PID=22468) to work on /home/logi/txtai/venv/lib/python3.10/site-packages/airflow/example_dags/tutorial_dag.py
[2025-11-12T08:51:50.693+0530] {processor.py:830} INFO - Processing file /home/logi/txtai/venv/lib/python3.10/site-packages/airflow/example_dags/tutorial_dag.py for tasks to queue
[2025-11-12T08:51:50.696+0530] {logging_mixin.py:188} INFO - [2025-11-12T08:51:50.695+0530] {dagbag.py:545} INFO - Filling up the DagBag from /home/logi/txtai/venv/lib/python3.10/site-packages/airflow/example_dags/tutorial_dag.py
[2025-11-12T08:51:50.706+0530] {processor.py:840} INFO - DAG(s) 'tutorial_dag' retrieved from /home/logi/txtai/venv/lib/python3.10/site-packages/airflow/example_dags/tutorial_dag.py
[2025-11-12T08:51:50.735+0530] {logging_mixin.py:188} INFO - [2025-11-12T08:51:50.735+0530] {dag.py:3089} INFO - Sync 1 DAGs
[2025-11-12T08:51:50.749+0530] {logging_mixin.py:188} INFO - [2025-11-12T08:51:50.748+0530] {dag.py:3947} INFO - Setting next_dagrun for tutorial_dag to None, run_after=None
[2025-11-12T08:51:50.770+0530] {processor.py:183} INFO - Processing /home/logi/txtai/venv/lib/python3.10/site-packages/airflow/example_dags/tutorial_dag.py took 0.103 seconds
[2025-11-12T08:52:51.962+0530] {processor.py:161} INFO - Started process (PID=22636) to work on /home/logi/txtai/venv/lib/python3.10/site-packages/airflow/example_dags/tutorial_dag.py
[2025-11-12T08:52:51.975+0530] {processor.py:830} INFO - Processing file /home/logi/txtai/venv/lib/python3.10/site-packages/airflow/example_dags/tutorial_dag.py for tasks to queue
[2025-11-12T08:52:51.979+0530] {logging_mixin.py:188} INFO - [2025-11-12T08:52:51.978+0530] {dagbag.py:545} INFO - Filling up the DagBag from /home/logi/txtai/venv/lib/python3.10/site-packages/airflow/example_dags/tutorial_dag.py
[2025-11-12T08:52:51.988+0530] {processor.py:840} INFO - DAG(s) 'tutorial_dag' retrieved from /home/logi/txtai/venv/lib/python3.10/site-packages/airflow/example_dags/tutorial_dag.py
[2025-11-12T08:52:52.015+0530] {logging_mixin.py:188} INFO - [2025-11-12T08:52:52.015+0530] {dag.py:3089} INFO - Sync 1 DAGs
[2025-11-12T08:52:52.030+0530] {logging_mixin.py:188} INFO - [2025-11-12T08:52:52.030+0530] {dag.py:3947} INFO - Setting next_dagrun for tutorial_dag to None, run_after=None
[2025-11-12T08:52:52.057+0530] {processor.py:183} INFO - Processing /home/logi/txtai/venv/lib/python3.10/site-packages/airflow/example_dags/tutorial_dag.py took 0.106 seconds
[2025-11-12T08:53:55.236+0530] {processor.py:161} INFO - Started process (PID=22770) to work on /home/logi/txtai/venv/lib/python3.10/site-packages/airflow/example_dags/tutorial_dag.py
[2025-11-12T08:53:55.250+0530] {processor.py:830} INFO - Processing file /home/logi/txtai/venv/lib/python3.10/site-packages/airflow/example_dags/tutorial_dag.py for tasks to queue
[2025-11-12T08:53:55.253+0530] {logging_mixin.py:188} INFO - [2025-11-12T08:53:55.252+0530] {dagbag.py:545} INFO - Filling up the DagBag from /home/logi/txtai/venv/lib/python3.10/site-packages/airflow/example_dags/tutorial_dag.py
[2025-11-12T08:53:55.264+0530] {processor.py:840} INFO - DAG(s) 'tutorial_dag' retrieved from /home/logi/txtai/venv/lib/python3.10/site-packages/airflow/example_dags/tutorial_dag.py
[2025-11-12T08:53:55.293+0530] {logging_mixin.py:188} INFO - [2025-11-12T08:53:55.293+0530] {dag.py:3089} INFO - Sync 1 DAGs
[2025-11-12T08:53:55.306+0530] {logging_mixin.py:188} INFO - [2025-11-12T08:53:55.306+0530] {dag.py:3947} INFO - Setting next_dagrun for tutorial_dag to None, run_after=None
[2025-11-12T08:53:55.336+0530] {processor.py:183} INFO - Processing /home/logi/txtai/venv/lib/python3.10/site-packages/airflow/example_dags/tutorial_dag.py took 0.112 seconds
[2025-11-12T08:55:19.668+0530] {processor.py:161} INFO - Started process (PID=23241) to work on /home/logi/txtai/venv/lib/python3.10/site-packages/airflow/example_dags/tutorial_dag.py
[2025-11-12T08:55:19.681+0530] {processor.py:830} INFO - Processing file /home/logi/txtai/venv/lib/python3.10/site-packages/airflow/example_dags/tutorial_dag.py for tasks to queue
[2025-11-12T08:55:19.685+0530] {logging_mixin.py:188} INFO - [2025-11-12T08:55:19.684+0530] {dagbag.py:545} INFO - Filling up the DagBag from /home/logi/txtai/venv/lib/python3.10/site-packages/airflow/example_dags/tutorial_dag.py
[2025-11-12T08:55:19.697+0530] {processor.py:840} INFO - DAG(s) 'tutorial_dag' retrieved from /home/logi/txtai/venv/lib/python3.10/site-packages/airflow/example_dags/tutorial_dag.py
[2025-11-12T08:55:19.721+0530] {logging_mixin.py:188} INFO - [2025-11-12T08:55:19.721+0530] {dag.py:3089} INFO - Sync 1 DAGs
[2025-11-12T08:55:19.733+0530] {logging_mixin.py:188} INFO - [2025-11-12T08:55:19.732+0530] {dag.py:3947} INFO - Setting next_dagrun for tutorial_dag to None, run_after=None
[2025-11-12T08:55:19.753+0530] {processor.py:183} INFO - Processing /home/logi/txtai/venv/lib/python3.10/site-packages/airflow/example_dags/tutorial_dag.py took 0.092 seconds
[2025-11-12T08:56:07.974+0530] {processor.py:161} INFO - Started process (PID=23314) to work on /home/logi/txtai/venv/lib/python3.10/site-packages/airflow/example_dags/tutorial_dag.py
[2025-11-12T08:56:07.976+0530] {processor.py:830} INFO - Processing file /home/logi/txtai/venv/lib/python3.10/site-packages/airflow/example_dags/tutorial_dag.py for tasks to queue
[2025-11-12T08:56:07.979+0530] {logging_mixin.py:188} INFO - [2025-11-12T08:56:07.979+0530] {dagbag.py:545} INFO - Filling up the DagBag from /home/logi/txtai/venv/lib/python3.10/site-packages/airflow/example_dags/tutorial_dag.py
[2025-11-12T08:56:07.989+0530] {processor.py:840} INFO - DAG(s) 'tutorial_dag' retrieved from /home/logi/txtai/venv/lib/python3.10/site-packages/airflow/example_dags/tutorial_dag.py
[2025-11-12T08:56:08.013+0530] {logging_mixin.py:188} INFO - [2025-11-12T08:56:08.012+0530] {dag.py:3089} INFO - Sync 1 DAGs
[2025-11-12T08:56:08.023+0530] {logging_mixin.py:188} INFO - [2025-11-12T08:56:08.023+0530] {dag.py:3947} INFO - Setting next_dagrun for tutorial_dag to None, run_after=None
[2025-11-12T08:56:08.043+0530] {processor.py:183} INFO - Processing /home/logi/txtai/venv/lib/python3.10/site-packages/airflow/example_dags/tutorial_dag.py took 0.080 seconds
[2025-11-12T08:57:08.394+0530] {processor.py:161} INFO - Started process (PID=23442) to work on /home/logi/txtai/venv/lib/python3.10/site-packages/airflow/example_dags/tutorial_dag.py
[2025-11-12T08:57:08.408+0530] {processor.py:830} INFO - Processing file /home/logi/txtai/venv/lib/python3.10/site-packages/airflow/example_dags/tutorial_dag.py for tasks to queue
[2025-11-12T08:57:08.412+0530] {logging_mixin.py:188} INFO - [2025-11-12T08:57:08.411+0530] {dagbag.py:545} INFO - Filling up the DagBag from /home/logi/txtai/venv/lib/python3.10/site-packages/airflow/example_dags/tutorial_dag.py
[2025-11-12T08:57:08.425+0530] {processor.py:840} INFO - DAG(s) 'tutorial_dag' retrieved from /home/logi/txtai/venv/lib/python3.10/site-packages/airflow/example_dags/tutorial_dag.py
[2025-11-12T08:57:08.458+0530] {logging_mixin.py:188} INFO - [2025-11-12T08:57:08.458+0530] {dag.py:3089} INFO - Sync 1 DAGs
[2025-11-12T08:57:08.473+0530] {logging_mixin.py:188} INFO - [2025-11-12T08:57:08.472+0530] {dag.py:3947} INFO - Setting next_dagrun for tutorial_dag to None, run_after=None
[2025-11-12T08:57:08.514+0530] {processor.py:183} INFO - Processing /home/logi/txtai/venv/lib/python3.10/site-packages/airflow/example_dags/tutorial_dag.py took 0.132 seconds
[2025-11-12T08:58:11.614+0530] {processor.py:161} INFO - Started process (PID=23621) to work on /home/logi/txtai/venv/lib/python3.10/site-packages/airflow/example_dags/tutorial_dag.py
[2025-11-12T08:58:11.627+0530] {processor.py:830} INFO - Processing file /home/logi/txtai/venv/lib/python3.10/site-packages/airflow/example_dags/tutorial_dag.py for tasks to queue
[2025-11-12T08:58:11.631+0530] {logging_mixin.py:188} INFO - [2025-11-12T08:58:11.630+0530] {dagbag.py:545} INFO - Filling up the DagBag from /home/logi/txtai/venv/lib/python3.10/site-packages/airflow/example_dags/tutorial_dag.py
[2025-11-12T08:58:11.640+0530] {processor.py:840} INFO - DAG(s) 'tutorial_dag' retrieved from /home/logi/txtai/venv/lib/python3.10/site-packages/airflow/example_dags/tutorial_dag.py
[2025-11-12T08:58:11.671+0530] {logging_mixin.py:188} INFO - [2025-11-12T08:58:11.670+0530] {dag.py:3089} INFO - Sync 1 DAGs
[2025-11-12T08:58:11.685+0530] {logging_mixin.py:188} INFO - [2025-11-12T08:58:11.685+0530] {dag.py:3947} INFO - Setting next_dagrun for tutorial_dag to None, run_after=None
[2025-11-12T08:58:11.709+0530] {processor.py:183} INFO - Processing /home/logi/txtai/venv/lib/python3.10/site-packages/airflow/example_dags/tutorial_dag.py took 0.109 seconds
[2025-11-12T08:59:21.554+0530] {processor.py:161} INFO - Started process (PID=23784) to work on /home/logi/txtai/venv/lib/python3.10/site-packages/airflow/example_dags/tutorial_dag.py
[2025-11-12T08:59:21.567+0530] {processor.py:830} INFO - Processing file /home/logi/txtai/venv/lib/python3.10/site-packages/airflow/example_dags/tutorial_dag.py for tasks to queue
[2025-11-12T08:59:21.571+0530] {logging_mixin.py:188} INFO - [2025-11-12T08:59:21.570+0530] {dagbag.py:545} INFO - Filling up the DagBag from /home/logi/txtai/venv/lib/python3.10/site-packages/airflow/example_dags/tutorial_dag.py
[2025-11-12T08:59:21.580+0530] {processor.py:840} INFO - DAG(s) 'tutorial_dag' retrieved from /home/logi/txtai/venv/lib/python3.10/site-packages/airflow/example_dags/tutorial_dag.py
[2025-11-12T08:59:21.606+0530] {logging_mixin.py:188} INFO - [2025-11-12T08:59:21.606+0530] {dag.py:3089} INFO - Sync 1 DAGs
[2025-11-12T08:59:21.622+0530] {logging_mixin.py:188} INFO - [2025-11-12T08:59:21.621+0530] {dag.py:3947} INFO - Setting next_dagrun for tutorial_dag to None, run_after=None
[2025-11-12T08:59:21.641+0530] {processor.py:183} INFO - Processing /home/logi/txtai/venv/lib/python3.10/site-packages/airflow/example_dags/tutorial_dag.py took 0.099 seconds
[2025-11-12T09:00:34.553+0530] {processor.py:161} INFO - Started process (PID=24234) to work on /home/logi/txtai/venv/lib/python3.10/site-packages/airflow/example_dags/tutorial_dag.py
[2025-11-12T09:00:34.566+0530] {processor.py:830} INFO - Processing file /home/logi/txtai/venv/lib/python3.10/site-packages/airflow/example_dags/tutorial_dag.py for tasks to queue
[2025-11-12T09:00:34.569+0530] {logging_mixin.py:188} INFO - [2025-11-12T09:00:34.568+0530] {dagbag.py:545} INFO - Filling up the DagBag from /home/logi/txtai/venv/lib/python3.10/site-packages/airflow/example_dags/tutorial_dag.py
[2025-11-12T09:00:34.580+0530] {processor.py:840} INFO - DAG(s) 'tutorial_dag' retrieved from /home/logi/txtai/venv/lib/python3.10/site-packages/airflow/example_dags/tutorial_dag.py
[2025-11-12T09:00:34.614+0530] {logging_mixin.py:188} INFO - [2025-11-12T09:00:34.613+0530] {dag.py:3089} INFO - Sync 1 DAGs
[2025-11-12T09:00:34.628+0530] {logging_mixin.py:188} INFO - [2025-11-12T09:00:34.628+0530] {dag.py:3947} INFO - Setting next_dagrun for tutorial_dag to None, run_after=None
[2025-11-12T09:00:34.666+0530] {processor.py:183} INFO - Processing /home/logi/txtai/venv/lib/python3.10/site-packages/airflow/example_dags/tutorial_dag.py took 0.126 seconds
[2025-11-12T09:01:34.292+0530] {processor.py:161} INFO - Started process (PID=24615) to work on /home/logi/txtai/venv/lib/python3.10/site-packages/airflow/example_dags/tutorial_dag.py
[2025-11-12T09:01:34.305+0530] {processor.py:830} INFO - Processing file /home/logi/txtai/venv/lib/python3.10/site-packages/airflow/example_dags/tutorial_dag.py for tasks to queue
[2025-11-12T09:01:34.308+0530] {logging_mixin.py:188} INFO - [2025-11-12T09:01:34.308+0530] {dagbag.py:545} INFO - Filling up the DagBag from /home/logi/txtai/venv/lib/python3.10/site-packages/airflow/example_dags/tutorial_dag.py
[2025-11-12T09:01:34.318+0530] {processor.py:840} INFO - DAG(s) 'tutorial_dag' retrieved from /home/logi/txtai/venv/lib/python3.10/site-packages/airflow/example_dags/tutorial_dag.py
[2025-11-12T09:01:34.345+0530] {logging_mixin.py:188} INFO - [2025-11-12T09:01:34.344+0530] {dag.py:3089} INFO - Sync 1 DAGs
[2025-11-12T09:01:34.358+0530] {logging_mixin.py:188} INFO - [2025-11-12T09:01:34.358+0530] {dag.py:3947} INFO - Setting next_dagrun for tutorial_dag to None, run_after=None
[2025-11-12T09:01:34.378+0530] {processor.py:183} INFO - Processing /home/logi/txtai/venv/lib/python3.10/site-packages/airflow/example_dags/tutorial_dag.py took 0.097 seconds
[2025-11-12T09:02:32.979+0530] {processor.py:161} INFO - Started process (PID=24843) to work on /home/logi/txtai/venv/lib/python3.10/site-packages/airflow/example_dags/tutorial_dag.py
[2025-11-12T09:02:32.981+0530] {processor.py:830} INFO - Processing file /home/logi/txtai/venv/lib/python3.10/site-packages/airflow/example_dags/tutorial_dag.py for tasks to queue
[2025-11-12T09:02:32.983+0530] {logging_mixin.py:188} INFO - [2025-11-12T09:02:32.983+0530] {dagbag.py:545} INFO - Filling up the DagBag from /home/logi/txtai/venv/lib/python3.10/site-packages/airflow/example_dags/tutorial_dag.py
[2025-11-12T09:02:32.992+0530] {processor.py:840} INFO - DAG(s) 'tutorial_dag' retrieved from /home/logi/txtai/venv/lib/python3.10/site-packages/airflow/example_dags/tutorial_dag.py
[2025-11-12T09:02:33.017+0530] {logging_mixin.py:188} INFO - [2025-11-12T09:02:33.017+0530] {dag.py:3089} INFO - Sync 1 DAGs
[2025-11-12T09:02:33.027+0530] {logging_mixin.py:188} INFO - [2025-11-12T09:02:33.027+0530] {dag.py:3947} INFO - Setting next_dagrun for tutorial_dag to None, run_after=None
[2025-11-12T09:02:33.044+0530] {processor.py:183} INFO - Processing /home/logi/txtai/venv/lib/python3.10/site-packages/airflow/example_dags/tutorial_dag.py took 0.076 seconds
[2025-11-12T09:03:31.655+0530] {processor.py:161} INFO - Started process (PID=25192) to work on /home/logi/txtai/venv/lib/python3.10/site-packages/airflow/example_dags/tutorial_dag.py
[2025-11-12T09:03:31.669+0530] {processor.py:830} INFO - Processing file /home/logi/txtai/venv/lib/python3.10/site-packages/airflow/example_dags/tutorial_dag.py for tasks to queue
[2025-11-12T09:03:31.672+0530] {logging_mixin.py:188} INFO - [2025-11-12T09:03:31.671+0530] {dagbag.py:545} INFO - Filling up the DagBag from /home/logi/txtai/venv/lib/python3.10/site-packages/airflow/example_dags/tutorial_dag.py
[2025-11-12T09:03:31.682+0530] {processor.py:840} INFO - DAG(s) 'tutorial_dag' retrieved from /home/logi/txtai/venv/lib/python3.10/site-packages/airflow/example_dags/tutorial_dag.py
[2025-11-12T09:03:31.710+0530] {logging_mixin.py:188} INFO - [2025-11-12T09:03:31.710+0530] {dag.py:3089} INFO - Sync 1 DAGs
[2025-11-12T09:03:31.726+0530] {logging_mixin.py:188} INFO - [2025-11-12T09:03:31.725+0530] {dag.py:3947} INFO - Setting next_dagrun for tutorial_dag to None, run_after=None
[2025-11-12T09:03:31.749+0530] {processor.py:183} INFO - Processing /home/logi/txtai/venv/lib/python3.10/site-packages/airflow/example_dags/tutorial_dag.py took 0.106 seconds
[2025-11-12T09:04:31.908+0530] {processor.py:161} INFO - Started process (PID=25588) to work on /home/logi/txtai/venv/lib/python3.10/site-packages/airflow/example_dags/tutorial_dag.py
[2025-11-12T09:04:31.922+0530] {processor.py:830} INFO - Processing file /home/logi/txtai/venv/lib/python3.10/site-packages/airflow/example_dags/tutorial_dag.py for tasks to queue
[2025-11-12T09:04:31.925+0530] {logging_mixin.py:188} INFO - [2025-11-12T09:04:31.925+0530] {dagbag.py:545} INFO - Filling up the DagBag from /home/logi/txtai/venv/lib/python3.10/site-packages/airflow/example_dags/tutorial_dag.py
[2025-11-12T09:04:31.934+0530] {processor.py:840} INFO - DAG(s) 'tutorial_dag' retrieved from /home/logi/txtai/venv/lib/python3.10/site-packages/airflow/example_dags/tutorial_dag.py
[2025-11-12T09:04:31.959+0530] {logging_mixin.py:188} INFO - [2025-11-12T09:04:31.959+0530] {dag.py:3089} INFO - Sync 1 DAGs
[2025-11-12T09:04:31.976+0530] {logging_mixin.py:188} INFO - [2025-11-12T09:04:31.976+0530] {dag.py:3947} INFO - Setting next_dagrun for tutorial_dag to None, run_after=None
[2025-11-12T09:04:32.008+0530] {processor.py:183} INFO - Processing /home/logi/txtai/venv/lib/python3.10/site-packages/airflow/example_dags/tutorial_dag.py took 0.109 seconds
[2025-11-12T09:05:59.708+0530] {processor.py:161} INFO - Started process (PID=26550) to work on /home/logi/txtai/venv/lib/python3.10/site-packages/airflow/example_dags/tutorial_dag.py
[2025-11-12T09:05:59.721+0530] {processor.py:830} INFO - Processing file /home/logi/txtai/venv/lib/python3.10/site-packages/airflow/example_dags/tutorial_dag.py for tasks to queue
[2025-11-12T09:05:59.724+0530] {logging_mixin.py:188} INFO - [2025-11-12T09:05:59.723+0530] {dagbag.py:545} INFO - Filling up the DagBag from /home/logi/txtai/venv/lib/python3.10/site-packages/airflow/example_dags/tutorial_dag.py
[2025-11-12T09:05:59.733+0530] {processor.py:840} INFO - DAG(s) 'tutorial_dag' retrieved from /home/logi/txtai/venv/lib/python3.10/site-packages/airflow/example_dags/tutorial_dag.py
[2025-11-12T09:05:59.759+0530] {logging_mixin.py:188} INFO - [2025-11-12T09:05:59.758+0530] {dag.py:3089} INFO - Sync 1 DAGs
[2025-11-12T09:05:59.773+0530] {logging_mixin.py:188} INFO - [2025-11-12T09:05:59.773+0530] {dag.py:3947} INFO - Setting next_dagrun for tutorial_dag to None, run_after=None
[2025-11-12T09:05:59.793+0530] {processor.py:183} INFO - Processing /home/logi/txtai/venv/lib/python3.10/site-packages/airflow/example_dags/tutorial_dag.py took 0.096 seconds
[2025-11-12T09:06:58.796+0530] {processor.py:161} INFO - Started process (PID=26989) to work on /home/logi/txtai/venv/lib/python3.10/site-packages/airflow/example_dags/tutorial_dag.py
[2025-11-12T09:06:58.809+0530] {processor.py:830} INFO - Processing file /home/logi/txtai/venv/lib/python3.10/site-packages/airflow/example_dags/tutorial_dag.py for tasks to queue
[2025-11-12T09:06:58.812+0530] {logging_mixin.py:188} INFO - [2025-11-12T09:06:58.811+0530] {dagbag.py:545} INFO - Filling up the DagBag from /home/logi/txtai/venv/lib/python3.10/site-packages/airflow/example_dags/tutorial_dag.py
[2025-11-12T09:06:58.821+0530] {processor.py:840} INFO - DAG(s) 'tutorial_dag' retrieved from /home/logi/txtai/venv/lib/python3.10/site-packages/airflow/example_dags/tutorial_dag.py
[2025-11-12T09:06:58.846+0530] {logging_mixin.py:188} INFO - [2025-11-12T09:06:58.846+0530] {dag.py:3089} INFO - Sync 1 DAGs
[2025-11-12T09:06:58.862+0530] {logging_mixin.py:188} INFO - [2025-11-12T09:06:58.862+0530] {dag.py:3947} INFO - Setting next_dagrun for tutorial_dag to None, run_after=None
[2025-11-12T09:06:58.887+0530] {processor.py:183} INFO - Processing /home/logi/txtai/venv/lib/python3.10/site-packages/airflow/example_dags/tutorial_dag.py took 0.102 seconds
[2025-11-12T09:07:58.486+0530] {processor.py:161} INFO - Started process (PID=27457) to work on /home/logi/txtai/venv/lib/python3.10/site-packages/airflow/example_dags/tutorial_dag.py
[2025-11-12T09:07:58.499+0530] {processor.py:830} INFO - Processing file /home/logi/txtai/venv/lib/python3.10/site-packages/airflow/example_dags/tutorial_dag.py for tasks to queue
[2025-11-12T09:07:58.502+0530] {logging_mixin.py:188} INFO - [2025-11-12T09:07:58.502+0530] {dagbag.py:545} INFO - Filling up the DagBag from /home/logi/txtai/venv/lib/python3.10/site-packages/airflow/example_dags/tutorial_dag.py
[2025-11-12T09:07:58.512+0530] {processor.py:840} INFO - DAG(s) 'tutorial_dag' retrieved from /home/logi/txtai/venv/lib/python3.10/site-packages/airflow/example_dags/tutorial_dag.py
[2025-11-12T09:07:58.537+0530] {logging_mixin.py:188} INFO - [2025-11-12T09:07:58.537+0530] {dag.py:3089} INFO - Sync 1 DAGs
[2025-11-12T09:07:58.554+0530] {logging_mixin.py:188} INFO - [2025-11-12T09:07:58.554+0530] {dag.py:3947} INFO - Setting next_dagrun for tutorial_dag to None, run_after=None
[2025-11-12T09:07:58.580+0530] {processor.py:183} INFO - Processing /home/logi/txtai/venv/lib/python3.10/site-packages/airflow/example_dags/tutorial_dag.py took 0.105 seconds
[2025-11-12T09:08:58.491+0530] {processor.py:161} INFO - Started process (PID=27567) to work on /home/logi/txtai/venv/lib/python3.10/site-packages/airflow/example_dags/tutorial_dag.py
[2025-11-12T09:08:58.505+0530] {processor.py:830} INFO - Processing file /home/logi/txtai/venv/lib/python3.10/site-packages/airflow/example_dags/tutorial_dag.py for tasks to queue
[2025-11-12T09:08:58.508+0530] {logging_mixin.py:188} INFO - [2025-11-12T09:08:58.507+0530] {dagbag.py:545} INFO - Filling up the DagBag from /home/logi/txtai/venv/lib/python3.10/site-packages/airflow/example_dags/tutorial_dag.py
[2025-11-12T09:08:58.517+0530] {processor.py:840} INFO - DAG(s) 'tutorial_dag' retrieved from /home/logi/txtai/venv/lib/python3.10/site-packages/airflow/example_dags/tutorial_dag.py
[2025-11-12T09:08:58.545+0530] {logging_mixin.py:188} INFO - [2025-11-12T09:08:58.544+0530] {dag.py:3089} INFO - Sync 1 DAGs
[2025-11-12T09:08:58.560+0530] {logging_mixin.py:188} INFO - [2025-11-12T09:08:58.560+0530] {dag.py:3947} INFO - Setting next_dagrun for tutorial_dag to None, run_after=None
[2025-11-12T09:08:58.582+0530] {processor.py:183} INFO - Processing /home/logi/txtai/venv/lib/python3.10/site-packages/airflow/example_dags/tutorial_dag.py took 0.102 seconds
[2025-11-12T09:10:00.950+0530] {processor.py:161} INFO - Started process (PID=27693) to work on /home/logi/txtai/venv/lib/python3.10/site-packages/airflow/example_dags/tutorial_dag.py
[2025-11-12T09:10:00.963+0530] {processor.py:830} INFO - Processing file /home/logi/txtai/venv/lib/python3.10/site-packages/airflow/example_dags/tutorial_dag.py for tasks to queue
[2025-11-12T09:10:00.966+0530] {logging_mixin.py:188} INFO - [2025-11-12T09:10:00.966+0530] {dagbag.py:545} INFO - Filling up the DagBag from /home/logi/txtai/venv/lib/python3.10/site-packages/airflow/example_dags/tutorial_dag.py
[2025-11-12T09:10:00.972+0530] {processor.py:840} INFO - DAG(s) 'tutorial_dag' retrieved from /home/logi/txtai/venv/lib/python3.10/site-packages/airflow/example_dags/tutorial_dag.py
[2025-11-12T09:10:00.989+0530] {logging_mixin.py:188} INFO - [2025-11-12T09:10:00.989+0530] {dag.py:3089} INFO - Sync 1 DAGs
[2025-11-12T09:10:01.000+0530] {logging_mixin.py:188} INFO - [2025-11-12T09:10:01.000+0530] {dag.py:3947} INFO - Setting next_dagrun for tutorial_dag to None, run_after=None
[2025-11-12T09:10:01.027+0530] {processor.py:183} INFO - Processing /home/logi/txtai/venv/lib/python3.10/site-packages/airflow/example_dags/tutorial_dag.py took 0.088 seconds
[2025-11-12T09:10:47.503+0530] {processor.py:161} INFO - Started process (PID=27914) to work on /home/logi/txtai/venv/lib/python3.10/site-packages/airflow/example_dags/tutorial_dag.py
[2025-11-12T09:10:47.517+0530] {processor.py:830} INFO - Processing file /home/logi/txtai/venv/lib/python3.10/site-packages/airflow/example_dags/tutorial_dag.py for tasks to queue
[2025-11-12T09:10:47.520+0530] {logging_mixin.py:188} INFO - [2025-11-12T09:10:47.520+0530] {dagbag.py:545} INFO - Filling up the DagBag from /home/logi/txtai/venv/lib/python3.10/site-packages/airflow/example_dags/tutorial_dag.py
[2025-11-12T09:10:47.530+0530] {processor.py:840} INFO - DAG(s) 'tutorial_dag' retrieved from /home/logi/txtai/venv/lib/python3.10/site-packages/airflow/example_dags/tutorial_dag.py
[2025-11-12T09:10:47.557+0530] {logging_mixin.py:188} INFO - [2025-11-12T09:10:47.557+0530] {dag.py:3089} INFO - Sync 1 DAGs
[2025-11-12T09:10:47.571+0530] {logging_mixin.py:188} INFO - [2025-11-12T09:10:47.571+0530] {dag.py:3947} INFO - Setting next_dagrun for tutorial_dag to None, run_after=None
[2025-11-12T09:10:47.593+0530] {processor.py:183} INFO - Processing /home/logi/txtai/venv/lib/python3.10/site-packages/airflow/example_dags/tutorial_dag.py took 0.100 seconds
[2025-11-12T09:11:49.033+0530] {processor.py:161} INFO - Started process (PID=28015) to work on /home/logi/txtai/venv/lib/python3.10/site-packages/airflow/example_dags/tutorial_dag.py
[2025-11-12T09:11:49.035+0530] {processor.py:830} INFO - Processing file /home/logi/txtai/venv/lib/python3.10/site-packages/airflow/example_dags/tutorial_dag.py for tasks to queue
[2025-11-12T09:11:49.038+0530] {logging_mixin.py:188} INFO - [2025-11-12T09:11:49.037+0530] {dagbag.py:545} INFO - Filling up the DagBag from /home/logi/txtai/venv/lib/python3.10/site-packages/airflow/example_dags/tutorial_dag.py
[2025-11-12T09:11:49.049+0530] {processor.py:840} INFO - DAG(s) 'tutorial_dag' retrieved from /home/logi/txtai/venv/lib/python3.10/site-packages/airflow/example_dags/tutorial_dag.py
[2025-11-12T09:11:49.075+0530] {logging_mixin.py:188} INFO - [2025-11-12T09:11:49.074+0530] {dag.py:3089} INFO - Sync 1 DAGs
[2025-11-12T09:11:49.085+0530] {logging_mixin.py:188} INFO - [2025-11-12T09:11:49.085+0530] {dag.py:3947} INFO - Setting next_dagrun for tutorial_dag to None, run_after=None
[2025-11-12T09:11:49.106+0530] {processor.py:183} INFO - Processing /home/logi/txtai/venv/lib/python3.10/site-packages/airflow/example_dags/tutorial_dag.py took 0.084 seconds
[2025-11-12T09:12:53.599+0530] {processor.py:161} INFO - Started process (PID=28182) to work on /home/logi/txtai/venv/lib/python3.10/site-packages/airflow/example_dags/tutorial_dag.py
[2025-11-12T09:12:53.619+0530] {processor.py:830} INFO - Processing file /home/logi/txtai/venv/lib/python3.10/site-packages/airflow/example_dags/tutorial_dag.py for tasks to queue
[2025-11-12T09:12:53.630+0530] {logging_mixin.py:188} INFO - [2025-11-12T09:12:53.625+0530] {dagbag.py:545} INFO - Filling up the DagBag from /home/logi/txtai/venv/lib/python3.10/site-packages/airflow/example_dags/tutorial_dag.py
[2025-11-12T09:12:53.666+0530] {processor.py:840} INFO - DAG(s) 'tutorial_dag' retrieved from /home/logi/txtai/venv/lib/python3.10/site-packages/airflow/example_dags/tutorial_dag.py
[2025-11-12T09:12:53.738+0530] {logging_mixin.py:188} INFO - [2025-11-12T09:12:53.737+0530] {dag.py:3089} INFO - Sync 1 DAGs
[2025-11-12T09:12:53.762+0530] {logging_mixin.py:188} INFO - [2025-11-12T09:12:53.761+0530] {dag.py:3947} INFO - Setting next_dagrun for tutorial_dag to None, run_after=None
[2025-11-12T09:12:53.842+0530] {processor.py:183} INFO - Processing /home/logi/txtai/venv/lib/python3.10/site-packages/airflow/example_dags/tutorial_dag.py took 0.279 seconds
[2025-11-12T09:13:54.762+0530] {processor.py:161} INFO - Started process (PID=28397) to work on /home/logi/txtai/venv/lib/python3.10/site-packages/airflow/example_dags/tutorial_dag.py
[2025-11-12T09:13:54.775+0530] {processor.py:830} INFO - Processing file /home/logi/txtai/venv/lib/python3.10/site-packages/airflow/example_dags/tutorial_dag.py for tasks to queue
[2025-11-12T09:13:54.778+0530] {logging_mixin.py:188} INFO - [2025-11-12T09:13:54.778+0530] {dagbag.py:545} INFO - Filling up the DagBag from /home/logi/txtai/venv/lib/python3.10/site-packages/airflow/example_dags/tutorial_dag.py
[2025-11-12T09:13:54.788+0530] {processor.py:840} INFO - DAG(s) 'tutorial_dag' retrieved from /home/logi/txtai/venv/lib/python3.10/site-packages/airflow/example_dags/tutorial_dag.py
[2025-11-12T09:13:54.809+0530] {logging_mixin.py:188} INFO - [2025-11-12T09:13:54.808+0530] {dag.py:3089} INFO - Sync 1 DAGs
[2025-11-12T09:13:54.820+0530] {logging_mixin.py:188} INFO - [2025-11-12T09:13:54.820+0530] {dag.py:3947} INFO - Setting next_dagrun for tutorial_dag to None, run_after=None
[2025-11-12T09:13:54.840+0530] {processor.py:183} INFO - Processing /home/logi/txtai/venv/lib/python3.10/site-packages/airflow/example_dags/tutorial_dag.py took 0.088 seconds
[2025-11-12T09:14:54.197+0530] {processor.py:161} INFO - Started process (PID=28496) to work on /home/logi/txtai/venv/lib/python3.10/site-packages/airflow/example_dags/tutorial_dag.py
[2025-11-12T09:14:54.211+0530] {processor.py:830} INFO - Processing file /home/logi/txtai/venv/lib/python3.10/site-packages/airflow/example_dags/tutorial_dag.py for tasks to queue
[2025-11-12T09:14:54.214+0530] {logging_mixin.py:188} INFO - [2025-11-12T09:14:54.213+0530] {dagbag.py:545} INFO - Filling up the DagBag from /home/logi/txtai/venv/lib/python3.10/site-packages/airflow/example_dags/tutorial_dag.py
[2025-11-12T09:14:54.225+0530] {processor.py:840} INFO - DAG(s) 'tutorial_dag' retrieved from /home/logi/txtai/venv/lib/python3.10/site-packages/airflow/example_dags/tutorial_dag.py
[2025-11-12T09:14:54.251+0530] {logging_mixin.py:188} INFO - [2025-11-12T09:14:54.251+0530] {dag.py:3089} INFO - Sync 1 DAGs
[2025-11-12T09:14:54.264+0530] {logging_mixin.py:188} INFO - [2025-11-12T09:14:54.264+0530] {dag.py:3947} INFO - Setting next_dagrun for tutorial_dag to None, run_after=None
[2025-11-12T09:14:54.292+0530] {processor.py:183} INFO - Processing /home/logi/txtai/venv/lib/python3.10/site-packages/airflow/example_dags/tutorial_dag.py took 0.106 seconds
[2025-11-12T09:16:17.805+0530] {processor.py:161} INFO - Started process (PID=29133) to work on /home/logi/txtai/venv/lib/python3.10/site-packages/airflow/example_dags/tutorial_dag.py
[2025-11-12T09:16:17.806+0530] {processor.py:830} INFO - Processing file /home/logi/txtai/venv/lib/python3.10/site-packages/airflow/example_dags/tutorial_dag.py for tasks to queue
[2025-11-12T09:16:17.809+0530] {logging_mixin.py:188} INFO - [2025-11-12T09:16:17.809+0530] {dagbag.py:545} INFO - Filling up the DagBag from /home/logi/txtai/venv/lib/python3.10/site-packages/airflow/example_dags/tutorial_dag.py
[2025-11-12T09:16:17.818+0530] {processor.py:840} INFO - DAG(s) 'tutorial_dag' retrieved from /home/logi/txtai/venv/lib/python3.10/site-packages/airflow/example_dags/tutorial_dag.py
[2025-11-12T09:16:17.843+0530] {logging_mixin.py:188} INFO - [2025-11-12T09:16:17.843+0530] {dag.py:3089} INFO - Sync 1 DAGs
[2025-11-12T09:16:17.853+0530] {logging_mixin.py:188} INFO - [2025-11-12T09:16:17.853+0530] {dag.py:3947} INFO - Setting next_dagrun for tutorial_dag to None, run_after=None
[2025-11-12T09:16:17.871+0530] {processor.py:183} INFO - Processing /home/logi/txtai/venv/lib/python3.10/site-packages/airflow/example_dags/tutorial_dag.py took 0.077 seconds
[2025-11-12T09:17:03.596+0530] {processor.py:161} INFO - Started process (PID=29443) to work on /home/logi/txtai/venv/lib/python3.10/site-packages/airflow/example_dags/tutorial_dag.py
[2025-11-12T09:17:03.610+0530] {processor.py:830} INFO - Processing file /home/logi/txtai/venv/lib/python3.10/site-packages/airflow/example_dags/tutorial_dag.py for tasks to queue
[2025-11-12T09:17:03.613+0530] {logging_mixin.py:188} INFO - [2025-11-12T09:17:03.612+0530] {dagbag.py:545} INFO - Filling up the DagBag from /home/logi/txtai/venv/lib/python3.10/site-packages/airflow/example_dags/tutorial_dag.py
[2025-11-12T09:17:03.622+0530] {processor.py:840} INFO - DAG(s) 'tutorial_dag' retrieved from /home/logi/txtai/venv/lib/python3.10/site-packages/airflow/example_dags/tutorial_dag.py
[2025-11-12T09:17:03.646+0530] {logging_mixin.py:188} INFO - [2025-11-12T09:17:03.646+0530] {dag.py:3089} INFO - Sync 1 DAGs
[2025-11-12T09:17:03.662+0530] {logging_mixin.py:188} INFO - [2025-11-12T09:17:03.662+0530] {dag.py:3947} INFO - Setting next_dagrun for tutorial_dag to None, run_after=None
[2025-11-12T09:17:03.680+0530] {processor.py:183} INFO - Processing /home/logi/txtai/venv/lib/python3.10/site-packages/airflow/example_dags/tutorial_dag.py took 0.094 seconds
[2025-11-12T09:18:02.695+0530] {processor.py:161} INFO - Started process (PID=29808) to work on /home/logi/txtai/venv/lib/python3.10/site-packages/airflow/example_dags/tutorial_dag.py
[2025-11-12T09:18:02.709+0530] {processor.py:830} INFO - Processing file /home/logi/txtai/venv/lib/python3.10/site-packages/airflow/example_dags/tutorial_dag.py for tasks to queue
[2025-11-12T09:18:02.713+0530] {logging_mixin.py:188} INFO - [2025-11-12T09:18:02.712+0530] {dagbag.py:545} INFO - Filling up the DagBag from /home/logi/txtai/venv/lib/python3.10/site-packages/airflow/example_dags/tutorial_dag.py
[2025-11-12T09:18:02.725+0530] {processor.py:840} INFO - DAG(s) 'tutorial_dag' retrieved from /home/logi/txtai/venv/lib/python3.10/site-packages/airflow/example_dags/tutorial_dag.py
[2025-11-12T09:18:02.759+0530] {logging_mixin.py:188} INFO - [2025-11-12T09:18:02.759+0530] {dag.py:3089} INFO - Sync 1 DAGs
[2025-11-12T09:18:02.770+0530] {logging_mixin.py:188} INFO - [2025-11-12T09:18:02.770+0530] {dag.py:3947} INFO - Setting next_dagrun for tutorial_dag to None, run_after=None
[2025-11-12T09:18:02.799+0530] {processor.py:183} INFO - Processing /home/logi/txtai/venv/lib/python3.10/site-packages/airflow/example_dags/tutorial_dag.py took 0.118 seconds
