[2025-11-12T06:03:18.834+0530] {processor.py:161} INFO - Started process (PID=5771) to work on /home/logi/txtai/venv/lib/python3.10/site-packages/airflow/example_dags/tutorial_objectstorage.py
[2025-11-12T06:03:18.836+0530] {processor.py:830} INFO - Processing file /home/logi/txtai/venv/lib/python3.10/site-packages/airflow/example_dags/tutorial_objectstorage.py for tasks to queue
[2025-11-12T06:03:18.839+0530] {logging_mixin.py:188} INFO - [2025-11-12T06:03:18.838+0530] {dagbag.py:545} INFO - Filling up the DagBag from /home/logi/txtai/venv/lib/python3.10/site-packages/airflow/example_dags/tutorial_objectstorage.py
[2025-11-12T06:03:18.852+0530] {processor.py:840} INFO - DAG(s) 'tutorial_objectstorage' retrieved from /home/logi/txtai/venv/lib/python3.10/site-packages/airflow/example_dags/tutorial_objectstorage.py
[2025-11-12T06:03:18.875+0530] {logging_mixin.py:188} INFO - [2025-11-12T06:03:18.875+0530] {dag.py:3089} INFO - Sync 1 DAGs
[2025-11-12T06:03:18.886+0530] {logging_mixin.py:188} INFO - [2025-11-12T06:03:18.885+0530] {dag.py:3947} INFO - Setting next_dagrun for tutorial_objectstorage to None, run_after=None
[2025-11-12T06:03:18.923+0530] {processor.py:183} INFO - Processing /home/logi/txtai/venv/lib/python3.10/site-packages/airflow/example_dags/tutorial_objectstorage.py took 0.100 seconds
[2025-11-12T06:04:28.344+0530] {processor.py:161} INFO - Started process (PID=6140) to work on /home/logi/txtai/venv/lib/python3.10/site-packages/airflow/example_dags/tutorial_objectstorage.py
[2025-11-12T06:04:28.357+0530] {processor.py:830} INFO - Processing file /home/logi/txtai/venv/lib/python3.10/site-packages/airflow/example_dags/tutorial_objectstorage.py for tasks to queue
[2025-11-12T06:04:28.361+0530] {logging_mixin.py:188} INFO - [2025-11-12T06:04:28.360+0530] {dagbag.py:545} INFO - Filling up the DagBag from /home/logi/txtai/venv/lib/python3.10/site-packages/airflow/example_dags/tutorial_objectstorage.py
[2025-11-12T06:04:28.373+0530] {processor.py:840} INFO - DAG(s) 'tutorial_objectstorage' retrieved from /home/logi/txtai/venv/lib/python3.10/site-packages/airflow/example_dags/tutorial_objectstorage.py
[2025-11-12T06:04:28.397+0530] {logging_mixin.py:188} INFO - [2025-11-12T06:04:28.397+0530] {dag.py:3089} INFO - Sync 1 DAGs
[2025-11-12T06:04:28.410+0530] {logging_mixin.py:188} INFO - [2025-11-12T06:04:28.409+0530] {dag.py:3947} INFO - Setting next_dagrun for tutorial_objectstorage to None, run_after=None
[2025-11-12T06:04:28.431+0530] {processor.py:183} INFO - Processing /home/logi/txtai/venv/lib/python3.10/site-packages/airflow/example_dags/tutorial_objectstorage.py took 0.098 seconds
[2025-11-12T06:05:30.756+0530] {processor.py:161} INFO - Started process (PID=6327) to work on /home/logi/txtai/venv/lib/python3.10/site-packages/airflow/example_dags/tutorial_objectstorage.py
[2025-11-12T06:05:30.769+0530] {processor.py:830} INFO - Processing file /home/logi/txtai/venv/lib/python3.10/site-packages/airflow/example_dags/tutorial_objectstorage.py for tasks to queue
[2025-11-12T06:05:30.772+0530] {logging_mixin.py:188} INFO - [2025-11-12T06:05:30.771+0530] {dagbag.py:545} INFO - Filling up the DagBag from /home/logi/txtai/venv/lib/python3.10/site-packages/airflow/example_dags/tutorial_objectstorage.py
[2025-11-12T06:05:30.787+0530] {processor.py:840} INFO - DAG(s) 'tutorial_objectstorage' retrieved from /home/logi/txtai/venv/lib/python3.10/site-packages/airflow/example_dags/tutorial_objectstorage.py
[2025-11-12T06:05:30.815+0530] {logging_mixin.py:188} INFO - [2025-11-12T06:05:30.815+0530] {dag.py:3089} INFO - Sync 1 DAGs
[2025-11-12T06:05:30.833+0530] {logging_mixin.py:188} INFO - [2025-11-12T06:05:30.833+0530] {dag.py:3947} INFO - Setting next_dagrun for tutorial_objectstorage to None, run_after=None
[2025-11-12T06:05:30.851+0530] {processor.py:183} INFO - Processing /home/logi/txtai/venv/lib/python3.10/site-packages/airflow/example_dags/tutorial_objectstorage.py took 0.107 seconds
[2025-11-12T06:06:31.281+0530] {processor.py:161} INFO - Started process (PID=6734) to work on /home/logi/txtai/venv/lib/python3.10/site-packages/airflow/example_dags/tutorial_objectstorage.py
[2025-11-12T06:06:31.294+0530] {processor.py:830} INFO - Processing file /home/logi/txtai/venv/lib/python3.10/site-packages/airflow/example_dags/tutorial_objectstorage.py for tasks to queue
[2025-11-12T06:06:31.297+0530] {logging_mixin.py:188} INFO - [2025-11-12T06:06:31.296+0530] {dagbag.py:545} INFO - Filling up the DagBag from /home/logi/txtai/venv/lib/python3.10/site-packages/airflow/example_dags/tutorial_objectstorage.py
[2025-11-12T06:06:31.310+0530] {processor.py:840} INFO - DAG(s) 'tutorial_objectstorage' retrieved from /home/logi/txtai/venv/lib/python3.10/site-packages/airflow/example_dags/tutorial_objectstorage.py
[2025-11-12T06:06:31.336+0530] {logging_mixin.py:188} INFO - [2025-11-12T06:06:31.336+0530] {dag.py:3089} INFO - Sync 1 DAGs
[2025-11-12T06:06:31.349+0530] {logging_mixin.py:188} INFO - [2025-11-12T06:06:31.348+0530] {dag.py:3947} INFO - Setting next_dagrun for tutorial_objectstorage to None, run_after=None
[2025-11-12T06:06:31.368+0530] {processor.py:183} INFO - Processing /home/logi/txtai/venv/lib/python3.10/site-packages/airflow/example_dags/tutorial_objectstorage.py took 0.100 seconds
[2025-11-12T06:07:27.991+0530] {processor.py:161} INFO - Started process (PID=6814) to work on /home/logi/txtai/venv/lib/python3.10/site-packages/airflow/example_dags/tutorial_objectstorage.py
[2025-11-12T06:07:28.005+0530] {processor.py:830} INFO - Processing file /home/logi/txtai/venv/lib/python3.10/site-packages/airflow/example_dags/tutorial_objectstorage.py for tasks to queue
[2025-11-12T06:07:28.009+0530] {logging_mixin.py:188} INFO - [2025-11-12T06:07:28.008+0530] {dagbag.py:545} INFO - Filling up the DagBag from /home/logi/txtai/venv/lib/python3.10/site-packages/airflow/example_dags/tutorial_objectstorage.py
[2025-11-12T06:07:28.023+0530] {processor.py:840} INFO - DAG(s) 'tutorial_objectstorage' retrieved from /home/logi/txtai/venv/lib/python3.10/site-packages/airflow/example_dags/tutorial_objectstorage.py
[2025-11-12T06:07:28.051+0530] {logging_mixin.py:188} INFO - [2025-11-12T06:07:28.051+0530] {dag.py:3089} INFO - Sync 1 DAGs
[2025-11-12T06:07:28.064+0530] {logging_mixin.py:188} INFO - [2025-11-12T06:07:28.063+0530] {dag.py:3947} INFO - Setting next_dagrun for tutorial_objectstorage to None, run_after=None
[2025-11-12T06:07:28.093+0530] {processor.py:183} INFO - Processing /home/logi/txtai/venv/lib/python3.10/site-packages/airflow/example_dags/tutorial_objectstorage.py took 0.113 seconds
[2025-11-12T06:08:29.895+0530] {processor.py:161} INFO - Started process (PID=7390) to work on /home/logi/txtai/venv/lib/python3.10/site-packages/airflow/example_dags/tutorial_objectstorage.py
[2025-11-12T06:08:29.908+0530] {processor.py:830} INFO - Processing file /home/logi/txtai/venv/lib/python3.10/site-packages/airflow/example_dags/tutorial_objectstorage.py for tasks to queue
[2025-11-12T06:08:29.911+0530] {logging_mixin.py:188} INFO - [2025-11-12T06:08:29.911+0530] {dagbag.py:545} INFO - Filling up the DagBag from /home/logi/txtai/venv/lib/python3.10/site-packages/airflow/example_dags/tutorial_objectstorage.py
[2025-11-12T06:08:29.923+0530] {processor.py:840} INFO - DAG(s) 'tutorial_objectstorage' retrieved from /home/logi/txtai/venv/lib/python3.10/site-packages/airflow/example_dags/tutorial_objectstorage.py
[2025-11-12T06:08:29.940+0530] {logging_mixin.py:188} INFO - [2025-11-12T06:08:29.939+0530] {dag.py:3089} INFO - Sync 1 DAGs
[2025-11-12T06:08:29.951+0530] {logging_mixin.py:188} INFO - [2025-11-12T06:08:29.950+0530] {dag.py:3947} INFO - Setting next_dagrun for tutorial_objectstorage to None, run_after=None
[2025-11-12T06:08:29.970+0530] {processor.py:183} INFO - Processing /home/logi/txtai/venv/lib/python3.10/site-packages/airflow/example_dags/tutorial_objectstorage.py took 0.086 seconds
[2025-11-12T08:07:50.229+0530] {processor.py:161} INFO - Started process (PID=9938) to work on /home/logi/txtai/venv/lib/python3.10/site-packages/airflow/example_dags/tutorial_objectstorage.py
[2025-11-12T08:07:50.243+0530] {processor.py:830} INFO - Processing file /home/logi/txtai/venv/lib/python3.10/site-packages/airflow/example_dags/tutorial_objectstorage.py for tasks to queue
[2025-11-12T08:07:50.246+0530] {logging_mixin.py:188} INFO - [2025-11-12T08:07:50.245+0530] {dagbag.py:545} INFO - Filling up the DagBag from /home/logi/txtai/venv/lib/python3.10/site-packages/airflow/example_dags/tutorial_objectstorage.py
[2025-11-12T08:07:50.264+0530] {processor.py:840} INFO - DAG(s) 'tutorial_objectstorage' retrieved from /home/logi/txtai/venv/lib/python3.10/site-packages/airflow/example_dags/tutorial_objectstorage.py
[2025-11-12T08:07:50.298+0530] {logging_mixin.py:188} INFO - [2025-11-12T08:07:50.298+0530] {dag.py:3089} INFO - Sync 1 DAGs
[2025-11-12T08:07:50.309+0530] {logging_mixin.py:188} INFO - [2025-11-12T08:07:50.308+0530] {dag.py:3947} INFO - Setting next_dagrun for tutorial_objectstorage to None, run_after=None
[2025-11-12T08:07:50.334+0530] {processor.py:183} INFO - Processing /home/logi/txtai/venv/lib/python3.10/site-packages/airflow/example_dags/tutorial_objectstorage.py took 0.115 seconds
[2025-11-12T08:08:49.753+0530] {processor.py:161} INFO - Started process (PID=10397) to work on /home/logi/txtai/venv/lib/python3.10/site-packages/airflow/example_dags/tutorial_objectstorage.py
[2025-11-12T08:08:49.762+0530] {processor.py:830} INFO - Processing file /home/logi/txtai/venv/lib/python3.10/site-packages/airflow/example_dags/tutorial_objectstorage.py for tasks to queue
[2025-11-12T08:08:49.765+0530] {logging_mixin.py:188} INFO - [2025-11-12T08:08:49.765+0530] {dagbag.py:545} INFO - Filling up the DagBag from /home/logi/txtai/venv/lib/python3.10/site-packages/airflow/example_dags/tutorial_objectstorage.py
[2025-11-12T08:08:49.777+0530] {processor.py:840} INFO - DAG(s) 'tutorial_objectstorage' retrieved from /home/logi/txtai/venv/lib/python3.10/site-packages/airflow/example_dags/tutorial_objectstorage.py
[2025-11-12T08:08:49.801+0530] {logging_mixin.py:188} INFO - [2025-11-12T08:08:49.800+0530] {dag.py:3089} INFO - Sync 1 DAGs
[2025-11-12T08:08:49.813+0530] {logging_mixin.py:188} INFO - [2025-11-12T08:08:49.813+0530] {dag.py:3947} INFO - Setting next_dagrun for tutorial_objectstorage to None, run_after=None
[2025-11-12T08:08:49.830+0530] {processor.py:183} INFO - Processing /home/logi/txtai/venv/lib/python3.10/site-packages/airflow/example_dags/tutorial_objectstorage.py took 0.087 seconds
[2025-11-12T08:09:48.447+0530] {processor.py:161} INFO - Started process (PID=10827) to work on /home/logi/txtai/venv/lib/python3.10/site-packages/airflow/example_dags/tutorial_objectstorage.py
[2025-11-12T08:09:48.460+0530] {processor.py:830} INFO - Processing file /home/logi/txtai/venv/lib/python3.10/site-packages/airflow/example_dags/tutorial_objectstorage.py for tasks to queue
[2025-11-12T08:09:48.463+0530] {logging_mixin.py:188} INFO - [2025-11-12T08:09:48.462+0530] {dagbag.py:545} INFO - Filling up the DagBag from /home/logi/txtai/venv/lib/python3.10/site-packages/airflow/example_dags/tutorial_objectstorage.py
[2025-11-12T08:09:48.475+0530] {processor.py:840} INFO - DAG(s) 'tutorial_objectstorage' retrieved from /home/logi/txtai/venv/lib/python3.10/site-packages/airflow/example_dags/tutorial_objectstorage.py
[2025-11-12T08:09:48.500+0530] {logging_mixin.py:188} INFO - [2025-11-12T08:09:48.499+0530] {dag.py:3089} INFO - Sync 1 DAGs
[2025-11-12T08:09:48.514+0530] {logging_mixin.py:188} INFO - [2025-11-12T08:09:48.514+0530] {dag.py:3947} INFO - Setting next_dagrun for tutorial_objectstorage to None, run_after=None
[2025-11-12T08:09:48.542+0530] {processor.py:183} INFO - Processing /home/logi/txtai/venv/lib/python3.10/site-packages/airflow/example_dags/tutorial_objectstorage.py took 0.106 seconds
[2025-11-12T08:10:48.873+0530] {processor.py:161} INFO - Started process (PID=11130) to work on /home/logi/txtai/venv/lib/python3.10/site-packages/airflow/example_dags/tutorial_objectstorage.py
[2025-11-12T08:10:48.887+0530] {processor.py:830} INFO - Processing file /home/logi/txtai/venv/lib/python3.10/site-packages/airflow/example_dags/tutorial_objectstorage.py for tasks to queue
[2025-11-12T08:10:48.889+0530] {logging_mixin.py:188} INFO - [2025-11-12T08:10:48.889+0530] {dagbag.py:545} INFO - Filling up the DagBag from /home/logi/txtai/venv/lib/python3.10/site-packages/airflow/example_dags/tutorial_objectstorage.py
[2025-11-12T08:10:48.897+0530] {processor.py:840} INFO - DAG(s) 'tutorial_objectstorage' retrieved from /home/logi/txtai/venv/lib/python3.10/site-packages/airflow/example_dags/tutorial_objectstorage.py
[2025-11-12T08:10:48.912+0530] {logging_mixin.py:188} INFO - [2025-11-12T08:10:48.911+0530] {dag.py:3089} INFO - Sync 1 DAGs
[2025-11-12T08:10:48.922+0530] {logging_mixin.py:188} INFO - [2025-11-12T08:10:48.922+0530] {dag.py:3947} INFO - Setting next_dagrun for tutorial_objectstorage to None, run_after=None
[2025-11-12T08:10:48.942+0530] {processor.py:183} INFO - Processing /home/logi/txtai/venv/lib/python3.10/site-packages/airflow/example_dags/tutorial_objectstorage.py took 0.080 seconds
[2025-11-12T08:11:50.500+0530] {processor.py:161} INFO - Started process (PID=11396) to work on /home/logi/txtai/venv/lib/python3.10/site-packages/airflow/example_dags/tutorial_objectstorage.py
[2025-11-12T08:11:50.516+0530] {processor.py:830} INFO - Processing file /home/logi/txtai/venv/lib/python3.10/site-packages/airflow/example_dags/tutorial_objectstorage.py for tasks to queue
[2025-11-12T08:11:50.521+0530] {logging_mixin.py:188} INFO - [2025-11-12T08:11:50.520+0530] {dagbag.py:545} INFO - Filling up the DagBag from /home/logi/txtai/venv/lib/python3.10/site-packages/airflow/example_dags/tutorial_objectstorage.py
[2025-11-12T08:11:50.545+0530] {processor.py:840} INFO - DAG(s) 'tutorial_objectstorage' retrieved from /home/logi/txtai/venv/lib/python3.10/site-packages/airflow/example_dags/tutorial_objectstorage.py
[2025-11-12T08:11:50.587+0530] {logging_mixin.py:188} INFO - [2025-11-12T08:11:50.586+0530] {dag.py:3089} INFO - Sync 1 DAGs
[2025-11-12T08:11:50.617+0530] {logging_mixin.py:188} INFO - [2025-11-12T08:11:50.616+0530] {dag.py:3947} INFO - Setting next_dagrun for tutorial_objectstorage to None, run_after=None
[2025-11-12T08:11:50.689+0530] {processor.py:183} INFO - Processing /home/logi/txtai/venv/lib/python3.10/site-packages/airflow/example_dags/tutorial_objectstorage.py took 0.209 seconds
[2025-11-12T08:13:17.374+0530] {processor.py:161} INFO - Started process (PID=12409) to work on /home/logi/txtai/venv/lib/python3.10/site-packages/airflow/example_dags/tutorial_objectstorage.py
[2025-11-12T08:13:17.388+0530] {processor.py:830} INFO - Processing file /home/logi/txtai/venv/lib/python3.10/site-packages/airflow/example_dags/tutorial_objectstorage.py for tasks to queue
[2025-11-12T08:13:17.391+0530] {logging_mixin.py:188} INFO - [2025-11-12T08:13:17.390+0530] {dagbag.py:545} INFO - Filling up the DagBag from /home/logi/txtai/venv/lib/python3.10/site-packages/airflow/example_dags/tutorial_objectstorage.py
[2025-11-12T08:13:17.404+0530] {processor.py:840} INFO - DAG(s) 'tutorial_objectstorage' retrieved from /home/logi/txtai/venv/lib/python3.10/site-packages/airflow/example_dags/tutorial_objectstorage.py
[2025-11-12T08:13:17.430+0530] {logging_mixin.py:188} INFO - [2025-11-12T08:13:17.430+0530] {dag.py:3089} INFO - Sync 1 DAGs
[2025-11-12T08:13:17.444+0530] {logging_mixin.py:188} INFO - [2025-11-12T08:13:17.443+0530] {dag.py:3947} INFO - Setting next_dagrun for tutorial_objectstorage to None, run_after=None
[2025-11-12T08:13:17.473+0530] {processor.py:183} INFO - Processing /home/logi/txtai/venv/lib/python3.10/site-packages/airflow/example_dags/tutorial_objectstorage.py took 0.110 seconds
[2025-11-12T08:14:08.681+0530] {processor.py:161} INFO - Started process (PID=12836) to work on /home/logi/txtai/venv/lib/python3.10/site-packages/airflow/example_dags/tutorial_objectstorage.py
[2025-11-12T08:14:08.695+0530] {processor.py:830} INFO - Processing file /home/logi/txtai/venv/lib/python3.10/site-packages/airflow/example_dags/tutorial_objectstorage.py for tasks to queue
[2025-11-12T08:14:08.698+0530] {logging_mixin.py:188} INFO - [2025-11-12T08:14:08.697+0530] {dagbag.py:545} INFO - Filling up the DagBag from /home/logi/txtai/venv/lib/python3.10/site-packages/airflow/example_dags/tutorial_objectstorage.py
[2025-11-12T08:14:08.710+0530] {processor.py:840} INFO - DAG(s) 'tutorial_objectstorage' retrieved from /home/logi/txtai/venv/lib/python3.10/site-packages/airflow/example_dags/tutorial_objectstorage.py
[2025-11-12T08:14:08.735+0530] {logging_mixin.py:188} INFO - [2025-11-12T08:14:08.735+0530] {dag.py:3089} INFO - Sync 1 DAGs
[2025-11-12T08:14:08.749+0530] {logging_mixin.py:188} INFO - [2025-11-12T08:14:08.748+0530] {dag.py:3947} INFO - Setting next_dagrun for tutorial_objectstorage to None, run_after=None
[2025-11-12T08:14:08.776+0530] {processor.py:183} INFO - Processing /home/logi/txtai/venv/lib/python3.10/site-packages/airflow/example_dags/tutorial_objectstorage.py took 0.106 seconds
[2025-11-12T08:15:07.512+0530] {processor.py:161} INFO - Started process (PID=13318) to work on /home/logi/txtai/venv/lib/python3.10/site-packages/airflow/example_dags/tutorial_objectstorage.py
[2025-11-12T08:15:07.525+0530] {processor.py:830} INFO - Processing file /home/logi/txtai/venv/lib/python3.10/site-packages/airflow/example_dags/tutorial_objectstorage.py for tasks to queue
[2025-11-12T08:15:07.529+0530] {logging_mixin.py:188} INFO - [2025-11-12T08:15:07.528+0530] {dagbag.py:545} INFO - Filling up the DagBag from /home/logi/txtai/venv/lib/python3.10/site-packages/airflow/example_dags/tutorial_objectstorage.py
[2025-11-12T08:15:07.541+0530] {processor.py:840} INFO - DAG(s) 'tutorial_objectstorage' retrieved from /home/logi/txtai/venv/lib/python3.10/site-packages/airflow/example_dags/tutorial_objectstorage.py
[2025-11-12T08:15:07.566+0530] {logging_mixin.py:188} INFO - [2025-11-12T08:15:07.565+0530] {dag.py:3089} INFO - Sync 1 DAGs
[2025-11-12T08:15:07.581+0530] {logging_mixin.py:188} INFO - [2025-11-12T08:15:07.580+0530] {dag.py:3947} INFO - Setting next_dagrun for tutorial_objectstorage to None, run_after=None
[2025-11-12T08:15:07.607+0530] {processor.py:183} INFO - Processing /home/logi/txtai/venv/lib/python3.10/site-packages/airflow/example_dags/tutorial_objectstorage.py took 0.106 seconds
[2025-11-12T08:16:05.137+0530] {processor.py:161} INFO - Started process (PID=13800) to work on /home/logi/txtai/venv/lib/python3.10/site-packages/airflow/example_dags/tutorial_objectstorage.py
[2025-11-12T08:16:05.150+0530] {processor.py:830} INFO - Processing file /home/logi/txtai/venv/lib/python3.10/site-packages/airflow/example_dags/tutorial_objectstorage.py for tasks to queue
[2025-11-12T08:16:05.153+0530] {logging_mixin.py:188} INFO - [2025-11-12T08:16:05.152+0530] {dagbag.py:545} INFO - Filling up the DagBag from /home/logi/txtai/venv/lib/python3.10/site-packages/airflow/example_dags/tutorial_objectstorage.py
[2025-11-12T08:16:05.166+0530] {processor.py:840} INFO - DAG(s) 'tutorial_objectstorage' retrieved from /home/logi/txtai/venv/lib/python3.10/site-packages/airflow/example_dags/tutorial_objectstorage.py
[2025-11-12T08:16:05.191+0530] {logging_mixin.py:188} INFO - [2025-11-12T08:16:05.190+0530] {dag.py:3089} INFO - Sync 1 DAGs
[2025-11-12T08:16:05.205+0530] {logging_mixin.py:188} INFO - [2025-11-12T08:16:05.205+0530] {dag.py:3947} INFO - Setting next_dagrun for tutorial_objectstorage to None, run_after=None
[2025-11-12T08:16:05.232+0530] {processor.py:183} INFO - Processing /home/logi/txtai/venv/lib/python3.10/site-packages/airflow/example_dags/tutorial_objectstorage.py took 0.107 seconds
[2025-11-12T08:17:04.271+0530] {processor.py:161} INFO - Started process (PID=14287) to work on /home/logi/txtai/venv/lib/python3.10/site-packages/airflow/example_dags/tutorial_objectstorage.py
[2025-11-12T08:17:04.285+0530] {processor.py:830} INFO - Processing file /home/logi/txtai/venv/lib/python3.10/site-packages/airflow/example_dags/tutorial_objectstorage.py for tasks to queue
[2025-11-12T08:17:04.288+0530] {logging_mixin.py:188} INFO - [2025-11-12T08:17:04.288+0530] {dagbag.py:545} INFO - Filling up the DagBag from /home/logi/txtai/venv/lib/python3.10/site-packages/airflow/example_dags/tutorial_objectstorage.py
[2025-11-12T08:17:04.301+0530] {processor.py:840} INFO - DAG(s) 'tutorial_objectstorage' retrieved from /home/logi/txtai/venv/lib/python3.10/site-packages/airflow/example_dags/tutorial_objectstorage.py
[2025-11-12T08:17:04.328+0530] {logging_mixin.py:188} INFO - [2025-11-12T08:17:04.327+0530] {dag.py:3089} INFO - Sync 1 DAGs
[2025-11-12T08:17:04.342+0530] {logging_mixin.py:188} INFO - [2025-11-12T08:17:04.342+0530] {dag.py:3947} INFO - Setting next_dagrun for tutorial_objectstorage to None, run_after=None
[2025-11-12T08:17:04.371+0530] {processor.py:183} INFO - Processing /home/logi/txtai/venv/lib/python3.10/site-packages/airflow/example_dags/tutorial_objectstorage.py took 0.111 seconds
[2025-11-12T08:18:07.603+0530] {processor.py:161} INFO - Started process (PID=14858) to work on /home/logi/txtai/venv/lib/python3.10/site-packages/airflow/example_dags/tutorial_objectstorage.py
[2025-11-12T08:18:07.605+0530] {processor.py:830} INFO - Processing file /home/logi/txtai/venv/lib/python3.10/site-packages/airflow/example_dags/tutorial_objectstorage.py for tasks to queue
[2025-11-12T08:18:07.607+0530] {logging_mixin.py:188} INFO - [2025-11-12T08:18:07.607+0530] {dagbag.py:545} INFO - Filling up the DagBag from /home/logi/txtai/venv/lib/python3.10/site-packages/airflow/example_dags/tutorial_objectstorage.py
[2025-11-12T08:18:07.619+0530] {processor.py:840} INFO - DAG(s) 'tutorial_objectstorage' retrieved from /home/logi/txtai/venv/lib/python3.10/site-packages/airflow/example_dags/tutorial_objectstorage.py
[2025-11-12T08:18:07.640+0530] {logging_mixin.py:188} INFO - [2025-11-12T08:18:07.640+0530] {dag.py:3089} INFO - Sync 1 DAGs
[2025-11-12T08:18:07.648+0530] {logging_mixin.py:188} INFO - [2025-11-12T08:18:07.648+0530] {dag.py:3947} INFO - Setting next_dagrun for tutorial_objectstorage to None, run_after=None
[2025-11-12T08:18:07.665+0530] {processor.py:183} INFO - Processing /home/logi/txtai/venv/lib/python3.10/site-packages/airflow/example_dags/tutorial_objectstorage.py took 0.072 seconds
[2025-11-12T08:19:16.462+0530] {processor.py:161} INFO - Started process (PID=15526) to work on /home/logi/txtai/venv/lib/python3.10/site-packages/airflow/example_dags/tutorial_objectstorage.py
[2025-11-12T08:19:16.476+0530] {processor.py:830} INFO - Processing file /home/logi/txtai/venv/lib/python3.10/site-packages/airflow/example_dags/tutorial_objectstorage.py for tasks to queue
[2025-11-12T08:19:16.479+0530] {logging_mixin.py:188} INFO - [2025-11-12T08:19:16.479+0530] {dagbag.py:545} INFO - Filling up the DagBag from /home/logi/txtai/venv/lib/python3.10/site-packages/airflow/example_dags/tutorial_objectstorage.py
[2025-11-12T08:19:16.492+0530] {processor.py:840} INFO - DAG(s) 'tutorial_objectstorage' retrieved from /home/logi/txtai/venv/lib/python3.10/site-packages/airflow/example_dags/tutorial_objectstorage.py
[2025-11-12T08:19:16.519+0530] {logging_mixin.py:188} INFO - [2025-11-12T08:19:16.518+0530] {dag.py:3089} INFO - Sync 1 DAGs
[2025-11-12T08:19:16.532+0530] {logging_mixin.py:188} INFO - [2025-11-12T08:19:16.532+0530] {dag.py:3947} INFO - Setting next_dagrun for tutorial_objectstorage to None, run_after=None
[2025-11-12T08:19:16.555+0530] {processor.py:183} INFO - Processing /home/logi/txtai/venv/lib/python3.10/site-packages/airflow/example_dags/tutorial_objectstorage.py took 0.104 seconds
[2025-11-12T08:20:14.703+0530] {processor.py:161} INFO - Started process (PID=16008) to work on /home/logi/txtai/venv/lib/python3.10/site-packages/airflow/example_dags/tutorial_objectstorage.py
[2025-11-12T08:20:14.717+0530] {processor.py:830} INFO - Processing file /home/logi/txtai/venv/lib/python3.10/site-packages/airflow/example_dags/tutorial_objectstorage.py for tasks to queue
[2025-11-12T08:20:14.720+0530] {logging_mixin.py:188} INFO - [2025-11-12T08:20:14.720+0530] {dagbag.py:545} INFO - Filling up the DagBag from /home/logi/txtai/venv/lib/python3.10/site-packages/airflow/example_dags/tutorial_objectstorage.py
[2025-11-12T08:20:14.733+0530] {processor.py:840} INFO - DAG(s) 'tutorial_objectstorage' retrieved from /home/logi/txtai/venv/lib/python3.10/site-packages/airflow/example_dags/tutorial_objectstorage.py
[2025-11-12T08:20:14.759+0530] {logging_mixin.py:188} INFO - [2025-11-12T08:20:14.759+0530] {dag.py:3089} INFO - Sync 1 DAGs
[2025-11-12T08:20:14.770+0530] {logging_mixin.py:188} INFO - [2025-11-12T08:20:14.770+0530] {dag.py:3947} INFO - Setting next_dagrun for tutorial_objectstorage to None, run_after=None
[2025-11-12T08:20:14.797+0530] {processor.py:183} INFO - Processing /home/logi/txtai/venv/lib/python3.10/site-packages/airflow/example_dags/tutorial_objectstorage.py took 0.105 seconds
[2025-11-12T08:21:20.366+0530] {processor.py:161} INFO - Started process (PID=16532) to work on /home/logi/txtai/venv/lib/python3.10/site-packages/airflow/example_dags/tutorial_objectstorage.py
[2025-11-12T08:21:20.380+0530] {processor.py:830} INFO - Processing file /home/logi/txtai/venv/lib/python3.10/site-packages/airflow/example_dags/tutorial_objectstorage.py for tasks to queue
[2025-11-12T08:21:20.383+0530] {logging_mixin.py:188} INFO - [2025-11-12T08:21:20.382+0530] {dagbag.py:545} INFO - Filling up the DagBag from /home/logi/txtai/venv/lib/python3.10/site-packages/airflow/example_dags/tutorial_objectstorage.py
[2025-11-12T08:21:20.396+0530] {processor.py:840} INFO - DAG(s) 'tutorial_objectstorage' retrieved from /home/logi/txtai/venv/lib/python3.10/site-packages/airflow/example_dags/tutorial_objectstorage.py
[2025-11-12T08:21:20.421+0530] {logging_mixin.py:188} INFO - [2025-11-12T08:21:20.421+0530] {dag.py:3089} INFO - Sync 1 DAGs
[2025-11-12T08:21:20.435+0530] {logging_mixin.py:188} INFO - [2025-11-12T08:21:20.435+0530] {dag.py:3947} INFO - Setting next_dagrun for tutorial_objectstorage to None, run_after=None
[2025-11-12T08:21:20.462+0530] {processor.py:183} INFO - Processing /home/logi/txtai/venv/lib/python3.10/site-packages/airflow/example_dags/tutorial_objectstorage.py took 0.107 seconds
[2025-11-12T08:22:21.963+0530] {processor.py:161} INFO - Started process (PID=17023) to work on /home/logi/txtai/venv/lib/python3.10/site-packages/airflow/example_dags/tutorial_objectstorage.py
[2025-11-12T08:22:21.977+0530] {processor.py:830} INFO - Processing file /home/logi/txtai/venv/lib/python3.10/site-packages/airflow/example_dags/tutorial_objectstorage.py for tasks to queue
[2025-11-12T08:22:21.981+0530] {logging_mixin.py:188} INFO - [2025-11-12T08:22:21.980+0530] {dagbag.py:545} INFO - Filling up the DagBag from /home/logi/txtai/venv/lib/python3.10/site-packages/airflow/example_dags/tutorial_objectstorage.py
[2025-11-12T08:22:21.994+0530] {processor.py:840} INFO - DAG(s) 'tutorial_objectstorage' retrieved from /home/logi/txtai/venv/lib/python3.10/site-packages/airflow/example_dags/tutorial_objectstorage.py
[2025-11-12T08:22:22.021+0530] {logging_mixin.py:188} INFO - [2025-11-12T08:22:22.020+0530] {dag.py:3089} INFO - Sync 1 DAGs
[2025-11-12T08:22:22.035+0530] {logging_mixin.py:188} INFO - [2025-11-12T08:22:22.035+0530] {dag.py:3947} INFO - Setting next_dagrun for tutorial_objectstorage to None, run_after=None
[2025-11-12T08:22:22.064+0530] {processor.py:183} INFO - Processing /home/logi/txtai/venv/lib/python3.10/site-packages/airflow/example_dags/tutorial_objectstorage.py took 0.111 seconds
[2025-11-12T08:23:44.062+0530] {processor.py:161} INFO - Started process (PID=17943) to work on /home/logi/txtai/venv/lib/python3.10/site-packages/airflow/example_dags/tutorial_objectstorage.py
[2025-11-12T08:23:44.076+0530] {processor.py:830} INFO - Processing file /home/logi/txtai/venv/lib/python3.10/site-packages/airflow/example_dags/tutorial_objectstorage.py for tasks to queue
[2025-11-12T08:23:44.079+0530] {logging_mixin.py:188} INFO - [2025-11-12T08:23:44.078+0530] {dagbag.py:545} INFO - Filling up the DagBag from /home/logi/txtai/venv/lib/python3.10/site-packages/airflow/example_dags/tutorial_objectstorage.py
[2025-11-12T08:23:44.092+0530] {processor.py:840} INFO - DAG(s) 'tutorial_objectstorage' retrieved from /home/logi/txtai/venv/lib/python3.10/site-packages/airflow/example_dags/tutorial_objectstorage.py
[2025-11-12T08:23:44.118+0530] {logging_mixin.py:188} INFO - [2025-11-12T08:23:44.118+0530] {dag.py:3089} INFO - Sync 1 DAGs
[2025-11-12T08:23:44.133+0530] {logging_mixin.py:188} INFO - [2025-11-12T08:23:44.132+0530] {dag.py:3947} INFO - Setting next_dagrun for tutorial_objectstorage to None, run_after=None
[2025-11-12T08:23:44.162+0530] {processor.py:183} INFO - Processing /home/logi/txtai/venv/lib/python3.10/site-packages/airflow/example_dags/tutorial_objectstorage.py took 0.112 seconds
[2025-11-12T08:24:23.547+0530] {processor.py:161} INFO - Started process (PID=18089) to work on /home/logi/txtai/venv/lib/python3.10/site-packages/airflow/example_dags/tutorial_objectstorage.py
[2025-11-12T08:24:23.561+0530] {processor.py:830} INFO - Processing file /home/logi/txtai/venv/lib/python3.10/site-packages/airflow/example_dags/tutorial_objectstorage.py for tasks to queue
[2025-11-12T08:24:23.564+0530] {logging_mixin.py:188} INFO - [2025-11-12T08:24:23.563+0530] {dagbag.py:545} INFO - Filling up the DagBag from /home/logi/txtai/venv/lib/python3.10/site-packages/airflow/example_dags/tutorial_objectstorage.py
[2025-11-12T08:24:23.577+0530] {processor.py:840} INFO - DAG(s) 'tutorial_objectstorage' retrieved from /home/logi/txtai/venv/lib/python3.10/site-packages/airflow/example_dags/tutorial_objectstorage.py
[2025-11-12T08:24:23.604+0530] {logging_mixin.py:188} INFO - [2025-11-12T08:24:23.604+0530] {dag.py:3089} INFO - Sync 1 DAGs
[2025-11-12T08:24:23.618+0530] {logging_mixin.py:188} INFO - [2025-11-12T08:24:23.618+0530] {dag.py:3947} INFO - Setting next_dagrun for tutorial_objectstorage to None, run_after=None
[2025-11-12T08:24:23.648+0530] {processor.py:183} INFO - Processing /home/logi/txtai/venv/lib/python3.10/site-packages/airflow/example_dags/tutorial_objectstorage.py took 0.112 seconds
[2025-11-12T08:25:26.133+0530] {processor.py:161} INFO - Started process (PID=18190) to work on /home/logi/txtai/venv/lib/python3.10/site-packages/airflow/example_dags/tutorial_objectstorage.py
[2025-11-12T08:25:26.146+0530] {processor.py:830} INFO - Processing file /home/logi/txtai/venv/lib/python3.10/site-packages/airflow/example_dags/tutorial_objectstorage.py for tasks to queue
[2025-11-12T08:25:26.149+0530] {logging_mixin.py:188} INFO - [2025-11-12T08:25:26.148+0530] {dagbag.py:545} INFO - Filling up the DagBag from /home/logi/txtai/venv/lib/python3.10/site-packages/airflow/example_dags/tutorial_objectstorage.py
[2025-11-12T08:25:26.156+0530] {processor.py:840} INFO - DAG(s) 'tutorial_objectstorage' retrieved from /home/logi/txtai/venv/lib/python3.10/site-packages/airflow/example_dags/tutorial_objectstorage.py
[2025-11-12T08:25:26.180+0530] {logging_mixin.py:188} INFO - [2025-11-12T08:25:26.180+0530] {dag.py:3089} INFO - Sync 1 DAGs
[2025-11-12T08:25:26.191+0530] {logging_mixin.py:188} INFO - [2025-11-12T08:25:26.190+0530] {dag.py:3947} INFO - Setting next_dagrun for tutorial_objectstorage to None, run_after=None
[2025-11-12T08:25:26.212+0530] {processor.py:183} INFO - Processing /home/logi/txtai/venv/lib/python3.10/site-packages/airflow/example_dags/tutorial_objectstorage.py took 0.085 seconds
[2025-11-12T08:26:24.912+0530] {processor.py:161} INFO - Started process (PID=18316) to work on /home/logi/txtai/venv/lib/python3.10/site-packages/airflow/example_dags/tutorial_objectstorage.py
[2025-11-12T08:26:24.926+0530] {processor.py:830} INFO - Processing file /home/logi/txtai/venv/lib/python3.10/site-packages/airflow/example_dags/tutorial_objectstorage.py for tasks to queue
[2025-11-12T08:26:24.929+0530] {logging_mixin.py:188} INFO - [2025-11-12T08:26:24.929+0530] {dagbag.py:545} INFO - Filling up the DagBag from /home/logi/txtai/venv/lib/python3.10/site-packages/airflow/example_dags/tutorial_objectstorage.py
[2025-11-12T08:26:24.942+0530] {processor.py:840} INFO - DAG(s) 'tutorial_objectstorage' retrieved from /home/logi/txtai/venv/lib/python3.10/site-packages/airflow/example_dags/tutorial_objectstorage.py
[2025-11-12T08:26:24.967+0530] {logging_mixin.py:188} INFO - [2025-11-12T08:26:24.967+0530] {dag.py:3089} INFO - Sync 1 DAGs
[2025-11-12T08:26:24.985+0530] {logging_mixin.py:188} INFO - [2025-11-12T08:26:24.984+0530] {dag.py:3947} INFO - Setting next_dagrun for tutorial_objectstorage to None, run_after=None
[2025-11-12T08:26:25.019+0530] {processor.py:183} INFO - Processing /home/logi/txtai/venv/lib/python3.10/site-packages/airflow/example_dags/tutorial_objectstorage.py took 0.117 seconds
[2025-11-12T08:27:29.556+0530] {processor.py:161} INFO - Started process (PID=18453) to work on /home/logi/txtai/venv/lib/python3.10/site-packages/airflow/example_dags/tutorial_objectstorage.py
[2025-11-12T08:27:29.569+0530] {processor.py:830} INFO - Processing file /home/logi/txtai/venv/lib/python3.10/site-packages/airflow/example_dags/tutorial_objectstorage.py for tasks to queue
[2025-11-12T08:27:29.573+0530] {logging_mixin.py:188} INFO - [2025-11-12T08:27:29.572+0530] {dagbag.py:545} INFO - Filling up the DagBag from /home/logi/txtai/venv/lib/python3.10/site-packages/airflow/example_dags/tutorial_objectstorage.py
[2025-11-12T08:27:29.586+0530] {processor.py:840} INFO - DAG(s) 'tutorial_objectstorage' retrieved from /home/logi/txtai/venv/lib/python3.10/site-packages/airflow/example_dags/tutorial_objectstorage.py
[2025-11-12T08:27:29.614+0530] {logging_mixin.py:188} INFO - [2025-11-12T08:27:29.614+0530] {dag.py:3089} INFO - Sync 1 DAGs
[2025-11-12T08:27:29.628+0530] {logging_mixin.py:188} INFO - [2025-11-12T08:27:29.628+0530] {dag.py:3947} INFO - Setting next_dagrun for tutorial_objectstorage to None, run_after=None
[2025-11-12T08:27:29.659+0530] {processor.py:183} INFO - Processing /home/logi/txtai/venv/lib/python3.10/site-packages/airflow/example_dags/tutorial_objectstorage.py took 0.115 seconds
[2025-11-12T08:28:31.263+0530] {processor.py:161} INFO - Started process (PID=18669) to work on /home/logi/txtai/venv/lib/python3.10/site-packages/airflow/example_dags/tutorial_objectstorage.py
[2025-11-12T08:28:31.276+0530] {processor.py:830} INFO - Processing file /home/logi/txtai/venv/lib/python3.10/site-packages/airflow/example_dags/tutorial_objectstorage.py for tasks to queue
[2025-11-12T08:28:31.280+0530] {logging_mixin.py:188} INFO - [2025-11-12T08:28:31.279+0530] {dagbag.py:545} INFO - Filling up the DagBag from /home/logi/txtai/venv/lib/python3.10/site-packages/airflow/example_dags/tutorial_objectstorage.py
[2025-11-12T08:28:31.292+0530] {processor.py:840} INFO - DAG(s) 'tutorial_objectstorage' retrieved from /home/logi/txtai/venv/lib/python3.10/site-packages/airflow/example_dags/tutorial_objectstorage.py
[2025-11-12T08:28:31.318+0530] {logging_mixin.py:188} INFO - [2025-11-12T08:28:31.317+0530] {dag.py:3089} INFO - Sync 1 DAGs
[2025-11-12T08:28:31.333+0530] {logging_mixin.py:188} INFO - [2025-11-12T08:28:31.333+0530] {dag.py:3947} INFO - Setting next_dagrun for tutorial_objectstorage to None, run_after=None
[2025-11-12T08:28:31.353+0530] {processor.py:183} INFO - Processing /home/logi/txtai/venv/lib/python3.10/site-packages/airflow/example_dags/tutorial_objectstorage.py took 0.100 seconds
[2025-11-12T08:29:41.444+0530] {processor.py:161} INFO - Started process (PID=18933) to work on /home/logi/txtai/venv/lib/python3.10/site-packages/airflow/example_dags/tutorial_objectstorage.py
[2025-11-12T08:29:41.458+0530] {processor.py:830} INFO - Processing file /home/logi/txtai/venv/lib/python3.10/site-packages/airflow/example_dags/tutorial_objectstorage.py for tasks to queue
[2025-11-12T08:29:41.462+0530] {logging_mixin.py:188} INFO - [2025-11-12T08:29:41.461+0530] {dagbag.py:545} INFO - Filling up the DagBag from /home/logi/txtai/venv/lib/python3.10/site-packages/airflow/example_dags/tutorial_objectstorage.py
[2025-11-12T08:29:41.475+0530] {processor.py:840} INFO - DAG(s) 'tutorial_objectstorage' retrieved from /home/logi/txtai/venv/lib/python3.10/site-packages/airflow/example_dags/tutorial_objectstorage.py
[2025-11-12T08:29:41.502+0530] {logging_mixin.py:188} INFO - [2025-11-12T08:29:41.502+0530] {dag.py:3089} INFO - Sync 1 DAGs
[2025-11-12T08:29:41.514+0530] {logging_mixin.py:188} INFO - [2025-11-12T08:29:41.514+0530] {dag.py:3947} INFO - Setting next_dagrun for tutorial_objectstorage to None, run_after=None
[2025-11-12T08:29:41.534+0530] {processor.py:183} INFO - Processing /home/logi/txtai/venv/lib/python3.10/site-packages/airflow/example_dags/tutorial_objectstorage.py took 0.101 seconds
[2025-11-12T08:30:40.858+0530] {processor.py:161} INFO - Started process (PID=19315) to work on /home/logi/txtai/venv/lib/python3.10/site-packages/airflow/example_dags/tutorial_objectstorage.py
[2025-11-12T08:30:40.871+0530] {processor.py:830} INFO - Processing file /home/logi/txtai/venv/lib/python3.10/site-packages/airflow/example_dags/tutorial_objectstorage.py for tasks to queue
[2025-11-12T08:30:40.875+0530] {logging_mixin.py:188} INFO - [2025-11-12T08:30:40.874+0530] {dagbag.py:545} INFO - Filling up the DagBag from /home/logi/txtai/venv/lib/python3.10/site-packages/airflow/example_dags/tutorial_objectstorage.py
[2025-11-12T08:30:40.887+0530] {processor.py:840} INFO - DAG(s) 'tutorial_objectstorage' retrieved from /home/logi/txtai/venv/lib/python3.10/site-packages/airflow/example_dags/tutorial_objectstorage.py
[2025-11-12T08:30:40.912+0530] {logging_mixin.py:188} INFO - [2025-11-12T08:30:40.912+0530] {dag.py:3089} INFO - Sync 1 DAGs
[2025-11-12T08:30:40.927+0530] {logging_mixin.py:188} INFO - [2025-11-12T08:30:40.926+0530] {dag.py:3947} INFO - Setting next_dagrun for tutorial_objectstorage to None, run_after=None
[2025-11-12T08:30:40.946+0530] {processor.py:183} INFO - Processing /home/logi/txtai/venv/lib/python3.10/site-packages/airflow/example_dags/tutorial_objectstorage.py took 0.099 seconds
[2025-11-12T08:31:39.744+0530] {processor.py:161} INFO - Started process (PID=19421) to work on /home/logi/txtai/venv/lib/python3.10/site-packages/airflow/example_dags/tutorial_objectstorage.py
[2025-11-12T08:31:39.746+0530] {processor.py:830} INFO - Processing file /home/logi/txtai/venv/lib/python3.10/site-packages/airflow/example_dags/tutorial_objectstorage.py for tasks to queue
[2025-11-12T08:31:39.750+0530] {logging_mixin.py:188} INFO - [2025-11-12T08:31:39.749+0530] {dagbag.py:545} INFO - Filling up the DagBag from /home/logi/txtai/venv/lib/python3.10/site-packages/airflow/example_dags/tutorial_objectstorage.py
[2025-11-12T08:31:39.771+0530] {processor.py:840} INFO - DAG(s) 'tutorial_objectstorage' retrieved from /home/logi/txtai/venv/lib/python3.10/site-packages/airflow/example_dags/tutorial_objectstorage.py
[2025-11-12T08:31:39.795+0530] {logging_mixin.py:188} INFO - [2025-11-12T08:31:39.795+0530] {dag.py:3089} INFO - Sync 1 DAGs
[2025-11-12T08:31:39.805+0530] {logging_mixin.py:188} INFO - [2025-11-12T08:31:39.805+0530] {dag.py:3947} INFO - Setting next_dagrun for tutorial_objectstorage to None, run_after=None
[2025-11-12T08:31:39.822+0530] {processor.py:183} INFO - Processing /home/logi/txtai/venv/lib/python3.10/site-packages/airflow/example_dags/tutorial_objectstorage.py took 0.090 seconds
[2025-11-12T08:32:43.314+0530] {processor.py:161} INFO - Started process (PID=19578) to work on /home/logi/txtai/venv/lib/python3.10/site-packages/airflow/example_dags/tutorial_objectstorage.py
[2025-11-12T08:32:43.328+0530] {processor.py:830} INFO - Processing file /home/logi/txtai/venv/lib/python3.10/site-packages/airflow/example_dags/tutorial_objectstorage.py for tasks to queue
[2025-11-12T08:32:43.331+0530] {logging_mixin.py:188} INFO - [2025-11-12T08:32:43.330+0530] {dagbag.py:545} INFO - Filling up the DagBag from /home/logi/txtai/venv/lib/python3.10/site-packages/airflow/example_dags/tutorial_objectstorage.py
[2025-11-12T08:32:43.344+0530] {processor.py:840} INFO - DAG(s) 'tutorial_objectstorage' retrieved from /home/logi/txtai/venv/lib/python3.10/site-packages/airflow/example_dags/tutorial_objectstorage.py
[2025-11-12T08:32:43.368+0530] {logging_mixin.py:188} INFO - [2025-11-12T08:32:43.368+0530] {dag.py:3089} INFO - Sync 1 DAGs
[2025-11-12T08:32:43.382+0530] {logging_mixin.py:188} INFO - [2025-11-12T08:32:43.382+0530] {dag.py:3947} INFO - Setting next_dagrun for tutorial_objectstorage to None, run_after=None
[2025-11-12T08:32:43.402+0530] {processor.py:183} INFO - Processing /home/logi/txtai/venv/lib/python3.10/site-packages/airflow/example_dags/tutorial_objectstorage.py took 0.099 seconds
[2025-11-12T08:34:06.869+0530] {processor.py:161} INFO - Started process (PID=19977) to work on /home/logi/txtai/venv/lib/python3.10/site-packages/airflow/example_dags/tutorial_objectstorage.py
[2025-11-12T08:34:06.882+0530] {processor.py:830} INFO - Processing file /home/logi/txtai/venv/lib/python3.10/site-packages/airflow/example_dags/tutorial_objectstorage.py for tasks to queue
[2025-11-12T08:34:06.885+0530] {logging_mixin.py:188} INFO - [2025-11-12T08:34:06.884+0530] {dagbag.py:545} INFO - Filling up the DagBag from /home/logi/txtai/venv/lib/python3.10/site-packages/airflow/example_dags/tutorial_objectstorage.py
[2025-11-12T08:34:06.896+0530] {processor.py:840} INFO - DAG(s) 'tutorial_objectstorage' retrieved from /home/logi/txtai/venv/lib/python3.10/site-packages/airflow/example_dags/tutorial_objectstorage.py
[2025-11-12T08:34:06.919+0530] {logging_mixin.py:188} INFO - [2025-11-12T08:34:06.919+0530] {dag.py:3089} INFO - Sync 1 DAGs
[2025-11-12T08:34:06.933+0530] {logging_mixin.py:188} INFO - [2025-11-12T08:34:06.933+0530] {dag.py:3947} INFO - Setting next_dagrun for tutorial_objectstorage to None, run_after=None
[2025-11-12T08:34:06.957+0530] {processor.py:183} INFO - Processing /home/logi/txtai/venv/lib/python3.10/site-packages/airflow/example_dags/tutorial_objectstorage.py took 0.098 seconds
[2025-11-12T08:35:08.115+0530] {processor.py:161} INFO - Started process (PID=20088) to work on /home/logi/txtai/venv/lib/python3.10/site-packages/airflow/example_dags/tutorial_objectstorage.py
[2025-11-12T08:35:08.129+0530] {processor.py:830} INFO - Processing file /home/logi/txtai/venv/lib/python3.10/site-packages/airflow/example_dags/tutorial_objectstorage.py for tasks to queue
[2025-11-12T08:35:08.132+0530] {logging_mixin.py:188} INFO - [2025-11-12T08:35:08.131+0530] {dagbag.py:545} INFO - Filling up the DagBag from /home/logi/txtai/venv/lib/python3.10/site-packages/airflow/example_dags/tutorial_objectstorage.py
[2025-11-12T08:35:08.145+0530] {processor.py:840} INFO - DAG(s) 'tutorial_objectstorage' retrieved from /home/logi/txtai/venv/lib/python3.10/site-packages/airflow/example_dags/tutorial_objectstorage.py
[2025-11-12T08:35:08.172+0530] {logging_mixin.py:188} INFO - [2025-11-12T08:35:08.171+0530] {dag.py:3089} INFO - Sync 1 DAGs
[2025-11-12T08:35:08.185+0530] {logging_mixin.py:188} INFO - [2025-11-12T08:35:08.185+0530] {dag.py:3947} INFO - Setting next_dagrun for tutorial_objectstorage to None, run_after=None
[2025-11-12T08:35:08.209+0530] {processor.py:183} INFO - Processing /home/logi/txtai/venv/lib/python3.10/site-packages/airflow/example_dags/tutorial_objectstorage.py took 0.105 seconds
[2025-11-12T08:36:05.626+0530] {processor.py:161} INFO - Started process (PID=20169) to work on /home/logi/txtai/venv/lib/python3.10/site-packages/airflow/example_dags/tutorial_objectstorage.py
[2025-11-12T08:36:05.639+0530] {processor.py:830} INFO - Processing file /home/logi/txtai/venv/lib/python3.10/site-packages/airflow/example_dags/tutorial_objectstorage.py for tasks to queue
[2025-11-12T08:36:05.642+0530] {logging_mixin.py:188} INFO - [2025-11-12T08:36:05.642+0530] {dagbag.py:545} INFO - Filling up the DagBag from /home/logi/txtai/venv/lib/python3.10/site-packages/airflow/example_dags/tutorial_objectstorage.py
[2025-11-12T08:36:05.657+0530] {processor.py:840} INFO - DAG(s) 'tutorial_objectstorage' retrieved from /home/logi/txtai/venv/lib/python3.10/site-packages/airflow/example_dags/tutorial_objectstorage.py
[2025-11-12T08:36:05.684+0530] {logging_mixin.py:188} INFO - [2025-11-12T08:36:05.684+0530] {dag.py:3089} INFO - Sync 1 DAGs
[2025-11-12T08:36:05.698+0530] {logging_mixin.py:188} INFO - [2025-11-12T08:36:05.697+0530] {dag.py:3947} INFO - Setting next_dagrun for tutorial_objectstorage to None, run_after=None
[2025-11-12T08:36:05.720+0530] {processor.py:183} INFO - Processing /home/logi/txtai/venv/lib/python3.10/site-packages/airflow/example_dags/tutorial_objectstorage.py took 0.106 seconds
[2025-11-12T08:37:05.135+0530] {processor.py:161} INFO - Started process (PID=20249) to work on /home/logi/txtai/venv/lib/python3.10/site-packages/airflow/example_dags/tutorial_objectstorage.py
[2025-11-12T08:37:05.139+0530] {processor.py:830} INFO - Processing file /home/logi/txtai/venv/lib/python3.10/site-packages/airflow/example_dags/tutorial_objectstorage.py for tasks to queue
[2025-11-12T08:37:05.142+0530] {logging_mixin.py:188} INFO - [2025-11-12T08:37:05.141+0530] {dagbag.py:545} INFO - Filling up the DagBag from /home/logi/txtai/venv/lib/python3.10/site-packages/airflow/example_dags/tutorial_objectstorage.py
[2025-11-12T08:37:05.154+0530] {processor.py:840} INFO - DAG(s) 'tutorial_objectstorage' retrieved from /home/logi/txtai/venv/lib/python3.10/site-packages/airflow/example_dags/tutorial_objectstorage.py
[2025-11-12T08:37:05.179+0530] {logging_mixin.py:188} INFO - [2025-11-12T08:37:05.179+0530] {dag.py:3089} INFO - Sync 1 DAGs
[2025-11-12T08:37:05.189+0530] {logging_mixin.py:188} INFO - [2025-11-12T08:37:05.189+0530] {dag.py:3947} INFO - Setting next_dagrun for tutorial_objectstorage to None, run_after=None
[2025-11-12T08:37:05.209+0530] {processor.py:183} INFO - Processing /home/logi/txtai/venv/lib/python3.10/site-packages/airflow/example_dags/tutorial_objectstorage.py took 0.085 seconds
[2025-11-12T08:38:08.391+0530] {processor.py:161} INFO - Started process (PID=20435) to work on /home/logi/txtai/venv/lib/python3.10/site-packages/airflow/example_dags/tutorial_objectstorage.py
[2025-11-12T08:38:08.408+0530] {processor.py:830} INFO - Processing file /home/logi/txtai/venv/lib/python3.10/site-packages/airflow/example_dags/tutorial_objectstorage.py for tasks to queue
[2025-11-12T08:38:08.413+0530] {logging_mixin.py:188} INFO - [2025-11-12T08:38:08.411+0530] {dagbag.py:545} INFO - Filling up the DagBag from /home/logi/txtai/venv/lib/python3.10/site-packages/airflow/example_dags/tutorial_objectstorage.py
[2025-11-12T08:38:08.456+0530] {processor.py:840} INFO - DAG(s) 'tutorial_objectstorage' retrieved from /home/logi/txtai/venv/lib/python3.10/site-packages/airflow/example_dags/tutorial_objectstorage.py
[2025-11-12T08:38:08.544+0530] {logging_mixin.py:188} INFO - [2025-11-12T08:38:08.544+0530] {dag.py:3089} INFO - Sync 1 DAGs
[2025-11-12T08:38:08.565+0530] {logging_mixin.py:188} INFO - [2025-11-12T08:38:08.565+0530] {dag.py:3947} INFO - Setting next_dagrun for tutorial_objectstorage to None, run_after=None
[2025-11-12T08:38:08.598+0530] {processor.py:183} INFO - Processing /home/logi/txtai/venv/lib/python3.10/site-packages/airflow/example_dags/tutorial_objectstorage.py took 0.223 seconds
[2025-11-12T08:39:22.511+0530] {processor.py:161} INFO - Started process (PID=20686) to work on /home/logi/txtai/venv/lib/python3.10/site-packages/airflow/example_dags/tutorial_objectstorage.py
[2025-11-12T08:39:22.525+0530] {processor.py:830} INFO - Processing file /home/logi/txtai/venv/lib/python3.10/site-packages/airflow/example_dags/tutorial_objectstorage.py for tasks to queue
[2025-11-12T08:39:22.528+0530] {logging_mixin.py:188} INFO - [2025-11-12T08:39:22.527+0530] {dagbag.py:545} INFO - Filling up the DagBag from /home/logi/txtai/venv/lib/python3.10/site-packages/airflow/example_dags/tutorial_objectstorage.py
[2025-11-12T08:39:22.540+0530] {processor.py:840} INFO - DAG(s) 'tutorial_objectstorage' retrieved from /home/logi/txtai/venv/lib/python3.10/site-packages/airflow/example_dags/tutorial_objectstorage.py
[2025-11-12T08:39:22.566+0530] {logging_mixin.py:188} INFO - [2025-11-12T08:39:22.566+0530] {dag.py:3089} INFO - Sync 1 DAGs
[2025-11-12T08:39:22.578+0530] {logging_mixin.py:188} INFO - [2025-11-12T08:39:22.578+0530] {dag.py:3947} INFO - Setting next_dagrun for tutorial_objectstorage to None, run_after=None
[2025-11-12T08:39:22.597+0530] {processor.py:183} INFO - Processing /home/logi/txtai/venv/lib/python3.10/site-packages/airflow/example_dags/tutorial_objectstorage.py took 0.096 seconds
[2025-11-12T08:40:25.069+0530] {processor.py:161} INFO - Started process (PID=20769) to work on /home/logi/txtai/venv/lib/python3.10/site-packages/airflow/example_dags/tutorial_objectstorage.py
[2025-11-12T08:40:25.083+0530] {processor.py:830} INFO - Processing file /home/logi/txtai/venv/lib/python3.10/site-packages/airflow/example_dags/tutorial_objectstorage.py for tasks to queue
[2025-11-12T08:40:25.086+0530] {logging_mixin.py:188} INFO - [2025-11-12T08:40:25.085+0530] {dagbag.py:545} INFO - Filling up the DagBag from /home/logi/txtai/venv/lib/python3.10/site-packages/airflow/example_dags/tutorial_objectstorage.py
[2025-11-12T08:40:25.103+0530] {processor.py:840} INFO - DAG(s) 'tutorial_objectstorage' retrieved from /home/logi/txtai/venv/lib/python3.10/site-packages/airflow/example_dags/tutorial_objectstorage.py
[2025-11-12T08:40:25.134+0530] {logging_mixin.py:188} INFO - [2025-11-12T08:40:25.133+0530] {dag.py:3089} INFO - Sync 1 DAGs
[2025-11-12T08:40:25.147+0530] {logging_mixin.py:188} INFO - [2025-11-12T08:40:25.147+0530] {dag.py:3947} INFO - Setting next_dagrun for tutorial_objectstorage to None, run_after=None
[2025-11-12T08:40:25.183+0530] {processor.py:183} INFO - Processing /home/logi/txtai/venv/lib/python3.10/site-packages/airflow/example_dags/tutorial_objectstorage.py took 0.126 seconds
[2025-11-12T08:41:04.415+0530] {processor.py:161} INFO - Started process (PID=20843) to work on /home/logi/txtai/venv/lib/python3.10/site-packages/airflow/example_dags/tutorial_objectstorage.py
[2025-11-12T08:41:04.429+0530] {processor.py:830} INFO - Processing file /home/logi/txtai/venv/lib/python3.10/site-packages/airflow/example_dags/tutorial_objectstorage.py for tasks to queue
[2025-11-12T08:41:04.432+0530] {logging_mixin.py:188} INFO - [2025-11-12T08:41:04.432+0530] {dagbag.py:545} INFO - Filling up the DagBag from /home/logi/txtai/venv/lib/python3.10/site-packages/airflow/example_dags/tutorial_objectstorage.py
[2025-11-12T08:41:04.446+0530] {processor.py:840} INFO - DAG(s) 'tutorial_objectstorage' retrieved from /home/logi/txtai/venv/lib/python3.10/site-packages/airflow/example_dags/tutorial_objectstorage.py
[2025-11-12T08:41:04.473+0530] {logging_mixin.py:188} INFO - [2025-11-12T08:41:04.472+0530] {dag.py:3089} INFO - Sync 1 DAGs
[2025-11-12T08:41:04.487+0530] {logging_mixin.py:188} INFO - [2025-11-12T08:41:04.487+0530] {dag.py:3947} INFO - Setting next_dagrun for tutorial_objectstorage to None, run_after=None
[2025-11-12T08:41:04.508+0530] {processor.py:183} INFO - Processing /home/logi/txtai/venv/lib/python3.10/site-packages/airflow/example_dags/tutorial_objectstorage.py took 0.104 seconds
[2025-11-12T08:42:06.439+0530] {processor.py:161} INFO - Started process (PID=20950) to work on /home/logi/txtai/venv/lib/python3.10/site-packages/airflow/example_dags/tutorial_objectstorage.py
[2025-11-12T08:42:06.453+0530] {processor.py:830} INFO - Processing file /home/logi/txtai/venv/lib/python3.10/site-packages/airflow/example_dags/tutorial_objectstorage.py for tasks to queue
[2025-11-12T08:42:06.456+0530] {logging_mixin.py:188} INFO - [2025-11-12T08:42:06.456+0530] {dagbag.py:545} INFO - Filling up the DagBag from /home/logi/txtai/venv/lib/python3.10/site-packages/airflow/example_dags/tutorial_objectstorage.py
[2025-11-12T08:42:06.473+0530] {processor.py:840} INFO - DAG(s) 'tutorial_objectstorage' retrieved from /home/logi/txtai/venv/lib/python3.10/site-packages/airflow/example_dags/tutorial_objectstorage.py
[2025-11-12T08:42:06.504+0530] {logging_mixin.py:188} INFO - [2025-11-12T08:42:06.504+0530] {dag.py:3089} INFO - Sync 1 DAGs
[2025-11-12T08:42:06.516+0530] {logging_mixin.py:188} INFO - [2025-11-12T08:42:06.516+0530] {dag.py:3947} INFO - Setting next_dagrun for tutorial_objectstorage to None, run_after=None
[2025-11-12T08:42:06.536+0530] {processor.py:183} INFO - Processing /home/logi/txtai/venv/lib/python3.10/site-packages/airflow/example_dags/tutorial_objectstorage.py took 0.107 seconds
[2025-11-12T08:43:12.427+0530] {processor.py:161} INFO - Started process (PID=21108) to work on /home/logi/txtai/venv/lib/python3.10/site-packages/airflow/example_dags/tutorial_objectstorage.py
[2025-11-12T08:43:12.441+0530] {processor.py:830} INFO - Processing file /home/logi/txtai/venv/lib/python3.10/site-packages/airflow/example_dags/tutorial_objectstorage.py for tasks to queue
[2025-11-12T08:43:12.444+0530] {logging_mixin.py:188} INFO - [2025-11-12T08:43:12.443+0530] {dagbag.py:545} INFO - Filling up the DagBag from /home/logi/txtai/venv/lib/python3.10/site-packages/airflow/example_dags/tutorial_objectstorage.py
[2025-11-12T08:43:12.457+0530] {processor.py:840} INFO - DAG(s) 'tutorial_objectstorage' retrieved from /home/logi/txtai/venv/lib/python3.10/site-packages/airflow/example_dags/tutorial_objectstorage.py
[2025-11-12T08:43:12.483+0530] {logging_mixin.py:188} INFO - [2025-11-12T08:43:12.483+0530] {dag.py:3089} INFO - Sync 1 DAGs
[2025-11-12T08:43:12.498+0530] {logging_mixin.py:188} INFO - [2025-11-12T08:43:12.497+0530] {dag.py:3947} INFO - Setting next_dagrun for tutorial_objectstorage to None, run_after=None
[2025-11-12T08:43:12.518+0530] {processor.py:183} INFO - Processing /home/logi/txtai/venv/lib/python3.10/site-packages/airflow/example_dags/tutorial_objectstorage.py took 0.102 seconds
[2025-11-12T08:44:44.405+0530] {processor.py:161} INFO - Started process (PID=21591) to work on /home/logi/txtai/venv/lib/python3.10/site-packages/airflow/example_dags/tutorial_objectstorage.py
[2025-11-12T08:44:44.419+0530] {processor.py:830} INFO - Processing file /home/logi/txtai/venv/lib/python3.10/site-packages/airflow/example_dags/tutorial_objectstorage.py for tasks to queue
[2025-11-12T08:44:44.426+0530] {logging_mixin.py:188} INFO - [2025-11-12T08:44:44.425+0530] {dagbag.py:545} INFO - Filling up the DagBag from /home/logi/txtai/venv/lib/python3.10/site-packages/airflow/example_dags/tutorial_objectstorage.py
[2025-11-12T08:44:44.442+0530] {processor.py:840} INFO - DAG(s) 'tutorial_objectstorage' retrieved from /home/logi/txtai/venv/lib/python3.10/site-packages/airflow/example_dags/tutorial_objectstorage.py
[2025-11-12T08:44:44.470+0530] {logging_mixin.py:188} INFO - [2025-11-12T08:44:44.469+0530] {dag.py:3089} INFO - Sync 1 DAGs
[2025-11-12T08:44:44.487+0530] {logging_mixin.py:188} INFO - [2025-11-12T08:44:44.487+0530] {dag.py:3947} INFO - Setting next_dagrun for tutorial_objectstorage to None, run_after=None
[2025-11-12T08:44:44.529+0530] {processor.py:183} INFO - Processing /home/logi/txtai/venv/lib/python3.10/site-packages/airflow/example_dags/tutorial_objectstorage.py took 0.147 seconds
[2025-11-12T08:45:33.782+0530] {processor.py:161} INFO - Started process (PID=21664) to work on /home/logi/txtai/venv/lib/python3.10/site-packages/airflow/example_dags/tutorial_objectstorage.py
[2025-11-12T08:45:33.796+0530] {processor.py:830} INFO - Processing file /home/logi/txtai/venv/lib/python3.10/site-packages/airflow/example_dags/tutorial_objectstorage.py for tasks to queue
[2025-11-12T08:45:33.800+0530] {logging_mixin.py:188} INFO - [2025-11-12T08:45:33.799+0530] {dagbag.py:545} INFO - Filling up the DagBag from /home/logi/txtai/venv/lib/python3.10/site-packages/airflow/example_dags/tutorial_objectstorage.py
[2025-11-12T08:45:33.814+0530] {processor.py:840} INFO - DAG(s) 'tutorial_objectstorage' retrieved from /home/logi/txtai/venv/lib/python3.10/site-packages/airflow/example_dags/tutorial_objectstorage.py
[2025-11-12T08:45:33.842+0530] {logging_mixin.py:188} INFO - [2025-11-12T08:45:33.841+0530] {dag.py:3089} INFO - Sync 1 DAGs
[2025-11-12T08:45:33.854+0530] {logging_mixin.py:188} INFO - [2025-11-12T08:45:33.854+0530] {dag.py:3947} INFO - Setting next_dagrun for tutorial_objectstorage to None, run_after=None
[2025-11-12T08:45:33.874+0530] {processor.py:183} INFO - Processing /home/logi/txtai/venv/lib/python3.10/site-packages/airflow/example_dags/tutorial_objectstorage.py took 0.102 seconds
[2025-11-12T08:46:36.560+0530] {processor.py:161} INFO - Started process (PID=21743) to work on /home/logi/txtai/venv/lib/python3.10/site-packages/airflow/example_dags/tutorial_objectstorage.py
[2025-11-12T08:46:36.573+0530] {processor.py:830} INFO - Processing file /home/logi/txtai/venv/lib/python3.10/site-packages/airflow/example_dags/tutorial_objectstorage.py for tasks to queue
[2025-11-12T08:46:36.576+0530] {logging_mixin.py:188} INFO - [2025-11-12T08:46:36.576+0530] {dagbag.py:545} INFO - Filling up the DagBag from /home/logi/txtai/venv/lib/python3.10/site-packages/airflow/example_dags/tutorial_objectstorage.py
[2025-11-12T08:46:36.589+0530] {processor.py:840} INFO - DAG(s) 'tutorial_objectstorage' retrieved from /home/logi/txtai/venv/lib/python3.10/site-packages/airflow/example_dags/tutorial_objectstorage.py
[2025-11-12T08:46:36.613+0530] {logging_mixin.py:188} INFO - [2025-11-12T08:46:36.613+0530] {dag.py:3089} INFO - Sync 1 DAGs
[2025-11-12T08:46:36.624+0530] {logging_mixin.py:188} INFO - [2025-11-12T08:46:36.624+0530] {dag.py:3947} INFO - Setting next_dagrun for tutorial_objectstorage to None, run_after=None
[2025-11-12T08:46:36.648+0530] {processor.py:183} INFO - Processing /home/logi/txtai/venv/lib/python3.10/site-packages/airflow/example_dags/tutorial_objectstorage.py took 0.095 seconds
[2025-11-12T08:47:35.822+0530] {processor.py:161} INFO - Started process (PID=21824) to work on /home/logi/txtai/venv/lib/python3.10/site-packages/airflow/example_dags/tutorial_objectstorage.py
[2025-11-12T08:47:35.835+0530] {processor.py:830} INFO - Processing file /home/logi/txtai/venv/lib/python3.10/site-packages/airflow/example_dags/tutorial_objectstorage.py for tasks to queue
[2025-11-12T08:47:35.839+0530] {logging_mixin.py:188} INFO - [2025-11-12T08:47:35.838+0530] {dagbag.py:545} INFO - Filling up the DagBag from /home/logi/txtai/venv/lib/python3.10/site-packages/airflow/example_dags/tutorial_objectstorage.py
[2025-11-12T08:47:35.846+0530] {processor.py:840} INFO - DAG(s) 'tutorial_objectstorage' retrieved from /home/logi/txtai/venv/lib/python3.10/site-packages/airflow/example_dags/tutorial_objectstorage.py
[2025-11-12T08:47:35.862+0530] {logging_mixin.py:188} INFO - [2025-11-12T08:47:35.862+0530] {dag.py:3089} INFO - Sync 1 DAGs
[2025-11-12T08:47:35.873+0530] {logging_mixin.py:188} INFO - [2025-11-12T08:47:35.872+0530] {dag.py:3947} INFO - Setting next_dagrun for tutorial_objectstorage to None, run_after=None
[2025-11-12T08:47:35.893+0530] {processor.py:183} INFO - Processing /home/logi/txtai/venv/lib/python3.10/site-packages/airflow/example_dags/tutorial_objectstorage.py took 0.078 seconds
[2025-11-12T08:48:35.021+0530] {processor.py:161} INFO - Started process (PID=21930) to work on /home/logi/txtai/venv/lib/python3.10/site-packages/airflow/example_dags/tutorial_objectstorage.py
[2025-11-12T08:48:35.035+0530] {processor.py:830} INFO - Processing file /home/logi/txtai/venv/lib/python3.10/site-packages/airflow/example_dags/tutorial_objectstorage.py for tasks to queue
[2025-11-12T08:48:35.038+0530] {logging_mixin.py:188} INFO - [2025-11-12T08:48:35.037+0530] {dagbag.py:545} INFO - Filling up the DagBag from /home/logi/txtai/venv/lib/python3.10/site-packages/airflow/example_dags/tutorial_objectstorage.py
[2025-11-12T08:48:35.052+0530] {processor.py:840} INFO - DAG(s) 'tutorial_objectstorage' retrieved from /home/logi/txtai/venv/lib/python3.10/site-packages/airflow/example_dags/tutorial_objectstorage.py
[2025-11-12T08:48:35.080+0530] {logging_mixin.py:188} INFO - [2025-11-12T08:48:35.080+0530] {dag.py:3089} INFO - Sync 1 DAGs
[2025-11-12T08:48:35.094+0530] {logging_mixin.py:188} INFO - [2025-11-12T08:48:35.093+0530] {dag.py:3947} INFO - Setting next_dagrun for tutorial_objectstorage to None, run_after=None
[2025-11-12T08:48:35.114+0530] {processor.py:183} INFO - Processing /home/logi/txtai/venv/lib/python3.10/site-packages/airflow/example_dags/tutorial_objectstorage.py took 0.105 seconds
[2025-11-12T08:49:43.218+0530] {processor.py:161} INFO - Started process (PID=22147) to work on /home/logi/txtai/venv/lib/python3.10/site-packages/airflow/example_dags/tutorial_objectstorage.py
[2025-11-12T08:49:43.231+0530] {processor.py:830} INFO - Processing file /home/logi/txtai/venv/lib/python3.10/site-packages/airflow/example_dags/tutorial_objectstorage.py for tasks to queue
[2025-11-12T08:49:43.234+0530] {logging_mixin.py:188} INFO - [2025-11-12T08:49:43.234+0530] {dagbag.py:545} INFO - Filling up the DagBag from /home/logi/txtai/venv/lib/python3.10/site-packages/airflow/example_dags/tutorial_objectstorage.py
[2025-11-12T08:49:43.251+0530] {processor.py:840} INFO - DAG(s) 'tutorial_objectstorage' retrieved from /home/logi/txtai/venv/lib/python3.10/site-packages/airflow/example_dags/tutorial_objectstorage.py
[2025-11-12T08:49:43.283+0530] {logging_mixin.py:188} INFO - [2025-11-12T08:49:43.283+0530] {dag.py:3089} INFO - Sync 1 DAGs
[2025-11-12T08:49:43.294+0530] {logging_mixin.py:188} INFO - [2025-11-12T08:49:43.294+0530] {dag.py:3947} INFO - Setting next_dagrun for tutorial_objectstorage to None, run_after=None
[2025-11-12T08:49:43.321+0530] {processor.py:183} INFO - Processing /home/logi/txtai/venv/lib/python3.10/site-packages/airflow/example_dags/tutorial_objectstorage.py took 0.110 seconds
[2025-11-12T08:50:45.028+0530] {processor.py:161} INFO - Started process (PID=22334) to work on /home/logi/txtai/venv/lib/python3.10/site-packages/airflow/example_dags/tutorial_objectstorage.py
[2025-11-12T08:50:45.044+0530] {processor.py:830} INFO - Processing file /home/logi/txtai/venv/lib/python3.10/site-packages/airflow/example_dags/tutorial_objectstorage.py for tasks to queue
[2025-11-12T08:50:45.049+0530] {logging_mixin.py:188} INFO - [2025-11-12T08:50:45.047+0530] {dagbag.py:545} INFO - Filling up the DagBag from /home/logi/txtai/venv/lib/python3.10/site-packages/airflow/example_dags/tutorial_objectstorage.py
[2025-11-12T08:50:45.069+0530] {processor.py:840} INFO - DAG(s) 'tutorial_objectstorage' retrieved from /home/logi/txtai/venv/lib/python3.10/site-packages/airflow/example_dags/tutorial_objectstorage.py
[2025-11-12T08:50:45.102+0530] {logging_mixin.py:188} INFO - [2025-11-12T08:50:45.101+0530] {dag.py:3089} INFO - Sync 1 DAGs
[2025-11-12T08:50:45.114+0530] {logging_mixin.py:188} INFO - [2025-11-12T08:50:45.114+0530] {dag.py:3947} INFO - Setting next_dagrun for tutorial_objectstorage to None, run_after=None
[2025-11-12T08:50:45.149+0530] {processor.py:183} INFO - Processing /home/logi/txtai/venv/lib/python3.10/site-packages/airflow/example_dags/tutorial_objectstorage.py took 0.138 seconds
[2025-11-12T08:51:44.040+0530] {processor.py:161} INFO - Started process (PID=22457) to work on /home/logi/txtai/venv/lib/python3.10/site-packages/airflow/example_dags/tutorial_objectstorage.py
[2025-11-12T08:51:44.049+0530] {processor.py:830} INFO - Processing file /home/logi/txtai/venv/lib/python3.10/site-packages/airflow/example_dags/tutorial_objectstorage.py for tasks to queue
[2025-11-12T08:51:44.054+0530] {logging_mixin.py:188} INFO - [2025-11-12T08:51:44.053+0530] {dagbag.py:545} INFO - Filling up the DagBag from /home/logi/txtai/venv/lib/python3.10/site-packages/airflow/example_dags/tutorial_objectstorage.py
[2025-11-12T08:51:44.069+0530] {processor.py:840} INFO - DAG(s) 'tutorial_objectstorage' retrieved from /home/logi/txtai/venv/lib/python3.10/site-packages/airflow/example_dags/tutorial_objectstorage.py
[2025-11-12T08:51:44.095+0530] {logging_mixin.py:188} INFO - [2025-11-12T08:51:44.095+0530] {dag.py:3089} INFO - Sync 1 DAGs
[2025-11-12T08:51:44.106+0530] {logging_mixin.py:188} INFO - [2025-11-12T08:51:44.105+0530] {dag.py:3947} INFO - Setting next_dagrun for tutorial_objectstorage to None, run_after=None
[2025-11-12T08:51:44.126+0530] {processor.py:183} INFO - Processing /home/logi/txtai/venv/lib/python3.10/site-packages/airflow/example_dags/tutorial_objectstorage.py took 0.097 seconds
[2025-11-12T08:52:47.053+0530] {processor.py:161} INFO - Started process (PID=22625) to work on /home/logi/txtai/venv/lib/python3.10/site-packages/airflow/example_dags/tutorial_objectstorage.py
[2025-11-12T08:52:47.066+0530] {processor.py:830} INFO - Processing file /home/logi/txtai/venv/lib/python3.10/site-packages/airflow/example_dags/tutorial_objectstorage.py for tasks to queue
[2025-11-12T08:52:47.069+0530] {logging_mixin.py:188} INFO - [2025-11-12T08:52:47.069+0530] {dagbag.py:545} INFO - Filling up the DagBag from /home/logi/txtai/venv/lib/python3.10/site-packages/airflow/example_dags/tutorial_objectstorage.py
[2025-11-12T08:52:47.082+0530] {processor.py:840} INFO - DAG(s) 'tutorial_objectstorage' retrieved from /home/logi/txtai/venv/lib/python3.10/site-packages/airflow/example_dags/tutorial_objectstorage.py
[2025-11-12T08:52:47.108+0530] {logging_mixin.py:188} INFO - [2025-11-12T08:52:47.107+0530] {dag.py:3089} INFO - Sync 1 DAGs
[2025-11-12T08:52:47.121+0530] {logging_mixin.py:188} INFO - [2025-11-12T08:52:47.121+0530] {dag.py:3947} INFO - Setting next_dagrun for tutorial_objectstorage to None, run_after=None
[2025-11-12T08:52:47.141+0530] {processor.py:183} INFO - Processing /home/logi/txtai/venv/lib/python3.10/site-packages/airflow/example_dags/tutorial_objectstorage.py took 0.102 seconds
[2025-11-12T08:53:49.211+0530] {processor.py:161} INFO - Started process (PID=22760) to work on /home/logi/txtai/venv/lib/python3.10/site-packages/airflow/example_dags/tutorial_objectstorage.py
[2025-11-12T08:53:49.224+0530] {processor.py:830} INFO - Processing file /home/logi/txtai/venv/lib/python3.10/site-packages/airflow/example_dags/tutorial_objectstorage.py for tasks to queue
[2025-11-12T08:53:49.227+0530] {logging_mixin.py:188} INFO - [2025-11-12T08:53:49.227+0530] {dagbag.py:545} INFO - Filling up the DagBag from /home/logi/txtai/venv/lib/python3.10/site-packages/airflow/example_dags/tutorial_objectstorage.py
[2025-11-12T08:53:49.240+0530] {processor.py:840} INFO - DAG(s) 'tutorial_objectstorage' retrieved from /home/logi/txtai/venv/lib/python3.10/site-packages/airflow/example_dags/tutorial_objectstorage.py
[2025-11-12T08:53:49.264+0530] {logging_mixin.py:188} INFO - [2025-11-12T08:53:49.264+0530] {dag.py:3089} INFO - Sync 1 DAGs
[2025-11-12T08:53:49.277+0530] {logging_mixin.py:188} INFO - [2025-11-12T08:53:49.277+0530] {dag.py:3947} INFO - Setting next_dagrun for tutorial_objectstorage to None, run_after=None
[2025-11-12T08:53:49.302+0530] {processor.py:183} INFO - Processing /home/logi/txtai/venv/lib/python3.10/site-packages/airflow/example_dags/tutorial_objectstorage.py took 0.103 seconds
[2025-11-12T08:55:13.937+0530] {processor.py:161} INFO - Started process (PID=23234) to work on /home/logi/txtai/venv/lib/python3.10/site-packages/airflow/example_dags/tutorial_objectstorage.py
[2025-11-12T08:55:13.950+0530] {processor.py:830} INFO - Processing file /home/logi/txtai/venv/lib/python3.10/site-packages/airflow/example_dags/tutorial_objectstorage.py for tasks to queue
[2025-11-12T08:55:13.952+0530] {logging_mixin.py:188} INFO - [2025-11-12T08:55:13.952+0530] {dagbag.py:545} INFO - Filling up the DagBag from /home/logi/txtai/venv/lib/python3.10/site-packages/airflow/example_dags/tutorial_objectstorage.py
[2025-11-12T08:55:13.961+0530] {processor.py:840} INFO - DAG(s) 'tutorial_objectstorage' retrieved from /home/logi/txtai/venv/lib/python3.10/site-packages/airflow/example_dags/tutorial_objectstorage.py
[2025-11-12T08:55:13.985+0530] {logging_mixin.py:188} INFO - [2025-11-12T08:55:13.985+0530] {dag.py:3089} INFO - Sync 1 DAGs
[2025-11-12T08:55:13.998+0530] {logging_mixin.py:188} INFO - [2025-11-12T08:55:13.997+0530] {dag.py:3947} INFO - Setting next_dagrun for tutorial_objectstorage to None, run_after=None
[2025-11-12T08:55:14.018+0530] {processor.py:183} INFO - Processing /home/logi/txtai/venv/lib/python3.10/site-packages/airflow/example_dags/tutorial_objectstorage.py took 0.088 seconds
[2025-11-12T08:56:01.452+0530] {processor.py:161} INFO - Started process (PID=23301) to work on /home/logi/txtai/venv/lib/python3.10/site-packages/airflow/example_dags/tutorial_objectstorage.py
[2025-11-12T08:56:01.466+0530] {processor.py:830} INFO - Processing file /home/logi/txtai/venv/lib/python3.10/site-packages/airflow/example_dags/tutorial_objectstorage.py for tasks to queue
[2025-11-12T08:56:01.469+0530] {logging_mixin.py:188} INFO - [2025-11-12T08:56:01.469+0530] {dagbag.py:545} INFO - Filling up the DagBag from /home/logi/txtai/venv/lib/python3.10/site-packages/airflow/example_dags/tutorial_objectstorage.py
[2025-11-12T08:56:01.484+0530] {processor.py:840} INFO - DAG(s) 'tutorial_objectstorage' retrieved from /home/logi/txtai/venv/lib/python3.10/site-packages/airflow/example_dags/tutorial_objectstorage.py
[2025-11-12T08:56:01.520+0530] {logging_mixin.py:188} INFO - [2025-11-12T08:56:01.519+0530] {dag.py:3089} INFO - Sync 1 DAGs
[2025-11-12T08:56:01.530+0530] {logging_mixin.py:188} INFO - [2025-11-12T08:56:01.530+0530] {dag.py:3947} INFO - Setting next_dagrun for tutorial_objectstorage to None, run_after=None
[2025-11-12T08:56:01.551+0530] {processor.py:183} INFO - Processing /home/logi/txtai/venv/lib/python3.10/site-packages/airflow/example_dags/tutorial_objectstorage.py took 0.113 seconds
[2025-11-12T08:57:01.029+0530] {processor.py:161} INFO - Started process (PID=23427) to work on /home/logi/txtai/venv/lib/python3.10/site-packages/airflow/example_dags/tutorial_objectstorage.py
[2025-11-12T08:57:01.043+0530] {processor.py:830} INFO - Processing file /home/logi/txtai/venv/lib/python3.10/site-packages/airflow/example_dags/tutorial_objectstorage.py for tasks to queue
[2025-11-12T08:57:01.046+0530] {logging_mixin.py:188} INFO - [2025-11-12T08:57:01.045+0530] {dagbag.py:545} INFO - Filling up the DagBag from /home/logi/txtai/venv/lib/python3.10/site-packages/airflow/example_dags/tutorial_objectstorage.py
[2025-11-12T08:57:01.058+0530] {processor.py:840} INFO - DAG(s) 'tutorial_objectstorage' retrieved from /home/logi/txtai/venv/lib/python3.10/site-packages/airflow/example_dags/tutorial_objectstorage.py
[2025-11-12T08:57:01.083+0530] {logging_mixin.py:188} INFO - [2025-11-12T08:57:01.082+0530] {dag.py:3089} INFO - Sync 1 DAGs
[2025-11-12T08:57:01.096+0530] {logging_mixin.py:188} INFO - [2025-11-12T08:57:01.096+0530] {dag.py:3947} INFO - Setting next_dagrun for tutorial_objectstorage to None, run_after=None
[2025-11-12T08:57:01.119+0530] {processor.py:183} INFO - Processing /home/logi/txtai/venv/lib/python3.10/site-packages/airflow/example_dags/tutorial_objectstorage.py took 0.101 seconds
[2025-11-12T08:58:04.083+0530] {processor.py:161} INFO - Started process (PID=23611) to work on /home/logi/txtai/venv/lib/python3.10/site-packages/airflow/example_dags/tutorial_objectstorage.py
[2025-11-12T08:58:04.098+0530] {processor.py:830} INFO - Processing file /home/logi/txtai/venv/lib/python3.10/site-packages/airflow/example_dags/tutorial_objectstorage.py for tasks to queue
[2025-11-12T08:58:04.101+0530] {logging_mixin.py:188} INFO - [2025-11-12T08:58:04.101+0530] {dagbag.py:545} INFO - Filling up the DagBag from /home/logi/txtai/venv/lib/python3.10/site-packages/airflow/example_dags/tutorial_objectstorage.py
[2025-11-12T08:58:04.115+0530] {processor.py:840} INFO - DAG(s) 'tutorial_objectstorage' retrieved from /home/logi/txtai/venv/lib/python3.10/site-packages/airflow/example_dags/tutorial_objectstorage.py
[2025-11-12T08:58:04.141+0530] {logging_mixin.py:188} INFO - [2025-11-12T08:58:04.141+0530] {dag.py:3089} INFO - Sync 1 DAGs
[2025-11-12T08:58:04.155+0530] {logging_mixin.py:188} INFO - [2025-11-12T08:58:04.155+0530] {dag.py:3947} INFO - Setting next_dagrun for tutorial_objectstorage to None, run_after=None
[2025-11-12T08:58:04.176+0530] {processor.py:183} INFO - Processing /home/logi/txtai/venv/lib/python3.10/site-packages/airflow/example_dags/tutorial_objectstorage.py took 0.107 seconds
[2025-11-12T08:59:14.382+0530] {processor.py:161} INFO - Started process (PID=23769) to work on /home/logi/txtai/venv/lib/python3.10/site-packages/airflow/example_dags/tutorial_objectstorage.py
[2025-11-12T08:59:14.384+0530] {processor.py:830} INFO - Processing file /home/logi/txtai/venv/lib/python3.10/site-packages/airflow/example_dags/tutorial_objectstorage.py for tasks to queue
[2025-11-12T08:59:14.387+0530] {logging_mixin.py:188} INFO - [2025-11-12T08:59:14.387+0530] {dagbag.py:545} INFO - Filling up the DagBag from /home/logi/txtai/venv/lib/python3.10/site-packages/airflow/example_dags/tutorial_objectstorage.py
[2025-11-12T08:59:14.400+0530] {processor.py:840} INFO - DAG(s) 'tutorial_objectstorage' retrieved from /home/logi/txtai/venv/lib/python3.10/site-packages/airflow/example_dags/tutorial_objectstorage.py
[2025-11-12T08:59:14.422+0530] {logging_mixin.py:188} INFO - [2025-11-12T08:59:14.422+0530] {dag.py:3089} INFO - Sync 1 DAGs
[2025-11-12T08:59:14.432+0530] {logging_mixin.py:188} INFO - [2025-11-12T08:59:14.432+0530] {dag.py:3947} INFO - Setting next_dagrun for tutorial_objectstorage to None, run_after=None
[2025-11-12T08:59:14.451+0530] {processor.py:183} INFO - Processing /home/logi/txtai/venv/lib/python3.10/site-packages/airflow/example_dags/tutorial_objectstorage.py took 0.083 seconds
[2025-11-12T09:00:28.180+0530] {processor.py:161} INFO - Started process (PID=24196) to work on /home/logi/txtai/venv/lib/python3.10/site-packages/airflow/example_dags/tutorial_objectstorage.py
[2025-11-12T09:00:28.182+0530] {processor.py:830} INFO - Processing file /home/logi/txtai/venv/lib/python3.10/site-packages/airflow/example_dags/tutorial_objectstorage.py for tasks to queue
[2025-11-12T09:00:28.184+0530] {logging_mixin.py:188} INFO - [2025-11-12T09:00:28.184+0530] {dagbag.py:545} INFO - Filling up the DagBag from /home/logi/txtai/venv/lib/python3.10/site-packages/airflow/example_dags/tutorial_objectstorage.py
[2025-11-12T09:00:28.197+0530] {processor.py:840} INFO - DAG(s) 'tutorial_objectstorage' retrieved from /home/logi/txtai/venv/lib/python3.10/site-packages/airflow/example_dags/tutorial_objectstorage.py
[2025-11-12T09:00:28.221+0530] {logging_mixin.py:188} INFO - [2025-11-12T09:00:28.221+0530] {dag.py:3089} INFO - Sync 1 DAGs
[2025-11-12T09:00:28.230+0530] {logging_mixin.py:188} INFO - [2025-11-12T09:00:28.230+0530] {dag.py:3947} INFO - Setting next_dagrun for tutorial_objectstorage to None, run_after=None
[2025-11-12T09:00:28.248+0530] {processor.py:183} INFO - Processing /home/logi/txtai/venv/lib/python3.10/site-packages/airflow/example_dags/tutorial_objectstorage.py took 0.080 seconds
[2025-11-12T09:01:27.665+0530] {processor.py:161} INFO - Started process (PID=24608) to work on /home/logi/txtai/venv/lib/python3.10/site-packages/airflow/example_dags/tutorial_objectstorage.py
[2025-11-12T09:01:27.679+0530] {processor.py:830} INFO - Processing file /home/logi/txtai/venv/lib/python3.10/site-packages/airflow/example_dags/tutorial_objectstorage.py for tasks to queue
[2025-11-12T09:01:27.682+0530] {logging_mixin.py:188} INFO - [2025-11-12T09:01:27.681+0530] {dagbag.py:545} INFO - Filling up the DagBag from /home/logi/txtai/venv/lib/python3.10/site-packages/airflow/example_dags/tutorial_objectstorage.py
[2025-11-12T09:01:27.695+0530] {processor.py:840} INFO - DAG(s) 'tutorial_objectstorage' retrieved from /home/logi/txtai/venv/lib/python3.10/site-packages/airflow/example_dags/tutorial_objectstorage.py
[2025-11-12T09:01:27.726+0530] {logging_mixin.py:188} INFO - [2025-11-12T09:01:27.726+0530] {dag.py:3089} INFO - Sync 1 DAGs
[2025-11-12T09:01:27.738+0530] {logging_mixin.py:188} INFO - [2025-11-12T09:01:27.738+0530] {dag.py:3947} INFO - Setting next_dagrun for tutorial_objectstorage to None, run_after=None
[2025-11-12T09:01:27.769+0530] {processor.py:183} INFO - Processing /home/logi/txtai/venv/lib/python3.10/site-packages/airflow/example_dags/tutorial_objectstorage.py took 0.115 seconds
[2025-11-12T09:02:27.292+0530] {processor.py:161} INFO - Started process (PID=24807) to work on /home/logi/txtai/venv/lib/python3.10/site-packages/airflow/example_dags/tutorial_objectstorage.py
[2025-11-12T09:02:27.305+0530] {processor.py:830} INFO - Processing file /home/logi/txtai/venv/lib/python3.10/site-packages/airflow/example_dags/tutorial_objectstorage.py for tasks to queue
[2025-11-12T09:02:27.308+0530] {logging_mixin.py:188} INFO - [2025-11-12T09:02:27.308+0530] {dagbag.py:545} INFO - Filling up the DagBag from /home/logi/txtai/venv/lib/python3.10/site-packages/airflow/example_dags/tutorial_objectstorage.py
[2025-11-12T09:02:27.321+0530] {processor.py:840} INFO - DAG(s) 'tutorial_objectstorage' retrieved from /home/logi/txtai/venv/lib/python3.10/site-packages/airflow/example_dags/tutorial_objectstorage.py
[2025-11-12T09:02:27.347+0530] {logging_mixin.py:188} INFO - [2025-11-12T09:02:27.346+0530] {dag.py:3089} INFO - Sync 1 DAGs
[2025-11-12T09:02:27.361+0530] {logging_mixin.py:188} INFO - [2025-11-12T09:02:27.360+0530] {dag.py:3947} INFO - Setting next_dagrun for tutorial_objectstorage to None, run_after=None
[2025-11-12T09:02:27.380+0530] {processor.py:183} INFO - Processing /home/logi/txtai/venv/lib/python3.10/site-packages/airflow/example_dags/tutorial_objectstorage.py took 0.099 seconds
[2025-11-12T09:03:24.833+0530] {processor.py:161} INFO - Started process (PID=25186) to work on /home/logi/txtai/venv/lib/python3.10/site-packages/airflow/example_dags/tutorial_objectstorage.py
[2025-11-12T09:03:24.846+0530] {processor.py:830} INFO - Processing file /home/logi/txtai/venv/lib/python3.10/site-packages/airflow/example_dags/tutorial_objectstorage.py for tasks to queue
[2025-11-12T09:03:24.849+0530] {logging_mixin.py:188} INFO - [2025-11-12T09:03:24.849+0530] {dagbag.py:545} INFO - Filling up the DagBag from /home/logi/txtai/venv/lib/python3.10/site-packages/airflow/example_dags/tutorial_objectstorage.py
[2025-11-12T09:03:24.863+0530] {processor.py:840} INFO - DAG(s) 'tutorial_objectstorage' retrieved from /home/logi/txtai/venv/lib/python3.10/site-packages/airflow/example_dags/tutorial_objectstorage.py
[2025-11-12T09:03:24.891+0530] {logging_mixin.py:188} INFO - [2025-11-12T09:03:24.891+0530] {dag.py:3089} INFO - Sync 1 DAGs
[2025-11-12T09:03:24.906+0530] {logging_mixin.py:188} INFO - [2025-11-12T09:03:24.905+0530] {dag.py:3947} INFO - Setting next_dagrun for tutorial_objectstorage to None, run_after=None
[2025-11-12T09:03:24.928+0530] {processor.py:183} INFO - Processing /home/logi/txtai/venv/lib/python3.10/site-packages/airflow/example_dags/tutorial_objectstorage.py took 0.107 seconds
[2025-11-12T09:04:03.771+0530] {processor.py:161} INFO - Started process (PID=25396) to work on /home/logi/txtai/venv/lib/python3.10/site-packages/airflow/example_dags/tutorial_objectstorage.py
[2025-11-12T09:04:03.784+0530] {processor.py:830} INFO - Processing file /home/logi/txtai/venv/lib/python3.10/site-packages/airflow/example_dags/tutorial_objectstorage.py for tasks to queue
[2025-11-12T09:04:03.787+0530] {logging_mixin.py:188} INFO - [2025-11-12T09:04:03.786+0530] {dagbag.py:545} INFO - Filling up the DagBag from /home/logi/txtai/venv/lib/python3.10/site-packages/airflow/example_dags/tutorial_objectstorage.py
[2025-11-12T09:04:03.798+0530] {processor.py:840} INFO - DAG(s) 'tutorial_objectstorage' retrieved from /home/logi/txtai/venv/lib/python3.10/site-packages/airflow/example_dags/tutorial_objectstorage.py
[2025-11-12T09:04:03.822+0530] {logging_mixin.py:188} INFO - [2025-11-12T09:04:03.821+0530] {dag.py:3089} INFO - Sync 1 DAGs
[2025-11-12T09:04:03.837+0530] {logging_mixin.py:188} INFO - [2025-11-12T09:04:03.837+0530] {dag.py:3947} INFO - Setting next_dagrun for tutorial_objectstorage to None, run_after=None
[2025-11-12T09:04:03.861+0530] {processor.py:183} INFO - Processing /home/logi/txtai/venv/lib/python3.10/site-packages/airflow/example_dags/tutorial_objectstorage.py took 0.100 seconds
[2025-11-12T09:05:11.934+0530] {processor.py:161} INFO - Started process (PID=26020) to work on /home/logi/txtai/venv/lib/python3.10/site-packages/airflow/example_dags/tutorial_objectstorage.py
[2025-11-12T09:05:11.948+0530] {processor.py:830} INFO - Processing file /home/logi/txtai/venv/lib/python3.10/site-packages/airflow/example_dags/tutorial_objectstorage.py for tasks to queue
[2025-11-12T09:05:11.951+0530] {logging_mixin.py:188} INFO - [2025-11-12T09:05:11.950+0530] {dagbag.py:545} INFO - Filling up the DagBag from /home/logi/txtai/venv/lib/python3.10/site-packages/airflow/example_dags/tutorial_objectstorage.py
[2025-11-12T09:05:11.963+0530] {processor.py:840} INFO - DAG(s) 'tutorial_objectstorage' retrieved from /home/logi/txtai/venv/lib/python3.10/site-packages/airflow/example_dags/tutorial_objectstorage.py
[2025-11-12T09:05:11.986+0530] {logging_mixin.py:188} INFO - [2025-11-12T09:05:11.986+0530] {dag.py:3089} INFO - Sync 1 DAGs
[2025-11-12T09:05:12.002+0530] {logging_mixin.py:188} INFO - [2025-11-12T09:05:12.002+0530] {dag.py:3947} INFO - Setting next_dagrun for tutorial_objectstorage to None, run_after=None
[2025-11-12T09:05:12.020+0530] {processor.py:183} INFO - Processing /home/logi/txtai/venv/lib/python3.10/site-packages/airflow/example_dags/tutorial_objectstorage.py took 0.096 seconds
[2025-11-12T09:05:52.948+0530] {processor.py:161} INFO - Started process (PID=26514) to work on /home/logi/txtai/venv/lib/python3.10/site-packages/airflow/example_dags/tutorial_objectstorage.py
[2025-11-12T09:05:52.950+0530] {processor.py:830} INFO - Processing file /home/logi/txtai/venv/lib/python3.10/site-packages/airflow/example_dags/tutorial_objectstorage.py for tasks to queue
[2025-11-12T09:05:52.953+0530] {logging_mixin.py:188} INFO - [2025-11-12T09:05:52.952+0530] {dagbag.py:545} INFO - Filling up the DagBag from /home/logi/txtai/venv/lib/python3.10/site-packages/airflow/example_dags/tutorial_objectstorage.py
[2025-11-12T09:05:52.966+0530] {processor.py:840} INFO - DAG(s) 'tutorial_objectstorage' retrieved from /home/logi/txtai/venv/lib/python3.10/site-packages/airflow/example_dags/tutorial_objectstorage.py
[2025-11-12T09:05:52.990+0530] {logging_mixin.py:188} INFO - [2025-11-12T09:05:52.990+0530] {dag.py:3089} INFO - Sync 1 DAGs
[2025-11-12T09:05:52.999+0530] {logging_mixin.py:188} INFO - [2025-11-12T09:05:52.999+0530] {dag.py:3947} INFO - Setting next_dagrun for tutorial_objectstorage to None, run_after=None
[2025-11-12T09:05:53.018+0530] {processor.py:183} INFO - Processing /home/logi/txtai/venv/lib/python3.10/site-packages/airflow/example_dags/tutorial_objectstorage.py took 0.080 seconds
[2025-11-12T09:06:31.587+0530] {processor.py:161} INFO - Started process (PID=26798) to work on /home/logi/txtai/venv/lib/python3.10/site-packages/airflow/example_dags/tutorial_objectstorage.py
[2025-11-12T09:06:31.600+0530] {processor.py:830} INFO - Processing file /home/logi/txtai/venv/lib/python3.10/site-packages/airflow/example_dags/tutorial_objectstorage.py for tasks to queue
[2025-11-12T09:06:31.603+0530] {logging_mixin.py:188} INFO - [2025-11-12T09:06:31.603+0530] {dagbag.py:545} INFO - Filling up the DagBag from /home/logi/txtai/venv/lib/python3.10/site-packages/airflow/example_dags/tutorial_objectstorage.py
[2025-11-12T09:06:31.615+0530] {processor.py:840} INFO - DAG(s) 'tutorial_objectstorage' retrieved from /home/logi/txtai/venv/lib/python3.10/site-packages/airflow/example_dags/tutorial_objectstorage.py
[2025-11-12T09:06:31.640+0530] {logging_mixin.py:188} INFO - [2025-11-12T09:06:31.640+0530] {dag.py:3089} INFO - Sync 1 DAGs
[2025-11-12T09:06:31.655+0530] {logging_mixin.py:188} INFO - [2025-11-12T09:06:31.655+0530] {dag.py:3947} INFO - Setting next_dagrun for tutorial_objectstorage to None, run_after=None
[2025-11-12T09:06:31.671+0530] {processor.py:183} INFO - Processing /home/logi/txtai/venv/lib/python3.10/site-packages/airflow/example_dags/tutorial_objectstorage.py took 0.094 seconds
[2025-11-12T09:07:31.713+0530] {processor.py:161} INFO - Started process (PID=27238) to work on /home/logi/txtai/venv/lib/python3.10/site-packages/airflow/example_dags/tutorial_objectstorage.py
[2025-11-12T09:07:31.715+0530] {processor.py:830} INFO - Processing file /home/logi/txtai/venv/lib/python3.10/site-packages/airflow/example_dags/tutorial_objectstorage.py for tasks to queue
[2025-11-12T09:07:31.718+0530] {logging_mixin.py:188} INFO - [2025-11-12T09:07:31.718+0530] {dagbag.py:545} INFO - Filling up the DagBag from /home/logi/txtai/venv/lib/python3.10/site-packages/airflow/example_dags/tutorial_objectstorage.py
[2025-11-12T09:07:31.730+0530] {processor.py:840} INFO - DAG(s) 'tutorial_objectstorage' retrieved from /home/logi/txtai/venv/lib/python3.10/site-packages/airflow/example_dags/tutorial_objectstorage.py
[2025-11-12T09:07:31.752+0530] {logging_mixin.py:188} INFO - [2025-11-12T09:07:31.752+0530] {dag.py:3089} INFO - Sync 1 DAGs
[2025-11-12T09:07:31.760+0530] {logging_mixin.py:188} INFO - [2025-11-12T09:07:31.760+0530] {dag.py:3947} INFO - Setting next_dagrun for tutorial_objectstorage to None, run_after=None
[2025-11-12T09:07:31.779+0530] {processor.py:183} INFO - Processing /home/logi/txtai/venv/lib/python3.10/site-packages/airflow/example_dags/tutorial_objectstorage.py took 0.075 seconds
[2025-11-12T09:08:31.420+0530] {processor.py:161} INFO - Started process (PID=27541) to work on /home/logi/txtai/venv/lib/python3.10/site-packages/airflow/example_dags/tutorial_objectstorage.py
[2025-11-12T09:08:31.433+0530] {processor.py:830} INFO - Processing file /home/logi/txtai/venv/lib/python3.10/site-packages/airflow/example_dags/tutorial_objectstorage.py for tasks to queue
[2025-11-12T09:08:31.436+0530] {logging_mixin.py:188} INFO - [2025-11-12T09:08:31.436+0530] {dagbag.py:545} INFO - Filling up the DagBag from /home/logi/txtai/venv/lib/python3.10/site-packages/airflow/example_dags/tutorial_objectstorage.py
[2025-11-12T09:08:31.448+0530] {processor.py:840} INFO - DAG(s) 'tutorial_objectstorage' retrieved from /home/logi/txtai/venv/lib/python3.10/site-packages/airflow/example_dags/tutorial_objectstorage.py
[2025-11-12T09:08:31.471+0530] {logging_mixin.py:188} INFO - [2025-11-12T09:08:31.471+0530] {dag.py:3089} INFO - Sync 1 DAGs
[2025-11-12T09:08:31.486+0530] {logging_mixin.py:188} INFO - [2025-11-12T09:08:31.485+0530] {dag.py:3947} INFO - Setting next_dagrun for tutorial_objectstorage to None, run_after=None
[2025-11-12T09:08:31.502+0530] {processor.py:183} INFO - Processing /home/logi/txtai/venv/lib/python3.10/site-packages/airflow/example_dags/tutorial_objectstorage.py took 0.092 seconds
[2025-11-12T09:09:34.505+0530] {processor.py:161} INFO - Started process (PID=27633) to work on /home/logi/txtai/venv/lib/python3.10/site-packages/airflow/example_dags/tutorial_objectstorage.py
[2025-11-12T09:09:34.507+0530] {processor.py:830} INFO - Processing file /home/logi/txtai/venv/lib/python3.10/site-packages/airflow/example_dags/tutorial_objectstorage.py for tasks to queue
[2025-11-12T09:09:34.509+0530] {logging_mixin.py:188} INFO - [2025-11-12T09:09:34.509+0530] {dagbag.py:545} INFO - Filling up the DagBag from /home/logi/txtai/venv/lib/python3.10/site-packages/airflow/example_dags/tutorial_objectstorage.py
[2025-11-12T09:09:34.523+0530] {processor.py:840} INFO - DAG(s) 'tutorial_objectstorage' retrieved from /home/logi/txtai/venv/lib/python3.10/site-packages/airflow/example_dags/tutorial_objectstorage.py
[2025-11-12T09:09:34.543+0530] {logging_mixin.py:188} INFO - [2025-11-12T09:09:34.543+0530] {dag.py:3089} INFO - Sync 1 DAGs
[2025-11-12T09:09:34.553+0530] {logging_mixin.py:188} INFO - [2025-11-12T09:09:34.553+0530] {dag.py:3947} INFO - Setting next_dagrun for tutorial_objectstorage to None, run_after=None
[2025-11-12T09:09:34.573+0530] {processor.py:183} INFO - Processing /home/logi/txtai/venv/lib/python3.10/site-packages/airflow/example_dags/tutorial_objectstorage.py took 0.080 seconds
[2025-11-12T09:10:42.144+0530] {processor.py:161} INFO - Started process (PID=27904) to work on /home/logi/txtai/venv/lib/python3.10/site-packages/airflow/example_dags/tutorial_objectstorage.py
[2025-11-12T09:10:42.158+0530] {processor.py:830} INFO - Processing file /home/logi/txtai/venv/lib/python3.10/site-packages/airflow/example_dags/tutorial_objectstorage.py for tasks to queue
[2025-11-12T09:10:42.162+0530] {logging_mixin.py:188} INFO - [2025-11-12T09:10:42.161+0530] {dagbag.py:545} INFO - Filling up the DagBag from /home/logi/txtai/venv/lib/python3.10/site-packages/airflow/example_dags/tutorial_objectstorage.py
[2025-11-12T09:10:42.179+0530] {processor.py:840} INFO - DAG(s) 'tutorial_objectstorage' retrieved from /home/logi/txtai/venv/lib/python3.10/site-packages/airflow/example_dags/tutorial_objectstorage.py
[2025-11-12T09:10:42.210+0530] {logging_mixin.py:188} INFO - [2025-11-12T09:10:42.209+0530] {dag.py:3089} INFO - Sync 1 DAGs
[2025-11-12T09:10:42.226+0530] {logging_mixin.py:188} INFO - [2025-11-12T09:10:42.225+0530] {dag.py:3947} INFO - Setting next_dagrun for tutorial_objectstorage to None, run_after=None
[2025-11-12T09:10:42.259+0530] {processor.py:183} INFO - Processing /home/logi/txtai/venv/lib/python3.10/site-packages/airflow/example_dags/tutorial_objectstorage.py took 0.128 seconds
[2025-11-12T09:11:42.710+0530] {processor.py:161} INFO - Started process (PID=28008) to work on /home/logi/txtai/venv/lib/python3.10/site-packages/airflow/example_dags/tutorial_objectstorage.py
[2025-11-12T09:11:42.724+0530] {processor.py:830} INFO - Processing file /home/logi/txtai/venv/lib/python3.10/site-packages/airflow/example_dags/tutorial_objectstorage.py for tasks to queue
[2025-11-12T09:11:42.728+0530] {logging_mixin.py:188} INFO - [2025-11-12T09:11:42.727+0530] {dagbag.py:545} INFO - Filling up the DagBag from /home/logi/txtai/venv/lib/python3.10/site-packages/airflow/example_dags/tutorial_objectstorage.py
[2025-11-12T09:11:42.741+0530] {processor.py:840} INFO - DAG(s) 'tutorial_objectstorage' retrieved from /home/logi/txtai/venv/lib/python3.10/site-packages/airflow/example_dags/tutorial_objectstorage.py
[2025-11-12T09:11:42.768+0530] {logging_mixin.py:188} INFO - [2025-11-12T09:11:42.767+0530] {dag.py:3089} INFO - Sync 1 DAGs
[2025-11-12T09:11:42.782+0530] {logging_mixin.py:188} INFO - [2025-11-12T09:11:42.782+0530] {dag.py:3947} INFO - Setting next_dagrun for tutorial_objectstorage to None, run_after=None
[2025-11-12T09:11:42.803+0530] {processor.py:183} INFO - Processing /home/logi/txtai/venv/lib/python3.10/site-packages/airflow/example_dags/tutorial_objectstorage.py took 0.105 seconds
[2025-11-12T09:12:47.772+0530] {processor.py:161} INFO - Started process (PID=28171) to work on /home/logi/txtai/venv/lib/python3.10/site-packages/airflow/example_dags/tutorial_objectstorage.py
[2025-11-12T09:12:47.786+0530] {processor.py:830} INFO - Processing file /home/logi/txtai/venv/lib/python3.10/site-packages/airflow/example_dags/tutorial_objectstorage.py for tasks to queue
[2025-11-12T09:12:47.789+0530] {logging_mixin.py:188} INFO - [2025-11-12T09:12:47.788+0530] {dagbag.py:545} INFO - Filling up the DagBag from /home/logi/txtai/venv/lib/python3.10/site-packages/airflow/example_dags/tutorial_objectstorage.py
[2025-11-12T09:12:47.801+0530] {processor.py:840} INFO - DAG(s) 'tutorial_objectstorage' retrieved from /home/logi/txtai/venv/lib/python3.10/site-packages/airflow/example_dags/tutorial_objectstorage.py
[2025-11-12T09:12:47.826+0530] {logging_mixin.py:188} INFO - [2025-11-12T09:12:47.826+0530] {dag.py:3089} INFO - Sync 1 DAGs
[2025-11-12T09:12:47.840+0530] {logging_mixin.py:188} INFO - [2025-11-12T09:12:47.840+0530] {dag.py:3947} INFO - Setting next_dagrun for tutorial_objectstorage to None, run_after=None
[2025-11-12T09:12:47.860+0530] {processor.py:183} INFO - Processing /home/logi/txtai/venv/lib/python3.10/site-packages/airflow/example_dags/tutorial_objectstorage.py took 0.099 seconds
[2025-11-12T09:13:48.969+0530] {processor.py:161} INFO - Started process (PID=28391) to work on /home/logi/txtai/venv/lib/python3.10/site-packages/airflow/example_dags/tutorial_objectstorage.py
[2025-11-12T09:13:48.983+0530] {processor.py:830} INFO - Processing file /home/logi/txtai/venv/lib/python3.10/site-packages/airflow/example_dags/tutorial_objectstorage.py for tasks to queue
[2025-11-12T09:13:48.987+0530] {logging_mixin.py:188} INFO - [2025-11-12T09:13:48.986+0530] {dagbag.py:545} INFO - Filling up the DagBag from /home/logi/txtai/venv/lib/python3.10/site-packages/airflow/example_dags/tutorial_objectstorage.py
[2025-11-12T09:13:49.000+0530] {processor.py:840} INFO - DAG(s) 'tutorial_objectstorage' retrieved from /home/logi/txtai/venv/lib/python3.10/site-packages/airflow/example_dags/tutorial_objectstorage.py
[2025-11-12T09:13:49.027+0530] {logging_mixin.py:188} INFO - [2025-11-12T09:13:49.027+0530] {dag.py:3089} INFO - Sync 1 DAGs
[2025-11-12T09:13:49.040+0530] {logging_mixin.py:188} INFO - [2025-11-12T09:13:49.040+0530] {dag.py:3947} INFO - Setting next_dagrun for tutorial_objectstorage to None, run_after=None
[2025-11-12T09:13:49.066+0530] {processor.py:183} INFO - Processing /home/logi/txtai/venv/lib/python3.10/site-packages/airflow/example_dags/tutorial_objectstorage.py took 0.108 seconds
[2025-11-12T09:14:48.429+0530] {processor.py:161} INFO - Started process (PID=28489) to work on /home/logi/txtai/venv/lib/python3.10/site-packages/airflow/example_dags/tutorial_objectstorage.py
[2025-11-12T09:14:48.442+0530] {processor.py:830} INFO - Processing file /home/logi/txtai/venv/lib/python3.10/site-packages/airflow/example_dags/tutorial_objectstorage.py for tasks to queue
[2025-11-12T09:14:48.446+0530] {logging_mixin.py:188} INFO - [2025-11-12T09:14:48.445+0530] {dagbag.py:545} INFO - Filling up the DagBag from /home/logi/txtai/venv/lib/python3.10/site-packages/airflow/example_dags/tutorial_objectstorage.py
[2025-11-12T09:14:48.461+0530] {processor.py:840} INFO - DAG(s) 'tutorial_objectstorage' retrieved from /home/logi/txtai/venv/lib/python3.10/site-packages/airflow/example_dags/tutorial_objectstorage.py
[2025-11-12T09:14:48.490+0530] {logging_mixin.py:188} INFO - [2025-11-12T09:14:48.489+0530] {dag.py:3089} INFO - Sync 1 DAGs
[2025-11-12T09:14:48.506+0530] {logging_mixin.py:188} INFO - [2025-11-12T09:14:48.505+0530] {dag.py:3947} INFO - Setting next_dagrun for tutorial_objectstorage to None, run_after=None
[2025-11-12T09:14:48.534+0530] {processor.py:183} INFO - Processing /home/logi/txtai/venv/lib/python3.10/site-packages/airflow/example_dags/tutorial_objectstorage.py took 0.120 seconds
[2025-11-12T09:16:12.179+0530] {processor.py:161} INFO - Started process (PID=29082) to work on /home/logi/txtai/venv/lib/python3.10/site-packages/airflow/example_dags/tutorial_objectstorage.py
[2025-11-12T09:16:12.193+0530] {processor.py:830} INFO - Processing file /home/logi/txtai/venv/lib/python3.10/site-packages/airflow/example_dags/tutorial_objectstorage.py for tasks to queue
[2025-11-12T09:16:12.196+0530] {logging_mixin.py:188} INFO - [2025-11-12T09:16:12.195+0530] {dagbag.py:545} INFO - Filling up the DagBag from /home/logi/txtai/venv/lib/python3.10/site-packages/airflow/example_dags/tutorial_objectstorage.py
[2025-11-12T09:16:12.208+0530] {processor.py:840} INFO - DAG(s) 'tutorial_objectstorage' retrieved from /home/logi/txtai/venv/lib/python3.10/site-packages/airflow/example_dags/tutorial_objectstorage.py
[2025-11-12T09:16:12.232+0530] {logging_mixin.py:188} INFO - [2025-11-12T09:16:12.232+0530] {dag.py:3089} INFO - Sync 1 DAGs
[2025-11-12T09:16:12.250+0530] {logging_mixin.py:188} INFO - [2025-11-12T09:16:12.250+0530] {dag.py:3947} INFO - Setting next_dagrun for tutorial_objectstorage to None, run_after=None
[2025-11-12T09:16:12.268+0530] {processor.py:183} INFO - Processing /home/logi/txtai/venv/lib/python3.10/site-packages/airflow/example_dags/tutorial_objectstorage.py took 0.099 seconds
[2025-11-12T09:16:56.753+0530] {processor.py:161} INFO - Started process (PID=29404) to work on /home/logi/txtai/venv/lib/python3.10/site-packages/airflow/example_dags/tutorial_objectstorage.py
[2025-11-12T09:16:56.767+0530] {processor.py:830} INFO - Processing file /home/logi/txtai/venv/lib/python3.10/site-packages/airflow/example_dags/tutorial_objectstorage.py for tasks to queue
[2025-11-12T09:16:56.770+0530] {logging_mixin.py:188} INFO - [2025-11-12T09:16:56.769+0530] {dagbag.py:545} INFO - Filling up the DagBag from /home/logi/txtai/venv/lib/python3.10/site-packages/airflow/example_dags/tutorial_objectstorage.py
[2025-11-12T09:16:56.780+0530] {processor.py:840} INFO - DAG(s) 'tutorial_objectstorage' retrieved from /home/logi/txtai/venv/lib/python3.10/site-packages/airflow/example_dags/tutorial_objectstorage.py
[2025-11-12T09:16:56.797+0530] {logging_mixin.py:188} INFO - [2025-11-12T09:16:56.797+0530] {dag.py:3089} INFO - Sync 1 DAGs
[2025-11-12T09:16:56.810+0530] {logging_mixin.py:188} INFO - [2025-11-12T09:16:56.809+0530] {dag.py:3947} INFO - Setting next_dagrun for tutorial_objectstorage to None, run_after=None
[2025-11-12T09:16:56.835+0530] {processor.py:183} INFO - Processing /home/logi/txtai/venv/lib/python3.10/site-packages/airflow/example_dags/tutorial_objectstorage.py took 0.090 seconds
[2025-11-12T09:17:56.945+0530] {processor.py:161} INFO - Started process (PID=29800) to work on /home/logi/txtai/venv/lib/python3.10/site-packages/airflow/example_dags/tutorial_objectstorage.py
[2025-11-12T09:17:56.958+0530] {processor.py:830} INFO - Processing file /home/logi/txtai/venv/lib/python3.10/site-packages/airflow/example_dags/tutorial_objectstorage.py for tasks to queue
[2025-11-12T09:17:56.962+0530] {logging_mixin.py:188} INFO - [2025-11-12T09:17:56.961+0530] {dagbag.py:545} INFO - Filling up the DagBag from /home/logi/txtai/venv/lib/python3.10/site-packages/airflow/example_dags/tutorial_objectstorage.py
[2025-11-12T09:17:56.975+0530] {processor.py:840} INFO - DAG(s) 'tutorial_objectstorage' retrieved from /home/logi/txtai/venv/lib/python3.10/site-packages/airflow/example_dags/tutorial_objectstorage.py
[2025-11-12T09:17:57.001+0530] {logging_mixin.py:188} INFO - [2025-11-12T09:17:57.001+0530] {dag.py:3089} INFO - Sync 1 DAGs
[2025-11-12T09:17:57.014+0530] {logging_mixin.py:188} INFO - [2025-11-12T09:17:57.014+0530] {dag.py:3947} INFO - Setting next_dagrun for tutorial_objectstorage to None, run_after=None
[2025-11-12T09:17:57.035+0530] {processor.py:183} INFO - Processing /home/logi/txtai/venv/lib/python3.10/site-packages/airflow/example_dags/tutorial_objectstorage.py took 0.102 seconds
