[2025-11-12T23:54:09.331+0530] {local_task_job_runner.py:120} INFO - ::group::Pre task execution logs
[2025-11-12T23:54:09.343+0530] {taskinstance.py:2076} INFO - Dependencies all met for dep_context=non-requeueable deps ti=<TaskInstance: structured_data_pipeline.extract_users scheduled__2025-11-12T18:23:00+00:00 [queued]>
[2025-11-12T23:54:09.347+0530] {taskinstance.py:2076} INFO - Dependencies all met for dep_context=requeueable deps ti=<TaskInstance: structured_data_pipeline.extract_users scheduled__2025-11-12T18:23:00+00:00 [queued]>
[2025-11-12T23:54:09.347+0530] {taskinstance.py:2306} INFO - Starting attempt 1 of 1
[2025-11-12T23:54:09.357+0530] {taskinstance.py:2330} INFO - Executing <Task(PythonOperator): extract_users> on 2025-11-12 18:23:00+00:00
[2025-11-12T23:54:09.364+0530] {standard_task_runner.py:64} INFO - Started process 45017 to run task
[2025-11-12T23:54:09.371+0530] {standard_task_runner.py:90} INFO - Running: ['airflow', 'tasks', 'run', 'structured_data_pipeline', 'extract_users', 'scheduled__2025-11-12T18:23:00+00:00', '--job-id', '336', '--raw', '--subdir', 'DAGS_FOLDER/dag.py', '--cfg-path', '/tmp/tmp5y0f2tdh']
[2025-11-12T23:54:09.372+0530] {standard_task_runner.py:91} INFO - Job 336: Subtask extract_users
[2025-11-12T23:54:09.424+0530] {task_command.py:426} INFO - Running <TaskInstance: structured_data_pipeline.extract_users scheduled__2025-11-12T18:23:00+00:00 [running]> on host logi-Inspiron-15-3525
[2025-11-12T23:54:09.490+0530] {taskinstance.py:2648} INFO - Exporting env vars: AIRFLOW_CTX_DAG_OWNER='data_engineering' AIRFLOW_CTX_DAG_ID='structured_data_pipeline' AIRFLOW_CTX_TASK_ID='extract_users' AIRFLOW_CTX_EXECUTION_DATE='2025-11-12T18:23:00+00:00' AIRFLOW_CTX_TRY_NUMBER='1' AIRFLOW_CTX_DAG_RUN_ID='scheduled__2025-11-12T18:23:00+00:00'
[2025-11-12T23:54:09.491+0530] {taskinstance.py:430} INFO - ::endgroup::
[2025-11-12T23:54:09.492+0530] {tasks.py:126} INFO - Extracting data from table: users
[2025-11-12T23:54:09.495+0530] {tasks.py:136} INFO - Using postgres connector: postgres_source, found: False
[2025-11-12T23:54:09.495+0530] {tasks.py:37} INFO - Creating postgresql connector
[2025-11-12T23:54:09.496+0530] {factory.py:68} INFO - Created postgres connector
[2025-11-12T23:54:09.522+0530] {postgres.py:61} INFO - New connection established
[2025-11-12T23:54:09.532+0530] {postgres.py:100} INFO - PostgreSQL connection established successfully
[2025-11-12T23:54:09.533+0530] {postgres.py:188} INFO - PostgreSQL connection test successful: PostgreSQL 14.19 (Ubuntu 14.19-0ubuntu0.22.04.1) on x86_64-pc-linux-gnu, compiled by gcc (Ubuntu 11.4.0-1ubuntu1~22.04.2) 11.4.0, 64-bit
[2025-11-12T23:54:09.534+0530] {tasks.py:61} INFO - postgresql connector created and registered: postgres_source
[2025-11-12T23:54:09.535+0530] {postgres.py:61} INFO - New connection established
[2025-11-12T23:54:09.547+0530] {factory.py:64} INFO - Created postgres extractor
[2025-11-12T23:54:09.548+0530] {state_manager.py:38} INFO - Loaded state from /tmp/etl_state.json
[2025-11-12T23:54:09.548+0530] {postgres_extractor.py:213} INFO - Performing CDC extraction from users using column id
[2025-11-12T23:54:09.559+0530] {logging_mixin.py:188} WARNING - /home/logi/txtai/etl_pipeline/extractor/postgres_extractor.py:257 UserWarning: pandas only supports SQLAlchemy connectable (engine/connection) or database string URI or sqlite3 DBAPI2 connection. Other DBAPI2 objects are not tested. Please consider using SQLAlchemy.
[2025-11-12T23:54:09.574+0530] {postgres_extractor.py:260} INFO - Extracted 3 rows from users (CDC from None)
[2025-11-12T23:54:09.577+0530] {tasks.py:200} INFO - Extracted 3 rows from users
[2025-11-12T23:54:09.577+0530] {python.py:237} INFO - Done. Returned value was: {'table_name': 'users', 'row_count': 3, 'data': [{'id': 1, 'username': 'alice', 'email': 'alice@example.com', 'created_at': '2025-11-11T23:32:22.320908', 'updated_at': '2025-11-11T23:32:22.320908'}, {'id': 2, 'username': 'bob', 'email': 'bob@example.com', 'created_at': '2025-11-11T23:32:22.320908', 'updated_at': '2025-11-11T23:32:22.320908'}, {'id': 3, 'username': 'charlie', 'email': 'charlie@example.com', 'created_at': '2025-11-11T23:32:22.320908', 'updated_at': '2025-11-11T23:32:22.320908'}], 'columns': ['id', 'username', 'email', 'created_at', 'updated_at']}
[2025-11-12T23:54:09.578+0530] {taskinstance.py:441} INFO - ::group::Post task execution logs
[2025-11-12T23:54:09.579+0530] {postgres.py:61} INFO - New connection established
[2025-11-12T23:54:09.589+0530] {postgres.py:61} INFO - New connection established
[2025-11-12T23:54:09.595+0530] {taskinstance.py:1206} INFO - Marking task as SUCCESS. dag_id=structured_data_pipeline, task_id=extract_users, run_id=scheduled__2025-11-12T18:23:00+00:00, execution_date=20251112T182300, start_date=20251112T182409, end_date=20251112T182409
[2025-11-12T23:54:09.661+0530] {local_task_job_runner.py:243} INFO - Task exited with return code 0
[2025-11-12T23:54:09.698+0530] {taskinstance.py:3503} INFO - 1 downstream tasks scheduled from follow-on schedule check
[2025-11-12T23:54:09.703+0530] {local_task_job_runner.py:222} INFO - ::endgroup::
