[2025-11-12T20:42:45.061+0530] {local_task_job_runner.py:120} INFO - ::group::Pre task execution logs
[2025-11-12T20:42:45.074+0530] {taskinstance.py:2076} INFO - Dependencies all met for dep_context=non-requeueable deps ti=<TaskInstance: structured_data_pipeline.extract_users manual__2025-11-12T15:02:36.645215+00:00 [queued]>
[2025-11-12T20:42:45.079+0530] {taskinstance.py:2076} INFO - Dependencies all met for dep_context=requeueable deps ti=<TaskInstance: structured_data_pipeline.extract_users manual__2025-11-12T15:02:36.645215+00:00 [queued]>
[2025-11-12T20:42:45.079+0530] {taskinstance.py:2306} INFO - Starting attempt 1 of 3
[2025-11-12T20:42:45.091+0530] {taskinstance.py:2330} INFO - Executing <Task(PythonOperator): extract_users> on 2025-11-12 15:02:36.645215+00:00
[2025-11-12T20:42:45.097+0530] {standard_task_runner.py:64} INFO - Started process 11552 to run task
[2025-11-12T20:42:45.104+0530] {standard_task_runner.py:90} INFO - Running: ['airflow', 'tasks', 'run', 'structured_data_pipeline', 'extract_users', 'manual__2025-11-12T15:02:36.645215+00:00', '--job-id', '201', '--raw', '--subdir', 'DAGS_FOLDER/dag.py', '--cfg-path', '/tmp/tmpb1q_7hjh']
[2025-11-12T20:42:45.105+0530] {standard_task_runner.py:91} INFO - Job 201: Subtask extract_users
[2025-11-12T20:42:45.160+0530] {task_command.py:426} INFO - Running <TaskInstance: structured_data_pipeline.extract_users manual__2025-11-12T15:02:36.645215+00:00 [running]> on host logi-Inspiron-15-3525
[2025-11-12T20:42:45.238+0530] {taskinstance.py:2648} INFO - Exporting env vars: AIRFLOW_CTX_DAG_OWNER='data_engineering' AIRFLOW_CTX_DAG_ID='structured_data_pipeline' AIRFLOW_CTX_TASK_ID='extract_users' AIRFLOW_CTX_EXECUTION_DATE='2025-11-12T15:02:36.645215+00:00' AIRFLOW_CTX_TRY_NUMBER='1' AIRFLOW_CTX_DAG_RUN_ID='manual__2025-11-12T15:02:36.645215+00:00'
[2025-11-12T20:42:45.239+0530] {taskinstance.py:430} INFO - ::endgroup::
[2025-11-12T20:42:45.240+0530] {tasks.py:126} INFO - Extracting data from table: users
[2025-11-12T20:42:45.247+0530] {tasks.py:136} INFO - Using postgres connector: postgres_source, found: False
[2025-11-12T20:42:45.247+0530] {tasks.py:37} INFO - Creating postgresql connector
[2025-11-12T20:42:45.248+0530] {factory.py:68} INFO - Created postgres connector
[2025-11-12T20:42:45.278+0530] {postgres.py:61} INFO - New connection established
[2025-11-12T20:42:45.286+0530] {postgres.py:100} INFO - PostgreSQL connection established successfully
[2025-11-12T20:42:45.287+0530] {postgres.py:188} INFO - PostgreSQL connection test successful: PostgreSQL 14.19 (Ubuntu 14.19-0ubuntu0.22.04.1) on x86_64-pc-linux-gnu, compiled by gcc (Ubuntu 11.4.0-1ubuntu1~22.04.2) 11.4.0, 64-bit
[2025-11-12T20:42:45.288+0530] {tasks.py:61} INFO - postgresql connector created and registered: postgres_source
[2025-11-12T20:42:45.289+0530] {postgres.py:61} INFO - New connection established
[2025-11-12T20:42:45.301+0530] {factory.py:64} INFO - Created postgres extractor
[2025-11-12T20:42:45.302+0530] {state_manager.py:38} INFO - Loaded state from /tmp/etl_state.json
[2025-11-12T20:42:45.302+0530] {postgres_extractor.py:213} INFO - Performing CDC extraction from users using column id
[2025-11-12T20:42:45.312+0530] {logging_mixin.py:188} WARNING - /home/logi/txtai/etl_pipeline/extractor/postgres_extractor.py:257 UserWarning: pandas only supports SQLAlchemy connectable (engine/connection) or database string URI or sqlite3 DBAPI2 connection. Other DBAPI2 objects are not tested. Please consider using SQLAlchemy.
[2025-11-12T20:42:45.326+0530] {postgres_extractor.py:260} INFO - Extracted 3 rows from users (CDC from None)
[2025-11-12T20:42:45.329+0530] {tasks.py:200} INFO - Extracted 3 rows from users
[2025-11-12T20:42:45.330+0530] {python.py:237} INFO - Done. Returned value was: {'table_name': 'users', 'row_count': 3, 'data': [{'id': 1, 'username': 'alice', 'email': 'alice@example.com', 'created_at': '2025-11-11T23:32:22.320908', 'updated_at': '2025-11-11T23:32:22.320908'}, {'id': 2, 'username': 'bob', 'email': 'bob@example.com', 'created_at': '2025-11-11T23:32:22.320908', 'updated_at': '2025-11-11T23:32:22.320908'}, {'id': 3, 'username': 'charlie', 'email': 'charlie@example.com', 'created_at': '2025-11-11T23:32:22.320908', 'updated_at': '2025-11-11T23:32:22.320908'}], 'columns': ['id', 'username', 'email', 'created_at', 'updated_at']}
[2025-11-12T20:42:45.330+0530] {taskinstance.py:441} INFO - ::group::Post task execution logs
[2025-11-12T20:42:45.331+0530] {postgres.py:61} INFO - New connection established
[2025-11-12T20:42:45.342+0530] {postgres.py:61} INFO - New connection established
[2025-11-12T20:42:45.348+0530] {taskinstance.py:1206} INFO - Marking task as SUCCESS. dag_id=structured_data_pipeline, task_id=extract_users, run_id=manual__2025-11-12T15:02:36.645215+00:00, execution_date=20251112T150236, start_date=20251112T151245, end_date=20251112T151245
[2025-11-12T20:42:45.393+0530] {local_task_job_runner.py:243} INFO - Task exited with return code 0
[2025-11-12T20:42:45.423+0530] {taskinstance.py:3503} INFO - 1 downstream tasks scheduled from follow-on schedule check
[2025-11-12T20:42:45.427+0530] {local_task_job_runner.py:222} INFO - ::endgroup::
